Training started at Mon Jan 12 17:34:14 2026
Method: dino_unet
Dataset: Dilation_train_multitask_cine_clip
Epochs: 50
LR: 0.0001
Batch Size: 12
Image Size: 224 x 224
DINO pretrained: True
Use Dilation: True
Training set - Benign/Malignant: Benign=15444 (88.70%), Malignant=1968 (11.30%)
Auto-adjusted tau=1.00 (imbalance_ratio=7.85)
GLA parameters: p_benign=0.8870, p_malignant=0.1130, tau=1.00
Logit adjustment magnitude: 2.0602
Training set - TI-RADS distribution (1-5): [52, 892, 4931, 7230, 4307]
TI-RADS probabilities: [0.0029864460229873657, 0.05122903734445572, 0.28319549560546875, 0.4152308702468872, 0.24735814332962036]
Loss weights: seg=1.0, bm=1.0, tirads=1.0
GA-MTL schedule per optimizer step: ['seg', 'bm', 'tirads']
steps_per_epoch (optimizer steps): 483
Epoch:1: seg_loss(avg):0.6617, bm_loss(avg):0.4784, tirads_loss(avg):1.0154
Epoch:2: seg_loss(avg):0.5382, bm_loss(avg):0.1544, tirads_loss(avg):0.5006
Epoch:3: seg_loss(avg):0.4860, bm_loss(avg):0.0587, tirads_loss(avg):0.2183
Epoch:4: seg_loss(avg):0.4628, bm_loss(avg):0.0253, tirads_loss(avg):0.1133
Epoch:5: seg_loss(avg):0.4259, bm_loss(avg):0.0131, tirads_loss(avg):0.0770
Saved checkpoint at epoch 5

Validating epoch 5 on all test datasets...
Testing on Cine-clip...
  Cine-clip - Dice: 0.8343, HD95: 8.0099
  Cine-clip - BM: Acc=0.9999, Prec=1.0000, Rec=0.9995, F1=0.9997, AUROC=1.0000, AUPRC=1.0000
  Cine-clip - TI-RADS: Acc=0.9781, Prec=0.9675, Rec=0.9861, F1=0.9763, AUC=0.9998
Epoch:6: seg_loss(avg):0.4150, bm_loss(avg):0.0271, tirads_loss(avg):0.0791
Epoch:7: seg_loss(avg):0.3917, bm_loss(avg):0.0103, tirads_loss(avg):0.0378
Epoch:8: seg_loss(avg):0.3572, bm_loss(avg):0.0029, tirads_loss(avg):0.0130
Epoch:9: seg_loss(avg):0.3845, bm_loss(avg):0.0151, tirads_loss(avg):0.0841
Epoch:10: seg_loss(avg):0.3537, bm_loss(avg):0.0030, tirads_loss(avg):0.0319
Saved checkpoint at epoch 10

Validating epoch 10 on all test datasets...
Testing on Cine-clip...
  Cine-clip - Dice: 0.8686, HD95: 5.4775
  Cine-clip - BM: Acc=1.0000, Prec=1.0000, Rec=1.0000, F1=1.0000, AUROC=1.0000, AUPRC=1.0000
  Cine-clip - TI-RADS: Acc=0.9908, Prec=0.9925, Rec=0.9953, F1=0.9938, AUC=1.0000
Epoch:11: seg_loss(avg):0.3260, bm_loss(avg):0.0015, tirads_loss(avg):0.0220
Epoch:12: seg_loss(avg):0.3050, bm_loss(avg):0.0012, tirads_loss(avg):0.0045
Epoch:13: seg_loss(avg):0.3452, bm_loss(avg):0.0167, tirads_loss(avg):0.0601
Epoch:14: seg_loss(avg):0.3185, bm_loss(avg):0.0050, tirads_loss(avg):0.0205
Epoch:15: seg_loss(avg):0.2811, bm_loss(avg):0.0009, tirads_loss(avg):0.0021
Saved checkpoint at epoch 15

Validating epoch 15 on all test datasets...
Testing on Cine-clip...
  Cine-clip - Dice: 0.8999, HD95: 3.2222
  Cine-clip - BM: Acc=1.0000, Prec=1.0000, Rec=1.0000, F1=1.0000, AUROC=1.0000, AUPRC=1.0000
  Cine-clip - TI-RADS: Acc=0.9998, Prec=0.9998, Rec=0.9999, F1=0.9999, AUC=1.0000
Epoch:16: seg_loss(avg):0.2694, bm_loss(avg):0.0007, tirads_loss(avg):0.0072
Epoch:17: seg_loss(avg):0.3005, bm_loss(avg):0.0135, tirads_loss(avg):0.0396
Epoch:18: seg_loss(avg):0.2935, bm_loss(avg):0.0131, tirads_loss(avg):0.0231
Epoch:19: seg_loss(avg):0.2676, bm_loss(avg):0.0052, tirads_loss(avg):0.0089
Epoch:20: seg_loss(avg):0.2451, bm_loss(avg):0.0006, tirads_loss(avg):0.0036
Saved checkpoint at epoch 20

Validating epoch 20 on all test datasets...
Testing on Cine-clip...
  Cine-clip - Dice: 0.9187, HD95: 2.2083
  Cine-clip - BM: Acc=1.0000, Prec=1.0000, Rec=1.0000, F1=1.0000, AUROC=1.0000, AUPRC=1.0000
  Cine-clip - TI-RADS: Acc=0.9997, Prec=0.9998, Rec=0.9998, F1=0.9998, AUC=1.0000
Epoch:21: seg_loss(avg):0.2360, bm_loss(avg):0.0005, tirads_loss(avg):0.0034
Epoch:22: seg_loss(avg):0.2280, bm_loss(avg):0.0004, tirads_loss(avg):0.0047
Epoch:23: seg_loss(avg):0.2213, bm_loss(avg):0.0004, tirads_loss(avg):0.0019
Epoch:24: seg_loss(avg):0.2136, bm_loss(avg):0.0003, tirads_loss(avg):0.0014
Epoch:25: seg_loss(avg):0.2101, bm_loss(avg):0.0003, tirads_loss(avg):0.0020
Saved checkpoint at epoch 25

Validating epoch 25 on all test datasets...
Testing on Cine-clip...
  Cine-clip - Dice: 0.9288, HD95: 1.7774
  Cine-clip - BM: Acc=1.0000, Prec=1.0000, Rec=1.0000, F1=1.0000, AUROC=1.0000, AUPRC=1.0000
  Cine-clip - TI-RADS: Acc=0.9998, Prec=0.9998, Rec=0.9999, F1=0.9999, AUC=1.0000
Epoch:26: seg_loss(avg):0.2005, bm_loss(avg):0.0002, tirads_loss(avg):0.0013
Epoch:27: seg_loss(avg):0.1966, bm_loss(avg):0.0002, tirads_loss(avg):0.0015
Epoch:28: seg_loss(avg):0.1924, bm_loss(avg):0.0002, tirads_loss(avg):0.0011
Epoch:29: seg_loss(avg):0.1852, bm_loss(avg):0.0001, tirads_loss(avg):0.0011
Epoch:30: seg_loss(avg):0.1782, bm_loss(avg):0.0001, tirads_loss(avg):0.0029
Saved checkpoint at epoch 30

Validating epoch 30 on all test datasets...
Testing on Cine-clip...
  Cine-clip - Dice: 0.9356, HD95: 1.5036
  Cine-clip - BM: Acc=1.0000, Prec=1.0000, Rec=1.0000, F1=1.0000, AUROC=1.0000, AUPRC=1.0000
  Cine-clip - TI-RADS: Acc=0.9998, Prec=0.9998, Rec=0.9999, F1=0.9999, AUC=1.0000
Epoch:31: seg_loss(avg):0.1712, bm_loss(avg):0.0001, tirads_loss(avg):0.0018
Epoch:32: seg_loss(avg):0.1659, bm_loss(avg):0.0001, tirads_loss(avg):0.0014
Epoch:33: seg_loss(avg):0.1602, bm_loss(avg):0.0001, tirads_loss(avg):0.0010
Epoch:34: seg_loss(avg):0.1535, bm_loss(avg):0.0001, tirads_loss(avg):0.0007
Epoch:35: seg_loss(avg):0.1493, bm_loss(avg):0.0001, tirads_loss(avg):0.0013
Saved checkpoint at epoch 35

Validating epoch 35 on all test datasets...
Testing on Cine-clip...
  Cine-clip - Dice: 0.9515, HD95: 0.8506
  Cine-clip - BM: Acc=1.0000, Prec=1.0000, Rec=1.0000, F1=1.0000, AUROC=1.0000, AUPRC=1.0000
  Cine-clip - TI-RADS: Acc=0.9998, Prec=0.9998, Rec=0.9999, F1=0.9999, AUC=1.0000
Epoch:36: seg_loss(avg):0.1451, bm_loss(avg):0.0001, tirads_loss(avg):0.0017
Epoch:37: seg_loss(avg):0.1415, bm_loss(avg):0.0000, tirads_loss(avg):0.0009
Epoch:38: seg_loss(avg):0.1354, bm_loss(avg):0.0000, tirads_loss(avg):0.0002
Epoch:39: seg_loss(avg):0.1316, bm_loss(avg):0.0000, tirads_loss(avg):0.0009
Epoch:40: seg_loss(avg):0.1291, bm_loss(avg):0.0000, tirads_loss(avg):0.0006
Saved checkpoint at epoch 40

Validating epoch 40 on all test datasets...
Testing on Cine-clip...
  Cine-clip - Dice: 0.9586, HD95: 0.6160
  Cine-clip - BM: Acc=1.0000, Prec=1.0000, Rec=1.0000, F1=1.0000, AUROC=1.0000, AUPRC=1.0000
  Cine-clip - TI-RADS: Acc=0.9998, Prec=0.9998, Rec=0.9999, F1=0.9999, AUC=1.0000
Epoch:41: seg_loss(avg):0.1246, bm_loss(avg):0.0000, tirads_loss(avg):0.0017
Epoch:42: seg_loss(avg):0.1232, bm_loss(avg):0.0000, tirads_loss(avg):0.0011
Epoch:43: seg_loss(avg):0.1197, bm_loss(avg):0.0000, tirads_loss(avg):0.0002
Epoch:44: seg_loss(avg):0.1176, bm_loss(avg):0.0000, tirads_loss(avg):0.0015
Epoch:45: seg_loss(avg):0.1156, bm_loss(avg):0.0000, tirads_loss(avg):0.0009
Saved checkpoint at epoch 45

Validating epoch 45 on all test datasets...
Testing on Cine-clip...
  Cine-clip - Dice: 0.9628, HD95: 0.4689
  Cine-clip - BM: Acc=1.0000, Prec=1.0000, Rec=1.0000, F1=1.0000, AUROC=1.0000, AUPRC=1.0000
  Cine-clip - TI-RADS: Acc=0.9998, Prec=0.9998, Rec=0.9999, F1=0.9999, AUC=1.0000
Epoch:46: seg_loss(avg):0.1157, bm_loss(avg):0.0000, tirads_loss(avg):0.0010
Epoch:47: seg_loss(avg):0.1150, bm_loss(avg):0.0000, tirads_loss(avg):0.0012
Epoch:48: seg_loss(avg):0.1134, bm_loss(avg):0.0000, tirads_loss(avg):0.0009
Epoch:49: seg_loss(avg):0.1128, bm_loss(avg):0.0000, tirads_loss(avg):0.0007
Epoch:50: seg_loss(avg):0.1132, bm_loss(avg):0.0000, tirads_loss(avg):0.0011
Saved checkpoint at epoch 50

Validating epoch 50 on all test datasets...
Testing on Cine-clip...
  Cine-clip - Dice: 0.9635, HD95: 0.4519
  Cine-clip - BM: Acc=1.0000, Prec=1.0000, Rec=1.0000, F1=1.0000, AUROC=1.0000, AUPRC=1.0000
  Cine-clip - TI-RADS: Acc=0.9998, Prec=0.9998, Rec=0.9999, F1=0.9999, AUC=1.0000

========== Evaluation Summary (All Test Records) ==========

Dataset: Cine-clip
Eval epochs: [5, 10, 15, 20, 25, 30, 35, 40, 45, 50]
Dice per eval: [0.8342999815940857, 0.8686000108718872, 0.8999000191688538, 0.9186999797821045, 0.9287999868392944, 0.9355999827384949, 0.9514999985694885, 0.9585999846458435, 0.9628000259399414, 0.9635000228881836]
HD95 per eval: [8.009900093078613, 5.477499961853027, 3.2221999168395996, 2.2083001136779785, 1.777400016784668, 1.503600001335144, 0.850600004196167, 0.6159999966621399, 0.46889999508857727, 0.45190000534057617]
Best Dice: 0.9635 at epoch 50
Best HD95: 0.4519 at epoch 50

BM metrics per eval:
  Acc:  [0.9999, 1.0, 1.0, 1.0, 1.0, 1.0, 1.0, 1.0, 1.0, 1.0]
  Prec: [1.0, 1.0, 1.0, 1.0, 1.0, 1.0, 1.0, 1.0, 1.0, 1.0]
  Rec:  [0.9995, 1.0, 1.0, 1.0, 1.0, 1.0, 1.0, 1.0, 1.0, 1.0]
  F1:   [0.9997, 1.0, 1.0, 1.0, 1.0, 1.0, 1.0, 1.0, 1.0, 1.0]
  AUROC:[1.0, 1.0, 1.0, 1.0, 1.0, 1.0, 1.0, 1.0, 1.0, 1.0]
  AUPRC:[1.0, 1.0, 1.0, 1.0, 1.0, 1.0, 1.0, 1.0, 1.0, 1.0]
Best BM F1: 1.0000 at epoch 10

TI-RADS metrics per eval:
  Acc:  [0.9781, 0.9908, 0.9998, 0.9997, 0.9998, 0.9998, 0.9998, 0.9998, 0.9998, 0.9998]
  Prec: [0.9675, 0.9925, 0.9998, 0.9998, 0.9998, 0.9998, 0.9998, 0.9998, 0.9998, 0.9998]
  Rec:  [0.9861, 0.9953, 0.9999, 0.9998, 0.9999, 0.9999, 0.9999, 0.9999, 0.9999, 0.9999]
  F1:   [0.9763, 0.9938, 0.9999, 0.9998, 0.9999, 0.9999, 0.9999, 0.9999, 0.9999, 0.9999]
  AUC:  [0.9998, 1.0, 1.0, 1.0, 1.0, 1.0, 1.0, 1.0, 1.0, 1.0]
Best TI-RADS F1: 0.9999 at epoch 15

==========================================================

========== Training Completed ==========
Training completed at Mon Jan 12 22:19:24 2026
