Training started at Wed Dec 17 22:40:25 2025
Method: dino_unet
Dataset: train_multitask_dataset1
Epochs: 50
Learning Rate: 0.0001
Batch Size: 12
Train Image Path: /mnt/wangbd8/workspace/DataSets/ThyroidAgent/Superimposed_multitask/dataset_1/images/
Train Mask Path: /mnt/wangbd8/workspace/DataSets/ThyroidAgent/Superimposed_multitask/dataset_1/masks/
Number of test datasets: 5
Test Dataset 1: TN3K
  Image path: /mnt/wangbd8/workspace/DataSets/ThyroidAgent/TN3K/test-image/
  Mask path: /mnt/wangbd8/workspace/DataSets/ThyroidAgent/TN3K/test-mask/
Test Dataset 2: DDTI
  Image path: /mnt/wangbd8/workspace/DataSets/ThyroidAgent/DDTI/2_preprocessed_data/stage1/p_image/
  Mask path: /mnt/wangbd8/workspace/DataSets/ThyroidAgent/DDTI/2_preprocessed_data/stage1/p_mask/
Test Dataset 3: ThyroidXL
  Image path: /mnt/wangbd8/workspace/DataSets/ThyroidAgent/ThyroidXL/test/images/
  Mask path: /mnt/wangbd8/workspace/DataSets/ThyroidAgent/ThyroidXL/test/masks/
Test Dataset 4: PKTN
  Image path: /mnt/wangbd8/workspace/DataSets/ThyroidAgent/PKTN_processed/images/
  Mask path: /mnt/wangbd8/workspace/DataSets/ThyroidAgent/PKTN_processed/masks/
Test Dataset 5: TN5K
  Image path: /mnt/wangbd8/workspace/DataSets/ThyroidAgent/TN5K_processed/test/images/
  Mask path: /mnt/wangbd8/workspace/DataSets/ThyroidAgent/TN5K_processed/test/masks/
Training set - Benign/Malignant: Benign=2331 (49.25%), Malignant=2402 (50.75%)
Auto-adjusted tau=0.30 (imbalance_ratio=1.03)
GLA parameters: p_benign=0.4925, p_malignant=0.5075, tau=0.30
Logit adjustment magnitude: 0.0090
Training set - TI-RADS distribution: [0, 0, 0, 0, 0]
TI-RADS probabilities: [0.20000000298023224, 0.20000000298023224, 0.20000000298023224, 0.20000000298023224, 0.20000000298023224]
Seg Weight: 1.0
Benign Malignant Weight: 0.5
TIRADS Weight: 1.0
Epoch:1: seg_loss(avg):0.7236, bm_loss(avg):0.5944, ti_loss(avg):0.0000
Epoch:2: seg_loss(avg):0.5622, bm_loss(avg):0.4295, ti_loss(avg):0.0000
Epoch:3: seg_loss(avg):0.5236, bm_loss(avg):0.3730, ti_loss(avg):0.0000
Epoch:4: seg_loss(avg):0.4939, bm_loss(avg):0.3333, ti_loss(avg):0.0000
Epoch:5: seg_loss(avg):0.4704, bm_loss(avg):0.2968, ti_loss(avg):0.0000
Saved checkpoint at epoch 5

Validating epoch 5 on all test datasets...
Testing on TN3K...
  TN3K - Dice: 0.8740, HD95: 13.3552
  TN3K - Benign/Malignant: Acc=0.7345, Prec=0.6409, Rec=0.7034, F1=0.6707, AUROC=0.8145, AUPRC=0.7542
  TN3K - TI-RADS: Acc=0.0000, Prec=0.0000, Rec=0.0000, F1=0.0000, AUC=0.0000
Testing on DDTI...
  DDTI - Dice: 0.7390, HD95: 26.0481
  DDTI - Benign/Malignant: Acc=0.0000, Prec=0.0000, Rec=0.0000, F1=0.0000, AUROC=0.0000, AUPRC=0.0000
  DDTI - TI-RADS: Acc=0.0000, Prec=0.0000, Rec=0.0000, F1=0.0000, AUC=0.0000
Testing on ThyroidXL...
  ThyroidXL - Dice: 0.8417, HD95: 9.7521
  ThyroidXL - Benign/Malignant: Acc=0.7813, Prec=0.6987, Rec=0.9299, F1=0.7979, AUROC=0.8920, AUPRC=0.8610
  ThyroidXL - TI-RADS: Acc=0.0000, Prec=0.0000, Rec=0.0000, F1=0.0000, AUC=0.0000
Testing on PKTN...
  PKTN - Dice: 0.8050, HD95: 15.3859
  PKTN - Benign/Malignant: Acc=0.0000, Prec=0.0000, Rec=0.0000, F1=0.0000, AUROC=0.0000, AUPRC=0.0000
  PKTN - TI-RADS: Acc=0.0000, Prec=0.0000, Rec=0.0000, F1=0.0000, AUC=0.0000
Testing on TN5K...
  TN5K - Dice: 0.7749, HD95: 15.6426
  TN5K - Benign/Malignant: Acc=0.8160, Prec=0.9150, Rec=0.8249, F1=0.8676, AUROC=0.8632, AUPRC=0.9385
  TN5K - TI-RADS: Acc=0.0000, Prec=0.0000, Rec=0.0000, F1=0.0000, AUC=0.0000
Epoch:6: seg_loss(avg):0.4581, bm_loss(avg):0.2711, ti_loss(avg):0.0000
Epoch:7: seg_loss(avg):0.4488, bm_loss(avg):0.2420, ti_loss(avg):0.0000
Epoch:8: seg_loss(avg):0.4374, bm_loss(avg):0.2231, ti_loss(avg):0.0000
Epoch:9: seg_loss(avg):0.4230, bm_loss(avg):0.1884, ti_loss(avg):0.0000
Epoch:10: seg_loss(avg):0.4073, bm_loss(avg):0.1666, ti_loss(avg):0.0000
Saved checkpoint at epoch 10

Validating epoch 10 on all test datasets...
Testing on TN3K...
  TN3K - Dice: 0.8676, HD95: 12.9071
  TN3K - Benign/Malignant: Acc=0.6808, Prec=0.5649, Rec=0.7373, F1=0.6397, AUROC=0.7744, AUPRC=0.7140
  TN3K - TI-RADS: Acc=0.0000, Prec=0.0000, Rec=0.0000, F1=0.0000, AUC=0.0000
Testing on DDTI...
  DDTI - Dice: 0.7839, HD95: 21.7033
  DDTI - Benign/Malignant: Acc=0.0000, Prec=0.0000, Rec=0.0000, F1=0.0000, AUROC=0.0000, AUPRC=0.0000
  DDTI - TI-RADS: Acc=0.0000, Prec=0.0000, Rec=0.0000, F1=0.0000, AUC=0.0000
Testing on ThyroidXL...
  ThyroidXL - Dice: 0.8440, HD95: 9.6783
  ThyroidXL - Benign/Malignant: Acc=0.7818, Prec=0.7056, Rec=0.9093, F1=0.7946, AUROC=0.8886, AUPRC=0.8645
  ThyroidXL - TI-RADS: Acc=0.0000, Prec=0.0000, Rec=0.0000, F1=0.0000, AUC=0.0000
Testing on PKTN...
  PKTN - Dice: 0.8004, HD95: 13.9933
  PKTN - Benign/Malignant: Acc=0.0000, Prec=0.0000, Rec=0.0000, F1=0.0000, AUROC=0.0000, AUPRC=0.0000
  PKTN - TI-RADS: Acc=0.0000, Prec=0.0000, Rec=0.0000, F1=0.0000, AUC=0.0000
Testing on TN5K...
  TN5K - Dice: 0.7544, HD95: 16.4105
  TN5K - Benign/Malignant: Acc=0.7550, Prec=0.8660, Rec=0.7866, F1=0.8244, AUROC=0.7960, AUPRC=0.9152
  TN5K - TI-RADS: Acc=0.0000, Prec=0.0000, Rec=0.0000, F1=0.0000, AUC=0.0000
Epoch:11: seg_loss(avg):0.3918, bm_loss(avg):0.1442, ti_loss(avg):0.0000
Epoch:12: seg_loss(avg):0.3886, bm_loss(avg):0.1344, ti_loss(avg):0.0000
Epoch:13: seg_loss(avg):0.3774, bm_loss(avg):0.0979, ti_loss(avg):0.0000
Epoch:14: seg_loss(avg):0.3648, bm_loss(avg):0.0935, ti_loss(avg):0.0000
Epoch:15: seg_loss(avg):0.3555, bm_loss(avg):0.0774, ti_loss(avg):0.0000
Saved checkpoint at epoch 15

Validating epoch 15 on all test datasets...
Testing on TN3K...
  TN3K - Dice: 0.8729, HD95: 12.6875
  TN3K - Benign/Malignant: Acc=0.7182, Prec=0.6599, Rec=0.5508, F1=0.6005, AUROC=0.7264, AUPRC=0.6607
  TN3K - TI-RADS: Acc=0.0000, Prec=0.0000, Rec=0.0000, F1=0.0000, AUC=0.0000
Testing on DDTI...
  DDTI - Dice: 0.7748, HD95: 22.8709
  DDTI - Benign/Malignant: Acc=0.0000, Prec=0.0000, Rec=0.0000, F1=0.0000, AUROC=0.0000, AUPRC=0.0000
  DDTI - TI-RADS: Acc=0.0000, Prec=0.0000, Rec=0.0000, F1=0.0000, AUC=0.0000
Testing on ThyroidXL...
  ThyroidXL - Dice: 0.8487, HD95: 9.1591
  ThyroidXL - Benign/Malignant: Acc=0.8062, Prec=0.8178, Rec=0.7495, F1=0.7821, AUROC=0.8783, AUPRC=0.8664
  ThyroidXL - TI-RADS: Acc=0.0000, Prec=0.0000, Rec=0.0000, F1=0.0000, AUC=0.0000
Testing on PKTN...
  PKTN - Dice: 0.8078, HD95: 14.0512
  PKTN - Benign/Malignant: Acc=0.0000, Prec=0.0000, Rec=0.0000, F1=0.0000, AUROC=0.0000, AUPRC=0.0000
  PKTN - TI-RADS: Acc=0.0000, Prec=0.0000, Rec=0.0000, F1=0.0000, AUC=0.0000
Testing on TN5K...
  TN5K - Dice: 0.7704, HD95: 15.0414
  TN5K - Benign/Malignant: Acc=0.6490, Prec=0.9043, Rec=0.5814, F1=0.7077, AUROC=0.7678, AUPRC=0.9014
  TN5K - TI-RADS: Acc=0.0000, Prec=0.0000, Rec=0.0000, F1=0.0000, AUC=0.0000
Epoch:16: seg_loss(avg):0.3515, bm_loss(avg):0.0816, ti_loss(avg):0.0000
Epoch:17: seg_loss(avg):0.3410, bm_loss(avg):0.0603, ti_loss(avg):0.0000
Epoch:18: seg_loss(avg):0.3339, bm_loss(avg):0.0624, ti_loss(avg):0.0000
Epoch:19: seg_loss(avg):0.3249, bm_loss(avg):0.0498, ti_loss(avg):0.0000
Epoch:20: seg_loss(avg):0.3155, bm_loss(avg):0.0479, ti_loss(avg):0.0000
Saved checkpoint at epoch 20

Validating epoch 20 on all test datasets...
Testing on TN3K...
  TN3K - Dice: 0.8880, HD95: 11.1133
  TN3K - Benign/Malignant: Acc=0.6906, Prec=0.5810, Rec=0.6992, F1=0.6346, AUROC=0.7611, AUPRC=0.7001
  TN3K - TI-RADS: Acc=0.0000, Prec=0.0000, Rec=0.0000, F1=0.0000, AUC=0.0000
Testing on DDTI...
  DDTI - Dice: 0.7837, HD95: 19.5504
  DDTI - Benign/Malignant: Acc=0.0000, Prec=0.0000, Rec=0.0000, F1=0.0000, AUROC=0.0000, AUPRC=0.0000
  DDTI - TI-RADS: Acc=0.0000, Prec=0.0000, Rec=0.0000, F1=0.0000, AUC=0.0000
Testing on ThyroidXL...
  ThyroidXL - Dice: 0.8473, HD95: 9.0851
  ThyroidXL - Benign/Malignant: Acc=0.7995, Prec=0.7521, Rec=0.8474, F1=0.7969, AUROC=0.8762, AUPRC=0.8574
  ThyroidXL - TI-RADS: Acc=0.0000, Prec=0.0000, Rec=0.0000, F1=0.0000, AUC=0.0000
Testing on PKTN...
  PKTN - Dice: 0.8190, HD95: 12.3945
  PKTN - Benign/Malignant: Acc=0.0000, Prec=0.0000, Rec=0.0000, F1=0.0000, AUROC=0.0000, AUPRC=0.0000
  PKTN - TI-RADS: Acc=0.0000, Prec=0.0000, Rec=0.0000, F1=0.0000, AUC=0.0000
Testing on TN5K...
  TN5K - Dice: 0.7933, HD95: 13.3793
  TN5K - Benign/Malignant: Acc=0.7320, Prec=0.8692, Rec=0.7456, F1=0.8027, AUROC=0.8049, AUPRC=0.9160
  TN5K - TI-RADS: Acc=0.0000, Prec=0.0000, Rec=0.0000, F1=0.0000, AUC=0.0000
Epoch:21: seg_loss(avg):0.3078, bm_loss(avg):0.0362, ti_loss(avg):0.0000
Epoch:22: seg_loss(avg):0.3040, bm_loss(avg):0.0409, ti_loss(avg):0.0000
Epoch:23: seg_loss(avg):0.2941, bm_loss(avg):0.0297, ti_loss(avg):0.0000
Epoch:24: seg_loss(avg):0.2865, bm_loss(avg):0.0344, ti_loss(avg):0.0000
Epoch:25: seg_loss(avg):0.2733, bm_loss(avg):0.0207, ti_loss(avg):0.0000
Saved checkpoint at epoch 25

Validating epoch 25 on all test datasets...
Testing on TN3K...
  TN3K - Dice: 0.8807, HD95: 11.7999
  TN3K - Benign/Malignant: Acc=0.7052, Prec=0.5896, Rec=0.7669, F1=0.6667, AUROC=0.7881, AUPRC=0.7243
  TN3K - TI-RADS: Acc=0.0000, Prec=0.0000, Rec=0.0000, F1=0.0000, AUC=0.0000
Testing on DDTI...
  DDTI - Dice: 0.7884, HD95: 18.9733
  DDTI - Benign/Malignant: Acc=0.0000, Prec=0.0000, Rec=0.0000, F1=0.0000, AUROC=0.0000, AUPRC=0.0000
  DDTI - TI-RADS: Acc=0.0000, Prec=0.0000, Rec=0.0000, F1=0.0000, AUC=0.0000
Testing on ThyroidXL...
  ThyroidXL - Dice: 0.8484, HD95: 9.1522
  ThyroidXL - Benign/Malignant: Acc=0.7809, Prec=0.7009, Rec=0.9206, F1=0.7959, AUROC=0.8843, AUPRC=0.8489
  ThyroidXL - TI-RADS: Acc=0.0000, Prec=0.0000, Rec=0.0000, F1=0.0000, AUC=0.0000
Testing on PKTN...
  PKTN - Dice: 0.8193, HD95: 12.5065
  PKTN - Benign/Malignant: Acc=0.0000, Prec=0.0000, Rec=0.0000, F1=0.0000, AUROC=0.0000, AUPRC=0.0000
  PKTN - TI-RADS: Acc=0.0000, Prec=0.0000, Rec=0.0000, F1=0.0000, AUC=0.0000
Testing on TN5K...
  TN5K - Dice: 0.7956, HD95: 12.8934
  TN5K - Benign/Malignant: Acc=0.7470, Prec=0.8434, Rec=0.8030, F1=0.8227, AUROC=0.8019, AUPRC=0.9136
  TN5K - TI-RADS: Acc=0.0000, Prec=0.0000, Rec=0.0000, F1=0.0000, AUC=0.0000
Epoch:26: seg_loss(avg):0.2676, bm_loss(avg):0.0132, ti_loss(avg):0.0000
Epoch:27: seg_loss(avg):0.2636, bm_loss(avg):0.0205, ti_loss(avg):0.0000
Epoch:28: seg_loss(avg):0.2538, bm_loss(avg):0.0122, ti_loss(avg):0.0000
Epoch:29: seg_loss(avg):0.2456, bm_loss(avg):0.0107, ti_loss(avg):0.0000
Epoch:30: seg_loss(avg):0.2391, bm_loss(avg):0.0075, ti_loss(avg):0.0000
Saved checkpoint at epoch 30

Validating epoch 30 on all test datasets...
Testing on TN3K...
  TN3K - Dice: 0.8840, HD95: 10.9032
  TN3K - Benign/Malignant: Acc=0.7199, Prec=0.6231, Rec=0.6864, F1=0.6532, AUROC=0.7769, AUPRC=0.7120
  TN3K - TI-RADS: Acc=0.0000, Prec=0.0000, Rec=0.0000, F1=0.0000, AUC=0.0000
Testing on DDTI...
  DDTI - Dice: 0.8083, HD95: 17.7752
  DDTI - Benign/Malignant: Acc=0.0000, Prec=0.0000, Rec=0.0000, F1=0.0000, AUROC=0.0000, AUPRC=0.0000
  DDTI - TI-RADS: Acc=0.0000, Prec=0.0000, Rec=0.0000, F1=0.0000, AUC=0.0000
Testing on ThyroidXL...
  ThyroidXL - Dice: 0.8513, HD95: 9.2918
  ThyroidXL - Benign/Malignant: Acc=0.8000, Prec=0.7388, Rec=0.8804, F1=0.8034, AUROC=0.8927, AUPRC=0.8640
  ThyroidXL - TI-RADS: Acc=0.0000, Prec=0.0000, Rec=0.0000, F1=0.0000, AUC=0.0000
Testing on PKTN...
  PKTN - Dice: 0.8128, HD95: 13.0753
  PKTN - Benign/Malignant: Acc=0.0000, Prec=0.0000, Rec=0.0000, F1=0.0000, AUROC=0.0000, AUPRC=0.0000
  PKTN - TI-RADS: Acc=0.0000, Prec=0.0000, Rec=0.0000, F1=0.0000, AUC=0.0000
Testing on TN5K...
  TN5K - Dice: 0.7944, HD95: 13.7667
  TN5K - Benign/Malignant: Acc=0.7110, Prec=0.9077, Rec=0.6731, F1=0.7730, AUROC=0.7948, AUPRC=0.9177
  TN5K - TI-RADS: Acc=0.0000, Prec=0.0000, Rec=0.0000, F1=0.0000, AUC=0.0000
Epoch:31: seg_loss(avg):0.2322, bm_loss(avg):0.0068, ti_loss(avg):0.0000
Epoch:32: seg_loss(avg):0.2250, bm_loss(avg):0.0059, ti_loss(avg):0.0000
Epoch:33: seg_loss(avg):0.2180, bm_loss(avg):0.0070, ti_loss(avg):0.0000
Epoch:34: seg_loss(avg):0.2124, bm_loss(avg):0.0056, ti_loss(avg):0.0000
Epoch:35: seg_loss(avg):0.2071, bm_loss(avg):0.0031, ti_loss(avg):0.0000
Saved checkpoint at epoch 35

Validating epoch 35 on all test datasets...
Testing on TN3K...
  TN3K - Dice: 0.8845, HD95: 11.1311
  TN3K - Benign/Malignant: Acc=0.7020, Prec=0.5904, Rec=0.7331, F1=0.6541, AUROC=0.7775, AUPRC=0.7035
  TN3K - TI-RADS: Acc=0.0000, Prec=0.0000, Rec=0.0000, F1=0.0000, AUC=0.0000
Testing on DDTI...
  DDTI - Dice: 0.7926, HD95: 19.3770
  DDTI - Benign/Malignant: Acc=0.0000, Prec=0.0000, Rec=0.0000, F1=0.0000, AUROC=0.0000, AUPRC=0.0000
  DDTI - TI-RADS: Acc=0.0000, Prec=0.0000, Rec=0.0000, F1=0.0000, AUC=0.0000
Testing on ThyroidXL...
  ThyroidXL - Dice: 0.8451, HD95: 9.8065
  ThyroidXL - Benign/Malignant: Acc=0.7971, Prec=0.7252, Rec=0.9062, F1=0.8057, AUROC=0.8822, AUPRC=0.8154
  ThyroidXL - TI-RADS: Acc=0.0000, Prec=0.0000, Rec=0.0000, F1=0.0000, AUC=0.0000
Testing on PKTN...
  PKTN - Dice: 0.8200, HD95: 12.6118
  PKTN - Benign/Malignant: Acc=0.0000, Prec=0.0000, Rec=0.0000, F1=0.0000, AUROC=0.0000, AUPRC=0.0000
  PKTN - TI-RADS: Acc=0.0000, Prec=0.0000, Rec=0.0000, F1=0.0000, AUC=0.0000
Testing on TN5K...
  TN5K - Dice: 0.7970, HD95: 14.0602
  TN5K - Benign/Malignant: Acc=0.7340, Prec=0.8856, Rec=0.7305, F1=0.8006, AUROC=0.8134, AUPRC=0.9225
  TN5K - TI-RADS: Acc=0.0000, Prec=0.0000, Rec=0.0000, F1=0.0000, AUC=0.0000
Epoch:36: seg_loss(avg):0.2024, bm_loss(avg):0.0026, ti_loss(avg):0.0000
Epoch:37: seg_loss(avg):0.1955, bm_loss(avg):0.0027, ti_loss(avg):0.0000
Epoch:38: seg_loss(avg):0.1902, bm_loss(avg):0.0024, ti_loss(avg):0.0000
Epoch:39: seg_loss(avg):0.1860, bm_loss(avg):0.0037, ti_loss(avg):0.0000
Epoch:40: seg_loss(avg):0.1818, bm_loss(avg):0.0051, ti_loss(avg):0.0000
Saved checkpoint at epoch 40

Validating epoch 40 on all test datasets...
Testing on TN3K...
  TN3K - Dice: 0.8864, HD95: 10.8992
  TN3K - Benign/Malignant: Acc=0.7248, Prec=0.6450, Rec=0.6314, F1=0.6381, AUROC=0.7681, AUPRC=0.7182
  TN3K - TI-RADS: Acc=0.0000, Prec=0.0000, Rec=0.0000, F1=0.0000, AUC=0.0000
Testing on DDTI...
  DDTI - Dice: 0.8036, HD95: 18.0806
  DDTI - Benign/Malignant: Acc=0.0000, Prec=0.0000, Rec=0.0000, F1=0.0000, AUROC=0.0000, AUPRC=0.0000
  DDTI - TI-RADS: Acc=0.0000, Prec=0.0000, Rec=0.0000, F1=0.0000, AUC=0.0000
Testing on ThyroidXL...
  ThyroidXL - Dice: 0.8459, HD95: 9.5644
  ThyroidXL - Benign/Malignant: Acc=0.8110, Prec=0.7778, Rec=0.8299, F1=0.8030, AUROC=0.8858, AUPRC=0.8458
  ThyroidXL - TI-RADS: Acc=0.0000, Prec=0.0000, Rec=0.0000, F1=0.0000, AUC=0.0000
Testing on PKTN...
  PKTN - Dice: 0.8179, HD95: 12.8502
  PKTN - Benign/Malignant: Acc=0.0000, Prec=0.0000, Rec=0.0000, F1=0.0000, AUROC=0.0000, AUPRC=0.0000
  PKTN - TI-RADS: Acc=0.0000, Prec=0.0000, Rec=0.0000, F1=0.0000, AUC=0.0000
Testing on TN5K...
  TN5K - Dice: 0.8017, HD95: 13.1686
  TN5K - Benign/Malignant: Acc=0.6760, Prec=0.9339, Rec=0.5992, F1=0.7300, AUROC=0.7897, AUPRC=0.9154
  TN5K - TI-RADS: Acc=0.0000, Prec=0.0000, Rec=0.0000, F1=0.0000, AUC=0.0000
Epoch:41: seg_loss(avg):0.1779, bm_loss(avg):0.0058, ti_loss(avg):0.0000
Epoch:42: seg_loss(avg):0.1736, bm_loss(avg):0.0036, ti_loss(avg):0.0000
Epoch:43: seg_loss(avg):0.1715, bm_loss(avg):0.0025, ti_loss(avg):0.0000
Epoch:44: seg_loss(avg):0.1674, bm_loss(avg):0.0021, ti_loss(avg):0.0000
Epoch:45: seg_loss(avg):0.1658, bm_loss(avg):0.0037, ti_loss(avg):0.0000
Saved checkpoint at epoch 45

Validating epoch 45 on all test datasets...
Testing on TN3K...
  TN3K - Dice: 0.8856, HD95: 11.1428
  TN3K - Benign/Malignant: Acc=0.7264, Prec=0.6241, Rec=0.7246, F1=0.6706, AUROC=0.7694, AUPRC=0.6905
  TN3K - TI-RADS: Acc=0.0000, Prec=0.0000, Rec=0.0000, F1=0.0000, AUC=0.0000
Testing on DDTI...
  DDTI - Dice: 0.8019, HD95: 17.9567
  DDTI - Benign/Malignant: Acc=0.0000, Prec=0.0000, Rec=0.0000, F1=0.0000, AUROC=0.0000, AUPRC=0.0000
  DDTI - TI-RADS: Acc=0.0000, Prec=0.0000, Rec=0.0000, F1=0.0000, AUC=0.0000
Testing on ThyroidXL...
  ThyroidXL - Dice: 0.8465, HD95: 9.4228
  ThyroidXL - Benign/Malignant: Acc=0.8081, Prec=0.7459, Rec=0.8897, F1=0.8115, AUROC=0.8763, AUPRC=0.7999
  ThyroidXL - TI-RADS: Acc=0.0000, Prec=0.0000, Rec=0.0000, F1=0.0000, AUC=0.0000
Testing on PKTN...
  PKTN - Dice: 0.8190, HD95: 12.2250
  PKTN - Benign/Malignant: Acc=0.0000, Prec=0.0000, Rec=0.0000, F1=0.0000, AUROC=0.0000, AUPRC=0.0000
  PKTN - TI-RADS: Acc=0.0000, Prec=0.0000, Rec=0.0000, F1=0.0000, AUC=0.0000
Testing on TN5K...
  TN5K - Dice: 0.8004, HD95: 13.1210
  TN5K - Benign/Malignant: Acc=0.7120, Prec=0.8934, Rec=0.6881, F1=0.7774, AUROC=0.8053, AUPRC=0.9194
  TN5K - TI-RADS: Acc=0.0000, Prec=0.0000, Rec=0.0000, F1=0.0000, AUC=0.0000
Epoch:46: seg_loss(avg):0.1639, bm_loss(avg):0.0040, ti_loss(avg):0.0000
Epoch:47: seg_loss(avg):0.1626, bm_loss(avg):0.0038, ti_loss(avg):0.0000
Epoch:48: seg_loss(avg):0.1609, bm_loss(avg):0.0023, ti_loss(avg):0.0000
Epoch:49: seg_loss(avg):0.1604, bm_loss(avg):0.0035, ti_loss(avg):0.0000
Epoch:50: seg_loss(avg):0.1608, bm_loss(avg):0.0042, ti_loss(avg):0.0000
Saved checkpoint at epoch 50

Validating epoch 50 on all test datasets...
Testing on TN3K...
  TN3K - Dice: 0.8853, HD95: 11.0896
  TN3K - Benign/Malignant: Acc=0.7215, Prec=0.6165, Rec=0.7288, F1=0.6680, AUROC=0.7687, AUPRC=0.6834
  TN3K - TI-RADS: Acc=0.0000, Prec=0.0000, Rec=0.0000, F1=0.0000, AUC=0.0000
Testing on DDTI...
  DDTI - Dice: 0.7995, HD95: 18.1574
  DDTI - Benign/Malignant: Acc=0.0000, Prec=0.0000, Rec=0.0000, F1=0.0000, AUROC=0.0000, AUPRC=0.0000
  DDTI - TI-RADS: Acc=0.0000, Prec=0.0000, Rec=0.0000, F1=0.0000, AUC=0.0000
Testing on ThyroidXL...
  ThyroidXL - Dice: 0.8469, HD95: 9.3903
  ThyroidXL - Benign/Malignant: Acc=0.8077, Prec=0.7436, Rec=0.8938, F1=0.8118, AUROC=0.8750, AUPRC=0.7955
  ThyroidXL - TI-RADS: Acc=0.0000, Prec=0.0000, Rec=0.0000, F1=0.0000, AUC=0.0000
Testing on PKTN...
  PKTN - Dice: 0.8196, HD95: 12.2355
  PKTN - Benign/Malignant: Acc=0.0000, Prec=0.0000, Rec=0.0000, F1=0.0000, AUROC=0.0000, AUPRC=0.0000
  PKTN - TI-RADS: Acc=0.0000, Prec=0.0000, Rec=0.0000, F1=0.0000, AUC=0.0000
Testing on TN5K...
  TN5K - Dice: 0.8008, HD95: 13.1940
  TN5K - Benign/Malignant: Acc=0.7150, Prec=0.8912, Rec=0.6949, F1=0.7809, AUROC=0.8051, AUPRC=0.9193
  TN5K - TI-RADS: Acc=0.0000, Prec=0.0000, Rec=0.0000, F1=0.0000, AUC=0.0000

========== Training Completed ==========
Training completed at Wed Dec 17 23:16:21 2025

===== Dice Scores Summary =====
Dataset: TN3K
Dice scores per epoch: [0.874, 0.8676, 0.8729, 0.888, 0.8807, 0.884, 0.8845, 0.8864, 0.8856, 0.8853]
Best Dice: 0.8880 at epoch 20

Dataset: DDTI
Dice scores per epoch: [0.739, 0.7839, 0.7748, 0.7837, 0.7884, 0.8083, 0.7926, 0.8036, 0.8019, 0.7995]
Best Dice: 0.8083 at epoch 30

Dataset: ThyroidXL
Dice scores per epoch: [0.8417, 0.844, 0.8487, 0.8473, 0.8484, 0.8513, 0.8451, 0.8459, 0.8465, 0.8469]
Best Dice: 0.8513 at epoch 30

Dataset: PKTN
Dice scores per epoch: [0.805, 0.8004, 0.8078, 0.819, 0.8193, 0.8128, 0.82, 0.8179, 0.819, 0.8196]
Best Dice: 0.8200 at epoch 35

Dataset: TN5K
Dice scores per epoch: [0.7749, 0.7544, 0.7704, 0.7933, 0.7956, 0.7944, 0.797, 0.8017, 0.8004, 0.8008]
Best Dice: 0.8017 at epoch 40

===== HD95 Scores Summary =====
Dataset: TN3K
HD95 scores per epoch: [np.float64(13.3552), np.float64(12.9071), np.float64(12.6875), np.float64(11.1133), np.float64(11.7999), np.float64(10.9032), np.float64(11.1311), np.float64(10.8992), np.float64(11.1428), np.float64(11.0896)]
Best HD95: 10.8992 at epoch 40

Dataset: DDTI
HD95 scores per epoch: [np.float64(26.0481), np.float64(21.7033), np.float64(22.8709), np.float64(19.5504), np.float64(18.9733), np.float64(17.7752), np.float64(19.377), np.float64(18.0806), np.float64(17.9567), np.float64(18.1574)]
Best HD95: 17.7752 at epoch 30

Dataset: ThyroidXL
HD95 scores per epoch: [np.float64(9.7521), np.float64(9.6783), np.float64(9.1591), np.float64(9.0851), np.float64(9.1522), np.float64(9.2918), np.float64(9.8065), np.float64(9.5644), np.float64(9.4228), np.float64(9.3903)]
Best HD95: 9.0851 at epoch 20

Dataset: PKTN
HD95 scores per epoch: [np.float64(15.3859), np.float64(13.9933), np.float64(14.0512), np.float64(12.3945), np.float64(12.5065), np.float64(13.0753), np.float64(12.6118), np.float64(12.8502), np.float64(12.225), np.float64(12.2355)]
Best HD95: 12.2250 at epoch 45

Dataset: TN5K
HD95 scores per epoch: [np.float64(15.6426), np.float64(16.4105), np.float64(15.0414), np.float64(13.3793), np.float64(12.8934), np.float64(13.7667), np.float64(14.0602), np.float64(13.1686), np.float64(13.121), np.float64(13.194)]
Best HD95: 12.8934 at epoch 25


===== Benign/Malignant Classification Metrics Summary =====
Dataset: TN3K
Accuracy per epoch: [np.float64(0.7345), np.float64(0.6808), np.float64(0.7182), np.float64(0.6906), np.float64(0.7052), np.float64(0.7199), np.float64(0.702), np.float64(0.7248), np.float64(0.7264), np.float64(0.7215)]
Best Accuracy: 0.7345 at epoch 5
Precision per epoch: [0.6409, 0.5649, 0.6599, 0.581, 0.5896, 0.6231, 0.5904, 0.645, 0.6241, 0.6165]
Best Precision: 0.6599 at epoch 15
Recall per epoch: [0.7034, 0.7373, 0.5508, 0.6992, 0.7669, 0.6864, 0.7331, 0.6314, 0.7246, 0.7288]
Best Recall: 0.7669 at epoch 25
F1-Score per epoch: [0.6707, 0.6397, 0.6005, 0.6346, 0.6667, 0.6532, 0.6541, 0.6381, 0.6706, 0.668]
Best F1-Score: 0.6707 at epoch 5
AUROC per epoch: [0.8145, 0.7744, 0.7264, 0.7611, 0.7881, 0.7769, 0.7775, 0.7681, 0.7694, 0.7687]
Best AUROC: 0.8145 at epoch 5
AUPRC per epoch: [0.7542, 0.714, 0.6607, 0.7001, 0.7243, 0.712, 0.7035, 0.7182, 0.6905, 0.6834]
Best AUPRC: 0.7542 at epoch 5

Dataset: DDTI
Accuracy per epoch: [0.0, 0.0, 0.0, 0.0, 0.0, 0.0, 0.0, 0.0, 0.0, 0.0]
Best Accuracy: 0.0000 at epoch 5
Precision per epoch: [0.0, 0.0, 0.0, 0.0, 0.0, 0.0, 0.0, 0.0, 0.0, 0.0]
Best Precision: 0.0000 at epoch 5
Recall per epoch: [0.0, 0.0, 0.0, 0.0, 0.0, 0.0, 0.0, 0.0, 0.0, 0.0]
Best Recall: 0.0000 at epoch 5
F1-Score per epoch: [0.0, 0.0, 0.0, 0.0, 0.0, 0.0, 0.0, 0.0, 0.0, 0.0]
Best F1-Score: 0.0000 at epoch 5
AUROC per epoch: [0.0, 0.0, 0.0, 0.0, 0.0, 0.0, 0.0, 0.0, 0.0, 0.0]
Best AUROC: 0.0000 at epoch 5
AUPRC per epoch: [0.0, 0.0, 0.0, 0.0, 0.0, 0.0, 0.0, 0.0, 0.0, 0.0]
Best AUPRC: 0.0000 at epoch 5

Dataset: ThyroidXL
Accuracy per epoch: [np.float64(0.7813), np.float64(0.7818), np.float64(0.8062), np.float64(0.7995), np.float64(0.7809), np.float64(0.8), np.float64(0.7971), np.float64(0.811), np.float64(0.8081), np.float64(0.8077)]
Best Accuracy: 0.8110 at epoch 40
Precision per epoch: [0.6987, 0.7056, 0.8178, 0.7521, 0.7009, 0.7388, 0.7252, 0.7778, 0.7459, 0.7436]
Best Precision: 0.8178 at epoch 15
Recall per epoch: [0.9299, 0.9093, 0.7495, 0.8474, 0.9206, 0.8804, 0.9062, 0.8299, 0.8897, 0.8938]
Best Recall: 0.9299 at epoch 5
F1-Score per epoch: [0.7979, 0.7946, 0.7821, 0.7969, 0.7959, 0.8034, 0.8057, 0.803, 0.8115, 0.8118]
Best F1-Score: 0.8118 at epoch 50
AUROC per epoch: [0.892, 0.8886, 0.8783, 0.8762, 0.8843, 0.8927, 0.8822, 0.8858, 0.8763, 0.875]
Best AUROC: 0.8927 at epoch 30
AUPRC per epoch: [0.861, 0.8645, 0.8664, 0.8574, 0.8489, 0.864, 0.8154, 0.8458, 0.7999, 0.7955]
Best AUPRC: 0.8664 at epoch 15

Dataset: PKTN
Accuracy per epoch: [0.0, 0.0, 0.0, 0.0, 0.0, 0.0, 0.0, 0.0, 0.0, 0.0]
Best Accuracy: 0.0000 at epoch 5
Precision per epoch: [0.0, 0.0, 0.0, 0.0, 0.0, 0.0, 0.0, 0.0, 0.0, 0.0]
Best Precision: 0.0000 at epoch 5
Recall per epoch: [0.0, 0.0, 0.0, 0.0, 0.0, 0.0, 0.0, 0.0, 0.0, 0.0]
Best Recall: 0.0000 at epoch 5
F1-Score per epoch: [0.0, 0.0, 0.0, 0.0, 0.0, 0.0, 0.0, 0.0, 0.0, 0.0]
Best F1-Score: 0.0000 at epoch 5
AUROC per epoch: [0.0, 0.0, 0.0, 0.0, 0.0, 0.0, 0.0, 0.0, 0.0, 0.0]
Best AUROC: 0.0000 at epoch 5
AUPRC per epoch: [0.0, 0.0, 0.0, 0.0, 0.0, 0.0, 0.0, 0.0, 0.0, 0.0]
Best AUPRC: 0.0000 at epoch 5

Dataset: TN5K
Accuracy per epoch: [np.float64(0.816), np.float64(0.755), np.float64(0.649), np.float64(0.732), np.float64(0.747), np.float64(0.711), np.float64(0.734), np.float64(0.676), np.float64(0.712), np.float64(0.715)]
Best Accuracy: 0.8160 at epoch 5
Precision per epoch: [0.915, 0.866, 0.9043, 0.8692, 0.8434, 0.9077, 0.8856, 0.9339, 0.8934, 0.8912]
Best Precision: 0.9339 at epoch 40
Recall per epoch: [0.8249, 0.7866, 0.5814, 0.7456, 0.803, 0.6731, 0.7305, 0.5992, 0.6881, 0.6949]
Best Recall: 0.8249 at epoch 5
F1-Score per epoch: [0.8676, 0.8244, 0.7077, 0.8027, 0.8227, 0.773, 0.8006, 0.73, 0.7774, 0.7809]
Best F1-Score: 0.8676 at epoch 5
AUROC per epoch: [0.8632, 0.796, 0.7678, 0.8049, 0.8019, 0.7948, 0.8134, 0.7897, 0.8053, 0.8051]
Best AUROC: 0.8632 at epoch 5
AUPRC per epoch: [0.9385, 0.9152, 0.9014, 0.916, 0.9136, 0.9177, 0.9225, 0.9154, 0.9194, 0.9193]
Best AUPRC: 0.9385 at epoch 5


===== TI-RADS Classification Metrics Summary =====
Dataset: TN3K
Accuracy per epoch: [0.0, 0.0, 0.0, 0.0, 0.0, 0.0, 0.0, 0.0, 0.0, 0.0]
Best Accuracy: 0.0000 at epoch 5
Precision per epoch: [0.0, 0.0, 0.0, 0.0, 0.0, 0.0, 0.0, 0.0, 0.0, 0.0]
Best Precision: 0.0000 at epoch 5
Recall per epoch: [0.0, 0.0, 0.0, 0.0, 0.0, 0.0, 0.0, 0.0, 0.0, 0.0]
Best Recall: 0.0000 at epoch 5
F1-Score per epoch: [0.0, 0.0, 0.0, 0.0, 0.0, 0.0, 0.0, 0.0, 0.0, 0.0]
Best F1-Score: 0.0000 at epoch 5
AUC per epoch: [0.0, 0.0, 0.0, 0.0, 0.0, 0.0, 0.0, 0.0, 0.0, 0.0]
Best AUC: 0.0000 at epoch 5

Dataset: DDTI
Accuracy per epoch: [0.0, 0.0, 0.0, 0.0, 0.0, 0.0, 0.0, 0.0, 0.0, 0.0]
Best Accuracy: 0.0000 at epoch 5
Precision per epoch: [0.0, 0.0, 0.0, 0.0, 0.0, 0.0, 0.0, 0.0, 0.0, 0.0]
Best Precision: 0.0000 at epoch 5
Recall per epoch: [0.0, 0.0, 0.0, 0.0, 0.0, 0.0, 0.0, 0.0, 0.0, 0.0]
Best Recall: 0.0000 at epoch 5
F1-Score per epoch: [0.0, 0.0, 0.0, 0.0, 0.0, 0.0, 0.0, 0.0, 0.0, 0.0]
Best F1-Score: 0.0000 at epoch 5
AUC per epoch: [0.0, 0.0, 0.0, 0.0, 0.0, 0.0, 0.0, 0.0, 0.0, 0.0]
Best AUC: 0.0000 at epoch 5

Dataset: ThyroidXL
Accuracy per epoch: [0.0, 0.0, 0.0, 0.0, 0.0, 0.0, 0.0, 0.0, 0.0, 0.0]
Best Accuracy: 0.0000 at epoch 5
Precision per epoch: [0.0, 0.0, 0.0, 0.0, 0.0, 0.0, 0.0, 0.0, 0.0, 0.0]
Best Precision: 0.0000 at epoch 5
Recall per epoch: [0.0, 0.0, 0.0, 0.0, 0.0, 0.0, 0.0, 0.0, 0.0, 0.0]
Best Recall: 0.0000 at epoch 5
F1-Score per epoch: [0.0, 0.0, 0.0, 0.0, 0.0, 0.0, 0.0, 0.0, 0.0, 0.0]
Best F1-Score: 0.0000 at epoch 5
AUC per epoch: [0.0, 0.0, 0.0, 0.0, 0.0, 0.0, 0.0, 0.0, 0.0, 0.0]
Best AUC: 0.0000 at epoch 5

Dataset: PKTN
Accuracy per epoch: [0.0, 0.0, 0.0, 0.0, 0.0, 0.0, 0.0, 0.0, 0.0, 0.0]
Best Accuracy: 0.0000 at epoch 5
Precision per epoch: [0.0, 0.0, 0.0, 0.0, 0.0, 0.0, 0.0, 0.0, 0.0, 0.0]
Best Precision: 0.0000 at epoch 5
Recall per epoch: [0.0, 0.0, 0.0, 0.0, 0.0, 0.0, 0.0, 0.0, 0.0, 0.0]
Best Recall: 0.0000 at epoch 5
F1-Score per epoch: [0.0, 0.0, 0.0, 0.0, 0.0, 0.0, 0.0, 0.0, 0.0, 0.0]
Best F1-Score: 0.0000 at epoch 5
AUC per epoch: [0.0, 0.0, 0.0, 0.0, 0.0, 0.0, 0.0, 0.0, 0.0, 0.0]
Best AUC: 0.0000 at epoch 5

Dataset: TN5K
Accuracy per epoch: [0.0, 0.0, 0.0, 0.0, 0.0, 0.0, 0.0, 0.0, 0.0, 0.0]
Best Accuracy: 0.0000 at epoch 5
Precision per epoch: [0.0, 0.0, 0.0, 0.0, 0.0, 0.0, 0.0, 0.0, 0.0, 0.0]
Best Precision: 0.0000 at epoch 5
Recall per epoch: [0.0, 0.0, 0.0, 0.0, 0.0, 0.0, 0.0, 0.0, 0.0, 0.0]
Best Recall: 0.0000 at epoch 5
F1-Score per epoch: [0.0, 0.0, 0.0, 0.0, 0.0, 0.0, 0.0, 0.0, 0.0, 0.0]
Best F1-Score: 0.0000 at epoch 5
AUC per epoch: [0.0, 0.0, 0.0, 0.0, 0.0, 0.0, 0.0, 0.0, 0.0, 0.0]
Best AUC: 0.0000 at epoch 5

