Training started at Sat Mar 14 17:28:43 2026
Method: dino_unet
Dataset: train_multitask_Cine-Clip
Epochs: 50
LR: 0.0001
Batch Size: 12
Image Size: 224 x 224
DINO pretrained: True
Use Dilation: False
Training set - Benign/Malignant: Benign=12256 (88.62%), Malignant=1574 (11.38%)
Auto-adjusted tau=1.00 (imbalance_ratio=7.79)
GLA parameters: p_benign=0.8862, p_malignant=0.1138, tau=1.00
Logit adjustment magnitude: 2.0524
Training set - TI-RADS distribution (1-5): [41, 710, 3956, 5710, 3413]
TI-RADS probabilities: [0.0029645697213709354, 0.05133767053484917, 0.2860448360443115, 0.4128705859184265, 0.2467823624610901]
Loss weights: seg=1.0, bm=1.0, tirads=1.0
GA-MTL schedule per optimizer step: ['seg', 'bm']
steps_per_epoch (optimizer steps): 576
Epoch:1: seg_loss(avg):0.9129, bm_loss(avg):0.5920, tirads_loss(avg):0.0000
Epoch:2: seg_loss(avg):0.7946, bm_loss(avg):0.5580, tirads_loss(avg):0.0000
Epoch:3: seg_loss(avg):0.7582, bm_loss(avg):0.4523, tirads_loss(avg):0.0000
Epoch:4: seg_loss(avg):0.6845, bm_loss(avg):0.2147, tirads_loss(avg):0.0000
Epoch:5: seg_loss(avg):0.6025, bm_loss(avg):0.0995, tirads_loss(avg):0.0000
Saved checkpoint at epoch 5
Epoch:6: seg_loss(avg):0.5574, bm_loss(avg):0.0552, tirads_loss(avg):0.0000
Epoch:7: seg_loss(avg):0.4940, bm_loss(avg):0.0281, tirads_loss(avg):0.0000
Epoch:8: seg_loss(avg):0.4657, bm_loss(avg):0.0211, tirads_loss(avg):0.0000
Epoch:9: seg_loss(avg):0.4266, bm_loss(avg):0.0123, tirads_loss(avg):0.0000
Epoch:10: seg_loss(avg):0.4014, bm_loss(avg):0.0071, tirads_loss(avg):0.0000
Saved checkpoint at epoch 10
Epoch:11: seg_loss(avg):0.3708, bm_loss(avg):0.0189, tirads_loss(avg):0.0000
Epoch:12: seg_loss(avg):0.3743, bm_loss(avg):0.0173, tirads_loss(avg):0.0000
Epoch:13: seg_loss(avg):0.3234, bm_loss(avg):0.0011, tirads_loss(avg):0.0000
Epoch:14: seg_loss(avg):0.3383, bm_loss(avg):0.0147, tirads_loss(avg):0.0000
Epoch:15: seg_loss(avg):0.3022, bm_loss(avg):0.0012, tirads_loss(avg):0.0000
Saved checkpoint at epoch 15
Epoch:16: seg_loss(avg):0.3095, bm_loss(avg):0.0079, tirads_loss(avg):0.0000
Epoch:17: seg_loss(avg):0.2671, bm_loss(avg):0.0005, tirads_loss(avg):0.0000
Epoch:18: seg_loss(avg):0.2569, bm_loss(avg):0.0004, tirads_loss(avg):0.0000
Epoch:19: seg_loss(avg):0.2495, bm_loss(avg):0.0003, tirads_loss(avg):0.0000
Epoch:20: seg_loss(avg):0.2367, bm_loss(avg):0.0003, tirads_loss(avg):0.0000
Saved checkpoint at epoch 20
Epoch:21: seg_loss(avg):0.2303, bm_loss(avg):0.0002, tirads_loss(avg):0.0000
Epoch:22: seg_loss(avg):0.2528, bm_loss(avg):0.0218, tirads_loss(avg):0.0000
Epoch:23: seg_loss(avg):0.2254, bm_loss(avg):0.0022, tirads_loss(avg):0.0000
Epoch:24: seg_loss(avg):0.2080, bm_loss(avg):0.0011, tirads_loss(avg):0.0000
Epoch:25: seg_loss(avg):0.1961, bm_loss(avg):0.0002, tirads_loss(avg):0.0000
Saved checkpoint at epoch 25
Epoch:26: seg_loss(avg):0.1890, bm_loss(avg):0.0002, tirads_loss(avg):0.0000
Epoch:27: seg_loss(avg):0.1818, bm_loss(avg):0.0001, tirads_loss(avg):0.0000
Epoch:28: seg_loss(avg):0.1774, bm_loss(avg):0.0001, tirads_loss(avg):0.0000
Epoch:29: seg_loss(avg):0.1717, bm_loss(avg):0.0001, tirads_loss(avg):0.0000
Epoch:30: seg_loss(avg):0.1665, bm_loss(avg):0.0001, tirads_loss(avg):0.0000
Saved checkpoint at epoch 30
Epoch:31: seg_loss(avg):0.1604, bm_loss(avg):0.0001, tirads_loss(avg):0.0000
Epoch:32: seg_loss(avg):0.1561, bm_loss(avg):0.0001, tirads_loss(avg):0.0000
Epoch:33: seg_loss(avg):0.1483, bm_loss(avg):0.0001, tirads_loss(avg):0.0000
Epoch:34: seg_loss(avg):0.1433, bm_loss(avg):0.0001, tirads_loss(avg):0.0000
Epoch:35: seg_loss(avg):0.1378, bm_loss(avg):0.0000, tirads_loss(avg):0.0000
Saved checkpoint at epoch 35
Epoch:36: seg_loss(avg):0.1326, bm_loss(avg):0.0000, tirads_loss(avg):0.0000
Epoch:37: seg_loss(avg):0.1286, bm_loss(avg):0.0000, tirads_loss(avg):0.0000
Epoch:38: seg_loss(avg):0.1235, bm_loss(avg):0.0000, tirads_loss(avg):0.0000
Epoch:39: seg_loss(avg):0.1202, bm_loss(avg):0.0000, tirads_loss(avg):0.0000
Epoch:40: seg_loss(avg):0.1164, bm_loss(avg):0.0000, tirads_loss(avg):0.0000
Saved checkpoint at epoch 40
Epoch:41: seg_loss(avg):0.1134, bm_loss(avg):0.0000, tirads_loss(avg):0.0000
Epoch:42: seg_loss(avg):0.1106, bm_loss(avg):0.0000, tirads_loss(avg):0.0000
Epoch:43: seg_loss(avg):0.1076, bm_loss(avg):0.0000, tirads_loss(avg):0.0000
Epoch:44: seg_loss(avg):0.1067, bm_loss(avg):0.0000, tirads_loss(avg):0.0000
Epoch:45: seg_loss(avg):0.1050, bm_loss(avg):0.0000, tirads_loss(avg):0.0000
Saved checkpoint at epoch 45
Epoch:46: seg_loss(avg):0.1038, bm_loss(avg):0.0000, tirads_loss(avg):0.0000
Epoch:47: seg_loss(avg):0.1018, bm_loss(avg):0.0000, tirads_loss(avg):0.0000
Epoch:48: seg_loss(avg):0.1022, bm_loss(avg):0.0000, tirads_loss(avg):0.0000
Epoch:49: seg_loss(avg):0.1007, bm_loss(avg):0.0000, tirads_loss(avg):0.0000
Epoch:50: seg_loss(avg):0.1003, bm_loss(avg):0.0000, tirads_loss(avg):0.0000
Saved checkpoint at epoch 50

Validating epoch 50 on all test datasets...
Testing on TN3K...
  TN3K - Dice: 0.4077, HD95: 56.0312
  TN3K - BM: Acc=0.9898, Prec=0.0000, Rec=0.0000, F1=0.0000, AUROC=0.0000, AUPRC=0.0000, ECE=0.0096
  TN3K - TI-RADS: Acc=0.0000, Prec=0.0000, Rec=0.0000, F1=0.0000, AUC=0.0000, ECE=0.0000
Testing on DDTI...
  DDTI - Dice: 0.5832, HD95: 28.7812
  DDTI - BM: Acc=0.0000, Prec=0.0000, Rec=0.0000, F1=0.0000, AUROC=0.0000, AUPRC=0.0000, ECE=0.0000
  DDTI - TI-RADS: Acc=0.0000, Prec=0.0000, Rec=0.0000, F1=0.0000, AUC=0.0000, ECE=0.0000
Testing on ThyroidXL...
  ThyroidXL - Dice: 0.4814, HD95: 50.1225
  ThyroidXL - BM: Acc=0.2387, Prec=0.0000, Rec=0.0000, F1=0.0000, AUROC=0.5153, AUPRC=0.8103, ECE=0.7613
  ThyroidXL - TI-RADS: Acc=0.0000, Prec=0.0000, Rec=0.0000, F1=0.0000, AUC=0.0000, ECE=0.0000
Testing on PKTN...
  PKTN - Dice: 0.4614, HD95: 40.7459
  PKTN - BM: Acc=0.0000, Prec=0.0000, Rec=0.0000, F1=0.0000, AUROC=0.0000, AUPRC=0.0000, ECE=0.0000
  PKTN - TI-RADS: Acc=0.0000, Prec=0.0000, Rec=0.0000, F1=0.0000, AUC=0.0000, ECE=0.0000
Testing on TN5K...
  TN5K - Dice: 0.4253, HD95: 41.2121
  TN5K - BM: Acc=0.7707, Prec=0.6335, Rec=0.0412, F1=0.0762, AUROC=0.6060, AUPRC=0.3749, ECE=0.2294
  TN5K - TI-RADS: Acc=0.0000, Prec=0.0000, Rec=0.0000, F1=0.0000, AUC=0.0000, ECE=0.0000
Testing on Cine-Clip...
  Cine-Clip - Dice: 0.9542, HD95: 0.8838
  Cine-Clip - BM: Acc=1.0000, Prec=0.0000, Rec=0.0000, F1=0.0000, AUROC=0.0000, AUPRC=0.0000, ECE=0.0000
  Cine-Clip - TI-RADS: Acc=0.3177, Prec=0.1059, Rec=0.3333, F1=0.1601, AUC=0.0000, ECE=0.0410

========== Evaluation Summary (All Test Records) ==========

Dataset: TN3K
Eval epochs: [50]
Dice per eval: [0.4077000021934509]
HD95 per eval: [56.03120040893555]
Best Dice: 0.4077 at epoch 50
Best HD95: 56.0312 at epoch 50

BM metrics per eval:
  Acc:  [0.9898]
  Prec: [0.0]
  Rec:  [0.0]
  F1:   [0.0]
  AUROC:[0.0]
  AUPRC:[0.0]
  ECE:  [0.0096]
Best BM F1: 0.0000 at epoch 50

TI-RADS metrics per eval:
  Acc:  [0.0]
  Prec: [0.0]
  Rec:  [0.0]
  F1:   [0.0]
  AUC:  [0.0]
  ECE:  [0.0]
Best TI-RADS F1: 0.0000 at epoch 50

Dataset: DDTI
Eval epochs: [50]
Dice per eval: [0.5831999778747559]
HD95 per eval: [28.781200408935547]
Best Dice: 0.5832 at epoch 50
Best HD95: 28.7812 at epoch 50

BM metrics per eval:
  Acc:  [0.0]
  Prec: [0.0]
  Rec:  [0.0]
  F1:   [0.0]
  AUROC:[0.0]
  AUPRC:[0.0]
  ECE:  [0.0]
Best BM F1: 0.0000 at epoch 50

TI-RADS metrics per eval:
  Acc:  [0.0]
  Prec: [0.0]
  Rec:  [0.0]
  F1:   [0.0]
  AUC:  [0.0]
  ECE:  [0.0]
Best TI-RADS F1: 0.0000 at epoch 50

Dataset: ThyroidXL
Eval epochs: [50]
Dice per eval: [0.4814000129699707]
HD95 per eval: [50.122501373291016]
Best Dice: 0.4814 at epoch 50
Best HD95: 50.1225 at epoch 50

BM metrics per eval:
  Acc:  [0.2387]
  Prec: [0.0]
  Rec:  [0.0]
  F1:   [0.0]
  AUROC:[0.5153]
  AUPRC:[0.8103]
  ECE:  [0.7613]
Best BM F1: 0.0000 at epoch 50

TI-RADS metrics per eval:
  Acc:  [0.0]
  Prec: [0.0]
  Rec:  [0.0]
  F1:   [0.0]
  AUC:  [0.0]
  ECE:  [0.0]
Best TI-RADS F1: 0.0000 at epoch 50

Dataset: PKTN
Eval epochs: [50]
Dice per eval: [0.46140000224113464]
HD95 per eval: [40.74589920043945]
Best Dice: 0.4614 at epoch 50
Best HD95: 40.7459 at epoch 50

BM metrics per eval:
  Acc:  [0.0]
  Prec: [0.0]
  Rec:  [0.0]
  F1:   [0.0]
  AUROC:[0.0]
  AUPRC:[0.0]
  ECE:  [0.0]
Best BM F1: 0.0000 at epoch 50

TI-RADS metrics per eval:
  Acc:  [0.0]
  Prec: [0.0]
  Rec:  [0.0]
  F1:   [0.0]
  AUC:  [0.0]
  ECE:  [0.0]
Best TI-RADS F1: 0.0000 at epoch 50

Dataset: TN5K
Eval epochs: [50]
Dice per eval: [0.4253000020980835]
HD95 per eval: [41.212100982666016]
Best Dice: 0.4253 at epoch 50
Best HD95: 41.2121 at epoch 50

BM metrics per eval:
  Acc:  [0.7707]
  Prec: [0.6335]
  Rec:  [0.0412]
  F1:   [0.0762]
  AUROC:[0.606]
  AUPRC:[0.3749]
  ECE:  [0.2294]
Best BM F1: 0.0762 at epoch 50

TI-RADS metrics per eval:
  Acc:  [0.0]
  Prec: [0.0]
  Rec:  [0.0]
  F1:   [0.0]
  AUC:  [0.0]
  ECE:  [0.0]
Best TI-RADS F1: 0.0000 at epoch 50

Dataset: Cine-Clip
Eval epochs: [50]
Dice per eval: [0.954200029373169]
HD95 per eval: [0.8838000297546387]
Best Dice: 0.9542 at epoch 50
Best HD95: 0.8838 at epoch 50

BM metrics per eval:
  Acc:  [1.0]
  Prec: [0.0]
  Rec:  [0.0]
  F1:   [0.0]
  AUROC:[0.0]
  AUPRC:[0.0]
  ECE:  [0.0]
Best BM F1: 0.0000 at epoch 50

TI-RADS metrics per eval:
  Acc:  [0.3177]
  Prec: [0.1059]
  Rec:  [0.3333]
  F1:   [0.1601]
  AUC:  [0.0]
  ECE:  [0.041]
Best TI-RADS F1: 0.1601 at epoch 50

==========================================================

========== Training Completed ==========
Training completed at Sat Mar 14 18:38:21 2026
