Training started at Sat Jan 31 19:50:59 2026
Method: dino_unet
Dataset: 128size_train_multitask_dataset_2
Epochs: 50
LR: 0.0001
Batch Size: 12
Image Size: 128 x 128
DINO pretrained: True
Use Dilation: False
Training set - Benign/Malignant: Benign=7971 (65.69%), Malignant=4163 (34.31%)
Auto-adjusted tau=0.70 (imbalance_ratio=1.91)
GLA parameters: p_benign=0.6569, p_malignant=0.3431, tau=0.70
Logit adjustment magnitude: 0.4547
Training set - TI-RADS distribution (1-5): [0, 0, 0, 0, 0]
TI-RADS probabilities: [0.20000000298023224, 0.20000000298023224, 0.20000000298023224, 0.20000000298023224, 0.20000000298023224]
Loss weights: seg=1.0, bm=1.0, tirads=1.0
GA-MTL schedule per optimizer step: ['seg', 'bm']
steps_per_epoch (optimizer steps): 505
Epoch:1: seg_loss(avg):0.6984, bm_loss(avg):0.6575, tirads_loss(avg):0.0000
Epoch:2: seg_loss(avg):0.5192, bm_loss(avg):0.5131, tirads_loss(avg):0.0000
Epoch:3: seg_loss(avg):0.4868, bm_loss(avg):0.4696, tirads_loss(avg):0.0000
Epoch:4: seg_loss(avg):0.4666, bm_loss(avg):0.4329, tirads_loss(avg):0.0000
Epoch:5: seg_loss(avg):0.4498, bm_loss(avg):0.3983, tirads_loss(avg):0.0000
Saved checkpoint at epoch 5
Epoch:6: seg_loss(avg):0.4387, bm_loss(avg):0.3739, tirads_loss(avg):0.0000
Epoch:7: seg_loss(avg):0.4278, bm_loss(avg):0.3424, tirads_loss(avg):0.0000
Epoch:8: seg_loss(avg):0.4279, bm_loss(avg):0.3233, tirads_loss(avg):0.0000
Epoch:9: seg_loss(avg):0.4167, bm_loss(avg):0.3067, tirads_loss(avg):0.0000
Epoch:10: seg_loss(avg):0.4127, bm_loss(avg):0.2786, tirads_loss(avg):0.0000
Saved checkpoint at epoch 10
Epoch:11: seg_loss(avg):0.4014, bm_loss(avg):0.2707, tirads_loss(avg):0.0000
Epoch:12: seg_loss(avg):0.3969, bm_loss(avg):0.2581, tirads_loss(avg):0.0000
Epoch:13: seg_loss(avg):0.3934, bm_loss(avg):0.2325, tirads_loss(avg):0.0000
Epoch:14: seg_loss(avg):0.3850, bm_loss(avg):0.2172, tirads_loss(avg):0.0000
Epoch:15: seg_loss(avg):0.3807, bm_loss(avg):0.2093, tirads_loss(avg):0.0000
Saved checkpoint at epoch 15
Epoch:16: seg_loss(avg):0.3826, bm_loss(avg):0.1856, tirads_loss(avg):0.0000
Epoch:17: seg_loss(avg):0.3726, bm_loss(avg):0.1701, tirads_loss(avg):0.0000
Epoch:18: seg_loss(avg):0.3636, bm_loss(avg):0.1625, tirads_loss(avg):0.0000
Epoch:19: seg_loss(avg):0.3617, bm_loss(avg):0.1415, tirads_loss(avg):0.0000
Epoch:20: seg_loss(avg):0.3605, bm_loss(avg):0.1273, tirads_loss(avg):0.0000
Saved checkpoint at epoch 20
Epoch:21: seg_loss(avg):0.3565, bm_loss(avg):0.1191, tirads_loss(avg):0.0000
Epoch:22: seg_loss(avg):0.3495, bm_loss(avg):0.1114, tirads_loss(avg):0.0000
Epoch:23: seg_loss(avg):0.3434, bm_loss(avg):0.1069, tirads_loss(avg):0.0000
Epoch:24: seg_loss(avg):0.3395, bm_loss(avg):0.0934, tirads_loss(avg):0.0000
Epoch:25: seg_loss(avg):0.3381, bm_loss(avg):0.0834, tirads_loss(avg):0.0000
Saved checkpoint at epoch 25
Epoch:26: seg_loss(avg):0.3313, bm_loss(avg):0.0736, tirads_loss(avg):0.0000
Epoch:27: seg_loss(avg):0.3290, bm_loss(avg):0.0726, tirads_loss(avg):0.0000
Epoch:28: seg_loss(avg):0.3221, bm_loss(avg):0.0622, tirads_loss(avg):0.0000
Epoch:29: seg_loss(avg):0.3154, bm_loss(avg):0.0612, tirads_loss(avg):0.0000
Epoch:30: seg_loss(avg):0.3128, bm_loss(avg):0.0522, tirads_loss(avg):0.0000
Saved checkpoint at epoch 30
Epoch:31: seg_loss(avg):0.3086, bm_loss(avg):0.0448, tirads_loss(avg):0.0000
Epoch:32: seg_loss(avg):0.3039, bm_loss(avg):0.0442, tirads_loss(avg):0.0000
Epoch:33: seg_loss(avg):0.2983, bm_loss(avg):0.0385, tirads_loss(avg):0.0000
Epoch:34: seg_loss(avg):0.2953, bm_loss(avg):0.0327, tirads_loss(avg):0.0000
Epoch:35: seg_loss(avg):0.2901, bm_loss(avg):0.0318, tirads_loss(avg):0.0000
Saved checkpoint at epoch 35
Epoch:36: seg_loss(avg):0.2875, bm_loss(avg):0.0215, tirads_loss(avg):0.0000
Epoch:37: seg_loss(avg):0.2818, bm_loss(avg):0.0275, tirads_loss(avg):0.0000
Epoch:38: seg_loss(avg):0.2794, bm_loss(avg):0.0311, tirads_loss(avg):0.0000
Epoch:39: seg_loss(avg):0.2761, bm_loss(avg):0.0205, tirads_loss(avg):0.0000
Epoch:40: seg_loss(avg):0.2718, bm_loss(avg):0.0217, tirads_loss(avg):0.0000
Saved checkpoint at epoch 40
Epoch:41: seg_loss(avg):0.2686, bm_loss(avg):0.0133, tirads_loss(avg):0.0000
Epoch:42: seg_loss(avg):0.2666, bm_loss(avg):0.0180, tirads_loss(avg):0.0000
Epoch:43: seg_loss(avg):0.2649, bm_loss(avg):0.0119, tirads_loss(avg):0.0000
Epoch:44: seg_loss(avg):0.2623, bm_loss(avg):0.0186, tirads_loss(avg):0.0000
Epoch:45: seg_loss(avg):0.2644, bm_loss(avg):0.0177, tirads_loss(avg):0.0000
Saved checkpoint at epoch 45
Epoch:46: seg_loss(avg):0.2587, bm_loss(avg):0.0140, tirads_loss(avg):0.0000
Epoch:47: seg_loss(avg):0.2615, bm_loss(avg):0.0123, tirads_loss(avg):0.0000
Epoch:48: seg_loss(avg):0.2580, bm_loss(avg):0.0102, tirads_loss(avg):0.0000
Epoch:49: seg_loss(avg):0.2581, bm_loss(avg):0.0094, tirads_loss(avg):0.0000
Epoch:50: seg_loss(avg):0.2566, bm_loss(avg):0.0148, tirads_loss(avg):0.0000
Saved checkpoint at epoch 50

Validating epoch 50 on all test datasets...
Testing on TN3K...
  TN3K - Dice: 0.7850, HD95: 9.3936
  TN3K - BM: Acc=0.8294, Prec=0.8080, Rec=0.8487, F1=0.8277, AUROC=0.8999, AUPRC=0.8932
  TN3K - TI-RADS: Acc=0.0000, Prec=0.0000, Rec=0.0000, F1=0.0000, AUC=0.0000
Testing on DDTI...
  DDTI - Dice: 0.7589, HD95: 10.5426
  DDTI - BM: Acc=0.0000, Prec=0.0000, Rec=0.0000, F1=0.0000, AUROC=0.0000, AUPRC=0.0000
  DDTI - TI-RADS: Acc=0.0000, Prec=0.0000, Rec=0.0000, F1=0.0000, AUC=0.0000
Testing on ThyroidXL...
  ThyroidXL - Dice: 0.8609, HD95: 3.5112
  ThyroidXL - BM: Acc=0.8819, Prec=0.7797, Rec=0.7821, F1=0.7807, AUROC=0.9371, AUPRC=0.8298
  ThyroidXL - TI-RADS: Acc=0.0000, Prec=0.0000, Rec=0.0000, F1=0.0000, AUC=0.0000
Testing on PKTN...
  PKTN - Dice: 0.7531, HD95: 7.6616
  PKTN - BM: Acc=0.0000, Prec=0.0000, Rec=0.0000, F1=0.0000, AUROC=0.0000, AUPRC=0.0000
  PKTN - TI-RADS: Acc=0.0000, Prec=0.0000, Rec=0.0000, F1=0.0000, AUC=0.0000
Testing on TN5K...
  TN5K - Dice: 0.6732, HD95: 9.2172
  TN5K - BM: Acc=0.7640, Prec=0.8277, Rec=0.8400, F1=0.8336, AUROC=0.7719, AUPRC=0.8759
  TN5K - TI-RADS: Acc=0.0000, Prec=0.0000, Rec=0.0000, F1=0.0000, AUC=0.0000
Testing on Cine-Clip...
  Cine-Clip - Dice: 0.6501, HD95: 13.7215
  Cine-Clip - BM: Acc=0.8423, Prec=0.3505, Rec=0.3745, F1=0.3618, AUROC=0.6790, AUPRC=0.3023
  Cine-Clip - TI-RADS: Acc=0.1984, Prec=0.2531, Rec=0.2489, F1=0.1524, AUC=0.5040

========== Evaluation Summary (All Test Records) ==========

Dataset: TN3K
Eval epochs: [50]
Dice per eval: [0.7850000262260437]
HD95 per eval: [9.393600463867188]
Best Dice: 0.7850 at epoch 50
Best HD95: 9.3936 at epoch 50

BM metrics per eval:
  Acc:  [0.8294]
  Prec: [0.808]
  Rec:  [0.8487]
  F1:   [0.8277]
  AUROC:[0.8999]
  AUPRC:[0.8932]
Best BM F1: 0.8277 at epoch 50

TI-RADS metrics per eval:
  Acc:  [0.0]
  Prec: [0.0]
  Rec:  [0.0]
  F1:   [0.0]
  AUC:  [0.0]
Best TI-RADS F1: 0.0000 at epoch 50

Dataset: DDTI
Eval epochs: [50]
Dice per eval: [0.758899986743927]
HD95 per eval: [10.54259967803955]
Best Dice: 0.7589 at epoch 50
Best HD95: 10.5426 at epoch 50

BM metrics per eval:
  Acc:  [0.0]
  Prec: [0.0]
  Rec:  [0.0]
  F1:   [0.0]
  AUROC:[0.0]
  AUPRC:[0.0]
Best BM F1: 0.0000 at epoch 50

TI-RADS metrics per eval:
  Acc:  [0.0]
  Prec: [0.0]
  Rec:  [0.0]
  F1:   [0.0]
  AUC:  [0.0]
Best TI-RADS F1: 0.0000 at epoch 50

Dataset: ThyroidXL
Eval epochs: [50]
Dice per eval: [0.8608999848365784]
HD95 per eval: [3.511199951171875]
Best Dice: 0.8609 at epoch 50
Best HD95: 3.5112 at epoch 50

BM metrics per eval:
  Acc:  [0.8819]
  Prec: [0.7797]
  Rec:  [0.7821]
  F1:   [0.7807]
  AUROC:[0.9371]
  AUPRC:[0.8298]
Best BM F1: 0.7807 at epoch 50

TI-RADS metrics per eval:
  Acc:  [0.0]
  Prec: [0.0]
  Rec:  [0.0]
  F1:   [0.0]
  AUC:  [0.0]
Best TI-RADS F1: 0.0000 at epoch 50

Dataset: PKTN
Eval epochs: [50]
Dice per eval: [0.7530999779701233]
HD95 per eval: [7.661600112915039]
Best Dice: 0.7531 at epoch 50
Best HD95: 7.6616 at epoch 50

BM metrics per eval:
  Acc:  [0.0]
  Prec: [0.0]
  Rec:  [0.0]
  F1:   [0.0]
  AUROC:[0.0]
  AUPRC:[0.0]
Best BM F1: 0.0000 at epoch 50

TI-RADS metrics per eval:
  Acc:  [0.0]
  Prec: [0.0]
  Rec:  [0.0]
  F1:   [0.0]
  AUC:  [0.0]
Best TI-RADS F1: 0.0000 at epoch 50

Dataset: TN5K
Eval epochs: [50]
Dice per eval: [0.6732000112533569]
HD95 per eval: [9.21720027923584]
Best Dice: 0.6732 at epoch 50
Best HD95: 9.2172 at epoch 50

BM metrics per eval:
  Acc:  [0.764]
  Prec: [0.8277]
  Rec:  [0.84]
  F1:   [0.8336]
  AUROC:[0.7719]
  AUPRC:[0.8759]
Best BM F1: 0.8336 at epoch 50

TI-RADS metrics per eval:
  Acc:  [0.0]
  Prec: [0.0]
  Rec:  [0.0]
  F1:   [0.0]
  AUC:  [0.0]
Best TI-RADS F1: 0.0000 at epoch 50

Dataset: Cine-Clip
Eval epochs: [50]
Dice per eval: [0.6500999927520752]
HD95 per eval: [13.721500396728516]
Best Dice: 0.6501 at epoch 50
Best HD95: 13.7215 at epoch 50

BM metrics per eval:
  Acc:  [0.8423]
  Prec: [0.3505]
  Rec:  [0.3745]
  F1:   [0.3618]
  AUROC:[0.679]
  AUPRC:[0.3023]
Best BM F1: 0.3618 at epoch 50

TI-RADS metrics per eval:
  Acc:  [0.1984]
  Prec: [0.2531]
  Rec:  [0.2489]
  F1:   [0.1524]
  AUC:  [0.504]
Best TI-RADS F1: 0.1524 at epoch 50

==========================================================

========== Training Completed ==========
Training completed at Sat Jan 31 21:07:17 2026
