Training started at Thu Apr 30 00:39:27 2026
Method: dino_unet
Dataset: train_multitask_LNM_CN01
Epochs: 50
Target Key: LNM_CN01
LR: 0.0001
Batch Size: 12
Image Size: 224 x 224
DINO pretrained: True
Use Dilation: False
First sample: filename=2016/刘惠银/刘惠银_01_0001_0001.jpg, image=/mnt/wangbd8/workspace/DataSets/ThyroidAgent/Classifaction_Data/Malignant_ultrasound_images_cropped/2016/刘惠银/刘惠银_01_0001_0001.jpg, mask=/mnt/wangbd8/workspace/DataSets/ThyroidAgent/Classifaction_Data/Malignant_ultrasound_images_cropped_predictions/2016/刘惠银/刘惠银_01_0001_0001.png, target=0
Training set - LNM_CN01: Negative=5259 (67.32%), Positive=2553 (32.68%), Missing=3668
Auto-adjusted tau=0.70 (imbalance_ratio=2.06)
GLA parameters for LNM_CN01: p_neg=0.6732, p_pos=0.3268, tau=0.70
Logit adjustment magnitude: 0.5059
Loss weights: seg=1.0, cls=1.0
GA-MTL schedule per optimizer step: ['seg', 'cls']
steps_per_epoch (optimizer steps): 478
Epoch:1: seg_loss(avg):0.7271, cls_loss(avg):0.7627
Epoch:2: seg_loss(avg):0.5415, cls_loss(avg):0.7454
Epoch:3: seg_loss(avg):0.4987, cls_loss(avg):0.7001
Epoch:4: seg_loss(avg):0.4665, cls_loss(avg):0.6701
Epoch:5: seg_loss(avg):0.4523, cls_loss(avg):0.6451
Saved checkpoint at epoch 5
Epoch:6: seg_loss(avg):0.4365, cls_loss(avg):0.6168
Epoch:7: seg_loss(avg):0.4362, cls_loss(avg):0.5870
Epoch:8: seg_loss(avg):0.4332, cls_loss(avg):0.5402
Epoch:9: seg_loss(avg):0.4261, cls_loss(avg):0.4988
Epoch:10: seg_loss(avg):0.4175, cls_loss(avg):0.4778
Saved checkpoint at epoch 10
Epoch:11: seg_loss(avg):0.4070, cls_loss(avg):0.4278
Epoch:12: seg_loss(avg):0.4100, cls_loss(avg):0.3927
Epoch:13: seg_loss(avg):0.4015, cls_loss(avg):0.3587
Epoch:14: seg_loss(avg):0.3959, cls_loss(avg):0.3262
Epoch:15: seg_loss(avg):0.3965, cls_loss(avg):0.2962
Saved checkpoint at epoch 15
Epoch:16: seg_loss(avg):0.3917, cls_loss(avg):0.2722
Epoch:17: seg_loss(avg):0.3862, cls_loss(avg):0.2298
Epoch:18: seg_loss(avg):0.3785, cls_loss(avg):0.1968
Epoch:19: seg_loss(avg):0.3779, cls_loss(avg):0.2041
Epoch:20: seg_loss(avg):0.3718, cls_loss(avg):0.1727
Saved checkpoint at epoch 20
Epoch:21: seg_loss(avg):0.3623, cls_loss(avg):0.1569
Epoch:22: seg_loss(avg):0.3649, cls_loss(avg):0.1316
Epoch:23: seg_loss(avg):0.3597, cls_loss(avg):0.1186
Epoch:24: seg_loss(avg):0.3458, cls_loss(avg):0.1052
Epoch:25: seg_loss(avg):0.3483, cls_loss(avg):0.1003
Saved checkpoint at epoch 25
Epoch:26: seg_loss(avg):0.3457, cls_loss(avg):0.0836
Epoch:27: seg_loss(avg):0.3400, cls_loss(avg):0.0806
Epoch:28: seg_loss(avg):0.3352, cls_loss(avg):0.0665
Epoch:29: seg_loss(avg):0.3281, cls_loss(avg):0.0471
Epoch:30: seg_loss(avg):0.3208, cls_loss(avg):0.0482
Saved checkpoint at epoch 30
Epoch:31: seg_loss(avg):0.3184, cls_loss(avg):0.0466
Epoch:32: seg_loss(avg):0.3155, cls_loss(avg):0.0429
Epoch:33: seg_loss(avg):0.3125, cls_loss(avg):0.0304
Epoch:34: seg_loss(avg):0.3048, cls_loss(avg):0.0293
Epoch:35: seg_loss(avg):0.3065, cls_loss(avg):0.0280
Saved checkpoint at epoch 35
Epoch:36: seg_loss(avg):0.2990, cls_loss(avg):0.0241
Epoch:37: seg_loss(avg):0.2948, cls_loss(avg):0.0199
Epoch:38: seg_loss(avg):0.2880, cls_loss(avg):0.0091
Epoch:39: seg_loss(avg):0.2841, cls_loss(avg):0.0073
Epoch:40: seg_loss(avg):0.2864, cls_loss(avg):0.0173
Saved checkpoint at epoch 40
Epoch:41: seg_loss(avg):0.2820, cls_loss(avg):0.0090
Epoch:42: seg_loss(avg):0.2798, cls_loss(avg):0.0087
Epoch:43: seg_loss(avg):0.2776, cls_loss(avg):0.0042
Epoch:44: seg_loss(avg):0.2740, cls_loss(avg):0.0034
Epoch:45: seg_loss(avg):0.2700, cls_loss(avg):0.0037
Saved checkpoint at epoch 45
Epoch:46: seg_loss(avg):0.2706, cls_loss(avg):0.0024
Epoch:47: seg_loss(avg):0.2697, cls_loss(avg):0.0055
Epoch:48: seg_loss(avg):0.2689, cls_loss(avg):0.0035
Epoch:49: seg_loss(avg):0.2713, cls_loss(avg):0.0053
Epoch:50: seg_loss(avg):0.2666, cls_loss(avg):0.0030
Saved checkpoint at epoch 50

Validating epoch 50 on all test datasets...
Testing on LNM_CN01...
  LNM_CN01 - Dice: 0.8791, HD95: 7.2521
  LNM_CN01 - LNM_CN01: Acc=0.5926, Prec=0.7691, Rec=0.2639, F1=0.3923, AUROC=0.5882, AUPRC=0.6500, ECE=0.3913

========== Evaluation Summary (All Test Records) ==========


Dataset: LNM_CN01
Eval epochs: [50]
Dice per eval: [0.8791000247001648]
HD95 per eval: [7.252099990844727]
Best Dice: 0.8791 at epoch 50
Best HD95: 7.2521 at epoch 50

LNM_CN01 metrics per eval:
  Acc:  [0.5926]
  Prec: [0.7691]
  Rec:  [0.2639]
  F1:   [0.3923]
  AUROC:[0.5882]
  AUPRC:[0.65]
  ECE:  [0.3913]
Best LNM_CN01 F1: 0.3923 at epoch 50

==========================================================

========== Training Completed ==========
Training completed at Thu Apr 30 01:48:55 2026
