Training started at Mon May 11 15:27:40 2026
Method: dino_unet
Dataset: train_multitask_LNMCN01_LymphUs
Epochs: 40
Target Key: LNM_CN01
LR: 5e-05
Batch Size: 12
Image Size: 224 x 224
DINO pretrained: True
Use Dilation: False
First sample: filename=10_Benign_center1.png, image=/mnt/wangbd8/workspace/DataSets/ThyroidAgent/Classifaction_Data/Lymph_Node_Metastasis_fake/images/10_Benign_center1.png, mask=/mnt/wangbd8/workspace/DataSets/ThyroidAgent/Classifaction_Data/Lymph_Node_Metastasis_fake/masks/10_Benign_center1.png, target=0
Training set - LNM_CN01: Negative=109 (54.50%), Positive=91 (45.50%), Missing=0
Auto-adjusted tau=0.30 (imbalance_ratio=1.20)
GLA parameters for LNM_CN01: p_neg=0.5450, p_pos=0.4550, tau=0.30
Logit adjustment magnitude: 0.0541
Loss weights: seg=1.0, cls=1.0
GA-MTL schedule per optimizer step: ['seg', 'cls']
steps_per_epoch (optimizer steps): 8
Epoch:1: seg_loss(avg):1.3638, cls_loss(avg):0.6965
Epoch:2: seg_loss(avg):1.2580, cls_loss(avg):0.6755
Saved checkpoint at epoch 2

Validating epoch 2 on all test datasets...
Testing on LNM_CN01_LymphUs...
  LNM_CN01_LymphUs - Dice: 0.0499, HD95: 168.1931
  LNM_CN01_LymphUs - LNM_CN01: Acc=0.6778, Prec=0.7830, Rec=0.5253, F1=0.6270, AUROC=0.7287, AUPRC=0.7579, ECE=0.1407
Epoch:3: seg_loss(avg):1.0806, cls_loss(avg):0.6354
Epoch:4: seg_loss(avg):0.8839, cls_loss(avg):0.5046
Saved checkpoint at epoch 4

Validating epoch 4 on all test datasets...
Testing on LNM_CN01_LymphUs...
  LNM_CN01_LymphUs - Dice: 0.7881, HD95: 25.3260
  LNM_CN01_LymphUs - LNM_CN01: Acc=0.6970, Prec=0.6816, Rec=0.7816, F1=0.7271, AUROC=0.7766, AUPRC=0.7951, ECE=0.1451
Epoch:5: seg_loss(avg):0.7883, cls_loss(avg):0.5010
Epoch:6: seg_loss(avg):0.6905, cls_loss(avg):0.4019
Saved checkpoint at epoch 6

Validating epoch 6 on all test datasets...
Testing on LNM_CN01_LymphUs...
  LNM_CN01_LymphUs - Dice: 0.8112, HD95: 24.9838
  LNM_CN01_LymphUs - LNM_CN01: Acc=0.5506, Prec=0.5361, Rec=1.0000, F1=0.6971, AUROC=0.7655, AUPRC=0.7874, ECE=0.3368
Epoch:7: seg_loss(avg):0.6629, cls_loss(avg):0.3753
Epoch:8: seg_loss(avg):0.6374, cls_loss(avg):0.3251
Saved checkpoint at epoch 8

Validating epoch 8 on all test datasets...
Testing on LNM_CN01_LymphUs...
  LNM_CN01_LymphUs - Dice: 0.8358, HD95: 16.4260
  LNM_CN01_LymphUs - LNM_CN01: Acc=0.6455, Prec=0.6050, Rec=0.9143, F1=0.7272, AUROC=0.7845, AUPRC=0.7983, ECE=0.2308
Epoch:9: seg_loss(avg):0.6231, cls_loss(avg):0.2863
Epoch:10: seg_loss(avg):0.6051, cls_loss(avg):0.2679
Saved checkpoint at epoch 10

Validating epoch 10 on all test datasets...
Testing on LNM_CN01_LymphUs...
  LNM_CN01_LymphUs - Dice: 0.8539, HD95: 14.6789
  LNM_CN01_LymphUs - LNM_CN01: Acc=0.7165, Prec=0.6963, Rec=0.8057, F1=0.7459, AUROC=0.7910, AUPRC=0.8064, ECE=0.1601
Epoch:11: seg_loss(avg):0.5733, cls_loss(avg):0.1899
Epoch:12: seg_loss(avg):0.5186, cls_loss(avg):0.1166
Saved checkpoint at epoch 12

Validating epoch 12 on all test datasets...
Testing on LNM_CN01_LymphUs...
  LNM_CN01_LymphUs - Dice: 0.8654, HD95: 11.1904
  LNM_CN01_LymphUs - LNM_CN01: Acc=0.7290, Prec=0.6906, Rec=0.8667, F1=0.7677, AUROC=0.7995, AUPRC=0.8141, ECE=0.2002
Epoch:13: seg_loss(avg):0.5308, cls_loss(avg):0.0849
Epoch:14: seg_loss(avg):0.5107, cls_loss(avg):0.0981
Saved checkpoint at epoch 14

Validating epoch 14 on all test datasets...
Testing on LNM_CN01_LymphUs...
  LNM_CN01_LymphUs - Dice: 0.8515, HD95: 11.3019
  LNM_CN01_LymphUs - LNM_CN01: Acc=0.7347, Prec=0.8240, Rec=0.6221, F1=0.7075, AUROC=0.7975, AUPRC=0.8065, ECE=0.2022
Epoch:15: seg_loss(avg):0.5016, cls_loss(avg):0.1120
Epoch:16: seg_loss(avg):0.4775, cls_loss(avg):0.0817
Saved checkpoint at epoch 16

Validating epoch 16 on all test datasets...
Testing on LNM_CN01_LymphUs...
  LNM_CN01_LymphUs - Dice: 0.8662, HD95: 10.7474
  LNM_CN01_LymphUs - LNM_CN01: Acc=0.6393, Prec=0.5956, Rec=0.9513, F1=0.7317, AUROC=0.7958, AUPRC=0.7929, ECE=0.3248
Epoch:17: seg_loss(avg):0.4796, cls_loss(avg):0.0929
Epoch:18: seg_loss(avg):0.4741, cls_loss(avg):0.0620
Saved checkpoint at epoch 18

Validating epoch 18 on all test datasets...
Testing on LNM_CN01_LymphUs...
  LNM_CN01_LymphUs - Dice: 0.8596, HD95: 11.2153
  LNM_CN01_LymphUs - LNM_CN01: Acc=0.6580, Prec=0.6111, Rec=0.9388, F1=0.7394, AUROC=0.8068, AUPRC=0.8069, ECE=0.2939
Epoch:19: seg_loss(avg):0.4869, cls_loss(avg):0.0543
Epoch:20: seg_loss(avg):0.4627, cls_loss(avg):0.0501
Saved checkpoint at epoch 20

Validating epoch 20 on all test datasets...
Testing on LNM_CN01_LymphUs...
  LNM_CN01_LymphUs - Dice: 0.8603, HD95: 10.6903
  LNM_CN01_LymphUs - LNM_CN01: Acc=0.7418, Prec=0.7043, Rec=0.8667, F1=0.7762, AUROC=0.8037, AUPRC=0.8042, ECE=0.2196
Epoch:21: seg_loss(avg):0.4553, cls_loss(avg):0.0339
Epoch:22: seg_loss(avg):0.4483, cls_loss(avg):0.0406
Saved checkpoint at epoch 22

Validating epoch 22 on all test datasets...
Testing on LNM_CN01_LymphUs...
  LNM_CN01_LymphUs - Dice: 0.8620, HD95: 10.1109
  LNM_CN01_LymphUs - LNM_CN01: Acc=0.7479, Prec=0.7401, Rec=0.7933, F1=0.7647, AUROC=0.8035, AUPRC=0.8135, ECE=0.2068
Epoch:23: seg_loss(avg):0.4298, cls_loss(avg):0.0285
Epoch:24: seg_loss(avg):0.4380, cls_loss(avg):0.0294
Saved checkpoint at epoch 24

Validating epoch 24 on all test datasets...
Testing on LNM_CN01_LymphUs...
  LNM_CN01_LymphUs - Dice: 0.8687, HD95: 10.3472
  LNM_CN01_LymphUs - LNM_CN01: Acc=0.7480, Prec=0.7297, Rec=0.8176, F1=0.7701, AUROC=0.8042, AUPRC=0.8098, ECE=0.2165
Epoch:25: seg_loss(avg):0.4355, cls_loss(avg):0.0272
Epoch:26: seg_loss(avg):0.4277, cls_loss(avg):0.0265
Saved checkpoint at epoch 26

Validating epoch 26 on all test datasets...
Testing on LNM_CN01_LymphUs...
  LNM_CN01_LymphUs - Dice: 0.8717, HD95: 10.1382
  LNM_CN01_LymphUs - LNM_CN01: Acc=0.7482, Prec=0.7032, Rec=0.8914, F1=0.7853, AUROC=0.8052, AUPRC=0.8090, ECE=0.2257
Epoch:27: seg_loss(avg):0.4383, cls_loss(avg):0.0257
Epoch:28: seg_loss(avg):0.4267, cls_loss(avg):0.0290
Saved checkpoint at epoch 28

Validating epoch 28 on all test datasets...
Testing on LNM_CN01_LymphUs...
  LNM_CN01_LymphUs - Dice: 0.8705, HD95: 10.2029
  LNM_CN01_LymphUs - LNM_CN01: Acc=0.7548, Prec=0.7233, Rec=0.8549, F1=0.7827, AUROC=0.8059, AUPRC=0.8105, ECE=0.2291
Epoch:29: seg_loss(avg):0.4301, cls_loss(avg):0.0241
Epoch:30: seg_loss(avg):0.4225, cls_loss(avg):0.0225
Saved checkpoint at epoch 30

Validating epoch 30 on all test datasets...
Testing on LNM_CN01_LymphUs...
  LNM_CN01_LymphUs - Dice: 0.8722, HD95: 10.2608
  LNM_CN01_LymphUs - LNM_CN01: Acc=0.7547, Prec=0.7280, Rec=0.8424, F1=0.7801, AUROC=0.8070, AUPRC=0.8097, ECE=0.2208
Epoch:31: seg_loss(avg):0.4019, cls_loss(avg):0.0217
Epoch:32: seg_loss(avg):0.4087, cls_loss(avg):0.0203
Saved checkpoint at epoch 32

Validating epoch 32 on all test datasets...
Testing on LNM_CN01_LymphUs...
  LNM_CN01_LymphUs - Dice: 0.8722, HD95: 10.2729
  LNM_CN01_LymphUs - LNM_CN01: Acc=0.7479, Prec=0.7297, Rec=0.8175, F1=0.7700, AUROC=0.8054, AUPRC=0.8055, ECE=0.2162
Epoch:33: seg_loss(avg):0.4064, cls_loss(avg):0.0219
Epoch:34: seg_loss(avg):0.4105, cls_loss(avg):0.0233
Saved checkpoint at epoch 34

Validating epoch 34 on all test datasets...
Testing on LNM_CN01_LymphUs...
  LNM_CN01_LymphUs - Dice: 0.8684, HD95: 10.3117
  LNM_CN01_LymphUs - LNM_CN01: Acc=0.7479, Prec=0.7297, Rec=0.8175, F1=0.7700, AUROC=0.8051, AUPRC=0.8054, ECE=0.2153
Epoch:35: seg_loss(avg):0.4089, cls_loss(avg):0.0273
Epoch:36: seg_loss(avg):0.4145, cls_loss(avg):0.0215
Saved checkpoint at epoch 36

Validating epoch 36 on all test datasets...
Testing on LNM_CN01_LymphUs...
  LNM_CN01_LymphUs - Dice: 0.8713, HD95: 10.2966
  LNM_CN01_LymphUs - LNM_CN01: Acc=0.7609, Prec=0.7356, Rec=0.8424, F1=0.7844, AUROC=0.8048, AUPRC=0.8047, ECE=0.2245
Epoch:37: seg_loss(avg):0.3923, cls_loss(avg):0.0234
Epoch:38: seg_loss(avg):0.4027, cls_loss(avg):0.0209
Saved checkpoint at epoch 38

Validating epoch 38 on all test datasets...
Testing on LNM_CN01_LymphUs...
  LNM_CN01_LymphUs - Dice: 0.8716, HD95: 10.2702
  LNM_CN01_LymphUs - LNM_CN01: Acc=0.7609, Prec=0.7356, Rec=0.8424, F1=0.7844, AUROC=0.8046, AUPRC=0.8044, ECE=0.2245
Epoch:39: seg_loss(avg):0.3962, cls_loss(avg):0.0283
Epoch:40: seg_loss(avg):0.4009, cls_loss(avg):0.0200
Saved checkpoint at epoch 40

Validating epoch 40 on all test datasets...
Testing on LNM_CN01_LymphUs...
  LNM_CN01_LymphUs - Dice: 0.8712, HD95: 10.2896
  LNM_CN01_LymphUs - LNM_CN01: Acc=0.7609, Prec=0.7356, Rec=0.8424, F1=0.7844, AUROC=0.8049, AUPRC=0.8047, ECE=0.2243

========== Evaluation Summary (All Test Records) ==========


Dataset: LNM_CN01_LymphUs
Eval epochs: [2, 4, 6, 8, 10, 12, 14, 16, 18, 20, 22, 24, 26, 28, 30, 32, 34, 36, 38, 40]
Dice per eval: [0.04989999905228615, 0.788100004196167, 0.8112000226974487, 0.8357999920845032, 0.8539000153541565, 0.8654000163078308, 0.8514999747276306, 0.8661999702453613, 0.8596000075340271, 0.8603000044822693, 0.8619999885559082, 0.8687000274658203, 0.8716999888420105, 0.8705000281333923, 0.8722000122070312, 0.8722000122070312, 0.868399977684021, 0.8712999820709229, 0.8715999722480774, 0.8712000250816345]
HD95 per eval: [168.19309997558594, 25.326000213623047, 24.983800888061523, 16.426000595092773, 14.678899765014648, 11.190400123596191, 11.301899909973145, 10.747400283813477, 11.215299606323242, 10.690299987792969, 10.110899925231934, 10.347200393676758, 10.138199806213379, 10.202899932861328, 10.2608003616333, 10.272899627685547, 10.311699867248535, 10.296600341796875, 10.2701997756958, 10.289600372314453]
Best Dice: 0.8722 at epoch 30
Best HD95: 10.1109 at epoch 22

LNM_CN01 metrics per eval:
  Acc:  [0.6778, 0.697, 0.5506, 0.6455, 0.7165, 0.729, 0.7347, 0.6393, 0.658, 0.7418, 0.7479, 0.748, 0.7482, 0.7548, 0.7547, 0.7479, 0.7479, 0.7609, 0.7609, 0.7609]
  Prec: [0.783, 0.6816, 0.5361, 0.605, 0.6963, 0.6906, 0.824, 0.5956, 0.6111, 0.7043, 0.7401, 0.7297, 0.7032, 0.7233, 0.728, 0.7297, 0.7297, 0.7356, 0.7356, 0.7356]
  Rec:  [0.5253, 0.7816, 1.0, 0.9143, 0.8057, 0.8667, 0.6221, 0.9513, 0.9388, 0.8667, 0.7933, 0.8176, 0.8914, 0.8549, 0.8424, 0.8175, 0.8175, 0.8424, 0.8424, 0.8424]
  F1:   [0.627, 0.7271, 0.6971, 0.7272, 0.7459, 0.7677, 0.7075, 0.7317, 0.7394, 0.7762, 0.7647, 0.7701, 0.7853, 0.7827, 0.7801, 0.77, 0.77, 0.7844, 0.7844, 0.7844]
  AUROC:[0.7287, 0.7766, 0.7655, 0.7845, 0.791, 0.7995, 0.7975, 0.7958, 0.8068, 0.8037, 0.8035, 0.8042, 0.8052, 0.8059, 0.807, 0.8054, 0.8051, 0.8048, 0.8046, 0.8049]
  AUPRC:[0.7579, 0.7951, 0.7874, 0.7983, 0.8064, 0.8141, 0.8065, 0.7929, 0.8069, 0.8042, 0.8135, 0.8098, 0.809, 0.8105, 0.8097, 0.8055, 0.8054, 0.8047, 0.8044, 0.8047]
  ECE:  [0.1407, 0.1451, 0.3368, 0.2308, 0.1601, 0.2002, 0.2022, 0.3248, 0.2939, 0.2196, 0.2068, 0.2165, 0.2257, 0.2291, 0.2208, 0.2162, 0.2153, 0.2245, 0.2245, 0.2243]
Best LNM_CN01 F1: 0.7853 at epoch 26

==========================================================

========== Training Completed ==========
Training completed at Mon May 11 15:33:15 2026
