Training started at Sat May 16 21:33:24 2026
Method: dino_unet
Dataset: train_multitask_FTCPTC
Epochs: 20
Target Key: FTCPTC
LR: 0.0001
Batch Size: 12
Image Size: 224 x 224
DINO pretrained: True
Use Dilation: False
First sample: filename=2016/刘惠银/刘惠银_01_0001_0001.jpg, image=/mnt/wangbd8/workspace/DataSets/ThyroidAgent/Classifaction_Data/Malignant_ultrasound_images_cropped/2016/刘惠银/刘惠银_01_0001_0001.jpg, mask=/mnt/wangbd8/workspace/DataSets/ThyroidAgent/Classifaction_Data/Malignant_ultrasound_images_cropped_predictions/2016/刘惠银/刘惠银_01_0001_0001.png, target=-1
Training set - FTCPTC: Negative=1818 (92.43%), Positive=149 (7.57%), Missing=29
Auto-adjusted tau=1.00 (imbalance_ratio=12.20)
GLA parameters for FTCPTC: p_neg=0.9243, p_pos=0.0757, tau=1.00
Logit adjustment magnitude: 2.5015
Loss weights: seg=1.0, cls=1.0
GA-MTL schedule per optimizer step: ['seg', 'cls']
steps_per_epoch (optimizer steps): 83
Epoch:1: seg_loss(avg):0.8066, cls_loss(avg):0.4448
Epoch:2: seg_loss(avg):0.5945, cls_loss(avg):0.4695

Validating epoch 2 on all test datasets...
Testing on FTCPTC...
  FTCPTC - Dice: 0.8415, HD95: 11.0609
  FTCPTC - FTCPTC: Acc=0.6351, Prec=0.0000, Rec=0.0000, F1=0.0000, AUROC=0.6307, AUPRC=0.4867, ECE=0.2875
Epoch:3: seg_loss(avg):0.5057, cls_loss(avg):0.4614
Epoch:4: seg_loss(avg):0.4678, cls_loss(avg):0.4870

Validating epoch 4 on all test datasets...
Testing on FTCPTC...
  FTCPTC - Dice: 0.8759, HD95: 7.3531
  FTCPTC - FTCPTC: Acc=0.6351, Prec=0.0000, Rec=0.0000, F1=0.0000, AUROC=0.4845, AUPRC=0.4208, ECE=0.3009
Epoch:5: seg_loss(avg):0.4171, cls_loss(avg):0.4556
Saved checkpoint at epoch 5
Epoch:6: seg_loss(avg):0.4104, cls_loss(avg):0.4416

Validating epoch 6 on all test datasets...
Testing on FTCPTC...
  FTCPTC - Dice: 0.8624, HD95: 7.7306
  FTCPTC - FTCPTC: Acc=0.6351, Prec=0.0000, Rec=0.0000, F1=0.0000, AUROC=0.5116, AUPRC=0.3918, ECE=0.3199
Epoch:7: seg_loss(avg):0.3781, cls_loss(avg):0.4250
Epoch:8: seg_loss(avg):0.3608, cls_loss(avg):0.4837

Validating epoch 8 on all test datasets...
Testing on FTCPTC...
  FTCPTC - Dice: 0.8800, HD95: 6.7085
  FTCPTC - FTCPTC: Acc=0.6351, Prec=0.0000, Rec=0.0000, F1=0.0000, AUROC=0.4807, AUPRC=0.3844, ECE=0.2833
Epoch:9: seg_loss(avg):0.3425, cls_loss(avg):0.4578
Epoch:10: seg_loss(avg):0.3277, cls_loss(avg):0.4497
Saved checkpoint at epoch 10

Validating epoch 10 on all test datasets...
Testing on FTCPTC...
  FTCPTC - Dice: 0.8948, HD95: 6.4555
  FTCPTC - FTCPTC: Acc=0.6351, Prec=0.0000, Rec=0.0000, F1=0.0000, AUROC=0.4879, AUPRC=0.3638, ECE=0.2979
Epoch:11: seg_loss(avg):0.3025, cls_loss(avg):0.4930
Epoch:12: seg_loss(avg):0.2970, cls_loss(avg):0.4556

Validating epoch 12 on all test datasets...
Testing on FTCPTC...
  FTCPTC - Dice: 0.8909, HD95: 6.3572
  FTCPTC - FTCPTC: Acc=0.6351, Prec=0.0000, Rec=0.0000, F1=0.0000, AUROC=0.5300, AUPRC=0.4400, ECE=0.2849
Epoch:13: seg_loss(avg):0.2849, cls_loss(avg):0.4382
Epoch:14: seg_loss(avg):0.2728, cls_loss(avg):0.4053

Validating epoch 14 on all test datasets...
Testing on FTCPTC...
  FTCPTC - Dice: 0.8951, HD95: 6.3040
  FTCPTC - FTCPTC: Acc=0.6351, Prec=0.0000, Rec=0.0000, F1=0.0000, AUROC=0.5475, AUPRC=0.4390, ECE=0.2880
Epoch:15: seg_loss(avg):0.2709, cls_loss(avg):0.4338
Saved checkpoint at epoch 15
Epoch:16: seg_loss(avg):0.2662, cls_loss(avg):0.4045

Validating epoch 16 on all test datasets...
Testing on FTCPTC...
  FTCPTC - Dice: 0.8975, HD95: 5.7938
  FTCPTC - FTCPTC: Acc=0.6351, Prec=0.0000, Rec=0.0000, F1=0.0000, AUROC=0.5391, AUPRC=0.4416, ECE=0.2757
Epoch:17: seg_loss(avg):0.2545, cls_loss(avg):0.3921
Epoch:18: seg_loss(avg):0.2578, cls_loss(avg):0.3739

Validating epoch 18 on all test datasets...
Testing on FTCPTC...
  FTCPTC - Dice: 0.9016, HD95: 5.8392
  FTCPTC - FTCPTC: Acc=0.6351, Prec=0.0000, Rec=0.0000, F1=0.0000, AUROC=0.5516, AUPRC=0.4609, ECE=0.2909
Epoch:19: seg_loss(avg):0.2564, cls_loss(avg):0.3589
Epoch:20: seg_loss(avg):0.2543, cls_loss(avg):0.3784
Saved checkpoint at epoch 20

Validating epoch 20 on all test datasets...
Testing on FTCPTC...
