Training started at Wed Jan 14 15:03:12 2026
Method: dino_unet
Dataset: 128size_train_multitask_dataset3
Epochs: 50
LR: 0.0001
Batch Size: 12
Image Size: 128 x 128
DINO pretrained: True
Use Dilation: False
Training set - Benign/Malignant: Benign=10415 (58.60%), Malignant=7359 (41.40%)
Auto-adjusted tau=0.50 (imbalance_ratio=1.42)
GLA parameters: p_benign=0.5860, p_malignant=0.4140, tau=0.50
Logit adjustment magnitude: 0.1737
Training set - TI-RADS distribution (1-5): [0, 0, 0, 0, 0]
TI-RADS probabilities: [0.20000000298023224, 0.20000000298023224, 0.20000000298023224, 0.20000000298023224, 0.20000000298023224]
Loss weights: seg=1.0, bm=1.0, tirads=1.0
GA-MTL schedule per optimizer step: ['seg', 'bm']
steps_per_epoch (optimizer steps): 740
Epoch:1: seg_loss(avg):0.6488, bm_loss(avg):0.5848, tirads_loss(avg):0.0000
Epoch:2: seg_loss(avg):0.5036, bm_loss(avg):0.4550, tirads_loss(avg):0.0000
Epoch:3: seg_loss(avg):0.4678, bm_loss(avg):0.4068, tirads_loss(avg):0.0000
Epoch:4: seg_loss(avg):0.4466, bm_loss(avg):0.3863, tirads_loss(avg):0.0000
Epoch:5: seg_loss(avg):0.4380, bm_loss(avg):0.3531, tirads_loss(avg):0.0000
Saved checkpoint at epoch 5

Validating epoch 5 on all test datasets...
Testing on TN3K...
  TN3K - Dice: 0.7723, HD95: 8.7567
  TN3K - BM: Acc=0.7390, Prec=0.6528, Rec=0.6862, F1=0.6686, AUROC=0.8128, AUPRC=0.7508
  TN3K - TI-RADS: Acc=0.0000, Prec=0.0000, Rec=0.0000, F1=0.0000, AUC=0.0000
Testing on DDTI...
  DDTI - Dice: 0.7299, HD95: 11.9609
  DDTI - BM: Acc=0.0000, Prec=0.0000, Rec=0.0000, F1=0.0000, AUROC=0.0000, AUPRC=0.0000
  DDTI - TI-RADS: Acc=0.0000, Prec=0.0000, Rec=0.0000, F1=0.0000, AUC=0.0000
Testing on ThyroidXL...
  ThyroidXL - Dice: 0.8269, HD95: 4.6570
  ThyroidXL - BM: Acc=0.8187, Prec=0.8566, Rec=0.7320, F1=0.7893, AUROC=0.9119, AUPRC=0.8901
  ThyroidXL - TI-RADS: Acc=0.0000, Prec=0.0000, Rec=0.0000, F1=0.0000, AUC=0.0000
Testing on PKTN...
  PKTN - Dice: 0.7269, HD95: 9.2009
  PKTN - BM: Acc=0.0000, Prec=0.0000, Rec=0.0000, F1=0.0000, AUROC=0.0000, AUPRC=0.0000
  PKTN - TI-RADS: Acc=0.0000, Prec=0.0000, Rec=0.0000, F1=0.0000, AUC=0.0000
Testing on TN5K...
  TN5K - Dice: 0.7103, HD95: 7.3983
  TN5K - BM: Acc=0.8526, Prec=0.8665, Rec=0.9438, F1=0.9034, AUROC=0.8926, AUPRC=0.9478
  TN5K - TI-RADS: Acc=0.0000, Prec=0.0000, Rec=0.0000, F1=0.0000, AUC=0.0000
Epoch:6: seg_loss(avg):0.4249, bm_loss(avg):0.3325, tirads_loss(avg):0.0000
Epoch:7: seg_loss(avg):0.4169, bm_loss(avg):0.3115, tirads_loss(avg):0.0000
Epoch:8: seg_loss(avg):0.4136, bm_loss(avg):0.2962, tirads_loss(avg):0.0000
Epoch:9: seg_loss(avg):0.4011, bm_loss(avg):0.2769, tirads_loss(avg):0.0000
Epoch:10: seg_loss(avg):0.3946, bm_loss(avg):0.2534, tirads_loss(avg):0.0000
Saved checkpoint at epoch 10

Validating epoch 10 on all test datasets...
Testing on TN3K...
  TN3K - Dice: 0.7961, HD95: 8.1481
  TN3K - BM: Acc=0.7047, Prec=0.5922, Rec=0.7451, F1=0.6595, AUROC=0.7929, AUPRC=0.7399
  TN3K - TI-RADS: Acc=0.0000, Prec=0.0000, Rec=0.0000, F1=0.0000, AUC=0.0000
Testing on DDTI...
  DDTI - Dice: 0.7511, HD95: 11.3612
  DDTI - BM: Acc=0.0000, Prec=0.0000, Rec=0.0000, F1=0.0000, AUROC=0.0000, AUPRC=0.0000
  DDTI - TI-RADS: Acc=0.0000, Prec=0.0000, Rec=0.0000, F1=0.0000, AUC=0.0000
Testing on ThyroidXL...
  ThyroidXL - Dice: 0.8325, HD95: 4.6725
  ThyroidXL - BM: Acc=0.8318, Prec=0.8722, Rec=0.7471, F1=0.8048, AUROC=0.9176, AUPRC=0.8958
  ThyroidXL - TI-RADS: Acc=0.0000, Prec=0.0000, Rec=0.0000, F1=0.0000, AUC=0.0000
Testing on PKTN...
  PKTN - Dice: 0.7461, HD95: 9.0749
  PKTN - BM: Acc=0.0000, Prec=0.0000, Rec=0.0000, F1=0.0000, AUROC=0.0000, AUPRC=0.0000
  PKTN - TI-RADS: Acc=0.0000, Prec=0.0000, Rec=0.0000, F1=0.0000, AUC=0.0000
Testing on TN5K...
  TN5K - Dice: 0.7330, HD95: 7.6043
  TN5K - BM: Acc=0.8810, Prec=0.9134, Rec=0.9248, F1=0.9190, AUROC=0.9172, AUPRC=0.9612
  TN5K - TI-RADS: Acc=0.0000, Prec=0.0000, Rec=0.0000, F1=0.0000, AUC=0.0000
Epoch:11: seg_loss(avg):0.3923, bm_loss(avg):0.2471, tirads_loss(avg):0.0000
Epoch:12: seg_loss(avg):0.3819, bm_loss(avg):0.2352, tirads_loss(avg):0.0000
Epoch:13: seg_loss(avg):0.3814, bm_loss(avg):0.2152, tirads_loss(avg):0.0000
Epoch:14: seg_loss(avg):0.3744, bm_loss(avg):0.2059, tirads_loss(avg):0.0000
Epoch:15: seg_loss(avg):0.3687, bm_loss(avg):0.1891, tirads_loss(avg):0.0000
Saved checkpoint at epoch 15

Validating epoch 15 on all test datasets...
Testing on TN3K...
  TN3K - Dice: 0.7939, HD95: 8.4243
  TN3K - BM: Acc=0.7063, Prec=0.5919, Rec=0.7617, F1=0.6657, AUROC=0.7869, AUPRC=0.7127
  TN3K - TI-RADS: Acc=0.0000, Prec=0.0000, Rec=0.0000, F1=0.0000, AUC=0.0000
Testing on DDTI...
  DDTI - Dice: 0.7394, HD95: 12.6609
  DDTI - BM: Acc=0.0000, Prec=0.0000, Rec=0.0000, F1=0.0000, AUROC=0.0000, AUPRC=0.0000
  DDTI - TI-RADS: Acc=0.0000, Prec=0.0000, Rec=0.0000, F1=0.0000, AUC=0.0000
Testing on ThyroidXL...
  ThyroidXL - Dice: 0.8414, HD95: 4.2784
  ThyroidXL - BM: Acc=0.8086, Prec=0.8618, Rec=0.7000, F1=0.7724, AUROC=0.9082, AUPRC=0.8834
  ThyroidXL - TI-RADS: Acc=0.0000, Prec=0.0000, Rec=0.0000, F1=0.0000, AUC=0.0000
Testing on PKTN...
  PKTN - Dice: 0.7461, HD95: 9.2613
  PKTN - BM: Acc=0.0000, Prec=0.0000, Rec=0.0000, F1=0.0000, AUROC=0.0000, AUPRC=0.0000
  PKTN - TI-RADS: Acc=0.0000, Prec=0.0000, Rec=0.0000, F1=0.0000, AUC=0.0000
Testing on TN5K...
  TN5K - Dice: 0.7339, HD95: 7.5735
  TN5K - BM: Acc=0.8578, Prec=0.8828, Rec=0.9289, F1=0.9052, AUROC=0.9120, AUPRC=0.9608
  TN5K - TI-RADS: Acc=0.0000, Prec=0.0000, Rec=0.0000, F1=0.0000, AUC=0.0000
Epoch:16: seg_loss(avg):0.3620, bm_loss(avg):0.1722, tirads_loss(avg):0.0000
Epoch:17: seg_loss(avg):0.3597, bm_loss(avg):0.1628, tirads_loss(avg):0.0000
Epoch:18: seg_loss(avg):0.3575, bm_loss(avg):0.1529, tirads_loss(avg):0.0000
Epoch:19: seg_loss(avg):0.3532, bm_loss(avg):0.1363, tirads_loss(avg):0.0000
Epoch:20: seg_loss(avg):0.3483, bm_loss(avg):0.1257, tirads_loss(avg):0.0000
Saved checkpoint at epoch 20

Validating epoch 20 on all test datasets...
Testing on TN3K...
  TN3K - Dice: 0.7999, HD95: 8.1708
  TN3K - BM: Acc=0.7197, Prec=0.6047, Rec=0.7833, F1=0.6821, AUROC=0.8003, AUPRC=0.7216
  TN3K - TI-RADS: Acc=0.0000, Prec=0.0000, Rec=0.0000, F1=0.0000, AUC=0.0000
Testing on DDTI...
  DDTI - Dice: 0.7319, HD95: 12.0475
  DDTI - BM: Acc=0.0000, Prec=0.0000, Rec=0.0000, F1=0.0000, AUROC=0.0000, AUPRC=0.0000
  DDTI - TI-RADS: Acc=0.0000, Prec=0.0000, Rec=0.0000, F1=0.0000, AUC=0.0000
Testing on ThyroidXL...
  ThyroidXL - Dice: 0.8411, HD95: 4.2622
  ThyroidXL - BM: Acc=0.8304, Prec=0.8421, Rec=0.7813, F1=0.8105, AUROC=0.9123, AUPRC=0.8861
  ThyroidXL - TI-RADS: Acc=0.0000, Prec=0.0000, Rec=0.0000, F1=0.0000, AUC=0.0000
Testing on PKTN...
  PKTN - Dice: 0.7544, HD95: 8.3434
  PKTN - BM: Acc=0.0000, Prec=0.0000, Rec=0.0000, F1=0.0000, AUROC=0.0000, AUPRC=0.0000
  PKTN - TI-RADS: Acc=0.0000, Prec=0.0000, Rec=0.0000, F1=0.0000, AUC=0.0000
Testing on TN5K...
  TN5K - Dice: 0.7390, HD95: 7.3651
  TN5K - BM: Acc=0.8670, Prec=0.8793, Rec=0.9481, F1=0.9124, AUROC=0.9152, AUPRC=0.9622
  TN5K - TI-RADS: Acc=0.0000, Prec=0.0000, Rec=0.0000, F1=0.0000, AUC=0.0000
Epoch:21: seg_loss(avg):0.3431, bm_loss(avg):0.1180, tirads_loss(avg):0.0000
Epoch:22: seg_loss(avg):0.3441, bm_loss(avg):0.1060, tirads_loss(avg):0.0000
Epoch:23: seg_loss(avg):0.3375, bm_loss(avg):0.1034, tirads_loss(avg):0.0000
Epoch:24: seg_loss(avg):0.3323, bm_loss(avg):0.0898, tirads_loss(avg):0.0000
Epoch:25: seg_loss(avg):0.3257, bm_loss(avg):0.0792, tirads_loss(avg):0.0000
Saved checkpoint at epoch 25

Validating epoch 25 on all test datasets...
Testing on TN3K...
  TN3K - Dice: 0.7934, HD95: 8.2272
  TN3K - BM: Acc=0.6951, Prec=0.5749, Rec=0.7952, F1=0.6669, AUROC=0.7979, AUPRC=0.7420
  TN3K - TI-RADS: Acc=0.0000, Prec=0.0000, Rec=0.0000, F1=0.0000, AUC=0.0000
Testing on DDTI...
  DDTI - Dice: 0.7324, HD95: 11.6190
  DDTI - BM: Acc=0.0000, Prec=0.0000, Rec=0.0000, F1=0.0000, AUROC=0.0000, AUPRC=0.0000
  DDTI - TI-RADS: Acc=0.0000, Prec=0.0000, Rec=0.0000, F1=0.0000, AUC=0.0000
Testing on ThyroidXL...
  ThyroidXL - Dice: 0.8460, HD95: 4.0514
  ThyroidXL - BM: Acc=0.8396, Prec=0.8508, Rec=0.7938, F1=0.8212, AUROC=0.9173, AUPRC=0.8946
  ThyroidXL - TI-RADS: Acc=0.0000, Prec=0.0000, Rec=0.0000, F1=0.0000, AUC=0.0000
Testing on PKTN...
  PKTN - Dice: 0.7668, HD95: 8.0674
  PKTN - BM: Acc=0.0000, Prec=0.0000, Rec=0.0000, F1=0.0000, AUROC=0.0000, AUPRC=0.0000
  PKTN - TI-RADS: Acc=0.0000, Prec=0.0000, Rec=0.0000, F1=0.0000, AUC=0.0000
Testing on TN5K...
  TN5K - Dice: 0.7470, HD95: 6.9242
  TN5K - BM: Acc=0.8808, Prec=0.8901, Rec=0.9548, F1=0.9213, AUROC=0.9303, AUPRC=0.9701
  TN5K - TI-RADS: Acc=0.0000, Prec=0.0000, Rec=0.0000, F1=0.0000, AUC=0.0000
Epoch:26: seg_loss(avg):0.3222, bm_loss(avg):0.0760, tirads_loss(avg):0.0000
Epoch:27: seg_loss(avg):0.3195, bm_loss(avg):0.0691, tirads_loss(avg):0.0000
Epoch:28: seg_loss(avg):0.3159, bm_loss(avg):0.0630, tirads_loss(avg):0.0000
Epoch:29: seg_loss(avg):0.3117, bm_loss(avg):0.0571, tirads_loss(avg):0.0000
Epoch:30: seg_loss(avg):0.3045, bm_loss(avg):0.0473, tirads_loss(avg):0.0000
Saved checkpoint at epoch 30

Validating epoch 30 on all test datasets...
Testing on TN3K...
  TN3K - Dice: 0.7989, HD95: 7.9461
  TN3K - BM: Acc=0.7264, Prec=0.6235, Rec=0.7283, F1=0.6714, AUROC=0.7928, AUPRC=0.7119
  TN3K - TI-RADS: Acc=0.0000, Prec=0.0000, Rec=0.0000, F1=0.0000, AUC=0.0000
Testing on DDTI...
  DDTI - Dice: 0.7521, HD95: 10.8266
  DDTI - BM: Acc=0.0000, Prec=0.0000, Rec=0.0000, F1=0.0000, AUROC=0.0000, AUPRC=0.0000
  DDTI - TI-RADS: Acc=0.0000, Prec=0.0000, Rec=0.0000, F1=0.0000, AUC=0.0000
Testing on ThyroidXL...
  ThyroidXL - Dice: 0.8480, HD95: 3.9405
  ThyroidXL - BM: Acc=0.8352, Prec=0.8447, Rec=0.7905, F1=0.8166, AUROC=0.9113, AUPRC=0.8822
  ThyroidXL - TI-RADS: Acc=0.0000, Prec=0.0000, Rec=0.0000, F1=0.0000, AUC=0.0000
Testing on PKTN...
  PKTN - Dice: 0.7652, HD95: 7.8736
  PKTN - BM: Acc=0.0000, Prec=0.0000, Rec=0.0000, F1=0.0000, AUROC=0.0000, AUPRC=0.0000
  PKTN - TI-RADS: Acc=0.0000, Prec=0.0000, Rec=0.0000, F1=0.0000, AUC=0.0000
Testing on TN5K...
  TN5K - Dice: 0.7517, HD95: 6.6581
  TN5K - BM: Acc=0.8874, Prec=0.9052, Rec=0.9451, F1=0.9246, AUROC=0.9301, AUPRC=0.9672
  TN5K - TI-RADS: Acc=0.0000, Prec=0.0000, Rec=0.0000, F1=0.0000, AUC=0.0000
Epoch:31: seg_loss(avg):0.2999, bm_loss(avg):0.0422, tirads_loss(avg):0.0000
Epoch:32: seg_loss(avg):0.2983, bm_loss(avg):0.0375, tirads_loss(avg):0.0000
Epoch:33: seg_loss(avg):0.2948, bm_loss(avg):0.0386, tirads_loss(avg):0.0000
Epoch:34: seg_loss(avg):0.2888, bm_loss(avg):0.0344, tirads_loss(avg):0.0000
Epoch:35: seg_loss(avg):0.2861, bm_loss(avg):0.0211, tirads_loss(avg):0.0000
Saved checkpoint at epoch 35

Validating epoch 35 on all test datasets...
Testing on TN3K...
  TN3K - Dice: 0.8057, HD95: 7.4448
  TN3K - BM: Acc=0.7356, Prec=0.6422, Rec=0.7060, F1=0.6721, AUROC=0.7806, AUPRC=0.7116
  TN3K - TI-RADS: Acc=0.0000, Prec=0.0000, Rec=0.0000, F1=0.0000, AUC=0.0000
Testing on DDTI...
  DDTI - Dice: 0.7553, HD95: 10.5551
  DDTI - BM: Acc=0.0000, Prec=0.0000, Rec=0.0000, F1=0.0000, AUROC=0.0000, AUPRC=0.0000
  DDTI - TI-RADS: Acc=0.0000, Prec=0.0000, Rec=0.0000, F1=0.0000, AUC=0.0000
Testing on ThyroidXL...
  ThyroidXL - Dice: 0.8521, HD95: 3.8654
  ThyroidXL - BM: Acc=0.8059, Prec=0.8939, Rec=0.6605, F1=0.7596, AUROC=0.9080, AUPRC=0.8857
  ThyroidXL - TI-RADS: Acc=0.0000, Prec=0.0000, Rec=0.0000, F1=0.0000, AUC=0.0000
Testing on PKTN...
  PKTN - Dice: 0.7748, HD95: 7.6056
  PKTN - BM: Acc=0.0000, Prec=0.0000, Rec=0.0000, F1=0.0000, AUROC=0.0000, AUPRC=0.0000
  PKTN - TI-RADS: Acc=0.0000, Prec=0.0000, Rec=0.0000, F1=0.0000, AUC=0.0000
Testing on TN5K...
  TN5K - Dice: 0.7619, HD95: 6.5686
  TN5K - BM: Acc=0.8732, Prec=0.9314, Rec=0.8922, F1=0.9113, AUROC=0.9275, AUPRC=0.9594
  TN5K - TI-RADS: Acc=0.0000, Prec=0.0000, Rec=0.0000, F1=0.0000, AUC=0.0000
Epoch:36: seg_loss(avg):0.2814, bm_loss(avg):0.0232, tirads_loss(avg):0.0000
Epoch:37: seg_loss(avg):0.2820, bm_loss(avg):0.0188, tirads_loss(avg):0.0000
Epoch:38: seg_loss(avg):0.2750, bm_loss(avg):0.0183, tirads_loss(avg):0.0000
Epoch:39: seg_loss(avg):0.2705, bm_loss(avg):0.0187, tirads_loss(avg):0.0000
Epoch:40: seg_loss(avg):0.2703, bm_loss(avg):0.0148, tirads_loss(avg):0.0000
Saved checkpoint at epoch 40

Validating epoch 40 on all test datasets...
Testing on TN3K...
  TN3K - Dice: 0.8029, HD95: 7.8646
  TN3K - BM: Acc=0.7438, Prec=0.6523, Rec=0.7150, F1=0.6817, AUROC=0.7885, AUPRC=0.7045
  TN3K - TI-RADS: Acc=0.0000, Prec=0.0000, Rec=0.0000, F1=0.0000, AUC=0.0000
Testing on DDTI...
  DDTI - Dice: 0.7500, HD95: 11.1385
  DDTI - BM: Acc=0.0000, Prec=0.0000, Rec=0.0000, F1=0.0000, AUROC=0.0000, AUPRC=0.0000
  DDTI - TI-RADS: Acc=0.0000, Prec=0.0000, Rec=0.0000, F1=0.0000, AUC=0.0000
Testing on ThyroidXL...
  ThyroidXL - Dice: 0.8504, HD95: 3.8694
  ThyroidXL - BM: Acc=0.8122, Prec=0.8873, Rec=0.6823, F1=0.7713, AUROC=0.9097, AUPRC=0.8793
  ThyroidXL - TI-RADS: Acc=0.0000, Prec=0.0000, Rec=0.0000, F1=0.0000, AUC=0.0000
Testing on PKTN...
  PKTN - Dice: 0.7725, HD95: 7.8426
  PKTN - BM: Acc=0.0000, Prec=0.0000, Rec=0.0000, F1=0.0000, AUROC=0.0000, AUPRC=0.0000
  PKTN - TI-RADS: Acc=0.0000, Prec=0.0000, Rec=0.0000, F1=0.0000, AUC=0.0000
Testing on TN5K...
  TN5K - Dice: 0.7610, HD95: 6.5932
  TN5K - BM: Acc=0.8918, Prec=0.9156, Rec=0.9385, F1=0.9269, AUROC=0.9309, AUPRC=0.9638
  TN5K - TI-RADS: Acc=0.0000, Prec=0.0000, Rec=0.0000, F1=0.0000, AUC=0.0000
Epoch:41: seg_loss(avg):0.2688, bm_loss(avg):0.0135, tirads_loss(avg):0.0000
Epoch:42: seg_loss(avg):0.2647, bm_loss(avg):0.0105, tirads_loss(avg):0.0000
Epoch:43: seg_loss(avg):0.2614, bm_loss(avg):0.0109, tirads_loss(avg):0.0000
Epoch:44: seg_loss(avg):0.2605, bm_loss(avg):0.0080, tirads_loss(avg):0.0000
Epoch:45: seg_loss(avg):0.2605, bm_loss(avg):0.0105, tirads_loss(avg):0.0000
Saved checkpoint at epoch 45

Validating epoch 45 on all test datasets...
Testing on TN3K...
  TN3K - Dice: 0.8079, HD95: 7.6876
  TN3K - BM: Acc=0.7342, Prec=0.6326, Rec=0.7364, F1=0.6801, AUROC=0.7818, AUPRC=0.6950
  TN3K - TI-RADS: Acc=0.0000, Prec=0.0000, Rec=0.0000, F1=0.0000, AUC=0.0000
Testing on DDTI...
  DDTI - Dice: 0.7465, HD95: 11.2522
  DDTI - BM: Acc=0.0000, Prec=0.0000, Rec=0.0000, F1=0.0000, AUROC=0.0000, AUPRC=0.0000
  DDTI - TI-RADS: Acc=0.0000, Prec=0.0000, Rec=0.0000, F1=0.0000, AUC=0.0000
Testing on ThyroidXL...
  ThyroidXL - Dice: 0.8539, HD95: 3.7721
  ThyroidXL - BM: Acc=0.8166, Prec=0.8692, Rec=0.7123, F1=0.7829, AUROC=0.9071, AUPRC=0.8769
  ThyroidXL - TI-RADS: Acc=0.0000, Prec=0.0000, Rec=0.0000, F1=0.0000, AUC=0.0000
Testing on PKTN...
  PKTN - Dice: 0.7802, HD95: 7.5263
  PKTN - BM: Acc=0.0000, Prec=0.0000, Rec=0.0000, F1=0.0000, AUROC=0.0000, AUPRC=0.0000
  PKTN - TI-RADS: Acc=0.0000, Prec=0.0000, Rec=0.0000, F1=0.0000, AUC=0.0000
Testing on TN5K...
  TN5K - Dice: 0.7669, HD95: 6.4430
  TN5K - BM: Acc=0.8918, Prec=0.9259, Rec=0.9260, F1=0.9259, AUROC=0.9341, AUPRC=0.9696
  TN5K - TI-RADS: Acc=0.0000, Prec=0.0000, Rec=0.0000, F1=0.0000, AUC=0.0000
Epoch:46: seg_loss(avg):0.2580, bm_loss(avg):0.0115, tirads_loss(avg):0.0000
Epoch:47: seg_loss(avg):0.2571, bm_loss(avg):0.0125, tirads_loss(avg):0.0000
Epoch:48: seg_loss(avg):0.2583, bm_loss(avg):0.0060, tirads_loss(avg):0.0000
Epoch:49: seg_loss(avg):0.2565, bm_loss(avg):0.0053, tirads_loss(avg):0.0000
Epoch:50: seg_loss(avg):0.2585, bm_loss(avg):0.0055, tirads_loss(avg):0.0000
Saved checkpoint at epoch 50

Validating epoch 50 on all test datasets...
Testing on TN3K...
  TN3K - Dice: 0.8063, HD95: 7.7909
  TN3K - BM: Acc=0.7441, Prec=0.6515, Rec=0.7196, F1=0.6834, AUROC=0.7824, AUPRC=0.6936
  TN3K - TI-RADS: Acc=0.0000, Prec=0.0000, Rec=0.0000, F1=0.0000, AUC=0.0000
Testing on DDTI...
  DDTI - Dice: 0.7465, HD95: 11.2511
  DDTI - BM: Acc=0.0000, Prec=0.0000, Rec=0.0000, F1=0.0000, AUROC=0.0000, AUPRC=0.0000
  DDTI - TI-RADS: Acc=0.0000, Prec=0.0000, Rec=0.0000, F1=0.0000, AUC=0.0000
Testing on ThyroidXL...
  ThyroidXL - Dice: 0.8537, HD95: 3.7843
  ThyroidXL - BM: Acc=0.8181, Prec=0.8706, Rec=0.7144, F1=0.7847, AUROC=0.9071, AUPRC=0.8778
  ThyroidXL - TI-RADS: Acc=0.0000, Prec=0.0000, Rec=0.0000, F1=0.0000, AUC=0.0000
Testing on PKTN...
  PKTN - Dice: 0.7791, HD95: 7.5797
  PKTN - BM: Acc=0.0000, Prec=0.0000, Rec=0.0000, F1=0.0000, AUROC=0.0000, AUPRC=0.0000
  PKTN - TI-RADS: Acc=0.0000, Prec=0.0000, Rec=0.0000, F1=0.0000, AUC=0.0000
Testing on TN5K...
  TN5K - Dice: 0.7656, HD95: 6.4290
  TN5K - BM: Acc=0.8898, Prec=0.9293, Rec=0.9193, F1=0.9242, AUROC=0.9329, AUPRC=0.9676
  TN5K - TI-RADS: Acc=0.0000, Prec=0.0000, Rec=0.0000, F1=0.0000, AUC=0.0000

========== Evaluation Summary (All Test Records) ==========

Dataset: TN3K
Eval epochs: [5, 10, 15, 20, 25, 30, 35, 40, 45, 50]
Dice per eval: [0.7723000049591064, 0.7961000204086304, 0.7939000129699707, 0.7998999953269958, 0.79339998960495, 0.7989000082015991, 0.8057000041007996, 0.8029000163078308, 0.8079000115394592, 0.8062999844551086]
HD95 per eval: [8.756699562072754, 8.148099899291992, 8.424300193786621, 8.17080020904541, 8.22719955444336, 7.946100234985352, 7.444799900054932, 7.86460018157959, 7.687600135803223, 7.790900230407715]
Best Dice: 0.8079 at epoch 45
Best HD95: 7.4448 at epoch 35

BM metrics per eval:
  Acc:  [0.739, 0.7047, 0.7063, 0.7197, 0.6951, 0.7264, 0.7356, 0.7438, 0.7342, 0.7441]
  Prec: [0.6528, 0.5922, 0.5919, 0.6047, 0.5749, 0.6235, 0.6422, 0.6523, 0.6326, 0.6515]
  Rec:  [0.6862, 0.7451, 0.7617, 0.7833, 0.7952, 0.7283, 0.706, 0.715, 0.7364, 0.7196]
  F1:   [0.6686, 0.6595, 0.6657, 0.6821, 0.6669, 0.6714, 0.6721, 0.6817, 0.6801, 0.6834]
  AUROC:[0.8128, 0.7929, 0.7869, 0.8003, 0.7979, 0.7928, 0.7806, 0.7885, 0.7818, 0.7824]
  AUPRC:[0.7508, 0.7399, 0.7127, 0.7216, 0.742, 0.7119, 0.7116, 0.7045, 0.695, 0.6936]
Best BM F1: 0.6834 at epoch 50

TI-RADS metrics per eval:
  Acc:  [0.0, 0.0, 0.0, 0.0, 0.0, 0.0, 0.0, 0.0, 0.0, 0.0]
  Prec: [0.0, 0.0, 0.0, 0.0, 0.0, 0.0, 0.0, 0.0, 0.0, 0.0]
  Rec:  [0.0, 0.0, 0.0, 0.0, 0.0, 0.0, 0.0, 0.0, 0.0, 0.0]
  F1:   [0.0, 0.0, 0.0, 0.0, 0.0, 0.0, 0.0, 0.0, 0.0, 0.0]
  AUC:  [0.0, 0.0, 0.0, 0.0, 0.0, 0.0, 0.0, 0.0, 0.0, 0.0]
Best TI-RADS F1: 0.0000 at epoch 5

Dataset: DDTI
Eval epochs: [5, 10, 15, 20, 25, 30, 35, 40, 45, 50]
Dice per eval: [0.7299000024795532, 0.7511000037193298, 0.7394000291824341, 0.7318999767303467, 0.7324000000953674, 0.7520999908447266, 0.755299985408783, 0.75, 0.7465000152587891, 0.7465000152587891]
HD95 per eval: [11.96090030670166, 11.361200332641602, 12.660900115966797, 12.047499656677246, 11.619000434875488, 10.826600074768066, 10.555100440979004, 11.138500213623047, 11.25220012664795, 11.251099586486816]
Best Dice: 0.7553 at epoch 35
Best HD95: 10.5551 at epoch 35

BM metrics per eval:
  Acc:  [0.0, 0.0, 0.0, 0.0, 0.0, 0.0, 0.0, 0.0, 0.0, 0.0]
  Prec: [0.0, 0.0, 0.0, 0.0, 0.0, 0.0, 0.0, 0.0, 0.0, 0.0]
  Rec:  [0.0, 0.0, 0.0, 0.0, 0.0, 0.0, 0.0, 0.0, 0.0, 0.0]
  F1:   [0.0, 0.0, 0.0, 0.0, 0.0, 0.0, 0.0, 0.0, 0.0, 0.0]
  AUROC:[0.0, 0.0, 0.0, 0.0, 0.0, 0.0, 0.0, 0.0, 0.0, 0.0]
  AUPRC:[0.0, 0.0, 0.0, 0.0, 0.0, 0.0, 0.0, 0.0, 0.0, 0.0]
Best BM F1: 0.0000 at epoch 5

TI-RADS metrics per eval:
  Acc:  [0.0, 0.0, 0.0, 0.0, 0.0, 0.0, 0.0, 0.0, 0.0, 0.0]
  Prec: [0.0, 0.0, 0.0, 0.0, 0.0, 0.0, 0.0, 0.0, 0.0, 0.0]
  Rec:  [0.0, 0.0, 0.0, 0.0, 0.0, 0.0, 0.0, 0.0, 0.0, 0.0]
  F1:   [0.0, 0.0, 0.0, 0.0, 0.0, 0.0, 0.0, 0.0, 0.0, 0.0]
  AUC:  [0.0, 0.0, 0.0, 0.0, 0.0, 0.0, 0.0, 0.0, 0.0, 0.0]
Best TI-RADS F1: 0.0000 at epoch 5

Dataset: ThyroidXL
Eval epochs: [5, 10, 15, 20, 25, 30, 35, 40, 45, 50]
Dice per eval: [0.8269000053405762, 0.8324999809265137, 0.8414000272750854, 0.8410999774932861, 0.8460000157356262, 0.8479999899864197, 0.8521000146865845, 0.8503999710083008, 0.8539000153541565, 0.8536999821662903]
HD95 per eval: [4.6570000648498535, 4.672500133514404, 4.27839994430542, 4.262199878692627, 4.051400184631348, 3.940500020980835, 3.8654000759124756, 3.8694000244140625, 3.7720999717712402, 3.7843000888824463]
Best Dice: 0.8539 at epoch 45
Best HD95: 3.7721 at epoch 45

BM metrics per eval:
  Acc:  [0.8187, 0.8318, 0.8086, 0.8304, 0.8396, 0.8352, 0.8059, 0.8122, 0.8166, 0.8181]
  Prec: [0.8566, 0.8722, 0.8618, 0.8421, 0.8508, 0.8447, 0.8939, 0.8873, 0.8692, 0.8706]
  Rec:  [0.732, 0.7471, 0.7, 0.7813, 0.7938, 0.7905, 0.6605, 0.6823, 0.7123, 0.7144]
  F1:   [0.7893, 0.8048, 0.7724, 0.8105, 0.8212, 0.8166, 0.7596, 0.7713, 0.7829, 0.7847]
  AUROC:[0.9119, 0.9176, 0.9082, 0.9123, 0.9173, 0.9113, 0.908, 0.9097, 0.9071, 0.9071]
  AUPRC:[0.8901, 0.8958, 0.8834, 0.8861, 0.8946, 0.8822, 0.8857, 0.8793, 0.8769, 0.8778]
Best BM F1: 0.8212 at epoch 25

TI-RADS metrics per eval:
  Acc:  [0.0, 0.0, 0.0, 0.0, 0.0, 0.0, 0.0, 0.0, 0.0, 0.0]
  Prec: [0.0, 0.0, 0.0, 0.0, 0.0, 0.0, 0.0, 0.0, 0.0, 0.0]
  Rec:  [0.0, 0.0, 0.0, 0.0, 0.0, 0.0, 0.0, 0.0, 0.0, 0.0]
  F1:   [0.0, 0.0, 0.0, 0.0, 0.0, 0.0, 0.0, 0.0, 0.0, 0.0]
  AUC:  [0.0, 0.0, 0.0, 0.0, 0.0, 0.0, 0.0, 0.0, 0.0, 0.0]
Best TI-RADS F1: 0.0000 at epoch 5

Dataset: PKTN
Eval epochs: [5, 10, 15, 20, 25, 30, 35, 40, 45, 50]
Dice per eval: [0.7268999814987183, 0.7461000084877014, 0.7461000084877014, 0.7544000148773193, 0.7667999863624573, 0.7652000188827515, 0.7748000025749207, 0.7724999785423279, 0.7802000045776367, 0.7791000008583069]
HD95 per eval: [9.200900077819824, 9.074899673461914, 9.261300086975098, 8.343400001525879, 8.067399978637695, 7.873600006103516, 7.605599880218506, 7.842599868774414, 7.526299953460693, 7.579699993133545]
Best Dice: 0.7802 at epoch 45
Best HD95: 7.5263 at epoch 45

BM metrics per eval:
  Acc:  [0.0, 0.0, 0.0, 0.0, 0.0, 0.0, 0.0, 0.0, 0.0, 0.0]
  Prec: [0.0, 0.0, 0.0, 0.0, 0.0, 0.0, 0.0, 0.0, 0.0, 0.0]
  Rec:  [0.0, 0.0, 0.0, 0.0, 0.0, 0.0, 0.0, 0.0, 0.0, 0.0]
  F1:   [0.0, 0.0, 0.0, 0.0, 0.0, 0.0, 0.0, 0.0, 0.0, 0.0]
  AUROC:[0.0, 0.0, 0.0, 0.0, 0.0, 0.0, 0.0, 0.0, 0.0, 0.0]
  AUPRC:[0.0, 0.0, 0.0, 0.0, 0.0, 0.0, 0.0, 0.0, 0.0, 0.0]
Best BM F1: 0.0000 at epoch 5

TI-RADS metrics per eval:
  Acc:  [0.0, 0.0, 0.0, 0.0, 0.0, 0.0, 0.0, 0.0, 0.0, 0.0]
  Prec: [0.0, 0.0, 0.0, 0.0, 0.0, 0.0, 0.0, 0.0, 0.0, 0.0]
  Rec:  [0.0, 0.0, 0.0, 0.0, 0.0, 0.0, 0.0, 0.0, 0.0, 0.0]
  F1:   [0.0, 0.0, 0.0, 0.0, 0.0, 0.0, 0.0, 0.0, 0.0, 0.0]
  AUC:  [0.0, 0.0, 0.0, 0.0, 0.0, 0.0, 0.0, 0.0, 0.0, 0.0]
Best TI-RADS F1: 0.0000 at epoch 5

Dataset: TN5K
Eval epochs: [5, 10, 15, 20, 25, 30, 35, 40, 45, 50]
Dice per eval: [0.7103000283241272, 0.7329999804496765, 0.7339000105857849, 0.7390000224113464, 0.746999979019165, 0.7516999840736389, 0.761900007724762, 0.7609999775886536, 0.7669000029563904, 0.7656000256538391]
HD95 per eval: [7.3983001708984375, 7.604300022125244, 7.573500156402588, 7.365099906921387, 6.924200057983398, 6.658100128173828, 6.568600177764893, 6.593200206756592, 6.442999839782715, 6.428999900817871]
Best Dice: 0.7669 at epoch 45
Best HD95: 6.4290 at epoch 50

BM metrics per eval:
  Acc:  [0.8526, 0.881, 0.8578, 0.867, 0.8808, 0.8874, 0.8732, 0.8918, 0.8918, 0.8898]
  Prec: [0.8665, 0.9134, 0.8828, 0.8793, 0.8901, 0.9052, 0.9314, 0.9156, 0.9259, 0.9293]
  Rec:  [0.9438, 0.9248, 0.9289, 0.9481, 0.9548, 0.9451, 0.8922, 0.9385, 0.926, 0.9193]
  F1:   [0.9034, 0.919, 0.9052, 0.9124, 0.9213, 0.9246, 0.9113, 0.9269, 0.9259, 0.9242]
  AUROC:[0.8926, 0.9172, 0.912, 0.9152, 0.9303, 0.9301, 0.9275, 0.9309, 0.9341, 0.9329]
  AUPRC:[0.9478, 0.9612, 0.9608, 0.9622, 0.9701, 0.9672, 0.9594, 0.9638, 0.9696, 0.9676]
Best BM F1: 0.9269 at epoch 40

TI-RADS metrics per eval:
  Acc:  [0.0, 0.0, 0.0, 0.0, 0.0, 0.0, 0.0, 0.0, 0.0, 0.0]
  Prec: [0.0, 0.0, 0.0, 0.0, 0.0, 0.0, 0.0, 0.0, 0.0, 0.0]
  Rec:  [0.0, 0.0, 0.0, 0.0, 0.0, 0.0, 0.0, 0.0, 0.0, 0.0]
  F1:   [0.0, 0.0, 0.0, 0.0, 0.0, 0.0, 0.0, 0.0, 0.0, 0.0]
  AUC:  [0.0, 0.0, 0.0, 0.0, 0.0, 0.0, 0.0, 0.0, 0.0, 0.0]
Best TI-RADS F1: 0.0000 at epoch 5

==========================================================

========== Training Completed ==========
Training completed at Wed Jan 14 16:36:49 2026
