Training started at Wed Jan 14 12:29:43 2026
Method: dino_unet
Dataset: Dilation_train_multitask_dataset3
Epochs: 50
LR: 0.0001
Batch Size: 12
Image Size: 224 x 224
DINO pretrained: True
Use Dilation: True
Training set - Benign/Malignant: Benign=10415 (58.60%), Malignant=7359 (41.40%)
Auto-adjusted tau=0.50 (imbalance_ratio=1.42)
GLA parameters: p_benign=0.5860, p_malignant=0.4140, tau=0.50
Logit adjustment magnitude: 0.1737
Training set - TI-RADS distribution (1-5): [0, 0, 0, 0, 0]
TI-RADS probabilities: [0.20000000298023224, 0.20000000298023224, 0.20000000298023224, 0.20000000298023224, 0.20000000298023224]
Loss weights: seg=1.0, bm=1.0, tirads=1.0
GA-MTL schedule per optimizer step: ['seg', 'bm']
steps_per_epoch (optimizer steps): 740
Epoch:1: seg_loss(avg):0.6069, bm_loss(avg):0.4996, tirads_loss(avg):0.0000
Epoch:2: seg_loss(avg):0.4701, bm_loss(avg):0.3980, tirads_loss(avg):0.0000
Epoch:3: seg_loss(avg):0.4489, bm_loss(avg):0.3604, tirads_loss(avg):0.0000
Epoch:4: seg_loss(avg):0.4386, bm_loss(avg):0.3467, tirads_loss(avg):0.0000
Epoch:5: seg_loss(avg):0.4275, bm_loss(avg):0.3235, tirads_loss(avg):0.0000
Saved checkpoint at epoch 5

Validating epoch 5 on all test datasets...
Testing on TN3K...
  TN3K - Dice: 0.8281, HD95: 12.6055
  TN3K - BM: Acc=0.7050, Prec=0.5867, Rec=0.7876, F1=0.6720, AUROC=0.8047, AUPRC=0.7398
  TN3K - TI-RADS: Acc=0.0000, Prec=0.0000, Rec=0.0000, F1=0.0000, AUC=0.0000
Testing on DDTI...
  DDTI - Dice: 0.7258, HD95: 22.4083
  DDTI - BM: Acc=0.0000, Prec=0.0000, Rec=0.0000, F1=0.0000, AUROC=0.0000, AUPRC=0.0000
  DDTI - TI-RADS: Acc=0.0000, Prec=0.0000, Rec=0.0000, F1=0.0000, AUC=0.0000
Testing on ThyroidXL...
  ThyroidXL - Dice: 0.8567, HD95: 6.8792
  ThyroidXL - BM: Acc=0.7544, Prec=0.9255, Rec=0.5124, F1=0.6594, AUROC=0.9265, AUPRC=0.9068
  ThyroidXL - TI-RADS: Acc=0.0000, Prec=0.0000, Rec=0.0000, F1=0.0000, AUC=0.0000
Testing on PKTN...
  PKTN - Dice: 0.7802, HD95: 15.0096
  PKTN - BM: Acc=0.0000, Prec=0.0000, Rec=0.0000, F1=0.0000, AUROC=0.0000, AUPRC=0.0000
  PKTN - TI-RADS: Acc=0.0000, Prec=0.0000, Rec=0.0000, F1=0.0000, AUC=0.0000
Testing on TN5K...
  TN5K - Dice: 0.7950, HD95: 10.7681
  TN5K - BM: Acc=0.8970, Prec=0.8945, Rec=0.9740, F1=0.9325, AUROC=0.9498, AUPRC=0.9794
  TN5K - TI-RADS: Acc=0.0000, Prec=0.0000, Rec=0.0000, F1=0.0000, AUC=0.0000
Epoch:6: seg_loss(avg):0.4156, bm_loss(avg):0.2939, tirads_loss(avg):0.0000
Epoch:7: seg_loss(avg):0.4089, bm_loss(avg):0.2911, tirads_loss(avg):0.0000
Epoch:8: seg_loss(avg):0.4035, bm_loss(avg):0.2792, tirads_loss(avg):0.0000
Epoch:9: seg_loss(avg):0.3985, bm_loss(avg):0.2565, tirads_loss(avg):0.0000
Epoch:10: seg_loss(avg):0.3989, bm_loss(avg):0.2515, tirads_loss(avg):0.0000
Saved checkpoint at epoch 10

Validating epoch 10 on all test datasets...
Testing on TN3K...
  TN3K - Dice: 0.8285, HD95: 12.6841
  TN3K - BM: Acc=0.6285, Prec=0.5100, Rec=0.8684, F1=0.6422, AUROC=0.8061, AUPRC=0.7461
  TN3K - TI-RADS: Acc=0.0000, Prec=0.0000, Rec=0.0000, F1=0.0000, AUC=0.0000
Testing on DDTI...
  DDTI - Dice: 0.7380, HD95: 21.5460
  DDTI - BM: Acc=0.0000, Prec=0.0000, Rec=0.0000, F1=0.0000, AUROC=0.0000, AUPRC=0.0000
  DDTI - TI-RADS: Acc=0.0000, Prec=0.0000, Rec=0.0000, F1=0.0000, AUC=0.0000
Testing on ThyroidXL...
  ThyroidXL - Dice: 0.8585, HD95: 6.9432
  ThyroidXL - BM: Acc=0.8380, Prec=0.7789, Rec=0.9091, F1=0.8390, AUROC=0.9276, AUPRC=0.9110
  ThyroidXL - TI-RADS: Acc=0.0000, Prec=0.0000, Rec=0.0000, F1=0.0000, AUC=0.0000
Testing on PKTN...
  PKTN - Dice: 0.7834, HD95: 15.0996
  PKTN - BM: Acc=0.0000, Prec=0.0000, Rec=0.0000, F1=0.0000, AUROC=0.0000, AUPRC=0.0000
  PKTN - TI-RADS: Acc=0.0000, Prec=0.0000, Rec=0.0000, F1=0.0000, AUC=0.0000
Testing on TN5K...
  TN5K - Dice: 0.7993, HD95: 10.6084
  TN5K - BM: Acc=0.8561, Prec=0.8410, Rec=0.9904, F1=0.9095, AUROC=0.9371, AUPRC=0.9742
  TN5K - TI-RADS: Acc=0.0000, Prec=0.0000, Rec=0.0000, F1=0.0000, AUC=0.0000
Epoch:11: seg_loss(avg):0.3910, bm_loss(avg):0.2397, tirads_loss(avg):0.0000
Epoch:12: seg_loss(avg):0.3858, bm_loss(avg):0.2322, tirads_loss(avg):0.0000
Epoch:13: seg_loss(avg):0.3847, bm_loss(avg):0.2115, tirads_loss(avg):0.0000
Epoch:14: seg_loss(avg):0.3742, bm_loss(avg):0.1970, tirads_loss(avg):0.0000
Epoch:15: seg_loss(avg):0.3754, bm_loss(avg):0.1913, tirads_loss(avg):0.0000
Saved checkpoint at epoch 15

Validating epoch 15 on all test datasets...
Testing on TN3K...
  TN3K - Dice: 0.8236, HD95: 12.1850
  TN3K - BM: Acc=0.6888, Prec=0.5706, Rec=0.7707, F1=0.6553, AUROC=0.7825, AUPRC=0.7316
  TN3K - TI-RADS: Acc=0.0000, Prec=0.0000, Rec=0.0000, F1=0.0000, AUC=0.0000
Testing on DDTI...
  DDTI - Dice: 0.7514, HD95: 20.9162
  DDTI - BM: Acc=0.0000, Prec=0.0000, Rec=0.0000, F1=0.0000, AUROC=0.0000, AUPRC=0.0000
  DDTI - TI-RADS: Acc=0.0000, Prec=0.0000, Rec=0.0000, F1=0.0000, AUC=0.0000
Testing on ThyroidXL...
  ThyroidXL - Dice: 0.8634, HD95: 6.4859
  ThyroidXL - BM: Acc=0.8109, Prec=0.9008, Rec=0.6662, F1=0.7658, AUROC=0.9325, AUPRC=0.9154
  ThyroidXL - TI-RADS: Acc=0.0000, Prec=0.0000, Rec=0.0000, F1=0.0000, AUC=0.0000
Testing on PKTN...
  PKTN - Dice: 0.7833, HD95: 14.4493
  PKTN - BM: Acc=0.0000, Prec=0.0000, Rec=0.0000, F1=0.0000, AUROC=0.0000, AUPRC=0.0000
  PKTN - TI-RADS: Acc=0.0000, Prec=0.0000, Rec=0.0000, F1=0.0000, AUC=0.0000
Testing on TN5K...
  TN5K - Dice: 0.8082, HD95: 10.0120
  TN5K - BM: Acc=0.8969, Prec=0.9219, Rec=0.9385, F1=0.9301, AUROC=0.9411, AUPRC=0.9738
  TN5K - TI-RADS: Acc=0.0000, Prec=0.0000, Rec=0.0000, F1=0.0000, AUC=0.0000
Epoch:16: seg_loss(avg):0.3709, bm_loss(avg):0.1718, tirads_loss(avg):0.0000
Epoch:17: seg_loss(avg):0.3689, bm_loss(avg):0.1585, tirads_loss(avg):0.0000
Epoch:18: seg_loss(avg):0.3664, bm_loss(avg):0.1591, tirads_loss(avg):0.0000
Epoch:19: seg_loss(avg):0.3607, bm_loss(avg):0.1446, tirads_loss(avg):0.0000
Epoch:20: seg_loss(avg):0.3560, bm_loss(avg):0.1309, tirads_loss(avg):0.0000
Saved checkpoint at epoch 20

Validating epoch 20 on all test datasets...
Testing on TN3K...
  TN3K - Dice: 0.8259, HD95: 12.6128
  TN3K - BM: Acc=0.7358, Prec=0.6302, Rec=0.7579, F1=0.6877, AUROC=0.8084, AUPRC=0.7580
  TN3K - TI-RADS: Acc=0.0000, Prec=0.0000, Rec=0.0000, F1=0.0000, AUC=0.0000
Testing on DDTI...
  DDTI - Dice: 0.7396, HD95: 19.8185
  DDTI - BM: Acc=0.0000, Prec=0.0000, Rec=0.0000, F1=0.0000, AUROC=0.0000, AUPRC=0.0000
  DDTI - TI-RADS: Acc=0.0000, Prec=0.0000, Rec=0.0000, F1=0.0000, AUC=0.0000
Testing on ThyroidXL...
  ThyroidXL - Dice: 0.8640, HD95: 6.3132
  ThyroidXL - BM: Acc=0.8384, Prec=0.8733, Rec=0.7626, F1=0.8141, AUROC=0.9311, AUPRC=0.9101
  ThyroidXL - TI-RADS: Acc=0.0000, Prec=0.0000, Rec=0.0000, F1=0.0000, AUC=0.0000
Testing on PKTN...
  PKTN - Dice: 0.7943, HD95: 14.1114
  PKTN - BM: Acc=0.0000, Prec=0.0000, Rec=0.0000, F1=0.0000, AUROC=0.0000, AUPRC=0.0000
  PKTN - TI-RADS: Acc=0.0000, Prec=0.0000, Rec=0.0000, F1=0.0000, AUC=0.0000
Testing on TN5K...
  TN5K - Dice: 0.8115, HD95: 9.6056
  TN5K - BM: Acc=0.8989, Prec=0.9244, Rec=0.9385, F1=0.9314, AUROC=0.9504, AUPRC=0.9799
  TN5K - TI-RADS: Acc=0.0000, Prec=0.0000, Rec=0.0000, F1=0.0000, AUC=0.0000
Epoch:21: seg_loss(avg):0.3550, bm_loss(avg):0.1158, tirads_loss(avg):0.0000
Epoch:22: seg_loss(avg):0.3538, bm_loss(avg):0.1136, tirads_loss(avg):0.0000
Epoch:23: seg_loss(avg):0.3478, bm_loss(avg):0.1032, tirads_loss(avg):0.0000
Epoch:24: seg_loss(avg):0.3460, bm_loss(avg):0.0982, tirads_loss(avg):0.0000
Epoch:25: seg_loss(avg):0.3439, bm_loss(avg):0.0850, tirads_loss(avg):0.0000
Saved checkpoint at epoch 25

Validating epoch 25 on all test datasets...
Testing on TN3K...
  TN3K - Dice: 0.8243, HD95: 12.8236
  TN3K - BM: Acc=0.7443, Prec=0.6398, Rec=0.7673, F1=0.6973, AUROC=0.8025, AUPRC=0.7383
  TN3K - TI-RADS: Acc=0.0000, Prec=0.0000, Rec=0.0000, F1=0.0000, AUC=0.0000
Testing on DDTI...
  DDTI - Dice: 0.7484, HD95: 20.3688
  DDTI - BM: Acc=0.0000, Prec=0.0000, Rec=0.0000, F1=0.0000, AUROC=0.0000, AUPRC=0.0000
  DDTI - TI-RADS: Acc=0.0000, Prec=0.0000, Rec=0.0000, F1=0.0000, AUC=0.0000
Testing on ThyroidXL...
  ThyroidXL - Dice: 0.8618, HD95: 6.3872
  ThyroidXL - BM: Acc=0.8623, Prec=0.8675, Rec=0.8302, F1=0.8484, AUROC=0.9356, AUPRC=0.9264
  ThyroidXL - TI-RADS: Acc=0.0000, Prec=0.0000, Rec=0.0000, F1=0.0000, AUC=0.0000
Testing on PKTN...
  PKTN - Dice: 0.7889, HD95: 13.7686
  PKTN - BM: Acc=0.0000, Prec=0.0000, Rec=0.0000, F1=0.0000, AUROC=0.0000, AUPRC=0.0000
  PKTN - TI-RADS: Acc=0.0000, Prec=0.0000, Rec=0.0000, F1=0.0000, AUC=0.0000
Testing on TN5K...
  TN5K - Dice: 0.8002, HD95: 9.7202
  TN5K - BM: Acc=0.8942, Prec=0.9419, Rec=0.9115, F1=0.9264, AUROC=0.9445, AUPRC=0.9775
  TN5K - TI-RADS: Acc=0.0000, Prec=0.0000, Rec=0.0000, F1=0.0000, AUC=0.0000
Epoch:26: seg_loss(avg):0.3381, bm_loss(avg):0.0815, tirads_loss(avg):0.0000
Epoch:27: seg_loss(avg):0.3354, bm_loss(avg):0.0740, tirads_loss(avg):0.0000
Epoch:28: seg_loss(avg):0.3318, bm_loss(avg):0.0583, tirads_loss(avg):0.0000
Epoch:29: seg_loss(avg):0.3328, bm_loss(avg):0.0584, tirads_loss(avg):0.0000
Epoch:30: seg_loss(avg):0.3293, bm_loss(avg):0.0470, tirads_loss(avg):0.0000
Saved checkpoint at epoch 30

Validating epoch 30 on all test datasets...
Testing on TN3K...
  TN3K - Dice: 0.8342, HD95: 12.0216
  TN3K - BM: Acc=0.7073, Prec=0.5973, Rec=0.7337, F1=0.6580, AUROC=0.7861, AUPRC=0.6963
  TN3K - TI-RADS: Acc=0.0000, Prec=0.0000, Rec=0.0000, F1=0.0000, AUC=0.0000
Testing on DDTI...
  DDTI - Dice: 0.7372, HD95: 21.0258
  DDTI - BM: Acc=0.0000, Prec=0.0000, Rec=0.0000, F1=0.0000, AUROC=0.0000, AUPRC=0.0000
  DDTI - TI-RADS: Acc=0.0000, Prec=0.0000, Rec=0.0000, F1=0.0000, AUC=0.0000
Testing on ThyroidXL...
  ThyroidXL - Dice: 0.8694, HD95: 5.9095
  ThyroidXL - BM: Acc=0.8252, Prec=0.8870, Rec=0.7147, F1=0.7915, AUROC=0.9309, AUPRC=0.9212
  ThyroidXL - TI-RADS: Acc=0.0000, Prec=0.0000, Rec=0.0000, F1=0.0000, AUC=0.0000
Testing on PKTN...
  PKTN - Dice: 0.7986, HD95: 13.0841
  PKTN - BM: Acc=0.0000, Prec=0.0000, Rec=0.0000, F1=0.0000, AUROC=0.0000, AUPRC=0.0000
  PKTN - TI-RADS: Acc=0.0000, Prec=0.0000, Rec=0.0000, F1=0.0000, AUC=0.0000
Testing on TN5K...
  TN5K - Dice: 0.8153, HD95: 9.7414
  TN5K - BM: Acc=0.9020, Prec=0.9305, Rec=0.9359, F1=0.9331, AUROC=0.9505, AUPRC=0.9800
  TN5K - TI-RADS: Acc=0.0000, Prec=0.0000, Rec=0.0000, F1=0.0000, AUC=0.0000
Epoch:31: seg_loss(avg):0.3250, bm_loss(avg):0.0520, tirads_loss(avg):0.0000
Epoch:32: seg_loss(avg):0.3183, bm_loss(avg):0.0425, tirads_loss(avg):0.0000
Epoch:33: seg_loss(avg):0.3161, bm_loss(avg):0.0375, tirads_loss(avg):0.0000
Epoch:34: seg_loss(avg):0.3146, bm_loss(avg):0.0288, tirads_loss(avg):0.0000
Epoch:35: seg_loss(avg):0.3120, bm_loss(avg):0.0239, tirads_loss(avg):0.0000
Saved checkpoint at epoch 35

Validating epoch 35 on all test datasets...
Testing on TN3K...
  TN3K - Dice: 0.8273, HD95: 12.4333
  TN3K - BM: Acc=0.7139, Prec=0.6049, Rec=0.7379, F1=0.6644, AUROC=0.7941, AUPRC=0.7200
  TN3K - TI-RADS: Acc=0.0000, Prec=0.0000, Rec=0.0000, F1=0.0000, AUC=0.0000
Testing on DDTI...
  DDTI - Dice: 0.7589, HD95: 19.6825
  DDTI - BM: Acc=0.0000, Prec=0.0000, Rec=0.0000, F1=0.0000, AUROC=0.0000, AUPRC=0.0000
  DDTI - TI-RADS: Acc=0.0000, Prec=0.0000, Rec=0.0000, F1=0.0000, AUC=0.0000
Testing on ThyroidXL...
  ThyroidXL - Dice: 0.8705, HD95: 5.7227
  ThyroidXL - BM: Acc=0.8390, Prec=0.8762, Rec=0.7607, F1=0.8143, AUROC=0.9217, AUPRC=0.9153
  ThyroidXL - TI-RADS: Acc=0.0000, Prec=0.0000, Rec=0.0000, F1=0.0000, AUC=0.0000
Testing on PKTN...
  PKTN - Dice: 0.7994, HD95: 12.4836
  PKTN - BM: Acc=0.0000, Prec=0.0000, Rec=0.0000, F1=0.0000, AUROC=0.0000, AUPRC=0.0000
  PKTN - TI-RADS: Acc=0.0000, Prec=0.0000, Rec=0.0000, F1=0.0000, AUC=0.0000
Testing on TN5K...
  TN5K - Dice: 0.8159, HD95: 9.3073
  TN5K - BM: Acc=0.9002, Prec=0.9340, Rec=0.9292, F1=0.9315, AUROC=0.9492, AUPRC=0.9788
  TN5K - TI-RADS: Acc=0.0000, Prec=0.0000, Rec=0.0000, F1=0.0000, AUC=0.0000
Epoch:36: seg_loss(avg):0.3106, bm_loss(avg):0.0283, tirads_loss(avg):0.0000
Epoch:37: seg_loss(avg):0.3078, bm_loss(avg):0.0226, tirads_loss(avg):0.0000
Epoch:38: seg_loss(avg):0.3064, bm_loss(avg):0.0232, tirads_loss(avg):0.0000
Epoch:39: seg_loss(avg):0.3023, bm_loss(avg):0.0239, tirads_loss(avg):0.0000
Epoch:40: seg_loss(avg):0.2994, bm_loss(avg):0.0188, tirads_loss(avg):0.0000
Saved checkpoint at epoch 40

Validating epoch 40 on all test datasets...
Testing on TN3K...
  TN3K - Dice: 0.8371, HD95: 11.5529
  TN3K - BM: Acc=0.6825, Prec=0.5637, Rec=0.7711, F1=0.6509, AUROC=0.7896, AUPRC=0.7157
  TN3K - TI-RADS: Acc=0.0000, Prec=0.0000, Rec=0.0000, F1=0.0000, AUC=0.0000
Testing on DDTI...
  DDTI - Dice: 0.7498, HD95: 20.0989
  DDTI - BM: Acc=0.0000, Prec=0.0000, Rec=0.0000, F1=0.0000, AUROC=0.0000, AUPRC=0.0000
  DDTI - TI-RADS: Acc=0.0000, Prec=0.0000, Rec=0.0000, F1=0.0000, AUC=0.0000
Testing on ThyroidXL...
  ThyroidXL - Dice: 0.8715, HD95: 5.6992
  ThyroidXL - BM: Acc=0.8367, Prec=0.8810, Rec=0.7496, F1=0.8099, AUROC=0.9311, AUPRC=0.9220
  ThyroidXL - TI-RADS: Acc=0.0000, Prec=0.0000, Rec=0.0000, F1=0.0000, AUC=0.0000
Testing on PKTN...
  PKTN - Dice: 0.8014, HD95: 12.3594
  PKTN - BM: Acc=0.0000, Prec=0.0000, Rec=0.0000, F1=0.0000, AUROC=0.0000, AUPRC=0.0000
  PKTN - TI-RADS: Acc=0.0000, Prec=0.0000, Rec=0.0000, F1=0.0000, AUC=0.0000
Testing on TN5K...
  TN5K - Dice: 0.8221, HD95: 9.1125
  TN5K - BM: Acc=0.9072, Prec=0.9266, Rec=0.9483, F1=0.9373, AUROC=0.9521, AUPRC=0.9797
  TN5K - TI-RADS: Acc=0.0000, Prec=0.0000, Rec=0.0000, F1=0.0000, AUC=0.0000
Epoch:41: seg_loss(avg):0.2956, bm_loss(avg):0.0182, tirads_loss(avg):0.0000
Epoch:42: seg_loss(avg):0.2973, bm_loss(avg):0.0200, tirads_loss(avg):0.0000
Epoch:43: seg_loss(avg):0.2933, bm_loss(avg):0.0163, tirads_loss(avg):0.0000
Epoch:44: seg_loss(avg):0.2920, bm_loss(avg):0.0132, tirads_loss(avg):0.0000
Epoch:45: seg_loss(avg):0.2927, bm_loss(avg):0.0134, tirads_loss(avg):0.0000
Saved checkpoint at epoch 45

Validating epoch 45 on all test datasets...
Testing on TN3K...
  TN3K - Dice: 0.8379, HD95: 11.7786
  TN3K - BM: Acc=0.7266, Prec=0.6203, Rec=0.7457, F1=0.6768, AUROC=0.7854, AUPRC=0.7156
  TN3K - TI-RADS: Acc=0.0000, Prec=0.0000, Rec=0.0000, F1=0.0000, AUC=0.0000
Testing on DDTI...
  DDTI - Dice: 0.7522, HD95: 19.9430
  DDTI - BM: Acc=0.0000, Prec=0.0000, Rec=0.0000, F1=0.0000, AUROC=0.0000, AUPRC=0.0000
  DDTI - TI-RADS: Acc=0.0000, Prec=0.0000, Rec=0.0000, F1=0.0000, AUC=0.0000
Testing on ThyroidXL...
  ThyroidXL - Dice: 0.8723, HD95: 5.6672
  ThyroidXL - BM: Acc=0.8291, Prec=0.9003, Rec=0.7106, F1=0.7942, AUROC=0.9274, AUPRC=0.9196
  ThyroidXL - TI-RADS: Acc=0.0000, Prec=0.0000, Rec=0.0000, F1=0.0000, AUC=0.0000
Testing on PKTN...
  PKTN - Dice: 0.8014, HD95: 12.2422
  PKTN - BM: Acc=0.0000, Prec=0.0000, Rec=0.0000, F1=0.0000, AUROC=0.0000, AUPRC=0.0000
  PKTN - TI-RADS: Acc=0.0000, Prec=0.0000, Rec=0.0000, F1=0.0000, AUC=0.0000
Testing on TN5K...
  TN5K - Dice: 0.8217, HD95: 9.1713
  TN5K - BM: Acc=0.9102, Prec=0.9445, Rec=0.9320, F1=0.9382, AUROC=0.9510, AUPRC=0.9781
  TN5K - TI-RADS: Acc=0.0000, Prec=0.0000, Rec=0.0000, F1=0.0000, AUC=0.0000
Epoch:46: seg_loss(avg):0.2899, bm_loss(avg):0.0122, tirads_loss(avg):0.0000
Epoch:47: seg_loss(avg):0.2876, bm_loss(avg):0.0107, tirads_loss(avg):0.0000
Epoch:48: seg_loss(avg):0.2900, bm_loss(avg):0.0097, tirads_loss(avg):0.0000
Epoch:49: seg_loss(avg):0.2874, bm_loss(avg):0.0118, tirads_loss(avg):0.0000
Epoch:50: seg_loss(avg):0.2884, bm_loss(avg):0.0116, tirads_loss(avg):0.0000
Saved checkpoint at epoch 50

Validating epoch 50 on all test datasets...
Testing on TN3K...
  TN3K - Dice: 0.8392, HD95: 11.3956
  TN3K - BM: Acc=0.7200, Prec=0.6116, Rec=0.7457, F1=0.6716, AUROC=0.7886, AUPRC=0.7194
  TN3K - TI-RADS: Acc=0.0000, Prec=0.0000, Rec=0.0000, F1=0.0000, AUC=0.0000
Testing on DDTI...
  DDTI - Dice: 0.7504, HD95: 19.6985
  DDTI - BM: Acc=0.0000, Prec=0.0000, Rec=0.0000, F1=0.0000, AUROC=0.0000, AUPRC=0.0000
  DDTI - TI-RADS: Acc=0.0000, Prec=0.0000, Rec=0.0000, F1=0.0000, AUC=0.0000
Testing on ThyroidXL...
  ThyroidXL - Dice: 0.8723, HD95: 5.6842
  ThyroidXL - BM: Acc=0.8343, Prec=0.8927, Rec=0.7311, F1=0.8038, AUROC=0.9290, AUPRC=0.9210
  ThyroidXL - TI-RADS: Acc=0.0000, Prec=0.0000, Rec=0.0000, F1=0.0000, AUC=0.0000
Testing on PKTN...
  PKTN - Dice: 0.8025, HD95: 12.1616
  PKTN - BM: Acc=0.0000, Prec=0.0000, Rec=0.0000, F1=0.0000, AUROC=0.0000, AUPRC=0.0000
  PKTN - TI-RADS: Acc=0.0000, Prec=0.0000, Rec=0.0000, F1=0.0000, AUC=0.0000
Testing on TN5K...
  TN5K - Dice: 0.8224, HD95: 9.1745
  TN5K - BM: Acc=0.9082, Prec=0.9420, Rec=0.9319, F1=0.9369, AUROC=0.9512, AUPRC=0.9778
  TN5K - TI-RADS: Acc=0.0000, Prec=0.0000, Rec=0.0000, F1=0.0000, AUC=0.0000

========== Evaluation Summary (All Test Records) ==========

Dataset: TN3K
Eval epochs: [5, 10, 15, 20, 25, 30, 35, 40, 45, 50]
Dice per eval: [0.8281000256538391, 0.828499972820282, 0.8235999941825867, 0.8259000182151794, 0.8242999911308289, 0.8342000246047974, 0.8273000121116638, 0.8371000289916992, 0.8378999829292297, 0.8392000198364258]
HD95 per eval: [12.605500221252441, 12.684100151062012, 12.1850004196167, 12.612799644470215, 12.823599815368652, 12.021599769592285, 12.433300018310547, 11.552900314331055, 11.778599739074707, 11.395600318908691]
Best Dice: 0.8392 at epoch 50
Best HD95: 11.3956 at epoch 50

BM metrics per eval:
  Acc:  [0.705, 0.6285, 0.6888, 0.7358, 0.7443, 0.7073, 0.7139, 0.6825, 0.7266, 0.72]
  Prec: [0.5867, 0.51, 0.5706, 0.6302, 0.6398, 0.5973, 0.6049, 0.5637, 0.6203, 0.6116]
  Rec:  [0.7876, 0.8684, 0.7707, 0.7579, 0.7673, 0.7337, 0.7379, 0.7711, 0.7457, 0.7457]
  F1:   [0.672, 0.6422, 0.6553, 0.6877, 0.6973, 0.658, 0.6644, 0.6509, 0.6768, 0.6716]
  AUROC:[0.8047, 0.8061, 0.7825, 0.8084, 0.8025, 0.7861, 0.7941, 0.7896, 0.7854, 0.7886]
  AUPRC:[0.7398, 0.7461, 0.7316, 0.758, 0.7383, 0.6963, 0.72, 0.7157, 0.7156, 0.7194]
Best BM F1: 0.6973 at epoch 25

TI-RADS metrics per eval:
  Acc:  [0.0, 0.0, 0.0, 0.0, 0.0, 0.0, 0.0, 0.0, 0.0, 0.0]
  Prec: [0.0, 0.0, 0.0, 0.0, 0.0, 0.0, 0.0, 0.0, 0.0, 0.0]
  Rec:  [0.0, 0.0, 0.0, 0.0, 0.0, 0.0, 0.0, 0.0, 0.0, 0.0]
  F1:   [0.0, 0.0, 0.0, 0.0, 0.0, 0.0, 0.0, 0.0, 0.0, 0.0]
  AUC:  [0.0, 0.0, 0.0, 0.0, 0.0, 0.0, 0.0, 0.0, 0.0, 0.0]
Best TI-RADS F1: 0.0000 at epoch 5

Dataset: DDTI
Eval epochs: [5, 10, 15, 20, 25, 30, 35, 40, 45, 50]
Dice per eval: [0.7257999777793884, 0.7379999756813049, 0.7513999938964844, 0.7396000027656555, 0.7483999729156494, 0.7372000217437744, 0.758899986743927, 0.7498000264167786, 0.7522000074386597, 0.7504000067710876]
HD95 per eval: [22.408300399780273, 21.54599952697754, 20.916200637817383, 19.818500518798828, 20.368799209594727, 21.025800704956055, 19.6825008392334, 20.098899841308594, 19.94300079345703, 19.69849967956543]
Best Dice: 0.7589 at epoch 35
Best HD95: 19.6825 at epoch 35

BM metrics per eval:
  Acc:  [0.0, 0.0, 0.0, 0.0, 0.0, 0.0, 0.0, 0.0, 0.0, 0.0]
  Prec: [0.0, 0.0, 0.0, 0.0, 0.0, 0.0, 0.0, 0.0, 0.0, 0.0]
  Rec:  [0.0, 0.0, 0.0, 0.0, 0.0, 0.0, 0.0, 0.0, 0.0, 0.0]
  F1:   [0.0, 0.0, 0.0, 0.0, 0.0, 0.0, 0.0, 0.0, 0.0, 0.0]
  AUROC:[0.0, 0.0, 0.0, 0.0, 0.0, 0.0, 0.0, 0.0, 0.0, 0.0]
  AUPRC:[0.0, 0.0, 0.0, 0.0, 0.0, 0.0, 0.0, 0.0, 0.0, 0.0]
Best BM F1: 0.0000 at epoch 5

TI-RADS metrics per eval:
  Acc:  [0.0, 0.0, 0.0, 0.0, 0.0, 0.0, 0.0, 0.0, 0.0, 0.0]
  Prec: [0.0, 0.0, 0.0, 0.0, 0.0, 0.0, 0.0, 0.0, 0.0, 0.0]
  Rec:  [0.0, 0.0, 0.0, 0.0, 0.0, 0.0, 0.0, 0.0, 0.0, 0.0]
  F1:   [0.0, 0.0, 0.0, 0.0, 0.0, 0.0, 0.0, 0.0, 0.0, 0.0]
  AUC:  [0.0, 0.0, 0.0, 0.0, 0.0, 0.0, 0.0, 0.0, 0.0, 0.0]
Best TI-RADS F1: 0.0000 at epoch 5

Dataset: ThyroidXL
Eval epochs: [5, 10, 15, 20, 25, 30, 35, 40, 45, 50]
Dice per eval: [0.8567000031471252, 0.8585000038146973, 0.8633999824523926, 0.8640000224113464, 0.8618000149726868, 0.8694000244140625, 0.8705000281333923, 0.8715000152587891, 0.8723000288009644, 0.8723000288009644]
HD95 per eval: [6.879199981689453, 6.94320011138916, 6.485899925231934, 6.313199996948242, 6.387199878692627, 5.9095001220703125, 5.722700119018555, 5.69920015335083, 5.667200088500977, 5.684199810028076]
Best Dice: 0.8723 at epoch 45
Best HD95: 5.6672 at epoch 45

BM metrics per eval:
  Acc:  [0.7544, 0.838, 0.8109, 0.8384, 0.8623, 0.8252, 0.839, 0.8367, 0.8291, 0.8343]
  Prec: [0.9255, 0.7789, 0.9008, 0.8733, 0.8675, 0.887, 0.8762, 0.881, 0.9003, 0.8927]
  Rec:  [0.5124, 0.9091, 0.6662, 0.7626, 0.8302, 0.7147, 0.7607, 0.7496, 0.7106, 0.7311]
  F1:   [0.6594, 0.839, 0.7658, 0.8141, 0.8484, 0.7915, 0.8143, 0.8099, 0.7942, 0.8038]
  AUROC:[0.9265, 0.9276, 0.9325, 0.9311, 0.9356, 0.9309, 0.9217, 0.9311, 0.9274, 0.929]
  AUPRC:[0.9068, 0.911, 0.9154, 0.9101, 0.9264, 0.9212, 0.9153, 0.922, 0.9196, 0.921]
Best BM F1: 0.8484 at epoch 25

TI-RADS metrics per eval:
  Acc:  [0.0, 0.0, 0.0, 0.0, 0.0, 0.0, 0.0, 0.0, 0.0, 0.0]
  Prec: [0.0, 0.0, 0.0, 0.0, 0.0, 0.0, 0.0, 0.0, 0.0, 0.0]
  Rec:  [0.0, 0.0, 0.0, 0.0, 0.0, 0.0, 0.0, 0.0, 0.0, 0.0]
  F1:   [0.0, 0.0, 0.0, 0.0, 0.0, 0.0, 0.0, 0.0, 0.0, 0.0]
  AUC:  [0.0, 0.0, 0.0, 0.0, 0.0, 0.0, 0.0, 0.0, 0.0, 0.0]
Best TI-RADS F1: 0.0000 at epoch 5

Dataset: PKTN
Eval epochs: [5, 10, 15, 20, 25, 30, 35, 40, 45, 50]
Dice per eval: [0.7802000045776367, 0.7833999991416931, 0.78329998254776, 0.7943000197410583, 0.7889000177383423, 0.7986000180244446, 0.7993999719619751, 0.8014000058174133, 0.8014000058174133, 0.8025000095367432]
HD95 per eval: [15.009599685668945, 15.099599838256836, 14.449299812316895, 14.11139965057373, 13.768600463867188, 13.084099769592285, 12.483599662780762, 12.359399795532227, 12.242199897766113, 12.161600112915039]
Best Dice: 0.8025 at epoch 50
Best HD95: 12.1616 at epoch 50

BM metrics per eval:
  Acc:  [0.0, 0.0, 0.0, 0.0, 0.0, 0.0, 0.0, 0.0, 0.0, 0.0]
  Prec: [0.0, 0.0, 0.0, 0.0, 0.0, 0.0, 0.0, 0.0, 0.0, 0.0]
  Rec:  [0.0, 0.0, 0.0, 0.0, 0.0, 0.0, 0.0, 0.0, 0.0, 0.0]
  F1:   [0.0, 0.0, 0.0, 0.0, 0.0, 0.0, 0.0, 0.0, 0.0, 0.0]
  AUROC:[0.0, 0.0, 0.0, 0.0, 0.0, 0.0, 0.0, 0.0, 0.0, 0.0]
  AUPRC:[0.0, 0.0, 0.0, 0.0, 0.0, 0.0, 0.0, 0.0, 0.0, 0.0]
Best BM F1: 0.0000 at epoch 5

TI-RADS metrics per eval:
  Acc:  [0.0, 0.0, 0.0, 0.0, 0.0, 0.0, 0.0, 0.0, 0.0, 0.0]
  Prec: [0.0, 0.0, 0.0, 0.0, 0.0, 0.0, 0.0, 0.0, 0.0, 0.0]
  Rec:  [0.0, 0.0, 0.0, 0.0, 0.0, 0.0, 0.0, 0.0, 0.0, 0.0]
  F1:   [0.0, 0.0, 0.0, 0.0, 0.0, 0.0, 0.0, 0.0, 0.0, 0.0]
  AUC:  [0.0, 0.0, 0.0, 0.0, 0.0, 0.0, 0.0, 0.0, 0.0, 0.0]
Best TI-RADS F1: 0.0000 at epoch 5

Dataset: TN5K
Eval epochs: [5, 10, 15, 20, 25, 30, 35, 40, 45, 50]
Dice per eval: [0.7950000166893005, 0.7993000149726868, 0.8082000017166138, 0.8115000128746033, 0.8001999855041504, 0.8152999877929688, 0.8159000277519226, 0.8220999836921692, 0.8216999769210815, 0.8223999738693237]
HD95 per eval: [10.768099784851074, 10.608400344848633, 10.01200008392334, 9.605600357055664, 9.720199584960938, 9.741399765014648, 9.307299613952637, 9.112500190734863, 9.171299934387207, 9.174500465393066]
Best Dice: 0.8224 at epoch 50
Best HD95: 9.1125 at epoch 40

BM metrics per eval:
  Acc:  [0.897, 0.8561, 0.8969, 0.8989, 0.8942, 0.902, 0.9002, 0.9072, 0.9102, 0.9082]
  Prec: [0.8945, 0.841, 0.9219, 0.9244, 0.9419, 0.9305, 0.934, 0.9266, 0.9445, 0.942]
  Rec:  [0.974, 0.9904, 0.9385, 0.9385, 0.9115, 0.9359, 0.9292, 0.9483, 0.932, 0.9319]
  F1:   [0.9325, 0.9095, 0.9301, 0.9314, 0.9264, 0.9331, 0.9315, 0.9373, 0.9382, 0.9369]
  AUROC:[0.9498, 0.9371, 0.9411, 0.9504, 0.9445, 0.9505, 0.9492, 0.9521, 0.951, 0.9512]
  AUPRC:[0.9794, 0.9742, 0.9738, 0.9799, 0.9775, 0.98, 0.9788, 0.9797, 0.9781, 0.9778]
Best BM F1: 0.9382 at epoch 45

TI-RADS metrics per eval:
  Acc:  [0.0, 0.0, 0.0, 0.0, 0.0, 0.0, 0.0, 0.0, 0.0, 0.0]
  Prec: [0.0, 0.0, 0.0, 0.0, 0.0, 0.0, 0.0, 0.0, 0.0, 0.0]
  Rec:  [0.0, 0.0, 0.0, 0.0, 0.0, 0.0, 0.0, 0.0, 0.0, 0.0]
  F1:   [0.0, 0.0, 0.0, 0.0, 0.0, 0.0, 0.0, 0.0, 0.0, 0.0]
  AUC:  [0.0, 0.0, 0.0, 0.0, 0.0, 0.0, 0.0, 0.0, 0.0, 0.0]
Best TI-RADS F1: 0.0000 at epoch 5

==========================================================

========== Training Completed ==========
Training completed at Wed Jan 14 15:34:28 2026
