Training started at Sun Apr 26 23:38:16 2026
Method: dino_unet
Dataset: train_multitask_LNM_CN01
Epochs: 50
Target Key: LNM_CN01
LR: 0.0001
Batch Size: 12
Image Size: 224 x 224
DINO pretrained: True
Use Dilation: False
First sample: filename=2016/刘惠银/刘惠银_01_0001_0001.jpg, image=/mnt/wangbd8/workspace/DataSets/ThyroidAgent/Classifaction_Data/Malignant_ultrasound_images_cropped/2016/刘惠银/刘惠银_01_0001_0001.jpg, mask=/mnt/wangbd8/workspace/DataSets/ThyroidAgent/Classifaction_Data/Malignant_ultrasound_images_cropped_predictions/2016/刘惠银/刘惠银_01_0001_0001.png, target=0
Training set - LNM_CN01: Negative=5438 (66.98%), Positive=2681 (33.02%), Missing=3668
Auto-adjusted tau=0.70 (imbalance_ratio=2.03)
GLA parameters for LNM_CN01: p_neg=0.6698, p_pos=0.3302, tau=0.70
Logit adjustment magnitude: 0.4951
Loss weights: seg=1.0, cls=1.0
GA-MTL schedule per optimizer step: ['seg', 'cls']
steps_per_epoch (optimizer steps): 491
Epoch:1: seg_loss(avg):0.8495, cls_loss(avg):0.7713
Epoch:2: seg_loss(avg):0.5571, cls_loss(avg):0.7466
Epoch:3: seg_loss(avg):0.4967, cls_loss(avg):0.7078
Epoch:4: seg_loss(avg):0.4708, cls_loss(avg):0.6882
Epoch:5: seg_loss(avg):0.4560, cls_loss(avg):0.6623
Saved checkpoint at epoch 5
Epoch:6: seg_loss(avg):0.4442, cls_loss(avg):0.6329
Epoch:7: seg_loss(avg):0.4328, cls_loss(avg):0.6027
Epoch:8: seg_loss(avg):0.4272, cls_loss(avg):0.5803
Epoch:9: seg_loss(avg):0.4176, cls_loss(avg):0.5496
Epoch:10: seg_loss(avg):0.4148, cls_loss(avg):0.4904
Saved checkpoint at epoch 10
Epoch:11: seg_loss(avg):0.4136, cls_loss(avg):0.4784
Epoch:12: seg_loss(avg):0.4123, cls_loss(avg):0.4244
Epoch:13: seg_loss(avg):0.3980, cls_loss(avg):0.3965
Epoch:14: seg_loss(avg):0.3956, cls_loss(avg):0.3721
Epoch:15: seg_loss(avg):0.3911, cls_loss(avg):0.3152
Saved checkpoint at epoch 15
Epoch:16: seg_loss(avg):0.3828, cls_loss(avg):0.3038
Epoch:17: seg_loss(avg):0.3821, cls_loss(avg):0.2540
Epoch:18: seg_loss(avg):0.3821, cls_loss(avg):0.2259
Epoch:19: seg_loss(avg):0.3753, cls_loss(avg):0.2149
Epoch:20: seg_loss(avg):0.3698, cls_loss(avg):0.1923
Saved checkpoint at epoch 20
Epoch:21: seg_loss(avg):0.3614, cls_loss(avg):0.1643
Epoch:22: seg_loss(avg):0.3597, cls_loss(avg):0.1538
Epoch:23: seg_loss(avg):0.3502, cls_loss(avg):0.1359
Epoch:24: seg_loss(avg):0.3505, cls_loss(avg):0.1112
Epoch:25: seg_loss(avg):0.3462, cls_loss(avg):0.1018
Saved checkpoint at epoch 25
Epoch:26: seg_loss(avg):0.3401, cls_loss(avg):0.0968
Epoch:27: seg_loss(avg):0.3322, cls_loss(avg):0.0721
Epoch:28: seg_loss(avg):0.3312, cls_loss(avg):0.0655
Epoch:29: seg_loss(avg):0.3276, cls_loss(avg):0.0635
Epoch:30: seg_loss(avg):0.3192, cls_loss(avg):0.0567
Saved checkpoint at epoch 30
Epoch:31: seg_loss(avg):0.3187, cls_loss(avg):0.0432
Epoch:32: seg_loss(avg):0.3133, cls_loss(avg):0.0477
Epoch:33: seg_loss(avg):0.3098, cls_loss(avg):0.0342
Epoch:34: seg_loss(avg):0.3042, cls_loss(avg):0.0352
Epoch:35: seg_loss(avg):0.3017, cls_loss(avg):0.0251
Saved checkpoint at epoch 35
Epoch:36: seg_loss(avg):0.2941, cls_loss(avg):0.0312
Epoch:37: seg_loss(avg):0.2906, cls_loss(avg):0.0134
Epoch:38: seg_loss(avg):0.2883, cls_loss(avg):0.0114
Epoch:39: seg_loss(avg):0.2872, cls_loss(avg):0.0095
Epoch:40: seg_loss(avg):0.2828, cls_loss(avg):0.0102
Saved checkpoint at epoch 40
Epoch:41: seg_loss(avg):0.2792, cls_loss(avg):0.0098
Epoch:42: seg_loss(avg):0.2796, cls_loss(avg):0.0072
Epoch:43: seg_loss(avg):0.2746, cls_loss(avg):0.0055
Epoch:44: seg_loss(avg):0.2748, cls_loss(avg):0.0041
Epoch:45: seg_loss(avg):0.2696, cls_loss(avg):0.0066
Saved checkpoint at epoch 45
Epoch:46: seg_loss(avg):0.2719, cls_loss(avg):0.0042
Epoch:47: seg_loss(avg):0.2698, cls_loss(avg):0.0029
Epoch:48: seg_loss(avg):0.2716, cls_loss(avg):0.0051
Epoch:49: seg_loss(avg):0.2665, cls_loss(avg):0.0050
Epoch:50: seg_loss(avg):0.2663, cls_loss(avg):0.0015
Saved checkpoint at epoch 50

Validating epoch 50 on all test datasets...
Testing on LNM_CN01...
  LNM_CN01 - Dice: 0.8757, HD95: 6.2891
  LNM_CN01 - LNM_CN01: Acc=0.5503, Prec=0.9078, Rec=0.3217, F1=0.4735, AUROC=0.7277, AUPRC=0.8403, ECE=0.4459

========== Evaluation Summary (All Test Records) ==========


Dataset: LNM_CN01
Eval epochs: [50]
Dice per eval: [0.8756999969482422]
HD95 per eval: [6.289100170135498]
Best Dice: 0.8757 at epoch 50
Best HD95: 6.2891 at epoch 50

LNM_CN01 metrics per eval:
  Acc:  [0.5503]
  Prec: [0.9078]
  Rec:  [0.3217]
  F1:   [0.4735]
  AUROC:[0.7277]
  AUPRC:[0.8403]
  ECE:  [0.4459]
Best LNM_CN01 F1: 0.4735 at epoch 50

==========================================================

========== Training Completed ==========
Training completed at Mon Apr 27 00:43:16 2026
