Training started at Fri Jan 30 12:55:28 2026
Method: dino_unet
Dataset: gamtl_train_multitask_dataset_3
Epochs: 50
LR: 0.0001
Batch Size: 12
Image Size: 224 x 224
DINO pretrained: True
Use Dilation: False
Training set - Benign/Malignant: Benign=8848 (58.56%), Malignant=6261 (41.44%)
Auto-adjusted tau=0.50 (imbalance_ratio=1.41)
GLA parameters: p_benign=0.5856, p_malignant=0.4144, tau=0.50
Logit adjustment magnitude: 0.1729
Training set - TI-RADS distribution (1-5): [0, 0, 0, 0, 0]
TI-RADS probabilities: [0.20000000298023224, 0.20000000298023224, 0.20000000298023224, 0.20000000298023224, 0.20000000298023224]
Loss weights: seg=1.0, bm=1.0, tirads=1.0
GA-MTL schedule per optimizer step: ['seg', 'bm']
steps_per_epoch (optimizer steps): 629
Epoch:1: seg_loss(avg):0.6069, bm_loss(avg):0.5639, tirads_loss(avg):0.0000
Epoch:2: seg_loss(avg):0.4733, bm_loss(avg):0.4249, tirads_loss(avg):0.0000
Epoch:3: seg_loss(avg):0.4386, bm_loss(avg):0.3769, tirads_loss(avg):0.0000
Epoch:4: seg_loss(avg):0.4224, bm_loss(avg):0.3440, tirads_loss(avg):0.0000
Epoch:5: seg_loss(avg):0.4231, bm_loss(avg):0.3372, tirads_loss(avg):0.0000
Saved checkpoint at epoch 5
Epoch:6: seg_loss(avg):0.4067, bm_loss(avg):0.2970, tirads_loss(avg):0.0000
Epoch:7: seg_loss(avg):0.4136, bm_loss(avg):0.3091, tirads_loss(avg):0.0000
Epoch:8: seg_loss(avg):0.3964, bm_loss(avg):0.2830, tirads_loss(avg):0.0000
Epoch:9: seg_loss(avg):0.3920, bm_loss(avg):0.2595, tirads_loss(avg):0.0000
Epoch:10: seg_loss(avg):0.3851, bm_loss(avg):0.2581, tirads_loss(avg):0.0000
Saved checkpoint at epoch 10
Epoch:11: seg_loss(avg):0.3865, bm_loss(avg):0.2303, tirads_loss(avg):0.0000
Epoch:12: seg_loss(avg):0.3801, bm_loss(avg):0.2256, tirads_loss(avg):0.0000
Epoch:13: seg_loss(avg):0.3743, bm_loss(avg):0.2043, tirads_loss(avg):0.0000
Epoch:14: seg_loss(avg):0.3700, bm_loss(avg):0.1885, tirads_loss(avg):0.0000
Epoch:15: seg_loss(avg):0.3639, bm_loss(avg):0.1901, tirads_loss(avg):0.0000
Saved checkpoint at epoch 15
Epoch:16: seg_loss(avg):0.3621, bm_loss(avg):0.1643, tirads_loss(avg):0.0000
Epoch:17: seg_loss(avg):0.3622, bm_loss(avg):0.1523, tirads_loss(avg):0.0000
Epoch:18: seg_loss(avg):0.3542, bm_loss(avg):0.1388, tirads_loss(avg):0.0000
Epoch:19: seg_loss(avg):0.3520, bm_loss(avg):0.1232, tirads_loss(avg):0.0000
Epoch:20: seg_loss(avg):0.3494, bm_loss(avg):0.1235, tirads_loss(avg):0.0000
Saved checkpoint at epoch 20
Epoch:21: seg_loss(avg):0.3450, bm_loss(avg):0.1197, tirads_loss(avg):0.0000
Epoch:22: seg_loss(avg):0.3434, bm_loss(avg):0.1068, tirads_loss(avg):0.0000
Epoch:23: seg_loss(avg):0.3378, bm_loss(avg):0.1040, tirads_loss(avg):0.0000
Epoch:24: seg_loss(avg):0.3338, bm_loss(avg):0.0918, tirads_loss(avg):0.0000
Epoch:25: seg_loss(avg):0.3298, bm_loss(avg):0.0778, tirads_loss(avg):0.0000
Saved checkpoint at epoch 25
Epoch:26: seg_loss(avg):0.3286, bm_loss(avg):0.0736, tirads_loss(avg):0.0000
Epoch:27: seg_loss(avg):0.3253, bm_loss(avg):0.0608, tirads_loss(avg):0.0000
Epoch:28: seg_loss(avg):0.3250, bm_loss(avg):0.0606, tirads_loss(avg):0.0000
Epoch:29: seg_loss(avg):0.3178, bm_loss(avg):0.0524, tirads_loss(avg):0.0000
Epoch:30: seg_loss(avg):0.3139, bm_loss(avg):0.0446, tirads_loss(avg):0.0000
Saved checkpoint at epoch 30
Epoch:31: seg_loss(avg):0.3107, bm_loss(avg):0.0437, tirads_loss(avg):0.0000
Epoch:32: seg_loss(avg):0.3062, bm_loss(avg):0.0422, tirads_loss(avg):0.0000
Epoch:33: seg_loss(avg):0.3026, bm_loss(avg):0.0288, tirads_loss(avg):0.0000
Epoch:34: seg_loss(avg):0.2985, bm_loss(avg):0.0339, tirads_loss(avg):0.0000
Epoch:35: seg_loss(avg):0.2961, bm_loss(avg):0.0272, tirads_loss(avg):0.0000
Saved checkpoint at epoch 35
Epoch:36: seg_loss(avg):0.2935, bm_loss(avg):0.0293, tirads_loss(avg):0.0000
Epoch:37: seg_loss(avg):0.2888, bm_loss(avg):0.0188, tirads_loss(avg):0.0000
Epoch:38: seg_loss(avg):0.2872, bm_loss(avg):0.0143, tirads_loss(avg):0.0000
Epoch:39: seg_loss(avg):0.2828, bm_loss(avg):0.0155, tirads_loss(avg):0.0000
Epoch:40: seg_loss(avg):0.2789, bm_loss(avg):0.0155, tirads_loss(avg):0.0000
Saved checkpoint at epoch 40
Epoch:41: seg_loss(avg):0.2744, bm_loss(avg):0.0172, tirads_loss(avg):0.0000
Epoch:42: seg_loss(avg):0.2766, bm_loss(avg):0.0171, tirads_loss(avg):0.0000
Epoch:43: seg_loss(avg):0.2765, bm_loss(avg):0.0116, tirads_loss(avg):0.0000
Epoch:44: seg_loss(avg):0.2713, bm_loss(avg):0.0067, tirads_loss(avg):0.0000
Epoch:45: seg_loss(avg):0.2727, bm_loss(avg):0.0158, tirads_loss(avg):0.0000
Saved checkpoint at epoch 45
Epoch:46: seg_loss(avg):0.2726, bm_loss(avg):0.0086, tirads_loss(avg):0.0000
Epoch:47: seg_loss(avg):0.2706, bm_loss(avg):0.0104, tirads_loss(avg):0.0000
Epoch:48: seg_loss(avg):0.2694, bm_loss(avg):0.0071, tirads_loss(avg):0.0000
Epoch:49: seg_loss(avg):0.2696, bm_loss(avg):0.0077, tirads_loss(avg):0.0000
Epoch:50: seg_loss(avg):0.2687, bm_loss(avg):0.0089, tirads_loss(avg):0.0000
Saved checkpoint at epoch 50

Validating epoch 50 on all test datasets...
Testing on TN3K...
  TN3K - Dice: 0.8231, HD95: 13.7177
  TN3K - BM: Acc=0.8558, Prec=0.8447, Rec=0.8599, F1=0.8520, AUROC=0.9258, AUPRC=0.9294
  TN3K - TI-RADS: Acc=0.0000, Prec=0.0000, Rec=0.0000, F1=0.0000, AUC=0.0000
Testing on DDTI...
Error occurred: [Errno 2] No such file or directory: '/mnt/wangbd8/workspace/DataSets/ThyroidAgent/train_val_test/DDTI/valid/DDTI_valid_label.json'
Traceback (most recent call last):
  File "/mnt/wangbd8/workspace/ThyroidAgent/dino_unet_multitask/train_multitask_gamtl.py", line 380, in main
    test_dataset = MultiTaskDataset(img_path, mask_path, test_label_path, args.img_size, mode='test')
                   ^^^^^^^^^^^^^^^^^^^^^^^^^^^^^^^^^^^^^^^^^^^^^^^^^^^^^^^^^^^^^^^^^^^^^^^^^^^^^^^^^^
  File "/mnt/wangbd8/workspace/ThyroidAgent/dino_unet_multitask/dataset.py", line 75, in __init__
    with open(label_json_path, 'r') as f:
         ^^^^^^^^^^^^^^^^^^^^^^^^^^
FileNotFoundError: [Errno 2] No such file or directory: '/mnt/wangbd8/workspace/DataSets/ThyroidAgent/train_val_test/DDTI/valid/DDTI_valid_label.json'

