Training started at Sat Feb 21 17:55:42 2026
Method: dino_unet
Dataset: gamtl_train_multitask_dataset_6
Epochs: 50
LR: 0.0001
Batch Size: 12
Image Size: 224 x 224
DINO pretrained: True
Use Dilation: False
Training set - Benign/Malignant: Benign=2175 (50.96%), Malignant=2093 (49.04%)
Auto-adjusted tau=0.30 (imbalance_ratio=1.04)
GLA parameters: p_benign=0.5096, p_malignant=0.4904, tau=0.30
Logit adjustment magnitude: 0.0115
Training set - TI-RADS distribution (1-5): [0, 29, 15, 166, 34]
TI-RADS probabilities: [4.09836053982815e-11, 0.11885245889425278, 0.06147541105747223, 0.6803278923034668, 0.13934426009655]
Loss weights: seg=1.0, bm=1.0, tirads=1.0
GA-MTL schedule per optimizer step: ['seg', 'bm']
steps_per_epoch (optimizer steps): 177
Epoch:1: seg_loss(avg):0.8533, bm_loss(avg):0.6522, tirads_loss(avg):0.0000
Epoch:2: seg_loss(avg):0.6891, bm_loss(avg):0.5170, tirads_loss(avg):0.0000
Epoch:3: seg_loss(avg):0.6341, bm_loss(avg):0.4725, tirads_loss(avg):0.0000
Epoch:4: seg_loss(avg):0.6106, bm_loss(avg):0.4143, tirads_loss(avg):0.0000
Epoch:5: seg_loss(avg):0.5894, bm_loss(avg):0.3611, tirads_loss(avg):0.0000
Saved checkpoint at epoch 5
Epoch:6: seg_loss(avg):0.5994, bm_loss(avg):0.3834, tirads_loss(avg):0.0000
Epoch:7: seg_loss(avg):0.5779, bm_loss(avg):0.3484, tirads_loss(avg):0.0000
Epoch:8: seg_loss(avg):0.5504, bm_loss(avg):0.3447, tirads_loss(avg):0.0000
Epoch:9: seg_loss(avg):0.5429, bm_loss(avg):0.3016, tirads_loss(avg):0.0000
Epoch:10: seg_loss(avg):0.5388, bm_loss(avg):0.2801, tirads_loss(avg):0.0000
Saved checkpoint at epoch 10
Epoch:11: seg_loss(avg):0.5403, bm_loss(avg):0.2678, tirads_loss(avg):0.0000
Epoch:12: seg_loss(avg):0.5237, bm_loss(avg):0.2501, tirads_loss(avg):0.0000
Epoch:13: seg_loss(avg):0.5155, bm_loss(avg):0.2401, tirads_loss(avg):0.0000
Epoch:14: seg_loss(avg):0.5330, bm_loss(avg):0.2117, tirads_loss(avg):0.0000
Epoch:15: seg_loss(avg):0.4999, bm_loss(avg):0.2145, tirads_loss(avg):0.0000
Saved checkpoint at epoch 15
Epoch:16: seg_loss(avg):0.4996, bm_loss(avg):0.1948, tirads_loss(avg):0.0000
Epoch:17: seg_loss(avg):0.4933, bm_loss(avg):0.2085, tirads_loss(avg):0.0000
Epoch:18: seg_loss(avg):0.4935, bm_loss(avg):0.1537, tirads_loss(avg):0.0000
Epoch:19: seg_loss(avg):0.4743, bm_loss(avg):0.1536, tirads_loss(avg):0.0000
Epoch:20: seg_loss(avg):0.4634, bm_loss(avg):0.1409, tirads_loss(avg):0.0000
Saved checkpoint at epoch 20
Epoch:21: seg_loss(avg):0.4745, bm_loss(avg):0.1198, tirads_loss(avg):0.0000
Epoch:22: seg_loss(avg):0.4529, bm_loss(avg):0.1028, tirads_loss(avg):0.0000
Epoch:23: seg_loss(avg):0.4622, bm_loss(avg):0.0935, tirads_loss(avg):0.0000
Epoch:24: seg_loss(avg):0.4507, bm_loss(avg):0.0965, tirads_loss(avg):0.0000
Epoch:25: seg_loss(avg):0.4398, bm_loss(avg):0.0864, tirads_loss(avg):0.0000
Saved checkpoint at epoch 25
Epoch:26: seg_loss(avg):0.4241, bm_loss(avg):0.0763, tirads_loss(avg):0.0000
Epoch:27: seg_loss(avg):0.4279, bm_loss(avg):0.0587, tirads_loss(avg):0.0000
Epoch:28: seg_loss(avg):0.4189, bm_loss(avg):0.0721, tirads_loss(avg):0.0000
Epoch:29: seg_loss(avg):0.4201, bm_loss(avg):0.0495, tirads_loss(avg):0.0000
Epoch:30: seg_loss(avg):0.4105, bm_loss(avg):0.0438, tirads_loss(avg):0.0000
Saved checkpoint at epoch 30
Epoch:31: seg_loss(avg):0.4081, bm_loss(avg):0.0329, tirads_loss(avg):0.0000
Epoch:32: seg_loss(avg):0.3944, bm_loss(avg):0.0389, tirads_loss(avg):0.0000
Epoch:33: seg_loss(avg):0.4017, bm_loss(avg):0.0380, tirads_loss(avg):0.0000
Epoch:34: seg_loss(avg):0.3959, bm_loss(avg):0.0240, tirads_loss(avg):0.0000
Epoch:35: seg_loss(avg):0.3858, bm_loss(avg):0.0304, tirads_loss(avg):0.0000
Saved checkpoint at epoch 35
Epoch:36: seg_loss(avg):0.3832, bm_loss(avg):0.0309, tirads_loss(avg):0.0000
Epoch:37: seg_loss(avg):0.3813, bm_loss(avg):0.0157, tirads_loss(avg):0.0000
Epoch:38: seg_loss(avg):0.3719, bm_loss(avg):0.0224, tirads_loss(avg):0.0000
Epoch:39: seg_loss(avg):0.3730, bm_loss(avg):0.0209, tirads_loss(avg):0.0000
Epoch:40: seg_loss(avg):0.3686, bm_loss(avg):0.0192, tirads_loss(avg):0.0000
Saved checkpoint at epoch 40
Epoch:41: seg_loss(avg):0.3647, bm_loss(avg):0.0153, tirads_loss(avg):0.0000
Epoch:42: seg_loss(avg):0.3544, bm_loss(avg):0.0128, tirads_loss(avg):0.0000
Epoch:43: seg_loss(avg):0.3701, bm_loss(avg):0.0186, tirads_loss(avg):0.0000
Epoch:44: seg_loss(avg):0.3544, bm_loss(avg):0.0164, tirads_loss(avg):0.0000
Epoch:45: seg_loss(avg):0.3571, bm_loss(avg):0.0103, tirads_loss(avg):0.0000
Saved checkpoint at epoch 45
Epoch:46: seg_loss(avg):0.3561, bm_loss(avg):0.0106, tirads_loss(avg):0.0000
Epoch:47: seg_loss(avg):0.3534, bm_loss(avg):0.0079, tirads_loss(avg):0.0000
Epoch:48: seg_loss(avg):0.3484, bm_loss(avg):0.0080, tirads_loss(avg):0.0000
Epoch:49: seg_loss(avg):0.3482, bm_loss(avg):0.0112, tirads_loss(avg):0.0000
Epoch:50: seg_loss(avg):0.3557, bm_loss(avg):0.0096, tirads_loss(avg):0.0000
Saved checkpoint at epoch 50

Validating epoch 50 on all test datasets...
Testing on TN3K...
  TN3K - Dice: 0.8184, HD95: 13.9269
  TN3K - BM: Acc=0.8532, Prec=0.8416, Rec=0.8576, F1=0.8494, AUROC=0.9162, AUPRC=0.9171
  TN3K - TI-RADS: Acc=0.0000, Prec=0.0000, Rec=0.0000, F1=0.0000, AUC=0.0000
Testing on DDTI_Classification...
  DDTI_Classification - Dice: 0.3669, HD95: 12.5077
  DDTI_Classification - BM: Acc=0.9031, Prec=0.6247, Rec=0.3316, F1=0.4097, AUROC=0.8812, AUPRC=0.6117
  DDTI_Classification - TI-RADS: Acc=0.6724, Prec=0.3261, Rec=0.2930, F1=0.2638, AUC=0.0000
Testing on ThyroidXL...
  ThyroidXL - Dice: 0.8279, HD95: 8.6097
  ThyroidXL - BM: Acc=0.7426, Prec=0.5124, Rec=0.9009, F1=0.6530, AUROC=0.8703, AUPRC=0.6946
  ThyroidXL - TI-RADS: Acc=0.0000, Prec=0.0000, Rec=0.0000, F1=0.0000, AUC=0.0000
Testing on TN5K...
  TN5K - Dice: 0.7486, HD95: 12.3794
  TN5K - BM: Acc=0.6782, Prec=0.8483, Rec=0.6617, F1=0.7432, AUROC=0.7579, AUPRC=0.8692
  TN5K - TI-RADS: Acc=0.0000, Prec=0.0000, Rec=0.0000, F1=0.0000, AUC=0.0000
Testing on Cine-Clip...
  Cine-Clip - Dice: 0.6814, HD95: 21.5019
  Cine-Clip - BM: Acc=0.8773, Prec=0.4641, Rec=0.1726, F1=0.2513, AUROC=0.6441, AUPRC=0.3043
  Cine-Clip - TI-RADS: Acc=0.4244, Prec=0.2215, Rec=0.2098, F1=0.1389, AUC=0.5813

========== Evaluation Summary (All Test Records) ==========

Dataset: TN3K
Eval epochs: [50]
Dice per eval: [0.8184000253677368]
HD95 per eval: [13.926899909973145]
Best Dice: 0.8184 at epoch 50
Best HD95: 13.9269 at epoch 50

BM metrics per eval:
  Acc:  [0.8532]
  Prec: [0.8416]
  Rec:  [0.8576]
  F1:   [0.8494]
  AUROC:[0.9162]
  AUPRC:[0.9171]
Best BM F1: 0.8494 at epoch 50

TI-RADS metrics per eval:
  Acc:  [0.0]
  Prec: [0.0]
  Rec:  [0.0]
  F1:   [0.0]
  AUC:  [0.0]
Best TI-RADS F1: 0.0000 at epoch 50

Dataset: DDTI_Classification
Eval epochs: [50]
Dice per eval: [0.3668999969959259]
HD95 per eval: [12.507699966430664]
Best Dice: 0.3669 at epoch 50
Best HD95: 12.5077 at epoch 50

BM metrics per eval:
  Acc:  [0.9031]
  Prec: [0.6247]
  Rec:  [0.3316]
  F1:   [0.4097]
  AUROC:[0.8812]
  AUPRC:[0.6117]
Best BM F1: 0.4097 at epoch 50

TI-RADS metrics per eval:
  Acc:  [0.6724]
  Prec: [0.3261]
  Rec:  [0.293]
  F1:   [0.2638]
  AUC:  [0.0]
Best TI-RADS F1: 0.2638 at epoch 50

Dataset: ThyroidXL
Eval epochs: [50]
Dice per eval: [0.8278999924659729]
HD95 per eval: [8.609700202941895]
Best Dice: 0.8279 at epoch 50
Best HD95: 8.6097 at epoch 50

BM metrics per eval:
  Acc:  [0.7426]
  Prec: [0.5124]
  Rec:  [0.9009]
  F1:   [0.653]
  AUROC:[0.8703]
  AUPRC:[0.6946]
Best BM F1: 0.6530 at epoch 50

TI-RADS metrics per eval:
  Acc:  [0.0]
  Prec: [0.0]
  Rec:  [0.0]
  F1:   [0.0]
  AUC:  [0.0]
Best TI-RADS F1: 0.0000 at epoch 50

Dataset: TN5K
Eval epochs: [50]
Dice per eval: [0.7486000061035156]
HD95 per eval: [12.379400253295898]
Best Dice: 0.7486 at epoch 50
Best HD95: 12.3794 at epoch 50

BM metrics per eval:
  Acc:  [0.6782]
  Prec: [0.8483]
  Rec:  [0.6617]
  F1:   [0.7432]
  AUROC:[0.7579]
  AUPRC:[0.8692]
Best BM F1: 0.7432 at epoch 50

TI-RADS metrics per eval:
  Acc:  [0.0]
  Prec: [0.0]
  Rec:  [0.0]
  F1:   [0.0]
  AUC:  [0.0]
Best TI-RADS F1: 0.0000 at epoch 50

Dataset: Cine-Clip
Eval epochs: [50]
Dice per eval: [0.6814000010490417]
HD95 per eval: [21.50189971923828]
Best Dice: 0.6814 at epoch 50
Best HD95: 21.5019 at epoch 50

BM metrics per eval:
  Acc:  [0.8773]
  Prec: [0.4641]
  Rec:  [0.1726]
  F1:   [0.2513]
  AUROC:[0.6441]
  AUPRC:[0.3043]
Best BM F1: 0.2513 at epoch 50

TI-RADS metrics per eval:
  Acc:  [0.4244]
  Prec: [0.2215]
  Rec:  [0.2098]
  F1:   [0.1389]
  AUC:  [0.5813]
Best TI-RADS F1: 0.1389 at epoch 50

==========================================================

========== Training Completed ==========
Training completed at Sat Feb 21 18:21:53 2026
