Training started at Sat Jan 31 11:35:08 2026
Method: dino_unet
Dataset: 448size_train_multitask_dataset_3
Epochs: 50
LR: 0.0001
Batch Size: 12
Image Size: 448 x 448
DINO pretrained: True
Use Dilation: False
Training set - Benign/Malignant: Benign=8848 (58.56%), Malignant=6261 (41.44%)
Auto-adjusted tau=0.50 (imbalance_ratio=1.41)
GLA parameters: p_benign=0.5856, p_malignant=0.4144, tau=0.50
Logit adjustment magnitude: 0.1729
Training set - TI-RADS distribution (1-5): [0, 0, 0, 0, 0]
TI-RADS probabilities: [0.20000000298023224, 0.20000000298023224, 0.20000000298023224, 0.20000000298023224, 0.20000000298023224]
Loss weights: seg=1.0, bm=1.0, tirads=1.0
GA-MTL schedule per optimizer step: ['seg', 'bm']
steps_per_epoch (optimizer steps): 629
Epoch:1: seg_loss(avg):0.5998, bm_loss(avg):0.5489, tirads_loss(avg):0.0000
Epoch:2: seg_loss(avg):0.4705, bm_loss(avg):0.4038, tirads_loss(avg):0.0000
Epoch:3: seg_loss(avg):0.4428, bm_loss(avg):0.3605, tirads_loss(avg):0.0000
Epoch:4: seg_loss(avg):0.4291, bm_loss(avg):0.3422, tirads_loss(avg):0.0000
Epoch:5: seg_loss(avg):0.4268, bm_loss(avg):0.3253, tirads_loss(avg):0.0000
Saved checkpoint at epoch 5
Epoch:6: seg_loss(avg):0.4122, bm_loss(avg):0.2980, tirads_loss(avg):0.0000
Epoch:7: seg_loss(avg):0.4102, bm_loss(avg):0.2983, tirads_loss(avg):0.0000
Epoch:8: seg_loss(avg):0.4019, bm_loss(avg):0.2818, tirads_loss(avg):0.0000
Epoch:9: seg_loss(avg):0.3986, bm_loss(avg):0.2639, tirads_loss(avg):0.0000
Epoch:10: seg_loss(avg):0.3949, bm_loss(avg):0.2563, tirads_loss(avg):0.0000
Saved checkpoint at epoch 10
Epoch:11: seg_loss(avg):0.4013, bm_loss(avg):0.2407, tirads_loss(avg):0.0000
Epoch:12: seg_loss(avg):0.3859, bm_loss(avg):0.2230, tirads_loss(avg):0.0000
Epoch:13: seg_loss(avg):0.3811, bm_loss(avg):0.2153, tirads_loss(avg):0.0000
Epoch:14: seg_loss(avg):0.3795, bm_loss(avg):0.1978, tirads_loss(avg):0.0000
Epoch:15: seg_loss(avg):0.3748, bm_loss(avg):0.1906, tirads_loss(avg):0.0000
Saved checkpoint at epoch 15
Epoch:16: seg_loss(avg):0.3790, bm_loss(avg):0.1872, tirads_loss(avg):0.0000
Epoch:17: seg_loss(avg):0.3758, bm_loss(avg):0.1714, tirads_loss(avg):0.0000
Epoch:18: seg_loss(avg):0.3723, bm_loss(avg):0.1522, tirads_loss(avg):0.0000
Epoch:19: seg_loss(avg):0.3650, bm_loss(avg):0.1411, tirads_loss(avg):0.0000
Epoch:20: seg_loss(avg):0.3633, bm_loss(avg):0.1431, tirads_loss(avg):0.0000
Saved checkpoint at epoch 20
Epoch:21: seg_loss(avg):0.3598, bm_loss(avg):0.1326, tirads_loss(avg):0.0000
Epoch:22: seg_loss(avg):0.3556, bm_loss(avg):0.1158, tirads_loss(avg):0.0000
Epoch:23: seg_loss(avg):0.3546, bm_loss(avg):0.1078, tirads_loss(avg):0.0000
Epoch:24: seg_loss(avg):0.3496, bm_loss(avg):0.0973, tirads_loss(avg):0.0000
Epoch:25: seg_loss(avg):0.3493, bm_loss(avg):0.0880, tirads_loss(avg):0.0000
Saved checkpoint at epoch 25
Epoch:26: seg_loss(avg):0.3452, bm_loss(avg):0.0833, tirads_loss(avg):0.0000
Epoch:27: seg_loss(avg):0.3412, bm_loss(avg):0.0721, tirads_loss(avg):0.0000
Epoch:28: seg_loss(avg):0.3404, bm_loss(avg):0.0726, tirads_loss(avg):0.0000
Epoch:29: seg_loss(avg):0.3368, bm_loss(avg):0.0550, tirads_loss(avg):0.0000
Epoch:30: seg_loss(avg):0.3329, bm_loss(avg):0.0510, tirads_loss(avg):0.0000
Saved checkpoint at epoch 30
Epoch:31: seg_loss(avg):0.3293, bm_loss(avg):0.0531, tirads_loss(avg):0.0000
Epoch:32: seg_loss(avg):0.3259, bm_loss(avg):0.0376, tirads_loss(avg):0.0000
Epoch:33: seg_loss(avg):0.3243, bm_loss(avg):0.0423, tirads_loss(avg):0.0000
Epoch:34: seg_loss(avg):0.3205, bm_loss(avg):0.0349, tirads_loss(avg):0.0000
Epoch:35: seg_loss(avg):0.3182, bm_loss(avg):0.0292, tirads_loss(avg):0.0000
Saved checkpoint at epoch 35
Epoch:36: seg_loss(avg):0.3164, bm_loss(avg):0.0238, tirads_loss(avg):0.0000
Epoch:37: seg_loss(avg):0.3137, bm_loss(avg):0.0271, tirads_loss(avg):0.0000
Epoch:38: seg_loss(avg):0.3129, bm_loss(avg):0.0163, tirads_loss(avg):0.0000
Epoch:39: seg_loss(avg):0.3071, bm_loss(avg):0.0202, tirads_loss(avg):0.0000
Epoch:40: seg_loss(avg):0.3062, bm_loss(avg):0.0123, tirads_loss(avg):0.0000
Saved checkpoint at epoch 40
Epoch:41: seg_loss(avg):0.2994, bm_loss(avg):0.0124, tirads_loss(avg):0.0000
Epoch:42: seg_loss(avg):0.3007, bm_loss(avg):0.0148, tirads_loss(avg):0.0000
Epoch:43: seg_loss(avg):0.3016, bm_loss(avg):0.0114, tirads_loss(avg):0.0000
Epoch:44: seg_loss(avg):0.2990, bm_loss(avg):0.0086, tirads_loss(avg):0.0000
Epoch:45: seg_loss(avg):0.2983, bm_loss(avg):0.0097, tirads_loss(avg):0.0000
Saved checkpoint at epoch 45
Epoch:46: seg_loss(avg):0.2961, bm_loss(avg):0.0086, tirads_loss(avg):0.0000
Epoch:47: seg_loss(avg):0.2967, bm_loss(avg):0.0074, tirads_loss(avg):0.0000
Epoch:48: seg_loss(avg):0.2958, bm_loss(avg):0.0063, tirads_loss(avg):0.0000
Epoch:49: seg_loss(avg):0.2955, bm_loss(avg):0.0068, tirads_loss(avg):0.0000
Epoch:50: seg_loss(avg):0.2964, bm_loss(avg):0.0063, tirads_loss(avg):0.0000
Saved checkpoint at epoch 50

Validating epoch 50 on all test datasets...
Testing on TN3K...
  TN3K - Dice: 0.8366, HD95: 25.4258
  TN3K - BM: Acc=0.8658, Prec=0.8753, Rec=0.8425, F1=0.8584, AUROC=0.9278, AUPRC=0.9281
  TN3K - TI-RADS: Acc=0.0000, Prec=0.0000, Rec=0.0000, F1=0.0000, AUC=0.0000
Testing on DDTI...
  DDTI - Dice: 0.7953, HD95: 29.2495
  DDTI - BM: Acc=0.0000, Prec=0.0000, Rec=0.0000, F1=0.0000, AUROC=0.0000, AUPRC=0.0000
  DDTI - TI-RADS: Acc=0.0000, Prec=0.0000, Rec=0.0000, F1=0.0000, AUC=0.0000
Testing on ThyroidXL...
  ThyroidXL - Dice: 0.8903, HD95: 9.0362
  ThyroidXL - BM: Acc=0.8888, Prec=0.7925, Rec=0.7949, F1=0.7935, AUROC=0.9485, AUPRC=0.8849
  ThyroidXL - TI-RADS: Acc=0.0000, Prec=0.0000, Rec=0.0000, F1=0.0000, AUC=0.0000
Testing on PKTN...
  PKTN - Dice: 0.8277, HD95: 19.3410
  PKTN - BM: Acc=0.0000, Prec=0.0000, Rec=0.0000, F1=0.0000, AUROC=0.0000, AUPRC=0.0000
  PKTN - TI-RADS: Acc=0.0000, Prec=0.0000, Rec=0.0000, F1=0.0000, AUC=0.0000
Testing on TN5K...
  TN5K - Dice: 0.8652, HD95: 11.2029
  TN5K - BM: Acc=0.9125, Prec=0.9311, Rec=0.9459, F1=0.9383, AUROC=0.9559, AUPRC=0.9787
  TN5K - TI-RADS: Acc=0.0000, Prec=0.0000, Rec=0.0000, F1=0.0000, AUC=0.0000
Testing on Cine-Clip...
  Cine-Clip - Dice: 0.7096, HD95: 39.1601
  Cine-Clip - BM: Acc=0.7710, Prec=0.2952, Rec=0.6607, F1=0.4079, AUROC=0.7692, AUPRC=0.4662
  Cine-Clip - TI-RADS: Acc=0.2897, Prec=0.2853, Rec=0.2464, F1=0.2023, AUC=0.5168

========== Evaluation Summary (All Test Records) ==========

Dataset: TN3K
Eval epochs: [50]
Dice per eval: [0.8366000056266785]
HD95 per eval: [25.425800323486328]
Best Dice: 0.8366 at epoch 50
Best HD95: 25.4258 at epoch 50

BM metrics per eval:
  Acc:  [0.8658]
  Prec: [0.8753]
  Rec:  [0.8425]
  F1:   [0.8584]
  AUROC:[0.9278]
  AUPRC:[0.9281]
Best BM F1: 0.8584 at epoch 50

TI-RADS metrics per eval:
  Acc:  [0.0]
  Prec: [0.0]
  Rec:  [0.0]
  F1:   [0.0]
  AUC:  [0.0]
Best TI-RADS F1: 0.0000 at epoch 50

Dataset: DDTI
Eval epochs: [50]
Dice per eval: [0.7953000068664551]
HD95 per eval: [29.249500274658203]
Best Dice: 0.7953 at epoch 50
Best HD95: 29.2495 at epoch 50

BM metrics per eval:
  Acc:  [0.0]
  Prec: [0.0]
  Rec:  [0.0]
  F1:   [0.0]
  AUROC:[0.0]
  AUPRC:[0.0]
Best BM F1: 0.0000 at epoch 50

TI-RADS metrics per eval:
  Acc:  [0.0]
  Prec: [0.0]
  Rec:  [0.0]
  F1:   [0.0]
  AUC:  [0.0]
Best TI-RADS F1: 0.0000 at epoch 50

Dataset: ThyroidXL
Eval epochs: [50]
Dice per eval: [0.8902999758720398]
HD95 per eval: [9.036199569702148]
Best Dice: 0.8903 at epoch 50
Best HD95: 9.0362 at epoch 50

BM metrics per eval:
  Acc:  [0.8888]
  Prec: [0.7925]
  Rec:  [0.7949]
  F1:   [0.7935]
  AUROC:[0.9485]
  AUPRC:[0.8849]
Best BM F1: 0.7935 at epoch 50

TI-RADS metrics per eval:
  Acc:  [0.0]
  Prec: [0.0]
  Rec:  [0.0]
  F1:   [0.0]
  AUC:  [0.0]
Best TI-RADS F1: 0.0000 at epoch 50

Dataset: PKTN
Eval epochs: [50]
Dice per eval: [0.8277000188827515]
HD95 per eval: [19.340999603271484]
Best Dice: 0.8277 at epoch 50
Best HD95: 19.3410 at epoch 50

BM metrics per eval:
  Acc:  [0.0]
  Prec: [0.0]
  Rec:  [0.0]
  F1:   [0.0]
  AUROC:[0.0]
  AUPRC:[0.0]
Best BM F1: 0.0000 at epoch 50

TI-RADS metrics per eval:
  Acc:  [0.0]
  Prec: [0.0]
  Rec:  [0.0]
  F1:   [0.0]
  AUC:  [0.0]
Best TI-RADS F1: 0.0000 at epoch 50

Dataset: TN5K
Eval epochs: [50]
Dice per eval: [0.8651999831199646]
HD95 per eval: [11.202899932861328]
Best Dice: 0.8652 at epoch 50
Best HD95: 11.2029 at epoch 50

BM metrics per eval:
  Acc:  [0.9125]
  Prec: [0.9311]
  Rec:  [0.9459]
  F1:   [0.9383]
  AUROC:[0.9559]
  AUPRC:[0.9787]
Best BM F1: 0.9383 at epoch 50

TI-RADS metrics per eval:
  Acc:  [0.0]
  Prec: [0.0]
  Rec:  [0.0]
  F1:   [0.0]
  AUC:  [0.0]
Best TI-RADS F1: 0.0000 at epoch 50

Dataset: Cine-Clip
Eval epochs: [50]
Dice per eval: [0.7095999717712402]
HD95 per eval: [39.160099029541016]
Best Dice: 0.7096 at epoch 50
Best HD95: 39.1601 at epoch 50

BM metrics per eval:
  Acc:  [0.771]
  Prec: [0.2952]
  Rec:  [0.6607]
  F1:   [0.4079]
  AUROC:[0.7692]
  AUPRC:[0.4662]
Best BM F1: 0.4079 at epoch 50

TI-RADS metrics per eval:
  Acc:  [0.2897]
  Prec: [0.2853]
  Rec:  [0.2464]
  F1:   [0.2023]
  AUC:  [0.5168]
Best TI-RADS F1: 0.2023 at epoch 50

==========================================================

========== Training Completed ==========
Training completed at Sat Jan 31 17:16:02 2026
