Training started at Sun Dec  7 20:23:46 2025
Method: dino_unet
Dataset: train_multitask_dataset1
Epochs: 50
Learning Rate: 0.0001
Batch Size: 12
Train Image Path: /mnt/wangbd8/workspace/DataSets/ThyroidAgent/Superimposed_multitask/dataset_1/images/
Train Mask Path: /mnt/wangbd8/workspace/DataSets/ThyroidAgent/Superimposed_multitask/dataset_1/masks/
Number of test datasets: 1
Test Dataset 1: TN3K
  Image path: /mnt/wangbd8/workspace/DataSets/ThyroidAgent/TN3K/test-image/
  Mask path: /mnt/wangbd8/workspace/DataSets/ThyroidAgent/TN3K/test-mask/
Using device: cuda
Epoch:1: loss:1.893984
Saved checkpoint at epoch 1

Validating epoch 1 on all test datasets...
Testing on TN3K...
  TN3K - Dice: 0.4182, HD95: 201.5928
  TN3K - Benign/Malignant Accuracy: 0.6156, TI-RADS Accuracy: 0.0000
Epoch:2: loss:1.564446
Saved checkpoint at epoch 2

Validating epoch 2 on all test datasets...
Testing on TN3K...
  TN3K - Dice: 0.5987, HD95: 114.0504
  TN3K - Benign/Malignant Accuracy: 0.5749, TI-RADS Accuracy: 0.0000
Epoch:3: loss:1.324541
Saved checkpoint at epoch 3

Validating epoch 3 on all test datasets...
Testing on TN3K...
  TN3K - Dice: 0.7847, HD95: 85.4022
  TN3K - Benign/Malignant Accuracy: 0.6808, TI-RADS Accuracy: 0.0000
Epoch:4: loss:1.132760
Saved checkpoint at epoch 4

Validating epoch 4 on all test datasets...
Testing on TN3K...
  TN3K - Dice: 0.8068, HD95: 88.4951
  TN3K - Benign/Malignant Accuracy: 0.7117, TI-RADS Accuracy: 0.0000
Epoch:5: loss:1.042253
Saved checkpoint at epoch 5

Validating epoch 5 on all test datasets...
Testing on TN3K...
  TN3K - Dice: 0.8132, HD95: 65.2473
  TN3K - Benign/Malignant Accuracy: 0.6238, TI-RADS Accuracy: 0.0000
Epoch:6: loss:0.979685
Saved checkpoint at epoch 6

Validating epoch 6 on all test datasets...
Testing on TN3K...
  TN3K - Dice: 0.8313, HD95: 76.0102
  TN3K - Benign/Malignant Accuracy: 0.7134, TI-RADS Accuracy: 0.0000
Epoch:7: loss:0.906513
Saved checkpoint at epoch 7

Validating epoch 7 on all test datasets...
Testing on TN3K...
  TN3K - Dice: 0.8446, HD95: 71.6284
  TN3K - Benign/Malignant Accuracy: 0.7199, TI-RADS Accuracy: 0.0000
Epoch:8: loss:0.862801
Saved checkpoint at epoch 8

Validating epoch 8 on all test datasets...
Testing on TN3K...
  TN3K - Dice: 0.8435, HD95: 88.9231
  TN3K - Benign/Malignant Accuracy: 0.6954, TI-RADS Accuracy: 0.0000
Epoch:9: loss:0.816074
Saved checkpoint at epoch 9

Validating epoch 9 on all test datasets...
Testing on TN3K...
  TN3K - Dice: 0.8370, HD95: 85.5436
  TN3K - Benign/Malignant Accuracy: 0.7052, TI-RADS Accuracy: 0.0000
Epoch:10: loss:0.788263
Saved checkpoint at epoch 10

Validating epoch 10 on all test datasets...
Testing on TN3K...
  TN3K - Dice: 0.8556, HD95: 68.6572
  TN3K - Benign/Malignant Accuracy: 0.7166, TI-RADS Accuracy: 0.0000
Epoch:11: loss:0.751231
Saved checkpoint at epoch 11

Validating epoch 11 on all test datasets...
Testing on TN3K...
  TN3K - Dice: 0.8539, HD95: 67.2430
  TN3K - Benign/Malignant Accuracy: 0.7020, TI-RADS Accuracy: 0.0000
Epoch:12: loss:0.713308
Saved checkpoint at epoch 12

Validating epoch 12 on all test datasets...
Testing on TN3K...
  TN3K - Dice: 0.8456, HD95: 70.2832
  TN3K - Benign/Malignant Accuracy: 0.7101, TI-RADS Accuracy: 0.0000
Epoch:13: loss:0.668846
Saved checkpoint at epoch 13

Validating epoch 13 on all test datasets...
Testing on TN3K...
  TN3K - Dice: 0.8569, HD95: 77.6902
  TN3K - Benign/Malignant Accuracy: 0.7280, TI-RADS Accuracy: 0.0000
Epoch:14: loss:0.632366
Saved checkpoint at epoch 14

Validating epoch 14 on all test datasets...
Testing on TN3K...
  TN3K - Dice: 0.8695, HD95: 74.0192
  TN3K - Benign/Malignant Accuracy: 0.6840, TI-RADS Accuracy: 0.0000
Epoch:15: loss:0.628179
Saved checkpoint at epoch 15

Validating epoch 15 on all test datasets...
Testing on TN3K...
  TN3K - Dice: 0.8540, HD95: 69.9528
  TN3K - Benign/Malignant Accuracy: 0.7036, TI-RADS Accuracy: 0.0000
Epoch:16: loss:0.612873
Saved checkpoint at epoch 16

Validating epoch 16 on all test datasets...
Testing on TN3K...
  TN3K - Dice: 0.8508, HD95: 71.4668
  TN3K - Benign/Malignant Accuracy: 0.6726, TI-RADS Accuracy: 0.0000
Epoch:17: loss:0.579864
Saved checkpoint at epoch 17

Validating epoch 17 on all test datasets...
Testing on TN3K...
  TN3K - Dice: 0.8645, HD95: 67.3388
  TN3K - Benign/Malignant Accuracy: 0.6954, TI-RADS Accuracy: 0.0000
Epoch:18: loss:0.581907
Saved checkpoint at epoch 18

Validating epoch 18 on all test datasets...
Testing on TN3K...
  TN3K - Dice: 0.8645, HD95: 76.1050
  TN3K - Benign/Malignant Accuracy: 0.6808, TI-RADS Accuracy: 0.0000
Epoch:19: loss:0.557574
Saved checkpoint at epoch 19

Validating epoch 19 on all test datasets...
Testing on TN3K...
  TN3K - Dice: 0.8562, HD95: 70.6772
  TN3K - Benign/Malignant Accuracy: 0.6547, TI-RADS Accuracy: 0.0000
Epoch:20: loss:0.544090
Saved checkpoint at epoch 20

Validating epoch 20 on all test datasets...
Testing on TN3K...
  TN3K - Dice: 0.8639, HD95: 67.3616
  TN3K - Benign/Malignant Accuracy: 0.7166, TI-RADS Accuracy: 0.0000
Epoch:21: loss:0.503562
Saved checkpoint at epoch 21

Validating epoch 21 on all test datasets...
Testing on TN3K...
  TN3K - Dice: 0.8648, HD95: 62.2601
  TN3K - Benign/Malignant Accuracy: 0.7036, TI-RADS Accuracy: 0.0000
Epoch:22: loss:0.480906
Saved checkpoint at epoch 22

Validating epoch 22 on all test datasets...
Testing on TN3K...
  TN3K - Dice: 0.8705, HD95: 75.0099
  TN3K - Benign/Malignant Accuracy: 0.7182, TI-RADS Accuracy: 0.0000
Epoch:23: loss:0.479098
Saved checkpoint at epoch 23

Validating epoch 23 on all test datasets...
Testing on TN3K...
  TN3K - Dice: 0.8688, HD95: 70.8901
  TN3K - Benign/Malignant Accuracy: 0.6694, TI-RADS Accuracy: 0.0000
Epoch:24: loss:0.470076
Saved checkpoint at epoch 24

Validating epoch 24 on all test datasets...
Testing on TN3K...
  TN3K - Dice: 0.8683, HD95: 70.7704
  TN3K - Benign/Malignant Accuracy: 0.7020, TI-RADS Accuracy: 0.0000
Epoch:25: loss:0.457827
Saved checkpoint at epoch 25

Validating epoch 25 on all test datasets...
Testing on TN3K...
  TN3K - Dice: 0.8564, HD95: 71.2709
  TN3K - Benign/Malignant Accuracy: 0.7117, TI-RADS Accuracy: 0.0000
Epoch:26: loss:0.453598
Saved checkpoint at epoch 26

Validating epoch 26 on all test datasets...
Testing on TN3K...
  TN3K - Dice: 0.8713, HD95: 65.6852
  TN3K - Benign/Malignant Accuracy: 0.6694, TI-RADS Accuracy: 0.0000
Epoch:27: loss:0.428466
Saved checkpoint at epoch 27

Validating epoch 27 on all test datasets...
Testing on TN3K...
  TN3K - Dice: 0.8704, HD95: 62.2738
  TN3K - Benign/Malignant Accuracy: 0.6645, TI-RADS Accuracy: 0.0000
Epoch:28: loss:0.422515
Saved checkpoint at epoch 28

Validating epoch 28 on all test datasets...
Testing on TN3K...
  TN3K - Dice: 0.8651, HD95: 63.7031
  TN3K - Benign/Malignant Accuracy: 0.6498, TI-RADS Accuracy: 0.0000
Epoch:29: loss:0.412177
Saved checkpoint at epoch 29

Validating epoch 29 on all test datasets...
Testing on TN3K...
  TN3K - Dice: 0.8640, HD95: 70.9114
  TN3K - Benign/Malignant Accuracy: 0.7182, TI-RADS Accuracy: 0.0000
Epoch:30: loss:0.384691
Saved checkpoint at epoch 30

Validating epoch 30 on all test datasets...
Testing on TN3K...
  TN3K - Dice: 0.8748, HD95: 65.8613
  TN3K - Benign/Malignant Accuracy: 0.7068, TI-RADS Accuracy: 0.0000
Epoch:31: loss:0.385754
Saved checkpoint at epoch 31

Validating epoch 31 on all test datasets...
Testing on TN3K...
  TN3K - Dice: 0.8627, HD95: 69.3653
  TN3K - Benign/Malignant Accuracy: 0.6987, TI-RADS Accuracy: 0.0000
Epoch:32: loss:0.383703
Saved checkpoint at epoch 32

Validating epoch 32 on all test datasets...
Testing on TN3K...
  TN3K - Dice: 0.8714, HD95: 65.6686
  TN3K - Benign/Malignant Accuracy: 0.6954, TI-RADS Accuracy: 0.0000
Epoch:33: loss:0.354720
Saved checkpoint at epoch 33

Validating epoch 33 on all test datasets...
Testing on TN3K...
  TN3K - Dice: 0.8792, HD95: 67.3990
  TN3K - Benign/Malignant Accuracy: 0.6906, TI-RADS Accuracy: 0.0000
Epoch:34: loss:0.366562
Saved checkpoint at epoch 34

Validating epoch 34 on all test datasets...
Testing on TN3K...
  TN3K - Dice: 0.8759, HD95: 62.5770
  TN3K - Benign/Malignant Accuracy: 0.7101, TI-RADS Accuracy: 0.0000
Epoch:35: loss:0.350578
Saved checkpoint at epoch 35

Validating epoch 35 on all test datasets...
Testing on TN3K...
  TN3K - Dice: 0.8753, HD95: 69.1789
  TN3K - Benign/Malignant Accuracy: 0.6938, TI-RADS Accuracy: 0.0000
Epoch:36: loss:0.341433
Saved checkpoint at epoch 36

Validating epoch 36 on all test datasets...
Testing on TN3K...
  TN3K - Dice: 0.8743, HD95: 67.3500
  TN3K - Benign/Malignant Accuracy: 0.7020, TI-RADS Accuracy: 0.0000
Epoch:37: loss:0.334623
Saved checkpoint at epoch 37

Validating epoch 37 on all test datasets...
Testing on TN3K...
  TN3K - Dice: 0.8758, HD95: 71.3529
  TN3K - Benign/Malignant Accuracy: 0.7150, TI-RADS Accuracy: 0.0000
Epoch:38: loss:0.330715
Saved checkpoint at epoch 38

Validating epoch 38 on all test datasets...
Testing on TN3K...
  TN3K - Dice: 0.8758, HD95: 68.1321
  TN3K - Benign/Malignant Accuracy: 0.7068, TI-RADS Accuracy: 0.0000
Epoch:39: loss:0.328111
Saved checkpoint at epoch 39

Validating epoch 39 on all test datasets...
Testing on TN3K...
  TN3K - Dice: 0.8772, HD95: 68.3312
  TN3K - Benign/Malignant Accuracy: 0.7003, TI-RADS Accuracy: 0.0000
Epoch:40: loss:0.320637
Saved checkpoint at epoch 40

Validating epoch 40 on all test datasets...
Testing on TN3K...
  TN3K - Dice: 0.8768, HD95: 66.5500
  TN3K - Benign/Malignant Accuracy: 0.7134, TI-RADS Accuracy: 0.0000
Epoch:41: loss:0.321933
Saved checkpoint at epoch 41

Validating epoch 41 on all test datasets...
Testing on TN3K...
  TN3K - Dice: 0.8766, HD95: 63.3211
  TN3K - Benign/Malignant Accuracy: 0.7036, TI-RADS Accuracy: 0.0000
Epoch:42: loss:0.307533
Saved checkpoint at epoch 42

Validating epoch 42 on all test datasets...
Testing on TN3K...
  TN3K - Dice: 0.8770, HD95: 65.4329
  TN3K - Benign/Malignant Accuracy: 0.7117, TI-RADS Accuracy: 0.0000
Epoch:43: loss:0.304770
Saved checkpoint at epoch 43

Validating epoch 43 on all test datasets...
Testing on TN3K...
  TN3K - Dice: 0.8772, HD95: 63.4253
  TN3K - Benign/Malignant Accuracy: 0.7134, TI-RADS Accuracy: 0.0000
Epoch:44: loss:0.309367
Saved checkpoint at epoch 44

Validating epoch 44 on all test datasets...
Testing on TN3K...
  TN3K - Dice: 0.8771, HD95: 66.8797
  TN3K - Benign/Malignant Accuracy: 0.6938, TI-RADS Accuracy: 0.0000
Epoch:45: loss:0.304465
Saved checkpoint at epoch 45

Validating epoch 45 on all test datasets...
Testing on TN3K...
  TN3K - Dice: 0.8774, HD95: 61.1397
  TN3K - Benign/Malignant Accuracy: 0.6971, TI-RADS Accuracy: 0.0000
Epoch:46: loss:0.299648
Saved checkpoint at epoch 46

Validating epoch 46 on all test datasets...
Testing on TN3K...
  TN3K - Dice: 0.8772, HD95: 65.8229
  TN3K - Benign/Malignant Accuracy: 0.6987, TI-RADS Accuracy: 0.0000
Epoch:47: loss:0.297803
Saved checkpoint at epoch 47

Validating epoch 47 on all test datasets...
Testing on TN3K...
  TN3K - Dice: 0.8764, HD95: 65.6879
  TN3K - Benign/Malignant Accuracy: 0.6889, TI-RADS Accuracy: 0.0000
Epoch:48: loss:0.299751
Saved checkpoint at epoch 48

Validating epoch 48 on all test datasets...
Testing on TN3K...
  TN3K - Dice: 0.8762, HD95: 67.1967
  TN3K - Benign/Malignant Accuracy: 0.6840, TI-RADS Accuracy: 0.0000
Epoch:49: loss:0.298701
Saved checkpoint at epoch 49

Validating epoch 49 on all test datasets...
Testing on TN3K...
  TN3K - Dice: 0.8758, HD95: 63.2150
  TN3K - Benign/Malignant Accuracy: 0.6922, TI-RADS Accuracy: 0.0000
Epoch:50: loss:0.301703
Saved checkpoint at epoch 50

Validating epoch 50 on all test datasets...
Testing on TN3K...
  TN3K - Dice: 0.8764, HD95: 67.1668
  TN3K - Benign/Malignant Accuracy: 0.6873, TI-RADS Accuracy: 0.0000

========== Training Completed ==========
Training completed at Sun Dec  7 21:58:05 2025

===== Dice Scores Summary =====
Dataset: TN3K
Dice scores per epoch: [0.4182, 0.5987, 0.7847, 0.8068, 0.8132, 0.8313, 0.8446, 0.8435, 0.837, 0.8556, 0.8539, 0.8456, 0.8569, 0.8695, 0.854, 0.8508, 0.8645, 0.8645, 0.8562, 0.8639, 0.8648, 0.8705, 0.8688, 0.8683, 0.8564, 0.8713, 0.8704, 0.8651, 0.864, 0.8748, 0.8627, 0.8714, 0.8792, 0.8759, 0.8753, 0.8743, 0.8758, 0.8758, 0.8772, 0.8768, 0.8766, 0.877, 0.8772, 0.8771, 0.8774, 0.8772, 0.8764, 0.8762, 0.8758, 0.8764]
Best Dice: 0.8792 at epoch 33

===== HD95 Scores Summary =====
Dataset: TN3K
HD95 scores per epoch: [201.5928, 114.0504, 85.4022, 88.4951, 65.2473, 76.0102, 71.6284, 88.9231, 85.5436, 68.6572, 67.243, 70.2832, 77.6902, 74.0192, 69.9528, 71.4668, 67.3388, 76.105, 70.6772, 67.3616, 62.2601, 75.0099, 70.8901, 70.7704, 71.2709, 65.6852, 62.2738, 63.7031, 70.9114, 65.8613, 69.3653, 65.6686, 67.399, 62.577, 69.1789, 67.35, 71.3529, 68.1321, 68.3312, 66.55, 63.3211, 65.4329, 63.4253, 66.8797, 61.1397, 65.8229, 65.6879, 67.1967, 63.215, 67.1668]
Best HD95: 61.1397 at epoch 45


===== Benign/Malignant Accuracy Summary =====
Dataset: TN3K
Accuracy scores per epoch: [0.6156, 0.5749, 0.6808, 0.7117, 0.6238, 0.7134, 0.7199, 0.6954, 0.7052, 0.7166, 0.702, 0.7101, 0.728, 0.684, 0.7036, 0.6726, 0.6954, 0.6808, 0.6547, 0.7166, 0.7036, 0.7182, 0.6694, 0.702, 0.7117, 0.6694, 0.6645, 0.6498, 0.7182, 0.7068, 0.6987, 0.6954, 0.6906, 0.7101, 0.6938, 0.702, 0.715, 0.7068, 0.7003, 0.7134, 0.7036, 0.7117, 0.7134, 0.6938, 0.6971, 0.6987, 0.6889, 0.684, 0.6922, 0.6873]
Best Accuracy: 0.7280 at epoch 13

===== TI-RADS Accuracy Summary =====
Dataset: TN3K
Accuracy scores per epoch: [0.0, 0.0, 0.0, 0.0, 0.0, 0.0, 0.0, 0.0, 0.0, 0.0, 0.0, 0.0, 0.0, 0.0, 0.0, 0.0, 0.0, 0.0, 0.0, 0.0, 0.0, 0.0, 0.0, 0.0, 0.0, 0.0, 0.0, 0.0, 0.0, 0.0, 0.0, 0.0, 0.0, 0.0, 0.0, 0.0, 0.0, 0.0, 0.0, 0.0, 0.0, 0.0, 0.0, 0.0, 0.0, 0.0, 0.0, 0.0, 0.0, 0.0]
Best Accuracy: 0.0000 at epoch 1
