Training started at Fri Dec 19 12:16:46 2025
Method: dino_unet
Dataset: train_multitask_dataset3
Epochs: 30
LR: 0.0001
Batch Size: 12
Training set - Benign/Malignant: Benign=10415 (58.60%), Malignant=7359 (41.40%)
Auto-adjusted tau=0.50 (imbalance_ratio=1.42)
GLA parameters: p_benign=0.5860, p_malignant=0.4140, tau=0.50
Logit adjustment magnitude: 0.1737
Training set - TI-RADS distribution: [0, 0, 0, 0, 0]
TI-RADS probabilities: [0.20000000298023224, 0.20000000298023224, 0.20000000298023224, 0.20000000298023224, 0.20000000298023224]
Loss weights: seg=1.0, bm=1.0, tirads=1.0
GA-MTL schedule per optimizer step: ['seg', 'bm']
steps_per_epoch (optimizer steps): 740
Epoch:1: seg_loss(avg):0.5805, bm_loss(avg):0.5530, tirads_loss(avg):0.0000
Epoch:2: seg_loss(avg):0.4638, bm_loss(avg):0.4092, tirads_loss(avg):0.0000
Epoch:3: seg_loss(avg):0.4362, bm_loss(avg):0.3763, tirads_loss(avg):0.0000
Epoch:4: seg_loss(avg):0.4236, bm_loss(avg):0.3555, tirads_loss(avg):0.0000
Epoch:5: seg_loss(avg):0.4187, bm_loss(avg):0.3223, tirads_loss(avg):0.0000
Saved checkpoint at epoch 5

Validating epoch 5 on all test datasets...
Testing on TN3K...
  TN3K - Dice: 0.8667, HD95: 12.9782
  TN3K - BM: Acc=0.7606, Prec=0.7129, Rec=0.6314, F1=0.6697, AUROC=0.8126, AUPRC=0.7392
  TN3K - TI-RADS: Acc=0.0000, Prec=0.0000, Rec=0.0000, F1=0.0000, AUC=0.0000
Testing on DDTI...
  DDTI - Dice: 0.8219, HD95: 16.7414
  DDTI - BM: Acc=0.0000, Prec=0.0000, Rec=0.0000, F1=0.0000, AUROC=0.0000, AUPRC=0.0000
  DDTI - TI-RADS: Acc=0.0000, Prec=0.0000, Rec=0.0000, F1=0.0000, AUC=0.0000
Testing on ThyroidXL...
  ThyroidXL - Dice: 0.8799, HD95: 6.6982
  ThyroidXL - BM: Acc=0.8134, Prec=0.9119, Rec=0.6619, F1=0.7670, AUROC=0.9355, AUPRC=0.9192
  ThyroidXL - TI-RADS: Acc=0.0000, Prec=0.0000, Rec=0.0000, F1=0.0000, AUC=0.0000
Testing on PKTN...
  PKTN - Dice: 0.8051, HD95: 14.2358
  PKTN - BM: Acc=0.0000, Prec=0.0000, Rec=0.0000, F1=0.0000, AUROC=0.0000, AUPRC=0.0000
  PKTN - TI-RADS: Acc=0.0000, Prec=0.0000, Rec=0.0000, F1=0.0000, AUC=0.0000
Testing on TN5K...
  TN5K - Dice: 0.8261, HD95: 10.6161
  TN5K - BM: Acc=0.8890, Prec=0.8954, Rec=0.9603, F1=0.9267, AUROC=0.9387, AUPRC=0.9733
  TN5K - TI-RADS: Acc=0.0000, Prec=0.0000, Rec=0.0000, F1=0.0000, AUC=0.0000
Epoch:6: seg_loss(avg):0.4004, bm_loss(avg):0.3009, tirads_loss(avg):0.0000
Epoch:7: seg_loss(avg):0.4023, bm_loss(avg):0.2904, tirads_loss(avg):0.0000
Epoch:8: seg_loss(avg):0.3955, bm_loss(avg):0.2701, tirads_loss(avg):0.0000
Epoch:9: seg_loss(avg):0.3875, bm_loss(avg):0.2478, tirads_loss(avg):0.0000
Epoch:10: seg_loss(avg):0.3794, bm_loss(avg):0.2298, tirads_loss(avg):0.0000
Saved checkpoint at epoch 10

Validating epoch 10 on all test datasets...
Testing on TN3K...
  TN3K - Dice: 0.8758, HD95: 13.0869
  TN3K - BM: Acc=0.7117, Prec=0.5967, Rec=0.7712, F1=0.6728, AUROC=0.8069, AUPRC=0.7428
  TN3K - TI-RADS: Acc=0.0000, Prec=0.0000, Rec=0.0000, F1=0.0000, AUC=0.0000
Testing on DDTI...
  DDTI - Dice: 0.7706, HD95: 23.5183
  DDTI - BM: Acc=0.0000, Prec=0.0000, Rec=0.0000, F1=0.0000, AUROC=0.0000, AUPRC=0.0000
  DDTI - TI-RADS: Acc=0.0000, Prec=0.0000, Rec=0.0000, F1=0.0000, AUC=0.0000
Testing on ThyroidXL...
  ThyroidXL - Dice: 0.8851, HD95: 6.0078
  ThyroidXL - BM: Acc=0.8646, Prec=0.8473, Rec=0.8639, F1=0.8555, AUROC=0.9392, AUPRC=0.9234
  ThyroidXL - TI-RADS: Acc=0.0000, Prec=0.0000, Rec=0.0000, F1=0.0000, AUC=0.0000
Testing on PKTN...
  PKTN - Dice: 0.8141, HD95: 13.3543
  PKTN - BM: Acc=0.0000, Prec=0.0000, Rec=0.0000, F1=0.0000, AUROC=0.0000, AUPRC=0.0000
  PKTN - TI-RADS: Acc=0.0000, Prec=0.0000, Rec=0.0000, F1=0.0000, AUC=0.0000
Testing on TN5K...
  TN5K - Dice: 0.8381, HD95: 9.9202
  TN5K - BM: Acc=0.8890, Prec=0.8985, Rec=0.9562, F1=0.9264, AUROC=0.9451, AUPRC=0.9776
  TN5K - TI-RADS: Acc=0.0000, Prec=0.0000, Rec=0.0000, F1=0.0000, AUC=0.0000
Epoch:11: seg_loss(avg):0.3757, bm_loss(avg):0.2166, tirads_loss(avg):0.0000
Epoch:12: seg_loss(avg):0.3685, bm_loss(avg):0.2051, tirads_loss(avg):0.0000
Epoch:13: seg_loss(avg):0.3658, bm_loss(avg):0.1807, tirads_loss(avg):0.0000
Epoch:14: seg_loss(avg):0.3604, bm_loss(avg):0.1671, tirads_loss(avg):0.0000
Epoch:15: seg_loss(avg):0.3524, bm_loss(avg):0.1529, tirads_loss(avg):0.0000
Saved checkpoint at epoch 15

Validating epoch 15 on all test datasets...
Testing on TN3K...
  TN3K - Dice: 0.8709, HD95: 12.0675
  TN3K - BM: Acc=0.7264, Prec=0.6288, Rec=0.7034, F1=0.6640, AUROC=0.7958, AUPRC=0.7360
  TN3K - TI-RADS: Acc=0.0000, Prec=0.0000, Rec=0.0000, F1=0.0000, AUC=0.0000
Testing on DDTI...
  DDTI - Dice: 0.7782, HD95: 21.3714
  DDTI - BM: Acc=0.0000, Prec=0.0000, Rec=0.0000, F1=0.0000, AUROC=0.0000, AUPRC=0.0000
  DDTI - TI-RADS: Acc=0.0000, Prec=0.0000, Rec=0.0000, F1=0.0000, AUC=0.0000
Testing on ThyroidXL...
  ThyroidXL - Dice: 0.8853, HD95: 5.9301
  ThyroidXL - BM: Acc=0.8440, Prec=0.8936, Rec=0.7536, F1=0.8177, AUROC=0.9367, AUPRC=0.9254
  ThyroidXL - TI-RADS: Acc=0.0000, Prec=0.0000, Rec=0.0000, F1=0.0000, AUC=0.0000
Testing on PKTN...
  PKTN - Dice: 0.8186, HD95: 13.1766
  PKTN - BM: Acc=0.0000, Prec=0.0000, Rec=0.0000, F1=0.0000, AUROC=0.0000, AUPRC=0.0000
  PKTN - TI-RADS: Acc=0.0000, Prec=0.0000, Rec=0.0000, F1=0.0000, AUC=0.0000
Testing on TN5K...
  TN5K - Dice: 0.8400, HD95: 9.7424
  TN5K - BM: Acc=0.9030, Prec=0.9427, Rec=0.9234, F1=0.9330, AUROC=0.9540, AUPRC=0.9808
  TN5K - TI-RADS: Acc=0.0000, Prec=0.0000, Rec=0.0000, F1=0.0000, AUC=0.0000
Epoch:16: seg_loss(avg):0.3478, bm_loss(avg):0.1332, tirads_loss(avg):0.0000
Epoch:17: seg_loss(avg):0.3425, bm_loss(avg):0.1202, tirads_loss(avg):0.0000
Epoch:18: seg_loss(avg):0.3396, bm_loss(avg):0.1075, tirads_loss(avg):0.0000
Epoch:19: seg_loss(avg):0.3363, bm_loss(avg):0.0982, tirads_loss(avg):0.0000
Epoch:20: seg_loss(avg):0.3294, bm_loss(avg):0.0862, tirads_loss(avg):0.0000
Saved checkpoint at epoch 20

Validating epoch 20 on all test datasets...
Testing on TN3K...
  TN3K - Dice: 0.8778, HD95: 11.9663
  TN3K - BM: Acc=0.7410, Prec=0.6464, Rec=0.7203, F1=0.6814, AUROC=0.8083, AUPRC=0.7505
  TN3K - TI-RADS: Acc=0.0000, Prec=0.0000, Rec=0.0000, F1=0.0000, AUC=0.0000
Testing on DDTI...
  DDTI - Dice: 0.8025, HD95: 19.0536
  DDTI - BM: Acc=0.0000, Prec=0.0000, Rec=0.0000, F1=0.0000, AUROC=0.0000, AUPRC=0.0000
  DDTI - TI-RADS: Acc=0.0000, Prec=0.0000, Rec=0.0000, F1=0.0000, AUC=0.0000
Testing on ThyroidXL...
  ThyroidXL - Dice: 0.8887, HD95: 5.8021
  ThyroidXL - BM: Acc=0.8498, Prec=0.8661, Rec=0.8000, F1=0.8317, AUROC=0.9308, AUPRC=0.9189
  ThyroidXL - TI-RADS: Acc=0.0000, Prec=0.0000, Rec=0.0000, F1=0.0000, AUC=0.0000
Testing on PKTN...
  PKTN - Dice: 0.8183, HD95: 13.1625
  PKTN - BM: Acc=0.0000, Prec=0.0000, Rec=0.0000, F1=0.0000, AUROC=0.0000, AUPRC=0.0000
  PKTN - TI-RADS: Acc=0.0000, Prec=0.0000, Rec=0.0000, F1=0.0000, AUC=0.0000
Testing on TN5K...
  TN5K - Dice: 0.8426, HD95: 9.7598
  TN5K - BM: Acc=0.9010, Prec=0.9282, Rec=0.9371, F1=0.9326, AUROC=0.9526, AUPRC=0.9821
  TN5K - TI-RADS: Acc=0.0000, Prec=0.0000, Rec=0.0000, F1=0.0000, AUC=0.0000
Epoch:21: seg_loss(avg):0.3257, bm_loss(avg):0.0682, tirads_loss(avg):0.0000
Epoch:22: seg_loss(avg):0.3262, bm_loss(avg):0.0654, tirads_loss(avg):0.0000
Epoch:23: seg_loss(avg):0.3212, bm_loss(avg):0.0634, tirads_loss(avg):0.0000
Epoch:24: seg_loss(avg):0.3183, bm_loss(avg):0.0544, tirads_loss(avg):0.0000
Epoch:25: seg_loss(avg):0.3111, bm_loss(avg):0.0465, tirads_loss(avg):0.0000
Saved checkpoint at epoch 25

Validating epoch 25 on all test datasets...
Testing on TN3K...
  TN3K - Dice: 0.8826, HD95: 11.2929
  TN3K - BM: Acc=0.7003, Prec=0.5915, Rec=0.7119, F1=0.6462, AUROC=0.7837, AUPRC=0.7257
  TN3K - TI-RADS: Acc=0.0000, Prec=0.0000, Rec=0.0000, F1=0.0000, AUC=0.0000
Testing on DDTI...
  DDTI - Dice: 0.8012, HD95: 18.0564
  DDTI - BM: Acc=0.0000, Prec=0.0000, Rec=0.0000, F1=0.0000, AUROC=0.0000, AUPRC=0.0000
  DDTI - TI-RADS: Acc=0.0000, Prec=0.0000, Rec=0.0000, F1=0.0000, AUC=0.0000
Testing on ThyroidXL...
  ThyroidXL - Dice: 0.8912, HD95: 5.5596
  ThyroidXL - BM: Acc=0.8388, Prec=0.8846, Rec=0.7505, F1=0.8120, AUROC=0.9308, AUPRC=0.9195
  ThyroidXL - TI-RADS: Acc=0.0000, Prec=0.0000, Rec=0.0000, F1=0.0000, AUC=0.0000
Testing on PKTN...
  PKTN - Dice: 0.8237, HD95: 12.8437
  PKTN - BM: Acc=0.0000, Prec=0.0000, Rec=0.0000, F1=0.0000, AUROC=0.0000, AUPRC=0.0000
  PKTN - TI-RADS: Acc=0.0000, Prec=0.0000, Rec=0.0000, F1=0.0000, AUC=0.0000
Testing on TN5K...
  TN5K - Dice: 0.8446, HD95: 9.6874
  TN5K - BM: Acc=0.8990, Prec=0.9375, Rec=0.9234, F1=0.9304, AUROC=0.9543, AUPRC=0.9825
  TN5K - TI-RADS: Acc=0.0000, Prec=0.0000, Rec=0.0000, F1=0.0000, AUC=0.0000
Epoch:26: seg_loss(avg):0.3117, bm_loss(avg):0.0443, tirads_loss(avg):0.0000
Epoch:27: seg_loss(avg):0.3107, bm_loss(avg):0.0335, tirads_loss(avg):0.0000
Epoch:28: seg_loss(avg):0.3072, bm_loss(avg):0.0373, tirads_loss(avg):0.0000
Epoch:29: seg_loss(avg):0.3093, bm_loss(avg):0.0359, tirads_loss(avg):0.0000
Epoch:30: seg_loss(avg):0.3060, bm_loss(avg):0.0334, tirads_loss(avg):0.0000
Saved checkpoint at epoch 30

Validating epoch 30 on all test datasets...
Testing on TN3K...
  TN3K - Dice: 0.8811, HD95: 11.2274
  TN3K - BM: Acc=0.7150, Prec=0.6085, Rec=0.7246, F1=0.6615, AUROC=0.7981, AUPRC=0.7343
  TN3K - TI-RADS: Acc=0.0000, Prec=0.0000, Rec=0.0000, F1=0.0000, AUC=0.0000
Testing on DDTI...
  DDTI - Dice: 0.7986, HD95: 18.1434
  DDTI - BM: Acc=0.0000, Prec=0.0000, Rec=0.0000, F1=0.0000, AUROC=0.0000, AUPRC=0.0000
  DDTI - TI-RADS: Acc=0.0000, Prec=0.0000, Rec=0.0000, F1=0.0000, AUC=0.0000
Testing on ThyroidXL...
  ThyroidXL - Dice: 0.8914, HD95: 5.4648
  ThyroidXL - BM: Acc=0.8416, Prec=0.8799, Rec=0.7629, F1=0.8172, AUROC=0.9310, AUPRC=0.9188
  ThyroidXL - TI-RADS: Acc=0.0000, Prec=0.0000, Rec=0.0000, F1=0.0000, AUC=0.0000
Testing on PKTN...
  PKTN - Dice: 0.8254, HD95: 12.4495
  PKTN - BM: Acc=0.0000, Prec=0.0000, Rec=0.0000, F1=0.0000, AUROC=0.0000, AUPRC=0.0000
  PKTN - TI-RADS: Acc=0.0000, Prec=0.0000, Rec=0.0000, F1=0.0000, AUC=0.0000
Testing on TN5K...
  TN5K - Dice: 0.8444, HD95: 9.6272
  TN5K - BM: Acc=0.9030, Prec=0.9366, Rec=0.9302, F1=0.9334, AUROC=0.9568, AUPRC=0.9837
  TN5K - TI-RADS: Acc=0.0000, Prec=0.0000, Rec=0.0000, F1=0.0000, AUC=0.0000

========== Training Completed ==========
Training completed at Fri Dec 19 13:55:55 2025
