Training started at Sat Jan 31 01:04:16 2026
Method: dino_unet
Dataset: 448size_train_multitask_dataset_4
Epochs: 50
LR: 0.0001
Batch Size: 12
Image Size: 448 x 448
DINO pretrained: True
Use Dilation: False
Training set - Benign/Malignant: Benign=18138 (70.97%), Malignant=7419 (29.03%)
Auto-adjusted tau=0.70 (imbalance_ratio=2.44)
GLA parameters: p_benign=0.7097, p_malignant=0.2903, tau=0.70
Logit adjustment magnitude: 0.6258
Training set - TI-RADS distribution (1-5): [30, 544, 3013, 4304, 2557]
TI-RADS probabilities: [0.0028713629581034184, 0.05206738039851189, 0.28838056325912476, 0.4119448661804199, 0.24473583698272705]
Loss weights: seg=1.0, bm=1.0, tirads=1.0
GA-MTL schedule per optimizer step: ['seg', 'bm', 'tirads']
steps_per_epoch (optimizer steps): 709
Epoch:1: seg_loss(avg):0.6540, bm_loss(avg):0.6221, tirads_loss(avg):1.1402
Epoch:2: seg_loss(avg):0.5132, bm_loss(avg):0.4506, tirads_loss(avg):0.9380
Epoch:3: seg_loss(avg):0.4913, bm_loss(avg):0.4103, tirads_loss(avg):0.7714
Epoch:4: seg_loss(avg):0.4795, bm_loss(avg):0.3773, tirads_loss(avg):0.5334
Epoch:5: seg_loss(avg):0.4699, bm_loss(avg):0.3162, tirads_loss(avg):0.3245
Saved checkpoint at epoch 5
Epoch:6: seg_loss(avg):0.4661, bm_loss(avg):0.2926, tirads_loss(avg):0.2487
Epoch:7: seg_loss(avg):0.4566, bm_loss(avg):0.2649, tirads_loss(avg):0.1563
Epoch:8: seg_loss(avg):0.4376, bm_loss(avg):0.2516, tirads_loss(avg):0.1109
Epoch:9: seg_loss(avg):0.4293, bm_loss(avg):0.2348, tirads_loss(avg):0.0833
Epoch:10: seg_loss(avg):0.4321, bm_loss(avg):0.2466, tirads_loss(avg):0.0855
Saved checkpoint at epoch 10
Epoch:11: seg_loss(avg):0.4274, bm_loss(avg):0.2353, tirads_loss(avg):0.0996
Epoch:12: seg_loss(avg):0.4160, bm_loss(avg):0.2232, tirads_loss(avg):0.0590
Epoch:13: seg_loss(avg):0.4058, bm_loss(avg):0.2046, tirads_loss(avg):0.0336
Epoch:14: seg_loss(avg):0.3996, bm_loss(avg):0.2044, tirads_loss(avg):0.0394
Epoch:15: seg_loss(avg):0.3986, bm_loss(avg):0.1998, tirads_loss(avg):0.0417
Saved checkpoint at epoch 15
Epoch:16: seg_loss(avg):0.4050, bm_loss(avg):0.1887, tirads_loss(avg):0.0578
Epoch:17: seg_loss(avg):0.3912, bm_loss(avg):0.1804, tirads_loss(avg):0.0464
Epoch:18: seg_loss(avg):0.3823, bm_loss(avg):0.1780, tirads_loss(avg):0.0223
Epoch:19: seg_loss(avg):0.3768, bm_loss(avg):0.1847, tirads_loss(avg):0.0187
Epoch:20: seg_loss(avg):0.3792, bm_loss(avg):0.1713, tirads_loss(avg):0.0359
Saved checkpoint at epoch 20
Epoch:21: seg_loss(avg):0.3674, bm_loss(avg):0.1663, tirads_loss(avg):0.0119
Epoch:22: seg_loss(avg):0.3611, bm_loss(avg):0.1505, tirads_loss(avg):0.0118
Epoch:23: seg_loss(avg):0.3646, bm_loss(avg):0.1507, tirads_loss(avg):0.0190
Epoch:24: seg_loss(avg):0.3585, bm_loss(avg):0.1429, tirads_loss(avg):0.0146
Epoch:25: seg_loss(avg):0.3486, bm_loss(avg):0.1385, tirads_loss(avg):0.0028
Saved checkpoint at epoch 25
Epoch:26: seg_loss(avg):0.3481, bm_loss(avg):0.1365, tirads_loss(avg):0.0027
Epoch:27: seg_loss(avg):0.3458, bm_loss(avg):0.1237, tirads_loss(avg):0.0061
Epoch:28: seg_loss(avg):0.3467, bm_loss(avg):0.1218, tirads_loss(avg):0.0251
Epoch:29: seg_loss(avg):0.3343, bm_loss(avg):0.1110, tirads_loss(avg):0.0014
Epoch:30: seg_loss(avg):0.3350, bm_loss(avg):0.0956, tirads_loss(avg):0.0039
Saved checkpoint at epoch 30
Epoch:31: seg_loss(avg):0.3283, bm_loss(avg):0.0944, tirads_loss(avg):0.0030
Epoch:32: seg_loss(avg):0.3252, bm_loss(avg):0.0863, tirads_loss(avg):0.0025
Epoch:33: seg_loss(avg):0.3211, bm_loss(avg):0.0903, tirads_loss(avg):0.0020
Epoch:34: seg_loss(avg):0.3211, bm_loss(avg):0.0759, tirads_loss(avg):0.0015
Epoch:35: seg_loss(avg):0.3147, bm_loss(avg):0.0686, tirads_loss(avg):0.0005
Saved checkpoint at epoch 35
Epoch:36: seg_loss(avg):0.3130, bm_loss(avg):0.0734, tirads_loss(avg):0.0004
Epoch:37: seg_loss(avg):0.3122, bm_loss(avg):0.0569, tirads_loss(avg):0.0033
Epoch:38: seg_loss(avg):0.3071, bm_loss(avg):0.0567, tirads_loss(avg):0.0004
Epoch:39: seg_loss(avg):0.3059, bm_loss(avg):0.0493, tirads_loss(avg):0.0052
Epoch:40: seg_loss(avg):0.3036, bm_loss(avg):0.0464, tirads_loss(avg):0.0020
Saved checkpoint at epoch 40
Epoch:41: seg_loss(avg):0.2981, bm_loss(avg):0.0339, tirads_loss(avg):0.0031
Epoch:42: seg_loss(avg):0.2978, bm_loss(avg):0.0399, tirads_loss(avg):0.0012
Epoch:43: seg_loss(avg):0.2930, bm_loss(avg):0.0339, tirads_loss(avg):0.0004
Epoch:44: seg_loss(avg):0.2973, bm_loss(avg):0.0293, tirads_loss(avg):0.0013
Epoch:45: seg_loss(avg):0.2925, bm_loss(avg):0.0363, tirads_loss(avg):0.0003
Saved checkpoint at epoch 45
Epoch:46: seg_loss(avg):0.2929, bm_loss(avg):0.0317, tirads_loss(avg):0.0020
Epoch:47: seg_loss(avg):0.2916, bm_loss(avg):0.0322, tirads_loss(avg):0.0003
Epoch:48: seg_loss(avg):0.2928, bm_loss(avg):0.0237, tirads_loss(avg):0.0005
Epoch:49: seg_loss(avg):0.2931, bm_loss(avg):0.0241, tirads_loss(avg):0.0002
Epoch:50: seg_loss(avg):0.2921, bm_loss(avg):0.0242, tirads_loss(avg):0.0003
Saved checkpoint at epoch 50

Validating epoch 50 on all test datasets...
Testing on TN3K...
  TN3K - Dice: 0.8322, HD95: 25.9828
  TN3K - BM: Acc=0.8308, Prec=0.8050, Rec=0.8577, F1=0.8304, AUROC=0.9037, AUPRC=0.8922
  TN3K - TI-RADS: Acc=0.0000, Prec=0.0000, Rec=0.0000, F1=0.0000, AUC=0.0000
Testing on DDTI...
  DDTI - Dice: 0.7984, HD95: 29.6835
  DDTI - BM: Acc=0.0000, Prec=0.0000, Rec=0.0000, F1=0.0000, AUROC=0.0000, AUPRC=0.0000
  DDTI - TI-RADS: Acc=0.0000, Prec=0.0000, Rec=0.0000, F1=0.0000, AUC=0.0000
Testing on ThyroidXL...
  ThyroidXL - Dice: 0.8870, HD95: 9.6150
  ThyroidXL - BM: Acc=0.8826, Prec=0.7747, Rec=0.7949, F1=0.7845, AUROC=0.9487, AUPRC=0.8677
  ThyroidXL - TI-RADS: Acc=0.0000, Prec=0.0000, Rec=0.0000, F1=0.0000, AUC=0.0000
Testing on PKTN...
  PKTN - Dice: 0.8232, HD95: 20.6552
  PKTN - BM: Acc=0.0000, Prec=0.0000, Rec=0.0000, F1=0.0000, AUROC=0.0000, AUPRC=0.0000
  PKTN - TI-RADS: Acc=0.0000, Prec=0.0000, Rec=0.0000, F1=0.0000, AUC=0.0000
Testing on TN5K...
  TN5K - Dice: 0.8468, HD95: 14.3403
  TN5K - BM: Acc=0.8741, Prec=0.8958, Rec=0.9294, F1=0.9122, AUROC=0.9434, AUPRC=0.9751
  TN5K - TI-RADS: Acc=0.0000, Prec=0.0000, Rec=0.0000, F1=0.0000, AUC=0.0000
Testing on Cine-Clip...
  Cine-Clip - Dice: 0.9250, HD95: 3.8247
  Cine-Clip - BM: Acc=0.9997, Prec=1.0000, Rec=0.9976, F1=0.9988, AUROC=1.0000, AUPRC=1.0000
  Cine-Clip - TI-RADS: Acc=1.0000, Prec=1.0000, Rec=1.0000, F1=1.0000, AUC=1.0000

========== Evaluation Summary (All Test Records) ==========

Dataset: TN3K
Eval epochs: [50]
Dice per eval: [0.8321999907493591]
HD95 per eval: [25.982799530029297]
Best Dice: 0.8322 at epoch 50
Best HD95: 25.9828 at epoch 50

BM metrics per eval:
  Acc:  [0.8308]
  Prec: [0.805]
  Rec:  [0.8577]
  F1:   [0.8304]
  AUROC:[0.9037]
  AUPRC:[0.8922]
Best BM F1: 0.8304 at epoch 50

TI-RADS metrics per eval:
  Acc:  [0.0]
  Prec: [0.0]
  Rec:  [0.0]
  F1:   [0.0]
  AUC:  [0.0]
Best TI-RADS F1: 0.0000 at epoch 50

Dataset: DDTI
Eval epochs: [50]
Dice per eval: [0.7983999848365784]
HD95 per eval: [29.683500289916992]
Best Dice: 0.7984 at epoch 50
Best HD95: 29.6835 at epoch 50

BM metrics per eval:
  Acc:  [0.0]
  Prec: [0.0]
  Rec:  [0.0]
  F1:   [0.0]
  AUROC:[0.0]
  AUPRC:[0.0]
Best BM F1: 0.0000 at epoch 50

TI-RADS metrics per eval:
  Acc:  [0.0]
  Prec: [0.0]
  Rec:  [0.0]
  F1:   [0.0]
  AUC:  [0.0]
Best TI-RADS F1: 0.0000 at epoch 50

Dataset: ThyroidXL
Eval epochs: [50]
Dice per eval: [0.8870000243186951]
HD95 per eval: [9.614999771118164]
Best Dice: 0.8870 at epoch 50
Best HD95: 9.6150 at epoch 50

BM metrics per eval:
  Acc:  [0.8826]
  Prec: [0.7747]
  Rec:  [0.7949]
  F1:   [0.7845]
  AUROC:[0.9487]
  AUPRC:[0.8677]
Best BM F1: 0.7845 at epoch 50

TI-RADS metrics per eval:
  Acc:  [0.0]
  Prec: [0.0]
  Rec:  [0.0]
  F1:   [0.0]
  AUC:  [0.0]
Best TI-RADS F1: 0.0000 at epoch 50

Dataset: PKTN
Eval epochs: [50]
Dice per eval: [0.823199987411499]
HD95 per eval: [20.65519905090332]
Best Dice: 0.8232 at epoch 50
Best HD95: 20.6552 at epoch 50

BM metrics per eval:
  Acc:  [0.0]
  Prec: [0.0]
  Rec:  [0.0]
  F1:   [0.0]
  AUROC:[0.0]
  AUPRC:[0.0]
Best BM F1: 0.0000 at epoch 50

TI-RADS metrics per eval:
  Acc:  [0.0]
  Prec: [0.0]
  Rec:  [0.0]
  F1:   [0.0]
  AUC:  [0.0]
Best TI-RADS F1: 0.0000 at epoch 50

Dataset: TN5K
Eval epochs: [50]
Dice per eval: [0.8468000292778015]
HD95 per eval: [14.340299606323242]
Best Dice: 0.8468 at epoch 50
Best HD95: 14.3403 at epoch 50

BM metrics per eval:
  Acc:  [0.8741]
  Prec: [0.8958]
  Rec:  [0.9294]
  F1:   [0.9122]
  AUROC:[0.9434]
  AUPRC:[0.9751]
Best BM F1: 0.9122 at epoch 50

TI-RADS metrics per eval:
  Acc:  [0.0]
  Prec: [0.0]
  Rec:  [0.0]
  F1:   [0.0]
  AUC:  [0.0]
Best TI-RADS F1: 0.0000 at epoch 50

Dataset: Cine-Clip
Eval epochs: [50]
Dice per eval: [0.925000011920929]
HD95 per eval: [3.824700117111206]
Best Dice: 0.9250 at epoch 50
Best HD95: 3.8247 at epoch 50

BM metrics per eval:
  Acc:  [0.9997]
  Prec: [1.0]
  Rec:  [0.9976]
  F1:   [0.9988]
  AUROC:[1.0]
  AUPRC:[1.0]
Best BM F1: 0.9988 at epoch 50

TI-RADS metrics per eval:
  Acc:  [1.0]
  Prec: [1.0]
  Rec:  [1.0]
  F1:   [1.0]
  AUC:  [1.0]
Best TI-RADS F1: 1.0000 at epoch 50

==========================================================

========== Training Completed ==========
Training completed at Sat Jan 31 14:24:04 2026
