Training started at Fri Jan 30 12:55:01 2026
Method: dino_unet
Dataset: gamtl_train_multitask_dataset_2
Epochs: 50
LR: 0.0001
Batch Size: 12
Image Size: 224 x 224
DINO pretrained: True
Use Dilation: False
Training set - Benign/Malignant: Benign=7971 (65.69%), Malignant=4163 (34.31%)
Auto-adjusted tau=0.70 (imbalance_ratio=1.91)
GLA parameters: p_benign=0.6569, p_malignant=0.3431, tau=0.70
Logit adjustment magnitude: 0.4547
Training set - TI-RADS distribution (1-5): [0, 0, 0, 0, 0]
TI-RADS probabilities: [0.20000000298023224, 0.20000000298023224, 0.20000000298023224, 0.20000000298023224, 0.20000000298023224]
Loss weights: seg=1.0, bm=1.0, tirads=1.0
GA-MTL schedule per optimizer step: ['seg', 'bm']
steps_per_epoch (optimizer steps): 505
Epoch:1: seg_loss(avg):0.6157, bm_loss(avg):0.6421, tirads_loss(avg):0.0000
Epoch:2: seg_loss(avg):0.4845, bm_loss(avg):0.4838, tirads_loss(avg):0.0000
Epoch:3: seg_loss(avg):0.4564, bm_loss(avg):0.4378, tirads_loss(avg):0.0000
Epoch:4: seg_loss(avg):0.4448, bm_loss(avg):0.3884, tirads_loss(avg):0.0000
Epoch:5: seg_loss(avg):0.4322, bm_loss(avg):0.3607, tirads_loss(avg):0.0000
Saved checkpoint at epoch 5
Epoch:6: seg_loss(avg):0.4230, bm_loss(avg):0.3436, tirads_loss(avg):0.0000
Epoch:7: seg_loss(avg):0.4195, bm_loss(avg):0.3161, tirads_loss(avg):0.0000
Epoch:8: seg_loss(avg):0.4185, bm_loss(avg):0.3085, tirads_loss(avg):0.0000
Epoch:9: seg_loss(avg):0.4069, bm_loss(avg):0.2779, tirads_loss(avg):0.0000
Epoch:10: seg_loss(avg):0.4030, bm_loss(avg):0.2501, tirads_loss(avg):0.0000
Saved checkpoint at epoch 10
Epoch:11: seg_loss(avg):0.3956, bm_loss(avg):0.2448, tirads_loss(avg):0.0000
Epoch:12: seg_loss(avg):0.3914, bm_loss(avg):0.2378, tirads_loss(avg):0.0000
Epoch:13: seg_loss(avg):0.3868, bm_loss(avg):0.2135, tirads_loss(avg):0.0000
Epoch:14: seg_loss(avg):0.3867, bm_loss(avg):0.2053, tirads_loss(avg):0.0000
Epoch:15: seg_loss(avg):0.3818, bm_loss(avg):0.1931, tirads_loss(avg):0.0000
Saved checkpoint at epoch 15
Epoch:16: seg_loss(avg):0.3776, bm_loss(avg):0.1719, tirads_loss(avg):0.0000
Epoch:17: seg_loss(avg):0.3729, bm_loss(avg):0.1643, tirads_loss(avg):0.0000
Epoch:18: seg_loss(avg):0.3669, bm_loss(avg):0.1455, tirads_loss(avg):0.0000
Epoch:19: seg_loss(avg):0.3674, bm_loss(avg):0.1411, tirads_loss(avg):0.0000
Epoch:20: seg_loss(avg):0.3612, bm_loss(avg):0.1214, tirads_loss(avg):0.0000
Saved checkpoint at epoch 20
Epoch:21: seg_loss(avg):0.3567, bm_loss(avg):0.1052, tirads_loss(avg):0.0000
Epoch:22: seg_loss(avg):0.3551, bm_loss(avg):0.1035, tirads_loss(avg):0.0000
Epoch:23: seg_loss(avg):0.3492, bm_loss(avg):0.0970, tirads_loss(avg):0.0000
Epoch:24: seg_loss(avg):0.3470, bm_loss(avg):0.0816, tirads_loss(avg):0.0000
Epoch:25: seg_loss(avg):0.3458, bm_loss(avg):0.0831, tirads_loss(avg):0.0000
Saved checkpoint at epoch 25
Epoch:26: seg_loss(avg):0.3377, bm_loss(avg):0.0757, tirads_loss(avg):0.0000
Epoch:27: seg_loss(avg):0.3372, bm_loss(avg):0.0664, tirads_loss(avg):0.0000
Epoch:28: seg_loss(avg):0.3327, bm_loss(avg):0.0569, tirads_loss(avg):0.0000
Epoch:29: seg_loss(avg):0.3240, bm_loss(avg):0.0562, tirads_loss(avg):0.0000
Epoch:30: seg_loss(avg):0.3256, bm_loss(avg):0.0520, tirads_loss(avg):0.0000
Saved checkpoint at epoch 30
Epoch:31: seg_loss(avg):0.3192, bm_loss(avg):0.0401, tirads_loss(avg):0.0000
Epoch:32: seg_loss(avg):0.3176, bm_loss(avg):0.0306, tirads_loss(avg):0.0000
Epoch:33: seg_loss(avg):0.3129, bm_loss(avg):0.0334, tirads_loss(avg):0.0000
Epoch:34: seg_loss(avg):0.3074, bm_loss(avg):0.0274, tirads_loss(avg):0.0000
Epoch:35: seg_loss(avg):0.3053, bm_loss(avg):0.0315, tirads_loss(avg):0.0000
Saved checkpoint at epoch 35
Epoch:36: seg_loss(avg):0.3045, bm_loss(avg):0.0206, tirads_loss(avg):0.0000
Epoch:37: seg_loss(avg):0.2997, bm_loss(avg):0.0207, tirads_loss(avg):0.0000
Epoch:38: seg_loss(avg):0.2968, bm_loss(avg):0.0261, tirads_loss(avg):0.0000
Epoch:39: seg_loss(avg):0.2923, bm_loss(avg):0.0119, tirads_loss(avg):0.0000
Epoch:40: seg_loss(avg):0.2907, bm_loss(avg):0.0175, tirads_loss(avg):0.0000
Saved checkpoint at epoch 40
Epoch:41: seg_loss(avg):0.2881, bm_loss(avg):0.0161, tirads_loss(avg):0.0000
Epoch:42: seg_loss(avg):0.2868, bm_loss(avg):0.0132, tirads_loss(avg):0.0000
Epoch:43: seg_loss(avg):0.2863, bm_loss(avg):0.0090, tirads_loss(avg):0.0000
Epoch:44: seg_loss(avg):0.2830, bm_loss(avg):0.0108, tirads_loss(avg):0.0000
Epoch:45: seg_loss(avg):0.2840, bm_loss(avg):0.0113, tirads_loss(avg):0.0000
Saved checkpoint at epoch 45
Epoch:46: seg_loss(avg):0.2792, bm_loss(avg):0.0096, tirads_loss(avg):0.0000
Epoch:47: seg_loss(avg):0.2828, bm_loss(avg):0.0077, tirads_loss(avg):0.0000
Epoch:48: seg_loss(avg):0.2785, bm_loss(avg):0.0074, tirads_loss(avg):0.0000
Epoch:49: seg_loss(avg):0.2787, bm_loss(avg):0.0053, tirads_loss(avg):0.0000
Epoch:50: seg_loss(avg):0.2768, bm_loss(avg):0.0094, tirads_loss(avg):0.0000
Saved checkpoint at epoch 50

Validating epoch 50 on all test datasets...
Testing on TN3K...
  TN3K - Dice: 0.8176, HD95: 14.1853
  TN3K - BM: Acc=0.8407, Prec=0.8228, Rec=0.8546, F1=0.8382, AUROC=0.9193, AUPRC=0.9200
  TN3K - TI-RADS: Acc=0.0000, Prec=0.0000, Rec=0.0000, F1=0.0000, AUC=0.0000
Testing on DDTI...
Error occurred: [Errno 2] No such file or directory: '/mnt/wangbd8/workspace/DataSets/ThyroidAgent/train_val_test/DDTI/valid/DDTI_valid_label.json'
Traceback (most recent call last):
  File "/mnt/wangbd8/workspace/ThyroidAgent/dino_unet_multitask/train_multitask_gamtl.py", line 380, in main
    test_dataset = MultiTaskDataset(img_path, mask_path, test_label_path, args.img_size, mode='test')
                   ^^^^^^^^^^^^^^^^^^^^^^^^^^^^^^^^^^^^^^^^^^^^^^^^^^^^^^^^^^^^^^^^^^^^^^^^^^^^^^^^^^
  File "/mnt/wangbd8/workspace/ThyroidAgent/dino_unet_multitask/dataset.py", line 75, in __init__
    with open(label_json_path, 'r') as f:
         ^^^^^^^^^^^^^^^^^^^^^^^^^^
FileNotFoundError: [Errno 2] No such file or directory: '/mnt/wangbd8/workspace/DataSets/ThyroidAgent/train_val_test/DDTI/valid/DDTI_valid_label.json'

