Training started at Thu Dec 11 11:24:12 2025
Method: dino_unet
Dataset: train_multitask_dataset1
Epochs: 50
Learning Rate: 0.0001
Batch Size: 12
Train Image Path: /mnt/wangbd8/workspace/DataSets/ThyroidAgent/Superimposed_multitask/dataset_1/images/
Train Mask Path: /mnt/wangbd8/workspace/DataSets/ThyroidAgent/Superimposed_multitask/dataset_1/masks/
Number of test datasets: 5
Test Dataset 1: TN3K
  Image path: /mnt/wangbd8/workspace/DataSets/ThyroidAgent/TN3K/test-image/
  Mask path: /mnt/wangbd8/workspace/DataSets/ThyroidAgent/TN3K/test-mask/
Test Dataset 2: DDTI
  Image path: /mnt/wangbd8/workspace/DataSets/ThyroidAgent/DDTI/2_preprocessed_data/stage1/p_image/
  Mask path: /mnt/wangbd8/workspace/DataSets/ThyroidAgent/DDTI/2_preprocessed_data/stage1/p_mask/
Test Dataset 3: ThyroidXL
  Image path: /mnt/wangbd8/workspace/DataSets/ThyroidAgent/ThyroidXL/test/images/
  Mask path: /mnt/wangbd8/workspace/DataSets/ThyroidAgent/ThyroidXL/test/masks/
Test Dataset 4: PKTN
  Image path: /mnt/wangbd8/workspace/DataSets/ThyroidAgent/PKTN_processed/images/
  Mask path: /mnt/wangbd8/workspace/DataSets/ThyroidAgent/PKTN_processed/masks/
Test Dataset 5: TN5K
  Image path: /mnt/wangbd8/workspace/DataSets/ThyroidAgent/TN5K_processed/test/images/
  Mask path: /mnt/wangbd8/workspace/DataSets/ThyroidAgent/TN5K_processed/test/masks/
Using device: cuda
Training set - Benign/Malignant: Benign=2331 (49.25%), Malignant=2402 (50.75%)
Using GLA with p_benign=0.4925, p_malignant=0.5075
Training set - TI-RADS distribution: [0, 0, 0, 0, 0]
TI-RADS probabilities: [0.20000000298023224, 0.20000000298023224, 0.20000000298023224, 0.20000000298023224, 0.20000000298023224]
Seg Weight: 1.0
Benign Malignant Weight: 1.0
TIRADS Weight: 1.0
Epoch:1: loss:1.726503, seg_loss:0.9428, bm_loss:0.4298, ti_loss:0.0000
Epoch:2: loss:1.274906, seg_loss:0.6339, bm_loss:0.6353, ti_loss:0.0000
Epoch:3: loss:1.074388, seg_loss:0.7012, bm_loss:0.3287, ti_loss:0.0000
Epoch:4: loss:0.971299, seg_loss:0.4619, bm_loss:0.3657, ti_loss:0.0000
Epoch:5: loss:0.925326, seg_loss:0.5044, bm_loss:0.1536, ti_loss:0.0000
Saved checkpoint at epoch 5

Validating epoch 5 on all test datasets...
Testing on TN3K...
  TN3K - Dice: 0.8647, HD95: 14.8114
  TN3K - Benign/Malignant: Acc=0.7622, Prec=0.5261, Rec=0.4088, F1=0.4552, AUC=0.8019
  TN3K - TI-RADS: Acc=0.0000, Prec=0.0000, Rec=0.0000, F1=0.0000, AUC=0.0000
Testing on DDTI...
  DDTI - Dice: 0.7802, HD95: 22.5795
  DDTI - Benign/Malignant: Acc=0.0000, Prec=0.0000, Rec=0.0000, F1=0.0000, AUC=0.0000
  DDTI - TI-RADS: Acc=0.0000, Prec=0.0000, Rec=0.0000, F1=0.0000, AUC=0.0000
Testing on ThyroidXL...
  ThyroidXL - Dice: 0.8214, HD95: 12.7769
  ThyroidXL - Benign/Malignant: Acc=0.7861, Prec=0.7203, Rec=0.6890, F1=0.6741, AUC=0.8830
  ThyroidXL - TI-RADS: Acc=0.0000, Prec=0.0000, Rec=0.0000, F1=0.0000, AUC=0.0000
Testing on PKTN...
  PKTN - Dice: 0.7793, HD95: 18.6687
  PKTN - Benign/Malignant: Acc=0.0000, Prec=0.0000, Rec=0.0000, F1=0.0000, AUC=0.0000
  PKTN - TI-RADS: Acc=0.0000, Prec=0.0000, Rec=0.0000, F1=0.0000, AUC=0.0000
Testing on TN5K...
  TN5K - Dice: 0.7657, HD95: 17.7950
  TN5K - Benign/Malignant: Acc=0.7350, Prec=0.5703, Rec=0.4972, F1=0.5054, AUC=0.8212
  TN5K - TI-RADS: Acc=0.0000, Prec=0.0000, Rec=0.0000, F1=0.0000, AUC=0.0000
Epoch:6: loss:0.847852, seg_loss:0.5652, bm_loss:0.1801, ti_loss:0.0000
Epoch:7: loss:0.796680, seg_loss:0.5477, bm_loss:0.1050, ti_loss:0.0000
Epoch:8: loss:0.758253, seg_loss:0.4657, bm_loss:0.1345, ti_loss:0.0000
Epoch:9: loss:0.716620, seg_loss:0.5181, bm_loss:0.5212, ti_loss:0.0000
Epoch:10: loss:0.678337, seg_loss:0.4688, bm_loss:0.1893, ti_loss:0.0000
Saved checkpoint at epoch 10

Validating epoch 10 on all test datasets...
Testing on TN3K...
  TN3K - Dice: 0.8686, HD95: 13.0856
  TN3K - Benign/Malignant: Acc=0.7085, Prec=0.5100, Rec=0.3648, F1=0.4207, AUC=0.7726
  TN3K - TI-RADS: Acc=0.0000, Prec=0.0000, Rec=0.0000, F1=0.0000, AUC=0.0000
Testing on DDTI...
  DDTI - Dice: 0.7711, HD95: 22.0720
  DDTI - Benign/Malignant: Acc=0.0000, Prec=0.0000, Rec=0.0000, F1=0.0000, AUC=0.0000
  DDTI - TI-RADS: Acc=0.0000, Prec=0.0000, Rec=0.0000, F1=0.0000, AUC=0.0000
Testing on ThyroidXL...
  ThyroidXL - Dice: 0.8440, HD95: 10.3514
  ThyroidXL - Benign/Malignant: Acc=0.8019, Prec=0.7269, Rec=0.7007, F1=0.6840, AUC=0.8875
  ThyroidXL - TI-RADS: Acc=0.0000, Prec=0.0000, Rec=0.0000, F1=0.0000, AUC=0.0000
Testing on PKTN...
  PKTN - Dice: 0.7846, HD95: 16.4007
  PKTN - Benign/Malignant: Acc=0.0000, Prec=0.0000, Rec=0.0000, F1=0.0000, AUC=0.0000
  PKTN - TI-RADS: Acc=0.0000, Prec=0.0000, Rec=0.0000, F1=0.0000, AUC=0.0000
Testing on TN5K...
  TN5K - Dice: 0.7679, HD95: 15.6189
  TN5K - Benign/Malignant: Acc=0.7320, Prec=0.5599, Rec=0.4894, F1=0.5009, AUC=0.8224
  TN5K - TI-RADS: Acc=0.0000, Prec=0.0000, Rec=0.0000, F1=0.0000, AUC=0.0000
Epoch:11: loss:0.639967, seg_loss:0.4721, bm_loss:0.0646, ti_loss:0.0000
Epoch:12: loss:0.604588, seg_loss:0.4523, bm_loss:0.1490, ti_loss:0.0000
Epoch:13: loss:0.581653, seg_loss:0.4011, bm_loss:0.0556, ti_loss:0.0000
Epoch:14: loss:0.566922, seg_loss:0.3277, bm_loss:0.1854, ti_loss:0.0000
Epoch:15: loss:0.520784, seg_loss:0.6485, bm_loss:0.2621, ti_loss:0.0000
Saved checkpoint at epoch 15

Validating epoch 15 on all test datasets...
Testing on TN3K...
  TN3K - Dice: 0.8688, HD95: 13.3143
  TN3K - Benign/Malignant: Acc=0.6678, Prec=0.5100, Rec=0.3445, F1=0.4062, AUC=0.7075
  TN3K - TI-RADS: Acc=0.0000, Prec=0.0000, Rec=0.0000, F1=0.0000, AUC=0.0000
Testing on DDTI...
  DDTI - Dice: 0.8013, HD95: 19.6472
  DDTI - Benign/Malignant: Acc=0.0000, Prec=0.0000, Rec=0.0000, F1=0.0000, AUC=0.0000
  DDTI - TI-RADS: Acc=0.0000, Prec=0.0000, Rec=0.0000, F1=0.0000, AUC=0.0000
Testing on ThyroidXL...
  ThyroidXL - Dice: 0.8442, HD95: 10.7676
  ThyroidXL - Benign/Malignant: Acc=0.7885, Prec=0.6994, Rec=0.6812, F1=0.6663, AUC=0.8662
  ThyroidXL - TI-RADS: Acc=0.0000, Prec=0.0000, Rec=0.0000, F1=0.0000, AUC=0.0000
Testing on PKTN...
  PKTN - Dice: 0.7788, HD95: 17.4696
  PKTN - Benign/Malignant: Acc=0.0000, Prec=0.0000, Rec=0.0000, F1=0.0000, AUC=0.0000
  PKTN - TI-RADS: Acc=0.0000, Prec=0.0000, Rec=0.0000, F1=0.0000, AUC=0.0000
Testing on TN5K...
  TN5K - Dice: 0.7616, HD95: 16.4952
  TN5K - Benign/Malignant: Acc=0.6910, Prec=0.5470, Rec=0.4654, F1=0.4769, AUC=0.7683
  TN5K - TI-RADS: Acc=0.0000, Prec=0.0000, Rec=0.0000, F1=0.0000, AUC=0.0000
Epoch:16: loss:0.524394, seg_loss:0.4417, bm_loss:0.0441, ti_loss:0.0000
Epoch:17: loss:0.486673, seg_loss:0.4224, bm_loss:0.0427, ti_loss:0.0000
Epoch:18: loss:0.498544, seg_loss:0.3580, bm_loss:0.0500, ti_loss:0.0000
Epoch:19: loss:0.452721, seg_loss:0.3335, bm_loss:0.0139, ti_loss:0.0000
Epoch:20: loss:0.430031, seg_loss:0.4569, bm_loss:0.1205, ti_loss:0.0000
Saved checkpoint at epoch 20

Validating epoch 20 on all test datasets...
Testing on TN3K...
  TN3K - Dice: 0.8782, HD95: 11.8444
  TN3K - Benign/Malignant: Acc=0.6319, Prec=0.5285, Rec=0.3453, F1=0.4048, AUC=0.7719
  TN3K - TI-RADS: Acc=0.0000, Prec=0.0000, Rec=0.0000, F1=0.0000, AUC=0.0000
Testing on DDTI...
  DDTI - Dice: 0.7861, HD95: 20.9275
  DDTI - Benign/Malignant: Acc=0.0000, Prec=0.0000, Rec=0.0000, F1=0.0000, AUC=0.0000
  DDTI - TI-RADS: Acc=0.0000, Prec=0.0000, Rec=0.0000, F1=0.0000, AUC=0.0000
Testing on ThyroidXL...
  ThyroidXL - Dice: 0.8349, HD95: 10.0647
  ThyroidXL - Benign/Malignant: Acc=0.7584, Prec=0.7148, Rec=0.6732, F1=0.6527, AUC=0.8779
  ThyroidXL - TI-RADS: Acc=0.0000, Prec=0.0000, Rec=0.0000, F1=0.0000, AUC=0.0000
Testing on PKTN...
  PKTN - Dice: 0.8107, HD95: 14.0459
  PKTN - Benign/Malignant: Acc=0.0000, Prec=0.0000, Rec=0.0000, F1=0.0000, AUC=0.0000
  PKTN - TI-RADS: Acc=0.0000, Prec=0.0000, Rec=0.0000, F1=0.0000, AUC=0.0000
Testing on TN5K...
  TN5K - Dice: 0.7953, HD95: 13.6917
  TN5K - Benign/Malignant: Acc=0.7840, Prec=0.5922, Rec=0.5433, F1=0.5470, AUC=0.8133
  TN5K - TI-RADS: Acc=0.0000, Prec=0.0000, Rec=0.0000, F1=0.0000, AUC=0.0000
Epoch:21: loss:0.421508, seg_loss:0.5195, bm_loss:0.1086, ti_loss:0.0000
Epoch:22: loss:0.413141, seg_loss:0.3962, bm_loss:0.2079, ti_loss:0.0000
Epoch:23: loss:0.395430, seg_loss:0.3954, bm_loss:0.0184, ti_loss:0.0000
Epoch:24: loss:0.374631, seg_loss:0.2709, bm_loss:0.0038, ti_loss:0.0000
Epoch:25: loss:0.353683, seg_loss:0.2963, bm_loss:0.0151, ti_loss:0.0000
Saved checkpoint at epoch 25

Validating epoch 25 on all test datasets...
Testing on TN3K...
  TN3K - Dice: 0.8720, HD95: 12.1321
  TN3K - Benign/Malignant: Acc=0.7459, Prec=0.5067, Rec=0.3819, F1=0.4315, AUC=0.7876
  TN3K - TI-RADS: Acc=0.0000, Prec=0.0000, Rec=0.0000, F1=0.0000, AUC=0.0000
Testing on DDTI...
  DDTI - Dice: 0.7899, HD95: 19.7199
  DDTI - Benign/Malignant: Acc=0.0000, Prec=0.0000, Rec=0.0000, F1=0.0000, AUC=0.0000
  DDTI - TI-RADS: Acc=0.0000, Prec=0.0000, Rec=0.0000, F1=0.0000, AUC=0.0000
Testing on ThyroidXL...
  ThyroidXL - Dice: 0.8454, HD95: 10.5404
  ThyroidXL - Benign/Malignant: Acc=0.7751, Prec=0.7134, Rec=0.6767, F1=0.6643, AUC=0.8698
  ThyroidXL - TI-RADS: Acc=0.0000, Prec=0.0000, Rec=0.0000, F1=0.0000, AUC=0.0000
Testing on PKTN...
  PKTN - Dice: 0.8046, HD95: 14.3740
  PKTN - Benign/Malignant: Acc=0.0000, Prec=0.0000, Rec=0.0000, F1=0.0000, AUC=0.0000
  PKTN - TI-RADS: Acc=0.0000, Prec=0.0000, Rec=0.0000, F1=0.0000, AUC=0.0000
Testing on TN5K...
  TN5K - Dice: 0.7823, HD95: 15.3705
  TN5K - Benign/Malignant: Acc=0.7100, Prec=0.5597, Rec=0.4783, F1=0.4885, AUC=0.8004
  TN5K - TI-RADS: Acc=0.0000, Prec=0.0000, Rec=0.0000, F1=0.0000, AUC=0.0000
Epoch:26: loss:0.353736, seg_loss:0.4123, bm_loss:0.0091, ti_loss:0.0000
Epoch:27: loss:0.344989, seg_loss:0.3828, bm_loss:0.0177, ti_loss:0.0000
Epoch:28: loss:0.332464, seg_loss:0.2628, bm_loss:0.0086, ti_loss:0.0000
Epoch:29: loss:0.320856, seg_loss:0.3262, bm_loss:0.0600, ti_loss:0.0000
Epoch:30: loss:0.310491, seg_loss:0.3140, bm_loss:0.0004, ti_loss:0.0000
Saved checkpoint at epoch 30

Validating epoch 30 on all test datasets...
Testing on TN3K...
  TN3K - Dice: 0.8774, HD95: 11.5560
  TN3K - Benign/Malignant: Acc=0.7199, Prec=0.5081, Rec=0.3697, F1=0.4231, AUC=0.7674
  TN3K - TI-RADS: Acc=0.0000, Prec=0.0000, Rec=0.0000, F1=0.0000, AUC=0.0000
Testing on DDTI...
  DDTI - Dice: 0.7801, HD95: 21.0556
  DDTI - Benign/Malignant: Acc=0.0000, Prec=0.0000, Rec=0.0000, F1=0.0000, AUC=0.0000
  DDTI - TI-RADS: Acc=0.0000, Prec=0.0000, Rec=0.0000, F1=0.0000, AUC=0.0000
Testing on ThyroidXL...
  ThyroidXL - Dice: 0.8428, HD95: 9.8570
  ThyroidXL - Benign/Malignant: Acc=0.8148, Prec=0.7145, Rec=0.6912, F1=0.6813, AUC=0.8889
  ThyroidXL - TI-RADS: Acc=0.0000, Prec=0.0000, Rec=0.0000, F1=0.0000, AUC=0.0000
Testing on PKTN...
  PKTN - Dice: 0.8189, HD95: 12.4640
  PKTN - Benign/Malignant: Acc=0.0000, Prec=0.0000, Rec=0.0000, F1=0.0000, AUC=0.0000
  PKTN - TI-RADS: Acc=0.0000, Prec=0.0000, Rec=0.0000, F1=0.0000, AUC=0.0000
Testing on TN5K...
  TN5K - Dice: 0.7919, HD95: 13.9086
  TN5K - Benign/Malignant: Acc=0.7160, Prec=0.5544, Rec=0.4819, F1=0.4881, AUC=0.7993
  TN5K - TI-RADS: Acc=0.0000, Prec=0.0000, Rec=0.0000, F1=0.0000, AUC=0.0000
