Training started at Thu Jan  8 23:41:26 2026
Method: dino_unet
Dataset: diff_size_train_multitask_dataset3
Epochs: 50
LR: 0.0001
Batch Size: 12
Image Size: 128 x 128
DINO pretrained: True
Use Dilation: False
Training set - Benign/Malignant: Benign=10415 (58.60%), Malignant=7359 (41.40%)
Auto-adjusted tau=0.50 (imbalance_ratio=1.42)
GLA parameters: p_benign=0.5860, p_malignant=0.4140, tau=0.50
Logit adjustment magnitude: 0.1737
Training set - TI-RADS distribution (1-5): [0, 0, 0, 0, 0]
TI-RADS probabilities: [0.20000000298023224, 0.20000000298023224, 0.20000000298023224, 0.20000000298023224, 0.20000000298023224]
Loss weights: seg=1.0, bm=1.0, tirads=1.0
GA-MTL schedule per optimizer step: ['seg', 'bm']
steps_per_epoch (optimizer steps): 740
Epoch:1: seg_loss(avg):0.6431, bm_loss(avg):0.5863, tirads_loss(avg):0.0000
Epoch:2: seg_loss(avg):0.5006, bm_loss(avg):0.4561, tirads_loss(avg):0.0000
Epoch:3: seg_loss(avg):0.4660, bm_loss(avg):0.4107, tirads_loss(avg):0.0000
Epoch:4: seg_loss(avg):0.4438, bm_loss(avg):0.3867, tirads_loss(avg):0.0000
Epoch:5: seg_loss(avg):0.4340, bm_loss(avg):0.3604, tirads_loss(avg):0.0000
Saved checkpoint at epoch 5

Validating epoch 5 on all test datasets...
Testing on TN3K...
  TN3K - Dice: 0.7741, HD95: 9.0334
  TN3K - BM: Acc=0.7445, Prec=0.6485, Rec=0.7326, F1=0.6875, AUROC=0.8193, AUPRC=0.7448
  TN3K - TI-RADS: Acc=0.0000, Prec=0.0000, Rec=0.0000, F1=0.0000, AUC=0.0000
Testing on DDTI...
  DDTI - Dice: 0.7336, HD95: 12.2283
  DDTI - BM: Acc=0.0000, Prec=0.0000, Rec=0.0000, F1=0.0000, AUROC=0.0000, AUPRC=0.0000
  DDTI - TI-RADS: Acc=0.0000, Prec=0.0000, Rec=0.0000, F1=0.0000, AUC=0.0000
Testing on ThyroidXL...
  ThyroidXL - Dice: 0.8290, HD95: 4.6883
  ThyroidXL - BM: Acc=0.8214, Prec=0.8396, Rec=0.7607, F1=0.7981, AUROC=0.9071, AUPRC=0.8835
  ThyroidXL - TI-RADS: Acc=0.0000, Prec=0.0000, Rec=0.0000, F1=0.0000, AUC=0.0000
Testing on PKTN...
  PKTN - Dice: 0.7063, HD95: 11.4945
  PKTN - BM: Acc=0.0000, Prec=0.0000, Rec=0.0000, F1=0.0000, AUROC=0.0000, AUPRC=0.0000
  PKTN - TI-RADS: Acc=0.0000, Prec=0.0000, Rec=0.0000, F1=0.0000, AUC=0.0000
Testing on TN5K...
  TN5K - Dice: 0.6997, HD95: 8.5494
  TN5K - BM: Acc=0.8619, Prec=0.8748, Rec=0.9466, F1=0.9092, AUROC=0.9077, AUPRC=0.9573
  TN5K - TI-RADS: Acc=0.0000, Prec=0.0000, Rec=0.0000, F1=0.0000, AUC=0.0000
Epoch:6: seg_loss(avg):0.4234, bm_loss(avg):0.3339, tirads_loss(avg):0.0000
Epoch:7: seg_loss(avg):0.4130, bm_loss(avg):0.3145, tirads_loss(avg):0.0000
Epoch:8: seg_loss(avg):0.4056, bm_loss(avg):0.2970, tirads_loss(avg):0.0000
Epoch:9: seg_loss(avg):0.4008, bm_loss(avg):0.2800, tirads_loss(avg):0.0000
Epoch:10: seg_loss(avg):0.3907, bm_loss(avg):0.2557, tirads_loss(avg):0.0000
Saved checkpoint at epoch 10

Validating epoch 10 on all test datasets...
Testing on TN3K...
  TN3K - Dice: 0.8004, HD95: 8.0638
  TN3K - BM: Acc=0.6947, Prec=0.5717, Rec=0.8212, F1=0.6737, AUROC=0.8046, AUPRC=0.7543
  TN3K - TI-RADS: Acc=0.0000, Prec=0.0000, Rec=0.0000, F1=0.0000, AUC=0.0000
Testing on DDTI...
  DDTI - Dice: 0.7318, HD95: 12.1771
  DDTI - BM: Acc=0.0000, Prec=0.0000, Rec=0.0000, F1=0.0000, AUROC=0.0000, AUPRC=0.0000
  DDTI - TI-RADS: Acc=0.0000, Prec=0.0000, Rec=0.0000, F1=0.0000, AUC=0.0000
Testing on ThyroidXL...
  ThyroidXL - Dice: 0.8362, HD95: 4.4800
  ThyroidXL - BM: Acc=0.8287, Prec=0.8442, Rec=0.7741, F1=0.8075, AUROC=0.9182, AUPRC=0.8946
  ThyroidXL - TI-RADS: Acc=0.0000, Prec=0.0000, Rec=0.0000, F1=0.0000, AUC=0.0000
Testing on PKTN...
  PKTN - Dice: 0.7463, HD95: 8.8959
  PKTN - BM: Acc=0.0000, Prec=0.0000, Rec=0.0000, F1=0.0000, AUROC=0.0000, AUPRC=0.0000
  PKTN - TI-RADS: Acc=0.0000, Prec=0.0000, Rec=0.0000, F1=0.0000, AUC=0.0000
Testing on TN5K...
  TN5K - Dice: 0.7380, HD95: 7.2767
  TN5K - BM: Acc=0.8527, Prec=0.8629, Rec=0.9493, F1=0.9040, AUROC=0.9124, AUPRC=0.9617
  TN5K - TI-RADS: Acc=0.0000, Prec=0.0000, Rec=0.0000, F1=0.0000, AUC=0.0000
Epoch:11: seg_loss(avg):0.3917, bm_loss(avg):0.2494, tirads_loss(avg):0.0000
Epoch:12: seg_loss(avg):0.3795, bm_loss(avg):0.2355, tirads_loss(avg):0.0000
Epoch:13: seg_loss(avg):0.3786, bm_loss(avg):0.2171, tirads_loss(avg):0.0000
Epoch:14: seg_loss(avg):0.3789, bm_loss(avg):0.2134, tirads_loss(avg):0.0000
Epoch:15: seg_loss(avg):0.3661, bm_loss(avg):0.1848, tirads_loss(avg):0.0000
Saved checkpoint at epoch 15

Validating epoch 15 on all test datasets...
Testing on TN3K...
  TN3K - Dice: 0.7986, HD95: 8.3903
  TN3K - BM: Acc=0.7326, Prec=0.6451, Rec=0.6777, F1=0.6605, AUROC=0.7855, AUPRC=0.7369
  TN3K - TI-RADS: Acc=0.0000, Prec=0.0000, Rec=0.0000, F1=0.0000, AUC=0.0000
Testing on DDTI...
  DDTI - Dice: 0.7484, HD95: 11.2053
  DDTI - BM: Acc=0.0000, Prec=0.0000, Rec=0.0000, F1=0.0000, AUROC=0.0000, AUPRC=0.0000
  DDTI - TI-RADS: Acc=0.0000, Prec=0.0000, Rec=0.0000, F1=0.0000, AUC=0.0000
Testing on ThyroidXL...
  ThyroidXL - Dice: 0.8444, HD95: 4.1334
  ThyroidXL - BM: Acc=0.7726, Prec=0.8803, Rec=0.5905, F1=0.7067, AUROC=0.9120, AUPRC=0.8884
  ThyroidXL - TI-RADS: Acc=0.0000, Prec=0.0000, Rec=0.0000, F1=0.0000, AUC=0.0000
Testing on PKTN...
  PKTN - Dice: 0.7440, HD95: 9.3488
  PKTN - BM: Acc=0.0000, Prec=0.0000, Rec=0.0000, F1=0.0000, AUROC=0.0000, AUPRC=0.0000
  PKTN - TI-RADS: Acc=0.0000, Prec=0.0000, Rec=0.0000, F1=0.0000, AUC=0.0000
Testing on TN5K...
  TN5K - Dice: 0.7431, HD95: 7.0576
  TN5K - BM: Acc=0.8416, Prec=0.9028, Rec=0.8779, F1=0.8901, AUROC=0.9036, AUPRC=0.9562
  TN5K - TI-RADS: Acc=0.0000, Prec=0.0000, Rec=0.0000, F1=0.0000, AUC=0.0000
Epoch:16: seg_loss(avg):0.3605, bm_loss(avg):0.1699, tirads_loss(avg):0.0000
Epoch:17: seg_loss(avg):0.3590, bm_loss(avg):0.1651, tirads_loss(avg):0.0000
Epoch:18: seg_loss(avg):0.3537, bm_loss(avg):0.1493, tirads_loss(avg):0.0000
Epoch:19: seg_loss(avg):0.3506, bm_loss(avg):0.1391, tirads_loss(avg):0.0000
Epoch:20: seg_loss(avg):0.3476, bm_loss(avg):0.1304, tirads_loss(avg):0.0000
Saved checkpoint at epoch 20

Validating epoch 20 on all test datasets...
Testing on TN3K...
  TN3K - Dice: 0.7968, HD95: 8.0976
  TN3K - BM: Acc=0.6860, Prec=0.5659, Rec=0.7881, F1=0.6583, AUROC=0.7860, AUPRC=0.7191
  TN3K - TI-RADS: Acc=0.0000, Prec=0.0000, Rec=0.0000, F1=0.0000, AUC=0.0000
Testing on DDTI...
  DDTI - Dice: 0.7483, HD95: 11.0417
  DDTI - BM: Acc=0.0000, Prec=0.0000, Rec=0.0000, F1=0.0000, AUROC=0.0000, AUPRC=0.0000
  DDTI - TI-RADS: Acc=0.0000, Prec=0.0000, Rec=0.0000, F1=0.0000, AUC=0.0000
Testing on ThyroidXL...
  ThyroidXL - Dice: 0.8443, HD95: 4.1912
  ThyroidXL - BM: Acc=0.8332, Prec=0.8567, Rec=0.7696, F1=0.8107, AUROC=0.9141, AUPRC=0.8913
  ThyroidXL - TI-RADS: Acc=0.0000, Prec=0.0000, Rec=0.0000, F1=0.0000, AUC=0.0000
Testing on PKTN...
  PKTN - Dice: 0.7522, HD95: 8.8503
  PKTN - BM: Acc=0.0000, Prec=0.0000, Rec=0.0000, F1=0.0000, AUROC=0.0000, AUPRC=0.0000
  PKTN - TI-RADS: Acc=0.0000, Prec=0.0000, Rec=0.0000, F1=0.0000, AUC=0.0000
Testing on TN5K...
  TN5K - Dice: 0.7481, HD95: 7.0143
  TN5K - BM: Acc=0.8635, Prec=0.8875, Rec=0.9314, F1=0.9089, AUROC=0.9214, AUPRC=0.9641
  TN5K - TI-RADS: Acc=0.0000, Prec=0.0000, Rec=0.0000, F1=0.0000, AUC=0.0000
Epoch:21: seg_loss(avg):0.3445, bm_loss(avg):0.1198, tirads_loss(avg):0.0000
Epoch:22: seg_loss(avg):0.3368, bm_loss(avg):0.1059, tirads_loss(avg):0.0000
Epoch:23: seg_loss(avg):0.3310, bm_loss(avg):0.1039, tirads_loss(avg):0.0000
Epoch:24: seg_loss(avg):0.3298, bm_loss(avg):0.0873, tirads_loss(avg):0.0000
Epoch:25: seg_loss(avg):0.3219, bm_loss(avg):0.0837, tirads_loss(avg):0.0000
Saved checkpoint at epoch 25

Validating epoch 25 on all test datasets...
Testing on TN3K...
  TN3K - Dice: 0.8048, HD95: 8.0278
  TN3K - BM: Acc=0.6936, Prec=0.5775, Rec=0.7576, F1=0.6550, AUROC=0.7828, AUPRC=0.7310
  TN3K - TI-RADS: Acc=0.0000, Prec=0.0000, Rec=0.0000, F1=0.0000, AUC=0.0000
Testing on DDTI...
  DDTI - Dice: 0.7171, HD95: 12.7572
  DDTI - BM: Acc=0.0000, Prec=0.0000, Rec=0.0000, F1=0.0000, AUROC=0.0000, AUPRC=0.0000
  DDTI - TI-RADS: Acc=0.0000, Prec=0.0000, Rec=0.0000, F1=0.0000, AUC=0.0000
Testing on ThyroidXL...
  ThyroidXL - Dice: 0.8491, HD95: 4.0191
  ThyroidXL - BM: Acc=0.8175, Prec=0.8641, Rec=0.7202, F1=0.7855, AUROC=0.9133, AUPRC=0.8951
  ThyroidXL - TI-RADS: Acc=0.0000, Prec=0.0000, Rec=0.0000, F1=0.0000, AUC=0.0000
Testing on PKTN...
  PKTN - Dice: 0.7534, HD95: 9.2927
  PKTN - BM: Acc=0.0000, Prec=0.0000, Rec=0.0000, F1=0.0000, AUROC=0.0000, AUPRC=0.0000
  PKTN - TI-RADS: Acc=0.0000, Prec=0.0000, Rec=0.0000, F1=0.0000, AUC=0.0000
Testing on TN5K...
  TN5K - Dice: 0.7479, HD95: 7.2108
  TN5K - BM: Acc=0.8635, Prec=0.8935, Rec=0.9233, F1=0.9081, AUROC=0.9103, AUPRC=0.9616
  TN5K - TI-RADS: Acc=0.0000, Prec=0.0000, Rec=0.0000, F1=0.0000, AUC=0.0000
Epoch:26: seg_loss(avg):0.3194, bm_loss(avg):0.0817, tirads_loss(avg):0.0000
Epoch:27: seg_loss(avg):0.3197, bm_loss(avg):0.0705, tirads_loss(avg):0.0000
Epoch:28: seg_loss(avg):0.3118, bm_loss(avg):0.0669, tirads_loss(avg):0.0000
Epoch:29: seg_loss(avg):0.3081, bm_loss(avg):0.0587, tirads_loss(avg):0.0000
Epoch:30: seg_loss(avg):0.3049, bm_loss(avg):0.0520, tirads_loss(avg):0.0000
Saved checkpoint at epoch 30

Validating epoch 30 on all test datasets...
Testing on TN3K...
  TN3K - Dice: 0.8019, HD95: 8.3006
  TN3K - BM: Acc=0.7295, Prec=0.6369, Rec=0.6903, F1=0.6621, AUROC=0.8022, AUPRC=0.7320
  TN3K - TI-RADS: Acc=0.0000, Prec=0.0000, Rec=0.0000, F1=0.0000, AUC=0.0000
Testing on DDTI...
  DDTI - Dice: 0.7344, HD95: 11.5441
  DDTI - BM: Acc=0.0000, Prec=0.0000, Rec=0.0000, F1=0.0000, AUROC=0.0000, AUPRC=0.0000
  DDTI - TI-RADS: Acc=0.0000, Prec=0.0000, Rec=0.0000, F1=0.0000, AUC=0.0000
Testing on ThyroidXL...
  ThyroidXL - Dice: 0.8510, HD95: 3.9223
  ThyroidXL - BM: Acc=0.8058, Prec=0.8845, Rec=0.6692, F1=0.7618, AUROC=0.9093, AUPRC=0.8953
  ThyroidXL - TI-RADS: Acc=0.0000, Prec=0.0000, Rec=0.0000, F1=0.0000, AUC=0.0000
Testing on PKTN...
  PKTN - Dice: 0.7583, HD95: 8.7359
  PKTN - BM: Acc=0.0000, Prec=0.0000, Rec=0.0000, F1=0.0000, AUROC=0.0000, AUPRC=0.0000
  PKTN - TI-RADS: Acc=0.0000, Prec=0.0000, Rec=0.0000, F1=0.0000, AUC=0.0000
Testing on TN5K...
  TN5K - Dice: 0.7573, HD95: 6.7920
  TN5K - BM: Acc=0.8526, Prec=0.8900, Rec=0.9109, F1=0.9003, AUROC=0.9141, AUPRC=0.9639
  TN5K - TI-RADS: Acc=0.0000, Prec=0.0000, Rec=0.0000, F1=0.0000, AUC=0.0000
Epoch:31: seg_loss(avg):0.2975, bm_loss(avg):0.0445, tirads_loss(avg):0.0000
Epoch:32: seg_loss(avg):0.2954, bm_loss(avg):0.0369, tirads_loss(avg):0.0000
Epoch:33: seg_loss(avg):0.2923, bm_loss(avg):0.0443, tirads_loss(avg):0.0000
Epoch:34: seg_loss(avg):0.2860, bm_loss(avg):0.0352, tirads_loss(avg):0.0000
Epoch:35: seg_loss(avg):0.2845, bm_loss(avg):0.0222, tirads_loss(avg):0.0000
Saved checkpoint at epoch 35

Validating epoch 35 on all test datasets...
Testing on TN3K...
  TN3K - Dice: 0.8132, HD95: 8.1426
  TN3K - BM: Acc=0.7183, Prec=0.6149, Rec=0.7158, F1=0.6611, AUROC=0.7858, AUPRC=0.7372
  TN3K - TI-RADS: Acc=0.0000, Prec=0.0000, Rec=0.0000, F1=0.0000, AUC=0.0000
Testing on DDTI...
  DDTI - Dice: 0.7541, HD95: 11.1254
  DDTI - BM: Acc=0.0000, Prec=0.0000, Rec=0.0000, F1=0.0000, AUROC=0.0000, AUPRC=0.0000
  DDTI - TI-RADS: Acc=0.0000, Prec=0.0000, Rec=0.0000, F1=0.0000, AUC=0.0000
Testing on ThyroidXL...
  ThyroidXL - Dice: 0.8534, HD95: 3.9200
  ThyroidXL - BM: Acc=0.8338, Prec=0.8711, Rec=0.7537, F1=0.8081, AUROC=0.9154, AUPRC=0.8975
  ThyroidXL - TI-RADS: Acc=0.0000, Prec=0.0000, Rec=0.0000, F1=0.0000, AUC=0.0000
Testing on PKTN...
  PKTN - Dice: 0.7639, HD95: 8.6880
  PKTN - BM: Acc=0.0000, Prec=0.0000, Rec=0.0000, F1=0.0000, AUROC=0.0000, AUPRC=0.0000
  PKTN - TI-RADS: Acc=0.0000, Prec=0.0000, Rec=0.0000, F1=0.0000, AUC=0.0000
Testing on TN5K...
  TN5K - Dice: 0.7643, HD95: 6.5592
  TN5K - BM: Acc=0.8697, Prec=0.9201, Rec=0.8999, F1=0.9098, AUROC=0.9267, AUPRC=0.9706
  TN5K - TI-RADS: Acc=0.0000, Prec=0.0000, Rec=0.0000, F1=0.0000, AUC=0.0000
Epoch:36: seg_loss(avg):0.2787, bm_loss(avg):0.0282, tirads_loss(avg):0.0000
Epoch:37: seg_loss(avg):0.2782, bm_loss(avg):0.0198, tirads_loss(avg):0.0000
Epoch:38: seg_loss(avg):0.2726, bm_loss(avg):0.0249, tirads_loss(avg):0.0000
Epoch:39: seg_loss(avg):0.2668, bm_loss(avg):0.0156, tirads_loss(avg):0.0000
Epoch:40: seg_loss(avg):0.2655, bm_loss(avg):0.0144, tirads_loss(avg):0.0000
Saved checkpoint at epoch 40

Validating epoch 40 on all test datasets...
Testing on TN3K...
  TN3K - Dice: 0.8111, HD95: 7.7678
  TN3K - BM: Acc=0.7084, Prec=0.6002, Rec=0.7238, F1=0.6558, AUROC=0.7836, AUPRC=0.7263
  TN3K - TI-RADS: Acc=0.0000, Prec=0.0000, Rec=0.0000, F1=0.0000, AUC=0.0000
Testing on DDTI...
  DDTI - Dice: 0.7462, HD95: 10.9617
  DDTI - BM: Acc=0.0000, Prec=0.0000, Rec=0.0000, F1=0.0000, AUROC=0.0000, AUPRC=0.0000
  DDTI - TI-RADS: Acc=0.0000, Prec=0.0000, Rec=0.0000, F1=0.0000, AUC=0.0000
Testing on ThyroidXL...
  ThyroidXL - Dice: 0.8511, HD95: 3.8662
  ThyroidXL - BM: Acc=0.8208, Prec=0.8760, Rec=0.7153, F1=0.7874, AUROC=0.9169, AUPRC=0.9015
  ThyroidXL - TI-RADS: Acc=0.0000, Prec=0.0000, Rec=0.0000, F1=0.0000, AUC=0.0000
Testing on PKTN...
  PKTN - Dice: 0.7651, HD95: 8.3297
  PKTN - BM: Acc=0.0000, Prec=0.0000, Rec=0.0000, F1=0.0000, AUROC=0.0000, AUPRC=0.0000
  PKTN - TI-RADS: Acc=0.0000, Prec=0.0000, Rec=0.0000, F1=0.0000, AUC=0.0000
Testing on TN5K...
  TN5K - Dice: 0.7630, HD95: 6.5957
  TN5K - BM: Acc=0.8734, Prec=0.9100, Rec=0.9176, F1=0.9137, AUROC=0.9240, AUPRC=0.9680
  TN5K - TI-RADS: Acc=0.0000, Prec=0.0000, Rec=0.0000, F1=0.0000, AUC=0.0000
Epoch:41: seg_loss(avg):0.2655, bm_loss(avg):0.0149, tirads_loss(avg):0.0000
Epoch:42: seg_loss(avg):0.2612, bm_loss(avg):0.0111, tirads_loss(avg):0.0000
Epoch:43: seg_loss(avg):0.2577, bm_loss(avg):0.0161, tirads_loss(avg):0.0000
Epoch:44: seg_loss(avg):0.2561, bm_loss(avg):0.0105, tirads_loss(avg):0.0000
Epoch:45: seg_loss(avg):0.2570, bm_loss(avg):0.0130, tirads_loss(avg):0.0000
Saved checkpoint at epoch 45

Validating epoch 45 on all test datasets...
Testing on TN3K...
  TN3K - Dice: 0.8155, HD95: 7.8018
  TN3K - BM: Acc=0.7168, Prec=0.6089, Rec=0.7368, F1=0.6663, AUROC=0.7831, AUPRC=0.7229
  TN3K - TI-RADS: Acc=0.0000, Prec=0.0000, Rec=0.0000, F1=0.0000, AUC=0.0000
Testing on DDTI...
  DDTI - Dice: 0.7419, HD95: 10.9845
  DDTI - BM: Acc=0.0000, Prec=0.0000, Rec=0.0000, F1=0.0000, AUROC=0.0000, AUPRC=0.0000
  DDTI - TI-RADS: Acc=0.0000, Prec=0.0000, Rec=0.0000, F1=0.0000, AUC=0.0000
Testing on ThyroidXL...
  ThyroidXL - Dice: 0.8542, HD95: 3.8630
  ThyroidXL - BM: Acc=0.8171, Prec=0.8798, Rec=0.7019, F1=0.7808, AUROC=0.9130, AUPRC=0.8972
  ThyroidXL - TI-RADS: Acc=0.0000, Prec=0.0000, Rec=0.0000, F1=0.0000, AUC=0.0000
Testing on PKTN...
  PKTN - Dice: 0.7700, HD95: 8.2586
  PKTN - BM: Acc=0.0000, Prec=0.0000, Rec=0.0000, F1=0.0000, AUROC=0.0000, AUPRC=0.0000
  PKTN - TI-RADS: Acc=0.0000, Prec=0.0000, Rec=0.0000, F1=0.0000, AUC=0.0000
Testing on TN5K...
  TN5K - Dice: 0.7686, HD95: 6.4819
  TN5K - BM: Acc=0.8694, Prec=0.9210, Rec=0.8983, F1=0.9095, AUROC=0.9264, AUPRC=0.9690
  TN5K - TI-RADS: Acc=0.0000, Prec=0.0000, Rec=0.0000, F1=0.0000, AUC=0.0000
Epoch:46: seg_loss(avg):0.2553, bm_loss(avg):0.0127, tirads_loss(avg):0.0000
Epoch:47: seg_loss(avg):0.2533, bm_loss(avg):0.0111, tirads_loss(avg):0.0000
Epoch:48: seg_loss(avg):0.2531, bm_loss(avg):0.0092, tirads_loss(avg):0.0000
Epoch:49: seg_loss(avg):0.2520, bm_loss(avg):0.0082, tirads_loss(avg):0.0000
Epoch:50: seg_loss(avg):0.2553, bm_loss(avg):0.0092, tirads_loss(avg):0.0000
Saved checkpoint at epoch 50

Validating epoch 50 on all test datasets...
Testing on TN3K...
  TN3K - Dice: 0.8140, HD95: 7.8793
  TN3K - BM: Acc=0.7152, Prec=0.6075, Rec=0.7327, F1=0.6638, AUROC=0.7853, AUPRC=0.7231
  TN3K - TI-RADS: Acc=0.0000, Prec=0.0000, Rec=0.0000, F1=0.0000, AUC=0.0000
Testing on DDTI...
  DDTI - Dice: 0.7419, HD95: 11.0520
  DDTI - BM: Acc=0.0000, Prec=0.0000, Rec=0.0000, F1=0.0000, AUROC=0.0000, AUPRC=0.0000
  DDTI - TI-RADS: Acc=0.0000, Prec=0.0000, Rec=0.0000, F1=0.0000, AUC=0.0000
Testing on ThyroidXL...
  ThyroidXL - Dice: 0.8535, HD95: 3.8520
  ThyroidXL - BM: Acc=0.8242, Prec=0.8762, Rec=0.7235, F1=0.7925, AUROC=0.9140, AUPRC=0.8968
  ThyroidXL - TI-RADS: Acc=0.0000, Prec=0.0000, Rec=0.0000, F1=0.0000, AUC=0.0000
Testing on PKTN...
  PKTN - Dice: 0.7697, HD95: 8.2489
  PKTN - BM: Acc=0.0000, Prec=0.0000, Rec=0.0000, F1=0.0000, AUROC=0.0000, AUPRC=0.0000
  PKTN - TI-RADS: Acc=0.0000, Prec=0.0000, Rec=0.0000, F1=0.0000, AUC=0.0000
Testing on TN5K...
  TN5K - Dice: 0.7676, HD95: 6.4293
  TN5K - BM: Acc=0.8683, Prec=0.9209, Rec=0.8969, F1=0.9087, AUROC=0.9268, AUPRC=0.9689
  TN5K - TI-RADS: Acc=0.0000, Prec=0.0000, Rec=0.0000, F1=0.0000, AUC=0.0000

========== Evaluation Summary (All Test Records) ==========

Dataset: TN3K
Eval epochs: [5, 10, 15, 20, 25, 30, 35, 40, 45, 50]
Dice per eval: [0.7741000056266785, 0.8004000186920166, 0.7986000180244446, 0.7968000173568726, 0.8047999739646912, 0.8019000291824341, 0.8131999969482422, 0.8111000061035156, 0.815500020980835, 0.8140000104904175]
HD95 per eval: [9.03339958190918, 8.063799858093262, 8.390299797058105, 8.097599983215332, 8.027799606323242, 8.300600051879883, 8.142600059509277, 7.7677998542785645, 7.801799774169922, 7.879300117492676]
Best Dice: 0.8155 at epoch 45
Best HD95: 7.7678 at epoch 40

BM metrics per eval:
  Acc:  [0.7445, 0.6947, 0.7326, 0.686, 0.6936, 0.7295, 0.7183, 0.7084, 0.7168, 0.7152]
  Prec: [0.6485, 0.5717, 0.6451, 0.5659, 0.5775, 0.6369, 0.6149, 0.6002, 0.6089, 0.6075]
  Rec:  [0.7326, 0.8212, 0.6777, 0.7881, 0.7576, 0.6903, 0.7158, 0.7238, 0.7368, 0.7327]
  F1:   [0.6875, 0.6737, 0.6605, 0.6583, 0.655, 0.6621, 0.6611, 0.6558, 0.6663, 0.6638]
  AUROC:[0.8193, 0.8046, 0.7855, 0.786, 0.7828, 0.8022, 0.7858, 0.7836, 0.7831, 0.7853]
  AUPRC:[0.7448, 0.7543, 0.7369, 0.7191, 0.731, 0.732, 0.7372, 0.7263, 0.7229, 0.7231]
Best BM F1: 0.6875 at epoch 5

TI-RADS metrics per eval:
  Acc:  [0.0, 0.0, 0.0, 0.0, 0.0, 0.0, 0.0, 0.0, 0.0, 0.0]
  Prec: [0.0, 0.0, 0.0, 0.0, 0.0, 0.0, 0.0, 0.0, 0.0, 0.0]
  Rec:  [0.0, 0.0, 0.0, 0.0, 0.0, 0.0, 0.0, 0.0, 0.0, 0.0]
  F1:   [0.0, 0.0, 0.0, 0.0, 0.0, 0.0, 0.0, 0.0, 0.0, 0.0]
  AUC:  [0.0, 0.0, 0.0, 0.0, 0.0, 0.0, 0.0, 0.0, 0.0, 0.0]
Best TI-RADS F1: 0.0000 at epoch 5

Dataset: DDTI
Eval epochs: [5, 10, 15, 20, 25, 30, 35, 40, 45, 50]
Dice per eval: [0.7336000204086304, 0.7318000197410583, 0.7483999729156494, 0.7483000159263611, 0.7171000242233276, 0.7343999743461609, 0.7541000247001648, 0.7462000250816345, 0.7419000267982483, 0.7419000267982483]
HD95 per eval: [12.228300094604492, 12.17710018157959, 11.205300331115723, 11.04170036315918, 12.757200241088867, 11.544099807739258, 11.125399589538574, 10.961700439453125, 10.98449993133545, 11.052000045776367]
Best Dice: 0.7541 at epoch 35
Best HD95: 10.9617 at epoch 40

BM metrics per eval:
  Acc:  [0.0, 0.0, 0.0, 0.0, 0.0, 0.0, 0.0, 0.0, 0.0, 0.0]
  Prec: [0.0, 0.0, 0.0, 0.0, 0.0, 0.0, 0.0, 0.0, 0.0, 0.0]
  Rec:  [0.0, 0.0, 0.0, 0.0, 0.0, 0.0, 0.0, 0.0, 0.0, 0.0]
  F1:   [0.0, 0.0, 0.0, 0.0, 0.0, 0.0, 0.0, 0.0, 0.0, 0.0]
  AUROC:[0.0, 0.0, 0.0, 0.0, 0.0, 0.0, 0.0, 0.0, 0.0, 0.0]
  AUPRC:[0.0, 0.0, 0.0, 0.0, 0.0, 0.0, 0.0, 0.0, 0.0, 0.0]
Best BM F1: 0.0000 at epoch 5

TI-RADS metrics per eval:
  Acc:  [0.0, 0.0, 0.0, 0.0, 0.0, 0.0, 0.0, 0.0, 0.0, 0.0]
  Prec: [0.0, 0.0, 0.0, 0.0, 0.0, 0.0, 0.0, 0.0, 0.0, 0.0]
  Rec:  [0.0, 0.0, 0.0, 0.0, 0.0, 0.0, 0.0, 0.0, 0.0, 0.0]
  F1:   [0.0, 0.0, 0.0, 0.0, 0.0, 0.0, 0.0, 0.0, 0.0, 0.0]
  AUC:  [0.0, 0.0, 0.0, 0.0, 0.0, 0.0, 0.0, 0.0, 0.0, 0.0]
Best TI-RADS F1: 0.0000 at epoch 5

Dataset: ThyroidXL
Eval epochs: [5, 10, 15, 20, 25, 30, 35, 40, 45, 50]
Dice per eval: [0.8289999961853027, 0.8361999988555908, 0.8443999886512756, 0.8442999720573425, 0.8490999937057495, 0.8510000109672546, 0.8533999919891357, 0.8511000275611877, 0.854200005531311, 0.8535000085830688]
HD95 per eval: [4.688300132751465, 4.480000019073486, 4.133399963378906, 4.191199779510498, 4.019100189208984, 3.922300100326538, 3.9200000762939453, 3.8661999702453613, 3.86299991607666, 3.8519999980926514]
Best Dice: 0.8542 at epoch 45
Best HD95: 3.8520 at epoch 50

BM metrics per eval:
  Acc:  [0.8214, 0.8287, 0.7726, 0.8332, 0.8175, 0.8058, 0.8338, 0.8208, 0.8171, 0.8242]
  Prec: [0.8396, 0.8442, 0.8803, 0.8567, 0.8641, 0.8845, 0.8711, 0.876, 0.8798, 0.8762]
  Rec:  [0.7607, 0.7741, 0.5905, 0.7696, 0.7202, 0.6692, 0.7537, 0.7153, 0.7019, 0.7235]
  F1:   [0.7981, 0.8075, 0.7067, 0.8107, 0.7855, 0.7618, 0.8081, 0.7874, 0.7808, 0.7925]
  AUROC:[0.9071, 0.9182, 0.912, 0.9141, 0.9133, 0.9093, 0.9154, 0.9169, 0.913, 0.914]
  AUPRC:[0.8835, 0.8946, 0.8884, 0.8913, 0.8951, 0.8953, 0.8975, 0.9015, 0.8972, 0.8968]
Best BM F1: 0.8107 at epoch 20

TI-RADS metrics per eval:
  Acc:  [0.0, 0.0, 0.0, 0.0, 0.0, 0.0, 0.0, 0.0, 0.0, 0.0]
  Prec: [0.0, 0.0, 0.0, 0.0, 0.0, 0.0, 0.0, 0.0, 0.0, 0.0]
  Rec:  [0.0, 0.0, 0.0, 0.0, 0.0, 0.0, 0.0, 0.0, 0.0, 0.0]
  F1:   [0.0, 0.0, 0.0, 0.0, 0.0, 0.0, 0.0, 0.0, 0.0, 0.0]
  AUC:  [0.0, 0.0, 0.0, 0.0, 0.0, 0.0, 0.0, 0.0, 0.0, 0.0]
Best TI-RADS F1: 0.0000 at epoch 5

Dataset: PKTN
Eval epochs: [5, 10, 15, 20, 25, 30, 35, 40, 45, 50]
Dice per eval: [0.7063000202178955, 0.7462999820709229, 0.7440000176429749, 0.7522000074386597, 0.7534000277519226, 0.7583000063896179, 0.7638999819755554, 0.7651000022888184, 0.7699999809265137, 0.7696999907493591]
HD95 per eval: [11.494500160217285, 8.895899772644043, 9.348799705505371, 8.850299835205078, 9.292699813842773, 8.735899925231934, 8.687999725341797, 8.329700469970703, 8.258600234985352, 8.248900413513184]
Best Dice: 0.7700 at epoch 45
Best HD95: 8.2489 at epoch 50

BM metrics per eval:
  Acc:  [0.0, 0.0, 0.0, 0.0, 0.0, 0.0, 0.0, 0.0, 0.0, 0.0]
  Prec: [0.0, 0.0, 0.0, 0.0, 0.0, 0.0, 0.0, 0.0, 0.0, 0.0]
  Rec:  [0.0, 0.0, 0.0, 0.0, 0.0, 0.0, 0.0, 0.0, 0.0, 0.0]
  F1:   [0.0, 0.0, 0.0, 0.0, 0.0, 0.0, 0.0, 0.0, 0.0, 0.0]
  AUROC:[0.0, 0.0, 0.0, 0.0, 0.0, 0.0, 0.0, 0.0, 0.0, 0.0]
  AUPRC:[0.0, 0.0, 0.0, 0.0, 0.0, 0.0, 0.0, 0.0, 0.0, 0.0]
Best BM F1: 0.0000 at epoch 5

TI-RADS metrics per eval:
  Acc:  [0.0, 0.0, 0.0, 0.0, 0.0, 0.0, 0.0, 0.0, 0.0, 0.0]
  Prec: [0.0, 0.0, 0.0, 0.0, 0.0, 0.0, 0.0, 0.0, 0.0, 0.0]
  Rec:  [0.0, 0.0, 0.0, 0.0, 0.0, 0.0, 0.0, 0.0, 0.0, 0.0]
  F1:   [0.0, 0.0, 0.0, 0.0, 0.0, 0.0, 0.0, 0.0, 0.0, 0.0]
  AUC:  [0.0, 0.0, 0.0, 0.0, 0.0, 0.0, 0.0, 0.0, 0.0, 0.0]
Best TI-RADS F1: 0.0000 at epoch 5

Dataset: TN5K
Eval epochs: [5, 10, 15, 20, 25, 30, 35, 40, 45, 50]
Dice per eval: [0.6996999979019165, 0.7379999756813049, 0.7430999875068665, 0.7480999827384949, 0.7479000091552734, 0.7573000192642212, 0.7642999887466431, 0.7630000114440918, 0.7685999870300293, 0.7675999999046326]
HD95 per eval: [8.549400329589844, 7.276700019836426, 7.057600021362305, 7.0142998695373535, 7.2108001708984375, 6.791999816894531, 6.559199810028076, 6.595699787139893, 6.481900215148926, 6.429299831390381]
Best Dice: 0.7686 at epoch 45
Best HD95: 6.4293 at epoch 50

BM metrics per eval:
  Acc:  [0.8619, 0.8527, 0.8416, 0.8635, 0.8635, 0.8526, 0.8697, 0.8734, 0.8694, 0.8683]
  Prec: [0.8748, 0.8629, 0.9028, 0.8875, 0.8935, 0.89, 0.9201, 0.91, 0.921, 0.9209]
  Rec:  [0.9466, 0.9493, 0.8779, 0.9314, 0.9233, 0.9109, 0.8999, 0.9176, 0.8983, 0.8969]
  F1:   [0.9092, 0.904, 0.8901, 0.9089, 0.9081, 0.9003, 0.9098, 0.9137, 0.9095, 0.9087]
  AUROC:[0.9077, 0.9124, 0.9036, 0.9214, 0.9103, 0.9141, 0.9267, 0.924, 0.9264, 0.9268]
  AUPRC:[0.9573, 0.9617, 0.9562, 0.9641, 0.9616, 0.9639, 0.9706, 0.968, 0.969, 0.9689]
Best BM F1: 0.9137 at epoch 40

TI-RADS metrics per eval:
  Acc:  [0.0, 0.0, 0.0, 0.0, 0.0, 0.0, 0.0, 0.0, 0.0, 0.0]
  Prec: [0.0, 0.0, 0.0, 0.0, 0.0, 0.0, 0.0, 0.0, 0.0, 0.0]
  Rec:  [0.0, 0.0, 0.0, 0.0, 0.0, 0.0, 0.0, 0.0, 0.0, 0.0]
  F1:   [0.0, 0.0, 0.0, 0.0, 0.0, 0.0, 0.0, 0.0, 0.0, 0.0]
  AUC:  [0.0, 0.0, 0.0, 0.0, 0.0, 0.0, 0.0, 0.0, 0.0, 0.0]
Best TI-RADS F1: 0.0000 at epoch 5

==========================================================

========== Training Completed ==========
Training completed at Fri Jan  9 00:40:36 2026
