Training started at Mon Jan 12 11:43:55 2026
Method: dino_unet
Dataset: train_multitask_dataset1
Epochs: 50
LR: 0.0001
Batch Size: 12
Image Size: 224 x 224
DINO pretrained: True
Use Dilation: False
Training set - Benign/Malignant: Benign=2331 (49.25%), Malignant=2402 (50.75%)
Auto-adjusted tau=0.30 (imbalance_ratio=1.03)
GLA parameters: p_benign=0.4925, p_malignant=0.5075, tau=0.30
Logit adjustment magnitude: 0.0090
Training set - TI-RADS distribution (1-5): [0, 0, 0, 0, 0]
TI-RADS probabilities: [0.20000000298023224, 0.20000000298023224, 0.20000000298023224, 0.20000000298023224, 0.20000000298023224]
Loss weights: seg=1.0, bm=1.0, tirads=1.0
GA-MTL schedule per optimizer step: ['seg', 'bm']
steps_per_epoch (optimizer steps): 197
Epoch:1: seg_loss(avg):0.8612, bm_loss(avg):0.6592, tirads_loss(avg):0.0000
Epoch:2: seg_loss(avg):0.6909, bm_loss(avg):0.5549, tirads_loss(avg):0.0000
Epoch:3: seg_loss(avg):0.6172, bm_loss(avg):0.4586, tirads_loss(avg):0.0000
Epoch:4: seg_loss(avg):0.5726, bm_loss(avg):0.4179, tirads_loss(avg):0.0000
Epoch:5: seg_loss(avg):0.5491, bm_loss(avg):0.3971, tirads_loss(avg):0.0000
Saved checkpoint at epoch 5

Validating epoch 5 on all test datasets...
Testing on TN3K...
  TN3K - Dice: 0.8071, HD95: 14.8281
  TN3K - BM: Acc=0.7233, Prec=0.7712, Rec=0.3988, F1=0.5250, AUROC=0.8137, AUPRC=0.7296
  TN3K - TI-RADS: Acc=0.0000, Prec=0.0000, Rec=0.0000, F1=0.0000, AUC=0.0000
Testing on DDTI...
  DDTI - Dice: 0.7128, HD95: 25.7947
  DDTI - BM: Acc=0.0000, Prec=0.0000, Rec=0.0000, F1=0.0000, AUROC=0.0000, AUPRC=0.0000
  DDTI - TI-RADS: Acc=0.0000, Prec=0.0000, Rec=0.0000, F1=0.0000, AUC=0.0000
Testing on ThyroidXL...
  ThyroidXL - Dice: 0.7932, HD95: 13.3834
  ThyroidXL - BM: Acc=0.7953, Prec=0.8070, Rec=0.7350, F1=0.7692, AUROC=0.8853, AUPRC=0.8513
  ThyroidXL - TI-RADS: Acc=0.0000, Prec=0.0000, Rec=0.0000, F1=0.0000, AUC=0.0000
Testing on PKTN...
  PKTN - Dice: 0.7405, HD95: 18.6987
  PKTN - BM: Acc=0.0000, Prec=0.0000, Rec=0.0000, F1=0.0000, AUROC=0.0000, AUPRC=0.0000
  PKTN - TI-RADS: Acc=0.0000, Prec=0.0000, Rec=0.0000, F1=0.0000, AUC=0.0000
Testing on TN5K...
  TN5K - Dice: 0.7053, HD95: 17.9192
  TN5K - BM: Acc=0.5980, Prec=0.9363, Rec=0.4830, F1=0.6371, AUROC=0.8054, AUPRC=0.9168
  TN5K - TI-RADS: Acc=0.0000, Prec=0.0000, Rec=0.0000, F1=0.0000, AUC=0.0000
Epoch:6: seg_loss(avg):0.5391, bm_loss(avg):0.3621, tirads_loss(avg):0.0000
Epoch:7: seg_loss(avg):0.5206, bm_loss(avg):0.3347, tirads_loss(avg):0.0000
Epoch:8: seg_loss(avg):0.5139, bm_loss(avg):0.3029, tirads_loss(avg):0.0000
Epoch:9: seg_loss(avg):0.5155, bm_loss(avg):0.2949, tirads_loss(avg):0.0000
Epoch:10: seg_loss(avg):0.4948, bm_loss(avg):0.2810, tirads_loss(avg):0.0000
Saved checkpoint at epoch 10

Validating epoch 10 on all test datasets...
Testing on TN3K...
  TN3K - Dice: 0.8248, HD95: 11.5878
  TN3K - BM: Acc=0.6857, Prec=0.5648, Rec=0.7962, F1=0.6604, AUROC=0.7903, AUPRC=0.7070
  TN3K - TI-RADS: Acc=0.0000, Prec=0.0000, Rec=0.0000, F1=0.0000, AUC=0.0000
Testing on DDTI...
  DDTI - Dice: 0.7466, HD95: 19.4509
  DDTI - BM: Acc=0.0000, Prec=0.0000, Rec=0.0000, F1=0.0000, AUROC=0.0000, AUPRC=0.0000
  DDTI - TI-RADS: Acc=0.0000, Prec=0.0000, Rec=0.0000, F1=0.0000, AUC=0.0000
Testing on ThyroidXL...
  ThyroidXL - Dice: 0.8142, HD95: 9.6673
  ThyroidXL - BM: Acc=0.7070, Prec=0.6161, Rec=0.9793, F1=0.7562, AUROC=0.8844, AUPRC=0.8516
  ThyroidXL - TI-RADS: Acc=0.0000, Prec=0.0000, Rec=0.0000, F1=0.0000, AUC=0.0000
Testing on PKTN...
  PKTN - Dice: 0.7728, HD95: 14.4326
  PKTN - BM: Acc=0.0000, Prec=0.0000, Rec=0.0000, F1=0.0000, AUROC=0.0000, AUPRC=0.0000
  PKTN - TI-RADS: Acc=0.0000, Prec=0.0000, Rec=0.0000, F1=0.0000, AUC=0.0000
Testing on TN5K...
  TN5K - Dice: 0.7405, HD95: 13.7470
  TN5K - BM: Acc=0.7338, Prec=0.8323, Rec=0.7963, F1=0.8138, AUROC=0.7681, AUPRC=0.9007
  TN5K - TI-RADS: Acc=0.0000, Prec=0.0000, Rec=0.0000, F1=0.0000, AUC=0.0000
Epoch:11: seg_loss(avg):0.4910, bm_loss(avg):0.2506, tirads_loss(avg):0.0000
Epoch:12: seg_loss(avg):0.4832, bm_loss(avg):0.2387, tirads_loss(avg):0.0000
Epoch:13: seg_loss(avg):0.4791, bm_loss(avg):0.2162, tirads_loss(avg):0.0000
Epoch:14: seg_loss(avg):0.4798, bm_loss(avg):0.2014, tirads_loss(avg):0.0000
Epoch:15: seg_loss(avg):0.4746, bm_loss(avg):0.1973, tirads_loss(avg):0.0000
Saved checkpoint at epoch 15

Validating epoch 15 on all test datasets...
Testing on TN3K...
  TN3K - Dice: 0.8164, HD95: 13.7350
  TN3K - BM: Acc=0.7394, Prec=0.6548, Rec=0.6817, F1=0.6675, AUROC=0.7906, AUPRC=0.7123
  TN3K - TI-RADS: Acc=0.0000, Prec=0.0000, Rec=0.0000, F1=0.0000, AUC=0.0000
Testing on DDTI...
  DDTI - Dice: 0.7209, HD95: 24.1655
  DDTI - BM: Acc=0.0000, Prec=0.0000, Rec=0.0000, F1=0.0000, AUROC=0.0000, AUPRC=0.0000
  DDTI - TI-RADS: Acc=0.0000, Prec=0.0000, Rec=0.0000, F1=0.0000, AUC=0.0000
Testing on ThyroidXL...
  ThyroidXL - Dice: 0.8019, HD95: 13.1306
  ThyroidXL - BM: Acc=0.7942, Prec=0.7447, Rec=0.8473, F1=0.7926, AUROC=0.8840, AUPRC=0.8566
  ThyroidXL - TI-RADS: Acc=0.0000, Prec=0.0000, Rec=0.0000, F1=0.0000, AUC=0.0000
Testing on PKTN...
  PKTN - Dice: 0.7455, HD95: 19.6116
  PKTN - BM: Acc=0.0000, Prec=0.0000, Rec=0.0000, F1=0.0000, AUROC=0.0000, AUPRC=0.0000
  PKTN - TI-RADS: Acc=0.0000, Prec=0.0000, Rec=0.0000, F1=0.0000, AUC=0.0000
Testing on TN5K...
  TN5K - Dice: 0.7059, HD95: 19.2330
  TN5K - BM: Acc=0.8050, Prec=0.8815, Rec=0.8472, F1=0.8639, AUROC=0.8497, AUPRC=0.9197
  TN5K - TI-RADS: Acc=0.0000, Prec=0.0000, Rec=0.0000, F1=0.0000, AUC=0.0000
Epoch:16: seg_loss(avg):0.4597, bm_loss(avg):0.1831, tirads_loss(avg):0.0000
Epoch:17: seg_loss(avg):0.4530, bm_loss(avg):0.1565, tirads_loss(avg):0.0000
Epoch:18: seg_loss(avg):0.4461, bm_loss(avg):0.1562, tirads_loss(avg):0.0000
Epoch:19: seg_loss(avg):0.4407, bm_loss(avg):0.1430, tirads_loss(avg):0.0000
Epoch:20: seg_loss(avg):0.4349, bm_loss(avg):0.1310, tirads_loss(avg):0.0000
Saved checkpoint at epoch 20

Validating epoch 20 on all test datasets...
Testing on TN3K...
  TN3K - Dice: 0.8243, HD95: 11.5631
  TN3K - BM: Acc=0.7268, Prec=0.6486, Rec=0.6321, F1=0.6397, AUROC=0.7841, AUPRC=0.6990
  TN3K - TI-RADS: Acc=0.0000, Prec=0.0000, Rec=0.0000, F1=0.0000, AUC=0.0000
Testing on DDTI...
  DDTI - Dice: 0.7326, HD95: 22.2735
  DDTI - BM: Acc=0.0000, Prec=0.0000, Rec=0.0000, F1=0.0000, AUROC=0.0000, AUPRC=0.0000
  DDTI - TI-RADS: Acc=0.0000, Prec=0.0000, Rec=0.0000, F1=0.0000, AUC=0.0000
Testing on ThyroidXL...
  ThyroidXL - Dice: 0.8223, HD95: 9.6581
  ThyroidXL - BM: Acc=0.7813, Prec=0.7210, Rec=0.8627, F1=0.7855, AUROC=0.8764, AUPRC=0.8543
  ThyroidXL - TI-RADS: Acc=0.0000, Prec=0.0000, Rec=0.0000, F1=0.0000, AUC=0.0000
Testing on PKTN...
  PKTN - Dice: 0.7789, HD95: 14.1122
  PKTN - BM: Acc=0.0000, Prec=0.0000, Rec=0.0000, F1=0.0000, AUROC=0.0000, AUPRC=0.0000
  PKTN - TI-RADS: Acc=0.0000, Prec=0.0000, Rec=0.0000, F1=0.0000, AUC=0.0000
Testing on TN5K...
  TN5K - Dice: 0.7377, HD95: 14.3881
  TN5K - BM: Acc=0.7365, Prec=0.9044, Rec=0.7152, F1=0.7986, AUROC=0.8136, AUPRC=0.9035
  TN5K - TI-RADS: Acc=0.0000, Prec=0.0000, Rec=0.0000, F1=0.0000, AUC=0.0000
Epoch:21: seg_loss(avg):0.4382, bm_loss(avg):0.1291, tirads_loss(avg):0.0000
Epoch:22: seg_loss(avg):0.4236, bm_loss(avg):0.1032, tirads_loss(avg):0.0000
Epoch:23: seg_loss(avg):0.4265, bm_loss(avg):0.0968, tirads_loss(avg):0.0000
Epoch:24: seg_loss(avg):0.4217, bm_loss(avg):0.0771, tirads_loss(avg):0.0000
Epoch:25: seg_loss(avg):0.4054, bm_loss(avg):0.0846, tirads_loss(avg):0.0000
Saved checkpoint at epoch 25

Validating epoch 25 on all test datasets...
Testing on TN3K...
  TN3K - Dice: 0.8246, HD95: 12.8272
  TN3K - BM: Acc=0.7408, Prec=0.6411, Rec=0.7405, F1=0.6868, AUROC=0.7925, AUPRC=0.7006
  TN3K - TI-RADS: Acc=0.0000, Prec=0.0000, Rec=0.0000, F1=0.0000, AUC=0.0000
Testing on DDTI...
  DDTI - Dice: 0.7539, HD95: 20.8347
  DDTI - BM: Acc=0.0000, Prec=0.0000, Rec=0.0000, F1=0.0000, AUROC=0.0000, AUPRC=0.0000
  DDTI - TI-RADS: Acc=0.0000, Prec=0.0000, Rec=0.0000, F1=0.0000, AUC=0.0000
Testing on ThyroidXL...
  ThyroidXL - Dice: 0.8172, HD95: 10.5456
  ThyroidXL - BM: Acc=0.7698, Prec=0.6883, Rec=0.9214, F1=0.7879, AUROC=0.8837, AUPRC=0.8521
  ThyroidXL - TI-RADS: Acc=0.0000, Prec=0.0000, Rec=0.0000, F1=0.0000, AUC=0.0000
Testing on PKTN...
  PKTN - Dice: 0.7781, HD95: 14.6233
  PKTN - BM: Acc=0.0000, Prec=0.0000, Rec=0.0000, F1=0.0000, AUROC=0.0000, AUPRC=0.0000
  PKTN - TI-RADS: Acc=0.0000, Prec=0.0000, Rec=0.0000, F1=0.0000, AUC=0.0000
Testing on TN5K...
  TN5K - Dice: 0.7302, HD95: 16.3556
  TN5K - BM: Acc=0.7808, Prec=0.8863, Rec=0.8031, F1=0.8426, AUROC=0.8420, AUPRC=0.9247
  TN5K - TI-RADS: Acc=0.0000, Prec=0.0000, Rec=0.0000, F1=0.0000, AUC=0.0000
Epoch:26: seg_loss(avg):0.4005, bm_loss(avg):0.0864, tirads_loss(avg):0.0000
Epoch:27: seg_loss(avg):0.4029, bm_loss(avg):0.0717, tirads_loss(avg):0.0000
Epoch:28: seg_loss(avg):0.3849, bm_loss(avg):0.0512, tirads_loss(avg):0.0000
Epoch:29: seg_loss(avg):0.3806, bm_loss(avg):0.0601, tirads_loss(avg):0.0000
Epoch:30: seg_loss(avg):0.3750, bm_loss(avg):0.0421, tirads_loss(avg):0.0000
Saved checkpoint at epoch 30

Validating epoch 30 on all test datasets...
Testing on TN3K...
  TN3K - Dice: 0.8332, HD95: 11.7473
  TN3K - BM: Acc=0.7036, Prec=0.5922, Rec=0.7363, F1=0.6560, AUROC=0.7674, AUPRC=0.6863
  TN3K - TI-RADS: Acc=0.0000, Prec=0.0000, Rec=0.0000, F1=0.0000, AUC=0.0000
Testing on DDTI...
  DDTI - Dice: 0.7570, HD95: 18.2230
  DDTI - BM: Acc=0.0000, Prec=0.0000, Rec=0.0000, F1=0.0000, AUROC=0.0000, AUPRC=0.0000
  DDTI - TI-RADS: Acc=0.0000, Prec=0.0000, Rec=0.0000, F1=0.0000, AUC=0.0000
Testing on ThyroidXL...
  ThyroidXL - Dice: 0.8218, HD95: 9.7127
  ThyroidXL - BM: Acc=0.7602, Prec=0.6742, Rec=0.9362, F1=0.7838, AUROC=0.8813, AUPRC=0.8354
  ThyroidXL - TI-RADS: Acc=0.0000, Prec=0.0000, Rec=0.0000, F1=0.0000, AUC=0.0000
Testing on PKTN...
  PKTN - Dice: 0.7855, HD95: 14.2560
  PKTN - BM: Acc=0.0000, Prec=0.0000, Rec=0.0000, F1=0.0000, AUROC=0.0000, AUPRC=0.0000
  PKTN - TI-RADS: Acc=0.0000, Prec=0.0000, Rec=0.0000, F1=0.0000, AUC=0.0000
Testing on TN5K...
  TN5K - Dice: 0.7470, HD95: 15.0025
  TN5K - BM: Acc=0.7781, Prec=0.8825, Rec=0.8035, F1=0.8410, AUROC=0.8280, AUPRC=0.9174
  TN5K - TI-RADS: Acc=0.0000, Prec=0.0000, Rec=0.0000, F1=0.0000, AUC=0.0000
Epoch:31: seg_loss(avg):0.3767, bm_loss(avg):0.0424, tirads_loss(avg):0.0000
Epoch:32: seg_loss(avg):0.3715, bm_loss(avg):0.0402, tirads_loss(avg):0.0000
Epoch:33: seg_loss(avg):0.3665, bm_loss(avg):0.0317, tirads_loss(avg):0.0000
Epoch:34: seg_loss(avg):0.3643, bm_loss(avg):0.0295, tirads_loss(avg):0.0000
Epoch:35: seg_loss(avg):0.3553, bm_loss(avg):0.0254, tirads_loss(avg):0.0000
Saved checkpoint at epoch 35

Validating epoch 35 on all test datasets...
Testing on TN3K...
  TN3K - Dice: 0.8384, HD95: 11.4769
  TN3K - BM: Acc=0.7183, Prec=0.6124, Rec=0.7288, F1=0.6651, AUROC=0.7742, AUPRC=0.7042
  TN3K - TI-RADS: Acc=0.0000, Prec=0.0000, Rec=0.0000, F1=0.0000, AUC=0.0000
Testing on DDTI...
  DDTI - Dice: 0.7546, HD95: 18.5542
  DDTI - BM: Acc=0.0000, Prec=0.0000, Rec=0.0000, F1=0.0000, AUROC=0.0000, AUPRC=0.0000
  DDTI - TI-RADS: Acc=0.0000, Prec=0.0000, Rec=0.0000, F1=0.0000, AUC=0.0000
Testing on ThyroidXL...
  ThyroidXL - Dice: 0.8203, HD95: 9.7770
  ThyroidXL - BM: Acc=0.7781, Prec=0.6893, Rec=0.9505, F1=0.7990, AUROC=0.8945, AUPRC=0.8648
  ThyroidXL - TI-RADS: Acc=0.0000, Prec=0.0000, Rec=0.0000, F1=0.0000, AUC=0.0000
Testing on PKTN...
  PKTN - Dice: 0.7893, HD95: 13.7635
  PKTN - BM: Acc=0.0000, Prec=0.0000, Rec=0.0000, F1=0.0000, AUROC=0.0000, AUPRC=0.0000
  PKTN - TI-RADS: Acc=0.0000, Prec=0.0000, Rec=0.0000, F1=0.0000, AUC=0.0000
Testing on TN5K...
  TN5K - Dice: 0.7526, HD95: 14.1731
  TN5K - BM: Acc=0.7600, Prec=0.8864, Rec=0.7705, F1=0.8243, AUROC=0.8174, AUPRC=0.9079
  TN5K - TI-RADS: Acc=0.0000, Prec=0.0000, Rec=0.0000, F1=0.0000, AUC=0.0000
Epoch:36: seg_loss(avg):0.3506, bm_loss(avg):0.0319, tirads_loss(avg):0.0000
Epoch:37: seg_loss(avg):0.3420, bm_loss(avg):0.0145, tirads_loss(avg):0.0000
Epoch:38: seg_loss(avg):0.3457, bm_loss(avg):0.0172, tirads_loss(avg):0.0000
Epoch:39: seg_loss(avg):0.3295, bm_loss(avg):0.0246, tirads_loss(avg):0.0000
Epoch:40: seg_loss(avg):0.3355, bm_loss(avg):0.0281, tirads_loss(avg):0.0000
Saved checkpoint at epoch 40

Validating epoch 40 on all test datasets...
Testing on TN3K...
  TN3K - Dice: 0.8380, HD95: 11.1201
  TN3K - BM: Acc=0.7151, Prec=0.6003, Rec=0.7756, F1=0.6764, AUROC=0.7887, AUPRC=0.7031
  TN3K - TI-RADS: Acc=0.0000, Prec=0.0000, Rec=0.0000, F1=0.0000, AUC=0.0000
Testing on DDTI...
  DDTI - Dice: 0.7560, HD95: 18.5285
  DDTI - BM: Acc=0.0000, Prec=0.0000, Rec=0.0000, F1=0.0000, AUROC=0.0000, AUPRC=0.0000
  DDTI - TI-RADS: Acc=0.0000, Prec=0.0000, Rec=0.0000, F1=0.0000, AUC=0.0000
Testing on ThyroidXL...
  ThyroidXL - Dice: 0.8242, HD95: 9.7944
  ThyroidXL - BM: Acc=0.7619, Prec=0.6700, Rec=0.9599, F1=0.7891, AUROC=0.8937, AUPRC=0.8631
  ThyroidXL - TI-RADS: Acc=0.0000, Prec=0.0000, Rec=0.0000, F1=0.0000, AUC=0.0000
Testing on PKTN...
  PKTN - Dice: 0.7914, HD95: 13.6314
  PKTN - BM: Acc=0.0000, Prec=0.0000, Rec=0.0000, F1=0.0000, AUROC=0.0000, AUPRC=0.0000
  PKTN - TI-RADS: Acc=0.0000, Prec=0.0000, Rec=0.0000, F1=0.0000, AUC=0.0000
Testing on TN5K...
  TN5K - Dice: 0.7527, HD95: 13.7642
  TN5K - BM: Acc=0.7830, Prec=0.8754, Rec=0.8198, F1=0.8466, AUROC=0.8354, AUPRC=0.9187
  TN5K - TI-RADS: Acc=0.0000, Prec=0.0000, Rec=0.0000, F1=0.0000, AUC=0.0000
Epoch:41: seg_loss(avg):0.3306, bm_loss(avg):0.0219, tirads_loss(avg):0.0000
Epoch:42: seg_loss(avg):0.3307, bm_loss(avg):0.0225, tirads_loss(avg):0.0000
Epoch:43: seg_loss(avg):0.3242, bm_loss(avg):0.0147, tirads_loss(avg):0.0000
Epoch:44: seg_loss(avg):0.3242, bm_loss(avg):0.0084, tirads_loss(avg):0.0000
Epoch:45: seg_loss(avg):0.3236, bm_loss(avg):0.0142, tirads_loss(avg):0.0000
Saved checkpoint at epoch 45

Validating epoch 45 on all test datasets...
Testing on TN3K...
  TN3K - Dice: 0.8342, HD95: 11.5219
  TN3K - BM: Acc=0.7116, Prec=0.6051, Rec=0.7200, F1=0.6571, AUROC=0.7826, AUPRC=0.7028
  TN3K - TI-RADS: Acc=0.0000, Prec=0.0000, Rec=0.0000, F1=0.0000, AUC=0.0000
Testing on DDTI...
  DDTI - Dice: 0.7598, HD95: 18.1384
  DDTI - BM: Acc=0.0000, Prec=0.0000, Rec=0.0000, F1=0.0000, AUROC=0.0000, AUPRC=0.0000
  DDTI - TI-RADS: Acc=0.0000, Prec=0.0000, Rec=0.0000, F1=0.0000, AUC=0.0000
Testing on ThyroidXL...
  ThyroidXL - Dice: 0.8260, HD95: 9.5437
  ThyroidXL - BM: Acc=0.7809, Prec=0.6956, Rec=0.9392, F1=0.7992, AUROC=0.8936, AUPRC=0.8661
  ThyroidXL - TI-RADS: Acc=0.0000, Prec=0.0000, Rec=0.0000, F1=0.0000, AUC=0.0000
Testing on PKTN...
  PKTN - Dice: 0.7906, HD95: 13.3565
  PKTN - BM: Acc=0.0000, Prec=0.0000, Rec=0.0000, F1=0.0000, AUROC=0.0000, AUPRC=0.0000
  PKTN - TI-RADS: Acc=0.0000, Prec=0.0000, Rec=0.0000, F1=0.0000, AUC=0.0000
Testing on TN5K...
  TN5K - Dice: 0.7531, HD95: 13.3781
  TN5K - BM: Acc=0.7682, Prec=0.8940, Rec=0.7748, F1=0.8300, AUROC=0.8365, AUPRC=0.9197
  TN5K - TI-RADS: Acc=0.0000, Prec=0.0000, Rec=0.0000, F1=0.0000, AUC=0.0000
Epoch:46: seg_loss(avg):0.3231, bm_loss(avg):0.0151, tirads_loss(avg):0.0000
Epoch:47: seg_loss(avg):0.3192, bm_loss(avg):0.0069, tirads_loss(avg):0.0000
Epoch:48: seg_loss(avg):0.3171, bm_loss(avg):0.0188, tirads_loss(avg):0.0000
Epoch:49: seg_loss(avg):0.3232, bm_loss(avg):0.0102, tirads_loss(avg):0.0000
Epoch:50: seg_loss(avg):0.3190, bm_loss(avg):0.0166, tirads_loss(avg):0.0000
Saved checkpoint at epoch 50

Validating epoch 50 on all test datasets...
Testing on TN3K...
  TN3K - Dice: 0.8360, HD95: 11.4840
  TN3K - BM: Acc=0.7052, Prec=0.5974, Rec=0.7158, F1=0.6508, AUROC=0.7825, AUPRC=0.7031
  TN3K - TI-RADS: Acc=0.0000, Prec=0.0000, Rec=0.0000, F1=0.0000, AUC=0.0000
Testing on DDTI...
  DDTI - Dice: 0.7607, HD95: 18.1987
  DDTI - BM: Acc=0.0000, Prec=0.0000, Rec=0.0000, F1=0.0000, AUROC=0.0000, AUPRC=0.0000
  DDTI - TI-RADS: Acc=0.0000, Prec=0.0000, Rec=0.0000, F1=0.0000, AUC=0.0000
Testing on ThyroidXL...
  ThyroidXL - Dice: 0.8237, HD95: 9.5943
  ThyroidXL - BM: Acc=0.7747, Prec=0.6894, Rec=0.9371, F1=0.7943, AUROC=0.8934, AUPRC=0.8654
  ThyroidXL - TI-RADS: Acc=0.0000, Prec=0.0000, Rec=0.0000, F1=0.0000, AUC=0.0000
Testing on PKTN...
  PKTN - Dice: 0.7913, HD95: 13.4211
  PKTN - BM: Acc=0.0000, Prec=0.0000, Rec=0.0000, F1=0.0000, AUROC=0.0000, AUPRC=0.0000
  PKTN - TI-RADS: Acc=0.0000, Prec=0.0000, Rec=0.0000, F1=0.0000, AUC=0.0000
Testing on TN5K...
  TN5K - Dice: 0.7548, HD95: 13.6990
  TN5K - BM: Acc=0.7722, Prec=0.8960, Rec=0.7789, F1=0.8332, AUROC=0.8365, AUPRC=0.9202
  TN5K - TI-RADS: Acc=0.0000, Prec=0.0000, Rec=0.0000, F1=0.0000, AUC=0.0000

========== Evaluation Summary (All Test Records) ==========

Dataset: TN3K
Eval epochs: [5, 10, 15, 20, 25, 30, 35, 40, 45, 50]
Dice per eval: [0.8070999979972839, 0.8248000144958496, 0.8163999915122986, 0.8242999911308289, 0.8245999813079834, 0.8331999778747559, 0.8384000062942505, 0.8379999995231628, 0.8342000246047974, 0.8360000252723694]
HD95 per eval: [14.828100204467773, 11.587800025939941, 13.734999656677246, 11.56309986114502, 12.827199935913086, 11.747300148010254, 11.476900100708008, 11.120100021362305, 11.521900177001953, 11.484000205993652]
Best Dice: 0.8384 at epoch 35
Best HD95: 11.1201 at epoch 40

BM metrics per eval:
  Acc:  [0.7233, 0.6857, 0.7394, 0.7268, 0.7408, 0.7036, 0.7183, 0.7151, 0.7116, 0.7052]
  Prec: [0.7712, 0.5648, 0.6548, 0.6486, 0.6411, 0.5922, 0.6124, 0.6003, 0.6051, 0.5974]
  Rec:  [0.3988, 0.7962, 0.6817, 0.6321, 0.7405, 0.7363, 0.7288, 0.7756, 0.72, 0.7158]
  F1:   [0.525, 0.6604, 0.6675, 0.6397, 0.6868, 0.656, 0.6651, 0.6764, 0.6571, 0.6508]
  AUROC:[0.8137, 0.7903, 0.7906, 0.7841, 0.7925, 0.7674, 0.7742, 0.7887, 0.7826, 0.7825]
  AUPRC:[0.7296, 0.707, 0.7123, 0.699, 0.7006, 0.6863, 0.7042, 0.7031, 0.7028, 0.7031]
Best BM F1: 0.6868 at epoch 25

TI-RADS metrics per eval:
  Acc:  [0.0, 0.0, 0.0, 0.0, 0.0, 0.0, 0.0, 0.0, 0.0, 0.0]
  Prec: [0.0, 0.0, 0.0, 0.0, 0.0, 0.0, 0.0, 0.0, 0.0, 0.0]
  Rec:  [0.0, 0.0, 0.0, 0.0, 0.0, 0.0, 0.0, 0.0, 0.0, 0.0]
  F1:   [0.0, 0.0, 0.0, 0.0, 0.0, 0.0, 0.0, 0.0, 0.0, 0.0]
  AUC:  [0.0, 0.0, 0.0, 0.0, 0.0, 0.0, 0.0, 0.0, 0.0, 0.0]
Best TI-RADS F1: 0.0000 at epoch 5

Dataset: DDTI
Eval epochs: [5, 10, 15, 20, 25, 30, 35, 40, 45, 50]
Dice per eval: [0.7128000259399414, 0.7465999722480774, 0.7208999991416931, 0.7325999736785889, 0.7538999915122986, 0.7570000290870667, 0.7545999884605408, 0.7559999823570251, 0.7598000168800354, 0.760699987411499]
HD95 per eval: [25.794700622558594, 19.450899124145508, 24.16550064086914, 22.273500442504883, 20.834699630737305, 18.222999572753906, 18.55419921875, 18.528499603271484, 18.138399124145508, 18.198699951171875]
Best Dice: 0.7607 at epoch 50
Best HD95: 18.1384 at epoch 45

BM metrics per eval:
  Acc:  [0.0, 0.0, 0.0, 0.0, 0.0, 0.0, 0.0, 0.0, 0.0, 0.0]
  Prec: [0.0, 0.0, 0.0, 0.0, 0.0, 0.0, 0.0, 0.0, 0.0, 0.0]
  Rec:  [0.0, 0.0, 0.0, 0.0, 0.0, 0.0, 0.0, 0.0, 0.0, 0.0]
  F1:   [0.0, 0.0, 0.0, 0.0, 0.0, 0.0, 0.0, 0.0, 0.0, 0.0]
  AUROC:[0.0, 0.0, 0.0, 0.0, 0.0, 0.0, 0.0, 0.0, 0.0, 0.0]
  AUPRC:[0.0, 0.0, 0.0, 0.0, 0.0, 0.0, 0.0, 0.0, 0.0, 0.0]
Best BM F1: 0.0000 at epoch 5

TI-RADS metrics per eval:
  Acc:  [0.0, 0.0, 0.0, 0.0, 0.0, 0.0, 0.0, 0.0, 0.0, 0.0]
  Prec: [0.0, 0.0, 0.0, 0.0, 0.0, 0.0, 0.0, 0.0, 0.0, 0.0]
  Rec:  [0.0, 0.0, 0.0, 0.0, 0.0, 0.0, 0.0, 0.0, 0.0, 0.0]
  F1:   [0.0, 0.0, 0.0, 0.0, 0.0, 0.0, 0.0, 0.0, 0.0, 0.0]
  AUC:  [0.0, 0.0, 0.0, 0.0, 0.0, 0.0, 0.0, 0.0, 0.0, 0.0]
Best TI-RADS F1: 0.0000 at epoch 5

Dataset: ThyroidXL
Eval epochs: [5, 10, 15, 20, 25, 30, 35, 40, 45, 50]
Dice per eval: [0.7932000160217285, 0.8141999840736389, 0.8019000291824341, 0.8223000168800354, 0.8172000050544739, 0.8217999935150146, 0.8202999830245972, 0.8241999745368958, 0.8259999752044678, 0.8237000107765198]
HD95 per eval: [13.383399963378906, 9.6673002243042, 13.130599975585938, 9.658100128173828, 10.545599937438965, 9.712699890136719, 9.777000427246094, 9.794400215148926, 9.543700218200684, 9.594300270080566]
Best Dice: 0.8260 at epoch 45
Best HD95: 9.5437 at epoch 45

BM metrics per eval:
  Acc:  [0.7953, 0.707, 0.7942, 0.7813, 0.7698, 0.7602, 0.7781, 0.7619, 0.7809, 0.7747]
  Prec: [0.807, 0.6161, 0.7447, 0.721, 0.6883, 0.6742, 0.6893, 0.67, 0.6956, 0.6894]
  Rec:  [0.735, 0.9793, 0.8473, 0.8627, 0.9214, 0.9362, 0.9505, 0.9599, 0.9392, 0.9371]
  F1:   [0.7692, 0.7562, 0.7926, 0.7855, 0.7879, 0.7838, 0.799, 0.7891, 0.7992, 0.7943]
  AUROC:[0.8853, 0.8844, 0.884, 0.8764, 0.8837, 0.8813, 0.8945, 0.8937, 0.8936, 0.8934]
  AUPRC:[0.8513, 0.8516, 0.8566, 0.8543, 0.8521, 0.8354, 0.8648, 0.8631, 0.8661, 0.8654]
Best BM F1: 0.7992 at epoch 45

TI-RADS metrics per eval:
  Acc:  [0.0, 0.0, 0.0, 0.0, 0.0, 0.0, 0.0, 0.0, 0.0, 0.0]
  Prec: [0.0, 0.0, 0.0, 0.0, 0.0, 0.0, 0.0, 0.0, 0.0, 0.0]
  Rec:  [0.0, 0.0, 0.0, 0.0, 0.0, 0.0, 0.0, 0.0, 0.0, 0.0]
  F1:   [0.0, 0.0, 0.0, 0.0, 0.0, 0.0, 0.0, 0.0, 0.0, 0.0]
  AUC:  [0.0, 0.0, 0.0, 0.0, 0.0, 0.0, 0.0, 0.0, 0.0, 0.0]
Best TI-RADS F1: 0.0000 at epoch 5

Dataset: PKTN
Eval epochs: [5, 10, 15, 20, 25, 30, 35, 40, 45, 50]
Dice per eval: [0.7404999732971191, 0.7728000283241272, 0.7455000281333923, 0.7789000272750854, 0.7781000137329102, 0.7854999899864197, 0.7893000245094299, 0.7914000153541565, 0.7906000018119812, 0.7912999987602234]
HD95 per eval: [18.698699951171875, 14.432600021362305, 19.611600875854492, 14.112199783325195, 14.623299598693848, 14.255999565124512, 13.763500213623047, 13.631400108337402, 13.356499671936035, 13.421099662780762]
Best Dice: 0.7914 at epoch 40
Best HD95: 13.3565 at epoch 45

BM metrics per eval:
  Acc:  [0.0, 0.0, 0.0, 0.0, 0.0, 0.0, 0.0, 0.0, 0.0, 0.0]
  Prec: [0.0, 0.0, 0.0, 0.0, 0.0, 0.0, 0.0, 0.0, 0.0, 0.0]
  Rec:  [0.0, 0.0, 0.0, 0.0, 0.0, 0.0, 0.0, 0.0, 0.0, 0.0]
  F1:   [0.0, 0.0, 0.0, 0.0, 0.0, 0.0, 0.0, 0.0, 0.0, 0.0]
  AUROC:[0.0, 0.0, 0.0, 0.0, 0.0, 0.0, 0.0, 0.0, 0.0, 0.0]
  AUPRC:[0.0, 0.0, 0.0, 0.0, 0.0, 0.0, 0.0, 0.0, 0.0, 0.0]
Best BM F1: 0.0000 at epoch 5

TI-RADS metrics per eval:
  Acc:  [0.0, 0.0, 0.0, 0.0, 0.0, 0.0, 0.0, 0.0, 0.0, 0.0]
  Prec: [0.0, 0.0, 0.0, 0.0, 0.0, 0.0, 0.0, 0.0, 0.0, 0.0]
  Rec:  [0.0, 0.0, 0.0, 0.0, 0.0, 0.0, 0.0, 0.0, 0.0, 0.0]
  F1:   [0.0, 0.0, 0.0, 0.0, 0.0, 0.0, 0.0, 0.0, 0.0, 0.0]
  AUC:  [0.0, 0.0, 0.0, 0.0, 0.0, 0.0, 0.0, 0.0, 0.0, 0.0]
Best TI-RADS F1: 0.0000 at epoch 5

Dataset: TN5K
Eval epochs: [5, 10, 15, 20, 25, 30, 35, 40, 45, 50]
Dice per eval: [0.705299973487854, 0.7404999732971191, 0.7059000134468079, 0.7376999855041504, 0.7301999926567078, 0.746999979019165, 0.7526000142097473, 0.7526999711990356, 0.7530999779701233, 0.754800021648407]
HD95 per eval: [17.919200897216797, 13.746999740600586, 19.232999801635742, 14.388099670410156, 16.355600357055664, 15.0024995803833, 14.173100471496582, 13.764200210571289, 13.378100395202637, 13.699000358581543]
Best Dice: 0.7548 at epoch 50
Best HD95: 13.3781 at epoch 45

BM metrics per eval:
  Acc:  [0.598, 0.7338, 0.805, 0.7365, 0.7808, 0.7781, 0.76, 0.783, 0.7682, 0.7722]
  Prec: [0.9363, 0.8323, 0.8815, 0.9044, 0.8863, 0.8825, 0.8864, 0.8754, 0.894, 0.896]
  Rec:  [0.483, 0.7963, 0.8472, 0.7152, 0.8031, 0.8035, 0.7705, 0.8198, 0.7748, 0.7789]
  F1:   [0.6371, 0.8138, 0.8639, 0.7986, 0.8426, 0.841, 0.8243, 0.8466, 0.83, 0.8332]
  AUROC:[0.8054, 0.7681, 0.8497, 0.8136, 0.842, 0.828, 0.8174, 0.8354, 0.8365, 0.8365]
  AUPRC:[0.9168, 0.9007, 0.9197, 0.9035, 0.9247, 0.9174, 0.9079, 0.9187, 0.9197, 0.9202]
Best BM F1: 0.8639 at epoch 15

TI-RADS metrics per eval:
  Acc:  [0.0, 0.0, 0.0, 0.0, 0.0, 0.0, 0.0, 0.0, 0.0, 0.0]
  Prec: [0.0, 0.0, 0.0, 0.0, 0.0, 0.0, 0.0, 0.0, 0.0, 0.0]
  Rec:  [0.0, 0.0, 0.0, 0.0, 0.0, 0.0, 0.0, 0.0, 0.0, 0.0]
  F1:   [0.0, 0.0, 0.0, 0.0, 0.0, 0.0, 0.0, 0.0, 0.0, 0.0]
  AUC:  [0.0, 0.0, 0.0, 0.0, 0.0, 0.0, 0.0, 0.0, 0.0, 0.0]
Best TI-RADS F1: 0.0000 at epoch 5

==========================================================

========== Training Completed ==========
Training completed at Mon Jan 12 12:41:30 2026
