Training started at Sat Feb  7 15:51:13 2026
Method: dino_unet
Dataset: gamtl_train_multitask_dataset_1
Epochs: 50
LR: 0.0001
Batch Size: 12
Image Size: 224 x 224
DINO pretrained: False
Use Dilation: False
Training set - Benign/Malignant: Benign=1965 (48.83%), Malignant=2059 (51.17%)
Auto-adjusted tau=0.30 (imbalance_ratio=1.05)
GLA parameters: p_benign=0.4883, p_malignant=0.5117, tau=0.30
Logit adjustment magnitude: 0.0140
Training set - TI-RADS distribution (1-5): [0, 0, 0, 0, 0]
TI-RADS probabilities: [0.20000000298023224, 0.20000000298023224, 0.20000000298023224, 0.20000000298023224, 0.20000000298023224]
Loss weights: seg=1.0, bm=1.0, tirads=1.0
GA-MTL schedule per optimizer step: ['seg', 'bm']
steps_per_epoch (optimizer steps): 167
Epoch:1: seg_loss(avg):1.2528, bm_loss(avg):0.7028, tirads_loss(avg):0.0000
Epoch:2: seg_loss(avg):1.1398, bm_loss(avg):0.6928, tirads_loss(avg):0.0000
Epoch:3: seg_loss(avg):1.0814, bm_loss(avg):0.6856, tirads_loss(avg):0.0000
Epoch:4: seg_loss(avg):1.0591, bm_loss(avg):0.6928, tirads_loss(avg):0.0000
Epoch:5: seg_loss(avg):1.0157, bm_loss(avg):0.6783, tirads_loss(avg):0.0000
Saved checkpoint at epoch 5
Epoch:6: seg_loss(avg):0.9811, bm_loss(avg):0.6805, tirads_loss(avg):0.0000
Epoch:7: seg_loss(avg):0.9720, bm_loss(avg):0.6708, tirads_loss(avg):0.0000
Epoch:8: seg_loss(avg):0.9424, bm_loss(avg):0.6501, tirads_loss(avg):0.0000
Epoch:9: seg_loss(avg):0.9250, bm_loss(avg):0.6357, tirads_loss(avg):0.0000
Epoch:10: seg_loss(avg):0.9110, bm_loss(avg):0.6286, tirads_loss(avg):0.0000
Saved checkpoint at epoch 10
Epoch:11: seg_loss(avg):0.9033, bm_loss(avg):0.5955, tirads_loss(avg):0.0000
Epoch:12: seg_loss(avg):0.8915, bm_loss(avg):0.5761, tirads_loss(avg):0.0000
Epoch:13: seg_loss(avg):0.8743, bm_loss(avg):0.5661, tirads_loss(avg):0.0000
Epoch:14: seg_loss(avg):0.8614, bm_loss(avg):0.5587, tirads_loss(avg):0.0000
Epoch:15: seg_loss(avg):0.8626, bm_loss(avg):0.5641, tirads_loss(avg):0.0000
Saved checkpoint at epoch 15
Epoch:16: seg_loss(avg):0.8572, bm_loss(avg):0.5469, tirads_loss(avg):0.0000
Epoch:17: seg_loss(avg):0.8474, bm_loss(avg):0.5342, tirads_loss(avg):0.0000
Epoch:18: seg_loss(avg):0.8407, bm_loss(avg):0.5200, tirads_loss(avg):0.0000
Epoch:19: seg_loss(avg):0.8145, bm_loss(avg):0.5067, tirads_loss(avg):0.0000
Epoch:20: seg_loss(avg):0.8132, bm_loss(avg):0.4989, tirads_loss(avg):0.0000
Saved checkpoint at epoch 20
Epoch:21: seg_loss(avg):0.8089, bm_loss(avg):0.5009, tirads_loss(avg):0.0000
Epoch:22: seg_loss(avg):0.8000, bm_loss(avg):0.4850, tirads_loss(avg):0.0000
Epoch:23: seg_loss(avg):0.7945, bm_loss(avg):0.4628, tirads_loss(avg):0.0000
Epoch:24: seg_loss(avg):0.7808, bm_loss(avg):0.4726, tirads_loss(avg):0.0000
Epoch:25: seg_loss(avg):0.7789, bm_loss(avg):0.4761, tirads_loss(avg):0.0000
Saved checkpoint at epoch 25
Epoch:26: seg_loss(avg):0.7626, bm_loss(avg):0.4614, tirads_loss(avg):0.0000
Epoch:27: seg_loss(avg):0.7587, bm_loss(avg):0.4326, tirads_loss(avg):0.0000
Epoch:28: seg_loss(avg):0.7592, bm_loss(avg):0.4332, tirads_loss(avg):0.0000
Epoch:29: seg_loss(avg):0.7477, bm_loss(avg):0.3895, tirads_loss(avg):0.0000
Epoch:30: seg_loss(avg):0.7347, bm_loss(avg):0.3921, tirads_loss(avg):0.0000
Saved checkpoint at epoch 30
Epoch:31: seg_loss(avg):0.7286, bm_loss(avg):0.3789, tirads_loss(avg):0.0000
Epoch:32: seg_loss(avg):0.7325, bm_loss(avg):0.3757, tirads_loss(avg):0.0000
Epoch:33: seg_loss(avg):0.7192, bm_loss(avg):0.3592, tirads_loss(avg):0.0000
Epoch:34: seg_loss(avg):0.7166, bm_loss(avg):0.3463, tirads_loss(avg):0.0000
Epoch:35: seg_loss(avg):0.7239, bm_loss(avg):0.3372, tirads_loss(avg):0.0000
Saved checkpoint at epoch 35
Epoch:36: seg_loss(avg):0.7089, bm_loss(avg):0.3337, tirads_loss(avg):0.0000
Epoch:37: seg_loss(avg):0.7032, bm_loss(avg):0.3289, tirads_loss(avg):0.0000
Epoch:38: seg_loss(avg):0.6933, bm_loss(avg):0.3236, tirads_loss(avg):0.0000
Epoch:39: seg_loss(avg):0.6894, bm_loss(avg):0.3007, tirads_loss(avg):0.0000
Epoch:40: seg_loss(avg):0.6817, bm_loss(avg):0.2932, tirads_loss(avg):0.0000
Saved checkpoint at epoch 40
Epoch:41: seg_loss(avg):0.6985, bm_loss(avg):0.2931, tirads_loss(avg):0.0000
Epoch:42: seg_loss(avg):0.6793, bm_loss(avg):0.2909, tirads_loss(avg):0.0000
Epoch:43: seg_loss(avg):0.6811, bm_loss(avg):0.2808, tirads_loss(avg):0.0000
Epoch:44: seg_loss(avg):0.6797, bm_loss(avg):0.2721, tirads_loss(avg):0.0000
Epoch:45: seg_loss(avg):0.6693, bm_loss(avg):0.2746, tirads_loss(avg):0.0000
Saved checkpoint at epoch 45
Epoch:46: seg_loss(avg):0.6740, bm_loss(avg):0.2665, tirads_loss(avg):0.0000
Epoch:47: seg_loss(avg):0.6747, bm_loss(avg):0.2677, tirads_loss(avg):0.0000
Epoch:48: seg_loss(avg):0.6746, bm_loss(avg):0.2451, tirads_loss(avg):0.0000
Epoch:49: seg_loss(avg):0.6672, bm_loss(avg):0.2908, tirads_loss(avg):0.0000
Epoch:50: seg_loss(avg):0.6713, bm_loss(avg):0.2544, tirads_loss(avg):0.0000
Saved checkpoint at epoch 50

Validating epoch 50 on all test datasets...
Testing on TN3K...
  TN3K - Dice: 0.6618, HD95: 29.4757
  TN3K - BM: Acc=0.7246, Prec=0.6978, Rec=0.7589, F1=0.7268, AUROC=0.8108, AUPRC=0.7949
  TN3K - TI-RADS: Acc=0.0000, Prec=0.0000, Rec=0.0000, F1=0.0000, AUC=0.0000
Testing on DDTI...
  DDTI - Dice: 0.6564, HD95: 28.7745
  DDTI - BM: Acc=0.0000, Prec=0.0000, Rec=0.0000, F1=0.0000, AUROC=0.0000, AUPRC=0.0000
  DDTI - TI-RADS: Acc=0.0000, Prec=0.0000, Rec=0.0000, F1=0.0000, AUC=0.0000
Testing on ThyroidXL...
  ThyroidXL - Dice: 0.7003, HD95: 21.8514
  ThyroidXL - BM: Acc=0.4797, Prec=0.3132, Rec=0.7825, F1=0.4472, AUROC=0.6119, AUPRC=0.3552
  ThyroidXL - TI-RADS: Acc=0.0000, Prec=0.0000, Rec=0.0000, F1=0.0000, AUC=0.0000
Testing on PKTN...
  PKTN - Dice: 0.6066, HD95: 32.9681
  PKTN - BM: Acc=0.0000, Prec=0.0000, Rec=0.0000, F1=0.0000, AUROC=0.0000, AUPRC=0.0000
  PKTN - TI-RADS: Acc=0.0000, Prec=0.0000, Rec=0.0000, F1=0.0000, AUC=0.0000
Testing on TN5K...
  TN5K - Dice: 0.5559, HD95: 32.2056
  TN5K - BM: Acc=0.6150, Prec=0.7160, Rec=0.7518, F1=0.7332, AUROC=0.5168, AUPRC=0.7298
  TN5K - TI-RADS: Acc=0.0000, Prec=0.0000, Rec=0.0000, F1=0.0000, AUC=0.0000
Testing on Cine-Clip...
  Cine-Clip - Dice: 0.4282, HD95: 46.9844
  Cine-Clip - BM: Acc=0.7028, Prec=0.1630, Rec=0.3597, F1=0.2242, AUROC=0.5854, AUPRC=0.1552
  Cine-Clip - TI-RADS: Acc=0.2973, Prec=0.1557, Rec=0.1883, F1=0.1638, AUC=0.4726

========== Evaluation Summary (All Test Records) ==========

Dataset: TN3K
Eval epochs: [50]
Dice per eval: [0.6618000268936157]
HD95 per eval: [29.47570037841797]
Best Dice: 0.6618 at epoch 50
Best HD95: 29.4757 at epoch 50

BM metrics per eval:
  Acc:  [0.7246]
  Prec: [0.6978]
  Rec:  [0.7589]
  F1:   [0.7268]
  AUROC:[0.8108]
  AUPRC:[0.7949]
Best BM F1: 0.7268 at epoch 50

TI-RADS metrics per eval:
  Acc:  [0.0]
  Prec: [0.0]
  Rec:  [0.0]
  F1:   [0.0]
  AUC:  [0.0]
Best TI-RADS F1: 0.0000 at epoch 50

Dataset: DDTI
Eval epochs: [50]
Dice per eval: [0.6564000248908997]
HD95 per eval: [28.774499893188477]
Best Dice: 0.6564 at epoch 50
Best HD95: 28.7745 at epoch 50

BM metrics per eval:
  Acc:  [0.0]
  Prec: [0.0]
  Rec:  [0.0]
  F1:   [0.0]
  AUROC:[0.0]
  AUPRC:[0.0]
Best BM F1: 0.0000 at epoch 50

TI-RADS metrics per eval:
  Acc:  [0.0]
  Prec: [0.0]
  Rec:  [0.0]
  F1:   [0.0]
  AUC:  [0.0]
Best TI-RADS F1: 0.0000 at epoch 50

Dataset: ThyroidXL
Eval epochs: [50]
Dice per eval: [0.7002999782562256]
HD95 per eval: [21.85140037536621]
Best Dice: 0.7003 at epoch 50
Best HD95: 21.8514 at epoch 50

BM metrics per eval:
  Acc:  [0.4797]
  Prec: [0.3132]
  Rec:  [0.7825]
  F1:   [0.4472]
  AUROC:[0.6119]
  AUPRC:[0.3552]
Best BM F1: 0.4472 at epoch 50

TI-RADS metrics per eval:
  Acc:  [0.0]
  Prec: [0.0]
  Rec:  [0.0]
  F1:   [0.0]
  AUC:  [0.0]
Best TI-RADS F1: 0.0000 at epoch 50

Dataset: PKTN
Eval epochs: [50]
Dice per eval: [0.6065999865531921]
HD95 per eval: [32.968101501464844]
Best Dice: 0.6066 at epoch 50
Best HD95: 32.9681 at epoch 50

BM metrics per eval:
  Acc:  [0.0]
  Prec: [0.0]
  Rec:  [0.0]
  F1:   [0.0]
  AUROC:[0.0]
  AUPRC:[0.0]
Best BM F1: 0.0000 at epoch 50

TI-RADS metrics per eval:
  Acc:  [0.0]
  Prec: [0.0]
  Rec:  [0.0]
  F1:   [0.0]
  AUC:  [0.0]
Best TI-RADS F1: 0.0000 at epoch 50

Dataset: TN5K
Eval epochs: [50]
Dice per eval: [0.555899977684021]
HD95 per eval: [32.20560073852539]
Best Dice: 0.5559 at epoch 50
Best HD95: 32.2056 at epoch 50

BM metrics per eval:
  Acc:  [0.615]
  Prec: [0.716]
  Rec:  [0.7518]
  F1:   [0.7332]
  AUROC:[0.5168]
  AUPRC:[0.7298]
Best BM F1: 0.7332 at epoch 50

TI-RADS metrics per eval:
  Acc:  [0.0]
  Prec: [0.0]
  Rec:  [0.0]
  F1:   [0.0]
  AUC:  [0.0]
Best TI-RADS F1: 0.0000 at epoch 50

Dataset: Cine-Clip
Eval epochs: [50]
Dice per eval: [0.42820000648498535]
HD95 per eval: [46.98440170288086]
Best Dice: 0.4282 at epoch 50
Best HD95: 46.9844 at epoch 50

BM metrics per eval:
  Acc:  [0.7028]
  Prec: [0.163]
  Rec:  [0.3597]
  F1:   [0.2242]
  AUROC:[0.5854]
  AUPRC:[0.1552]
Best BM F1: 0.2242 at epoch 50

TI-RADS metrics per eval:
  Acc:  [0.2973]
  Prec: [0.1557]
  Rec:  [0.1883]
  F1:   [0.1638]
  AUC:  [0.4726]
Best TI-RADS F1: 0.1638 at epoch 50

==========================================================

========== Training Completed ==========
Training completed at Sat Feb  7 16:18:25 2026
