Training started at Sun Dec 28 14:40:44 2025
Method: dino_unet
Dataset: diff_size_train_multitask_dataset2
Epochs: 50
LR: 0.0001
Batch Size: 12
Image Size: 128 x 128
DINO pretrained: True
Use Dilation: False
Training set - Benign/Malignant: Benign=9383 (65.73%), Malignant=4891 (34.27%)
Auto-adjusted tau=0.70 (imbalance_ratio=1.92)
GLA parameters: p_benign=0.6573, p_malignant=0.3427, tau=0.70
Logit adjustment magnitude: 0.4561
Training set - TI-RADS distribution (1-5): [0, 0, 0, 0, 0]
TI-RADS probabilities: [0.20000000298023224, 0.20000000298023224, 0.20000000298023224, 0.20000000298023224, 0.20000000298023224]
Loss weights: seg=1.0, bm=1.0, tirads=1.0
GA-MTL schedule per optimizer step: ['seg', 'bm']
steps_per_epoch (optimizer steps): 594
Epoch:1: seg_loss(avg):0.6738, bm_loss(avg):0.5977, tirads_loss(avg):0.0000
Epoch:2: seg_loss(avg):0.5212, bm_loss(avg):0.5140, tirads_loss(avg):0.0000
Epoch:3: seg_loss(avg):0.4811, bm_loss(avg):0.4687, tirads_loss(avg):0.0000
Epoch:4: seg_loss(avg):0.4616, bm_loss(avg):0.4109, tirads_loss(avg):0.0000
Epoch:5: seg_loss(avg):0.4466, bm_loss(avg):0.3992, tirads_loss(avg):0.0000
Saved checkpoint at epoch 5

Validating epoch 5 on all test datasets...
Testing on TN3K...
  TN3K - Dice: 0.8300, HD95: 9.7365
  TN3K - BM: Acc=0.7231, Prec=0.6146, Rec=0.7500, F1=0.6756, AUROC=0.8054, AUPRC=0.7110
  TN3K - TI-RADS: Acc=0.0000, Prec=0.0000, Rec=0.0000, F1=0.0000, AUC=0.0000
Testing on DDTI...
  DDTI - Dice: 0.7966, HD95: 10.5530
  DDTI - BM: Acc=0.0000, Prec=0.0000, Rec=0.0000, F1=0.0000, AUROC=0.0000, AUPRC=0.0000
  DDTI - TI-RADS: Acc=0.0000, Prec=0.0000, Rec=0.0000, F1=0.0000, AUC=0.0000
Testing on ThyroidXL...
  ThyroidXL - Dice: 0.8487, HD95: 4.8561
  ThyroidXL - BM: Acc=0.8043, Prec=0.8502, Rec=0.7021, F1=0.7691, AUROC=0.9088, AUPRC=0.8862
  ThyroidXL - TI-RADS: Acc=0.0000, Prec=0.0000, Rec=0.0000, F1=0.0000, AUC=0.0000
Testing on PKTN...
  PKTN - Dice: 0.7551, HD95: 9.8363
  PKTN - BM: Acc=0.0000, Prec=0.0000, Rec=0.0000, F1=0.0000, AUROC=0.0000, AUPRC=0.0000
  PKTN - TI-RADS: Acc=0.0000, Prec=0.0000, Rec=0.0000, F1=0.0000, AUC=0.0000
Testing on TN5K...
  TN5K - Dice: 0.7009, HD95: 10.4494
  TN5K - BM: Acc=0.7680, Prec=0.8632, Rec=0.8112, F1=0.8364, AUROC=0.8243, AUPRC=0.9265
  TN5K - TI-RADS: Acc=0.0000, Prec=0.0000, Rec=0.0000, F1=0.0000, AUC=0.0000
Epoch:6: seg_loss(avg):0.4366, bm_loss(avg):0.3554, tirads_loss(avg):0.0000
Epoch:7: seg_loss(avg):0.4340, bm_loss(avg):0.3431, tirads_loss(avg):0.0000
Epoch:8: seg_loss(avg):0.4191, bm_loss(avg):0.3245, tirads_loss(avg):0.0000
Epoch:9: seg_loss(avg):0.4099, bm_loss(avg):0.2938, tirads_loss(avg):0.0000
Epoch:10: seg_loss(avg):0.4052, bm_loss(avg):0.2888, tirads_loss(avg):0.0000
Saved checkpoint at epoch 10

Validating epoch 10 on all test datasets...
Testing on TN3K...
  TN3K - Dice: 0.8383, HD95: 8.9966
  TN3K - BM: Acc=0.6906, Prec=0.5650, Rec=0.8475, F1=0.6780, AUROC=0.8024, AUPRC=0.7269
  TN3K - TI-RADS: Acc=0.0000, Prec=0.0000, Rec=0.0000, F1=0.0000, AUC=0.0000
Testing on DDTI...
  DDTI - Dice: 0.7758, HD95: 11.8186
  DDTI - BM: Acc=0.0000, Prec=0.0000, Rec=0.0000, F1=0.0000, AUROC=0.0000, AUPRC=0.0000
  DDTI - TI-RADS: Acc=0.0000, Prec=0.0000, Rec=0.0000, F1=0.0000, AUC=0.0000
Testing on ThyroidXL...
  ThyroidXL - Dice: 0.8561, HD95: 4.5913
  ThyroidXL - BM: Acc=0.8330, Prec=0.8379, Rec=0.7938, F1=0.8152, AUROC=0.9128, AUPRC=0.8875
  ThyroidXL - TI-RADS: Acc=0.0000, Prec=0.0000, Rec=0.0000, F1=0.0000, AUC=0.0000
Testing on PKTN...
  PKTN - Dice: 0.7713, HD95: 9.5133
  PKTN - BM: Acc=0.0000, Prec=0.0000, Rec=0.0000, F1=0.0000, AUROC=0.0000, AUPRC=0.0000
  PKTN - TI-RADS: Acc=0.0000, Prec=0.0000, Rec=0.0000, F1=0.0000, AUC=0.0000
Testing on TN5K...
  TN5K - Dice: 0.7162, HD95: 9.7832
  TN5K - BM: Acc=0.7920, Prec=0.8224, Rec=0.9124, F1=0.8651, AUROC=0.8289, AUPRC=0.9180
  TN5K - TI-RADS: Acc=0.0000, Prec=0.0000, Rec=0.0000, F1=0.0000, AUC=0.0000
Epoch:11: seg_loss(avg):0.4018, bm_loss(avg):0.2700, tirads_loss(avg):0.0000
Epoch:12: seg_loss(avg):0.3912, bm_loss(avg):0.2470, tirads_loss(avg):0.0000
Epoch:13: seg_loss(avg):0.3914, bm_loss(avg):0.2358, tirads_loss(avg):0.0000
Epoch:14: seg_loss(avg):0.3860, bm_loss(avg):0.2228, tirads_loss(avg):0.0000
Epoch:15: seg_loss(avg):0.3847, bm_loss(avg):0.2012, tirads_loss(avg):0.0000
Saved checkpoint at epoch 15

Validating epoch 15 on all test datasets...
Testing on TN3K...
  TN3K - Dice: 0.8472, HD95: 8.8889
  TN3K - BM: Acc=0.7182, Prec=0.6075, Rec=0.7542, F1=0.6730, AUROC=0.8063, AUPRC=0.7297
  TN3K - TI-RADS: Acc=0.0000, Prec=0.0000, Rec=0.0000, F1=0.0000, AUC=0.0000
Testing on DDTI...
  DDTI - Dice: 0.7901, HD95: 11.5011
  DDTI - BM: Acc=0.0000, Prec=0.0000, Rec=0.0000, F1=0.0000, AUROC=0.0000, AUPRC=0.0000
  DDTI - TI-RADS: Acc=0.0000, Prec=0.0000, Rec=0.0000, F1=0.0000, AUC=0.0000
Testing on ThyroidXL...
  ThyroidXL - Dice: 0.8601, HD95: 4.3934
  ThyroidXL - BM: Acc=0.8182, Prec=0.8438, Rec=0.7464, F1=0.7921, AUROC=0.9102, AUPRC=0.8840
  ThyroidXL - TI-RADS: Acc=0.0000, Prec=0.0000, Rec=0.0000, F1=0.0000, AUC=0.0000
Testing on PKTN...
  PKTN - Dice: 0.7772, HD95: 9.1667
  PKTN - BM: Acc=0.0000, Prec=0.0000, Rec=0.0000, F1=0.0000, AUROC=0.0000, AUPRC=0.0000
  PKTN - TI-RADS: Acc=0.0000, Prec=0.0000, Rec=0.0000, F1=0.0000, AUC=0.0000
Testing on TN5K...
  TN5K - Dice: 0.7191, HD95: 9.3667
  TN5K - BM: Acc=0.7780, Prec=0.8217, Rec=0.8892, F1=0.8541, AUROC=0.8015, AUPRC=0.9065
  TN5K - TI-RADS: Acc=0.0000, Prec=0.0000, Rec=0.0000, F1=0.0000, AUC=0.0000
Epoch:16: seg_loss(avg):0.3729, bm_loss(avg):0.1937, tirads_loss(avg):0.0000
Epoch:17: seg_loss(avg):0.3701, bm_loss(avg):0.1873, tirads_loss(avg):0.0000
Epoch:18: seg_loss(avg):0.3676, bm_loss(avg):0.1546, tirads_loss(avg):0.0000
Epoch:19: seg_loss(avg):0.3631, bm_loss(avg):0.1551, tirads_loss(avg):0.0000
Epoch:20: seg_loss(avg):0.3583, bm_loss(avg):0.1432, tirads_loss(avg):0.0000
Saved checkpoint at epoch 20

Validating epoch 20 on all test datasets...
Testing on TN3K...
  TN3K - Dice: 0.8439, HD95: 8.8145
  TN3K - BM: Acc=0.7182, Prec=0.6082, Rec=0.7500, F1=0.6717, AUROC=0.8043, AUPRC=0.7404
  TN3K - TI-RADS: Acc=0.0000, Prec=0.0000, Rec=0.0000, F1=0.0000, AUC=0.0000
Testing on DDTI...
  DDTI - Dice: 0.7812, HD95: 11.9317
  DDTI - BM: Acc=0.0000, Prec=0.0000, Rec=0.0000, F1=0.0000, AUROC=0.0000, AUPRC=0.0000
  DDTI - TI-RADS: Acc=0.0000, Prec=0.0000, Rec=0.0000, F1=0.0000, AUC=0.0000
Testing on ThyroidXL...
  ThyroidXL - Dice: 0.8615, HD95: 4.3962
  ThyroidXL - BM: Acc=0.8340, Prec=0.8427, Rec=0.7897, F1=0.8153, AUROC=0.9107, AUPRC=0.8902
  ThyroidXL - TI-RADS: Acc=0.0000, Prec=0.0000, Rec=0.0000, F1=0.0000, AUC=0.0000
Testing on PKTN...
  PKTN - Dice: 0.7649, HD95: 10.0308
  PKTN - BM: Acc=0.0000, Prec=0.0000, Rec=0.0000, F1=0.0000, AUROC=0.0000, AUPRC=0.0000
  PKTN - TI-RADS: Acc=0.0000, Prec=0.0000, Rec=0.0000, F1=0.0000, AUC=0.0000
Testing on TN5K...
  TN5K - Dice: 0.7070, HD95: 10.7565
  TN5K - BM: Acc=0.8050, Prec=0.8641, Rec=0.8700, F1=0.8671, AUROC=0.8287, AUPRC=0.9201
  TN5K - TI-RADS: Acc=0.0000, Prec=0.0000, Rec=0.0000, F1=0.0000, AUC=0.0000
Epoch:21: seg_loss(avg):0.3507, bm_loss(avg):0.1209, tirads_loss(avg):0.0000
Epoch:22: seg_loss(avg):0.3543, bm_loss(avg):0.1151, tirads_loss(avg):0.0000
Epoch:23: seg_loss(avg):0.3451, bm_loss(avg):0.1061, tirads_loss(avg):0.0000
Epoch:24: seg_loss(avg):0.3399, bm_loss(avg):0.0970, tirads_loss(avg):0.0000
Epoch:25: seg_loss(avg):0.3371, bm_loss(avg):0.0893, tirads_loss(avg):0.0000
Saved checkpoint at epoch 25

Validating epoch 25 on all test datasets...
Testing on TN3K...
  TN3K - Dice: 0.8507, HD95: 8.3890
  TN3K - BM: Acc=0.6857, Prec=0.5674, Rec=0.7669, F1=0.6523, AUROC=0.7843, AUPRC=0.7089
  TN3K - TI-RADS: Acc=0.0000, Prec=0.0000, Rec=0.0000, F1=0.0000, AUC=0.0000
Testing on DDTI...
  DDTI - Dice: 0.7981, HD95: 10.7217
  DDTI - BM: Acc=0.0000, Prec=0.0000, Rec=0.0000, F1=0.0000, AUROC=0.0000, AUPRC=0.0000
  DDTI - TI-RADS: Acc=0.0000, Prec=0.0000, Rec=0.0000, F1=0.0000, AUC=0.0000
Testing on ThyroidXL...
  ThyroidXL - Dice: 0.8653, HD95: 4.2115
  ThyroidXL - BM: Acc=0.8321, Prec=0.8545, Rec=0.7691, F1=0.8095, AUROC=0.9165, AUPRC=0.8936
  ThyroidXL - TI-RADS: Acc=0.0000, Prec=0.0000, Rec=0.0000, F1=0.0000, AUC=0.0000
Testing on PKTN...
  PKTN - Dice: 0.7775, HD95: 9.3922
  PKTN - BM: Acc=0.0000, Prec=0.0000, Rec=0.0000, F1=0.0000, AUROC=0.0000, AUPRC=0.0000
  PKTN - TI-RADS: Acc=0.0000, Prec=0.0000, Rec=0.0000, F1=0.0000, AUC=0.0000
Testing on TN5K...
  TN5K - Dice: 0.7195, HD95: 9.8390
  TN5K - BM: Acc=0.7940, Prec=0.8505, Rec=0.8714, F1=0.8608, AUROC=0.8228, AUPRC=0.9162
  TN5K - TI-RADS: Acc=0.0000, Prec=0.0000, Rec=0.0000, F1=0.0000, AUC=0.0000
Epoch:26: seg_loss(avg):0.3306, bm_loss(avg):0.0738, tirads_loss(avg):0.0000
Epoch:27: seg_loss(avg):0.3301, bm_loss(avg):0.0671, tirads_loss(avg):0.0000
Epoch:28: seg_loss(avg):0.3229, bm_loss(avg):0.0693, tirads_loss(avg):0.0000
Epoch:29: seg_loss(avg):0.3210, bm_loss(avg):0.0588, tirads_loss(avg):0.0000
Epoch:30: seg_loss(avg):0.3182, bm_loss(avg):0.0516, tirads_loss(avg):0.0000
Saved checkpoint at epoch 30

Validating epoch 30 on all test datasets...
Testing on TN3K...
  TN3K - Dice: 0.8556, HD95: 7.9653
  TN3K - BM: Acc=0.7134, Prec=0.6056, Rec=0.7288, F1=0.6615, AUROC=0.7778, AUPRC=0.7087
  TN3K - TI-RADS: Acc=0.0000, Prec=0.0000, Rec=0.0000, F1=0.0000, AUC=0.0000
Testing on DDTI...
  DDTI - Dice: 0.7916, HD95: 11.2503
  DDTI - BM: Acc=0.0000, Prec=0.0000, Rec=0.0000, F1=0.0000, AUROC=0.0000, AUPRC=0.0000
  DDTI - TI-RADS: Acc=0.0000, Prec=0.0000, Rec=0.0000, F1=0.0000, AUC=0.0000
Testing on ThyroidXL...
  ThyroidXL - Dice: 0.8669, HD95: 4.2210
  ThyroidXL - BM: Acc=0.8254, Prec=0.8667, Rec=0.7371, F1=0.7967, AUROC=0.9211, AUPRC=0.8993
  ThyroidXL - TI-RADS: Acc=0.0000, Prec=0.0000, Rec=0.0000, F1=0.0000, AUC=0.0000
Testing on PKTN...
  PKTN - Dice: 0.7863, HD95: 9.1798
  PKTN - BM: Acc=0.0000, Prec=0.0000, Rec=0.0000, F1=0.0000, AUROC=0.0000, AUPRC=0.0000
  PKTN - TI-RADS: Acc=0.0000, Prec=0.0000, Rec=0.0000, F1=0.0000, AUC=0.0000
Testing on TN5K...
  TN5K - Dice: 0.7347, HD95: 9.7699
  TN5K - BM: Acc=0.7790, Prec=0.8750, Rec=0.8140, F1=0.8434, AUROC=0.8223, AUPRC=0.9132
  TN5K - TI-RADS: Acc=0.0000, Prec=0.0000, Rec=0.0000, F1=0.0000, AUC=0.0000
Epoch:31: seg_loss(avg):0.3101, bm_loss(avg):0.0476, tirads_loss(avg):0.0000
Epoch:32: seg_loss(avg):0.3068, bm_loss(avg):0.0385, tirads_loss(avg):0.0000
Epoch:33: seg_loss(avg):0.3055, bm_loss(avg):0.0380, tirads_loss(avg):0.0000
Epoch:34: seg_loss(avg):0.3009, bm_loss(avg):0.0365, tirads_loss(avg):0.0000
Epoch:35: seg_loss(avg):0.2958, bm_loss(avg):0.0362, tirads_loss(avg):0.0000
Saved checkpoint at epoch 35

Validating epoch 35 on all test datasets...
Testing on TN3K...
  TN3K - Dice: 0.8613, HD95: 8.0685
  TN3K - BM: Acc=0.7264, Prec=0.6223, Rec=0.7331, F1=0.6732, AUROC=0.7719, AUPRC=0.6924
  TN3K - TI-RADS: Acc=0.0000, Prec=0.0000, Rec=0.0000, F1=0.0000, AUC=0.0000
Testing on DDTI...
  DDTI - Dice: 0.8026, HD95: 10.8650
  DDTI - BM: Acc=0.0000, Prec=0.0000, Rec=0.0000, F1=0.0000, AUROC=0.0000, AUPRC=0.0000
  DDTI - TI-RADS: Acc=0.0000, Prec=0.0000, Rec=0.0000, F1=0.0000, AUC=0.0000
Testing on ThyroidXL...
  ThyroidXL - Dice: 0.8704, HD95: 4.1030
  ThyroidXL - BM: Acc=0.8167, Prec=0.8673, Rec=0.7144, F1=0.7835, AUROC=0.9153, AUPRC=0.8947
  ThyroidXL - TI-RADS: Acc=0.0000, Prec=0.0000, Rec=0.0000, F1=0.0000, AUC=0.0000
Testing on PKTN...
  PKTN - Dice: 0.7895, HD95: 8.9748
  PKTN - BM: Acc=0.0000, Prec=0.0000, Rec=0.0000, F1=0.0000, AUROC=0.0000, AUPRC=0.0000
  PKTN - TI-RADS: Acc=0.0000, Prec=0.0000, Rec=0.0000, F1=0.0000, AUC=0.0000
Testing on TN5K...
  TN5K - Dice: 0.7417, HD95: 9.6031
  TN5K - BM: Acc=0.7670, Prec=0.8807, Rec=0.7880, F1=0.8318, AUROC=0.8205, AUPRC=0.9146
  TN5K - TI-RADS: Acc=0.0000, Prec=0.0000, Rec=0.0000, F1=0.0000, AUC=0.0000
Epoch:36: seg_loss(avg):0.2882, bm_loss(avg):0.0311, tirads_loss(avg):0.0000
Epoch:37: seg_loss(avg):0.2902, bm_loss(avg):0.0353, tirads_loss(avg):0.0000
Epoch:38: seg_loss(avg):0.2858, bm_loss(avg):0.0226, tirads_loss(avg):0.0000
Epoch:39: seg_loss(avg):0.2796, bm_loss(avg):0.0188, tirads_loss(avg):0.0000
Epoch:40: seg_loss(avg):0.2782, bm_loss(avg):0.0201, tirads_loss(avg):0.0000
Saved checkpoint at epoch 40

Validating epoch 40 on all test datasets...
Testing on TN3K...
  TN3K - Dice: 0.8559, HD95: 7.9033
  TN3K - BM: Acc=0.7052, Prec=0.5939, Rec=0.7373, F1=0.6578, AUROC=0.7786, AUPRC=0.7112
  TN3K - TI-RADS: Acc=0.0000, Prec=0.0000, Rec=0.0000, F1=0.0000, AUC=0.0000
Testing on DDTI...
  DDTI - Dice: 0.7986, HD95: 10.7588
  DDTI - BM: Acc=0.0000, Prec=0.0000, Rec=0.0000, F1=0.0000, AUROC=0.0000, AUPRC=0.0000
  DDTI - TI-RADS: Acc=0.0000, Prec=0.0000, Rec=0.0000, F1=0.0000, AUC=0.0000
Testing on ThyroidXL...
  ThyroidXL - Dice: 0.8716, HD95: 3.9930
  ThyroidXL - BM: Acc=0.8158, Prec=0.8698, Rec=0.7093, F1=0.7814, AUROC=0.9147, AUPRC=0.8955
  ThyroidXL - TI-RADS: Acc=0.0000, Prec=0.0000, Rec=0.0000, F1=0.0000, AUC=0.0000
Testing on PKTN...
  PKTN - Dice: 0.7912, HD95: 8.9116
  PKTN - BM: Acc=0.0000, Prec=0.0000, Rec=0.0000, F1=0.0000, AUROC=0.0000, AUPRC=0.0000
  PKTN - TI-RADS: Acc=0.0000, Prec=0.0000, Rec=0.0000, F1=0.0000, AUC=0.0000
Testing on TN5K...
  TN5K - Dice: 0.7440, HD95: 9.0511
  TN5K - BM: Acc=0.7950, Prec=0.8694, Rec=0.8468, F1=0.8579, AUROC=0.8210, AUPRC=0.9146
  TN5K - TI-RADS: Acc=0.0000, Prec=0.0000, Rec=0.0000, F1=0.0000, AUC=0.0000
Epoch:41: seg_loss(avg):0.2746, bm_loss(avg):0.0164, tirads_loss(avg):0.0000
Epoch:42: seg_loss(avg):0.2742, bm_loss(avg):0.0209, tirads_loss(avg):0.0000
Epoch:43: seg_loss(avg):0.2708, bm_loss(avg):0.0226, tirads_loss(avg):0.0000
Epoch:44: seg_loss(avg):0.2669, bm_loss(avg):0.0159, tirads_loss(avg):0.0000
Epoch:45: seg_loss(avg):0.2684, bm_loss(avg):0.0136, tirads_loss(avg):0.0000
Saved checkpoint at epoch 45

Validating epoch 45 on all test datasets...
Testing on TN3K...
  TN3K - Dice: 0.8600, HD95: 7.7029
  TN3K - BM: Acc=0.7117, Prec=0.6007, Rec=0.7458, F1=0.6654, AUROC=0.7818, AUPRC=0.7056
  TN3K - TI-RADS: Acc=0.0000, Prec=0.0000, Rec=0.0000, F1=0.0000, AUC=0.0000
Testing on DDTI...
  DDTI - Dice: 0.7994, HD95: 10.6477
  DDTI - BM: Acc=0.0000, Prec=0.0000, Rec=0.0000, F1=0.0000, AUROC=0.0000, AUPRC=0.0000
  DDTI - TI-RADS: Acc=0.0000, Prec=0.0000, Rec=0.0000, F1=0.0000, AUC=0.0000
Testing on ThyroidXL...
  ThyroidXL - Dice: 0.8728, HD95: 3.9804
  ThyroidXL - BM: Acc=0.8230, Prec=0.8597, Rec=0.7392, F1=0.7949, AUROC=0.9140, AUPRC=0.8940
  ThyroidXL - TI-RADS: Acc=0.0000, Prec=0.0000, Rec=0.0000, F1=0.0000, AUC=0.0000
Testing on PKTN...
  PKTN - Dice: 0.7929, HD95: 8.8287
  PKTN - BM: Acc=0.0000, Prec=0.0000, Rec=0.0000, F1=0.0000, AUROC=0.0000, AUPRC=0.0000
  PKTN - TI-RADS: Acc=0.0000, Prec=0.0000, Rec=0.0000, F1=0.0000, AUC=0.0000
Testing on TN5K...
  TN5K - Dice: 0.7441, HD95: 9.1022
  TN5K - BM: Acc=0.7870, Prec=0.8658, Rec=0.8386, F1=0.8520, AUROC=0.8226, AUPRC=0.9176
  TN5K - TI-RADS: Acc=0.0000, Prec=0.0000, Rec=0.0000, F1=0.0000, AUC=0.0000
Epoch:46: seg_loss(avg):0.2659, bm_loss(avg):0.0142, tirads_loss(avg):0.0000
Epoch:47: seg_loss(avg):0.2647, bm_loss(avg):0.0122, tirads_loss(avg):0.0000
Epoch:48: seg_loss(avg):0.2615, bm_loss(avg):0.0086, tirads_loss(avg):0.0000
Epoch:49: seg_loss(avg):0.2623, bm_loss(avg):0.0147, tirads_loss(avg):0.0000
Epoch:50: seg_loss(avg):0.2671, bm_loss(avg):0.0114, tirads_loss(avg):0.0000
Saved checkpoint at epoch 50

Validating epoch 50 on all test datasets...
Testing on TN3K...
  TN3K - Dice: 0.8600, HD95: 7.7412
  TN3K - BM: Acc=0.7150, Prec=0.6134, Rec=0.6992, F1=0.6535, AUROC=0.7754, AUPRC=0.7039
  TN3K - TI-RADS: Acc=0.0000, Prec=0.0000, Rec=0.0000, F1=0.0000, AUC=0.0000
Testing on DDTI...
  DDTI - Dice: 0.7997, HD95: 10.5757
  DDTI - BM: Acc=0.0000, Prec=0.0000, Rec=0.0000, F1=0.0000, AUROC=0.0000, AUPRC=0.0000
  DDTI - TI-RADS: Acc=0.0000, Prec=0.0000, Rec=0.0000, F1=0.0000, AUC=0.0000
Testing on ThyroidXL...
  ThyroidXL - Dice: 0.8728, HD95: 3.9963
  ThyroidXL - BM: Acc=0.8077, Prec=0.8737, Rec=0.6845, F1=0.7676, AUROC=0.9119, AUPRC=0.8942
  ThyroidXL - TI-RADS: Acc=0.0000, Prec=0.0000, Rec=0.0000, F1=0.0000, AUC=0.0000
Testing on PKTN...
  PKTN - Dice: 0.7926, HD95: 8.8221
  PKTN - BM: Acc=0.0000, Prec=0.0000, Rec=0.0000, F1=0.0000, AUROC=0.0000, AUPRC=0.0000
  PKTN - TI-RADS: Acc=0.0000, Prec=0.0000, Rec=0.0000, F1=0.0000, AUC=0.0000
Testing on TN5K...
  TN5K - Dice: 0.7448, HD95: 9.0155
  TN5K - BM: Acc=0.7750, Prec=0.8822, Rec=0.7989, F1=0.8385, AUROC=0.8238, AUPRC=0.9176
  TN5K - TI-RADS: Acc=0.0000, Prec=0.0000, Rec=0.0000, F1=0.0000, AUC=0.0000

========== Evaluation Summary (All Test Records) ==========

Dataset: TN3K
Eval epochs: [5, 10, 15, 20, 25, 30, 35, 40, 45, 50]
Dice per eval: [0.83, 0.8383, 0.8472, 0.8439, 0.8507, 0.8556, 0.8613, 0.8559, 0.86, 0.86]
HD95 per eval: [np.float64(9.7365), np.float64(8.9966), np.float64(8.8889), np.float64(8.8145), np.float64(8.389), np.float64(7.9653), np.float64(8.0685), np.float64(7.9033), np.float64(7.7029), np.float64(7.7412)]
Best Dice: 0.8613 at epoch 35
Best HD95: 7.7029 at epoch 45

BM metrics per eval:
  Acc:  [np.float64(0.7231), np.float64(0.6906), np.float64(0.7182), np.float64(0.7182), np.float64(0.6857), np.float64(0.7134), np.float64(0.7264), np.float64(0.7052), np.float64(0.7117), np.float64(0.715)]
  Prec: [0.6146, 0.565, 0.6075, 0.6082, 0.5674, 0.6056, 0.6223, 0.5939, 0.6007, 0.6134]
  Rec:  [0.75, 0.8475, 0.7542, 0.75, 0.7669, 0.7288, 0.7331, 0.7373, 0.7458, 0.6992]
  F1:   [0.6756, 0.678, 0.673, 0.6717, 0.6523, 0.6615, 0.6732, 0.6578, 0.6654, 0.6535]
  AUROC:[0.8054, 0.8024, 0.8063, 0.8043, 0.7843, 0.7778, 0.7719, 0.7786, 0.7818, 0.7754]
  AUPRC:[0.711, 0.7269, 0.7297, 0.7404, 0.7089, 0.7087, 0.6924, 0.7112, 0.7056, 0.7039]
Best BM F1: 0.6780 at epoch 10

TI-RADS metrics per eval:
  Acc:  [0.0, 0.0, 0.0, 0.0, 0.0, 0.0, 0.0, 0.0, 0.0, 0.0]
  Prec: [0.0, 0.0, 0.0, 0.0, 0.0, 0.0, 0.0, 0.0, 0.0, 0.0]
  Rec:  [0.0, 0.0, 0.0, 0.0, 0.0, 0.0, 0.0, 0.0, 0.0, 0.0]
  F1:   [0.0, 0.0, 0.0, 0.0, 0.0, 0.0, 0.0, 0.0, 0.0, 0.0]
  AUC:  [0.0, 0.0, 0.0, 0.0, 0.0, 0.0, 0.0, 0.0, 0.0, 0.0]
Best TI-RADS F1: 0.0000 at epoch 5

Dataset: DDTI
Eval epochs: [5, 10, 15, 20, 25, 30, 35, 40, 45, 50]
Dice per eval: [0.7966, 0.7758, 0.7901, 0.7812, 0.7981, 0.7916, 0.8026, 0.7986, 0.7994, 0.7997]
HD95 per eval: [np.float64(10.553), np.float64(11.8186), np.float64(11.5011), np.float64(11.9317), np.float64(10.7217), np.float64(11.2503), np.float64(10.865), np.float64(10.7588), np.float64(10.6477), np.float64(10.5757)]
Best Dice: 0.8026 at epoch 35
Best HD95: 10.5530 at epoch 5

BM metrics per eval:
  Acc:  [0.0, 0.0, 0.0, 0.0, 0.0, 0.0, 0.0, 0.0, 0.0, 0.0]
  Prec: [0.0, 0.0, 0.0, 0.0, 0.0, 0.0, 0.0, 0.0, 0.0, 0.0]
  Rec:  [0.0, 0.0, 0.0, 0.0, 0.0, 0.0, 0.0, 0.0, 0.0, 0.0]
  F1:   [0.0, 0.0, 0.0, 0.0, 0.0, 0.0, 0.0, 0.0, 0.0, 0.0]
  AUROC:[0.0, 0.0, 0.0, 0.0, 0.0, 0.0, 0.0, 0.0, 0.0, 0.0]
  AUPRC:[0.0, 0.0, 0.0, 0.0, 0.0, 0.0, 0.0, 0.0, 0.0, 0.0]
Best BM F1: 0.0000 at epoch 5

TI-RADS metrics per eval:
  Acc:  [0.0, 0.0, 0.0, 0.0, 0.0, 0.0, 0.0, 0.0, 0.0, 0.0]
  Prec: [0.0, 0.0, 0.0, 0.0, 0.0, 0.0, 0.0, 0.0, 0.0, 0.0]
  Rec:  [0.0, 0.0, 0.0, 0.0, 0.0, 0.0, 0.0, 0.0, 0.0, 0.0]
  F1:   [0.0, 0.0, 0.0, 0.0, 0.0, 0.0, 0.0, 0.0, 0.0, 0.0]
  AUC:  [0.0, 0.0, 0.0, 0.0, 0.0, 0.0, 0.0, 0.0, 0.0, 0.0]
Best TI-RADS F1: 0.0000 at epoch 5

Dataset: ThyroidXL
Eval epochs: [5, 10, 15, 20, 25, 30, 35, 40, 45, 50]
Dice per eval: [0.8487, 0.8561, 0.8601, 0.8615, 0.8653, 0.8669, 0.8704, 0.8716, 0.8728, 0.8728]
HD95 per eval: [np.float64(4.8561), np.float64(4.5913), np.float64(4.3934), np.float64(4.3962), np.float64(4.2115), np.float64(4.221), np.float64(4.103), np.float64(3.993), np.float64(3.9804), np.float64(3.9963)]
Best Dice: 0.8728 at epoch 45
Best HD95: 3.9804 at epoch 45

BM metrics per eval:
  Acc:  [np.float64(0.8043), np.float64(0.833), np.float64(0.8182), np.float64(0.834), np.float64(0.8321), np.float64(0.8254), np.float64(0.8167), np.float64(0.8158), np.float64(0.823), np.float64(0.8077)]
  Prec: [0.8502, 0.8379, 0.8438, 0.8427, 0.8545, 0.8667, 0.8673, 0.8698, 0.8597, 0.8737]
  Rec:  [0.7021, 0.7938, 0.7464, 0.7897, 0.7691, 0.7371, 0.7144, 0.7093, 0.7392, 0.6845]
  F1:   [0.7691, 0.8152, 0.7921, 0.8153, 0.8095, 0.7967, 0.7835, 0.7814, 0.7949, 0.7676]
  AUROC:[0.9088, 0.9128, 0.9102, 0.9107, 0.9165, 0.9211, 0.9153, 0.9147, 0.914, 0.9119]
  AUPRC:[0.8862, 0.8875, 0.884, 0.8902, 0.8936, 0.8993, 0.8947, 0.8955, 0.894, 0.8942]
Best BM F1: 0.8153 at epoch 20

TI-RADS metrics per eval:
  Acc:  [0.0, 0.0, 0.0, 0.0, 0.0, 0.0, 0.0, 0.0, 0.0, 0.0]
  Prec: [0.0, 0.0, 0.0, 0.0, 0.0, 0.0, 0.0, 0.0, 0.0, 0.0]
  Rec:  [0.0, 0.0, 0.0, 0.0, 0.0, 0.0, 0.0, 0.0, 0.0, 0.0]
  F1:   [0.0, 0.0, 0.0, 0.0, 0.0, 0.0, 0.0, 0.0, 0.0, 0.0]
  AUC:  [0.0, 0.0, 0.0, 0.0, 0.0, 0.0, 0.0, 0.0, 0.0, 0.0]
Best TI-RADS F1: 0.0000 at epoch 5

Dataset: PKTN
Eval epochs: [5, 10, 15, 20, 25, 30, 35, 40, 45, 50]
Dice per eval: [0.7551, 0.7713, 0.7772, 0.7649, 0.7775, 0.7863, 0.7895, 0.7912, 0.7929, 0.7926]
HD95 per eval: [np.float64(9.8363), np.float64(9.5133), np.float64(9.1667), np.float64(10.0308), np.float64(9.3922), np.float64(9.1798), np.float64(8.9748), np.float64(8.9116), np.float64(8.8287), np.float64(8.8221)]
Best Dice: 0.7929 at epoch 45
Best HD95: 8.8221 at epoch 50

BM metrics per eval:
  Acc:  [0.0, 0.0, 0.0, 0.0, 0.0, 0.0, 0.0, 0.0, 0.0, 0.0]
  Prec: [0.0, 0.0, 0.0, 0.0, 0.0, 0.0, 0.0, 0.0, 0.0, 0.0]
  Rec:  [0.0, 0.0, 0.0, 0.0, 0.0, 0.0, 0.0, 0.0, 0.0, 0.0]
  F1:   [0.0, 0.0, 0.0, 0.0, 0.0, 0.0, 0.0, 0.0, 0.0, 0.0]
  AUROC:[0.0, 0.0, 0.0, 0.0, 0.0, 0.0, 0.0, 0.0, 0.0, 0.0]
  AUPRC:[0.0, 0.0, 0.0, 0.0, 0.0, 0.0, 0.0, 0.0, 0.0, 0.0]
Best BM F1: 0.0000 at epoch 5

TI-RADS metrics per eval:
  Acc:  [0.0, 0.0, 0.0, 0.0, 0.0, 0.0, 0.0, 0.0, 0.0, 0.0]
  Prec: [0.0, 0.0, 0.0, 0.0, 0.0, 0.0, 0.0, 0.0, 0.0, 0.0]
  Rec:  [0.0, 0.0, 0.0, 0.0, 0.0, 0.0, 0.0, 0.0, 0.0, 0.0]
  F1:   [0.0, 0.0, 0.0, 0.0, 0.0, 0.0, 0.0, 0.0, 0.0, 0.0]
  AUC:  [0.0, 0.0, 0.0, 0.0, 0.0, 0.0, 0.0, 0.0, 0.0, 0.0]
Best TI-RADS F1: 0.0000 at epoch 5

Dataset: TN5K
Eval epochs: [5, 10, 15, 20, 25, 30, 35, 40, 45, 50]
Dice per eval: [0.7009, 0.7162, 0.7191, 0.707, 0.7195, 0.7347, 0.7417, 0.744, 0.7441, 0.7448]
HD95 per eval: [np.float64(10.4494), np.float64(9.7832), np.float64(9.3667), np.float64(10.7565), np.float64(9.839), np.float64(9.7699), np.float64(9.6031), np.float64(9.0511), np.float64(9.1022), np.float64(9.0155)]
Best Dice: 0.7448 at epoch 50
Best HD95: 9.0155 at epoch 50

BM metrics per eval:
  Acc:  [np.float64(0.768), np.float64(0.792), np.float64(0.778), np.float64(0.805), np.float64(0.794), np.float64(0.779), np.float64(0.767), np.float64(0.795), np.float64(0.787), np.float64(0.775)]
  Prec: [0.8632, 0.8224, 0.8217, 0.8641, 0.8505, 0.875, 0.8807, 0.8694, 0.8658, 0.8822]
  Rec:  [0.8112, 0.9124, 0.8892, 0.87, 0.8714, 0.814, 0.788, 0.8468, 0.8386, 0.7989]
  F1:   [0.8364, 0.8651, 0.8541, 0.8671, 0.8608, 0.8434, 0.8318, 0.8579, 0.852, 0.8385]
  AUROC:[0.8243, 0.8289, 0.8015, 0.8287, 0.8228, 0.8223, 0.8205, 0.821, 0.8226, 0.8238]
  AUPRC:[0.9265, 0.918, 0.9065, 0.9201, 0.9162, 0.9132, 0.9146, 0.9146, 0.9176, 0.9176]
Best BM F1: 0.8671 at epoch 20

TI-RADS metrics per eval:
  Acc:  [0.0, 0.0, 0.0, 0.0, 0.0, 0.0, 0.0, 0.0, 0.0, 0.0]
  Prec: [0.0, 0.0, 0.0, 0.0, 0.0, 0.0, 0.0, 0.0, 0.0, 0.0]
  Rec:  [0.0, 0.0, 0.0, 0.0, 0.0, 0.0, 0.0, 0.0, 0.0, 0.0]
  F1:   [0.0, 0.0, 0.0, 0.0, 0.0, 0.0, 0.0, 0.0, 0.0, 0.0]
  AUC:  [0.0, 0.0, 0.0, 0.0, 0.0, 0.0, 0.0, 0.0, 0.0, 0.0]
Best TI-RADS F1: 0.0000 at epoch 5

==========================================================

========== Training Completed ==========
Training completed at Sun Dec 28 15:37:17 2025
