Training started at Thu Dec 11 12:31:50 2025
Method: dino_unet
Dataset: train_multitask_dataset1
Epochs: 50
Learning Rate: 0.0001
Batch Size: 12
Train Image Path: /mnt/wangbd8/workspace/DataSets/ThyroidAgent/Superimposed_multitask/dataset_1/images/
Train Mask Path: /mnt/wangbd8/workspace/DataSets/ThyroidAgent/Superimposed_multitask/dataset_1/masks/
Number of test datasets: 5
Test Dataset 1: TN3K
  Image path: /mnt/wangbd8/workspace/DataSets/ThyroidAgent/TN3K/test-image/
  Mask path: /mnt/wangbd8/workspace/DataSets/ThyroidAgent/TN3K/test-mask/
Test Dataset 2: DDTI
  Image path: /mnt/wangbd8/workspace/DataSets/ThyroidAgent/DDTI/2_preprocessed_data/stage1/p_image/
  Mask path: /mnt/wangbd8/workspace/DataSets/ThyroidAgent/DDTI/2_preprocessed_data/stage1/p_mask/
Test Dataset 3: ThyroidXL
  Image path: /mnt/wangbd8/workspace/DataSets/ThyroidAgent/ThyroidXL/test/images/
  Mask path: /mnt/wangbd8/workspace/DataSets/ThyroidAgent/ThyroidXL/test/masks/
Test Dataset 4: PKTN
  Image path: /mnt/wangbd8/workspace/DataSets/ThyroidAgent/PKTN_processed/images/
  Mask path: /mnt/wangbd8/workspace/DataSets/ThyroidAgent/PKTN_processed/masks/
Test Dataset 5: TN5K
  Image path: /mnt/wangbd8/workspace/DataSets/ThyroidAgent/TN5K_processed/test/images/
  Mask path: /mnt/wangbd8/workspace/DataSets/ThyroidAgent/TN5K_processed/test/masks/
Using device: cuda
Training set - Benign/Malignant: Benign=2331 (49.25%), Malignant=2402 (50.75%)
Auto-adjusted tau=0.30 (imbalance_ratio=1.03)
GLA parameters: p_benign=0.4925, p_malignant=0.5075, tau=0.30
Recall boost: 1.50 (additional weight on malignant samples)
Logit adjustment magnitude: 0.0090
Training set - TI-RADS distribution: [0, 0, 0, 0, 0]
TI-RADS probabilities: [0.20000000298023224, 0.20000000298023224, 0.20000000298023224, 0.20000000298023224, 0.20000000298023224]
Seg Weight: 1.0
Benign Malignant Weight: 1.5
TIRADS Weight: 1.0
Epoch:1: loss:2.300382, seg_loss:1.0068, bm_loss:0.5884, ti_loss:0.0000
Epoch:2: loss:1.810710, seg_loss:0.6539, bm_loss:0.9709, ti_loss:0.0000
Epoch:3: loss:1.519693, seg_loss:0.6678, bm_loss:0.5248, ti_loss:0.0000
Epoch:4: loss:1.385734, seg_loss:0.5728, bm_loss:0.6384, ti_loss:0.0000
Epoch:5: loss:1.314647, seg_loss:0.5713, bm_loss:0.2567, ti_loss:0.0000
Saved checkpoint at epoch 5

Validating epoch 5 on all test datasets...
Testing on TN3K...
  TN3K - Dice: 0.8558, HD95: 14.6341
  TN3K - Benign/Malignant: Acc=0.7508, Prec=0.5100, Rec=0.3860, F1=0.4365, AUC=0.8092
  TN3K - TI-RADS: Acc=0.0000, Prec=0.0000, Rec=0.0000, F1=0.0000, AUC=0.0000
Testing on DDTI...
  DDTI - Dice: 0.7784, HD95: 23.5850
  DDTI - Benign/Malignant: Acc=0.0000, Prec=0.0000, Rec=0.0000, F1=0.0000, AUC=0.0000
  DDTI - TI-RADS: Acc=0.0000, Prec=0.0000, Rec=0.0000, F1=0.0000, AUC=0.0000
Testing on ThyroidXL...
  ThyroidXL - Dice: 0.7991, HD95: 14.5295
  ThyroidXL - Benign/Malignant: Acc=0.6493, Prec=0.6693, Rec=0.6129, F1=0.5691, AUC=0.8473
  ThyroidXL - TI-RADS: Acc=0.0000, Prec=0.0000, Rec=0.0000, F1=0.0000, AUC=0.0000
Testing on PKTN...
  PKTN - Dice: 0.7653, HD95: 20.0895
  PKTN - Benign/Malignant: Acc=0.0000, Prec=0.0000, Rec=0.0000, F1=0.0000, AUC=0.0000
  PKTN - TI-RADS: Acc=0.0000, Prec=0.0000, Rec=0.0000, F1=0.0000, AUC=0.0000
Testing on TN5K...
  TN5K - Dice: 0.7355, HD95: 19.9746
  TN5K - Benign/Malignant: Acc=0.7490, Prec=0.5789, Rec=0.5057, F1=0.5194, AUC=0.8258
  TN5K - TI-RADS: Acc=0.0000, Prec=0.0000, Rec=0.0000, F1=0.0000, AUC=0.0000
Epoch:6: loss:1.231729, seg_loss:0.5113, bm_loss:0.1770, ti_loss:0.0000
Epoch:7: loss:1.129291, seg_loss:0.5608, bm_loss:0.1832, ti_loss:0.0000
Epoch:8: loss:1.101075, seg_loss:0.5234, bm_loss:0.4513, ti_loss:0.0000
Epoch:9: loss:1.072435, seg_loss:0.5349, bm_loss:0.4957, ti_loss:0.0000
Epoch:10: loss:0.963791, seg_loss:0.4680, bm_loss:0.0796, ti_loss:0.0000
Saved checkpoint at epoch 10

Validating epoch 10 on all test datasets...
Testing on TN3K...
  TN3K - Dice: 0.8641, HD95: 14.7699
  TN3K - Benign/Malignant: Acc=0.6694, Prec=0.5198, Rec=0.3550, F1=0.4165, AUC=0.7668
  TN3K - TI-RADS: Acc=0.0000, Prec=0.0000, Rec=0.0000, F1=0.0000, AUC=0.0000
Testing on DDTI...
  DDTI - Dice: 0.7900, HD95: 20.9193
  DDTI - Benign/Malignant: Acc=0.0000, Prec=0.0000, Rec=0.0000, F1=0.0000, AUC=0.0000
  DDTI - TI-RADS: Acc=0.0000, Prec=0.0000, Rec=0.0000, F1=0.0000, AUC=0.0000
Testing on ThyroidXL...
  ThyroidXL - Dice: 0.8153, HD95: 12.9757
  ThyroidXL - Benign/Malignant: Acc=0.6986, Prec=0.6789, Rec=0.6298, F1=0.5989, AUC=0.8471
  ThyroidXL - TI-RADS: Acc=0.0000, Prec=0.0000, Rec=0.0000, F1=0.0000, AUC=0.0000
Testing on PKTN...
  PKTN - Dice: 0.7792, HD95: 18.5438
  PKTN - Benign/Malignant: Acc=0.0000, Prec=0.0000, Rec=0.0000, F1=0.0000, AUC=0.0000
  PKTN - TI-RADS: Acc=0.0000, Prec=0.0000, Rec=0.0000, F1=0.0000, AUC=0.0000
Testing on TN5K...
  TN5K - Dice: 0.7535, HD95: 18.0113
  TN5K - Benign/Malignant: Acc=0.7570, Prec=0.5826, Rec=0.5258, F1=0.5297, AUC=0.8060
  TN5K - TI-RADS: Acc=0.0000, Prec=0.0000, Rec=0.0000, F1=0.0000, AUC=0.0000
Epoch:11: loss:0.928085, seg_loss:0.5343, bm_loss:0.0819, ti_loss:0.0000
Epoch:12: loss:0.907126, seg_loss:0.5096, bm_loss:0.4351, ti_loss:0.0000
Epoch:13: loss:0.813636, seg_loss:0.4686, bm_loss:0.1103, ti_loss:0.0000
Epoch:14: loss:0.786149, seg_loss:0.4460, bm_loss:0.6253, ti_loss:0.0000
Epoch:15: loss:0.699718, seg_loss:0.6207, bm_loss:0.2240, ti_loss:0.0000
Saved checkpoint at epoch 15

Validating epoch 15 on all test datasets...
Testing on TN3K...
  TN3K - Dice: 0.8550, HD95: 15.3804
  TN3K - Benign/Malignant: Acc=0.6661, Prec=0.5100, Rec=0.3436, F1=0.4046, AUC=0.7408
  TN3K - TI-RADS: Acc=0.0000, Prec=0.0000, Rec=0.0000, F1=0.0000, AUC=0.0000
Testing on DDTI...
  DDTI - Dice: 0.7647, HD95: 26.0032
  DDTI - Benign/Malignant: Acc=0.0000, Prec=0.0000, Rec=0.0000, F1=0.0000, AUC=0.0000
  DDTI - TI-RADS: Acc=0.0000, Prec=0.0000, Rec=0.0000, F1=0.0000, AUC=0.0000
Testing on ThyroidXL...
  ThyroidXL - Dice: 0.8263, HD95: 12.4035
  ThyroidXL - Benign/Malignant: Acc=0.7249, Prec=0.6959, Rec=0.6430, F1=0.6219, AUC=0.8670
  ThyroidXL - TI-RADS: Acc=0.0000, Prec=0.0000, Rec=0.0000, F1=0.0000, AUC=0.0000
Testing on PKTN...
  PKTN - Dice: 0.7418, HD95: 21.4943
  PKTN - Benign/Malignant: Acc=0.0000, Prec=0.0000, Rec=0.0000, F1=0.0000, AUC=0.0000
  PKTN - TI-RADS: Acc=0.0000, Prec=0.0000, Rec=0.0000, F1=0.0000, AUC=0.0000
Testing on TN5K...
  TN5K - Dice: 0.7376, HD95: 18.6427
  TN5K - Benign/Malignant: Acc=0.6880, Prec=0.5656, Rec=0.4826, F1=0.4900, AUC=0.7978
  TN5K - TI-RADS: Acc=0.0000, Prec=0.0000, Rec=0.0000, F1=0.0000, AUC=0.0000
Epoch:16: loss:0.675655, seg_loss:0.4980, bm_loss:0.2464, ti_loss:0.0000
Epoch:17: loss:0.654114, seg_loss:0.4143, bm_loss:0.0790, ti_loss:0.0000
Epoch:18: loss:0.667277, seg_loss:0.4313, bm_loss:0.0401, ti_loss:0.0000
Epoch:19: loss:0.603157, seg_loss:0.3559, bm_loss:0.0844, ti_loss:0.0000
Epoch:20: loss:0.560432, seg_loss:0.5712, bm_loss:0.1371, ti_loss:0.0000
Saved checkpoint at epoch 20

Validating epoch 20 on all test datasets...
Testing on TN3K...
  TN3K - Dice: 0.8719, HD95: 13.2748
  TN3K - Benign/Malignant: Acc=0.6726, Prec=0.5187, Rec=0.3559, F1=0.4160, AUC=0.7475
  TN3K - TI-RADS: Acc=0.0000, Prec=0.0000, Rec=0.0000, F1=0.0000, AUC=0.0000
Testing on DDTI...
  DDTI - Dice: 0.7789, HD95: 21.0588
  DDTI - Benign/Malignant: Acc=0.0000, Prec=0.0000, Rec=0.0000, F1=0.0000, AUC=0.0000
  DDTI - TI-RADS: Acc=0.0000, Prec=0.0000, Rec=0.0000, F1=0.0000, AUC=0.0000
Testing on ThyroidXL...
  ThyroidXL - Dice: 0.7967, HD95: 15.4880
  ThyroidXL - Benign/Malignant: Acc=0.7249, Prec=0.6858, Rec=0.6422, F1=0.6174, AUC=0.8464
  ThyroidXL - TI-RADS: Acc=0.0000, Prec=0.0000, Rec=0.0000, F1=0.0000, AUC=0.0000
Testing on PKTN...
  PKTN - Dice: 0.7891, HD95: 17.0653
  PKTN - Benign/Malignant: Acc=0.0000, Prec=0.0000, Rec=0.0000, F1=0.0000, AUC=0.0000
  PKTN - TI-RADS: Acc=0.0000, Prec=0.0000, Rec=0.0000, F1=0.0000, AUC=0.0000
Testing on TN5K...
  TN5K - Dice: 0.7704, HD95: 16.3722
  TN5K - Benign/Malignant: Acc=0.7280, Prec=0.5871, Rec=0.5172, F1=0.5236, AUC=0.8107
  TN5K - TI-RADS: Acc=0.0000, Prec=0.0000, Rec=0.0000, F1=0.0000, AUC=0.0000
Epoch:21: loss:0.589610, seg_loss:0.5767, bm_loss:0.1149, ti_loss:0.0000
Epoch:22: loss:0.563980, seg_loss:0.5158, bm_loss:0.2589, ti_loss:0.0000
Epoch:23: loss:0.497559, seg_loss:0.5126, bm_loss:0.0113, ti_loss:0.0000
Epoch:24: loss:0.462710, seg_loss:0.3350, bm_loss:0.0041, ti_loss:0.0000
Epoch:25: loss:0.507265, seg_loss:0.3715, bm_loss:0.0098, ti_loss:0.0000
Saved checkpoint at epoch 25

Validating epoch 25 on all test datasets...
Testing on TN3K...
  TN3K - Dice: 0.8809, HD95: 11.1721
  TN3K - Benign/Malignant: Acc=0.7215, Prec=0.5198, Rec=0.3811, F1=0.4354, AUC=0.7665
  TN3K - TI-RADS: Acc=0.0000, Prec=0.0000, Rec=0.0000, F1=0.0000, AUC=0.0000
Testing on DDTI...
  DDTI - Dice: 0.8050, HD95: 18.0131
  DDTI - Benign/Malignant: Acc=0.0000, Prec=0.0000, Rec=0.0000, F1=0.0000, AUC=0.0000
  DDTI - TI-RADS: Acc=0.0000, Prec=0.0000, Rec=0.0000, F1=0.0000, AUC=0.0000
Testing on ThyroidXL...
  ThyroidXL - Dice: 0.8406, HD95: 10.0653
  ThyroidXL - Benign/Malignant: Acc=0.7421, Prec=0.7062, Rec=0.6477, F1=0.6323, AUC=0.8683
  ThyroidXL - TI-RADS: Acc=0.0000, Prec=0.0000, Rec=0.0000, F1=0.0000, AUC=0.0000
Testing on PKTN...
  PKTN - Dice: 0.8023, HD95: 14.9746
  PKTN - Benign/Malignant: Acc=0.0000, Prec=0.0000, Rec=0.0000, F1=0.0000, AUC=0.0000
  PKTN - TI-RADS: Acc=0.0000, Prec=0.0000, Rec=0.0000, F1=0.0000, AUC=0.0000
Testing on TN5K...
  TN5K - Dice: 0.7869, HD95: 14.7120
  TN5K - Benign/Malignant: Acc=0.7520, Prec=0.5866, Rec=0.5270, F1=0.5320, AUC=0.8082
  TN5K - TI-RADS: Acc=0.0000, Prec=0.0000, Rec=0.0000, F1=0.0000, AUC=0.0000
Epoch:26: loss:0.469513, seg_loss:0.4889, bm_loss:0.0318, ti_loss:0.0000
Epoch:27: loss:0.450626, seg_loss:0.3687, bm_loss:0.0137, ti_loss:0.0000
Epoch:28: loss:0.422136, seg_loss:0.3925, bm_loss:0.0019, ti_loss:0.0000
Epoch:29: loss:0.387696, seg_loss:0.5087, bm_loss:0.0322, ti_loss:0.0000
Epoch:30: loss:0.380447, seg_loss:0.3377, bm_loss:0.0009, ti_loss:0.0000
Saved checkpoint at epoch 30

Validating epoch 30 on all test datasets...
Testing on TN3K...
  TN3K - Dice: 0.8755, HD95: 12.0394
  TN3K - Benign/Malignant: Acc=0.7020, Prec=0.5100, Rec=0.3616, F1=0.4195, AUC=0.7680
  TN3K - TI-RADS: Acc=0.0000, Prec=0.0000, Rec=0.0000, F1=0.0000, AUC=0.0000
Testing on DDTI...
  DDTI - Dice: 0.7914, HD95: 19.4025
  DDTI - Benign/Malignant: Acc=0.0000, Prec=0.0000, Rec=0.0000, F1=0.0000, AUC=0.0000
  DDTI - TI-RADS: Acc=0.0000, Prec=0.0000, Rec=0.0000, F1=0.0000, AUC=0.0000
Testing on ThyroidXL...
  ThyroidXL - Dice: 0.8401, HD95: 10.7060
  ThyroidXL - Benign/Malignant: Acc=0.8005, Prec=0.7003, Rec=0.6769, F1=0.6655, AUC=0.8774
  ThyroidXL - TI-RADS: Acc=0.0000, Prec=0.0000, Rec=0.0000, F1=0.0000, AUC=0.0000
Testing on PKTN...
  PKTN - Dice: 0.8106, HD95: 13.9031
  PKTN - Benign/Malignant: Acc=0.0000, Prec=0.0000, Rec=0.0000, F1=0.0000, AUC=0.0000
  PKTN - TI-RADS: Acc=0.0000, Prec=0.0000, Rec=0.0000, F1=0.0000, AUC=0.0000
Testing on TN5K...
  TN5K - Dice: 0.7845, HD95: 14.5746
  TN5K - Benign/Malignant: Acc=0.7650, Prec=0.5886, Rec=0.5352, F1=0.5369, AUC=0.8244
  TN5K - TI-RADS: Acc=0.0000, Prec=0.0000, Rec=0.0000, F1=0.0000, AUC=0.0000
Epoch:31: loss:0.406577, seg_loss:0.3196, bm_loss:0.0221, ti_loss:0.0000
Epoch:32: loss:0.396280, seg_loss:0.3615, bm_loss:0.0150, ti_loss:0.0000
Epoch:33: loss:0.373041, seg_loss:0.2906, bm_loss:0.0039, ti_loss:0.0000
Epoch:34: loss:0.345435, seg_loss:0.2989, bm_loss:0.0007, ti_loss:0.0000
Epoch:35: loss:0.331685, seg_loss:0.3100, bm_loss:0.0073, ti_loss:0.0000
Saved checkpoint at epoch 35

Validating epoch 35 on all test datasets...
Testing on TN3K...
  TN3K - Dice: 0.8832, HD95: 11.0095
  TN3K - Benign/Malignant: Acc=0.7166, Prec=0.5198, Rec=0.3787, F1=0.4334, AUC=0.7642
  TN3K - TI-RADS: Acc=0.0000, Prec=0.0000, Rec=0.0000, F1=0.0000, AUC=0.0000
Testing on DDTI...
  DDTI - Dice: 0.8011, HD95: 18.0121
  DDTI - Benign/Malignant: Acc=0.0000, Prec=0.0000, Rec=0.0000, F1=0.0000, AUC=0.0000
  DDTI - TI-RADS: Acc=0.0000, Prec=0.0000, Rec=0.0000, F1=0.0000, AUC=0.0000
Testing on ThyroidXL...
  ThyroidXL - Dice: 0.8437, HD95: 9.9211
  ThyroidXL - Benign/Malignant: Acc=0.8019, Prec=0.7061, Rec=0.6818, F1=0.6708, AUC=0.8825
  ThyroidXL - TI-RADS: Acc=0.0000, Prec=0.0000, Rec=0.0000, F1=0.0000, AUC=0.0000
Testing on PKTN...
  PKTN - Dice: 0.8071, HD95: 14.4421
  PKTN - Benign/Malignant: Acc=0.0000, Prec=0.0000, Rec=0.0000, F1=0.0000, AUC=0.0000
  PKTN - TI-RADS: Acc=0.0000, Prec=0.0000, Rec=0.0000, F1=0.0000, AUC=0.0000
Testing on TN5K...
  TN5K - Dice: 0.7868, HD95: 14.5900
  TN5K - Benign/Malignant: Acc=0.6940, Prec=0.5734, Rec=0.4891, F1=0.4963, AUC=0.8149
  TN5K - TI-RADS: Acc=0.0000, Prec=0.0000, Rec=0.0000, F1=0.0000, AUC=0.0000
Epoch:36: loss:0.325339, seg_loss:0.4258, bm_loss:0.0045, ti_loss:0.0000
Epoch:37: loss:0.335982, seg_loss:0.3628, bm_loss:0.0037, ti_loss:0.0000
Epoch:38: loss:0.326528, seg_loss:0.2732, bm_loss:0.0021, ti_loss:0.0000
Epoch:39: loss:0.312112, seg_loss:0.2726, bm_loss:0.0020, ti_loss:0.0000
Epoch:40: loss:0.307581, seg_loss:0.3514, bm_loss:0.0019, ti_loss:0.0000
Saved checkpoint at epoch 40

Validating epoch 40 on all test datasets...
Testing on TN3K...
  TN3K - Dice: 0.8806, HD95: 11.4720
  TN3K - Benign/Malignant: Acc=0.7068, Prec=0.5100, Rec=0.3640, F1=0.4204, AUC=0.7650
  TN3K - TI-RADS: Acc=0.0000, Prec=0.0000, Rec=0.0000, F1=0.0000, AUC=0.0000
Testing on DDTI...
  DDTI - Dice: 0.7895, HD95: 19.3781
  DDTI - Benign/Malignant: Acc=0.0000, Prec=0.0000, Rec=0.0000, F1=0.0000, AUC=0.0000
  DDTI - TI-RADS: Acc=0.0000, Prec=0.0000, Rec=0.0000, F1=0.0000, AUC=0.0000
Testing on ThyroidXL...
  ThyroidXL - Dice: 0.8413, HD95: 10.1599
  ThyroidXL - Benign/Malignant: Acc=0.8033, Prec=0.7079, Rec=0.6843, F1=0.6727, AUC=0.8836
  ThyroidXL - TI-RADS: Acc=0.0000, Prec=0.0000, Rec=0.0000, F1=0.0000, AUC=0.0000
Testing on PKTN...
  PKTN - Dice: 0.8087, HD95: 14.3881
  PKTN - Benign/Malignant: Acc=0.0000, Prec=0.0000, Rec=0.0000, F1=0.0000, AUC=0.0000
  PKTN - TI-RADS: Acc=0.0000, Prec=0.0000, Rec=0.0000, F1=0.0000, AUC=0.0000
Testing on TN5K...
  TN5K - Dice: 0.7866, HD95: 14.3258
  TN5K - Benign/Malignant: Acc=0.7210, Prec=0.5685, Rec=0.5007, F1=0.5034, AUC=0.8226
  TN5K - TI-RADS: Acc=0.0000, Prec=0.0000, Rec=0.0000, F1=0.0000, AUC=0.0000
Epoch:41: loss:0.303601, seg_loss:0.2681, bm_loss:0.0012, ti_loss:0.0000
Epoch:42: loss:0.297083, seg_loss:0.3307, bm_loss:0.0003, ti_loss:0.0000
Epoch:43: loss:0.291137, seg_loss:0.3388, bm_loss:0.0011, ti_loss:0.0000
Epoch:44: loss:0.285667, seg_loss:0.3111, bm_loss:0.0004, ti_loss:0.0000
Epoch:45: loss:0.281569, seg_loss:0.2194, bm_loss:0.0016, ti_loss:0.0000
Saved checkpoint at epoch 45

Validating epoch 45 on all test datasets...
Testing on TN3K...
  TN3K - Dice: 0.8800, HD95: 11.1080
  TN3K - Benign/Malignant: Acc=0.7003, Prec=0.5100, Rec=0.3607, F1=0.4182, AUC=0.7650
  TN3K - TI-RADS: Acc=0.0000, Prec=0.0000, Rec=0.0000, F1=0.0000, AUC=0.0000
Testing on DDTI...
  DDTI - Dice: 0.7888, HD95: 19.1777
  DDTI - Benign/Malignant: Acc=0.0000, Prec=0.0000, Rec=0.0000, F1=0.0000, AUC=0.0000
  DDTI - TI-RADS: Acc=0.0000, Prec=0.0000, Rec=0.0000, F1=0.0000, AUC=0.0000
Testing on ThyroidXL...
  ThyroidXL - Dice: 0.8451, HD95: 9.8627
  ThyroidXL - Benign/Malignant: Acc=0.7995, Prec=0.7118, Rec=0.6846, F1=0.6736, AUC=0.8813
  ThyroidXL - TI-RADS: Acc=0.0000, Prec=0.0000, Rec=0.0000, F1=0.0000, AUC=0.0000
Testing on PKTN...
  PKTN - Dice: 0.8094, HD95: 13.9775
  PKTN - Benign/Malignant: Acc=0.0000, Prec=0.0000, Rec=0.0000, F1=0.0000, AUC=0.0000
  PKTN - TI-RADS: Acc=0.0000, Prec=0.0000, Rec=0.0000, F1=0.0000, AUC=0.0000
Testing on TN5K...
  TN5K - Dice: 0.7858, HD95: 14.2158
  TN5K - Benign/Malignant: Acc=0.7360, Prec=0.5658, Rec=0.4985, F1=0.5037, AUC=0.8231
  TN5K - TI-RADS: Acc=0.0000, Prec=0.0000, Rec=0.0000, F1=0.0000, AUC=0.0000
Epoch:46: loss:0.280287, seg_loss:0.2675, bm_loss:0.0212, ti_loss:0.0000
Epoch:47: loss:0.278828, seg_loss:0.2640, bm_loss:0.0017, ti_loss:0.0000
Epoch:48: loss:0.277132, seg_loss:0.2582, bm_loss:0.1650, ti_loss:0.0000
Epoch:49: loss:0.276980, seg_loss:0.2830, bm_loss:0.0036, ti_loss:0.0000
Epoch:50: loss:0.276327, seg_loss:0.2924, bm_loss:0.0011, ti_loss:0.0000
Saved checkpoint at epoch 50

Validating epoch 50 on all test datasets...
Testing on TN3K...
  TN3K - Dice: 0.8815, HD95: 11.2022
  TN3K - Benign/Malignant: Acc=0.7036, Prec=0.5100, Rec=0.3624, F1=0.4195, AUC=0.7653
  TN3K - TI-RADS: Acc=0.0000, Prec=0.0000, Rec=0.0000, F1=0.0000, AUC=0.0000
Testing on DDTI...
  DDTI - Dice: 0.7873, HD95: 19.2016
  DDTI - Benign/Malignant: Acc=0.0000, Prec=0.0000, Rec=0.0000, F1=0.0000, AUC=0.0000
  DDTI - TI-RADS: Acc=0.0000, Prec=0.0000, Rec=0.0000, F1=0.0000, AUC=0.0000
Testing on ThyroidXL...
  ThyroidXL - Dice: 0.8423, HD95: 9.9855
  ThyroidXL - Benign/Malignant: Acc=0.7957, Prec=0.7073, Rec=0.6803, F1=0.6694, AUC=0.8819
  ThyroidXL - TI-RADS: Acc=0.0000, Prec=0.0000, Rec=0.0000, F1=0.0000, AUC=0.0000
Testing on PKTN...
  PKTN - Dice: 0.8097, HD95: 14.0727
  PKTN - Benign/Malignant: Acc=0.0000, Prec=0.0000, Rec=0.0000, F1=0.0000, AUC=0.0000
  PKTN - TI-RADS: Acc=0.0000, Prec=0.0000, Rec=0.0000, F1=0.0000, AUC=0.0000
Testing on TN5K...
  TN5K - Dice: 0.7891, HD95: 13.9228
  TN5K - Benign/Malignant: Acc=0.7350, Prec=0.5743, Rec=0.5096, F1=0.5119, AUC=0.8229
  TN5K - TI-RADS: Acc=0.0000, Prec=0.0000, Rec=0.0000, F1=0.0000, AUC=0.0000

========== Training Completed ==========
Training completed at Thu Dec 11 13:59:51 2025

===== Dice Scores Summary =====
Dataset: TN3K
Dice scores per epoch: [0.8558, 0.8641, 0.855, 0.8719, 0.8809, 0.8755, 0.8832, 0.8806, 0.88, 0.8815]
Best Dice: 0.8832 at epoch 35

Dataset: DDTI
Dice scores per epoch: [0.7784, 0.79, 0.7647, 0.7789, 0.805, 0.7914, 0.8011, 0.7895, 0.7888, 0.7873]
Best Dice: 0.8050 at epoch 25

Dataset: ThyroidXL
Dice scores per epoch: [0.7991, 0.8153, 0.8263, 0.7967, 0.8406, 0.8401, 0.8437, 0.8413, 0.8451, 0.8423]
Best Dice: 0.8451 at epoch 45

Dataset: PKTN
Dice scores per epoch: [0.7653, 0.7792, 0.7418, 0.7891, 0.8023, 0.8106, 0.8071, 0.8087, 0.8094, 0.8097]
Best Dice: 0.8106 at epoch 30

Dataset: TN5K
Dice scores per epoch: [0.7355, 0.7535, 0.7376, 0.7704, 0.7869, 0.7845, 0.7868, 0.7866, 0.7858, 0.7891]
Best Dice: 0.7891 at epoch 50

===== HD95 Scores Summary =====
Dataset: TN3K
HD95 scores per epoch: [14.6341, 14.7699, 15.3804, 13.2748, 11.1721, 12.0394, 11.0095, 11.472, 11.108, 11.2022]
Best HD95: 11.0095 at epoch 35

Dataset: DDTI
HD95 scores per epoch: [23.585, 20.9193, 26.0032, 21.0588, 18.0131, 19.4025, 18.0121, 19.3781, 19.1777, 19.2016]
Best HD95: 18.0121 at epoch 35

Dataset: ThyroidXL
HD95 scores per epoch: [14.5295, 12.9757, 12.4035, 15.488, 10.0653, 10.706, 9.9211, 10.1599, 9.8627, 9.9855]
Best HD95: 9.8627 at epoch 45

Dataset: PKTN
HD95 scores per epoch: [20.0895, 18.5438, 21.4943, 17.0653, 14.9746, 13.9031, 14.4421, 14.3881, 13.9775, 14.0727]
Best HD95: 13.9031 at epoch 30

Dataset: TN5K
HD95 scores per epoch: [19.9746, 18.0113, 18.6427, 16.3722, 14.712, 14.5746, 14.59, 14.3258, 14.2158, 13.9228]
Best HD95: 13.9228 at epoch 50


===== Benign/Malignant Classification Metrics Summary =====
Dataset: TN3K
Accuracy per epoch: [0.7508, 0.6694, 0.6661, 0.6726, 0.7215, 0.702, 0.7166, 0.7068, 0.7003, 0.7036]
Best Accuracy: 0.7508 at epoch 5
Precision per epoch: [0.51, 0.5198, 0.51, 0.5187, 0.5198, 0.51, 0.5198, 0.51, 0.51, 0.51]
Best Precision: 0.5198 at epoch 10
Recall per epoch: [0.386, 0.355, 0.3436, 0.3559, 0.3811, 0.3616, 0.3787, 0.364, 0.3607, 0.3624]
Best Recall: 0.3860 at epoch 5
F1-Score per epoch: [0.4365, 0.4165, 0.4046, 0.416, 0.4354, 0.4195, 0.4334, 0.4204, 0.4182, 0.4195]
Best F1-Score: 0.4365 at epoch 5
AUC per epoch: [0.8092, 0.7668, 0.7408, 0.7475, 0.7665, 0.768, 0.7642, 0.765, 0.765, 0.7653]
Best AUC: 0.8092 at epoch 5

Dataset: DDTI
Accuracy per epoch: [0.0, 0.0, 0.0, 0.0, 0.0, 0.0, 0.0, 0.0, 0.0, 0.0]
Best Accuracy: 0.0000 at epoch 5
Precision per epoch: [0.0, 0.0, 0.0, 0.0, 0.0, 0.0, 0.0, 0.0, 0.0, 0.0]
Best Precision: 0.0000 at epoch 5
Recall per epoch: [0.0, 0.0, 0.0, 0.0, 0.0, 0.0, 0.0, 0.0, 0.0, 0.0]
Best Recall: 0.0000 at epoch 5
F1-Score per epoch: [0.0, 0.0, 0.0, 0.0, 0.0, 0.0, 0.0, 0.0, 0.0, 0.0]
Best F1-Score: 0.0000 at epoch 5
AUC per epoch: [0.0, 0.0, 0.0, 0.0, 0.0, 0.0, 0.0, 0.0, 0.0, 0.0]
Best AUC: 0.0000 at epoch 5

Dataset: ThyroidXL
Accuracy per epoch: [0.6493, 0.6986, 0.7249, 0.7249, 0.7421, 0.8005, 0.8019, 0.8033, 0.7995, 0.7957]
Best Accuracy: 0.8033 at epoch 40
Precision per epoch: [0.6693, 0.6789, 0.6959, 0.6858, 0.7062, 0.7003, 0.7061, 0.7079, 0.7118, 0.7073]
Best Precision: 0.7118 at epoch 45
Recall per epoch: [0.6129, 0.6298, 0.643, 0.6422, 0.6477, 0.6769, 0.6818, 0.6843, 0.6846, 0.6803]
Best Recall: 0.6846 at epoch 45
F1-Score per epoch: [0.5691, 0.5989, 0.6219, 0.6174, 0.6323, 0.6655, 0.6708, 0.6727, 0.6736, 0.6694]
Best F1-Score: 0.6736 at epoch 45
AUC per epoch: [0.8473, 0.8471, 0.867, 0.8464, 0.8683, 0.8774, 0.8825, 0.8836, 0.8813, 0.8819]
Best AUC: 0.8836 at epoch 40

Dataset: PKTN
Accuracy per epoch: [0.0, 0.0, 0.0, 0.0, 0.0, 0.0, 0.0, 0.0, 0.0, 0.0]
Best Accuracy: 0.0000 at epoch 5
Precision per epoch: [0.0, 0.0, 0.0, 0.0, 0.0, 0.0, 0.0, 0.0, 0.0, 0.0]
Best Precision: 0.0000 at epoch 5
Recall per epoch: [0.0, 0.0, 0.0, 0.0, 0.0, 0.0, 0.0, 0.0, 0.0, 0.0]
Best Recall: 0.0000 at epoch 5
F1-Score per epoch: [0.0, 0.0, 0.0, 0.0, 0.0, 0.0, 0.0, 0.0, 0.0, 0.0]
Best F1-Score: 0.0000 at epoch 5
AUC per epoch: [0.0, 0.0, 0.0, 0.0, 0.0, 0.0, 0.0, 0.0, 0.0, 0.0]
Best AUC: 0.0000 at epoch 5

Dataset: TN5K
Accuracy per epoch: [0.749, 0.757, 0.688, 0.728, 0.752, 0.765, 0.694, 0.721, 0.736, 0.735]
Best Accuracy: 0.7650 at epoch 30
Precision per epoch: [0.5789, 0.5826, 0.5656, 0.5871, 0.5866, 0.5886, 0.5734, 0.5685, 0.5658, 0.5743]
Best Precision: 0.5886 at epoch 30
Recall per epoch: [0.5057, 0.5258, 0.4826, 0.5172, 0.527, 0.5352, 0.4891, 0.5007, 0.4985, 0.5096]
Best Recall: 0.5352 at epoch 30
F1-Score per epoch: [0.5194, 0.5297, 0.49, 0.5236, 0.532, 0.5369, 0.4963, 0.5034, 0.5037, 0.5119]
Best F1-Score: 0.5369 at epoch 30
AUC per epoch: [0.8258, 0.806, 0.7978, 0.8107, 0.8082, 0.8244, 0.8149, 0.8226, 0.8231, 0.8229]
Best AUC: 0.8258 at epoch 5


===== TI-RADS Classification Metrics Summary =====
Dataset: TN3K
Accuracy per epoch: [0.0, 0.0, 0.0, 0.0, 0.0, 0.0, 0.0, 0.0, 0.0, 0.0]
Best Accuracy: 0.0000 at epoch 5
Precision per epoch: [0.0, 0.0, 0.0, 0.0, 0.0, 0.0, 0.0, 0.0, 0.0, 0.0]
Best Precision: 0.0000 at epoch 5
Recall per epoch: [0.0, 0.0, 0.0, 0.0, 0.0, 0.0, 0.0, 0.0, 0.0, 0.0]
Best Recall: 0.0000 at epoch 5
F1-Score per epoch: [0.0, 0.0, 0.0, 0.0, 0.0, 0.0, 0.0, 0.0, 0.0, 0.0]
Best F1-Score: 0.0000 at epoch 5
AUC per epoch: [0.0, 0.0, 0.0, 0.0, 0.0, 0.0, 0.0, 0.0, 0.0, 0.0]
Best AUC: 0.0000 at epoch 5

Dataset: DDTI
Accuracy per epoch: [0.0, 0.0, 0.0, 0.0, 0.0, 0.0, 0.0, 0.0, 0.0, 0.0]
Best Accuracy: 0.0000 at epoch 5
Precision per epoch: [0.0, 0.0, 0.0, 0.0, 0.0, 0.0, 0.0, 0.0, 0.0, 0.0]
Best Precision: 0.0000 at epoch 5
Recall per epoch: [0.0, 0.0, 0.0, 0.0, 0.0, 0.0, 0.0, 0.0, 0.0, 0.0]
Best Recall: 0.0000 at epoch 5
F1-Score per epoch: [0.0, 0.0, 0.0, 0.0, 0.0, 0.0, 0.0, 0.0, 0.0, 0.0]
Best F1-Score: 0.0000 at epoch 5
AUC per epoch: [0.0, 0.0, 0.0, 0.0, 0.0, 0.0, 0.0, 0.0, 0.0, 0.0]
Best AUC: 0.0000 at epoch 5

Dataset: ThyroidXL
Accuracy per epoch: [0.0, 0.0, 0.0, 0.0, 0.0, 0.0, 0.0, 0.0, 0.0, 0.0]
Best Accuracy: 0.0000 at epoch 5
Precision per epoch: [0.0, 0.0, 0.0, 0.0, 0.0, 0.0, 0.0, 0.0, 0.0, 0.0]
Best Precision: 0.0000 at epoch 5
Recall per epoch: [0.0, 0.0, 0.0, 0.0, 0.0, 0.0, 0.0, 0.0, 0.0, 0.0]
Best Recall: 0.0000 at epoch 5
F1-Score per epoch: [0.0, 0.0, 0.0, 0.0, 0.0, 0.0, 0.0, 0.0, 0.0, 0.0]
Best F1-Score: 0.0000 at epoch 5
AUC per epoch: [0.0, 0.0, 0.0, 0.0, 0.0, 0.0, 0.0, 0.0, 0.0, 0.0]
Best AUC: 0.0000 at epoch 5

Dataset: PKTN
Accuracy per epoch: [0.0, 0.0, 0.0, 0.0, 0.0, 0.0, 0.0, 0.0, 0.0, 0.0]
Best Accuracy: 0.0000 at epoch 5
Precision per epoch: [0.0, 0.0, 0.0, 0.0, 0.0, 0.0, 0.0, 0.0, 0.0, 0.0]
Best Precision: 0.0000 at epoch 5
Recall per epoch: [0.0, 0.0, 0.0, 0.0, 0.0, 0.0, 0.0, 0.0, 0.0, 0.0]
Best Recall: 0.0000 at epoch 5
F1-Score per epoch: [0.0, 0.0, 0.0, 0.0, 0.0, 0.0, 0.0, 0.0, 0.0, 0.0]
Best F1-Score: 0.0000 at epoch 5
AUC per epoch: [0.0, 0.0, 0.0, 0.0, 0.0, 0.0, 0.0, 0.0, 0.0, 0.0]
Best AUC: 0.0000 at epoch 5

Dataset: TN5K
Accuracy per epoch: [0.0, 0.0, 0.0, 0.0, 0.0, 0.0, 0.0, 0.0, 0.0, 0.0]
Best Accuracy: 0.0000 at epoch 5
Precision per epoch: [0.0, 0.0, 0.0, 0.0, 0.0, 0.0, 0.0, 0.0, 0.0, 0.0]
Best Precision: 0.0000 at epoch 5
Recall per epoch: [0.0, 0.0, 0.0, 0.0, 0.0, 0.0, 0.0, 0.0, 0.0, 0.0]
Best Recall: 0.0000 at epoch 5
F1-Score per epoch: [0.0, 0.0, 0.0, 0.0, 0.0, 0.0, 0.0, 0.0, 0.0, 0.0]
Best F1-Score: 0.0000 at epoch 5
AUC per epoch: [0.0, 0.0, 0.0, 0.0, 0.0, 0.0, 0.0, 0.0, 0.0, 0.0]
Best AUC: 0.0000 at epoch 5

