Training started at Wed Dec 17 12:33:32 2025
Method: dino_unet
Dataset: train_multitask_dataset1
Epochs: 50
Learning Rate: 0.0001
Batch Size: 12
Train Image Path: /mnt/wangbd8/workspace/DataSets/ThyroidAgent/Superimposed_multitask/dataset_1/images/
Train Mask Path: /mnt/wangbd8/workspace/DataSets/ThyroidAgent/Superimposed_multitask/dataset_1/masks/
Number of test datasets: 5
Test Dataset 1: TN3K
  Image path: /mnt/wangbd8/workspace/DataSets/ThyroidAgent/TN3K/test-image/
  Mask path: /mnt/wangbd8/workspace/DataSets/ThyroidAgent/TN3K/test-mask/
Test Dataset 2: DDTI
  Image path: /mnt/wangbd8/workspace/DataSets/ThyroidAgent/DDTI/2_preprocessed_data/stage1/p_image/
  Mask path: /mnt/wangbd8/workspace/DataSets/ThyroidAgent/DDTI/2_preprocessed_data/stage1/p_mask/
Test Dataset 3: ThyroidXL
  Image path: /mnt/wangbd8/workspace/DataSets/ThyroidAgent/ThyroidXL/test/images/
  Mask path: /mnt/wangbd8/workspace/DataSets/ThyroidAgent/ThyroidXL/test/masks/
Test Dataset 4: PKTN
  Image path: /mnt/wangbd8/workspace/DataSets/ThyroidAgent/PKTN_processed/images/
  Mask path: /mnt/wangbd8/workspace/DataSets/ThyroidAgent/PKTN_processed/masks/
Test Dataset 5: TN5K
  Image path: /mnt/wangbd8/workspace/DataSets/ThyroidAgent/TN5K_processed/test/images/
  Mask path: /mnt/wangbd8/workspace/DataSets/ThyroidAgent/TN5K_processed/test/masks/
Training set - Benign/Malignant: Benign=2331 (49.25%), Malignant=2402 (50.75%)
Auto-adjusted tau=0.30 (imbalance_ratio=1.03)
GLA parameters: p_benign=0.4925, p_malignant=0.5075, tau=0.30
Logit adjustment magnitude: 0.0090
Training set - TI-RADS distribution: [0, 0, 0, 0, 0]
TI-RADS probabilities: [0.20000000298023224, 0.20000000298023224, 0.20000000298023224, 0.20000000298023224, 0.20000000298023224]
Epoch:1: seg_loss:1.1147, bm_loss:0.5508, ti_loss:0.0000
Epoch:2: seg_loss:1.0508, bm_loss:0.6801, ti_loss:0.0000
Epoch:3: seg_loss:1.0606, bm_loss:0.5824, ti_loss:0.0000
Epoch:4: seg_loss:0.7894, bm_loss:0.4478, ti_loss:0.0000
Epoch:5: seg_loss:0.6627, bm_loss:0.4237, ti_loss:0.0000
Saved checkpoint at epoch 5

Validating epoch 5 on all test datasets...
Testing on TN3K...
  TN3K - Dice: 0.8249, HD95: 23.6222
  TN3K - Benign/Malignant: Acc=0.6710, Prec=0.5518, Rec=0.7669, F1=0.6418, AUROC=0.7772, AUPRC=0.6720
  TN3K - TI-RADS: Acc=0.0000, Prec=0.0000, Rec=0.0000, F1=0.0000, AUC=0.0000
Testing on DDTI...
  DDTI - Dice: 0.7536, HD95: 27.7927
  DDTI - Benign/Malignant: Acc=0.0000, Prec=0.0000, Rec=0.0000, F1=0.0000, AUROC=0.0000, AUPRC=0.0000
  DDTI - TI-RADS: Acc=0.0000, Prec=0.0000, Rec=0.0000, F1=0.0000, AUC=0.0000
Testing on ThyroidXL...
  ThyroidXL - Dice: 0.7623, HD95: 19.7192
  ThyroidXL - Benign/Malignant: Acc=0.6167, Prec=0.5502, Rec=0.9546, F1=0.6981, AUROC=0.7906, AUPRC=0.7370
  ThyroidXL - TI-RADS: Acc=0.0000, Prec=0.0000, Rec=0.0000, F1=0.0000, AUC=0.0000
Testing on PKTN...
  PKTN - Dice: 0.6722, HD95: 35.2815
  PKTN - Benign/Malignant: Acc=0.0000, Prec=0.0000, Rec=0.0000, F1=0.0000, AUROC=0.0000, AUPRC=0.0000
  PKTN - TI-RADS: Acc=0.0000, Prec=0.0000, Rec=0.0000, F1=0.0000, AUC=0.0000
Testing on TN5K...
  TN5K - Dice: 0.6926, HD95: 27.6515
  TN5K - Benign/Malignant: Acc=0.7850, Prec=0.8613, Rec=0.8413, F1=0.8512, AUROC=0.8202, AUPRC=0.9121
  TN5K - TI-RADS: Acc=0.0000, Prec=0.0000, Rec=0.0000, F1=0.0000, AUC=0.0000
Epoch:6: seg_loss:0.6301, bm_loss:0.3909, ti_loss:0.0000
Epoch:7: seg_loss:0.6098, bm_loss:0.2254, ti_loss:0.0000
Epoch:8: seg_loss:0.5255, bm_loss:0.4005, ti_loss:0.0000
Epoch:9: seg_loss:0.5316, bm_loss:0.5962, ti_loss:0.0000
Epoch:10: seg_loss:0.5533, bm_loss:0.1182, ti_loss:0.0000
Saved checkpoint at epoch 10

Validating epoch 10 on all test datasets...
Testing on TN3K...
  TN3K - Dice: 0.8711, HD95: 13.0299
  TN3K - Benign/Malignant: Acc=0.7264, Prec=0.6278, Rec=0.7076, F1=0.6653, AUROC=0.7966, AUPRC=0.7039
  TN3K - TI-RADS: Acc=0.0000, Prec=0.0000, Rec=0.0000, F1=0.0000, AUC=0.0000
Testing on DDTI...
  DDTI - Dice: 0.7869, HD95: 21.1503
  DDTI - Benign/Malignant: Acc=0.0000, Prec=0.0000, Rec=0.0000, F1=0.0000, AUROC=0.0000, AUPRC=0.0000
  DDTI - TI-RADS: Acc=0.0000, Prec=0.0000, Rec=0.0000, F1=0.0000, AUC=0.0000
Testing on ThyroidXL...
  ThyroidXL - Dice: 0.8369, HD95: 11.3057
  ThyroidXL - Benign/Malignant: Acc=0.7493, Prec=0.6614, Rec=0.9423, F1=0.7772, AUROC=0.8799, AUPRC=0.8455
  ThyroidXL - TI-RADS: Acc=0.0000, Prec=0.0000, Rec=0.0000, F1=0.0000, AUC=0.0000
Testing on PKTN...
  PKTN - Dice: 0.7973, HD95: 16.3341
  PKTN - Benign/Malignant: Acc=0.0000, Prec=0.0000, Rec=0.0000, F1=0.0000, AUROC=0.0000, AUPRC=0.0000
  PKTN - TI-RADS: Acc=0.0000, Prec=0.0000, Rec=0.0000, F1=0.0000, AUC=0.0000
Testing on TN5K...
  TN5K - Dice: 0.7669, HD95: 16.6243
  TN5K - Benign/Malignant: Acc=0.7780, Prec=0.8946, Rec=0.7893, F1=0.8387, AUROC=0.8439, AUPRC=0.9321
  TN5K - TI-RADS: Acc=0.0000, Prec=0.0000, Rec=0.0000, F1=0.0000, AUC=0.0000
Epoch:11: seg_loss:0.4655, bm_loss:0.0972, ti_loss:0.0000
Epoch:12: seg_loss:0.4815, bm_loss:0.4841, ti_loss:0.0000
Epoch:13: seg_loss:0.4370, bm_loss:0.0997, ti_loss:0.0000
Epoch:14: seg_loss:0.4055, bm_loss:0.4465, ti_loss:0.0000
Epoch:15: seg_loss:0.6006, bm_loss:0.1615, ti_loss:0.0000
Saved checkpoint at epoch 15

Validating epoch 15 on all test datasets...
Testing on TN3K...
  TN3K - Dice: 0.8551, HD95: 14.9798
  TN3K - Benign/Malignant: Acc=0.6580, Prec=0.5374, Rec=0.7924, F1=0.6404, AUROC=0.7672, AUPRC=0.7028
  TN3K - TI-RADS: Acc=0.0000, Prec=0.0000, Rec=0.0000, F1=0.0000, AUC=0.0000
Testing on DDTI...
  DDTI - Dice: 0.7785, HD95: 21.9527
  DDTI - Benign/Malignant: Acc=0.0000, Prec=0.0000, Rec=0.0000, F1=0.0000, AUROC=0.0000, AUPRC=0.0000
  DDTI - TI-RADS: Acc=0.0000, Prec=0.0000, Rec=0.0000, F1=0.0000, AUC=0.0000
Testing on ThyroidXL...
  ThyroidXL - Dice: 0.8297, HD95: 12.1428
  ThyroidXL - Benign/Malignant: Acc=0.7478, Prec=0.6609, Rec=0.9381, F1=0.7755, AUROC=0.8797, AUPRC=0.8550
  ThyroidXL - TI-RADS: Acc=0.0000, Prec=0.0000, Rec=0.0000, F1=0.0000, AUC=0.0000
Testing on PKTN...
  PKTN - Dice: 0.7592, HD95: 19.6002
  PKTN - Benign/Malignant: Acc=0.0000, Prec=0.0000, Rec=0.0000, F1=0.0000, AUROC=0.0000, AUPRC=0.0000
  PKTN - TI-RADS: Acc=0.0000, Prec=0.0000, Rec=0.0000, F1=0.0000, AUC=0.0000
Testing on TN5K...
  TN5K - Dice: 0.7427, HD95: 19.2295
  TN5K - Benign/Malignant: Acc=0.7700, Prec=0.8778, Rec=0.7962, F1=0.8350, AUROC=0.8206, AUPRC=0.9148
  TN5K - TI-RADS: Acc=0.0000, Prec=0.0000, Rec=0.0000, F1=0.0000, AUC=0.0000
Epoch:16: seg_loss:0.4849, bm_loss:0.1915, ti_loss:0.0000
Epoch:17: seg_loss:0.4226, bm_loss:0.0415, ti_loss:0.0000
Epoch:18: seg_loss:0.3997, bm_loss:0.0430, ti_loss:0.0000
Epoch:19: seg_loss:0.3289, bm_loss:0.0258, ti_loss:0.0000
Epoch:20: seg_loss:0.4864, bm_loss:0.0517, ti_loss:0.0000
Saved checkpoint at epoch 20

Validating epoch 20 on all test datasets...
Testing on TN3K...
  TN3K - Dice: 0.8754, HD95: 12.5257
  TN3K - Benign/Malignant: Acc=0.6954, Prec=0.5745, Rec=0.8008, F1=0.6690, AUROC=0.7935, AUPRC=0.7087
  TN3K - TI-RADS: Acc=0.0000, Prec=0.0000, Rec=0.0000, F1=0.0000, AUC=0.0000
Testing on DDTI...
  DDTI - Dice: 0.7970, HD95: 19.5825
  DDTI - Benign/Malignant: Acc=0.0000, Prec=0.0000, Rec=0.0000, F1=0.0000, AUROC=0.0000, AUPRC=0.0000
  DDTI - TI-RADS: Acc=0.0000, Prec=0.0000, Rec=0.0000, F1=0.0000, AUC=0.0000
Testing on ThyroidXL...
  ThyroidXL - Dice: 0.8272, HD95: 11.1142
  ThyroidXL - Benign/Malignant: Acc=0.7579, Prec=0.6755, Rec=0.9206, F1=0.7792, AUROC=0.8768, AUPRC=0.8421
  ThyroidXL - TI-RADS: Acc=0.0000, Prec=0.0000, Rec=0.0000, F1=0.0000, AUC=0.0000
Testing on PKTN...
  PKTN - Dice: 0.7978, HD95: 15.4425
  PKTN - Benign/Malignant: Acc=0.0000, Prec=0.0000, Rec=0.0000, F1=0.0000, AUROC=0.0000, AUPRC=0.0000
  PKTN - TI-RADS: Acc=0.0000, Prec=0.0000, Rec=0.0000, F1=0.0000, AUC=0.0000
Testing on TN5K...
  TN5K - Dice: 0.7831, HD95: 14.5819
  TN5K - Benign/Malignant: Acc=0.7780, Prec=0.8726, Rec=0.8153, F1=0.8430, AUROC=0.8268, AUPRC=0.9197
  TN5K - TI-RADS: Acc=0.0000, Prec=0.0000, Rec=0.0000, F1=0.0000, AUC=0.0000
Epoch:21: seg_loss:0.5365, bm_loss:0.0053, ti_loss:0.0000
Epoch:22: seg_loss:0.4049, bm_loss:0.0720, ti_loss:0.0000
Epoch:23: seg_loss:0.5543, bm_loss:0.0674, ti_loss:0.0000
Epoch:24: seg_loss:0.3104, bm_loss:0.0898, ti_loss:0.0000
Epoch:25: seg_loss:0.3512, bm_loss:0.0219, ti_loss:0.0000
Saved checkpoint at epoch 25

Validating epoch 25 on all test datasets...
Testing on TN3K...
  TN3K - Dice: 0.8753, HD95: 11.8904
  TN3K - Benign/Malignant: Acc=0.7427, Prec=0.6653, Rec=0.6653, F1=0.6653, AUROC=0.7910, AUPRC=0.6875
  TN3K - TI-RADS: Acc=0.0000, Prec=0.0000, Rec=0.0000, F1=0.0000, AUC=0.0000
Testing on DDTI...
  DDTI - Dice: 0.7902, HD95: 18.6748
  DDTI - Benign/Malignant: Acc=0.0000, Prec=0.0000, Rec=0.0000, F1=0.0000, AUROC=0.0000, AUPRC=0.0000
  DDTI - TI-RADS: Acc=0.0000, Prec=0.0000, Rec=0.0000, F1=0.0000, AUC=0.0000
Testing on ThyroidXL...
  ThyroidXL - Dice: 0.8351, HD95: 10.3824
  ThyroidXL - Benign/Malignant: Acc=0.8053, Prec=0.7633, Rec=0.8412, F1=0.8004, AUROC=0.8836, AUPRC=0.8551
  ThyroidXL - TI-RADS: Acc=0.0000, Prec=0.0000, Rec=0.0000, F1=0.0000, AUC=0.0000
Testing on PKTN...
  PKTN - Dice: 0.8092, HD95: 14.6794
  PKTN - Benign/Malignant: Acc=0.0000, Prec=0.0000, Rec=0.0000, F1=0.0000, AUROC=0.0000, AUPRC=0.0000
  PKTN - TI-RADS: Acc=0.0000, Prec=0.0000, Rec=0.0000, F1=0.0000, AUC=0.0000
Testing on TN5K...
  TN5K - Dice: 0.7955, HD95: 14.5852
  TN5K - Benign/Malignant: Acc=0.7640, Prec=0.9319, Rec=0.7305, F1=0.8190, AUROC=0.8537, AUPRC=0.9253
  TN5K - TI-RADS: Acc=0.0000, Prec=0.0000, Rec=0.0000, F1=0.0000, AUC=0.0000
Epoch:26: seg_loss:0.4327, bm_loss:0.0121, ti_loss:0.0000
Epoch:27: seg_loss:0.3759, bm_loss:0.0205, ti_loss:0.0000
Epoch:28: seg_loss:0.3307, bm_loss:0.0231, ti_loss:0.0000
Epoch:29: seg_loss:0.4090, bm_loss:0.0417, ti_loss:0.0000
Epoch:30: seg_loss:0.3650, bm_loss:0.0063, ti_loss:0.0000
Saved checkpoint at epoch 30

Validating epoch 30 on all test datasets...
Testing on TN3K...
  TN3K - Dice: 0.8791, HD95: 11.6733
  TN3K - Benign/Malignant: Acc=0.7264, Prec=0.6241, Rec=0.7246, F1=0.6706, AUROC=0.7703, AUPRC=0.6707
  TN3K - TI-RADS: Acc=0.0000, Prec=0.0000, Rec=0.0000, F1=0.0000, AUC=0.0000
Testing on DDTI...
  DDTI - Dice: 0.8054, HD95: 18.1737
  DDTI - Benign/Malignant: Acc=0.0000, Prec=0.0000, Rec=0.0000, F1=0.0000, AUROC=0.0000, AUPRC=0.0000
  DDTI - TI-RADS: Acc=0.0000, Prec=0.0000, Rec=0.0000, F1=0.0000, AUC=0.0000
Testing on ThyroidXL...
  ThyroidXL - Dice: 0.8366, HD95: 10.0651
  ThyroidXL - Benign/Malignant: Acc=0.8072, Prec=0.7703, Rec=0.8330, F1=0.8004, AUROC=0.8813, AUPRC=0.8513
  ThyroidXL - TI-RADS: Acc=0.0000, Prec=0.0000, Rec=0.0000, F1=0.0000, AUC=0.0000
Testing on PKTN...
  PKTN - Dice: 0.8098, HD95: 13.6919
  PKTN - Benign/Malignant: Acc=0.0000, Prec=0.0000, Rec=0.0000, F1=0.0000, AUROC=0.0000, AUPRC=0.0000
  PKTN - TI-RADS: Acc=0.0000, Prec=0.0000, Rec=0.0000, F1=0.0000, AUC=0.0000
Testing on TN5K...
  TN5K - Dice: 0.7981, HD95: 13.6138
  TN5K - Benign/Malignant: Acc=0.7410, Prec=0.9229, Rec=0.7045, F1=0.7991, AUROC=0.8355, AUPRC=0.9247
  TN5K - TI-RADS: Acc=0.0000, Prec=0.0000, Rec=0.0000, F1=0.0000, AUC=0.0000
Epoch:31: seg_loss:0.3266, bm_loss:0.0025, ti_loss:0.0000
Epoch:32: seg_loss:0.3200, bm_loss:0.1298, ti_loss:0.0000
Epoch:33: seg_loss:0.2606, bm_loss:0.0020, ti_loss:0.0000
Epoch:34: seg_loss:0.2846, bm_loss:0.0012, ti_loss:0.0000
Epoch:35: seg_loss:0.2940, bm_loss:0.0016, ti_loss:0.0000
Saved checkpoint at epoch 35

Validating epoch 35 on all test datasets...
Testing on TN3K...
  TN3K - Dice: 0.8807, HD95: 12.3672
  TN3K - Benign/Malignant: Acc=0.7134, Prec=0.6095, Rec=0.7076, F1=0.6549, AUROC=0.7740, AUPRC=0.6596
  TN3K - TI-RADS: Acc=0.0000, Prec=0.0000, Rec=0.0000, F1=0.0000, AUC=0.0000
Testing on DDTI...
  DDTI - Dice: 0.7886, HD95: 20.0671
  DDTI - Benign/Malignant: Acc=0.0000, Prec=0.0000, Rec=0.0000, F1=0.0000, AUROC=0.0000, AUPRC=0.0000
  DDTI - TI-RADS: Acc=0.0000, Prec=0.0000, Rec=0.0000, F1=0.0000, AUC=0.0000
Testing on ThyroidXL...
  ThyroidXL - Dice: 0.8437, HD95: 9.5298
  ThyroidXL - Benign/Malignant: Acc=0.8120, Prec=0.7766, Rec=0.8351, F1=0.8048, AUROC=0.8902, AUPRC=0.8656
  ThyroidXL - TI-RADS: Acc=0.0000, Prec=0.0000, Rec=0.0000, F1=0.0000, AUC=0.0000
Testing on PKTN...
  PKTN - Dice: 0.8092, HD95: 14.1750
  PKTN - Benign/Malignant: Acc=0.0000, Prec=0.0000, Rec=0.0000, F1=0.0000, AUROC=0.0000, AUPRC=0.0000
  PKTN - TI-RADS: Acc=0.0000, Prec=0.0000, Rec=0.0000, F1=0.0000, AUC=0.0000
Testing on TN5K...
  TN5K - Dice: 0.7995, HD95: 13.7413
  TN5K - Benign/Malignant: Acc=0.7290, Prec=0.9291, Rec=0.6813, F1=0.7861, AUROC=0.8363, AUPRC=0.9248
  TN5K - TI-RADS: Acc=0.0000, Prec=0.0000, Rec=0.0000, F1=0.0000, AUC=0.0000
Epoch:36: seg_loss:0.3590, bm_loss:0.0041, ti_loss:0.0000
Epoch:37: seg_loss:0.3224, bm_loss:0.0046, ti_loss:0.0000
Epoch:38: seg_loss:0.2500, bm_loss:0.0010, ti_loss:0.0000
Epoch:39: seg_loss:0.2307, bm_loss:0.0008, ti_loss:0.0000
Epoch:40: seg_loss:0.3735, bm_loss:0.0022, ti_loss:0.0000
Saved checkpoint at epoch 40

Validating epoch 40 on all test datasets...
Testing on TN3K...
  TN3K - Dice: 0.8810, HD95: 11.8611
  TN3K - Benign/Malignant: Acc=0.7166, Prec=0.6107, Rec=0.7246, F1=0.6628, AUROC=0.7755, AUPRC=0.6530
  TN3K - TI-RADS: Acc=0.0000, Prec=0.0000, Rec=0.0000, F1=0.0000, AUC=0.0000
Testing on DDTI...
  DDTI - Dice: 0.7963, HD95: 19.5483
  DDTI - Benign/Malignant: Acc=0.0000, Prec=0.0000, Rec=0.0000, F1=0.0000, AUROC=0.0000, AUPRC=0.0000
  DDTI - TI-RADS: Acc=0.0000, Prec=0.0000, Rec=0.0000, F1=0.0000, AUC=0.0000
Testing on ThyroidXL...
  ThyroidXL - Dice: 0.8434, HD95: 9.7537
  ThyroidXL - Benign/Malignant: Acc=0.8067, Prec=0.7540, Rec=0.8660, F1=0.8061, AUROC=0.8871, AUPRC=0.8503
  ThyroidXL - TI-RADS: Acc=0.0000, Prec=0.0000, Rec=0.0000, F1=0.0000, AUC=0.0000
Testing on PKTN...
  PKTN - Dice: 0.8112, HD95: 14.2750
  PKTN - Benign/Malignant: Acc=0.0000, Prec=0.0000, Rec=0.0000, F1=0.0000, AUROC=0.0000, AUPRC=0.0000
  PKTN - TI-RADS: Acc=0.0000, Prec=0.0000, Rec=0.0000, F1=0.0000, AUC=0.0000
Testing on TN5K...
  TN5K - Dice: 0.7975, HD95: 13.7274
  TN5K - Benign/Malignant: Acc=0.7280, Prec=0.9135, Rec=0.6936, F1=0.7885, AUROC=0.8358, AUPRC=0.9221
  TN5K - TI-RADS: Acc=0.0000, Prec=0.0000, Rec=0.0000, F1=0.0000, AUC=0.0000
Epoch:41: seg_loss:0.2536, bm_loss:0.0006, ti_loss:0.0000
Epoch:42: seg_loss:0.3315, bm_loss:0.0005, ti_loss:0.0000
Epoch:43: seg_loss:0.3055, bm_loss:0.0012, ti_loss:0.0000
Epoch:44: seg_loss:0.2952, bm_loss:0.0005, ti_loss:0.0000
Epoch:45: seg_loss:0.2000, bm_loss:0.0017, ti_loss:0.0000
Saved checkpoint at epoch 45

Validating epoch 45 on all test datasets...
Testing on TN3K...
  TN3K - Dice: 0.8804, HD95: 11.8608
  TN3K - Benign/Malignant: Acc=0.7182, Prec=0.6154, Rec=0.7119, F1=0.6601, AUROC=0.7714, AUPRC=0.6403
  TN3K - TI-RADS: Acc=0.0000, Prec=0.0000, Rec=0.0000, F1=0.0000, AUC=0.0000
Testing on DDTI...
  DDTI - Dice: 0.7909, HD95: 20.6133
  DDTI - Benign/Malignant: Acc=0.0000, Prec=0.0000, Rec=0.0000, F1=0.0000, AUROC=0.0000, AUPRC=0.0000
  DDTI - TI-RADS: Acc=0.0000, Prec=0.0000, Rec=0.0000, F1=0.0000, AUC=0.0000
Testing on ThyroidXL...
  ThyroidXL - Dice: 0.8446, HD95: 9.5945
  ThyroidXL - Benign/Malignant: Acc=0.8086, Prec=0.7634, Rec=0.8515, F1=0.8051, AUROC=0.8846, AUPRC=0.8446
  ThyroidXL - TI-RADS: Acc=0.0000, Prec=0.0000, Rec=0.0000, F1=0.0000, AUC=0.0000
Testing on PKTN...
  PKTN - Dice: 0.8118, HD95: 13.8604
  PKTN - Benign/Malignant: Acc=0.0000, Prec=0.0000, Rec=0.0000, F1=0.0000, AUROC=0.0000, AUPRC=0.0000
  PKTN - TI-RADS: Acc=0.0000, Prec=0.0000, Rec=0.0000, F1=0.0000, AUC=0.0000
Testing on TN5K...
  TN5K - Dice: 0.8026, HD95: 12.5984
  TN5K - Benign/Malignant: Acc=0.7300, Prec=0.9292, Rec=0.6826, F1=0.7871, AUROC=0.8403, AUPRC=0.9247
  TN5K - TI-RADS: Acc=0.0000, Prec=0.0000, Rec=0.0000, F1=0.0000, AUC=0.0000
Epoch:46: seg_loss:0.2549, bm_loss:0.0601, ti_loss:0.0000
Epoch:47: seg_loss:0.2247, bm_loss:0.0012, ti_loss:0.0000
Epoch:48: seg_loss:0.2446, bm_loss:0.0841, ti_loss:0.0000
Epoch:49: seg_loss:0.2835, bm_loss:0.0024, ti_loss:0.0000
Epoch:50: seg_loss:0.2839, bm_loss:0.0014, ti_loss:0.0000
Saved checkpoint at epoch 50

Validating epoch 50 on all test datasets...
Testing on TN3K...
  TN3K - Dice: 0.8804, HD95: 11.7931
  TN3K - Benign/Malignant: Acc=0.7101, Prec=0.6000, Rec=0.7373, F1=0.6616, AUROC=0.7756, AUPRC=0.6529
  TN3K - TI-RADS: Acc=0.0000, Prec=0.0000, Rec=0.0000, F1=0.0000, AUC=0.0000
Testing on DDTI...
  DDTI - Dice: 0.7929, HD95: 20.2758
  DDTI - Benign/Malignant: Acc=0.0000, Prec=0.0000, Rec=0.0000, F1=0.0000, AUROC=0.0000, AUPRC=0.0000
  DDTI - TI-RADS: Acc=0.0000, Prec=0.0000, Rec=0.0000, F1=0.0000, AUC=0.0000
Testing on ThyroidXL...
  ThyroidXL - Dice: 0.8438, HD95: 9.6407
  ThyroidXL - Benign/Malignant: Acc=0.8077, Prec=0.7572, Rec=0.8619, F1=0.8062, AUROC=0.8861, AUPRC=0.8480
  ThyroidXL - TI-RADS: Acc=0.0000, Prec=0.0000, Rec=0.0000, F1=0.0000, AUC=0.0000
Testing on PKTN...
  PKTN - Dice: 0.8124, HD95: 13.9294
  PKTN - Benign/Malignant: Acc=0.0000, Prec=0.0000, Rec=0.0000, F1=0.0000, AUROC=0.0000, AUPRC=0.0000
  PKTN - TI-RADS: Acc=0.0000, Prec=0.0000, Rec=0.0000, F1=0.0000, AUC=0.0000
Testing on TN5K...
  TN5K - Dice: 0.8024, HD95: 13.1995
  TN5K - Benign/Malignant: Acc=0.7380, Prec=0.9210, Rec=0.7018, F1=0.7966, AUROC=0.8425, AUPRC=0.9268
  TN5K - TI-RADS: Acc=0.0000, Prec=0.0000, Rec=0.0000, F1=0.0000, AUC=0.0000

========== Training Completed ==========
Training completed at Wed Dec 17 13:33:08 2025

===== Dice Scores Summary =====
Dataset: TN3K
Dice scores per epoch: [0.8249, 0.8711, 0.8551, 0.8754, 0.8753, 0.8791, 0.8807, 0.881, 0.8804, 0.8804]
Best Dice: 0.8810 at epoch 40

Dataset: DDTI
Dice scores per epoch: [0.7536, 0.7869, 0.7785, 0.797, 0.7902, 0.8054, 0.7886, 0.7963, 0.7909, 0.7929]
Best Dice: 0.8054 at epoch 30

Dataset: ThyroidXL
Dice scores per epoch: [0.7623, 0.8369, 0.8297, 0.8272, 0.8351, 0.8366, 0.8437, 0.8434, 0.8446, 0.8438]
Best Dice: 0.8446 at epoch 45

Dataset: PKTN
Dice scores per epoch: [0.6722, 0.7973, 0.7592, 0.7978, 0.8092, 0.8098, 0.8092, 0.8112, 0.8118, 0.8124]
Best Dice: 0.8124 at epoch 50

Dataset: TN5K
Dice scores per epoch: [0.6926, 0.7669, 0.7427, 0.7831, 0.7955, 0.7981, 0.7995, 0.7975, 0.8026, 0.8024]
Best Dice: 0.8026 at epoch 45

===== HD95 Scores Summary =====
Dataset: TN3K
HD95 scores per epoch: [np.float64(23.6222), np.float64(13.0299), np.float64(14.9798), np.float64(12.5257), np.float64(11.8904), np.float64(11.6733), np.float64(12.3672), np.float64(11.8611), np.float64(11.8608), np.float64(11.7931)]
Best HD95: 11.6733 at epoch 30

Dataset: DDTI
HD95 scores per epoch: [np.float64(27.7927), np.float64(21.1503), np.float64(21.9527), np.float64(19.5825), np.float64(18.6748), np.float64(18.1737), np.float64(20.0671), np.float64(19.5483), np.float64(20.6133), np.float64(20.2758)]
Best HD95: 18.1737 at epoch 30

Dataset: ThyroidXL
HD95 scores per epoch: [np.float64(19.7192), np.float64(11.3057), np.float64(12.1428), np.float64(11.1142), np.float64(10.3824), np.float64(10.0651), np.float64(9.5298), np.float64(9.7537), np.float64(9.5945), np.float64(9.6407)]
Best HD95: 9.5298 at epoch 35

Dataset: PKTN
HD95 scores per epoch: [np.float64(35.2815), np.float64(16.3341), np.float64(19.6002), np.float64(15.4425), np.float64(14.6794), np.float64(13.6919), np.float64(14.175), np.float64(14.275), np.float64(13.8604), np.float64(13.9294)]
Best HD95: 13.6919 at epoch 30

Dataset: TN5K
HD95 scores per epoch: [np.float64(27.6515), np.float64(16.6243), np.float64(19.2295), np.float64(14.5819), np.float64(14.5852), np.float64(13.6138), np.float64(13.7413), np.float64(13.7274), np.float64(12.5984), np.float64(13.1995)]
Best HD95: 12.5984 at epoch 45


===== Benign/Malignant Classification Metrics Summary =====
Dataset: TN3K
Accuracy per epoch: [np.float64(0.671), np.float64(0.7264), np.float64(0.658), np.float64(0.6954), np.float64(0.7427), np.float64(0.7264), np.float64(0.7134), np.float64(0.7166), np.float64(0.7182), np.float64(0.7101)]
Best Accuracy: 0.7427 at epoch 25
Precision per epoch: [0.5518, 0.6278, 0.5374, 0.5745, 0.6653, 0.6241, 0.6095, 0.6107, 0.6154, 0.6]
Best Precision: 0.6653 at epoch 25
Recall per epoch: [0.7669, 0.7076, 0.7924, 0.8008, 0.6653, 0.7246, 0.7076, 0.7246, 0.7119, 0.7373]
Best Recall: 0.8008 at epoch 20
F1-Score per epoch: [0.6418, 0.6653, 0.6404, 0.669, 0.6653, 0.6706, 0.6549, 0.6628, 0.6601, 0.6616]
Best F1-Score: 0.6706 at epoch 30
AUROC per epoch: [0.7772, 0.7966, 0.7672, 0.7935, 0.791, 0.7703, 0.774, 0.7755, 0.7714, 0.7756]
Best AUROC: 0.7966 at epoch 10
AUPRC per epoch: [0.672, 0.7039, 0.7028, 0.7087, 0.6875, 0.6707, 0.6596, 0.653, 0.6403, 0.6529]
Best AUPRC: 0.7087 at epoch 20

Dataset: DDTI
Accuracy per epoch: [0.0, 0.0, 0.0, 0.0, 0.0, 0.0, 0.0, 0.0, 0.0, 0.0]
Best Accuracy: 0.0000 at epoch 5
Precision per epoch: [0.0, 0.0, 0.0, 0.0, 0.0, 0.0, 0.0, 0.0, 0.0, 0.0]
Best Precision: 0.0000 at epoch 5
Recall per epoch: [0.0, 0.0, 0.0, 0.0, 0.0, 0.0, 0.0, 0.0, 0.0, 0.0]
Best Recall: 0.0000 at epoch 5
F1-Score per epoch: [0.0, 0.0, 0.0, 0.0, 0.0, 0.0, 0.0, 0.0, 0.0, 0.0]
Best F1-Score: 0.0000 at epoch 5
AUROC per epoch: [0.0, 0.0, 0.0, 0.0, 0.0, 0.0, 0.0, 0.0, 0.0, 0.0]
Best AUROC: 0.0000 at epoch 5
AUPRC per epoch: [0.0, 0.0, 0.0, 0.0, 0.0, 0.0, 0.0, 0.0, 0.0, 0.0]
Best AUPRC: 0.0000 at epoch 5

Dataset: ThyroidXL
Accuracy per epoch: [np.float64(0.6167), np.float64(0.7493), np.float64(0.7478), np.float64(0.7579), np.float64(0.8053), np.float64(0.8072), np.float64(0.812), np.float64(0.8067), np.float64(0.8086), np.float64(0.8077)]
Best Accuracy: 0.8120 at epoch 35
Precision per epoch: [0.5502, 0.6614, 0.6609, 0.6755, 0.7633, 0.7703, 0.7766, 0.754, 0.7634, 0.7572]
Best Precision: 0.7766 at epoch 35
Recall per epoch: [0.9546, 0.9423, 0.9381, 0.9206, 0.8412, 0.833, 0.8351, 0.866, 0.8515, 0.8619]
Best Recall: 0.9546 at epoch 5
F1-Score per epoch: [0.6981, 0.7772, 0.7755, 0.7792, 0.8004, 0.8004, 0.8048, 0.8061, 0.8051, 0.8062]
Best F1-Score: 0.8062 at epoch 50
AUROC per epoch: [0.7906, 0.8799, 0.8797, 0.8768, 0.8836, 0.8813, 0.8902, 0.8871, 0.8846, 0.8861]
Best AUROC: 0.8902 at epoch 35
AUPRC per epoch: [0.737, 0.8455, 0.855, 0.8421, 0.8551, 0.8513, 0.8656, 0.8503, 0.8446, 0.848]
Best AUPRC: 0.8656 at epoch 35

Dataset: PKTN
Accuracy per epoch: [0.0, 0.0, 0.0, 0.0, 0.0, 0.0, 0.0, 0.0, 0.0, 0.0]
Best Accuracy: 0.0000 at epoch 5
Precision per epoch: [0.0, 0.0, 0.0, 0.0, 0.0, 0.0, 0.0, 0.0, 0.0, 0.0]
Best Precision: 0.0000 at epoch 5
Recall per epoch: [0.0, 0.0, 0.0, 0.0, 0.0, 0.0, 0.0, 0.0, 0.0, 0.0]
Best Recall: 0.0000 at epoch 5
F1-Score per epoch: [0.0, 0.0, 0.0, 0.0, 0.0, 0.0, 0.0, 0.0, 0.0, 0.0]
Best F1-Score: 0.0000 at epoch 5
AUROC per epoch: [0.0, 0.0, 0.0, 0.0, 0.0, 0.0, 0.0, 0.0, 0.0, 0.0]
Best AUROC: 0.0000 at epoch 5
AUPRC per epoch: [0.0, 0.0, 0.0, 0.0, 0.0, 0.0, 0.0, 0.0, 0.0, 0.0]
Best AUPRC: 0.0000 at epoch 5

Dataset: TN5K
Accuracy per epoch: [np.float64(0.785), np.float64(0.778), np.float64(0.77), np.float64(0.778), np.float64(0.764), np.float64(0.741), np.float64(0.729), np.float64(0.728), np.float64(0.73), np.float64(0.738)]
Best Accuracy: 0.7850 at epoch 5
Precision per epoch: [0.8613, 0.8946, 0.8778, 0.8726, 0.9319, 0.9229, 0.9291, 0.9135, 0.9292, 0.921]
Best Precision: 0.9319 at epoch 25
Recall per epoch: [0.8413, 0.7893, 0.7962, 0.8153, 0.7305, 0.7045, 0.6813, 0.6936, 0.6826, 0.7018]
Best Recall: 0.8413 at epoch 5
F1-Score per epoch: [0.8512, 0.8387, 0.835, 0.843, 0.819, 0.7991, 0.7861, 0.7885, 0.7871, 0.7966]
Best F1-Score: 0.8512 at epoch 5
AUROC per epoch: [0.8202, 0.8439, 0.8206, 0.8268, 0.8537, 0.8355, 0.8363, 0.8358, 0.8403, 0.8425]
Best AUROC: 0.8537 at epoch 25
AUPRC per epoch: [0.9121, 0.9321, 0.9148, 0.9197, 0.9253, 0.9247, 0.9248, 0.9221, 0.9247, 0.9268]
Best AUPRC: 0.9321 at epoch 10


===== TI-RADS Classification Metrics Summary =====
Dataset: TN3K
Accuracy per epoch: [0.0, 0.0, 0.0, 0.0, 0.0, 0.0, 0.0, 0.0, 0.0, 0.0]
Best Accuracy: 0.0000 at epoch 5
Precision per epoch: [0.0, 0.0, 0.0, 0.0, 0.0, 0.0, 0.0, 0.0, 0.0, 0.0]
Best Precision: 0.0000 at epoch 5
Recall per epoch: [0.0, 0.0, 0.0, 0.0, 0.0, 0.0, 0.0, 0.0, 0.0, 0.0]
Best Recall: 0.0000 at epoch 5
F1-Score per epoch: [0.0, 0.0, 0.0, 0.0, 0.0, 0.0, 0.0, 0.0, 0.0, 0.0]
Best F1-Score: 0.0000 at epoch 5
AUC per epoch: [0.0, 0.0, 0.0, 0.0, 0.0, 0.0, 0.0, 0.0, 0.0, 0.0]
Best AUC: 0.0000 at epoch 5

Dataset: DDTI
Accuracy per epoch: [0.0, 0.0, 0.0, 0.0, 0.0, 0.0, 0.0, 0.0, 0.0, 0.0]
Best Accuracy: 0.0000 at epoch 5
Precision per epoch: [0.0, 0.0, 0.0, 0.0, 0.0, 0.0, 0.0, 0.0, 0.0, 0.0]
Best Precision: 0.0000 at epoch 5
Recall per epoch: [0.0, 0.0, 0.0, 0.0, 0.0, 0.0, 0.0, 0.0, 0.0, 0.0]
Best Recall: 0.0000 at epoch 5
F1-Score per epoch: [0.0, 0.0, 0.0, 0.0, 0.0, 0.0, 0.0, 0.0, 0.0, 0.0]
Best F1-Score: 0.0000 at epoch 5
AUC per epoch: [0.0, 0.0, 0.0, 0.0, 0.0, 0.0, 0.0, 0.0, 0.0, 0.0]
Best AUC: 0.0000 at epoch 5

Dataset: ThyroidXL
Accuracy per epoch: [0.0, 0.0, 0.0, 0.0, 0.0, 0.0, 0.0, 0.0, 0.0, 0.0]
Best Accuracy: 0.0000 at epoch 5
Precision per epoch: [0.0, 0.0, 0.0, 0.0, 0.0, 0.0, 0.0, 0.0, 0.0, 0.0]
Best Precision: 0.0000 at epoch 5
Recall per epoch: [0.0, 0.0, 0.0, 0.0, 0.0, 0.0, 0.0, 0.0, 0.0, 0.0]
Best Recall: 0.0000 at epoch 5
F1-Score per epoch: [0.0, 0.0, 0.0, 0.0, 0.0, 0.0, 0.0, 0.0, 0.0, 0.0]
Best F1-Score: 0.0000 at epoch 5
AUC per epoch: [0.0, 0.0, 0.0, 0.0, 0.0, 0.0, 0.0, 0.0, 0.0, 0.0]
Best AUC: 0.0000 at epoch 5

Dataset: PKTN
Accuracy per epoch: [0.0, 0.0, 0.0, 0.0, 0.0, 0.0, 0.0, 0.0, 0.0, 0.0]
Best Accuracy: 0.0000 at epoch 5
Precision per epoch: [0.0, 0.0, 0.0, 0.0, 0.0, 0.0, 0.0, 0.0, 0.0, 0.0]
Best Precision: 0.0000 at epoch 5
Recall per epoch: [0.0, 0.0, 0.0, 0.0, 0.0, 0.0, 0.0, 0.0, 0.0, 0.0]
Best Recall: 0.0000 at epoch 5
F1-Score per epoch: [0.0, 0.0, 0.0, 0.0, 0.0, 0.0, 0.0, 0.0, 0.0, 0.0]
Best F1-Score: 0.0000 at epoch 5
AUC per epoch: [0.0, 0.0, 0.0, 0.0, 0.0, 0.0, 0.0, 0.0, 0.0, 0.0]
Best AUC: 0.0000 at epoch 5

Dataset: TN5K
Accuracy per epoch: [0.0, 0.0, 0.0, 0.0, 0.0, 0.0, 0.0, 0.0, 0.0, 0.0]
Best Accuracy: 0.0000 at epoch 5
Precision per epoch: [0.0, 0.0, 0.0, 0.0, 0.0, 0.0, 0.0, 0.0, 0.0, 0.0]
Best Precision: 0.0000 at epoch 5
Recall per epoch: [0.0, 0.0, 0.0, 0.0, 0.0, 0.0, 0.0, 0.0, 0.0, 0.0]
Best Recall: 0.0000 at epoch 5
F1-Score per epoch: [0.0, 0.0, 0.0, 0.0, 0.0, 0.0, 0.0, 0.0, 0.0, 0.0]
Best F1-Score: 0.0000 at epoch 5
AUC per epoch: [0.0, 0.0, 0.0, 0.0, 0.0, 0.0, 0.0, 0.0, 0.0, 0.0]
Best AUC: 0.0000 at epoch 5

