Training started at Fri May  8 20:27:34 2026
Method: dino_unet
Dataset: train_multitask_FTCPTC_patient
Epochs: 30
Target Key: FTCPTC
LR: 0.0001
Batch Size (patients): 4
Image Size: 224 x 224
DINO pretrained: True
Use Dilation: False
Patient ID depth: 2
Max images per patient (train only): 8
Classification pooling: max
Classification loss mode: gla
Validation threshold mode: fixed
Training patient label stats for FTCPTC: Negative=769, Positive=79, Missing=0, Valid=848
Training patient bag size stats: min=1, max=25, mean=4.21
Using patient-level DataLoader shuffle=True, patient_count=848, batch_size=4, drop_last=True
First patient sample: patient_id=2016/刘桂英, num_images=8, target=0
Training set - FTCPTC (patient-level, patient_id_depth=2): Negative=769 (90.68%), Positive=79 (9.32%), Missing=0
Auto-adjusted tau=1.00 (imbalance_ratio=9.73)
Patient-level GLA parameters for FTCPTC: p_neg=0.9068, p_pos=0.0932, tau=1.00
Logit adjustment magnitude: 2.2756
Loss weights: seg=1.0, cls=1.0
GA-MTL schedule per optimizer step: ['seg', 'cls']
steps_per_epoch (optimizer steps): 106
Eval dataset FTCPTC patient stats: Negative=42, Positive=21, Missing=0, Valid=63
Eval dataset FTCPTC bag size stats: min=2, max=23, mean=7.94
Epoch:1: seg_loss(avg):0.8867, cls_loss(avg):0.5537
Epoch:2: seg_loss(avg):0.7009, cls_loss(avg):0.5632
Epoch:3: seg_loss(avg):0.6164, cls_loss(avg):0.4957
Epoch:4: seg_loss(avg):0.5653, cls_loss(avg):0.5533
Epoch:5: seg_loss(avg):0.5206, cls_loss(avg):0.4306
Saved checkpoint at epoch 5

Validating epoch 5 on all test datasets...
Using fixed patient-level classification threshold: 0.5000
Testing on FTCPTC...
  FTCPTC - Dice: 0.8219, HD95: 10.8382
  FTCPTC - FTCPTC threshold: 0.5000
  FTCPTC - patient-level FTCPTC: Acc=0.6663, Prec=0.0000, Rec=0.0000, F1=0.0000, AUROC=0.5615, AUPRC=0.4278, ECE=0.2788, Youden=0.0000
Epoch:6: seg_loss(avg):0.4881, cls_loss(avg):0.4019
Epoch:7: seg_loss(avg):0.4817, cls_loss(avg):0.4459
Epoch:8: seg_loss(avg):0.4565, cls_loss(avg):0.5516
Epoch:9: seg_loss(avg):0.4408, cls_loss(avg):0.5294
Epoch:10: seg_loss(avg):0.4212, cls_loss(avg):0.5383
Saved checkpoint at epoch 10

Validating epoch 10 on all test datasets...
Using fixed patient-level classification threshold: 0.5000
Testing on FTCPTC...
  FTCPTC - Dice: 0.8350, HD95: 9.5622
  FTCPTC - FTCPTC threshold: 0.5000
  FTCPTC - patient-level FTCPTC: Acc=0.6663, Prec=0.0000, Rec=0.0000, F1=0.0000, AUROC=0.5700, AUPRC=0.4437, ECE=0.2532, Youden=0.0000
Epoch:11: seg_loss(avg):0.4171, cls_loss(avg):0.4433
Epoch:12: seg_loss(avg):0.3916, cls_loss(avg):0.5292
Epoch:13: seg_loss(avg):0.3922, cls_loss(avg):0.5256
Epoch:14: seg_loss(avg):0.3748, cls_loss(avg):0.4826
Epoch:15: seg_loss(avg):0.3698, cls_loss(avg):0.4903
Saved checkpoint at epoch 15

Validating epoch 15 on all test datasets...
Using fixed patient-level classification threshold: 0.5000
Testing on FTCPTC...
  FTCPTC - Dice: 0.8574, HD95: 8.5292
  FTCPTC - FTCPTC threshold: 0.5000
  FTCPTC - patient-level FTCPTC: Acc=0.6663, Prec=0.0000, Rec=0.0000, F1=0.0000, AUROC=0.5147, AUPRC=0.4110, ECE=0.2623, Youden=0.0000
Epoch:16: seg_loss(avg):0.3531, cls_loss(avg):0.5080
Epoch:17: seg_loss(avg):0.3500, cls_loss(avg):0.4491
Epoch:18: seg_loss(avg):0.3367, cls_loss(avg):0.4793
Epoch:19: seg_loss(avg):0.3259, cls_loss(avg):0.5012
Epoch:20: seg_loss(avg):0.3216, cls_loss(avg):0.5880
Saved checkpoint at epoch 20

Validating epoch 20 on all test datasets...
Using fixed patient-level classification threshold: 0.5000
Testing on FTCPTC...
  FTCPTC - Dice: 0.8623, HD95: 7.9225
  FTCPTC - FTCPTC threshold: 0.5000
  FTCPTC - patient-level FTCPTC: Acc=0.6663, Prec=0.0000, Rec=0.0000, F1=0.0000, AUROC=0.4870, AUPRC=0.3592, ECE=0.2458, Youden=0.0000
Epoch:21: seg_loss(avg):0.3112, cls_loss(avg):0.4512
Epoch:22: seg_loss(avg):0.3045, cls_loss(avg):0.4847
Epoch:23: seg_loss(avg):0.3007, cls_loss(avg):0.4629
Epoch:24: seg_loss(avg):0.2957, cls_loss(avg):0.5468
Epoch:25: seg_loss(avg):0.2832, cls_loss(avg):0.4704
Saved checkpoint at epoch 25

Validating epoch 25 on all test datasets...
Using fixed patient-level classification threshold: 0.5000
Testing on FTCPTC...
  FTCPTC - Dice: 0.8700, HD95: 7.3132
  FTCPTC - FTCPTC threshold: 0.5000
  FTCPTC - patient-level FTCPTC: Acc=0.6663, Prec=0.0000, Rec=0.0000, F1=0.0000, AUROC=0.4580, AUPRC=0.3352, ECE=0.2596, Youden=0.0000
Epoch:26: seg_loss(avg):0.2862, cls_loss(avg):0.5203
Epoch:27: seg_loss(avg):0.2852, cls_loss(avg):0.4029
Epoch:28: seg_loss(avg):0.2809, cls_loss(avg):0.4466
Epoch:29: seg_loss(avg):0.2794, cls_loss(avg):0.5910
Epoch:30: seg_loss(avg):0.2785, cls_loss(avg):0.4423
Saved checkpoint at epoch 30

Validating epoch 30 on all test datasets...
Using fixed patient-level classification threshold: 0.5000
Testing on FTCPTC...
  FTCPTC - Dice: 0.8696, HD95: 7.4633
  FTCPTC - FTCPTC threshold: 0.5000
  FTCPTC - patient-level FTCPTC: Acc=0.6663, Prec=0.0000, Rec=0.0000, F1=0.0000, AUROC=0.4738, AUPRC=0.3464, ECE=0.2619, Youden=0.0000

========== Evaluation Summary (Patient-Level Classification) ==========


Dataset: FTCPTC
Eval epochs: [5, 10, 15, 20, 25, 30]
Dice per eval: [0.8219000101089478, 0.8349999785423279, 0.8574000000953674, 0.8622999787330627, 0.8700000047683716, 0.8695999979972839]
HD95 per eval: [10.838199615478516, 9.562199592590332, 8.529199600219727, 7.922500133514404, 7.313199996948242, 7.4633002281188965]
Best Dice: 0.8700 at epoch 25
Best HD95: 7.3132 at epoch 25

FTCPTC patient-level metrics per eval:
  Acc:  [0.6663, 0.6663, 0.6663, 0.6663, 0.6663, 0.6663]
  Prec: [0.0, 0.0, 0.0, 0.0, 0.0, 0.0]
  Rec:  [0.0, 0.0, 0.0, 0.0, 0.0, 0.0]
  F1:   [0.0, 0.0, 0.0, 0.0, 0.0, 0.0]
  AUROC:[0.5615, 0.57, 0.5147, 0.487, 0.458, 0.4738]
  AUPRC:[0.4278, 0.4437, 0.411, 0.3592, 0.3352, 0.3464]
  ECE:  [0.2788, 0.2532, 0.2623, 0.2458, 0.2596, 0.2619]
  Youden:[0.0, 0.0, 0.0, 0.0, 0.0, 0.0]
Best FTCPTC patient-level F1: 0.0000 at epoch 5

==========================================================

========== Training Completed ==========
Training completed at Fri May  8 20:36:32 2026
