Training started at Sat May 16 21:55:35 2026
Method: dino_unet
Dataset: train_multitask_FTCPTC_sampler
Epochs: 20
Target Key: FTCPTC
LR: 0.0001
Batch Size: 12
Image Size: 224 x 224
DINO pretrained: True
Use Dilation: False
Training label stats for FTCPTC: Negative=298, Positive=149, Missing=0, Valid=447
Using DataLoader shuffle=True, dataset_size=447, batch_size=12, drop_last=True
First sample: filename=2023/郭少婷/郭少婷_01_0008_0008.jpg, image=/mnt/wangbd8/workspace/DataSets/ThyroidAgent/Classifaction_Data/Malignant_ultrasound_images_cropped/2023/郭少婷/郭少婷_01_0008_0008.jpg, mask=/mnt/wangbd8/workspace/DataSets/ThyroidAgent/Classifaction_Data/Malignant_ultrasound_images_cropped_predictions/2023/郭少婷/郭少婷_01_0008_0008.png, target=0
Loss weights: seg=1.0, cls=1.0
Classification pos_weight: None
GA-MTL schedule per optimizer step: ['seg', 'cls']
steps_per_epoch (optimizer steps): 18
Epoch:1: seg_loss(avg):1.1625, cls_loss(avg):0.6908
Epoch:2: seg_loss(avg):0.8597, cls_loss(avg):0.6696
Saved checkpoint at epoch 2

Validating epoch 2 on all test datasets...
Testing on FTCPTC...
  FTCPTC - Dice: 0.7653, HD95: 18.0841
  FTCPTC - FTCPTC: Acc=0.6351, Prec=0.0000, Rec=0.0000, F1=0.0000, AUROC=0.4512, AUPRC=0.3556, ECE=0.0375
Epoch:3: seg_loss(avg):0.7233, cls_loss(avg):0.6758
Epoch:4: seg_loss(avg):0.6751, cls_loss(avg):0.6772
Saved checkpoint at epoch 4

Validating epoch 4 on all test datasets...
Testing on FTCPTC...
  FTCPTC - Dice: 0.7556, HD95: 20.0498
  FTCPTC - FTCPTC: Acc=0.6351, Prec=0.0000, Rec=0.0000, F1=0.0000, AUROC=0.5210, AUPRC=0.4184, ECE=0.0341
Epoch:5: seg_loss(avg):0.6312, cls_loss(avg):0.6286
Epoch:6: seg_loss(avg):0.5492, cls_loss(avg):0.6035
Saved checkpoint at epoch 6

Validating epoch 6 on all test datasets...
Testing on FTCPTC...
  FTCPTC - Dice: 0.8052, HD95: 10.7842
  FTCPTC - FTCPTC: Acc=0.6351, Prec=0.0000, Rec=0.0000, F1=0.0000, AUROC=0.5614, AUPRC=0.4825, ECE=0.0938
Epoch:7: seg_loss(avg):0.5712, cls_loss(avg):0.6401
Epoch:8: seg_loss(avg):0.5156, cls_loss(avg):0.6521
Saved checkpoint at epoch 8

Validating epoch 8 on all test datasets...
Testing on FTCPTC...
  FTCPTC - Dice: 0.8284, HD95: 9.7643
  FTCPTC - FTCPTC: Acc=0.6351, Prec=0.0000, Rec=0.0000, F1=0.0000, AUROC=0.4362, AUPRC=0.4467, ECE=0.0861
Epoch:9: seg_loss(avg):0.4661, cls_loss(avg):0.6045
Epoch:10: seg_loss(avg):0.4796, cls_loss(avg):0.6058
Saved checkpoint at epoch 10

Validating epoch 10 on all test datasets...
Testing on FTCPTC...
