Training started at Fri Dec 19 15:06:05 2025
Method: dino_unet
Dataset: train_multitask_dataset1
Epochs: 30
LR: 0.0001
Batch Size: 12
Training set - Benign/Malignant: Benign=2331 (49.25%), Malignant=2402 (50.75%)
Auto-adjusted tau=0.30 (imbalance_ratio=1.03)
GLA parameters: p_benign=0.4925, p_malignant=0.5075, tau=0.30
Logit adjustment magnitude: 0.0090
Training set - TI-RADS distribution: [0, 0, 0, 0, 0]
TI-RADS probabilities: [0.20000000298023224, 0.20000000298023224, 0.20000000298023224, 0.20000000298023224, 0.20000000298023224]
Loss weights: seg=1.0, bm=1.0, tirads=1.0
GA-MTL schedule per optimizer step: ['seg', 'bm']
steps_per_epoch (optimizer steps): 197
Epoch:1: seg_loss(avg):0.8262, bm_loss(avg):0.6153, tirads_loss(avg):0.0000
Epoch:2: seg_loss(avg):0.6312, bm_loss(avg):0.4861, tirads_loss(avg):0.0000
Epoch:3: seg_loss(avg):0.5919, bm_loss(avg):0.4040, tirads_loss(avg):0.0000
Epoch:4: seg_loss(avg):0.5575, bm_loss(avg):0.3859, tirads_loss(avg):0.0000
Epoch:5: seg_loss(avg):0.5390, bm_loss(avg):0.3653, tirads_loss(avg):0.0000
Saved checkpoint at epoch 5

Validating epoch 5 on all test datasets...
Testing on TN3K...
  TN3K - Dice: 0.8660, HD95: 13.6355
  TN3K - BM: Acc=0.7313, Prec=0.8034, Rec=0.3983, F1=0.5326, AUROC=0.7768, AUPRC=0.7278
  TN3K - TI-RADS: Acc=0.0000, Prec=0.0000, Rec=0.0000, F1=0.0000, AUC=0.0000
Testing on DDTI...
  DDTI - Dice: 0.7648, HD95: 23.7497
  DDTI - BM: Acc=0.0000, Prec=0.0000, Rec=0.0000, F1=0.0000, AUROC=0.0000, AUPRC=0.0000
  DDTI - TI-RADS: Acc=0.0000, Prec=0.0000, Rec=0.0000, F1=0.0000, AUC=0.0000
Testing on ThyroidXL...
  ThyroidXL - Dice: 0.8243, HD95: 11.7052
  ThyroidXL - BM: Acc=0.7632, Prec=0.7995, Rec=0.6536, F1=0.7192, AUROC=0.8634, AUPRC=0.8308
  ThyroidXL - TI-RADS: Acc=0.0000, Prec=0.0000, Rec=0.0000, F1=0.0000, AUC=0.0000
Testing on PKTN...
  PKTN - Dice: 0.7712, HD95: 18.0782
  PKTN - BM: Acc=0.0000, Prec=0.0000, Rec=0.0000, F1=0.0000, AUROC=0.0000, AUPRC=0.0000
  PKTN - TI-RADS: Acc=0.0000, Prec=0.0000, Rec=0.0000, F1=0.0000, AUC=0.0000
Testing on TN5K...
  TN5K - Dice: 0.7534, HD95: 17.7402
  TN5K - BM: Acc=0.5370, Prec=0.9527, Rec=0.3858, F1=0.5492, AUROC=0.7779, AUPRC=0.9093
  TN5K - TI-RADS: Acc=0.0000, Prec=0.0000, Rec=0.0000, F1=0.0000, AUC=0.0000
Epoch:6: seg_loss(avg):0.5296, bm_loss(avg):0.3248, tirads_loss(avg):0.0000
Epoch:7: seg_loss(avg):0.5060, bm_loss(avg):0.3228, tirads_loss(avg):0.0000
Epoch:8: seg_loss(avg):0.4926, bm_loss(avg):0.2851, tirads_loss(avg):0.0000
Epoch:9: seg_loss(avg):0.4887, bm_loss(avg):0.2566, tirads_loss(avg):0.0000
Epoch:10: seg_loss(avg):0.4749, bm_loss(avg):0.2606, tirads_loss(avg):0.0000
Saved checkpoint at epoch 10

Validating epoch 10 on all test datasets...
Testing on TN3K...
  TN3K - Dice: 0.8703, HD95: 12.2861
  TN3K - BM: Acc=0.6889, Prec=0.5672, Rec=0.8051, F1=0.6655, AUROC=0.7865, AUPRC=0.7167
  TN3K - TI-RADS: Acc=0.0000, Prec=0.0000, Rec=0.0000, F1=0.0000, AUC=0.0000
Testing on DDTI...
  DDTI - Dice: 0.7675, HD95: 21.6024
  DDTI - BM: Acc=0.0000, Prec=0.0000, Rec=0.0000, F1=0.0000, AUROC=0.0000, AUPRC=0.0000
  DDTI - TI-RADS: Acc=0.0000, Prec=0.0000, Rec=0.0000, F1=0.0000, AUC=0.0000
Testing on ThyroidXL...
  ThyroidXL - Dice: 0.8365, HD95: 9.9462
  ThyroidXL - BM: Acc=0.7019, Prec=0.6124, Rec=0.9742, F1=0.7521, AUROC=0.8717, AUPRC=0.8358
  ThyroidXL - TI-RADS: Acc=0.0000, Prec=0.0000, Rec=0.0000, F1=0.0000, AUC=0.0000
Testing on PKTN...
  PKTN - Dice: 0.8018, HD95: 15.0219
  PKTN - BM: Acc=0.0000, Prec=0.0000, Rec=0.0000, F1=0.0000, AUROC=0.0000, AUPRC=0.0000
  PKTN - TI-RADS: Acc=0.0000, Prec=0.0000, Rec=0.0000, F1=0.0000, AUC=0.0000
Testing on TN5K...
  TN5K - Dice: 0.7897, HD95: 13.6713
  TN5K - BM: Acc=0.7830, Prec=0.8579, Rec=0.8427, F1=0.8502, AUROC=0.8202, AUPRC=0.9192
  TN5K - TI-RADS: Acc=0.0000, Prec=0.0000, Rec=0.0000, F1=0.0000, AUC=0.0000
Epoch:11: seg_loss(avg):0.4735, bm_loss(avg):0.2232, tirads_loss(avg):0.0000
Epoch:12: seg_loss(avg):0.4637, bm_loss(avg):0.2092, tirads_loss(avg):0.0000
Epoch:13: seg_loss(avg):0.4577, bm_loss(avg):0.1945, tirads_loss(avg):0.0000
Epoch:14: seg_loss(avg):0.4516, bm_loss(avg):0.1629, tirads_loss(avg):0.0000
Epoch:15: seg_loss(avg):0.4383, bm_loss(avg):0.1680, tirads_loss(avg):0.0000
Saved checkpoint at epoch 15

Validating epoch 15 on all test datasets...
Testing on TN3K...
  TN3K - Dice: 0.8736, HD95: 12.2910
  TN3K - BM: Acc=0.6938, Prec=0.5789, Rec=0.7458, F1=0.6519, AUROC=0.7792, AUPRC=0.6981
  TN3K - TI-RADS: Acc=0.0000, Prec=0.0000, Rec=0.0000, F1=0.0000, AUC=0.0000
Testing on DDTI...
  DDTI - Dice: 0.8047, HD95: 19.2523
  DDTI - BM: Acc=0.0000, Prec=0.0000, Rec=0.0000, F1=0.0000, AUROC=0.0000, AUPRC=0.0000
  DDTI - TI-RADS: Acc=0.0000, Prec=0.0000, Rec=0.0000, F1=0.0000, AUC=0.0000
Testing on ThyroidXL...
  ThyroidXL - Dice: 0.8459, HD95: 9.5258
  ThyroidXL - BM: Acc=0.7569, Prec=0.6737, Rec=0.9237, F1=0.7791, AUROC=0.8703, AUPRC=0.8254
  ThyroidXL - TI-RADS: Acc=0.0000, Prec=0.0000, Rec=0.0000, F1=0.0000, AUC=0.0000
Testing on PKTN...
  PKTN - Dice: 0.7897, HD95: 16.5289
  PKTN - BM: Acc=0.0000, Prec=0.0000, Rec=0.0000, F1=0.0000, AUROC=0.0000, AUPRC=0.0000
  PKTN - TI-RADS: Acc=0.0000, Prec=0.0000, Rec=0.0000, F1=0.0000, AUC=0.0000
Testing on TN5K...
  TN5K - Dice: 0.7713, HD95: 15.7107
  TN5K - BM: Acc=0.7880, Prec=0.8589, Rec=0.8495, F1=0.8542, AUROC=0.8209, AUPRC=0.9204
  TN5K - TI-RADS: Acc=0.0000, Prec=0.0000, Rec=0.0000, F1=0.0000, AUC=0.0000
Epoch:16: seg_loss(avg):0.4263, bm_loss(avg):0.1441, tirads_loss(avg):0.0000
Epoch:17: seg_loss(avg):0.4182, bm_loss(avg):0.1222, tirads_loss(avg):0.0000
Epoch:18: seg_loss(avg):0.4145, bm_loss(avg):0.1195, tirads_loss(avg):0.0000
Epoch:19: seg_loss(avg):0.4079, bm_loss(avg):0.1108, tirads_loss(avg):0.0000
Epoch:20: seg_loss(avg):0.3991, bm_loss(avg):0.0943, tirads_loss(avg):0.0000
Saved checkpoint at epoch 20

Validating epoch 20 on all test datasets...
Testing on TN3K...
  TN3K - Dice: 0.8756, HD95: 11.6106
  TN3K - BM: Acc=0.7199, Prec=0.6194, Rec=0.7034, F1=0.6587, AUROC=0.7661, AUPRC=0.7049
  TN3K - TI-RADS: Acc=0.0000, Prec=0.0000, Rec=0.0000, F1=0.0000, AUC=0.0000
Testing on DDTI...
  DDTI - Dice: 0.7909, HD95: 19.3744
  DDTI - BM: Acc=0.0000, Prec=0.0000, Rec=0.0000, F1=0.0000, AUROC=0.0000, AUPRC=0.0000
  DDTI - TI-RADS: Acc=0.0000, Prec=0.0000, Rec=0.0000, F1=0.0000, AUC=0.0000
Testing on ThyroidXL...
  ThyroidXL - Dice: 0.8430, HD95: 9.6774
  ThyroidXL - BM: Acc=0.7871, Prec=0.7238, Rec=0.8753, F1=0.7923, AUROC=0.8791, AUPRC=0.8455
  ThyroidXL - TI-RADS: Acc=0.0000, Prec=0.0000, Rec=0.0000, F1=0.0000, AUC=0.0000
Testing on PKTN...
  PKTN - Dice: 0.8042, HD95: 14.2188
  PKTN - BM: Acc=0.0000, Prec=0.0000, Rec=0.0000, F1=0.0000, AUROC=0.0000, AUPRC=0.0000
  PKTN - TI-RADS: Acc=0.0000, Prec=0.0000, Rec=0.0000, F1=0.0000, AUC=0.0000
Testing on TN5K...
  TN5K - Dice: 0.7926, HD95: 13.7196
  TN5K - BM: Acc=0.7490, Prec=0.8909, Rec=0.7483, F1=0.8134, AUROC=0.8077, AUPRC=0.9132
  TN5K - TI-RADS: Acc=0.0000, Prec=0.0000, Rec=0.0000, F1=0.0000, AUC=0.0000
Epoch:21: seg_loss(avg):0.3920, bm_loss(avg):0.0884, tirads_loss(avg):0.0000
Epoch:22: seg_loss(avg):0.3814, bm_loss(avg):0.0688, tirads_loss(avg):0.0000
Epoch:23: seg_loss(avg):0.3850, bm_loss(avg):0.0502, tirads_loss(avg):0.0000
Epoch:24: seg_loss(avg):0.3807, bm_loss(avg):0.0441, tirads_loss(avg):0.0000
Epoch:25: seg_loss(avg):0.3691, bm_loss(avg):0.0494, tirads_loss(avg):0.0000
Saved checkpoint at epoch 25

Validating epoch 25 on all test datasets...
Testing on TN3K...
  TN3K - Dice: 0.8757, HD95: 11.8450
  TN3K - BM: Acc=0.7036, Prec=0.5978, Rec=0.6992, F1=0.6445, AUROC=0.7641, AUPRC=0.7046
  TN3K - TI-RADS: Acc=0.0000, Prec=0.0000, Rec=0.0000, F1=0.0000, AUC=0.0000
Testing on DDTI...
  DDTI - Dice: 0.7976, HD95: 18.7695
  DDTI - BM: Acc=0.0000, Prec=0.0000, Rec=0.0000, F1=0.0000, AUROC=0.0000, AUPRC=0.0000
  DDTI - TI-RADS: Acc=0.0000, Prec=0.0000, Rec=0.0000, F1=0.0000, AUC=0.0000
Testing on ThyroidXL...
  ThyroidXL - Dice: 0.8496, HD95: 9.0678
  ThyroidXL - BM: Acc=0.7933, Prec=0.7331, Rec=0.8722, F1=0.7966, AUROC=0.8810, AUPRC=0.8492
  ThyroidXL - TI-RADS: Acc=0.0000, Prec=0.0000, Rec=0.0000, F1=0.0000, AUC=0.0000
Testing on PKTN...
  PKTN - Dice: 0.8077, HD95: 13.6179
  PKTN - BM: Acc=0.0000, Prec=0.0000, Rec=0.0000, F1=0.0000, AUROC=0.0000, AUPRC=0.0000
  PKTN - TI-RADS: Acc=0.0000, Prec=0.0000, Rec=0.0000, F1=0.0000, AUC=0.0000
Testing on TN5K...
  TN5K - Dice: 0.7884, HD95: 14.5535
  TN5K - BM: Acc=0.7580, Prec=0.8976, Rec=0.7551, F1=0.8202, AUROC=0.8134, AUPRC=0.9162
  TN5K - TI-RADS: Acc=0.0000, Prec=0.0000, Rec=0.0000, F1=0.0000, AUC=0.0000
Epoch:26: seg_loss(avg):0.3628, bm_loss(avg):0.0472, tirads_loss(avg):0.0000
Epoch:27: seg_loss(avg):0.3672, bm_loss(avg):0.0496, tirads_loss(avg):0.0000
Epoch:28: seg_loss(avg):0.3559, bm_loss(avg):0.0346, tirads_loss(avg):0.0000
Epoch:29: seg_loss(avg):0.3528, bm_loss(avg):0.0383, tirads_loss(avg):0.0000
Epoch:30: seg_loss(avg):0.3561, bm_loss(avg):0.0407, tirads_loss(avg):0.0000
Saved checkpoint at epoch 30

Validating epoch 30 on all test datasets...
Testing on TN3K...
  TN3K - Dice: 0.8763, HD95: 11.8577
  TN3K - BM: Acc=0.6906, Prec=0.5762, Rec=0.7373, F1=0.6468, AUROC=0.7608, AUPRC=0.6929
  TN3K - TI-RADS: Acc=0.0000, Prec=0.0000, Rec=0.0000, F1=0.0000, AUC=0.0000
Testing on DDTI...
  DDTI - Dice: 0.7998, HD95: 18.6851
  DDTI - BM: Acc=0.0000, Prec=0.0000, Rec=0.0000, F1=0.0000, AUROC=0.0000, AUPRC=0.0000
  DDTI - TI-RADS: Acc=0.0000, Prec=0.0000, Rec=0.0000, F1=0.0000, AUC=0.0000
Testing on ThyroidXL...
  ThyroidXL - Dice: 0.8497, HD95: 9.0872
  ThyroidXL - BM: Acc=0.7833, Prec=0.7156, Rec=0.8845, F1=0.7911, AUROC=0.8760, AUPRC=0.8427
  ThyroidXL - TI-RADS: Acc=0.0000, Prec=0.0000, Rec=0.0000, F1=0.0000, AUC=0.0000
Testing on PKTN...
  PKTN - Dice: 0.8062, HD95: 13.7015
  PKTN - BM: Acc=0.0000, Prec=0.0000, Rec=0.0000, F1=0.0000, AUROC=0.0000, AUPRC=0.0000
  PKTN - TI-RADS: Acc=0.0000, Prec=0.0000, Rec=0.0000, F1=0.0000, AUC=0.0000
Testing on TN5K...
  TN5K - Dice: 0.7885, HD95: 14.4324
  TN5K - BM: Acc=0.7470, Prec=0.8880, Rec=0.7483, F1=0.8122, AUROC=0.8014, AUPRC=0.9077
  TN5K - TI-RADS: Acc=0.0000, Prec=0.0000, Rec=0.0000, F1=0.0000, AUC=0.0000

========== Evaluation Summary (All Test Records) ==========

Dataset: TN3K
Eval epochs: [5, 10, 15, 20, 25, 30]
Dice per eval: [0.866, 0.8703, 0.8736, 0.8756, 0.8757, 0.8763]
HD95 per eval: [13.6355, 12.2861, 12.291, 11.6106, 11.845, 11.8577]
Best Dice: 0.8763 at epoch 30
Best HD95: 11.6106 at epoch 20

BM metrics per eval:
  Acc:  [0.7313, 0.6889, 0.6938, 0.7199, 0.7036, 0.6906]
  Prec: [0.8034, 0.5672, 0.5789, 0.6194, 0.5978, 0.5762]
  Rec:  [0.3983, 0.8051, 0.7458, 0.7034, 0.6992, 0.7373]
  F1:   [0.5326, 0.6655, 0.6519, 0.6587, 0.6445, 0.6468]
  AUROC:[0.7768, 0.7865, 0.7792, 0.7661, 0.7641, 0.7608]
  AUPRC:[0.7278, 0.7167, 0.6981, 0.7049, 0.7046, 0.6929]
Best BM F1: 0.6655 at epoch 10

TI-RADS metrics per eval:
  Acc:  [0.0, 0.0, 0.0, 0.0, 0.0, 0.0]
  Prec: [0.0, 0.0, 0.0, 0.0, 0.0, 0.0]
  Rec:  [0.0, 0.0, 0.0, 0.0, 0.0, 0.0]
  F1:   [0.0, 0.0, 0.0, 0.0, 0.0, 0.0]
  AUC:  [0.0, 0.0, 0.0, 0.0, 0.0, 0.0]
Best TI-RADS F1: 0.0000 at epoch 5

Dataset: DDTI
Eval epochs: [5, 10, 15, 20, 25, 30]
Dice per eval: [0.7648, 0.7675, 0.8047, 0.7909, 0.7976, 0.7998]
HD95 per eval: [23.7497, 21.6024, 19.2523, 19.3744, 18.7695, 18.6851]
Best Dice: 0.8047 at epoch 15
Best HD95: 18.6851 at epoch 30

BM metrics per eval:
  Acc:  [0.0, 0.0, 0.0, 0.0, 0.0, 0.0]
  Prec: [0.0, 0.0, 0.0, 0.0, 0.0, 0.0]
  Rec:  [0.0, 0.0, 0.0, 0.0, 0.0, 0.0]
  F1:   [0.0, 0.0, 0.0, 0.0, 0.0, 0.0]
  AUROC:[0.0, 0.0, 0.0, 0.0, 0.0, 0.0]
  AUPRC:[0.0, 0.0, 0.0, 0.0, 0.0, 0.0]
Best BM F1: 0.0000 at epoch 5

TI-RADS metrics per eval:
  Acc:  [0.0, 0.0, 0.0, 0.0, 0.0, 0.0]
  Prec: [0.0, 0.0, 0.0, 0.0, 0.0, 0.0]
  Rec:  [0.0, 0.0, 0.0, 0.0, 0.0, 0.0]
  F1:   [0.0, 0.0, 0.0, 0.0, 0.0, 0.0]
  AUC:  [0.0, 0.0, 0.0, 0.0, 0.0, 0.0]
Best TI-RADS F1: 0.0000 at epoch 5

Dataset: ThyroidXL
Eval epochs: [5, 10, 15, 20, 25, 30]
Dice per eval: [0.8243, 0.8365, 0.8459, 0.843, 0.8496, 0.8497]
HD95 per eval: [11.7052, 9.9462, 9.5258, 9.6774, 9.0678, 9.0872]
Best Dice: 0.8497 at epoch 30
Best HD95: 9.0678 at epoch 25

BM metrics per eval:
  Acc:  [0.7632, 0.7019, 0.7569, 0.7871, 0.7933, 0.7833]
  Prec: [0.7995, 0.6124, 0.6737, 0.7238, 0.7331, 0.7156]
  Rec:  [0.6536, 0.9742, 0.9237, 0.8753, 0.8722, 0.8845]
  F1:   [0.7192, 0.7521, 0.7791, 0.7923, 0.7966, 0.7911]
  AUROC:[0.8634, 0.8717, 0.8703, 0.8791, 0.881, 0.876]
  AUPRC:[0.8308, 0.8358, 0.8254, 0.8455, 0.8492, 0.8427]
Best BM F1: 0.7966 at epoch 25

TI-RADS metrics per eval:
  Acc:  [0.0, 0.0, 0.0, 0.0, 0.0, 0.0]
  Prec: [0.0, 0.0, 0.0, 0.0, 0.0, 0.0]
  Rec:  [0.0, 0.0, 0.0, 0.0, 0.0, 0.0]
  F1:   [0.0, 0.0, 0.0, 0.0, 0.0, 0.0]
  AUC:  [0.0, 0.0, 0.0, 0.0, 0.0, 0.0]
Best TI-RADS F1: 0.0000 at epoch 5

Dataset: PKTN
Eval epochs: [5, 10, 15, 20, 25, 30]
Dice per eval: [0.7712, 0.8018, 0.7897, 0.8042, 0.8077, 0.8062]
HD95 per eval: [18.0782, 15.0219, 16.5289, 14.2188, 13.6179, 13.7015]
Best Dice: 0.8077 at epoch 25
Best HD95: 13.6179 at epoch 25

BM metrics per eval:
  Acc:  [0.0, 0.0, 0.0, 0.0, 0.0, 0.0]
  Prec: [0.0, 0.0, 0.0, 0.0, 0.0, 0.0]
  Rec:  [0.0, 0.0, 0.0, 0.0, 0.0, 0.0]
  F1:   [0.0, 0.0, 0.0, 0.0, 0.0, 0.0]
  AUROC:[0.0, 0.0, 0.0, 0.0, 0.0, 0.0]
  AUPRC:[0.0, 0.0, 0.0, 0.0, 0.0, 0.0]
Best BM F1: 0.0000 at epoch 5

TI-RADS metrics per eval:
  Acc:  [0.0, 0.0, 0.0, 0.0, 0.0, 0.0]
  Prec: [0.0, 0.0, 0.0, 0.0, 0.0, 0.0]
  Rec:  [0.0, 0.0, 0.0, 0.0, 0.0, 0.0]
  F1:   [0.0, 0.0, 0.0, 0.0, 0.0, 0.0]
  AUC:  [0.0, 0.0, 0.0, 0.0, 0.0, 0.0]
Best TI-RADS F1: 0.0000 at epoch 5

Dataset: TN5K
Eval epochs: [5, 10, 15, 20, 25, 30]
Dice per eval: [0.7534, 0.7897, 0.7713, 0.7926, 0.7884, 0.7885]
HD95 per eval: [17.7402, 13.6713, 15.7107, 13.7196, 14.5535, 14.4324]
Best Dice: 0.7926 at epoch 20
Best HD95: 13.6713 at epoch 10

BM metrics per eval:
  Acc:  [0.537, 0.783, 0.788, 0.749, 0.758, 0.747]
  Prec: [0.9527, 0.8579, 0.8589, 0.8909, 0.8976, 0.888]
  Rec:  [0.3858, 0.8427, 0.8495, 0.7483, 0.7551, 0.7483]
  F1:   [0.5492, 0.8502, 0.8542, 0.8134, 0.8202, 0.8122]
  AUROC:[0.7779, 0.8202, 0.8209, 0.8077, 0.8134, 0.8014]
  AUPRC:[0.9093, 0.9192, 0.9204, 0.9132, 0.9162, 0.9077]
Best BM F1: 0.8542 at epoch 15

TI-RADS metrics per eval:
  Acc:  [0.0, 0.0, 0.0, 0.0, 0.0, 0.0]
  Prec: [0.0, 0.0, 0.0, 0.0, 0.0, 0.0]
  Rec:  [0.0, 0.0, 0.0, 0.0, 0.0, 0.0]
  F1:   [0.0, 0.0, 0.0, 0.0, 0.0, 0.0]
  AUC:  [0.0, 0.0, 0.0, 0.0, 0.0, 0.0]
Best TI-RADS F1: 0.0000 at epoch 5

==========================================================

========== Training Completed ==========
Training completed at Fri Dec 19 15:37:24 2025
