Training started at Wed May  6 11:28:11 2026
Method: dino_unet
Dataset: train_multitask_FTCPTC_sampler
Epochs: 50
Target Key: FTCPTC
LR: 0.0001
Batch Size: 12
Image Size: 224 x 224
DINO pretrained: True
Use Dilation: False
Sampler stats for FTCPTC: Negative=10559, Positive=787, Missing=134, Valid=11346
Sampler config for FTCPTC: target_pos_fraction=0.3000, target_neg_fraction=0.7000
Sampler weights for FTCPTC: neg_weight=0.00006629, pos_weight=0.00038119, missing_weight=0.00000000
Expected sampled draws per default epoch for FTCPTC: Negative≈7942.2, Positive≈3403.8
Expected repeat factor per default epoch for FTCPTC: neg≈0.75x, pos≈4.33x
Using WeightedRandomSampler: replacement=True, num_samples=11346, pos_fraction=0.3000
First sample: filename=2016/刘惠银/刘惠银_01_0001_0001.jpg, image=/mnt/wangbd8/workspace/DataSets/ThyroidAgent/Classifaction_Data/Malignant_ultrasound_images_cropped/2016/刘惠银/刘惠银_01_0001_0001.jpg, mask=/mnt/wangbd8/workspace/DataSets/ThyroidAgent/Classifaction_Data/Malignant_ultrasound_images_cropped_predictions/2016/刘惠银/刘惠银_01_0001_0001.png, target=-1
Loss weights: seg=1.0, cls=1.0
GA-MTL schedule per optimizer step: ['cls']
steps_per_epoch (optimizer steps): 945
Epoch:1: seg_loss(avg):0.0000, cls_loss(avg):0.6210
Epoch:2: seg_loss(avg):0.0000, cls_loss(avg):0.6198
Epoch:3: seg_loss(avg):0.0000, cls_loss(avg):0.6133
Epoch:4: seg_loss(avg):0.0000, cls_loss(avg):0.6123
Epoch:5: seg_loss(avg):0.0000, cls_loss(avg):0.6091
Saved checkpoint at epoch 5

Validating epoch 5 on all test datasets...
Testing on FTCPTC...
  FTCPTC - Dice: 0.0395, HD95: 131.2276
  FTCPTC - FTCPTC: Acc=0.6740, Prec=0.0000, Rec=0.0000, F1=0.0000, AUROC=0.4970, AUPRC=0.3472, ECE=0.0401
Epoch:6: seg_loss(avg):0.0000, cls_loss(avg):0.6046
Epoch:7: seg_loss(avg):0.0000, cls_loss(avg):0.5964
Epoch:8: seg_loss(avg):0.0000, cls_loss(avg):0.5692
Epoch:9: seg_loss(avg):0.0000, cls_loss(avg):0.5500
Epoch:10: seg_loss(avg):0.0000, cls_loss(avg):0.5146
Saved checkpoint at epoch 10

Validating epoch 10 on all test datasets...
Testing on FTCPTC...
  FTCPTC - Dice: 0.0389, HD95: 131.2334
  FTCPTC - FTCPTC: Acc=0.6361, Prec=0.3129, Rec=0.0977, F1=0.1483, AUROC=0.5015, AUPRC=0.3361, ECE=0.1417
Epoch:11: seg_loss(avg):0.0000, cls_loss(avg):0.4771
Epoch:12: seg_loss(avg):0.0000, cls_loss(avg):0.4300
Epoch:13: seg_loss(avg):0.0000, cls_loss(avg):0.3749
Epoch:14: seg_loss(avg):0.0000, cls_loss(avg):0.3336
Epoch:15: seg_loss(avg):0.0000, cls_loss(avg):0.2766
Saved checkpoint at epoch 15

Validating epoch 15 on all test datasets...
Testing on FTCPTC...
  FTCPTC - Dice: 0.0578, HD95: 113.4720
  FTCPTC - FTCPTC: Acc=0.6337, Prec=0.3639, Rec=0.1651, F1=0.2264, AUROC=0.5445, AUPRC=0.3569, ECE=0.2548
Epoch:16: seg_loss(avg):0.0000, cls_loss(avg):0.2238
Epoch:17: seg_loss(avg):0.0000, cls_loss(avg):0.1949
Epoch:18: seg_loss(avg):0.0000, cls_loss(avg):0.1623
Epoch:19: seg_loss(avg):0.0000, cls_loss(avg):0.1341
Epoch:20: seg_loss(avg):0.0000, cls_loss(avg):0.1225
Saved checkpoint at epoch 20

Validating epoch 20 on all test datasets...
Testing on FTCPTC...
  FTCPTC - Dice: 0.0621, HD95: 123.3528
  FTCPTC - FTCPTC: Acc=0.6504, Prec=0.3353, Rec=0.0737, F1=0.1203, AUROC=0.5527, AUPRC=0.3606, ECE=0.3263
Epoch:21: seg_loss(avg):0.0000, cls_loss(avg):0.1050
Epoch:22: seg_loss(avg):0.0000, cls_loss(avg):0.0838
Epoch:23: seg_loss(avg):0.0000, cls_loss(avg):0.0759
Epoch:24: seg_loss(avg):0.0000, cls_loss(avg):0.0633
Epoch:25: seg_loss(avg):0.0000, cls_loss(avg):0.0539
Saved checkpoint at epoch 25

Validating epoch 25 on all test datasets...
Testing on FTCPTC...
  FTCPTC - Dice: 0.0580, HD95: 118.5361
  FTCPTC - FTCPTC: Acc=0.6264, Prec=0.2409, Rec=0.0680, F1=0.1056, AUROC=0.5701, AUPRC=0.3550, ECE=0.3471
Epoch:26: seg_loss(avg):0.0000, cls_loss(avg):0.0503
Epoch:27: seg_loss(avg):0.0000, cls_loss(avg):0.0441
Epoch:28: seg_loss(avg):0.0000, cls_loss(avg):0.0405
Epoch:29: seg_loss(avg):0.0000, cls_loss(avg):0.0260
Epoch:30: seg_loss(avg):0.0000, cls_loss(avg):0.0245
Saved checkpoint at epoch 30

Validating epoch 30 on all test datasets...
Testing on FTCPTC...
  FTCPTC - Dice: 0.0744, HD95: 110.4950
  FTCPTC - FTCPTC: Acc=0.6361, Prec=0.1201, Rec=0.0183, F1=0.0317, AUROC=0.5263, AUPRC=0.3426, ECE=0.3593
Epoch:31: seg_loss(avg):0.0000, cls_loss(avg):0.0224
Epoch:32: seg_loss(avg):0.0000, cls_loss(avg):0.0207
Epoch:33: seg_loss(avg):0.0000, cls_loss(avg):0.0106
Epoch:34: seg_loss(avg):0.0000, cls_loss(avg):0.0126
Epoch:35: seg_loss(avg):0.0000, cls_loss(avg):0.0111
Saved checkpoint at epoch 35

Validating epoch 35 on all test datasets...
Testing on FTCPTC...
  FTCPTC - Dice: 0.0710, HD95: 111.4259
  FTCPTC - FTCPTC: Acc=0.6502, Prec=0.1680, Rec=0.0183, F1=0.0329, AUROC=0.5013, AUPRC=0.3277, ECE=0.3472
Epoch:36: seg_loss(avg):0.0000, cls_loss(avg):0.0065
Epoch:37: seg_loss(avg):0.0000, cls_loss(avg):0.0044
Epoch:38: seg_loss(avg):0.0000, cls_loss(avg):0.0042
Epoch:39: seg_loss(avg):0.0000, cls_loss(avg):0.0051
Epoch:40: seg_loss(avg):0.0000, cls_loss(avg):0.0041
Saved checkpoint at epoch 40

Validating epoch 40 on all test datasets...
Testing on FTCPTC...
  FTCPTC - Dice: 0.0685, HD95: 114.2820
  FTCPTC - FTCPTC: Acc=0.6583, Prec=0.1027, Rec=0.0062, F1=0.0116, AUROC=0.4899, AUPRC=0.3184, ECE=0.3385
Epoch:41: seg_loss(avg):0.0000, cls_loss(avg):0.0010
Epoch:42: seg_loss(avg):0.0000, cls_loss(avg):0.0014
Epoch:43: seg_loss(avg):0.0000, cls_loss(avg):0.0006
Epoch:44: seg_loss(avg):0.0000, cls_loss(avg):0.0003
Epoch:45: seg_loss(avg):0.0000, cls_loss(avg):0.0003
Saved checkpoint at epoch 45

Validating epoch 45 on all test datasets...
Testing on FTCPTC...
  FTCPTC - Dice: 0.0692, HD95: 114.4680
  FTCPTC - FTCPTC: Acc=0.6583, Prec=0.1696, Rec=0.0123, F1=0.0228, AUROC=0.4901, AUPRC=0.3216, ECE=0.3426
Epoch:46: seg_loss(avg):0.0000, cls_loss(avg):0.0002
Epoch:47: seg_loss(avg):0.0000, cls_loss(avg):0.0002
Epoch:48: seg_loss(avg):0.0000, cls_loss(avg):0.0003
Epoch:49: seg_loss(avg):0.0000, cls_loss(avg):0.0002
Epoch:50: seg_loss(avg):0.0000, cls_loss(avg):0.0002
Saved checkpoint at epoch 50

Validating epoch 50 on all test datasets...
Testing on FTCPTC...
  FTCPTC - Dice: 0.0709, HD95: 113.8840
  FTCPTC - FTCPTC: Acc=0.6583, Prec=0.1696, Rec=0.0123, F1=0.0228, AUROC=0.4809, AUPRC=0.3170, ECE=0.3417

========== Evaluation Summary (All Test Records) ==========


Dataset: FTCPTC
Eval epochs: [5, 10, 15, 20, 25, 30, 35, 40, 45, 50]
Dice per eval: [0.039500001817941666, 0.03889999911189079, 0.05779999867081642, 0.06210000067949295, 0.057999998331069946, 0.07440000027418137, 0.07100000232458115, 0.06849999725818634, 0.06920000165700912, 0.07090000063180923]
HD95 per eval: [131.22760009765625, 131.2333984375, 113.47200012207031, 123.35279846191406, 118.53610229492188, 110.49500274658203, 111.4259033203125, 114.28199768066406, 114.46800231933594, 113.88400268554688]
Best Dice: 0.0744 at epoch 30
Best HD95: 110.4950 at epoch 30

FTCPTC metrics per eval:
  Acc:  [0.674, 0.6361, 0.6337, 0.6504, 0.6264, 0.6361, 0.6502, 0.6583, 0.6583, 0.6583]
  Prec: [0.0, 0.3129, 0.3639, 0.3353, 0.2409, 0.1201, 0.168, 0.1027, 0.1696, 0.1696]
  Rec:  [0.0, 0.0977, 0.1651, 0.0737, 0.068, 0.0183, 0.0183, 0.0062, 0.0123, 0.0123]
  F1:   [0.0, 0.1483, 0.2264, 0.1203, 0.1056, 0.0317, 0.0329, 0.0116, 0.0228, 0.0228]
  AUROC:[0.497, 0.5015, 0.5445, 0.5527, 0.5701, 0.5263, 0.5013, 0.4899, 0.4901, 0.4809]
  AUPRC:[0.3472, 0.3361, 0.3569, 0.3606, 0.355, 0.3426, 0.3277, 0.3184, 0.3216, 0.317]
  ECE:  [0.0401, 0.1417, 0.2548, 0.3263, 0.3471, 0.3593, 0.3472, 0.3385, 0.3426, 0.3417]
Best FTCPTC F1: 0.2264 at epoch 15

==========================================================

========== Training Completed ==========
Training completed at Wed May  6 12:32:18 2026
