Training started at Sat Feb 21 01:28:38 2026
Method: dino_unet
Dataset: Dilation_train_multitask_dataset_5
Epochs: 50
LR: 0.0001
Batch Size: 12
Image Size: 224 x 224
DINO pretrained: True
Use Dilation: True
Training set - Benign/Malignant: Benign=9058 (59.00%), Malignant=6295 (41.00%)
Auto-adjusted tau=0.50 (imbalance_ratio=1.44)
GLA parameters: p_benign=0.5900, p_malignant=0.4100, tau=0.50
Logit adjustment magnitude: 0.1819
Training set - TI-RADS distribution (1-5): [0, 29, 15, 166, 34]
TI-RADS probabilities: [4.09836053982815e-11, 0.11885245889425278, 0.06147541105747223, 0.6803278923034668, 0.13934426009655]
Loss weights: seg=1.0, bm=1.0, tirads=1.0
GA-MTL schedule per optimizer step: ['seg', 'bm']
steps_per_epoch (optimizer steps): 639
Epoch:1: seg_loss(avg):0.6181, bm_loss(avg):0.5504, tirads_loss(avg):0.0000
Epoch:2: seg_loss(avg):0.4924, bm_loss(avg):0.4122, tirads_loss(avg):0.0000
Epoch:3: seg_loss(avg):0.4614, bm_loss(avg):0.3901, tirads_loss(avg):0.0000
Epoch:4: seg_loss(avg):0.4423, bm_loss(avg):0.3619, tirads_loss(avg):0.0000
Epoch:5: seg_loss(avg):0.4333, bm_loss(avg):0.3312, tirads_loss(avg):0.0000
Saved checkpoint at epoch 5
Epoch:6: seg_loss(avg):0.4255, bm_loss(avg):0.3102, tirads_loss(avg):0.0000
Epoch:7: seg_loss(avg):0.4190, bm_loss(avg):0.2969, tirads_loss(avg):0.0000
Epoch:8: seg_loss(avg):0.4137, bm_loss(avg):0.2883, tirads_loss(avg):0.0000
Epoch:9: seg_loss(avg):0.4048, bm_loss(avg):0.2593, tirads_loss(avg):0.0000
Epoch:10: seg_loss(avg):0.4012, bm_loss(avg):0.2590, tirads_loss(avg):0.0000
Saved checkpoint at epoch 10
Epoch:11: seg_loss(avg):0.3938, bm_loss(avg):0.2411, tirads_loss(avg):0.0000
Epoch:12: seg_loss(avg):0.3902, bm_loss(avg):0.2207, tirads_loss(avg):0.0000
Epoch:13: seg_loss(avg):0.3931, bm_loss(avg):0.2133, tirads_loss(avg):0.0000
Epoch:14: seg_loss(avg):0.3893, bm_loss(avg):0.1973, tirads_loss(avg):0.0000
Epoch:15: seg_loss(avg):0.3820, bm_loss(avg):0.1923, tirads_loss(avg):0.0000
Saved checkpoint at epoch 15
Epoch:16: seg_loss(avg):0.3791, bm_loss(avg):0.1740, tirads_loss(avg):0.0000
Epoch:17: seg_loss(avg):0.3807, bm_loss(avg):0.1652, tirads_loss(avg):0.0000
Epoch:18: seg_loss(avg):0.3659, bm_loss(avg):0.1481, tirads_loss(avg):0.0000
Epoch:19: seg_loss(avg):0.3658, bm_loss(avg):0.1410, tirads_loss(avg):0.0000
Epoch:20: seg_loss(avg):0.3686, bm_loss(avg):0.1256, tirads_loss(avg):0.0000
Saved checkpoint at epoch 20
Epoch:21: seg_loss(avg):0.3635, bm_loss(avg):0.1226, tirads_loss(avg):0.0000
Epoch:22: seg_loss(avg):0.3566, bm_loss(avg):0.1025, tirads_loss(avg):0.0000
Epoch:23: seg_loss(avg):0.3523, bm_loss(avg):0.1027, tirads_loss(avg):0.0000
Epoch:24: seg_loss(avg):0.3502, bm_loss(avg):0.0920, tirads_loss(avg):0.0000
Epoch:25: seg_loss(avg):0.3492, bm_loss(avg):0.0797, tirads_loss(avg):0.0000
Saved checkpoint at epoch 25
Epoch:26: seg_loss(avg):0.3472, bm_loss(avg):0.0699, tirads_loss(avg):0.0000
Epoch:27: seg_loss(avg):0.3393, bm_loss(avg):0.0711, tirads_loss(avg):0.0000
Epoch:28: seg_loss(avg):0.3364, bm_loss(avg):0.0606, tirads_loss(avg):0.0000
Epoch:29: seg_loss(avg):0.3281, bm_loss(avg):0.0568, tirads_loss(avg):0.0000
Epoch:30: seg_loss(avg):0.3292, bm_loss(avg):0.0502, tirads_loss(avg):0.0000
Saved checkpoint at epoch 30
Epoch:31: seg_loss(avg):0.3261, bm_loss(avg):0.0393, tirads_loss(avg):0.0000
Epoch:32: seg_loss(avg):0.3218, bm_loss(avg):0.0382, tirads_loss(avg):0.0000
Epoch:33: seg_loss(avg):0.3189, bm_loss(avg):0.0351, tirads_loss(avg):0.0000
Epoch:34: seg_loss(avg):0.3181, bm_loss(avg):0.0325, tirads_loss(avg):0.0000
Epoch:35: seg_loss(avg):0.3133, bm_loss(avg):0.0304, tirads_loss(avg):0.0000
Saved checkpoint at epoch 35
Epoch:36: seg_loss(avg):0.3127, bm_loss(avg):0.0240, tirads_loss(avg):0.0000
Epoch:37: seg_loss(avg):0.3074, bm_loss(avg):0.0192, tirads_loss(avg):0.0000
Epoch:38: seg_loss(avg):0.3030, bm_loss(avg):0.0224, tirads_loss(avg):0.0000
Epoch:39: seg_loss(avg):0.3007, bm_loss(avg):0.0184, tirads_loss(avg):0.0000
Epoch:40: seg_loss(avg):0.3011, bm_loss(avg):0.0134, tirads_loss(avg):0.0000
Saved checkpoint at epoch 40
Epoch:41: seg_loss(avg):0.2980, bm_loss(avg):0.0159, tirads_loss(avg):0.0000
Epoch:42: seg_loss(avg):0.2935, bm_loss(avg):0.0124, tirads_loss(avg):0.0000
Epoch:43: seg_loss(avg):0.2949, bm_loss(avg):0.0117, tirads_loss(avg):0.0000
Epoch:44: seg_loss(avg):0.2925, bm_loss(avg):0.0088, tirads_loss(avg):0.0000
Epoch:45: seg_loss(avg):0.2873, bm_loss(avg):0.0077, tirads_loss(avg):0.0000
Saved checkpoint at epoch 45
Epoch:46: seg_loss(avg):0.2890, bm_loss(avg):0.0086, tirads_loss(avg):0.0000
Epoch:47: seg_loss(avg):0.2886, bm_loss(avg):0.0110, tirads_loss(avg):0.0000
Epoch:48: seg_loss(avg):0.2891, bm_loss(avg):0.0062, tirads_loss(avg):0.0000
Epoch:49: seg_loss(avg):0.2903, bm_loss(avg):0.0083, tirads_loss(avg):0.0000
Epoch:50: seg_loss(avg):0.2852, bm_loss(avg):0.0108, tirads_loss(avg):0.0000
Saved checkpoint at epoch 50

Validating epoch 50 on all test datasets...
Testing on TN3K...
  TN3K - Dice: 0.8249, HD95: 13.7593
  TN3K - BM: Acc=0.8802, Prec=0.8882, Rec=0.8604, F1=0.8739, AUROC=0.9308, AUPRC=0.9270
  TN3K - TI-RADS: Acc=0.0000, Prec=0.0000, Rec=0.0000, F1=0.0000, AUC=0.0000
Testing on DDTI_Classification...
Error occurred: [Errno 2] No such file or directory: '/mnt/wangbd8/workspace/DataSets/ThyroidAgent/train_val_test/DDTI_Classification/valid/images/'
Traceback (most recent call last):
  File "/mnt/wangbd8/workspace/ThyroidAgent/dino_unet_multitask/train_multitask_gamtl.py", line 380, in main
    test_dataset = MultiTaskDataset(img_path, mask_path, test_label_path, args.img_size, mode='test')
                   ^^^^^^^^^^^^^^^^^^^^^^^^^^^^^^^^^^^^^^^^^^^^^^^^^^^^^^^^^^^^^^^^^^^^^^^^^^^^^^^^^^
  File "/mnt/wangbd8/workspace/ThyroidAgent/dino_unet_multitask/dataset.py", line 69, in __init__
    self.images = [image_root + f for f in os.listdir(image_root) if f.endswith('.jpg') or f.endswith('.png') or f.endswith('.PNG')]
                                           ^^^^^^^^^^^^^^^^^^^^^^
FileNotFoundError: [Errno 2] No such file or directory: '/mnt/wangbd8/workspace/DataSets/ThyroidAgent/train_val_test/DDTI_Classification/valid/images/'

