Training started at Sat Feb 21 11:16:33 2026
Method: dino_unet
Dataset: Dilation_train_multitask_dataset_5
Epochs: 50
LR: 0.0001
Batch Size: 12
Image Size: 224 x 224
DINO pretrained: True
Use Dilation: True
Training set - Benign/Malignant: Benign=9058 (59.00%), Malignant=6295 (41.00%)
Auto-adjusted tau=0.50 (imbalance_ratio=1.44)
GLA parameters: p_benign=0.5900, p_malignant=0.4100, tau=0.50
Logit adjustment magnitude: 0.1819
Training set - TI-RADS distribution (1-5): [0, 29, 15, 166, 34]
TI-RADS probabilities: [4.09836053982815e-11, 0.11885245889425278, 0.06147541105747223, 0.6803278923034668, 0.13934426009655]
Loss weights: seg=1.0, bm=1.0, tirads=1.0
GA-MTL schedule per optimizer step: ['seg', 'bm']
steps_per_epoch (optimizer steps): 639
Epoch:1: seg_loss(avg):0.6417, bm_loss(avg):0.5913, tirads_loss(avg):0.0000
Epoch:2: seg_loss(avg):0.4939, bm_loss(avg):0.4170, tirads_loss(avg):0.0000
Epoch:3: seg_loss(avg):0.4553, bm_loss(avg):0.3926, tirads_loss(avg):0.0000
Epoch:4: seg_loss(avg):0.4371, bm_loss(avg):0.3585, tirads_loss(avg):0.0000
Epoch:5: seg_loss(avg):0.4293, bm_loss(avg):0.3300, tirads_loss(avg):0.0000
Saved checkpoint at epoch 5
Epoch:6: seg_loss(avg):0.4274, bm_loss(avg):0.3086, tirads_loss(avg):0.0000
Epoch:7: seg_loss(avg):0.4217, bm_loss(avg):0.2916, tirads_loss(avg):0.0000
Epoch:8: seg_loss(avg):0.4140, bm_loss(avg):0.2904, tirads_loss(avg):0.0000
Epoch:9: seg_loss(avg):0.4017, bm_loss(avg):0.2653, tirads_loss(avg):0.0000
Epoch:10: seg_loss(avg):0.4057, bm_loss(avg):0.2497, tirads_loss(avg):0.0000
Saved checkpoint at epoch 10
Epoch:11: seg_loss(avg):0.3946, bm_loss(avg):0.2399, tirads_loss(avg):0.0000
Epoch:12: seg_loss(avg):0.3894, bm_loss(avg):0.2131, tirads_loss(avg):0.0000
Epoch:13: seg_loss(avg):0.3968, bm_loss(avg):0.2123, tirads_loss(avg):0.0000
Epoch:14: seg_loss(avg):0.3885, bm_loss(avg):0.1957, tirads_loss(avg):0.0000
Epoch:15: seg_loss(avg):0.3817, bm_loss(avg):0.1754, tirads_loss(avg):0.0000
Saved checkpoint at epoch 15
Epoch:16: seg_loss(avg):0.3781, bm_loss(avg):0.1730, tirads_loss(avg):0.0000
Epoch:17: seg_loss(avg):0.3790, bm_loss(avg):0.1633, tirads_loss(avg):0.0000
Epoch:18: seg_loss(avg):0.3675, bm_loss(avg):0.1456, tirads_loss(avg):0.0000
Epoch:19: seg_loss(avg):0.3648, bm_loss(avg):0.1379, tirads_loss(avg):0.0000
Epoch:20: seg_loss(avg):0.3661, bm_loss(avg):0.1182, tirads_loss(avg):0.0000
Saved checkpoint at epoch 20
Epoch:21: seg_loss(avg):0.3593, bm_loss(avg):0.1082, tirads_loss(avg):0.0000
Epoch:22: seg_loss(avg):0.3570, bm_loss(avg):0.1037, tirads_loss(avg):0.0000
Epoch:23: seg_loss(avg):0.3505, bm_loss(avg):0.0969, tirads_loss(avg):0.0000
Epoch:24: seg_loss(avg):0.3488, bm_loss(avg):0.0909, tirads_loss(avg):0.0000
Epoch:25: seg_loss(avg):0.3493, bm_loss(avg):0.0830, tirads_loss(avg):0.0000
Saved checkpoint at epoch 25
Epoch:26: seg_loss(avg):0.3456, bm_loss(avg):0.0665, tirads_loss(avg):0.0000
Epoch:27: seg_loss(avg):0.3386, bm_loss(avg):0.0722, tirads_loss(avg):0.0000
Epoch:28: seg_loss(avg):0.3343, bm_loss(avg):0.0594, tirads_loss(avg):0.0000
Epoch:29: seg_loss(avg):0.3248, bm_loss(avg):0.0550, tirads_loss(avg):0.0000
Epoch:30: seg_loss(avg):0.3253, bm_loss(avg):0.0409, tirads_loss(avg):0.0000
Saved checkpoint at epoch 30
Epoch:31: seg_loss(avg):0.3238, bm_loss(avg):0.0422, tirads_loss(avg):0.0000
Epoch:32: seg_loss(avg):0.3203, bm_loss(avg):0.0355, tirads_loss(avg):0.0000
Epoch:33: seg_loss(avg):0.3154, bm_loss(avg):0.0314, tirads_loss(avg):0.0000
Epoch:34: seg_loss(avg):0.3150, bm_loss(avg):0.0277, tirads_loss(avg):0.0000
Epoch:35: seg_loss(avg):0.3097, bm_loss(avg):0.0261, tirads_loss(avg):0.0000
Saved checkpoint at epoch 35
Epoch:36: seg_loss(avg):0.3096, bm_loss(avg):0.0210, tirads_loss(avg):0.0000
Epoch:37: seg_loss(avg):0.3030, bm_loss(avg):0.0177, tirads_loss(avg):0.0000
Epoch:38: seg_loss(avg):0.2995, bm_loss(avg):0.0252, tirads_loss(avg):0.0000
Epoch:39: seg_loss(avg):0.2980, bm_loss(avg):0.0192, tirads_loss(avg):0.0000
Epoch:40: seg_loss(avg):0.2966, bm_loss(avg):0.0154, tirads_loss(avg):0.0000
Saved checkpoint at epoch 40
Epoch:41: seg_loss(avg):0.2936, bm_loss(avg):0.0104, tirads_loss(avg):0.0000
Epoch:42: seg_loss(avg):0.2913, bm_loss(avg):0.0121, tirads_loss(avg):0.0000
Epoch:43: seg_loss(avg):0.2919, bm_loss(avg):0.0125, tirads_loss(avg):0.0000
Epoch:44: seg_loss(avg):0.2890, bm_loss(avg):0.0105, tirads_loss(avg):0.0000
Epoch:45: seg_loss(avg):0.2846, bm_loss(avg):0.0070, tirads_loss(avg):0.0000
Saved checkpoint at epoch 45
Epoch:46: seg_loss(avg):0.2862, bm_loss(avg):0.0094, tirads_loss(avg):0.0000
Epoch:47: seg_loss(avg):0.2835, bm_loss(avg):0.0084, tirads_loss(avg):0.0000
Epoch:48: seg_loss(avg):0.2865, bm_loss(avg):0.0077, tirads_loss(avg):0.0000
Epoch:49: seg_loss(avg):0.2864, bm_loss(avg):0.0071, tirads_loss(avg):0.0000
Epoch:50: seg_loss(avg):0.2823, bm_loss(avg):0.0070, tirads_loss(avg):0.0000
Saved checkpoint at epoch 50

Validating epoch 50 on all test datasets...
Testing on TN3K...
  TN3K - Dice: 0.8249, HD95: 13.1271
  TN3K - BM: Acc=0.8392, Prec=0.8240, Rec=0.8486, F1=0.8359, AUROC=0.9267, AUPRC=0.9320
  TN3K - TI-RADS: Acc=0.0000, Prec=0.0000, Rec=0.0000, F1=0.0000, AUC=0.0000
Testing on DDTI_Classification...
  DDTI_Classification - Dice: 0.3793, HD95: 16.5662
  DDTI_Classification - BM: Acc=0.8830, Prec=0.4870, Rec=0.3306, F1=0.3691, AUROC=0.8965, AUPRC=0.5378
  DDTI_Classification - TI-RADS: Acc=0.0190, Prec=0.0050, Rec=0.0330, F1=0.0085, AUC=0.0000
Testing on ThyroidXL...
  ThyroidXL - Dice: 0.8790, HD95: 5.1340
  ThyroidXL - BM: Acc=0.8930, Prec=0.8240, Rec=0.7662, F1=0.7938, AUROC=0.9486, AUPRC=0.8739
  ThyroidXL - TI-RADS: Acc=0.0000, Prec=0.0000, Rec=0.0000, F1=0.0000, AUC=0.0000
Testing on TN5K...
  TN5K - Dice: 0.8266, HD95: 7.2689
  TN5K - BM: Acc=0.9010, Prec=0.9229, Rec=0.9378, F1=0.9302, AUROC=0.9431, AUPRC=0.9723
  TN5K - TI-RADS: Acc=0.0000, Prec=0.0000, Rec=0.0000, F1=0.0000, AUC=0.0000
Testing on Cine-Clip...
  Cine-Clip - Dice: 0.6914, HD95: 22.6894
  Cine-Clip - BM: Acc=0.8779, Prec=0.4875, Rec=0.4209, F1=0.4515, AUROC=0.7621, AUPRC=0.4850
  Cine-Clip - TI-RADS: Acc=0.1272, Prec=0.0393, Rec=0.1046, F1=0.0561, AUC=0.3875

========== Evaluation Summary (All Test Records) ==========

Dataset: TN3K
Eval epochs: [50]
Dice per eval: [0.8248999714851379]
HD95 per eval: [13.127099990844727]
Best Dice: 0.8249 at epoch 50
Best HD95: 13.1271 at epoch 50

BM metrics per eval:
  Acc:  [0.8392]
  Prec: [0.824]
  Rec:  [0.8486]
  F1:   [0.8359]
  AUROC:[0.9267]
  AUPRC:[0.932]
Best BM F1: 0.8359 at epoch 50

TI-RADS metrics per eval:
  Acc:  [0.0]
  Prec: [0.0]
  Rec:  [0.0]
  F1:   [0.0]
  AUC:  [0.0]
Best TI-RADS F1: 0.0000 at epoch 50

Dataset: DDTI_Classification
Eval epochs: [50]
Dice per eval: [0.37929999828338623]
HD95 per eval: [16.566200256347656]
Best Dice: 0.3793 at epoch 50
Best HD95: 16.5662 at epoch 50

BM metrics per eval:
  Acc:  [0.883]
  Prec: [0.487]
  Rec:  [0.3306]
  F1:   [0.3691]
  AUROC:[0.8965]
  AUPRC:[0.5378]
Best BM F1: 0.3691 at epoch 50

TI-RADS metrics per eval:
  Acc:  [0.019]
  Prec: [0.005]
  Rec:  [0.033]
  F1:   [0.0085]
  AUC:  [0.0]
Best TI-RADS F1: 0.0085 at epoch 50

Dataset: ThyroidXL
Eval epochs: [50]
Dice per eval: [0.8790000081062317]
HD95 per eval: [5.133999824523926]
Best Dice: 0.8790 at epoch 50
Best HD95: 5.1340 at epoch 50

BM metrics per eval:
  Acc:  [0.893]
  Prec: [0.824]
  Rec:  [0.7662]
  F1:   [0.7938]
  AUROC:[0.9486]
  AUPRC:[0.8739]
Best BM F1: 0.7938 at epoch 50

TI-RADS metrics per eval:
  Acc:  [0.0]
  Prec: [0.0]
  Rec:  [0.0]
  F1:   [0.0]
  AUC:  [0.0]
Best TI-RADS F1: 0.0000 at epoch 50

Dataset: TN5K
Eval epochs: [50]
Dice per eval: [0.8266000151634216]
HD95 per eval: [7.268899917602539]
Best Dice: 0.8266 at epoch 50
Best HD95: 7.2689 at epoch 50

BM metrics per eval:
  Acc:  [0.901]
  Prec: [0.9229]
  Rec:  [0.9378]
  F1:   [0.9302]
  AUROC:[0.9431]
  AUPRC:[0.9723]
Best BM F1: 0.9302 at epoch 50

TI-RADS metrics per eval:
  Acc:  [0.0]
  Prec: [0.0]
  Rec:  [0.0]
  F1:   [0.0]
  AUC:  [0.0]
Best TI-RADS F1: 0.0000 at epoch 50

Dataset: Cine-Clip
Eval epochs: [50]
Dice per eval: [0.6913999915122986]
HD95 per eval: [22.68939971923828]
Best Dice: 0.6914 at epoch 50
Best HD95: 22.6894 at epoch 50

BM metrics per eval:
  Acc:  [0.8779]
  Prec: [0.4875]
  Rec:  [0.4209]
  F1:   [0.4515]
  AUROC:[0.7621]
  AUPRC:[0.485]
Best BM F1: 0.4515 at epoch 50

TI-RADS metrics per eval:
  Acc:  [0.1272]
  Prec: [0.0393]
  Rec:  [0.1046]
  F1:   [0.0561]
  AUC:  [0.3875]
Best TI-RADS F1: 0.0561 at epoch 50

==========================================================

========== Training Completed ==========
Training completed at Sat Feb 21 13:26:41 2026
