Training started at Fri Dec 26 15:46:18 2025
Method: dino_unet
Dataset: Dilation_train_multitask_dataset2
Epochs: 50
LR: 0.0001
Batch Size: 12
Image Size: 224 x 224
DINO pretrained: True
Use Dilation: True
Training set - Benign/Malignant: Benign=9383 (65.73%), Malignant=4891 (34.27%)
Auto-adjusted tau=0.70 (imbalance_ratio=1.92)
GLA parameters: p_benign=0.6573, p_malignant=0.3427, tau=0.70
Logit adjustment magnitude: 0.4561
Training set - TI-RADS distribution (1-5): [0, 0, 0, 0, 0]
TI-RADS probabilities: [0.20000000298023224, 0.20000000298023224, 0.20000000298023224, 0.20000000298023224, 0.20000000298023224]
Loss weights: seg=1.0, bm=1.0, tirads=1.0
GA-MTL schedule per optimizer step: ['seg', 'bm']
steps_per_epoch (optimizer steps): 594
Epoch:1: seg_loss(avg):0.6240, bm_loss(avg):0.5759, tirads_loss(avg):0.0000
Epoch:2: seg_loss(avg):0.4832, bm_loss(avg):0.4566, tirads_loss(avg):0.0000
Epoch:3: seg_loss(avg):0.4623, bm_loss(avg):0.4214, tirads_loss(avg):0.0000
Epoch:4: seg_loss(avg):0.4469, bm_loss(avg):0.3893, tirads_loss(avg):0.0000
Epoch:5: seg_loss(avg):0.4339, bm_loss(avg):0.3634, tirads_loss(avg):0.0000
Saved checkpoint at epoch 5

Validating epoch 5 on all test datasets...
Testing on TN3K...
  TN3K - Dice: 0.8600, HD95: 13.1608
  TN3K - BM: Acc=0.6254, Prec=0.5075, Rec=0.8602, F1=0.6384, AUROC=0.7970, AUPRC=0.7377
  TN3K - TI-RADS: Acc=0.0000, Prec=0.0000, Rec=0.0000, F1=0.0000, AUC=0.0000
Testing on DDTI...
  DDTI - Dice: 0.8020, HD95: 19.5424
  DDTI - BM: Acc=0.0000, Prec=0.0000, Rec=0.0000, F1=0.0000, AUROC=0.0000, AUPRC=0.0000
  DDTI - TI-RADS: Acc=0.0000, Prec=0.0000, Rec=0.0000, F1=0.0000, AUC=0.0000
Testing on ThyroidXL...
  ThyroidXL - Dice: 0.8755, HD95: 6.7536
  ThyroidXL - BM: Acc=0.8522, Prec=0.8181, Rec=0.8763, F1=0.8462, AUROC=0.9294, AUPRC=0.9115
  ThyroidXL - TI-RADS: Acc=0.0000, Prec=0.0000, Rec=0.0000, F1=0.0000, AUC=0.0000
Testing on PKTN...
  PKTN - Dice: 0.7885, HD95: 15.5865
  PKTN - BM: Acc=0.0000, Prec=0.0000, Rec=0.0000, F1=0.0000, AUROC=0.0000, AUPRC=0.0000
  PKTN - TI-RADS: Acc=0.0000, Prec=0.0000, Rec=0.0000, F1=0.0000, AUC=0.0000
Testing on TN5K...
  TN5K - Dice: 0.7644, HD95: 15.0477
  TN5K - BM: Acc=0.8060, Prec=0.8126, Rec=0.9549, F1=0.8780, AUROC=0.8819, AUPRC=0.9541
  TN5K - TI-RADS: Acc=0.0000, Prec=0.0000, Rec=0.0000, F1=0.0000, AUC=0.0000
Epoch:6: seg_loss(avg):0.4263, bm_loss(avg):0.3398, tirads_loss(avg):0.0000
Epoch:7: seg_loss(avg):0.4179, bm_loss(avg):0.3176, tirads_loss(avg):0.0000
Epoch:8: seg_loss(avg):0.4228, bm_loss(avg):0.2949, tirads_loss(avg):0.0000
Epoch:9: seg_loss(avg):0.4150, bm_loss(avg):0.2799, tirads_loss(avg):0.0000
Epoch:10: seg_loss(avg):0.4128, bm_loss(avg):0.2695, tirads_loss(avg):0.0000
Saved checkpoint at epoch 10

Validating epoch 10 on all test datasets...
Testing on TN3K...
  TN3K - Dice: 0.8562, HD95: 13.2651
  TN3K - BM: Acc=0.5977, Prec=0.4872, Rec=0.8898, F1=0.6297, AUROC=0.7798, AUPRC=0.6849
  TN3K - TI-RADS: Acc=0.0000, Prec=0.0000, Rec=0.0000, F1=0.0000, AUC=0.0000
Testing on DDTI...
  DDTI - Dice: 0.7721, HD95: 23.8630
  DDTI - BM: Acc=0.0000, Prec=0.0000, Rec=0.0000, F1=0.0000, AUROC=0.0000, AUPRC=0.0000
  DDTI - TI-RADS: Acc=0.0000, Prec=0.0000, Rec=0.0000, F1=0.0000, AUC=0.0000
Testing on ThyroidXL...
  ThyroidXL - Dice: 0.8763, HD95: 6.8010
  ThyroidXL - BM: Acc=0.8416, Prec=0.8360, Rec=0.8196, F1=0.8277, AUROC=0.9247, AUPRC=0.9061
  ThyroidXL - TI-RADS: Acc=0.0000, Prec=0.0000, Rec=0.0000, F1=0.0000, AUC=0.0000
Testing on PKTN...
  PKTN - Dice: 0.7872, HD95: 16.0862
  PKTN - BM: Acc=0.0000, Prec=0.0000, Rec=0.0000, F1=0.0000, AUROC=0.0000, AUPRC=0.0000
  PKTN - TI-RADS: Acc=0.0000, Prec=0.0000, Rec=0.0000, F1=0.0000, AUC=0.0000
Testing on TN5K...
  TN5K - Dice: 0.7393, HD95: 18.1631
  TN5K - BM: Acc=0.7800, Prec=0.7848, Rec=0.9631, F1=0.8649, AUROC=0.8306, AUPRC=0.9270
  TN5K - TI-RADS: Acc=0.0000, Prec=0.0000, Rec=0.0000, F1=0.0000, AUC=0.0000
Epoch:11: seg_loss(avg):0.4009, bm_loss(avg):0.2444, tirads_loss(avg):0.0000
Epoch:12: seg_loss(avg):0.3977, bm_loss(avg):0.2346, tirads_loss(avg):0.0000
Epoch:13: seg_loss(avg):0.3945, bm_loss(avg):0.2189, tirads_loss(avg):0.0000
Epoch:14: seg_loss(avg):0.3903, bm_loss(avg):0.2026, tirads_loss(avg):0.0000
Epoch:15: seg_loss(avg):0.3855, bm_loss(avg):0.1949, tirads_loss(avg):0.0000
Saved checkpoint at epoch 15

Validating epoch 15 on all test datasets...
Testing on TN3K...
  TN3K - Dice: 0.8623, HD95: 13.4804
  TN3K - BM: Acc=0.7410, Prec=0.6464, Rec=0.7203, F1=0.6814, AUROC=0.8043, AUPRC=0.7324
  TN3K - TI-RADS: Acc=0.0000, Prec=0.0000, Rec=0.0000, F1=0.0000, AUC=0.0000
Testing on DDTI...
  DDTI - Dice: 0.7814, HD95: 22.5818
  DDTI - BM: Acc=0.0000, Prec=0.0000, Rec=0.0000, F1=0.0000, AUROC=0.0000, AUPRC=0.0000
  DDTI - TI-RADS: Acc=0.0000, Prec=0.0000, Rec=0.0000, F1=0.0000, AUC=0.0000
Testing on ThyroidXL...
  ThyroidXL - Dice: 0.8801, HD95: 6.2826
  ThyroidXL - BM: Acc=0.8225, Prec=0.9020, Rec=0.6928, F1=0.7837, AUROC=0.9373, AUPRC=0.9212
  ThyroidXL - TI-RADS: Acc=0.0000, Prec=0.0000, Rec=0.0000, F1=0.0000, AUC=0.0000
Testing on PKTN...
  PKTN - Dice: 0.7802, HD95: 17.1719
  PKTN - BM: Acc=0.0000, Prec=0.0000, Rec=0.0000, F1=0.0000, AUROC=0.0000, AUPRC=0.0000
  PKTN - TI-RADS: Acc=0.0000, Prec=0.0000, Rec=0.0000, F1=0.0000, AUC=0.0000
Testing on TN5K...
  TN5K - Dice: 0.7395, HD95: 17.7581
  TN5K - BM: Acc=0.7920, Prec=0.9105, Rec=0.7934, F1=0.8480, AUROC=0.8749, AUPRC=0.9473
  TN5K - TI-RADS: Acc=0.0000, Prec=0.0000, Rec=0.0000, F1=0.0000, AUC=0.0000
Epoch:16: seg_loss(avg):0.3856, bm_loss(avg):0.1788, tirads_loss(avg):0.0000
Epoch:17: seg_loss(avg):0.3794, bm_loss(avg):0.1630, tirads_loss(avg):0.0000
Epoch:18: seg_loss(avg):0.3756, bm_loss(avg):0.1617, tirads_loss(avg):0.0000
Epoch:19: seg_loss(avg):0.3734, bm_loss(avg):0.1392, tirads_loss(avg):0.0000
Epoch:20: seg_loss(avg):0.3679, bm_loss(avg):0.1386, tirads_loss(avg):0.0000
Saved checkpoint at epoch 20

Validating epoch 20 on all test datasets...
Testing on TN3K...
  TN3K - Dice: 0.8721, HD95: 11.9351
  TN3K - BM: Acc=0.6987, Prec=0.5815, Rec=0.7712, F1=0.6630, AUROC=0.7903, AUPRC=0.7206
  TN3K - TI-RADS: Acc=0.0000, Prec=0.0000, Rec=0.0000, F1=0.0000, AUC=0.0000
Testing on DDTI...
  DDTI - Dice: 0.7694, HD95: 21.3694
  DDTI - BM: Acc=0.0000, Prec=0.0000, Rec=0.0000, F1=0.0000, AUROC=0.0000, AUPRC=0.0000
  DDTI - TI-RADS: Acc=0.0000, Prec=0.0000, Rec=0.0000, F1=0.0000, AUC=0.0000
Testing on ThyroidXL...
  ThyroidXL - Dice: 0.8834, HD95: 5.9949
  ThyroidXL - BM: Acc=0.8325, Prec=0.8355, Rec=0.7959, F1=0.8152, AUROC=0.9277, AUPRC=0.9119
  ThyroidXL - TI-RADS: Acc=0.0000, Prec=0.0000, Rec=0.0000, F1=0.0000, AUC=0.0000
Testing on PKTN...
  PKTN - Dice: 0.8021, HD95: 14.7995
  PKTN - BM: Acc=0.0000, Prec=0.0000, Rec=0.0000, F1=0.0000, AUROC=0.0000, AUPRC=0.0000
  PKTN - TI-RADS: Acc=0.0000, Prec=0.0000, Rec=0.0000, F1=0.0000, AUC=0.0000
Testing on TN5K...
  TN5K - Dice: 0.7760, HD95: 14.9369
  TN5K - BM: Acc=0.8060, Prec=0.8429, Rec=0.9029, F1=0.8719, AUROC=0.8379, AUPRC=0.9243
  TN5K - TI-RADS: Acc=0.0000, Prec=0.0000, Rec=0.0000, F1=0.0000, AUC=0.0000
Epoch:21: seg_loss(avg):0.3645, bm_loss(avg):0.1226, tirads_loss(avg):0.0000
Epoch:22: seg_loss(avg):0.3651, bm_loss(avg):0.1105, tirads_loss(avg):0.0000
Epoch:23: seg_loss(avg):0.3594, bm_loss(avg):0.0979, tirads_loss(avg):0.0000
Epoch:24: seg_loss(avg):0.3557, bm_loss(avg):0.0887, tirads_loss(avg):0.0000
Epoch:25: seg_loss(avg):0.3529, bm_loss(avg):0.0836, tirads_loss(avg):0.0000
Saved checkpoint at epoch 25

Validating epoch 25 on all test datasets...
Testing on TN3K...
  TN3K - Dice: 0.8780, HD95: 11.5903
  TN3K - BM: Acc=0.7085, Prec=0.5993, Rec=0.7288, F1=0.6577, AUROC=0.7809, AUPRC=0.7038
  TN3K - TI-RADS: Acc=0.0000, Prec=0.0000, Rec=0.0000, F1=0.0000, AUC=0.0000
Testing on DDTI...
  DDTI - Dice: 0.7748, HD95: 20.0885
  DDTI - BM: Acc=0.0000, Prec=0.0000, Rec=0.0000, F1=0.0000, AUROC=0.0000, AUPRC=0.0000
  DDTI - TI-RADS: Acc=0.0000, Prec=0.0000, Rec=0.0000, F1=0.0000, AUC=0.0000
Testing on ThyroidXL...
  ThyroidXL - Dice: 0.8869, HD95: 5.9363
  ThyroidXL - BM: Acc=0.8373, Prec=0.8957, Rec=0.7351, F1=0.8075, AUROC=0.9271, AUPRC=0.9170
  ThyroidXL - TI-RADS: Acc=0.0000, Prec=0.0000, Rec=0.0000, F1=0.0000, AUC=0.0000
Testing on PKTN...
  PKTN - Dice: 0.8117, HD95: 13.7890
  PKTN - BM: Acc=0.0000, Prec=0.0000, Rec=0.0000, F1=0.0000, AUROC=0.0000, AUPRC=0.0000
  PKTN - TI-RADS: Acc=0.0000, Prec=0.0000, Rec=0.0000, F1=0.0000, AUC=0.0000
Testing on TN5K...
  TN5K - Dice: 0.7935, HD95: 13.4057
  TN5K - BM: Acc=0.8310, Prec=0.9003, Rec=0.8646, F1=0.8821, AUROC=0.8785, AUPRC=0.9453
  TN5K - TI-RADS: Acc=0.0000, Prec=0.0000, Rec=0.0000, F1=0.0000, AUC=0.0000
Epoch:26: seg_loss(avg):0.3472, bm_loss(avg):0.0765, tirads_loss(avg):0.0000
Epoch:27: seg_loss(avg):0.3475, bm_loss(avg):0.0674, tirads_loss(avg):0.0000
Epoch:28: seg_loss(avg):0.3440, bm_loss(avg):0.0647, tirads_loss(avg):0.0000
Epoch:29: seg_loss(avg):0.3394, bm_loss(avg):0.0546, tirads_loss(avg):0.0000
Epoch:30: seg_loss(avg):0.3330, bm_loss(avg):0.0522, tirads_loss(avg):0.0000
Saved checkpoint at epoch 30

Validating epoch 30 on all test datasets...
Testing on TN3K...
  TN3K - Dice: 0.8715, HD95: 13.0834
  TN3K - BM: Acc=0.7134, Prec=0.6128, Rec=0.6907, F1=0.6494, AUROC=0.7610, AUPRC=0.6769
  TN3K - TI-RADS: Acc=0.0000, Prec=0.0000, Rec=0.0000, F1=0.0000, AUC=0.0000
Testing on DDTI...
  DDTI - Dice: 0.7912, HD95: 19.7804
  DDTI - BM: Acc=0.0000, Prec=0.0000, Rec=0.0000, F1=0.0000, AUROC=0.0000, AUPRC=0.0000
  DDTI - TI-RADS: Acc=0.0000, Prec=0.0000, Rec=0.0000, F1=0.0000, AUC=0.0000
Testing on ThyroidXL...
  ThyroidXL - Dice: 0.8883, HD95: 5.8367
  ThyroidXL - BM: Acc=0.8306, Prec=0.8850, Rec=0.7299, F1=0.8000, AUROC=0.9262, AUPRC=0.9198
  ThyroidXL - TI-RADS: Acc=0.0000, Prec=0.0000, Rec=0.0000, F1=0.0000, AUC=0.0000
Testing on PKTN...
  PKTN - Dice: 0.8088, HD95: 14.8833
  PKTN - BM: Acc=0.0000, Prec=0.0000, Rec=0.0000, F1=0.0000, AUROC=0.0000, AUPRC=0.0000
  PKTN - TI-RADS: Acc=0.0000, Prec=0.0000, Rec=0.0000, F1=0.0000, AUC=0.0000
Testing on TN5K...
  TN5K - Dice: 0.7891, HD95: 14.4813
  TN5K - BM: Acc=0.7900, Prec=0.8977, Rec=0.8044, F1=0.8485, AUROC=0.8585, AUPRC=0.9357
  TN5K - TI-RADS: Acc=0.0000, Prec=0.0000, Rec=0.0000, F1=0.0000, AUC=0.0000
Epoch:31: seg_loss(avg):0.3345, bm_loss(avg):0.0469, tirads_loss(avg):0.0000
Epoch:32: seg_loss(avg):0.3278, bm_loss(avg):0.0398, tirads_loss(avg):0.0000
Epoch:33: seg_loss(avg):0.3243, bm_loss(avg):0.0334, tirads_loss(avg):0.0000
Epoch:34: seg_loss(avg):0.3200, bm_loss(avg):0.0321, tirads_loss(avg):0.0000
Epoch:35: seg_loss(avg):0.3199, bm_loss(avg):0.0267, tirads_loss(avg):0.0000
Saved checkpoint at epoch 35

Validating epoch 35 on all test datasets...
Testing on TN3K...
  TN3K - Dice: 0.8788, HD95: 11.9972
  TN3K - BM: Acc=0.7134, Prec=0.5980, Rec=0.7754, F1=0.6753, AUROC=0.7862, AUPRC=0.7147
  TN3K - TI-RADS: Acc=0.0000, Prec=0.0000, Rec=0.0000, F1=0.0000, AUC=0.0000
Testing on DDTI...
  DDTI - Dice: 0.7892, HD95: 19.5804
  DDTI - BM: Acc=0.0000, Prec=0.0000, Rec=0.0000, F1=0.0000, AUROC=0.0000, AUPRC=0.0000
  DDTI - TI-RADS: Acc=0.0000, Prec=0.0000, Rec=0.0000, F1=0.0000, AUC=0.0000
Testing on ThyroidXL...
  ThyroidXL - Dice: 0.8889, HD95: 5.8042
  ThyroidXL - BM: Acc=0.8593, Prec=0.8650, Rec=0.8258, F1=0.8449, AUROC=0.9352, AUPRC=0.9243
  ThyroidXL - TI-RADS: Acc=0.0000, Prec=0.0000, Rec=0.0000, F1=0.0000, AUC=0.0000
Testing on PKTN...
  PKTN - Dice: 0.8114, HD95: 13.6717
  PKTN - BM: Acc=0.0000, Prec=0.0000, Rec=0.0000, F1=0.0000, AUROC=0.0000, AUPRC=0.0000
  PKTN - TI-RADS: Acc=0.0000, Prec=0.0000, Rec=0.0000, F1=0.0000, AUC=0.0000
Testing on TN5K...
  TN5K - Dice: 0.7900, HD95: 13.7887
  TN5K - BM: Acc=0.8340, Prec=0.8823, Rec=0.8919, F1=0.8871, AUROC=0.8759, AUPRC=0.9417
  TN5K - TI-RADS: Acc=0.0000, Prec=0.0000, Rec=0.0000, F1=0.0000, AUC=0.0000
Epoch:36: seg_loss(avg):0.3142, bm_loss(avg):0.0208, tirads_loss(avg):0.0000
Epoch:37: seg_loss(avg):0.3119, bm_loss(avg):0.0243, tirads_loss(avg):0.0000
Epoch:38: seg_loss(avg):0.3074, bm_loss(avg):0.0209, tirads_loss(avg):0.0000
Epoch:39: seg_loss(avg):0.3092, bm_loss(avg):0.0213, tirads_loss(avg):0.0000
Epoch:40: seg_loss(avg):0.3016, bm_loss(avg):0.0205, tirads_loss(avg):0.0000
Saved checkpoint at epoch 40

Validating epoch 40 on all test datasets...
Testing on TN3K...
  TN3K - Dice: 0.8760, HD95: 11.7753
  TN3K - BM: Acc=0.7068, Prec=0.5933, Rec=0.7542, F1=0.6642, AUROC=0.7840, AUPRC=0.7096
  TN3K - TI-RADS: Acc=0.0000, Prec=0.0000, Rec=0.0000, F1=0.0000, AUC=0.0000
Testing on DDTI...
  DDTI - Dice: 0.7846, HD95: 19.7582
  DDTI - BM: Acc=0.0000, Prec=0.0000, Rec=0.0000, F1=0.0000, AUROC=0.0000, AUPRC=0.0000
  DDTI - TI-RADS: Acc=0.0000, Prec=0.0000, Rec=0.0000, F1=0.0000, AUC=0.0000
Testing on ThyroidXL...
  ThyroidXL - Dice: 0.8891, HD95: 5.7998
  ThyroidXL - BM: Acc=0.8411, Prec=0.8919, Rec=0.7485, F1=0.8139, AUROC=0.9291, AUPRC=0.9241
  ThyroidXL - TI-RADS: Acc=0.0000, Prec=0.0000, Rec=0.0000, F1=0.0000, AUC=0.0000
Testing on PKTN...
  PKTN - Dice: 0.8198, HD95: 13.0937
  PKTN - BM: Acc=0.0000, Prec=0.0000, Rec=0.0000, F1=0.0000, AUROC=0.0000, AUPRC=0.0000
  PKTN - TI-RADS: Acc=0.0000, Prec=0.0000, Rec=0.0000, F1=0.0000, AUC=0.0000
Testing on TN5K...
  TN5K - Dice: 0.7931, HD95: 13.3059
  TN5K - BM: Acc=0.8180, Prec=0.8685, Rec=0.8851, F1=0.8767, AUROC=0.8673, AUPRC=0.9361
  TN5K - TI-RADS: Acc=0.0000, Prec=0.0000, Rec=0.0000, F1=0.0000, AUC=0.0000
Epoch:41: seg_loss(avg):0.3050, bm_loss(avg):0.0130, tirads_loss(avg):0.0000
Epoch:42: seg_loss(avg):0.2993, bm_loss(avg):0.0122, tirads_loss(avg):0.0000
Epoch:43: seg_loss(avg):0.2997, bm_loss(avg):0.0161, tirads_loss(avg):0.0000
Epoch:44: seg_loss(avg):0.2985, bm_loss(avg):0.0154, tirads_loss(avg):0.0000
Epoch:45: seg_loss(avg):0.2944, bm_loss(avg):0.0150, tirads_loss(avg):0.0000
Saved checkpoint at epoch 45

Validating epoch 45 on all test datasets...
Testing on TN3K...
  TN3K - Dice: 0.8764, HD95: 11.6119
  TN3K - BM: Acc=0.7150, Prec=0.6070, Rec=0.7331, F1=0.6641, AUROC=0.7736, AUPRC=0.7048
  TN3K - TI-RADS: Acc=0.0000, Prec=0.0000, Rec=0.0000, F1=0.0000, AUC=0.0000
Testing on DDTI...
  DDTI - Dice: 0.7885, HD95: 19.4780
  DDTI - BM: Acc=0.0000, Prec=0.0000, Rec=0.0000, F1=0.0000, AUROC=0.0000, AUPRC=0.0000
  DDTI - TI-RADS: Acc=0.0000, Prec=0.0000, Rec=0.0000, F1=0.0000, AUC=0.0000
Testing on ThyroidXL...
  ThyroidXL - Dice: 0.8890, HD95: 5.7877
  ThyroidXL - BM: Acc=0.8349, Prec=0.8981, Rec=0.7268, F1=0.8034, AUROC=0.9245, AUPRC=0.9211
  ThyroidXL - TI-RADS: Acc=0.0000, Prec=0.0000, Rec=0.0000, F1=0.0000, AUC=0.0000
Testing on PKTN...
  PKTN - Dice: 0.8183, HD95: 12.9138
  PKTN - BM: Acc=0.0000, Prec=0.0000, Rec=0.0000, F1=0.0000, AUROC=0.0000, AUPRC=0.0000
  PKTN - TI-RADS: Acc=0.0000, Prec=0.0000, Rec=0.0000, F1=0.0000, AUC=0.0000
Testing on TN5K...
  TN5K - Dice: 0.7964, HD95: 13.0329
  TN5K - BM: Acc=0.8200, Prec=0.8908, Rec=0.8591, F1=0.8747, AUROC=0.8658, AUPRC=0.9334
  TN5K - TI-RADS: Acc=0.0000, Prec=0.0000, Rec=0.0000, F1=0.0000, AUC=0.0000
Epoch:46: seg_loss(avg):0.2937, bm_loss(avg):0.0109, tirads_loss(avg):0.0000
Epoch:47: seg_loss(avg):0.2931, bm_loss(avg):0.0098, tirads_loss(avg):0.0000
Epoch:48: seg_loss(avg):0.2937, bm_loss(avg):0.0096, tirads_loss(avg):0.0000
Epoch:49: seg_loss(avg):0.2922, bm_loss(avg):0.0095, tirads_loss(avg):0.0000
Epoch:50: seg_loss(avg):0.2923, bm_loss(avg):0.0125, tirads_loss(avg):0.0000
Saved checkpoint at epoch 50

Validating epoch 50 on all test datasets...
Testing on TN3K...
  TN3K - Dice: 0.8762, HD95: 11.5464
  TN3K - BM: Acc=0.7166, Prec=0.6054, Rec=0.7542, F1=0.6717, AUROC=0.7761, AUPRC=0.7088
  TN3K - TI-RADS: Acc=0.0000, Prec=0.0000, Rec=0.0000, F1=0.0000, AUC=0.0000
Testing on DDTI...
  DDTI - Dice: 0.7870, HD95: 19.3461
  DDTI - BM: Acc=0.0000, Prec=0.0000, Rec=0.0000, F1=0.0000, AUROC=0.0000, AUPRC=0.0000
  DDTI - TI-RADS: Acc=0.0000, Prec=0.0000, Rec=0.0000, F1=0.0000, AUC=0.0000
Testing on ThyroidXL...
  ThyroidXL - Dice: 0.8893, HD95: 5.7660
  ThyroidXL - BM: Acc=0.8416, Prec=0.8920, Rec=0.7495, F1=0.8146, AUROC=0.9248, AUPRC=0.9217
  ThyroidXL - TI-RADS: Acc=0.0000, Prec=0.0000, Rec=0.0000, F1=0.0000, AUC=0.0000
Testing on PKTN...
  PKTN - Dice: 0.8197, HD95: 12.8686
  PKTN - BM: Acc=0.0000, Prec=0.0000, Rec=0.0000, F1=0.0000, AUROC=0.0000, AUPRC=0.0000
  PKTN - TI-RADS: Acc=0.0000, Prec=0.0000, Rec=0.0000, F1=0.0000, AUC=0.0000
Testing on TN5K...
  TN5K - Dice: 0.7971, HD95: 13.0492
  TN5K - BM: Acc=0.8190, Prec=0.8809, Rec=0.8700, F1=0.8754, AUROC=0.8679, AUPRC=0.9344
  TN5K - TI-RADS: Acc=0.0000, Prec=0.0000, Rec=0.0000, F1=0.0000, AUC=0.0000

========== Evaluation Summary (All Test Records) ==========

Dataset: TN3K
Eval epochs: [5, 10, 15, 20, 25, 30, 35, 40, 45, 50]
Dice per eval: [0.86, 0.8562, 0.8623, 0.8721, 0.878, 0.8715, 0.8788, 0.876, 0.8764, 0.8762]
HD95 per eval: [np.float64(13.1608), np.float64(13.2651), np.float64(13.4804), np.float64(11.9351), np.float64(11.5903), np.float64(13.0834), np.float64(11.9972), np.float64(11.7753), np.float64(11.6119), np.float64(11.5464)]
Best Dice: 0.8788 at epoch 35
Best HD95: 11.5464 at epoch 50

BM metrics per eval:
  Acc:  [np.float64(0.6254), np.float64(0.5977), np.float64(0.741), np.float64(0.6987), np.float64(0.7085), np.float64(0.7134), np.float64(0.7134), np.float64(0.7068), np.float64(0.715), np.float64(0.7166)]
  Prec: [0.5075, 0.4872, 0.6464, 0.5815, 0.5993, 0.6128, 0.598, 0.5933, 0.607, 0.6054]
  Rec:  [0.8602, 0.8898, 0.7203, 0.7712, 0.7288, 0.6907, 0.7754, 0.7542, 0.7331, 0.7542]
  F1:   [0.6384, 0.6297, 0.6814, 0.663, 0.6577, 0.6494, 0.6753, 0.6642, 0.6641, 0.6717]
  AUROC:[0.797, 0.7798, 0.8043, 0.7903, 0.7809, 0.761, 0.7862, 0.784, 0.7736, 0.7761]
  AUPRC:[0.7377, 0.6849, 0.7324, 0.7206, 0.7038, 0.6769, 0.7147, 0.7096, 0.7048, 0.7088]
Best BM F1: 0.6814 at epoch 15

TI-RADS metrics per eval:
  Acc:  [0.0, 0.0, 0.0, 0.0, 0.0, 0.0, 0.0, 0.0, 0.0, 0.0]
  Prec: [0.0, 0.0, 0.0, 0.0, 0.0, 0.0, 0.0, 0.0, 0.0, 0.0]
  Rec:  [0.0, 0.0, 0.0, 0.0, 0.0, 0.0, 0.0, 0.0, 0.0, 0.0]
  F1:   [0.0, 0.0, 0.0, 0.0, 0.0, 0.0, 0.0, 0.0, 0.0, 0.0]
  AUC:  [0.0, 0.0, 0.0, 0.0, 0.0, 0.0, 0.0, 0.0, 0.0, 0.0]
Best TI-RADS F1: 0.0000 at epoch 5

Dataset: DDTI
Eval epochs: [5, 10, 15, 20, 25, 30, 35, 40, 45, 50]
Dice per eval: [0.802, 0.7721, 0.7814, 0.7694, 0.7748, 0.7912, 0.7892, 0.7846, 0.7885, 0.787]
HD95 per eval: [np.float64(19.5424), np.float64(23.863), np.float64(22.5818), np.float64(21.3694), np.float64(20.0885), np.float64(19.7804), np.float64(19.5804), np.float64(19.7582), np.float64(19.478), np.float64(19.3461)]
Best Dice: 0.8020 at epoch 5
Best HD95: 19.3461 at epoch 50

BM metrics per eval:
  Acc:  [0.0, 0.0, 0.0, 0.0, 0.0, 0.0, 0.0, 0.0, 0.0, 0.0]
  Prec: [0.0, 0.0, 0.0, 0.0, 0.0, 0.0, 0.0, 0.0, 0.0, 0.0]
  Rec:  [0.0, 0.0, 0.0, 0.0, 0.0, 0.0, 0.0, 0.0, 0.0, 0.0]
  F1:   [0.0, 0.0, 0.0, 0.0, 0.0, 0.0, 0.0, 0.0, 0.0, 0.0]
  AUROC:[0.0, 0.0, 0.0, 0.0, 0.0, 0.0, 0.0, 0.0, 0.0, 0.0]
  AUPRC:[0.0, 0.0, 0.0, 0.0, 0.0, 0.0, 0.0, 0.0, 0.0, 0.0]
Best BM F1: 0.0000 at epoch 5

TI-RADS metrics per eval:
  Acc:  [0.0, 0.0, 0.0, 0.0, 0.0, 0.0, 0.0, 0.0, 0.0, 0.0]
  Prec: [0.0, 0.0, 0.0, 0.0, 0.0, 0.0, 0.0, 0.0, 0.0, 0.0]
  Rec:  [0.0, 0.0, 0.0, 0.0, 0.0, 0.0, 0.0, 0.0, 0.0, 0.0]
  F1:   [0.0, 0.0, 0.0, 0.0, 0.0, 0.0, 0.0, 0.0, 0.0, 0.0]
  AUC:  [0.0, 0.0, 0.0, 0.0, 0.0, 0.0, 0.0, 0.0, 0.0, 0.0]
Best TI-RADS F1: 0.0000 at epoch 5

Dataset: ThyroidXL
Eval epochs: [5, 10, 15, 20, 25, 30, 35, 40, 45, 50]
Dice per eval: [0.8755, 0.8763, 0.8801, 0.8834, 0.8869, 0.8883, 0.8889, 0.8891, 0.889, 0.8893]
HD95 per eval: [np.float64(6.7536), np.float64(6.801), np.float64(6.2826), np.float64(5.9949), np.float64(5.9363), np.float64(5.8367), np.float64(5.8042), np.float64(5.7998), np.float64(5.7877), np.float64(5.766)]
Best Dice: 0.8893 at epoch 50
Best HD95: 5.7660 at epoch 50

BM metrics per eval:
  Acc:  [np.float64(0.8522), np.float64(0.8416), np.float64(0.8225), np.float64(0.8325), np.float64(0.8373), np.float64(0.8306), np.float64(0.8593), np.float64(0.8411), np.float64(0.8349), np.float64(0.8416)]
  Prec: [0.8181, 0.836, 0.902, 0.8355, 0.8957, 0.885, 0.865, 0.8919, 0.8981, 0.892]
  Rec:  [0.8763, 0.8196, 0.6928, 0.7959, 0.7351, 0.7299, 0.8258, 0.7485, 0.7268, 0.7495]
  F1:   [0.8462, 0.8277, 0.7837, 0.8152, 0.8075, 0.8, 0.8449, 0.8139, 0.8034, 0.8146]
  AUROC:[0.9294, 0.9247, 0.9373, 0.9277, 0.9271, 0.9262, 0.9352, 0.9291, 0.9245, 0.9248]
  AUPRC:[0.9115, 0.9061, 0.9212, 0.9119, 0.917, 0.9198, 0.9243, 0.9241, 0.9211, 0.9217]
Best BM F1: 0.8462 at epoch 5

TI-RADS metrics per eval:
  Acc:  [0.0, 0.0, 0.0, 0.0, 0.0, 0.0, 0.0, 0.0, 0.0, 0.0]
  Prec: [0.0, 0.0, 0.0, 0.0, 0.0, 0.0, 0.0, 0.0, 0.0, 0.0]
  Rec:  [0.0, 0.0, 0.0, 0.0, 0.0, 0.0, 0.0, 0.0, 0.0, 0.0]
  F1:   [0.0, 0.0, 0.0, 0.0, 0.0, 0.0, 0.0, 0.0, 0.0, 0.0]
  AUC:  [0.0, 0.0, 0.0, 0.0, 0.0, 0.0, 0.0, 0.0, 0.0, 0.0]
Best TI-RADS F1: 0.0000 at epoch 5

Dataset: PKTN
Eval epochs: [5, 10, 15, 20, 25, 30, 35, 40, 45, 50]
Dice per eval: [0.7885, 0.7872, 0.7802, 0.8021, 0.8117, 0.8088, 0.8114, 0.8198, 0.8183, 0.8197]
HD95 per eval: [np.float64(15.5865), np.float64(16.0862), np.float64(17.1719), np.float64(14.7995), np.float64(13.789), np.float64(14.8833), np.float64(13.6717), np.float64(13.0937), np.float64(12.9138), np.float64(12.8686)]
Best Dice: 0.8198 at epoch 40
Best HD95: 12.8686 at epoch 50

BM metrics per eval:
  Acc:  [0.0, 0.0, 0.0, 0.0, 0.0, 0.0, 0.0, 0.0, 0.0, 0.0]
  Prec: [0.0, 0.0, 0.0, 0.0, 0.0, 0.0, 0.0, 0.0, 0.0, 0.0]
  Rec:  [0.0, 0.0, 0.0, 0.0, 0.0, 0.0, 0.0, 0.0, 0.0, 0.0]
  F1:   [0.0, 0.0, 0.0, 0.0, 0.0, 0.0, 0.0, 0.0, 0.0, 0.0]
  AUROC:[0.0, 0.0, 0.0, 0.0, 0.0, 0.0, 0.0, 0.0, 0.0, 0.0]
  AUPRC:[0.0, 0.0, 0.0, 0.0, 0.0, 0.0, 0.0, 0.0, 0.0, 0.0]
Best BM F1: 0.0000 at epoch 5

TI-RADS metrics per eval:
  Acc:  [0.0, 0.0, 0.0, 0.0, 0.0, 0.0, 0.0, 0.0, 0.0, 0.0]
  Prec: [0.0, 0.0, 0.0, 0.0, 0.0, 0.0, 0.0, 0.0, 0.0, 0.0]
  Rec:  [0.0, 0.0, 0.0, 0.0, 0.0, 0.0, 0.0, 0.0, 0.0, 0.0]
  F1:   [0.0, 0.0, 0.0, 0.0, 0.0, 0.0, 0.0, 0.0, 0.0, 0.0]
  AUC:  [0.0, 0.0, 0.0, 0.0, 0.0, 0.0, 0.0, 0.0, 0.0, 0.0]
Best TI-RADS F1: 0.0000 at epoch 5

Dataset: TN5K
Eval epochs: [5, 10, 15, 20, 25, 30, 35, 40, 45, 50]
Dice per eval: [0.7644, 0.7393, 0.7395, 0.776, 0.7935, 0.7891, 0.79, 0.7931, 0.7964, 0.7971]
HD95 per eval: [np.float64(15.0477), np.float64(18.1631), np.float64(17.7581), np.float64(14.9369), np.float64(13.4057), np.float64(14.4813), np.float64(13.7887), np.float64(13.3059), np.float64(13.0329), np.float64(13.0492)]
Best Dice: 0.7971 at epoch 50
Best HD95: 13.0329 at epoch 45

BM metrics per eval:
  Acc:  [np.float64(0.806), np.float64(0.78), np.float64(0.792), np.float64(0.806), np.float64(0.831), np.float64(0.79), np.float64(0.834), np.float64(0.818), np.float64(0.82), np.float64(0.819)]
  Prec: [0.8126, 0.7848, 0.9105, 0.8429, 0.9003, 0.8977, 0.8823, 0.8685, 0.8908, 0.8809]
  Rec:  [0.9549, 0.9631, 0.7934, 0.9029, 0.8646, 0.8044, 0.8919, 0.8851, 0.8591, 0.87]
  F1:   [0.878, 0.8649, 0.848, 0.8719, 0.8821, 0.8485, 0.8871, 0.8767, 0.8747, 0.8754]
  AUROC:[0.8819, 0.8306, 0.8749, 0.8379, 0.8785, 0.8585, 0.8759, 0.8673, 0.8658, 0.8679]
  AUPRC:[0.9541, 0.927, 0.9473, 0.9243, 0.9453, 0.9357, 0.9417, 0.9361, 0.9334, 0.9344]
Best BM F1: 0.8871 at epoch 35

TI-RADS metrics per eval:
  Acc:  [0.0, 0.0, 0.0, 0.0, 0.0, 0.0, 0.0, 0.0, 0.0, 0.0]
  Prec: [0.0, 0.0, 0.0, 0.0, 0.0, 0.0, 0.0, 0.0, 0.0, 0.0]
  Rec:  [0.0, 0.0, 0.0, 0.0, 0.0, 0.0, 0.0, 0.0, 0.0, 0.0]
  F1:   [0.0, 0.0, 0.0, 0.0, 0.0, 0.0, 0.0, 0.0, 0.0, 0.0]
  AUC:  [0.0, 0.0, 0.0, 0.0, 0.0, 0.0, 0.0, 0.0, 0.0, 0.0]
Best TI-RADS F1: 0.0000 at epoch 5

==========================================================

========== Training Completed ==========
Training completed at Fri Dec 26 20:35:58 2025
