Training started at Wed May  6 10:48:46 2026
Method: dino_unet
Dataset: train_multitask_FTCPTC_sampler
Epochs: 50
Target Key: FTCPTC
LR: 0.0001
Batch Size: 12
Image Size: 224 x 224
DINO pretrained: True
Use Dilation: False
Sampler stats for FTCPTC: Negative=10559, Positive=787, Missing=134
Sampler weights for FTCPTC: neg_weight=0.00009471, pos_weight=0.00127065, missing_weight=0.00009471
Using WeightedRandomSampler: replacement=True, num_samples=11480
First sample: filename=2016/刘惠银/刘惠银_01_0001_0001.jpg, image=/mnt/wangbd8/workspace/DataSets/ThyroidAgent/Classifaction_Data/Malignant_ultrasound_images_cropped/2016/刘惠银/刘惠银_01_0001_0001.jpg, mask=/mnt/wangbd8/workspace/DataSets/ThyroidAgent/Classifaction_Data/Malignant_ultrasound_images_cropped_predictions/2016/刘惠银/刘惠银_01_0001_0001.png, target=-1
Loss weights: seg=1.0, cls=1.0
GA-MTL schedule per optimizer step: ['seg', 'cls']
steps_per_epoch (optimizer steps): 478
Epoch:1: seg_loss(avg):0.7031, cls_loss(avg):0.7034
Epoch:2: seg_loss(avg):0.5069, cls_loss(avg):0.6326
Epoch:3: seg_loss(avg):0.4731, cls_loss(avg):0.5271
Epoch:4: seg_loss(avg):0.4461, cls_loss(avg):0.3795
Epoch:5: seg_loss(avg):0.4366, cls_loss(avg):0.2723
Saved checkpoint at epoch 5

Validating epoch 5 on all test datasets...
Testing on FTCPTC...
  FTCPTC - Dice: 0.8287, HD95: 9.5931
  FTCPTC - FTCPTC: Acc=0.6838, Prec=0.5442, Rec=0.1843, F1=0.2745, AUROC=0.6055, AUPRC=0.4439, ECE=0.2365
Epoch:6: seg_loss(avg):0.4261, cls_loss(avg):0.2067
Epoch:7: seg_loss(avg):0.4118, cls_loss(avg):0.1670
Epoch:8: seg_loss(avg):0.4097, cls_loss(avg):0.1375
Epoch:9: seg_loss(avg):0.3870, cls_loss(avg):0.1020
Epoch:10: seg_loss(avg):0.3805, cls_loss(avg):0.0920
Saved checkpoint at epoch 10

Validating epoch 10 on all test datasets...
Testing on FTCPTC...
  FTCPTC - Dice: 0.8272, HD95: 10.2124
  FTCPTC - FTCPTC: Acc=0.6802, Prec=0.5292, Rec=0.1725, F1=0.2593, AUROC=0.6471, AUPRC=0.4752, ECE=0.2818
Epoch:11: seg_loss(avg):0.3659, cls_loss(avg):0.0686
Epoch:12: seg_loss(avg):0.3662, cls_loss(avg):0.0649
Epoch:13: seg_loss(avg):0.3616, cls_loss(avg):0.0536
Epoch:14: seg_loss(avg):0.3504, cls_loss(avg):0.0453
Epoch:15: seg_loss(avg):0.3420, cls_loss(avg):0.0363
Saved checkpoint at epoch 15

Validating epoch 15 on all test datasets...
Testing on FTCPTC...
  FTCPTC - Dice: 0.8556, HD95: 9.0674
  FTCPTC - FTCPTC: Acc=0.6842, Prec=0.5648, Rec=0.1354, F1=0.2176, AUROC=0.5641, AUPRC=0.4251, ECE=0.2966
Epoch:16: seg_loss(avg):0.3298, cls_loss(avg):0.0313
Epoch:17: seg_loss(avg):0.3347, cls_loss(avg):0.0393
Epoch:18: seg_loss(avg):0.3286, cls_loss(avg):0.0302
Epoch:19: seg_loss(avg):0.3279, cls_loss(avg):0.0338
Epoch:20: seg_loss(avg):0.3086, cls_loss(avg):0.0265
Saved checkpoint at epoch 20

Validating epoch 20 on all test datasets...
Testing on FTCPTC...
  FTCPTC - Dice: 0.8635, HD95: 7.9539
  FTCPTC - FTCPTC: Acc=0.6517, Prec=0.1740, Rec=0.0184, F1=0.0331, AUROC=0.5881, AUPRC=0.3874, ECE=0.3367
Epoch:21: seg_loss(avg):0.3186, cls_loss(avg):0.0267
Epoch:22: seg_loss(avg):0.2990, cls_loss(avg):0.0163
Epoch:23: seg_loss(avg):0.2938, cls_loss(avg):0.0168
Epoch:24: seg_loss(avg):0.2904, cls_loss(avg):0.0171
Epoch:25: seg_loss(avg):0.2862, cls_loss(avg):0.0114
Saved checkpoint at epoch 25

Validating epoch 25 on all test datasets...
Testing on FTCPTC...
  FTCPTC - Dice: 0.8607, HD95: 8.1441
  FTCPTC - FTCPTC: Acc=0.6840, Prec=0.5710, Rec=0.1231, F1=0.2018, AUROC=0.6181, AUPRC=0.4320, ECE=0.3022
Epoch:26: seg_loss(avg):0.2734, cls_loss(avg):0.0039
Epoch:27: seg_loss(avg):0.2642, cls_loss(avg):0.0019
Epoch:28: seg_loss(avg):0.2713, cls_loss(avg):0.0147
Epoch:29: seg_loss(avg):0.2534, cls_loss(avg):0.0069
Epoch:30: seg_loss(avg):0.2514, cls_loss(avg):0.0056
Saved checkpoint at epoch 30

Validating epoch 30 on all test datasets...
Testing on FTCPTC...
  FTCPTC - Dice: 0.8731, HD95: 7.4437
  FTCPTC - FTCPTC: Acc=0.6782, Prec=0.6290, Rec=0.0312, F1=0.0591, AUROC=0.6084, AUPRC=0.4375, ECE=0.3219
Epoch:31: seg_loss(avg):0.2505, cls_loss(avg):0.0107
Epoch:32: seg_loss(avg):0.2404, cls_loss(avg):0.0044
Epoch:33: seg_loss(avg):0.2316, cls_loss(avg):0.0005
Epoch:34: seg_loss(avg):0.2257, cls_loss(avg):0.0004
Epoch:35: seg_loss(avg):0.2305, cls_loss(avg):0.0006
Saved checkpoint at epoch 35

Validating epoch 35 on all test datasets...
Testing on FTCPTC...
  FTCPTC - Dice: 0.8796, HD95: 6.8689
  FTCPTC - FTCPTC: Acc=0.6762, Prec=0.5776, Rec=0.0250, F1=0.0476, AUROC=0.6244, AUPRC=0.4452, ECE=0.3218
Epoch:36: seg_loss(avg):0.2226, cls_loss(avg):0.0003
Epoch:37: seg_loss(avg):0.2185, cls_loss(avg):0.0002
Epoch:38: seg_loss(avg):0.2097, cls_loss(avg):0.0005
Epoch:39: seg_loss(avg):0.2127, cls_loss(avg):0.0002
Epoch:40: seg_loss(avg):0.2045, cls_loss(avg):0.0003
Saved checkpoint at epoch 40

Validating epoch 40 on all test datasets...
Testing on FTCPTC...
  FTCPTC - Dice: 0.8783, HD95: 7.3258
  FTCPTC - FTCPTC: Acc=0.6741, Prec=0.4969, Rec=0.0124, F1=0.0241, AUROC=0.6058, AUPRC=0.4369, ECE=0.3242
Epoch:41: seg_loss(avg):0.2017, cls_loss(avg):0.0002
Epoch:42: seg_loss(avg):0.2003, cls_loss(avg):0.0009
Epoch:43: seg_loss(avg):0.1963, cls_loss(avg):0.0001
Epoch:44: seg_loss(avg):0.1954, cls_loss(avg):0.0001
Epoch:45: seg_loss(avg):0.1946, cls_loss(avg):0.0001
Saved checkpoint at epoch 45

Validating epoch 45 on all test datasets...
Testing on FTCPTC...
  FTCPTC - Dice: 0.8795, HD95: 7.1173
  FTCPTC - FTCPTC: Acc=0.6761, Prec=0.5741, Rec=0.0248, F1=0.0472, AUROC=0.5990, AUPRC=0.4317, ECE=0.3234
Epoch:46: seg_loss(avg):0.1959, cls_loss(avg):0.0001
Epoch:47: seg_loss(avg):0.1935, cls_loss(avg):0.0001
Epoch:48: seg_loss(avg):0.1924, cls_loss(avg):0.0001
Epoch:49: seg_loss(avg):0.1946, cls_loss(avg):0.0001
Epoch:50: seg_loss(avg):0.1926, cls_loss(avg):0.0001
Saved checkpoint at epoch 50

Validating epoch 50 on all test datasets...
Testing on FTCPTC...
  FTCPTC - Dice: 0.8806, HD95: 6.9647
  FTCPTC - FTCPTC: Acc=0.6741, Prec=0.5040, Rec=0.0187, F1=0.0358, AUROC=0.5976, AUPRC=0.4310, ECE=0.3238

========== Evaluation Summary (All Test Records) ==========


Dataset: FTCPTC
Eval epochs: [5, 10, 15, 20, 25, 30, 35, 40, 45, 50]
Dice per eval: [0.8287000060081482, 0.8271999955177307, 0.8555999994277954, 0.8634999990463257, 0.8607000112533569, 0.8730999827384949, 0.8795999884605408, 0.8783000111579895, 0.8794999718666077, 0.8805999755859375]
HD95 per eval: [9.593099594116211, 10.212400436401367, 9.067399978637695, 7.95389986038208, 8.144100189208984, 7.443699836730957, 6.868899822235107, 7.325799942016602, 7.117300033569336, 6.964700222015381]
Best Dice: 0.8806 at epoch 50
Best HD95: 6.8689 at epoch 35

FTCPTC metrics per eval:
  Acc:  [0.6838, 0.6802, 0.6842, 0.6517, 0.684, 0.6782, 0.6762, 0.6741, 0.6761, 0.6741]
  Prec: [0.5442, 0.5292, 0.5648, 0.174, 0.571, 0.629, 0.5776, 0.4969, 0.5741, 0.504]
  Rec:  [0.1843, 0.1725, 0.1354, 0.0184, 0.1231, 0.0312, 0.025, 0.0124, 0.0248, 0.0187]
  F1:   [0.2745, 0.2593, 0.2176, 0.0331, 0.2018, 0.0591, 0.0476, 0.0241, 0.0472, 0.0358]
  AUROC:[0.6055, 0.6471, 0.5641, 0.5881, 0.6181, 0.6084, 0.6244, 0.6058, 0.599, 0.5976]
  AUPRC:[0.4439, 0.4752, 0.4251, 0.3874, 0.432, 0.4375, 0.4452, 0.4369, 0.4317, 0.431]
  ECE:  [0.2365, 0.2818, 0.2966, 0.3367, 0.3022, 0.3219, 0.3218, 0.3242, 0.3234, 0.3238]
Best FTCPTC F1: 0.2745 at epoch 5

==========================================================

========== Training Completed ==========
Training completed at Wed May  6 11:46:36 2026
