Training started at Sun Feb  1 11:40:57 2026
Method: dino_unet
Dataset: gamtl_train_multitask_dataset_3
Epochs: 50
LR: 0.0001
Batch Size: 12
Image Size: 224 x 224
DINO pretrained: True
Use Dilation: True
Training set - Benign/Malignant: Benign=8848 (58.56%), Malignant=6261 (41.44%)
Auto-adjusted tau=0.50 (imbalance_ratio=1.41)
GLA parameters: p_benign=0.5856, p_malignant=0.4144, tau=0.50
Logit adjustment magnitude: 0.1729
Training set - TI-RADS distribution (1-5): [0, 0, 0, 0, 0]
TI-RADS probabilities: [0.20000000298023224, 0.20000000298023224, 0.20000000298023224, 0.20000000298023224, 0.20000000298023224]
Loss weights: seg=1.0, bm=1.0, tirads=1.0
GA-MTL schedule per optimizer step: ['seg', 'bm']
steps_per_epoch (optimizer steps): 629
Epoch:1: seg_loss(avg):0.6209, bm_loss(avg):0.5258, tirads_loss(avg):0.0000
Epoch:2: seg_loss(avg):0.4878, bm_loss(avg):0.4135, tirads_loss(avg):0.0000
Epoch:3: seg_loss(avg):0.4456, bm_loss(avg):0.3841, tirads_loss(avg):0.0000
Epoch:4: seg_loss(avg):0.4380, bm_loss(avg):0.3530, tirads_loss(avg):0.0000
Epoch:5: seg_loss(avg):0.4224, bm_loss(avg):0.3363, tirads_loss(avg):0.0000
Saved checkpoint at epoch 5
Epoch:6: seg_loss(avg):0.4139, bm_loss(avg):0.3241, tirads_loss(avg):0.0000
Epoch:7: seg_loss(avg):0.4061, bm_loss(avg):0.2982, tirads_loss(avg):0.0000
Epoch:8: seg_loss(avg):0.4056, bm_loss(avg):0.2732, tirads_loss(avg):0.0000
Epoch:9: seg_loss(avg):0.3999, bm_loss(avg):0.2571, tirads_loss(avg):0.0000
Epoch:10: seg_loss(avg):0.3976, bm_loss(avg):0.2611, tirads_loss(avg):0.0000
Saved checkpoint at epoch 10
Epoch:11: seg_loss(avg):0.3897, bm_loss(avg):0.2361, tirads_loss(avg):0.0000
Epoch:12: seg_loss(avg):0.3938, bm_loss(avg):0.2345, tirads_loss(avg):0.0000
Epoch:13: seg_loss(avg):0.3878, bm_loss(avg):0.2145, tirads_loss(avg):0.0000
Epoch:14: seg_loss(avg):0.3808, bm_loss(avg):0.1990, tirads_loss(avg):0.0000
Epoch:15: seg_loss(avg):0.3758, bm_loss(avg):0.1867, tirads_loss(avg):0.0000
Saved checkpoint at epoch 15
Epoch:16: seg_loss(avg):0.3715, bm_loss(avg):0.1764, tirads_loss(avg):0.0000
Epoch:17: seg_loss(avg):0.3661, bm_loss(avg):0.1477, tirads_loss(avg):0.0000
Epoch:18: seg_loss(avg):0.3666, bm_loss(avg):0.1472, tirads_loss(avg):0.0000
Epoch:19: seg_loss(avg):0.3601, bm_loss(avg):0.1378, tirads_loss(avg):0.0000
Epoch:20: seg_loss(avg):0.3582, bm_loss(avg):0.1248, tirads_loss(avg):0.0000
Saved checkpoint at epoch 20
Epoch:21: seg_loss(avg):0.3536, bm_loss(avg):0.1154, tirads_loss(avg):0.0000
Epoch:22: seg_loss(avg):0.3485, bm_loss(avg):0.0975, tirads_loss(avg):0.0000
Epoch:23: seg_loss(avg):0.3440, bm_loss(avg):0.1038, tirads_loss(avg):0.0000
Epoch:24: seg_loss(avg):0.3436, bm_loss(avg):0.0823, tirads_loss(avg):0.0000
Epoch:25: seg_loss(avg):0.3422, bm_loss(avg):0.0883, tirads_loss(avg):0.0000
Saved checkpoint at epoch 25
Epoch:26: seg_loss(avg):0.3370, bm_loss(avg):0.0699, tirads_loss(avg):0.0000
Epoch:27: seg_loss(avg):0.3310, bm_loss(avg):0.0656, tirads_loss(avg):0.0000
Epoch:28: seg_loss(avg):0.3334, bm_loss(avg):0.0628, tirads_loss(avg):0.0000
Epoch:29: seg_loss(avg):0.3295, bm_loss(avg):0.0529, tirads_loss(avg):0.0000
Epoch:30: seg_loss(avg):0.3264, bm_loss(avg):0.0534, tirads_loss(avg):0.0000
Saved checkpoint at epoch 30
Epoch:31: seg_loss(avg):0.3255, bm_loss(avg):0.0427, tirads_loss(avg):0.0000
Epoch:32: seg_loss(avg):0.3224, bm_loss(avg):0.0326, tirads_loss(avg):0.0000
Epoch:33: seg_loss(avg):0.3132, bm_loss(avg):0.0369, tirads_loss(avg):0.0000
Epoch:34: seg_loss(avg):0.3157, bm_loss(avg):0.0231, tirads_loss(avg):0.0000
Epoch:35: seg_loss(avg):0.3132, bm_loss(avg):0.0254, tirads_loss(avg):0.0000
Saved checkpoint at epoch 35
Epoch:36: seg_loss(avg):0.3079, bm_loss(avg):0.0213, tirads_loss(avg):0.0000
Epoch:37: seg_loss(avg):0.3036, bm_loss(avg):0.0225, tirads_loss(avg):0.0000
Epoch:38: seg_loss(avg):0.3041, bm_loss(avg):0.0252, tirads_loss(avg):0.0000
Epoch:39: seg_loss(avg):0.3010, bm_loss(avg):0.0212, tirads_loss(avg):0.0000
Epoch:40: seg_loss(avg):0.2986, bm_loss(avg):0.0139, tirads_loss(avg):0.0000
Saved checkpoint at epoch 40
Epoch:41: seg_loss(avg):0.2967, bm_loss(avg):0.0158, tirads_loss(avg):0.0000
Epoch:42: seg_loss(avg):0.2907, bm_loss(avg):0.0160, tirads_loss(avg):0.0000
Epoch:43: seg_loss(avg):0.2885, bm_loss(avg):0.0158, tirads_loss(avg):0.0000
Epoch:44: seg_loss(avg):0.2903, bm_loss(avg):0.0098, tirads_loss(avg):0.0000
Epoch:45: seg_loss(avg):0.2883, bm_loss(avg):0.0101, tirads_loss(avg):0.0000
Saved checkpoint at epoch 45
Epoch:46: seg_loss(avg):0.2881, bm_loss(avg):0.0089, tirads_loss(avg):0.0000
Epoch:47: seg_loss(avg):0.2896, bm_loss(avg):0.0117, tirads_loss(avg):0.0000
Epoch:48: seg_loss(avg):0.2868, bm_loss(avg):0.0105, tirads_loss(avg):0.0000
Epoch:49: seg_loss(avg):0.2864, bm_loss(avg):0.0099, tirads_loss(avg):0.0000
Epoch:50: seg_loss(avg):0.2868, bm_loss(avg):0.0077, tirads_loss(avg):0.0000
Saved checkpoint at epoch 50

Validating epoch 50 on all test datasets...
Testing on TN3K...
  TN3K - Dice: 0.8229, HD95: 13.5052
  TN3K - BM: Acc=0.8376, Prec=0.8212, Rec=0.8490, F1=0.8347, AUROC=0.9172, AUPRC=0.9234
  TN3K - TI-RADS: Acc=0.0000, Prec=0.0000, Rec=0.0000, F1=0.0000, AUC=0.0000
Testing on DDTI...
  DDTI - Dice: 0.7720, HD95: 16.6167
  DDTI - BM: Acc=0.0000, Prec=0.0000, Rec=0.0000, F1=0.0000, AUROC=0.0000, AUPRC=0.0000
  DDTI - TI-RADS: Acc=0.0000, Prec=0.0000, Rec=0.0000, F1=0.0000, AUC=0.0000
Testing on ThyroidXL...
  ThyroidXL - Dice: 0.8826, HD95: 5.0018
  ThyroidXL - BM: Acc=0.8944, Prec=0.8078, Rec=0.7973, F1=0.8023, AUROC=0.9489, AUPRC=0.8678
  ThyroidXL - TI-RADS: Acc=0.0000, Prec=0.0000, Rec=0.0000, F1=0.0000, AUC=0.0000
Testing on PKTN...
  PKTN - Dice: 0.8077, HD95: 10.0128
  PKTN - BM: Acc=0.0000, Prec=0.0000, Rec=0.0000, F1=0.0000, AUROC=0.0000, AUPRC=0.0000
  PKTN - TI-RADS: Acc=0.0000, Prec=0.0000, Rec=0.0000, F1=0.0000, AUC=0.0000
Testing on TN5K...
  TN5K - Dice: 0.8234, HD95: 7.1641
  TN5K - BM: Acc=0.9067, Prec=0.9280, Rec=0.9406, F1=0.9342, AUROC=0.9524, AUPRC=0.9742
  TN5K - TI-RADS: Acc=0.0000, Prec=0.0000, Rec=0.0000, F1=0.0000, AUC=0.0000
Testing on Cine-Clip...
  Cine-Clip - Dice: 0.7066, HD95: 19.3690
  Cine-Clip - BM: Acc=0.7741, Prec=0.2970, Rec=0.6514, F1=0.4079, AUROC=0.7818, AUPRC=0.5071
  Cine-Clip - TI-RADS: Acc=0.1772, Prec=0.1870, Rec=0.1305, F1=0.1036, AUC=0.4746

========== Evaluation Summary (All Test Records) ==========

Dataset: TN3K
Eval epochs: [50]
Dice per eval: [0.8228999972343445]
HD95 per eval: [13.505200386047363]
Best Dice: 0.8229 at epoch 50
Best HD95: 13.5052 at epoch 50

BM metrics per eval:
  Acc:  [0.8376]
  Prec: [0.8212]
  Rec:  [0.849]
  F1:   [0.8347]
  AUROC:[0.9172]
  AUPRC:[0.9234]
Best BM F1: 0.8347 at epoch 50

TI-RADS metrics per eval:
  Acc:  [0.0]
  Prec: [0.0]
  Rec:  [0.0]
  F1:   [0.0]
  AUC:  [0.0]
Best TI-RADS F1: 0.0000 at epoch 50

Dataset: DDTI
Eval epochs: [50]
Dice per eval: [0.7720000147819519]
HD95 per eval: [16.61669921875]
Best Dice: 0.7720 at epoch 50
Best HD95: 16.6167 at epoch 50

BM metrics per eval:
  Acc:  [0.0]
  Prec: [0.0]
  Rec:  [0.0]
  F1:   [0.0]
  AUROC:[0.0]
  AUPRC:[0.0]
Best BM F1: 0.0000 at epoch 50

TI-RADS metrics per eval:
  Acc:  [0.0]
  Prec: [0.0]
  Rec:  [0.0]
  F1:   [0.0]
  AUC:  [0.0]
Best TI-RADS F1: 0.0000 at epoch 50

Dataset: ThyroidXL
Eval epochs: [50]
Dice per eval: [0.8826000094413757]
HD95 per eval: [5.001800060272217]
Best Dice: 0.8826 at epoch 50
Best HD95: 5.0018 at epoch 50

BM metrics per eval:
  Acc:  [0.8944]
  Prec: [0.8078]
  Rec:  [0.7973]
  F1:   [0.8023]
  AUROC:[0.9489]
  AUPRC:[0.8678]
Best BM F1: 0.8023 at epoch 50

TI-RADS metrics per eval:
  Acc:  [0.0]
  Prec: [0.0]
  Rec:  [0.0]
  F1:   [0.0]
  AUC:  [0.0]
Best TI-RADS F1: 0.0000 at epoch 50

Dataset: PKTN
Eval epochs: [50]
Dice per eval: [0.807699978351593]
HD95 per eval: [10.012800216674805]
Best Dice: 0.8077 at epoch 50
Best HD95: 10.0128 at epoch 50

BM metrics per eval:
  Acc:  [0.0]
  Prec: [0.0]
  Rec:  [0.0]
  F1:   [0.0]
  AUROC:[0.0]
  AUPRC:[0.0]
Best BM F1: 0.0000 at epoch 50

TI-RADS metrics per eval:
  Acc:  [0.0]
  Prec: [0.0]
  Rec:  [0.0]
  F1:   [0.0]
  AUC:  [0.0]
Best TI-RADS F1: 0.0000 at epoch 50

Dataset: TN5K
Eval epochs: [50]
Dice per eval: [0.8234000205993652]
HD95 per eval: [7.164100170135498]
Best Dice: 0.8234 at epoch 50
Best HD95: 7.1641 at epoch 50

BM metrics per eval:
  Acc:  [0.9067]
  Prec: [0.928]
  Rec:  [0.9406]
  F1:   [0.9342]
  AUROC:[0.9524]
  AUPRC:[0.9742]
Best BM F1: 0.9342 at epoch 50

TI-RADS metrics per eval:
  Acc:  [0.0]
  Prec: [0.0]
  Rec:  [0.0]
  F1:   [0.0]
  AUC:  [0.0]
Best TI-RADS F1: 0.0000 at epoch 50

Dataset: Cine-Clip
Eval epochs: [50]
Dice per eval: [0.70660001039505]
HD95 per eval: [19.368999481201172]
Best Dice: 0.7066 at epoch 50
Best HD95: 19.3690 at epoch 50

BM metrics per eval:
  Acc:  [0.7741]
  Prec: [0.297]
  Rec:  [0.6514]
  F1:   [0.4079]
  AUROC:[0.7818]
  AUPRC:[0.5071]
Best BM F1: 0.4079 at epoch 50

TI-RADS metrics per eval:
  Acc:  [0.1772]
  Prec: [0.187]
  Rec:  [0.1305]
  F1:   [0.1036]
  AUC:  [0.4746]
Best TI-RADS F1: 0.1036 at epoch 50

==========================================================

========== Training Completed ==========
Training completed at Sun Feb  1 14:04:33 2026
