Training started at Fri Dec 19 16:43:59 2025
Method: dino_unet
Dataset: train_multitask_dataset3
Epochs: 50
LR: 0.0001
Batch Size: 12
Training set - Benign/Malignant: Benign=10415 (58.60%), Malignant=7359 (41.40%)
Auto-adjusted tau=0.50 (imbalance_ratio=1.42)
GLA parameters: p_benign=0.5860, p_malignant=0.4140, tau=0.50
Logit adjustment magnitude: 0.1737
Training set - TI-RADS distribution: [0, 0, 0, 0, 0]
TI-RADS probabilities: [0.20000000298023224, 0.20000000298023224, 0.20000000298023224, 0.20000000298023224, 0.20000000298023224]
Loss weights: seg=1.0, bm=1.0, tirads=1.0
GA-MTL schedule per optimizer step: ['seg', 'bm']
steps_per_epoch (optimizer steps): 740
Epoch:1: seg_loss(avg):0.6023, bm_loss(avg):0.5314, tirads_loss(avg):0.0000
Epoch:2: seg_loss(avg):0.4709, bm_loss(avg):0.4060, tirads_loss(avg):0.0000
Epoch:3: seg_loss(avg):0.4392, bm_loss(avg):0.3614, tirads_loss(avg):0.0000
Epoch:4: seg_loss(avg):0.4348, bm_loss(avg):0.3703, tirads_loss(avg):0.0000
Epoch:5: seg_loss(avg):0.4358, bm_loss(avg):0.3626, tirads_loss(avg):0.0000
Saved checkpoint at epoch 5

Validating epoch 5 on all test datasets...
Testing on TN3K...
  TN3K - Dice: 0.8650, HD95: 13.7536
  TN3K - BM: Acc=0.7736, Prec=0.6996, Rec=0.7203, F1=0.7098, AUROC=0.8223, AUPRC=0.7560
  TN3K - TI-RADS: Acc=0.0000, Prec=0.0000, Rec=0.0000, F1=0.0000, AUC=0.0000
Testing on DDTI...
  DDTI - Dice: 0.8151, HD95: 18.4671
  DDTI - BM: Acc=0.0000, Prec=0.0000, Rec=0.0000, F1=0.0000, AUROC=0.0000, AUPRC=0.0000
  DDTI - TI-RADS: Acc=0.0000, Prec=0.0000, Rec=0.0000, F1=0.0000, AUC=0.0000
Testing on ThyroidXL...
  ThyroidXL - Dice: 0.8753, HD95: 7.0001
  ThyroidXL - BM: Acc=0.8268, Prec=0.8848, Rec=0.7206, F1=0.7943, AUROC=0.9337, AUPRC=0.9179
  ThyroidXL - TI-RADS: Acc=0.0000, Prec=0.0000, Rec=0.0000, F1=0.0000, AUC=0.0000
Testing on PKTN...
  PKTN - Dice: 0.7930, HD95: 15.5011
  PKTN - BM: Acc=0.0000, Prec=0.0000, Rec=0.0000, F1=0.0000, AUROC=0.0000, AUPRC=0.0000
  PKTN - TI-RADS: Acc=0.0000, Prec=0.0000, Rec=0.0000, F1=0.0000, AUC=0.0000
Testing on TN5K...
  TN5K - Dice: 0.8190, HD95: 11.8413
  TN5K - BM: Acc=0.8860, Prec=0.9152, Rec=0.9302, F1=0.9227, AUROC=0.9387, AUPRC=0.9734
  TN5K - TI-RADS: Acc=0.0000, Prec=0.0000, Rec=0.0000, F1=0.0000, AUC=0.0000
Epoch:6: seg_loss(avg):0.4125, bm_loss(avg):0.3133, tirads_loss(avg):0.0000
Epoch:7: seg_loss(avg):0.4050, bm_loss(avg):0.3002, tirads_loss(avg):0.0000
Epoch:8: seg_loss(avg):0.4042, bm_loss(avg):0.2801, tirads_loss(avg):0.0000
Epoch:9: seg_loss(avg):0.3974, bm_loss(avg):0.2676, tirads_loss(avg):0.0000
Epoch:10: seg_loss(avg):0.3899, bm_loss(avg):0.2511, tirads_loss(avg):0.0000
Saved checkpoint at epoch 10

Validating epoch 10 on all test datasets...
Testing on TN3K...
  TN3K - Dice: 0.8777, HD95: 12.5437
  TN3K - BM: Acc=0.7541, Prec=0.6641, Rec=0.7288, F1=0.6949, AUROC=0.8268, AUPRC=0.7549
  TN3K - TI-RADS: Acc=0.0000, Prec=0.0000, Rec=0.0000, F1=0.0000, AUC=0.0000
Testing on DDTI...
  DDTI - Dice: 0.8093, HD95: 17.6952
  DDTI - BM: Acc=0.0000, Prec=0.0000, Rec=0.0000, F1=0.0000, AUROC=0.0000, AUPRC=0.0000
  DDTI - TI-RADS: Acc=0.0000, Prec=0.0000, Rec=0.0000, F1=0.0000, AUC=0.0000
Testing on ThyroidXL...
  ThyroidXL - Dice: 0.8796, HD95: 6.5740
  ThyroidXL - BM: Acc=0.8584, Prec=0.8234, Rec=0.8845, F1=0.8529, AUROC=0.9302, AUPRC=0.9142
  ThyroidXL - TI-RADS: Acc=0.0000, Prec=0.0000, Rec=0.0000, F1=0.0000, AUC=0.0000
Testing on PKTN...
  PKTN - Dice: 0.8080, HD95: 13.9871
  PKTN - BM: Acc=0.0000, Prec=0.0000, Rec=0.0000, F1=0.0000, AUROC=0.0000, AUPRC=0.0000
  PKTN - TI-RADS: Acc=0.0000, Prec=0.0000, Rec=0.0000, F1=0.0000, AUC=0.0000
Testing on TN5K...
  TN5K - Dice: 0.8376, HD95: 9.7151
  TN5K - BM: Acc=0.8800, Prec=0.9168, Rec=0.9193, F1=0.9180, AUROC=0.9408, AUPRC=0.9766
  TN5K - TI-RADS: Acc=0.0000, Prec=0.0000, Rec=0.0000, F1=0.0000, AUC=0.0000
Epoch:11: seg_loss(avg):0.3896, bm_loss(avg):0.2444, tirads_loss(avg):0.0000
Epoch:12: seg_loss(avg):0.3825, bm_loss(avg):0.2291, tirads_loss(avg):0.0000
Epoch:13: seg_loss(avg):0.3824, bm_loss(avg):0.2066, tirads_loss(avg):0.0000
Epoch:14: seg_loss(avg):0.3787, bm_loss(avg):0.2015, tirads_loss(avg):0.0000
Epoch:15: seg_loss(avg):0.3728, bm_loss(avg):0.1812, tirads_loss(avg):0.0000
Saved checkpoint at epoch 15

Validating epoch 15 on all test datasets...
Testing on TN3K...
  TN3K - Dice: 0.8813, HD95: 11.5916
  TN3K - BM: Acc=0.7264, Prec=0.6141, Rec=0.7754, F1=0.6854, AUROC=0.8015, AUPRC=0.7362
  TN3K - TI-RADS: Acc=0.0000, Prec=0.0000, Rec=0.0000, F1=0.0000, AUC=0.0000
Testing on DDTI...
  DDTI - Dice: 0.7584, HD95: 23.2463
  DDTI - BM: Acc=0.0000, Prec=0.0000, Rec=0.0000, F1=0.0000, AUROC=0.0000, AUPRC=0.0000
  DDTI - TI-RADS: Acc=0.0000, Prec=0.0000, Rec=0.0000, F1=0.0000, AUC=0.0000
Testing on ThyroidXL...
  ThyroidXL - Dice: 0.8815, HD95: 6.3430
  ThyroidXL - BM: Acc=0.8354, Prec=0.8864, Rec=0.7402, F1=0.8067, AUROC=0.9378, AUPRC=0.9230
  ThyroidXL - TI-RADS: Acc=0.0000, Prec=0.0000, Rec=0.0000, F1=0.0000, AUC=0.0000
Testing on PKTN...
  PKTN - Dice: 0.8202, HD95: 13.0113
  PKTN - BM: Acc=0.0000, Prec=0.0000, Rec=0.0000, F1=0.0000, AUROC=0.0000, AUPRC=0.0000
  PKTN - TI-RADS: Acc=0.0000, Prec=0.0000, Rec=0.0000, F1=0.0000, AUC=0.0000
Testing on TN5K...
  TN5K - Dice: 0.8331, HD95: 9.9698
  TN5K - BM: Acc=0.9000, Prec=0.9201, Rec=0.9453, F1=0.9325, AUROC=0.9512, AUPRC=0.9813
  TN5K - TI-RADS: Acc=0.0000, Prec=0.0000, Rec=0.0000, F1=0.0000, AUC=0.0000
Epoch:16: seg_loss(avg):0.3700, bm_loss(avg):0.1707, tirads_loss(avg):0.0000
Epoch:17: seg_loss(avg):0.3671, bm_loss(avg):0.1636, tirads_loss(avg):0.0000
Epoch:18: seg_loss(avg):0.3618, bm_loss(avg):0.1512, tirads_loss(avg):0.0000
Epoch:19: seg_loss(avg):0.3585, bm_loss(avg):0.1360, tirads_loss(avg):0.0000
Epoch:20: seg_loss(avg):0.3567, bm_loss(avg):0.1298, tirads_loss(avg):0.0000
Saved checkpoint at epoch 20

Validating epoch 20 on all test datasets...
Testing on TN3K...
  TN3K - Dice: 0.8789, HD95: 11.9184
  TN3K - BM: Acc=0.6661, Prec=0.5425, Rec=0.8390, F1=0.6589, AUROC=0.8020, AUPRC=0.7359
  TN3K - TI-RADS: Acc=0.0000, Prec=0.0000, Rec=0.0000, F1=0.0000, AUC=0.0000
Testing on DDTI...
  DDTI - Dice: 0.7854, HD95: 20.8594
  DDTI - BM: Acc=0.0000, Prec=0.0000, Rec=0.0000, F1=0.0000, AUROC=0.0000, AUPRC=0.0000
  DDTI - TI-RADS: Acc=0.0000, Prec=0.0000, Rec=0.0000, F1=0.0000, AUC=0.0000
Testing on ThyroidXL...
  ThyroidXL - Dice: 0.8832, HD95: 6.4168
  ThyroidXL - BM: Acc=0.8402, Prec=0.8813, Rec=0.7577, F1=0.8149, AUROC=0.9237, AUPRC=0.9077
  ThyroidXL - TI-RADS: Acc=0.0000, Prec=0.0000, Rec=0.0000, F1=0.0000, AUC=0.0000
Testing on PKTN...
  PKTN - Dice: 0.8170, HD95: 13.4435
  PKTN - BM: Acc=0.0000, Prec=0.0000, Rec=0.0000, F1=0.0000, AUROC=0.0000, AUPRC=0.0000
  PKTN - TI-RADS: Acc=0.0000, Prec=0.0000, Rec=0.0000, F1=0.0000, AUC=0.0000
Testing on TN5K...
  TN5K - Dice: 0.8383, HD95: 10.2131
  TN5K - BM: Acc=0.8910, Prec=0.8967, Rec=0.9617, F1=0.9281, AUROC=0.9486, AUPRC=0.9803
  TN5K - TI-RADS: Acc=0.0000, Prec=0.0000, Rec=0.0000, F1=0.0000, AUC=0.0000
Epoch:21: seg_loss(avg):0.3521, bm_loss(avg):0.1157, tirads_loss(avg):0.0000
Epoch:22: seg_loss(avg):0.3521, bm_loss(avg):0.1099, tirads_loss(avg):0.0000
Epoch:23: seg_loss(avg):0.3486, bm_loss(avg):0.1085, tirads_loss(avg):0.0000
Epoch:24: seg_loss(avg):0.3436, bm_loss(avg):0.0889, tirads_loss(avg):0.0000
Epoch:25: seg_loss(avg):0.3391, bm_loss(avg):0.0870, tirads_loss(avg):0.0000
Saved checkpoint at epoch 25

Validating epoch 25 on all test datasets...
Testing on TN3K...
  TN3K - Dice: 0.8777, HD95: 11.8171
  TN3K - BM: Acc=0.7427, Prec=0.6283, Rec=0.8093, F1=0.7074, AUROC=0.8148, AUPRC=0.7405
  TN3K - TI-RADS: Acc=0.0000, Prec=0.0000, Rec=0.0000, F1=0.0000, AUC=0.0000
Testing on DDTI...
  DDTI - Dice: 0.8017, HD95: 18.1461
  DDTI - BM: Acc=0.0000, Prec=0.0000, Rec=0.0000, F1=0.0000, AUROC=0.0000, AUPRC=0.0000
  DDTI - TI-RADS: Acc=0.0000, Prec=0.0000, Rec=0.0000, F1=0.0000, AUC=0.0000
Testing on ThyroidXL...
  ThyroidXL - Dice: 0.8854, HD95: 6.2441
  ThyroidXL - BM: Acc=0.8364, Prec=0.8829, Rec=0.7464, F1=0.8089, AUROC=0.9274, AUPRC=0.9152
  ThyroidXL - TI-RADS: Acc=0.0000, Prec=0.0000, Rec=0.0000, F1=0.0000, AUC=0.0000
Testing on PKTN...
  PKTN - Dice: 0.8273, HD95: 12.2712
  PKTN - BM: Acc=0.0000, Prec=0.0000, Rec=0.0000, F1=0.0000, AUROC=0.0000, AUPRC=0.0000
  PKTN - TI-RADS: Acc=0.0000, Prec=0.0000, Rec=0.0000, F1=0.0000, AUC=0.0000
Testing on TN5K...
  TN5K - Dice: 0.8439, HD95: 9.4063
  TN5K - BM: Acc=0.9060, Prec=0.9219, Rec=0.9521, F1=0.9367, AUROC=0.9581, AUPRC=0.9840
  TN5K - TI-RADS: Acc=0.0000, Prec=0.0000, Rec=0.0000, F1=0.0000, AUC=0.0000
Epoch:26: seg_loss(avg):0.3371, bm_loss(avg):0.0763, tirads_loss(avg):0.0000
Epoch:27: seg_loss(avg):0.3352, bm_loss(avg):0.0709, tirads_loss(avg):0.0000
Epoch:28: seg_loss(avg):0.3313, bm_loss(avg):0.0709, tirads_loss(avg):0.0000
Epoch:29: seg_loss(avg):0.3280, bm_loss(avg):0.0564, tirads_loss(avg):0.0000
Epoch:30: seg_loss(avg):0.3220, bm_loss(avg):0.0486, tirads_loss(avg):0.0000
Saved checkpoint at epoch 30

Validating epoch 30 on all test datasets...
Testing on TN3K...
  TN3K - Dice: 0.8806, HD95: 11.8195
  TN3K - BM: Acc=0.7590, Prec=0.6654, Rec=0.7500, F1=0.7052, AUROC=0.8200, AUPRC=0.7432
  TN3K - TI-RADS: Acc=0.0000, Prec=0.0000, Rec=0.0000, F1=0.0000, AUC=0.0000
Testing on DDTI...
  DDTI - Dice: 0.7845, HD95: 19.8995
  DDTI - BM: Acc=0.0000, Prec=0.0000, Rec=0.0000, F1=0.0000, AUROC=0.0000, AUPRC=0.0000
  DDTI - TI-RADS: Acc=0.0000, Prec=0.0000, Rec=0.0000, F1=0.0000, AUC=0.0000
Testing on ThyroidXL...
  ThyroidXL - Dice: 0.8864, HD95: 6.0428
  ThyroidXL - BM: Acc=0.8498, Prec=0.8736, Rec=0.7907, F1=0.8301, AUROC=0.9358, AUPRC=0.9252
  ThyroidXL - TI-RADS: Acc=0.0000, Prec=0.0000, Rec=0.0000, F1=0.0000, AUC=0.0000
Testing on PKTN...
  PKTN - Dice: 0.8224, HD95: 12.3043
  PKTN - BM: Acc=0.0000, Prec=0.0000, Rec=0.0000, F1=0.0000, AUROC=0.0000, AUPRC=0.0000
  PKTN - TI-RADS: Acc=0.0000, Prec=0.0000, Rec=0.0000, F1=0.0000, AUC=0.0000
Testing on TN5K...
  TN5K - Dice: 0.8471, HD95: 9.2769
  TN5K - BM: Acc=0.9130, Prec=0.9248, Rec=0.9590, F1=0.9416, AUROC=0.9541, AUPRC=0.9825
  TN5K - TI-RADS: Acc=0.0000, Prec=0.0000, Rec=0.0000, F1=0.0000, AUC=0.0000
Epoch:31: seg_loss(avg):0.3192, bm_loss(avg):0.0465, tirads_loss(avg):0.0000
Epoch:32: seg_loss(avg):0.3168, bm_loss(avg):0.0375, tirads_loss(avg):0.0000
Epoch:33: seg_loss(avg):0.3153, bm_loss(avg):0.0399, tirads_loss(avg):0.0000
Epoch:34: seg_loss(avg):0.3113, bm_loss(avg):0.0308, tirads_loss(avg):0.0000
Epoch:35: seg_loss(avg):0.3097, bm_loss(avg):0.0273, tirads_loss(avg):0.0000
Saved checkpoint at epoch 35

Validating epoch 35 on all test datasets...
Testing on TN3K...
  TN3K - Dice: 0.8854, HD95: 11.3205
  TN3K - BM: Acc=0.7541, Prec=0.6707, Rec=0.7076, F1=0.6887, AUROC=0.8013, AUPRC=0.7410
  TN3K - TI-RADS: Acc=0.0000, Prec=0.0000, Rec=0.0000, F1=0.0000, AUC=0.0000
Testing on DDTI...
  DDTI - Dice: 0.7690, HD95: 21.1677
  DDTI - BM: Acc=0.0000, Prec=0.0000, Rec=0.0000, F1=0.0000, AUROC=0.0000, AUPRC=0.0000
  DDTI - TI-RADS: Acc=0.0000, Prec=0.0000, Rec=0.0000, F1=0.0000, AUC=0.0000
Testing on ThyroidXL...
  ThyroidXL - Dice: 0.8865, HD95: 5.8974
  ThyroidXL - BM: Acc=0.8086, Prec=0.9241, Rec=0.6402, F1=0.7564, AUROC=0.9209, AUPRC=0.9145
  ThyroidXL - TI-RADS: Acc=0.0000, Prec=0.0000, Rec=0.0000, F1=0.0000, AUC=0.0000
Testing on PKTN...
  PKTN - Dice: 0.8210, HD95: 12.5388
  PKTN - BM: Acc=0.0000, Prec=0.0000, Rec=0.0000, F1=0.0000, AUROC=0.0000, AUPRC=0.0000
  PKTN - TI-RADS: Acc=0.0000, Prec=0.0000, Rec=0.0000, F1=0.0000, AUC=0.0000
Testing on TN5K...
  TN5K - Dice: 0.8484, HD95: 8.9532
  TN5K - BM: Acc=0.9030, Prec=0.9542, Rec=0.9111, F1=0.9321, AUROC=0.9565, AUPRC=0.9829
  TN5K - TI-RADS: Acc=0.0000, Prec=0.0000, Rec=0.0000, F1=0.0000, AUC=0.0000
Epoch:36: seg_loss(avg):0.3072, bm_loss(avg):0.0224, tirads_loss(avg):0.0000
Epoch:37: seg_loss(avg):0.3052, bm_loss(avg):0.0204, tirads_loss(avg):0.0000
Epoch:38: seg_loss(avg):0.3002, bm_loss(avg):0.0189, tirads_loss(avg):0.0000
Epoch:39: seg_loss(avg):0.2957, bm_loss(avg):0.0205, tirads_loss(avg):0.0000
Epoch:40: seg_loss(avg):0.2960, bm_loss(avg):0.0141, tirads_loss(avg):0.0000
Saved checkpoint at epoch 40

Validating epoch 40 on all test datasets...
Testing on TN3K...
  TN3K - Dice: 0.8835, HD95: 10.6010
  TN3K - BM: Acc=0.7362, Prec=0.6276, Rec=0.7712, F1=0.6920, AUROC=0.8065, AUPRC=0.7417
  TN3K - TI-RADS: Acc=0.0000, Prec=0.0000, Rec=0.0000, F1=0.0000, AUC=0.0000
Testing on DDTI...
  DDTI - Dice: 0.7887, HD95: 19.0511
  DDTI - BM: Acc=0.0000, Prec=0.0000, Rec=0.0000, F1=0.0000, AUROC=0.0000, AUPRC=0.0000
  DDTI - TI-RADS: Acc=0.0000, Prec=0.0000, Rec=0.0000, F1=0.0000, AUC=0.0000
Testing on ThyroidXL...
  ThyroidXL - Dice: 0.8882, HD95: 5.9232
  ThyroidXL - BM: Acc=0.8435, Prec=0.8633, Rec=0.7876, F1=0.8237, AUROC=0.9300, AUPRC=0.9202
  ThyroidXL - TI-RADS: Acc=0.0000, Prec=0.0000, Rec=0.0000, F1=0.0000, AUC=0.0000
Testing on PKTN...
  PKTN - Dice: 0.8323, HD95: 11.6460
  PKTN - BM: Acc=0.0000, Prec=0.0000, Rec=0.0000, F1=0.0000, AUROC=0.0000, AUPRC=0.0000
  PKTN - TI-RADS: Acc=0.0000, Prec=0.0000, Rec=0.0000, F1=0.0000, AUC=0.0000
Testing on TN5K...
  TN5K - Dice: 0.8490, HD95: 8.7620
  TN5K - BM: Acc=0.9080, Prec=0.9254, Rec=0.9508, F1=0.9379, AUROC=0.9610, AUPRC=0.9850
  TN5K - TI-RADS: Acc=0.0000, Prec=0.0000, Rec=0.0000, F1=0.0000, AUC=0.0000
Epoch:41: seg_loss(avg):0.2967, bm_loss(avg):0.0150, tirads_loss(avg):0.0000
Epoch:42: seg_loss(avg):0.2912, bm_loss(avg):0.0102, tirads_loss(avg):0.0000
Epoch:43: seg_loss(avg):0.2881, bm_loss(avg):0.0142, tirads_loss(avg):0.0000
Epoch:44: seg_loss(avg):0.2861, bm_loss(avg):0.0126, tirads_loss(avg):0.0000
Epoch:45: seg_loss(avg):0.2869, bm_loss(avg):0.0117, tirads_loss(avg):0.0000
Saved checkpoint at epoch 45

Validating epoch 45 on all test datasets...
Testing on TN3K...
  TN3K - Dice: 0.8847, HD95: 10.8350
  TN3K - BM: Acc=0.7378, Prec=0.6344, Rec=0.7500, F1=0.6874, AUROC=0.7926, AUPRC=0.7281
  TN3K - TI-RADS: Acc=0.0000, Prec=0.0000, Rec=0.0000, F1=0.0000, AUC=0.0000
Testing on DDTI...
  DDTI - Dice: 0.7866, HD95: 19.4318
  DDTI - BM: Acc=0.0000, Prec=0.0000, Rec=0.0000, F1=0.0000, AUROC=0.0000, AUPRC=0.0000
  DDTI - TI-RADS: Acc=0.0000, Prec=0.0000, Rec=0.0000, F1=0.0000, AUC=0.0000
Testing on ThyroidXL...
  ThyroidXL - Dice: 0.8899, HD95: 5.6889
  ThyroidXL - BM: Acc=0.8263, Prec=0.8988, Rec=0.7052, F1=0.7903, AUROC=0.9302, AUPRC=0.9207
  ThyroidXL - TI-RADS: Acc=0.0000, Prec=0.0000, Rec=0.0000, F1=0.0000, AUC=0.0000
Testing on PKTN...
  PKTN - Dice: 0.8310, HD95: 11.4415
  PKTN - BM: Acc=0.0000, Prec=0.0000, Rec=0.0000, F1=0.0000, AUROC=0.0000, AUPRC=0.0000
  PKTN - TI-RADS: Acc=0.0000, Prec=0.0000, Rec=0.0000, F1=0.0000, AUC=0.0000
Testing on TN5K...
  TN5K - Dice: 0.8507, HD95: 8.6761
  TN5K - BM: Acc=0.9110, Prec=0.9421, Rec=0.9357, F1=0.9389, AUROC=0.9612, AUPRC=0.9852
  TN5K - TI-RADS: Acc=0.0000, Prec=0.0000, Rec=0.0000, F1=0.0000, AUC=0.0000
Epoch:46: seg_loss(avg):0.2846, bm_loss(avg):0.0110, tirads_loss(avg):0.0000
Epoch:47: seg_loss(avg):0.2828, bm_loss(avg):0.0130, tirads_loss(avg):0.0000
Epoch:48: seg_loss(avg):0.2848, bm_loss(avg):0.0104, tirads_loss(avg):0.0000
Epoch:49: seg_loss(avg):0.2834, bm_loss(avg):0.0098, tirads_loss(avg):0.0000
Epoch:50: seg_loss(avg):0.2860, bm_loss(avg):0.0112, tirads_loss(avg):0.0000
Saved checkpoint at epoch 50

Validating epoch 50 on all test datasets...
Testing on TN3K...
  TN3K - Dice: 0.8853, HD95: 10.9097
  TN3K - BM: Acc=0.7248, Prec=0.6159, Rec=0.7542, F1=0.6781, AUROC=0.7945, AUPRC=0.7289
  TN3K - TI-RADS: Acc=0.0000, Prec=0.0000, Rec=0.0000, F1=0.0000, AUC=0.0000
Testing on DDTI...
  DDTI - Dice: 0.7848, HD95: 19.3525
  DDTI - BM: Acc=0.0000, Prec=0.0000, Rec=0.0000, F1=0.0000, AUROC=0.0000, AUPRC=0.0000
  DDTI - TI-RADS: Acc=0.0000, Prec=0.0000, Rec=0.0000, F1=0.0000, AUC=0.0000
Testing on ThyroidXL...
  ThyroidXL - Dice: 0.8895, HD95: 5.7141
  ThyroidXL - BM: Acc=0.8392, Prec=0.8914, Rec=0.7443, F1=0.8112, AUROC=0.9307, AUPRC=0.9204
  ThyroidXL - TI-RADS: Acc=0.0000, Prec=0.0000, Rec=0.0000, F1=0.0000, AUC=0.0000
Testing on PKTN...
  PKTN - Dice: 0.8315, HD95: 11.3946
  PKTN - BM: Acc=0.0000, Prec=0.0000, Rec=0.0000, F1=0.0000, AUROC=0.0000, AUPRC=0.0000
  PKTN - TI-RADS: Acc=0.0000, Prec=0.0000, Rec=0.0000, F1=0.0000, AUC=0.0000
Testing on TN5K...
  TN5K - Dice: 0.8509, HD95: 8.6672
  TN5K - BM: Acc=0.9160, Prec=0.9450, Rec=0.9398, F1=0.9424, AUROC=0.9615, AUPRC=0.9854
  TN5K - TI-RADS: Acc=0.0000, Prec=0.0000, Rec=0.0000, F1=0.0000, AUC=0.0000

========== Evaluation Summary (All Test Records) ==========

Dataset: TN3K
Eval epochs: [5, 10, 15, 20, 25, 30, 35, 40, 45, 50]
Dice per eval: [0.865, 0.8777, 0.8813, 0.8789, 0.8777, 0.8806, 0.8854, 0.8835, 0.8847, 0.8853]
HD95 per eval: [13.7536, 12.5437, 11.5916, 11.9184, 11.8171, 11.8195, 11.3205, 10.601, 10.835, 10.9097]
Best Dice: 0.8854 at epoch 35
Best HD95: 10.6010 at epoch 40

BM metrics per eval:
  Acc:  [0.7736, 0.7541, 0.7264, 0.6661, 0.7427, 0.759, 0.7541, 0.7362, 0.7378, 0.7248]
  Prec: [0.6996, 0.6641, 0.6141, 0.5425, 0.6283, 0.6654, 0.6707, 0.6276, 0.6344, 0.6159]
  Rec:  [0.7203, 0.7288, 0.7754, 0.839, 0.8093, 0.75, 0.7076, 0.7712, 0.75, 0.7542]
  F1:   [0.7098, 0.6949, 0.6854, 0.6589, 0.7074, 0.7052, 0.6887, 0.692, 0.6874, 0.6781]
  AUROC:[0.8223, 0.8268, 0.8015, 0.802, 0.8148, 0.82, 0.8013, 0.8065, 0.7926, 0.7945]
  AUPRC:[0.756, 0.7549, 0.7362, 0.7359, 0.7405, 0.7432, 0.741, 0.7417, 0.7281, 0.7289]
Best BM F1: 0.7098 at epoch 5

TI-RADS metrics per eval:
  Acc:  [0.0, 0.0, 0.0, 0.0, 0.0, 0.0, 0.0, 0.0, 0.0, 0.0]
  Prec: [0.0, 0.0, 0.0, 0.0, 0.0, 0.0, 0.0, 0.0, 0.0, 0.0]
  Rec:  [0.0, 0.0, 0.0, 0.0, 0.0, 0.0, 0.0, 0.0, 0.0, 0.0]
  F1:   [0.0, 0.0, 0.0, 0.0, 0.0, 0.0, 0.0, 0.0, 0.0, 0.0]
  AUC:  [0.0, 0.0, 0.0, 0.0, 0.0, 0.0, 0.0, 0.0, 0.0, 0.0]
Best TI-RADS F1: 0.0000 at epoch 5

Dataset: DDTI
Eval epochs: [5, 10, 15, 20, 25, 30, 35, 40, 45, 50]
Dice per eval: [0.8151, 0.8093, 0.7584, 0.7854, 0.8017, 0.7845, 0.769, 0.7887, 0.7866, 0.7848]
HD95 per eval: [18.4671, 17.6952, 23.2463, 20.8594, 18.1461, 19.8995, 21.1677, 19.0511, 19.4318, 19.3525]
Best Dice: 0.8151 at epoch 5
Best HD95: 17.6952 at epoch 10

BM metrics per eval:
  Acc:  [0.0, 0.0, 0.0, 0.0, 0.0, 0.0, 0.0, 0.0, 0.0, 0.0]
  Prec: [0.0, 0.0, 0.0, 0.0, 0.0, 0.0, 0.0, 0.0, 0.0, 0.0]
  Rec:  [0.0, 0.0, 0.0, 0.0, 0.0, 0.0, 0.0, 0.0, 0.0, 0.0]
  F1:   [0.0, 0.0, 0.0, 0.0, 0.0, 0.0, 0.0, 0.0, 0.0, 0.0]
  AUROC:[0.0, 0.0, 0.0, 0.0, 0.0, 0.0, 0.0, 0.0, 0.0, 0.0]
  AUPRC:[0.0, 0.0, 0.0, 0.0, 0.0, 0.0, 0.0, 0.0, 0.0, 0.0]
Best BM F1: 0.0000 at epoch 5

TI-RADS metrics per eval:
  Acc:  [0.0, 0.0, 0.0, 0.0, 0.0, 0.0, 0.0, 0.0, 0.0, 0.0]
  Prec: [0.0, 0.0, 0.0, 0.0, 0.0, 0.0, 0.0, 0.0, 0.0, 0.0]
  Rec:  [0.0, 0.0, 0.0, 0.0, 0.0, 0.0, 0.0, 0.0, 0.0, 0.0]
  F1:   [0.0, 0.0, 0.0, 0.0, 0.0, 0.0, 0.0, 0.0, 0.0, 0.0]
  AUC:  [0.0, 0.0, 0.0, 0.0, 0.0, 0.0, 0.0, 0.0, 0.0, 0.0]
Best TI-RADS F1: 0.0000 at epoch 5

Dataset: ThyroidXL
Eval epochs: [5, 10, 15, 20, 25, 30, 35, 40, 45, 50]
Dice per eval: [0.8753, 0.8796, 0.8815, 0.8832, 0.8854, 0.8864, 0.8865, 0.8882, 0.8899, 0.8895]
HD95 per eval: [7.0001, 6.574, 6.343, 6.4168, 6.2441, 6.0428, 5.8974, 5.9232, 5.6889, 5.7141]
Best Dice: 0.8899 at epoch 45
Best HD95: 5.6889 at epoch 45

BM metrics per eval:
  Acc:  [0.8268, 0.8584, 0.8354, 0.8402, 0.8364, 0.8498, 0.8086, 0.8435, 0.8263, 0.8392]
  Prec: [0.8848, 0.8234, 0.8864, 0.8813, 0.8829, 0.8736, 0.9241, 0.8633, 0.8988, 0.8914]
  Rec:  [0.7206, 0.8845, 0.7402, 0.7577, 0.7464, 0.7907, 0.6402, 0.7876, 0.7052, 0.7443]
  F1:   [0.7943, 0.8529, 0.8067, 0.8149, 0.8089, 0.8301, 0.7564, 0.8237, 0.7903, 0.8112]
  AUROC:[0.9337, 0.9302, 0.9378, 0.9237, 0.9274, 0.9358, 0.9209, 0.93, 0.9302, 0.9307]
  AUPRC:[0.9179, 0.9142, 0.923, 0.9077, 0.9152, 0.9252, 0.9145, 0.9202, 0.9207, 0.9204]
Best BM F1: 0.8529 at epoch 10

TI-RADS metrics per eval:
  Acc:  [0.0, 0.0, 0.0, 0.0, 0.0, 0.0, 0.0, 0.0, 0.0, 0.0]
  Prec: [0.0, 0.0, 0.0, 0.0, 0.0, 0.0, 0.0, 0.0, 0.0, 0.0]
  Rec:  [0.0, 0.0, 0.0, 0.0, 0.0, 0.0, 0.0, 0.0, 0.0, 0.0]
  F1:   [0.0, 0.0, 0.0, 0.0, 0.0, 0.0, 0.0, 0.0, 0.0, 0.0]
  AUC:  [0.0, 0.0, 0.0, 0.0, 0.0, 0.0, 0.0, 0.0, 0.0, 0.0]
Best TI-RADS F1: 0.0000 at epoch 5

Dataset: PKTN
Eval epochs: [5, 10, 15, 20, 25, 30, 35, 40, 45, 50]
Dice per eval: [0.793, 0.808, 0.8202, 0.817, 0.8273, 0.8224, 0.821, 0.8323, 0.831, 0.8315]
HD95 per eval: [15.5011, 13.9871, 13.0113, 13.4435, 12.2712, 12.3043, 12.5388, 11.646, 11.4415, 11.3946]
Best Dice: 0.8323 at epoch 40
Best HD95: 11.3946 at epoch 50

BM metrics per eval:
  Acc:  [0.0, 0.0, 0.0, 0.0, 0.0, 0.0, 0.0, 0.0, 0.0, 0.0]
  Prec: [0.0, 0.0, 0.0, 0.0, 0.0, 0.0, 0.0, 0.0, 0.0, 0.0]
  Rec:  [0.0, 0.0, 0.0, 0.0, 0.0, 0.0, 0.0, 0.0, 0.0, 0.0]
  F1:   [0.0, 0.0, 0.0, 0.0, 0.0, 0.0, 0.0, 0.0, 0.0, 0.0]
  AUROC:[0.0, 0.0, 0.0, 0.0, 0.0, 0.0, 0.0, 0.0, 0.0, 0.0]
  AUPRC:[0.0, 0.0, 0.0, 0.0, 0.0, 0.0, 0.0, 0.0, 0.0, 0.0]
Best BM F1: 0.0000 at epoch 5

TI-RADS metrics per eval:
  Acc:  [0.0, 0.0, 0.0, 0.0, 0.0, 0.0, 0.0, 0.0, 0.0, 0.0]
  Prec: [0.0, 0.0, 0.0, 0.0, 0.0, 0.0, 0.0, 0.0, 0.0, 0.0]
  Rec:  [0.0, 0.0, 0.0, 0.0, 0.0, 0.0, 0.0, 0.0, 0.0, 0.0]
  F1:   [0.0, 0.0, 0.0, 0.0, 0.0, 0.0, 0.0, 0.0, 0.0, 0.0]
  AUC:  [0.0, 0.0, 0.0, 0.0, 0.0, 0.0, 0.0, 0.0, 0.0, 0.0]
Best TI-RADS F1: 0.0000 at epoch 5

Dataset: TN5K
Eval epochs: [5, 10, 15, 20, 25, 30, 35, 40, 45, 50]
Dice per eval: [0.819, 0.8376, 0.8331, 0.8383, 0.8439, 0.8471, 0.8484, 0.849, 0.8507, 0.8509]
HD95 per eval: [11.8413, 9.7151, 9.9698, 10.2131, 9.4063, 9.2769, 8.9532, 8.762, 8.6761, 8.6672]
Best Dice: 0.8509 at epoch 50
Best HD95: 8.6672 at epoch 50

BM metrics per eval:
  Acc:  [0.886, 0.88, 0.9, 0.891, 0.906, 0.913, 0.903, 0.908, 0.911, 0.916]
  Prec: [0.9152, 0.9168, 0.9201, 0.8967, 0.9219, 0.9248, 0.9542, 0.9254, 0.9421, 0.945]
  Rec:  [0.9302, 0.9193, 0.9453, 0.9617, 0.9521, 0.959, 0.9111, 0.9508, 0.9357, 0.9398]
  F1:   [0.9227, 0.918, 0.9325, 0.9281, 0.9367, 0.9416, 0.9321, 0.9379, 0.9389, 0.9424]
  AUROC:[0.9387, 0.9408, 0.9512, 0.9486, 0.9581, 0.9541, 0.9565, 0.961, 0.9612, 0.9615]
  AUPRC:[0.9734, 0.9766, 0.9813, 0.9803, 0.984, 0.9825, 0.9829, 0.985, 0.9852, 0.9854]
Best BM F1: 0.9424 at epoch 50

TI-RADS metrics per eval:
  Acc:  [0.0, 0.0, 0.0, 0.0, 0.0, 0.0, 0.0, 0.0, 0.0, 0.0]
  Prec: [0.0, 0.0, 0.0, 0.0, 0.0, 0.0, 0.0, 0.0, 0.0, 0.0]
  Rec:  [0.0, 0.0, 0.0, 0.0, 0.0, 0.0, 0.0, 0.0, 0.0, 0.0]
  F1:   [0.0, 0.0, 0.0, 0.0, 0.0, 0.0, 0.0, 0.0, 0.0, 0.0]
  AUC:  [0.0, 0.0, 0.0, 0.0, 0.0, 0.0, 0.0, 0.0, 0.0, 0.0]
Best TI-RADS F1: 0.0000 at epoch 5

==========================================================

========== Training Completed ==========
Training completed at Fri Dec 19 20:42:25 2025
