Training started at Sun May 10 22:58:17 2026
Method: dino_unet
Dataset: train_multitask_FTCPTC_FangDai
Epochs: 20
Target Key: FTCPTC
LR: 0.0001
Batch Size: 12
Image Size: 224 x 224
DINO pretrained: True
Use Dilation: False
First sample: filename=FTC/B_000103587_20130527_US_1_4.png, image=/mnt/wangbd8/workspace/DataSets/ThyroidAgent/Classifaction_Data/FangDai_Thyroid_Ultrasound_Images_cropped/FTC/B_000103587_20130527_US_1_4.png, mask=/mnt/wangbd8/workspace/DataSets/ThyroidAgent/Classifaction_Data/FangDai_Thyroid_Ultrasound_Images_cropped_predictions/FTC/B_000103587_20130527_US_1_4.png, target=1
Training set - FTCPTC: Negative=79 (49.69%), Positive=80 (50.31%), Missing=0
Auto-adjusted tau=0.30 (imbalance_ratio=1.01)
GLA parameters for FTCPTC: p_neg=0.4969, p_pos=0.5031, tau=0.30
Logit adjustment magnitude: 0.0038
Loss weights: seg=1.0, cls=1.0
GA-MTL schedule per optimizer step: ['seg', 'cls']
steps_per_epoch (optimizer steps): 6
Epoch:1: seg_loss(avg):1.3821, cls_loss(avg):0.7269
Epoch:2: seg_loss(avg):1.2283, cls_loss(avg):0.6282
Saved checkpoint at epoch 2

Validating epoch 2 on all test datasets...
Testing on FTCPTC_FangDai...
  FTCPTC_FangDai - Dice: 0.5353, HD95: 46.0653
  FTCPTC_FangDai - FTCPTC: Acc=0.8995, Prec=1.0000, Rec=0.7989, F1=0.8853, AUROC=0.9952, AUPRC=0.9953, ECE=0.3478
Epoch:3: seg_loss(avg):1.0433, cls_loss(avg):0.5368
Epoch:4: seg_loss(avg):0.8983, cls_loss(avg):0.4486
Saved checkpoint at epoch 4

Validating epoch 4 on all test datasets...
Testing on FTCPTC_FangDai...
  FTCPTC_FangDai - Dice: 0.6364, HD95: 35.9518
  FTCPTC_FangDai - FTCPTC: Acc=0.7499, Prec=1.0000, Rec=0.5002, F1=0.6590, AUROC=0.9874, AUPRC=0.9886, ECE=0.2588
Epoch:5: seg_loss(avg):0.7417, cls_loss(avg):0.2621
Epoch:6: seg_loss(avg):0.6820, cls_loss(avg):0.2171
Saved checkpoint at epoch 6

Validating epoch 6 on all test datasets...
Testing on FTCPTC_FangDai...
  FTCPTC_FangDai - Dice: 0.7170, HD95: 28.6928
  FTCPTC_FangDai - FTCPTC: Acc=1.0000, Prec=1.0000, Rec=1.0000, F1=1.0000, AUROC=1.0000, AUPRC=1.0000, ECE=0.0864
Epoch:7: seg_loss(avg):0.6521, cls_loss(avg):0.1157
Epoch:8: seg_loss(avg):0.6087, cls_loss(avg):0.0651
Saved checkpoint at epoch 8

Validating epoch 8 on all test datasets...
Testing on FTCPTC_FangDai...
  FTCPTC_FangDai - Dice: 0.7595, HD95: 20.5779
  FTCPTC_FangDai - FTCPTC: Acc=1.0000, Prec=1.0000, Rec=1.0000, F1=1.0000, AUROC=1.0000, AUPRC=1.0000, ECE=0.0469
Epoch:9: seg_loss(avg):0.5424, cls_loss(avg):0.0715
Epoch:10: seg_loss(avg):0.5380, cls_loss(avg):0.0519
Saved checkpoint at epoch 10

Validating epoch 10 on all test datasets...
Testing on FTCPTC_FangDai...
  FTCPTC_FangDai - Dice: 0.7857, HD95: 18.8747
  FTCPTC_FangDai - FTCPTC: Acc=1.0000, Prec=1.0000, Rec=1.0000, F1=1.0000, AUROC=1.0000, AUPRC=1.0000, ECE=0.0164
Epoch:11: seg_loss(avg):0.5233, cls_loss(avg):0.0380
Epoch:12: seg_loss(avg):0.5037, cls_loss(avg):0.0270
Saved checkpoint at epoch 12

Validating epoch 12 on all test datasets...
Testing on FTCPTC_FangDai...
  FTCPTC_FangDai - Dice: 0.7731, HD95: 20.4930
  FTCPTC_FangDai - FTCPTC: Acc=0.9749, Prec=1.0000, Rec=0.9497, F1=0.9735, AUROC=1.0000, AUPRC=1.0000, ECE=0.0439
Epoch:13: seg_loss(avg):0.5069, cls_loss(avg):0.0514
Epoch:14: seg_loss(avg):0.4982, cls_loss(avg):0.0232
Saved checkpoint at epoch 14

Validating epoch 14 on all test datasets...
Testing on FTCPTC_FangDai...
  FTCPTC_FangDai - Dice: 0.8084, HD95: 17.0882
  FTCPTC_FangDai - FTCPTC: Acc=1.0000, Prec=1.0000, Rec=1.0000, F1=1.0000, AUROC=1.0000, AUPRC=1.0000, ECE=0.0155
Epoch:15: seg_loss(avg):0.4749, cls_loss(avg):0.0433
Epoch:16: seg_loss(avg):0.4466, cls_loss(avg):0.0437
Saved checkpoint at epoch 16

Validating epoch 16 on all test datasets...
Testing on FTCPTC_FangDai...
  FTCPTC_FangDai - Dice: 0.7667, HD95: 21.2676
  FTCPTC_FangDai - FTCPTC: Acc=0.9244, Prec=1.0000, Rec=0.8489, F1=0.9162, AUROC=1.0000, AUPRC=1.0000, ECE=0.0822
Epoch:17: seg_loss(avg):0.4688, cls_loss(avg):0.0348
Epoch:18: seg_loss(avg):0.4863, cls_loss(avg):0.0359
Saved checkpoint at epoch 18

Validating epoch 18 on all test datasets...
Testing on FTCPTC_FangDai...
  FTCPTC_FangDai - Dice: 0.7666, HD95: 21.2618
  FTCPTC_FangDai - FTCPTC: Acc=0.9244, Prec=1.0000, Rec=0.8489, F1=0.9162, AUROC=1.0000, AUPRC=1.0000, ECE=0.0712
Epoch:19: seg_loss(avg):0.4482, cls_loss(avg):0.0265
Epoch:20: seg_loss(avg):0.4526, cls_loss(avg):0.0235
Saved checkpoint at epoch 20

Validating epoch 20 on all test datasets...
Testing on FTCPTC_FangDai...
  FTCPTC_FangDai - Dice: 0.7705, HD95: 20.5046
  FTCPTC_FangDai - FTCPTC: Acc=0.9496, Prec=1.0000, Rec=0.8993, F1=0.9456, AUROC=1.0000, AUPRC=1.0000, ECE=0.0581

========== Evaluation Summary (All Test Records) ==========


Dataset: FTCPTC_FangDai
Eval epochs: [2, 4, 6, 8, 10, 12, 14, 16, 18, 20]
Dice per eval: [0.5353000164031982, 0.6363999843597412, 0.7170000076293945, 0.7595000267028809, 0.7857000231742859, 0.7731000185012817, 0.8083999752998352, 0.766700029373169, 0.7666000127792358, 0.7705000042915344]
HD95 per eval: [46.06529998779297, 35.95180130004883, 28.692800521850586, 20.577899932861328, 18.87470054626465, 20.493000030517578, 17.088199615478516, 21.26759910583496, 21.26180076599121, 20.504600524902344]
Best Dice: 0.8084 at epoch 14
Best HD95: 17.0882 at epoch 14

FTCPTC metrics per eval:
  Acc:  [0.8995, 0.7499, 1.0, 1.0, 1.0, 0.9749, 1.0, 0.9244, 0.9244, 0.9496]
  Prec: [1.0, 1.0, 1.0, 1.0, 1.0, 1.0, 1.0, 1.0, 1.0, 1.0]
  Rec:  [0.7989, 0.5002, 1.0, 1.0, 1.0, 0.9497, 1.0, 0.8489, 0.8489, 0.8993]
  F1:   [0.8853, 0.659, 1.0, 1.0, 1.0, 0.9735, 1.0, 0.9162, 0.9162, 0.9456]
  AUROC:[0.9952, 0.9874, 1.0, 1.0, 1.0, 1.0, 1.0, 1.0, 1.0, 1.0]
  AUPRC:[0.9953, 0.9886, 1.0, 1.0, 1.0, 1.0, 1.0, 1.0, 1.0, 1.0]
  ECE:  [0.3478, 0.2588, 0.0864, 0.0469, 0.0164, 0.0439, 0.0155, 0.0822, 0.0712, 0.0581]
Best FTCPTC F1: 1.0000 at epoch 6

==========================================================

========== Training Completed ==========
Training completed at Sun May 10 23:00:50 2026
