Training started at Sat Jan 10 23:42:07 2026
Method: dino_unet
Dataset: train_multitask_dataset4
Epochs: 50
LR: 0.0001
Batch Size: 12
Image Size: 224 x 224
DINO pretrained: True
Use Dilation: False
Training set - Benign/Malignant: Benign=25859 (73.49%), Malignant=9327 (26.51%)
Auto-adjusted tau=1.00 (imbalance_ratio=2.77)
GLA parameters: p_benign=0.7349, p_malignant=0.2651, tau=1.00
Logit adjustment magnitude: 1.0197
Training set - TI-RADS distribution (1-5): [52, 892, 4931, 7230, 4307]
TI-RADS probabilities: [0.0029864460229873657, 0.05122903734445572, 0.28319549560546875, 0.4152308702468872, 0.24735814332962036]
Loss weights: seg=1.0, bm=1.0, tirads=1.0
GA-MTL schedule per optimizer step: ['seg', 'bm', 'tirads']
steps_per_epoch (optimizer steps): 977
Epoch:1: seg_loss(avg):0.6287, bm_loss(avg):0.6216, tirads_loss(avg):1.0802
Epoch:2: seg_loss(avg):0.5114, bm_loss(avg):0.4307, tirads_loss(avg):0.6060
Epoch:3: seg_loss(avg):0.4815, bm_loss(avg):0.3524, tirads_loss(avg):0.3173
Epoch:4: seg_loss(avg):0.4642, bm_loss(avg):0.2931, tirads_loss(avg):0.1861
Epoch:5: seg_loss(avg):0.4444, bm_loss(avg):0.2688, tirads_loss(avg):0.1094
Saved checkpoint at epoch 5

Validating epoch 5 on all test datasets...
Testing on TN3K...
  TN3K - Dice: 0.7700, HD95: 16.9259
  TN3K - BM: Acc=0.7384, Prec=0.7035, Rec=0.5525, F1=0.6184, AUROC=0.7909, AUPRC=0.7150
  TN3K - TI-RADS: Acc=0.0000, Prec=0.0000, Rec=0.0000, F1=0.0000, AUC=0.0000
Testing on DDTI...
  DDTI - Dice: 0.7507, HD95: 20.2804
  DDTI - BM: Acc=0.0000, Prec=0.0000, Rec=0.0000, F1=0.0000, AUROC=0.0000, AUPRC=0.0000
  DDTI - TI-RADS: Acc=0.0000, Prec=0.0000, Rec=0.0000, F1=0.0000, AUC=0.0000
Testing on ThyroidXL...
  ThyroidXL - Dice: 0.8413, HD95: 8.1045
  ThyroidXL - BM: Acc=0.7721, Prec=0.9023, Rec=0.5711, F1=0.6993, AUROC=0.9135, AUPRC=0.8855
  ThyroidXL - TI-RADS: Acc=0.0000, Prec=0.0000, Rec=0.0000, F1=0.0000, AUC=0.0000
Testing on PKTN...
  PKTN - Dice: 0.7137, HD95: 19.8625
  PKTN - BM: Acc=0.0000, Prec=0.0000, Rec=0.0000, F1=0.0000, AUROC=0.0000, AUPRC=0.0000
  PKTN - TI-RADS: Acc=0.0000, Prec=0.0000, Rec=0.0000, F1=0.0000, AUC=0.0000
Testing on TN5K...
  TN5K - Dice: 0.7181, HD95: 14.0433
  TN5K - BM: Acc=0.7471, Prec=0.9395, Rec=0.6992, F1=0.8016, AUROC=0.8844, AUPRC=0.9520
  TN5K - TI-RADS: Acc=0.0000, Prec=0.0000, Rec=0.0000, F1=0.0000, AUC=0.0000
Epoch:6: seg_loss(avg):0.4388, bm_loss(avg):0.2478, tirads_loss(avg):0.0891
Epoch:7: seg_loss(avg):0.4181, bm_loss(avg):0.2442, tirads_loss(avg):0.0632
Epoch:8: seg_loss(avg):0.4120, bm_loss(avg):0.2359, tirads_loss(avg):0.0692
Epoch:9: seg_loss(avg):0.4051, bm_loss(avg):0.2193, tirads_loss(avg):0.0539
Epoch:10: seg_loss(avg):0.3980, bm_loss(avg):0.2232, tirads_loss(avg):0.0515
Saved checkpoint at epoch 10

Validating epoch 10 on all test datasets...
Testing on TN3K...
  TN3K - Dice: 0.7974, HD95: 14.9896
  TN3K - BM: Acc=0.7069, Prec=0.5943, Rec=0.7497, F1=0.6626, AUROC=0.7819, AUPRC=0.7294
  TN3K - TI-RADS: Acc=0.0000, Prec=0.0000, Rec=0.0000, F1=0.0000, AUC=0.0000
Testing on DDTI...
  DDTI - Dice: 0.7502, HD95: 17.4580
  DDTI - BM: Acc=0.0000, Prec=0.0000, Rec=0.0000, F1=0.0000, AUROC=0.0000, AUPRC=0.0000
  DDTI - TI-RADS: Acc=0.0000, Prec=0.0000, Rec=0.0000, F1=0.0000, AUC=0.0000
Testing on ThyroidXL...
  ThyroidXL - Dice: 0.8457, HD95: 7.5458
  ThyroidXL - BM: Acc=0.7716, Prec=0.9316, Rec=0.5484, F1=0.6903, AUROC=0.9224, AUPRC=0.9029
  ThyroidXL - TI-RADS: Acc=0.0000, Prec=0.0000, Rec=0.0000, F1=0.0000, AUC=0.0000
Testing on PKTN...
  PKTN - Dice: 0.7436, HD95: 16.3482
  PKTN - BM: Acc=0.0000, Prec=0.0000, Rec=0.0000, F1=0.0000, AUROC=0.0000, AUPRC=0.0000
  PKTN - TI-RADS: Acc=0.0000, Prec=0.0000, Rec=0.0000, F1=0.0000, AUC=0.0000
Testing on TN5K...
  TN5K - Dice: 0.7665, HD95: 11.7082
  TN5K - BM: Acc=0.8880, Prec=0.9257, Rec=0.9206, F1=0.9231, AUROC=0.9292, AUPRC=0.9699
  TN5K - TI-RADS: Acc=0.0000, Prec=0.0000, Rec=0.0000, F1=0.0000, AUC=0.0000
Epoch:11: seg_loss(avg):0.3865, bm_loss(avg):0.2148, tirads_loss(avg):0.0340
Epoch:12: seg_loss(avg):0.3807, bm_loss(avg):0.1981, tirads_loss(avg):0.0315
Epoch:13: seg_loss(avg):0.3753, bm_loss(avg):0.2012, tirads_loss(avg):0.0360
Epoch:14: seg_loss(avg):0.3589, bm_loss(avg):0.1844, tirads_loss(avg):0.0104
Epoch:15: seg_loss(avg):0.3503, bm_loss(avg):0.1818, tirads_loss(avg):0.0045
Saved checkpoint at epoch 15

Validating epoch 15 on all test datasets...
Testing on TN3K...
  TN3K - Dice: 0.8217, HD95: 12.5872
  TN3K - BM: Acc=0.6999, Prec=0.5741, Rec=0.8511, F1=0.6853, AUROC=0.8208, AUPRC=0.7479
  TN3K - TI-RADS: Acc=0.0000, Prec=0.0000, Rec=0.0000, F1=0.0000, AUC=0.0000
Testing on DDTI...
  DDTI - Dice: 0.7486, HD95: 19.8145
  DDTI - BM: Acc=0.0000, Prec=0.0000, Rec=0.0000, F1=0.0000, AUROC=0.0000, AUPRC=0.0000
  DDTI - TI-RADS: Acc=0.0000, Prec=0.0000, Rec=0.0000, F1=0.0000, AUC=0.0000
Testing on ThyroidXL...
  ThyroidXL - Dice: 0.8560, HD95: 7.2376
  ThyroidXL - BM: Acc=0.8468, Prec=0.8238, Rec=0.8525, F1=0.8378, AUROC=0.9201, AUPRC=0.8960
  ThyroidXL - TI-RADS: Acc=0.0000, Prec=0.0000, Rec=0.0000, F1=0.0000, AUC=0.0000
Testing on PKTN...
  PKTN - Dice: 0.7797, HD95: 14.2966
  PKTN - BM: Acc=0.0000, Prec=0.0000, Rec=0.0000, F1=0.0000, AUROC=0.0000, AUPRC=0.0000
  PKTN - TI-RADS: Acc=0.0000, Prec=0.0000, Rec=0.0000, F1=0.0000, AUC=0.0000
Testing on TN5K...
  TN5K - Dice: 0.7854, HD95: 11.2285
  TN5K - BM: Acc=0.8720, Prec=0.8681, Rec=0.9727, F1=0.9174, AUROC=0.9308, AUPRC=0.9708
  TN5K - TI-RADS: Acc=0.0000, Prec=0.0000, Rec=0.0000, F1=0.0000, AUC=0.0000
Epoch:16: seg_loss(avg):0.3652, bm_loss(avg):0.1736, tirads_loss(avg):0.0498
Epoch:17: seg_loss(avg):0.3458, bm_loss(avg):0.1643, tirads_loss(avg):0.0126
Epoch:18: seg_loss(avg):0.3497, bm_loss(avg):0.1676, tirads_loss(avg):0.0283
Epoch:19: seg_loss(avg):0.3310, bm_loss(avg):0.1618, tirads_loss(avg):0.0018
Epoch:20: seg_loss(avg):0.3330, bm_loss(avg):0.1409, tirads_loss(avg):0.0117
Saved checkpoint at epoch 20

Validating epoch 20 on all test datasets...
Testing on TN3K...
  TN3K - Dice: 0.8150, HD95: 14.1785
  TN3K - BM: Acc=0.6189, Prec=0.5026, Rec=0.8642, F1=0.6352, AUROC=0.7954, AUPRC=0.7443
  TN3K - TI-RADS: Acc=0.0000, Prec=0.0000, Rec=0.0000, F1=0.0000, AUC=0.0000
Testing on DDTI...
  DDTI - Dice: 0.7597, HD95: 20.0776
  DDTI - BM: Acc=0.0000, Prec=0.0000, Rec=0.0000, F1=0.0000, AUROC=0.0000, AUPRC=0.0000
  DDTI - TI-RADS: Acc=0.0000, Prec=0.0000, Rec=0.0000, F1=0.0000, AUC=0.0000
Testing on ThyroidXL...
  ThyroidXL - Dice: 0.8613, HD95: 6.4577
  ThyroidXL - BM: Acc=0.8510, Prec=0.8509, Rec=0.8236, F1=0.8369, AUROC=0.9296, AUPRC=0.9098
  ThyroidXL - TI-RADS: Acc=0.0000, Prec=0.0000, Rec=0.0000, F1=0.0000, AUC=0.0000
Testing on PKTN...
  PKTN - Dice: 0.7738, HD95: 15.2720
  PKTN - BM: Acc=0.0000, Prec=0.0000, Rec=0.0000, F1=0.0000, AUROC=0.0000, AUPRC=0.0000
  PKTN - TI-RADS: Acc=0.0000, Prec=0.0000, Rec=0.0000, F1=0.0000, AUC=0.0000
Testing on TN5K...
  TN5K - Dice: 0.7851, HD95: 11.3327
  TN5K - BM: Acc=0.8799, Prec=0.8703, Rec=0.9821, F1=0.9228, AUROC=0.9319, AUPRC=0.9691
  TN5K - TI-RADS: Acc=0.0000, Prec=0.0000, Rec=0.0000, F1=0.0000, AUC=0.0000
Epoch:21: seg_loss(avg):0.3246, bm_loss(avg):0.1340, tirads_loss(avg):0.0097
Epoch:22: seg_loss(avg):0.3184, bm_loss(avg):0.1354, tirads_loss(avg):0.0096
Epoch:23: seg_loss(avg):0.3235, bm_loss(avg):0.1214, tirads_loss(avg):0.0215
Epoch:24: seg_loss(avg):0.3097, bm_loss(avg):0.1082, tirads_loss(avg):0.0062
Epoch:25: seg_loss(avg):0.3022, bm_loss(avg):0.1086, tirads_loss(avg):0.0019
Saved checkpoint at epoch 25

Validating epoch 25 on all test datasets...
Testing on TN3K...
  TN3K - Dice: 0.8273, HD95: 12.9874
  TN3K - BM: Acc=0.7131, Prec=0.5960, Rec=0.7878, F1=0.6782, AUROC=0.7954, AUPRC=0.7328
  TN3K - TI-RADS: Acc=0.0000, Prec=0.0000, Rec=0.0000, F1=0.0000, AUC=0.0000
Testing on DDTI...
  DDTI - Dice: 0.7503, HD95: 19.3129
  DDTI - BM: Acc=0.0000, Prec=0.0000, Rec=0.0000, F1=0.0000, AUROC=0.0000, AUPRC=0.0000
  DDTI - TI-RADS: Acc=0.0000, Prec=0.0000, Rec=0.0000, F1=0.0000, AUC=0.0000
Testing on ThyroidXL...
  ThyroidXL - Dice: 0.8642, HD95: 6.3486
  ThyroidXL - BM: Acc=0.8476, Prec=0.8172, Rec=0.8655, F1=0.8406, AUROC=0.9196, AUPRC=0.8957
  ThyroidXL - TI-RADS: Acc=0.0000, Prec=0.0000, Rec=0.0000, F1=0.0000, AUC=0.0000
Testing on PKTN...
  PKTN - Dice: 0.7797, HD95: 14.1331
  PKTN - BM: Acc=0.0000, Prec=0.0000, Rec=0.0000, F1=0.0000, AUROC=0.0000, AUPRC=0.0000
  PKTN - TI-RADS: Acc=0.0000, Prec=0.0000, Rec=0.0000, F1=0.0000, AUC=0.0000
Testing on TN5K...
  TN5K - Dice: 0.8027, HD95: 9.9444
  TN5K - BM: Acc=0.9008, Prec=0.9071, Rec=0.9630, F1=0.9341, AUROC=0.9340, AUPRC=0.9718
  TN5K - TI-RADS: Acc=0.0000, Prec=0.0000, Rec=0.0000, F1=0.0000, AUC=0.0000
Epoch:26: seg_loss(avg):0.3005, bm_loss(avg):0.1045, tirads_loss(avg):0.0050
Epoch:27: seg_loss(avg):0.2961, bm_loss(avg):0.1012, tirads_loss(avg):0.0027
Epoch:28: seg_loss(avg):0.2942, bm_loss(avg):0.0935, tirads_loss(avg):0.0105
Epoch:29: seg_loss(avg):0.2867, bm_loss(avg):0.0846, tirads_loss(avg):0.0014
Epoch:30: seg_loss(avg):0.2828, bm_loss(avg):0.0768, tirads_loss(avg):0.0015
Saved checkpoint at epoch 30

Validating epoch 30 on all test datasets...
Testing on TN3K...
  TN3K - Dice: 0.8329, HD95: 12.1517
  TN3K - BM: Acc=0.7067, Prec=0.5904, Rec=0.7747, F1=0.6697, AUROC=0.7790, AUPRC=0.7292
  TN3K - TI-RADS: Acc=0.0000, Prec=0.0000, Rec=0.0000, F1=0.0000, AUC=0.0000
Testing on DDTI...
  DDTI - Dice: 0.7612, HD95: 18.1511
  DDTI - BM: Acc=0.0000, Prec=0.0000, Rec=0.0000, F1=0.0000, AUROC=0.0000, AUPRC=0.0000
  DDTI - TI-RADS: Acc=0.0000, Prec=0.0000, Rec=0.0000, F1=0.0000, AUC=0.0000
Testing on ThyroidXL...
  ThyroidXL - Dice: 0.8665, HD95: 6.1461
  ThyroidXL - BM: Acc=0.8309, Prec=0.8590, Rec=0.7607, F1=0.8068, AUROC=0.9242, AUPRC=0.8997
  ThyroidXL - TI-RADS: Acc=0.0000, Prec=0.0000, Rec=0.0000, F1=0.0000, AUC=0.0000
Testing on PKTN...
  PKTN - Dice: 0.7922, HD95: 13.1503
  PKTN - BM: Acc=0.0000, Prec=0.0000, Rec=0.0000, F1=0.0000, AUROC=0.0000, AUPRC=0.0000
  PKTN - TI-RADS: Acc=0.0000, Prec=0.0000, Rec=0.0000, F1=0.0000, AUC=0.0000
Testing on TN5K...
  TN5K - Dice: 0.8091, HD95: 9.5650
  TN5K - BM: Acc=0.8990, Prec=0.9122, Rec=0.9536, F1=0.9324, AUROC=0.9406, AUPRC=0.9748
  TN5K - TI-RADS: Acc=0.0000, Prec=0.0000, Rec=0.0000, F1=0.0000, AUC=0.0000
Epoch:31: seg_loss(avg):0.2760, bm_loss(avg):0.0690, tirads_loss(avg):0.0011
Epoch:32: seg_loss(avg):0.2727, bm_loss(avg):0.0693, tirads_loss(avg):0.0013
Epoch:33: seg_loss(avg):0.2694, bm_loss(avg):0.0622, tirads_loss(avg):0.0022
Epoch:34: seg_loss(avg):0.2688, bm_loss(avg):0.0576, tirads_loss(avg):0.0024
Epoch:35: seg_loss(avg):0.2635, bm_loss(avg):0.0489, tirads_loss(avg):0.0011
Saved checkpoint at epoch 35

Validating epoch 35 on all test datasets...
Testing on TN3K...
  TN3K - Dice: 0.8239, HD95: 13.5057
  TN3K - BM: Acc=0.7243, Prec=0.6164, Rec=0.7493, F1=0.6759, AUROC=0.7986, AUPRC=0.7283
  TN3K - TI-RADS: Acc=0.0000, Prec=0.0000, Rec=0.0000, F1=0.0000, AUC=0.0000
Testing on DDTI...
  DDTI - Dice: 0.7749, HD95: 17.6788
  DDTI - BM: Acc=0.0000, Prec=0.0000, Rec=0.0000, F1=0.0000, AUROC=0.0000, AUPRC=0.0000
  DDTI - TI-RADS: Acc=0.0000, Prec=0.0000, Rec=0.0000, F1=0.0000, AUC=0.0000
Testing on ThyroidXL...
  ThyroidXL - Dice: 0.8669, HD95: 6.0499
  ThyroidXL - BM: Acc=0.8354, Prec=0.8684, Rec=0.7609, F1=0.8110, AUROC=0.9273, AUPRC=0.9038
  ThyroidXL - TI-RADS: Acc=0.0000, Prec=0.0000, Rec=0.0000, F1=0.0000, AUC=0.0000
Testing on PKTN...
  PKTN - Dice: 0.7851, HD95: 13.7755
  PKTN - BM: Acc=0.0000, Prec=0.0000, Rec=0.0000, F1=0.0000, AUROC=0.0000, AUPRC=0.0000
  PKTN - TI-RADS: Acc=0.0000, Prec=0.0000, Rec=0.0000, F1=0.0000, AUC=0.0000
Testing on TN5K...
  TN5K - Dice: 0.8029, HD95: 10.1093
  TN5K - BM: Acc=0.9051, Prec=0.9321, Rec=0.9385, F1=0.9353, AUROC=0.9401, AUPRC=0.9735
  TN5K - TI-RADS: Acc=0.0000, Prec=0.0000, Rec=0.0000, F1=0.0000, AUC=0.0000
Epoch:36: seg_loss(avg):0.2596, bm_loss(avg):0.0438, tirads_loss(avg):0.0033
Epoch:37: seg_loss(avg):0.2568, bm_loss(avg):0.0401, tirads_loss(avg):0.0007
Epoch:38: seg_loss(avg):0.2530, bm_loss(avg):0.0382, tirads_loss(avg):0.0027
Epoch:39: seg_loss(avg):0.2493, bm_loss(avg):0.0369, tirads_loss(avg):0.0007
Epoch:40: seg_loss(avg):0.2482, bm_loss(avg):0.0347, tirads_loss(avg):0.0010
Saved checkpoint at epoch 40

Validating epoch 40 on all test datasets...
Testing on TN3K...
  TN3K - Dice: 0.8301, HD95: 13.0134
  TN3K - BM: Acc=0.7132, Prec=0.6014, Rec=0.7536, F1=0.6685, AUROC=0.7912, AUPRC=0.7280
  TN3K - TI-RADS: Acc=0.0000, Prec=0.0000, Rec=0.0000, F1=0.0000, AUC=0.0000
Testing on DDTI...
  DDTI - Dice: 0.7708, HD95: 17.8508
  DDTI - BM: Acc=0.0000, Prec=0.0000, Rec=0.0000, F1=0.0000, AUROC=0.0000, AUPRC=0.0000
  DDTI - TI-RADS: Acc=0.0000, Prec=0.0000, Rec=0.0000, F1=0.0000, AUC=0.0000
Testing on ThyroidXL...
  ThyroidXL - Dice: 0.8691, HD95: 5.9549
  ThyroidXL - BM: Acc=0.8435, Prec=0.8585, Rec=0.7938, F1=0.8248, AUROC=0.9288, AUPRC=0.9038
  ThyroidXL - TI-RADS: Acc=0.0000, Prec=0.0000, Rec=0.0000, F1=0.0000, AUC=0.0000
Testing on PKTN...
  PKTN - Dice: 0.7895, HD95: 13.2539
  PKTN - BM: Acc=0.0000, Prec=0.0000, Rec=0.0000, F1=0.0000, AUROC=0.0000, AUPRC=0.0000
  PKTN - TI-RADS: Acc=0.0000, Prec=0.0000, Rec=0.0000, F1=0.0000, AUC=0.0000
Testing on TN5K...
  TN5K - Dice: 0.8085, HD95: 9.4862
  TN5K - BM: Acc=0.9012, Prec=0.9282, Rec=0.9373, F1=0.9327, AUROC=0.9437, AUPRC=0.9746
  TN5K - TI-RADS: Acc=0.0000, Prec=0.0000, Rec=0.0000, F1=0.0000, AUC=0.0000
Epoch:41: seg_loss(avg):0.2425, bm_loss(avg):0.0307, tirads_loss(avg):0.0021
Epoch:42: seg_loss(avg):0.2427, bm_loss(avg):0.0333, tirads_loss(avg):0.0012
Epoch:43: seg_loss(avg):0.2411, bm_loss(avg):0.0316, tirads_loss(avg):0.0007
Epoch:44: seg_loss(avg):0.2395, bm_loss(avg):0.0258, tirads_loss(avg):0.0011
Epoch:45: seg_loss(avg):0.2373, bm_loss(avg):0.0194, tirads_loss(avg):0.0002
Saved checkpoint at epoch 45

Validating epoch 45 on all test datasets...
Testing on TN3K...
  TN3K - Dice: 0.8309, HD95: 12.6294
  TN3K - BM: Acc=0.7066, Prec=0.5891, Rec=0.7837, F1=0.6722, AUROC=0.7921, AUPRC=0.7240
  TN3K - TI-RADS: Acc=0.0000, Prec=0.0000, Rec=0.0000, F1=0.0000, AUC=0.0000
Testing on DDTI...
  DDTI - Dice: 0.7685, HD95: 17.6941
  DDTI - BM: Acc=0.0000, Prec=0.0000, Rec=0.0000, F1=0.0000, AUROC=0.0000, AUPRC=0.0000
  DDTI - TI-RADS: Acc=0.0000, Prec=0.0000, Rec=0.0000, F1=0.0000, AUC=0.0000
Testing on ThyroidXL...
  ThyroidXL - Dice: 0.8698, HD95: 5.9316
  ThyroidXL - BM: Acc=0.8286, Prec=0.8625, Rec=0.7505, F1=0.8025, AUROC=0.9246, AUPRC=0.8968
  ThyroidXL - TI-RADS: Acc=0.0000, Prec=0.0000, Rec=0.0000, F1=0.0000, AUC=0.0000
Testing on PKTN...
  PKTN - Dice: 0.7911, HD95: 12.7765
  PKTN - BM: Acc=0.0000, Prec=0.0000, Rec=0.0000, F1=0.0000, AUROC=0.0000, AUPRC=0.0000
  PKTN - TI-RADS: Acc=0.0000, Prec=0.0000, Rec=0.0000, F1=0.0000, AUC=0.0000
Testing on TN5K...
  TN5K - Dice: 0.8077, HD95: 9.5479
  TN5K - BM: Acc=0.9040, Prec=0.9216, Rec=0.9495, F1=0.9353, AUROC=0.9426, AUPRC=0.9731
  TN5K - TI-RADS: Acc=0.0000, Prec=0.0000, Rec=0.0000, F1=0.0000, AUC=0.0000
Epoch:46: seg_loss(avg):0.2371, bm_loss(avg):0.0194, tirads_loss(avg):0.0002
Epoch:47: seg_loss(avg):0.2399, bm_loss(avg):0.0224, tirads_loss(avg):0.0006
Epoch:48: seg_loss(avg):0.2353, bm_loss(avg):0.0192, tirads_loss(avg):0.0014
Epoch:49: seg_loss(avg):0.2346, bm_loss(avg):0.0198, tirads_loss(avg):0.0007
Epoch:50: seg_loss(avg):0.2389, bm_loss(avg):0.0166, tirads_loss(avg):0.0013
Saved checkpoint at epoch 50

Validating epoch 50 on all test datasets...
Testing on TN3K...
  TN3K - Dice: 0.8320, HD95: 12.7925
  TN3K - BM: Acc=0.7115, Prec=0.5993, Rec=0.7536, F1=0.6672, AUROC=0.7890, AUPRC=0.7237
  TN3K - TI-RADS: Acc=0.0000, Prec=0.0000, Rec=0.0000, F1=0.0000, AUC=0.0000
Testing on DDTI...
  DDTI - Dice: 0.7685, HD95: 17.4115
  DDTI - BM: Acc=0.0000, Prec=0.0000, Rec=0.0000, F1=0.0000, AUROC=0.0000, AUPRC=0.0000
  DDTI - TI-RADS: Acc=0.0000, Prec=0.0000, Rec=0.0000, F1=0.0000, AUC=0.0000
Testing on ThyroidXL...
  ThyroidXL - Dice: 0.8704, HD95: 5.9261
  ThyroidXL - BM: Acc=0.8363, Prec=0.8643, Rec=0.7680, F1=0.8132, AUROC=0.9256, AUPRC=0.8977
  ThyroidXL - TI-RADS: Acc=0.0000, Prec=0.0000, Rec=0.0000, F1=0.0000, AUC=0.0000
Testing on PKTN...
  PKTN - Dice: 0.7927, HD95: 12.5991
  PKTN - BM: Acc=0.0000, Prec=0.0000, Rec=0.0000, F1=0.0000, AUROC=0.0000, AUPRC=0.0000
  PKTN - TI-RADS: Acc=0.0000, Prec=0.0000, Rec=0.0000, F1=0.0000, AUC=0.0000
Testing on TN5K...
  TN5K - Dice: 0.8096, HD95: 9.4675
  TN5K - BM: Acc=0.9061, Prec=0.9345, Rec=0.9372, F1=0.9358, AUROC=0.9447, AUPRC=0.9744
  TN5K - TI-RADS: Acc=0.0000, Prec=0.0000, Rec=0.0000, F1=0.0000, AUC=0.0000

========== Evaluation Summary (All Test Records) ==========

Dataset: TN3K
Eval epochs: [5, 10, 15, 20, 25, 30, 35, 40, 45, 50]
Dice per eval: [0.7699999809265137, 0.7973999977111816, 0.8216999769210815, 0.8149999976158142, 0.8273000121116638, 0.8328999876976013, 0.8238999843597412, 0.8300999999046326, 0.8309000134468079, 0.8320000171661377]
HD95 per eval: [16.925899505615234, 14.98960018157959, 12.587200164794922, 14.178500175476074, 12.98740005493164, 12.151700019836426, 13.50570011138916, 13.013400077819824, 12.629400253295898, 12.792499542236328]
Best Dice: 0.8329 at epoch 30
Best HD95: 12.1517 at epoch 30

BM metrics per eval:
  Acc:  [0.7384, 0.7069, 0.6999, 0.6189, 0.7131, 0.7067, 0.7243, 0.7132, 0.7066, 0.7115]
  Prec: [0.7035, 0.5943, 0.5741, 0.5026, 0.596, 0.5904, 0.6164, 0.6014, 0.5891, 0.5993]
  Rec:  [0.5525, 0.7497, 0.8511, 0.8642, 0.7878, 0.7747, 0.7493, 0.7536, 0.7837, 0.7536]
  F1:   [0.6184, 0.6626, 0.6853, 0.6352, 0.6782, 0.6697, 0.6759, 0.6685, 0.6722, 0.6672]
  AUROC:[0.7909, 0.7819, 0.8208, 0.7954, 0.7954, 0.779, 0.7986, 0.7912, 0.7921, 0.789]
  AUPRC:[0.715, 0.7294, 0.7479, 0.7443, 0.7328, 0.7292, 0.7283, 0.728, 0.724, 0.7237]
Best BM F1: 0.6853 at epoch 15

TI-RADS metrics per eval:
  Acc:  [0.0, 0.0, 0.0, 0.0, 0.0, 0.0, 0.0, 0.0, 0.0, 0.0]
  Prec: [0.0, 0.0, 0.0, 0.0, 0.0, 0.0, 0.0, 0.0, 0.0, 0.0]
  Rec:  [0.0, 0.0, 0.0, 0.0, 0.0, 0.0, 0.0, 0.0, 0.0, 0.0]
  F1:   [0.0, 0.0, 0.0, 0.0, 0.0, 0.0, 0.0, 0.0, 0.0, 0.0]
  AUC:  [0.0, 0.0, 0.0, 0.0, 0.0, 0.0, 0.0, 0.0, 0.0, 0.0]
Best TI-RADS F1: 0.0000 at epoch 5

Dataset: DDTI
Eval epochs: [5, 10, 15, 20, 25, 30, 35, 40, 45, 50]
Dice per eval: [0.7506999969482422, 0.7501999735832214, 0.7486000061035156, 0.7597000002861023, 0.7502999901771545, 0.7612000107765198, 0.7749000191688538, 0.770799994468689, 0.7684999704360962, 0.7684999704360962]
HD95 per eval: [20.280399322509766, 17.45800018310547, 19.81450080871582, 20.077600479125977, 19.31290054321289, 18.151100158691406, 17.678800582885742, 17.850799560546875, 17.69409942626953, 17.411500930786133]
Best Dice: 0.7749 at epoch 35
Best HD95: 17.4115 at epoch 50

BM metrics per eval:
  Acc:  [0.0, 0.0, 0.0, 0.0, 0.0, 0.0, 0.0, 0.0, 0.0, 0.0]
  Prec: [0.0, 0.0, 0.0, 0.0, 0.0, 0.0, 0.0, 0.0, 0.0, 0.0]
  Rec:  [0.0, 0.0, 0.0, 0.0, 0.0, 0.0, 0.0, 0.0, 0.0, 0.0]
  F1:   [0.0, 0.0, 0.0, 0.0, 0.0, 0.0, 0.0, 0.0, 0.0, 0.0]
  AUROC:[0.0, 0.0, 0.0, 0.0, 0.0, 0.0, 0.0, 0.0, 0.0, 0.0]
  AUPRC:[0.0, 0.0, 0.0, 0.0, 0.0, 0.0, 0.0, 0.0, 0.0, 0.0]
Best BM F1: 0.0000 at epoch 5

TI-RADS metrics per eval:
  Acc:  [0.0, 0.0, 0.0, 0.0, 0.0, 0.0, 0.0, 0.0, 0.0, 0.0]
  Prec: [0.0, 0.0, 0.0, 0.0, 0.0, 0.0, 0.0, 0.0, 0.0, 0.0]
  Rec:  [0.0, 0.0, 0.0, 0.0, 0.0, 0.0, 0.0, 0.0, 0.0, 0.0]
  F1:   [0.0, 0.0, 0.0, 0.0, 0.0, 0.0, 0.0, 0.0, 0.0, 0.0]
  AUC:  [0.0, 0.0, 0.0, 0.0, 0.0, 0.0, 0.0, 0.0, 0.0, 0.0]
Best TI-RADS F1: 0.0000 at epoch 5

Dataset: ThyroidXL
Eval epochs: [5, 10, 15, 20, 25, 30, 35, 40, 45, 50]
Dice per eval: [0.8413000106811523, 0.8457000255584717, 0.8560000061988831, 0.861299991607666, 0.8641999959945679, 0.8665000200271606, 0.8669000267982483, 0.8690999746322632, 0.8697999715805054, 0.8704000115394592]
HD95 per eval: [8.104499816894531, 7.54580020904541, 7.237599849700928, 6.457699775695801, 6.348599910736084, 6.146100044250488, 6.049900054931641, 5.954899787902832, 5.931600093841553, 5.92609977722168]
Best Dice: 0.8704 at epoch 50
Best HD95: 5.9261 at epoch 50

BM metrics per eval:
  Acc:  [0.7721, 0.7716, 0.8468, 0.851, 0.8476, 0.8309, 0.8354, 0.8435, 0.8286, 0.8363]
  Prec: [0.9023, 0.9316, 0.8238, 0.8509, 0.8172, 0.859, 0.8684, 0.8585, 0.8625, 0.8643]
  Rec:  [0.5711, 0.5484, 0.8525, 0.8236, 0.8655, 0.7607, 0.7609, 0.7938, 0.7505, 0.768]
  F1:   [0.6993, 0.6903, 0.8378, 0.8369, 0.8406, 0.8068, 0.811, 0.8248, 0.8025, 0.8132]
  AUROC:[0.9135, 0.9224, 0.9201, 0.9296, 0.9196, 0.9242, 0.9273, 0.9288, 0.9246, 0.9256]
  AUPRC:[0.8855, 0.9029, 0.896, 0.9098, 0.8957, 0.8997, 0.9038, 0.9038, 0.8968, 0.8977]
Best BM F1: 0.8406 at epoch 25

TI-RADS metrics per eval:
  Acc:  [0.0, 0.0, 0.0, 0.0, 0.0, 0.0, 0.0, 0.0, 0.0, 0.0]
  Prec: [0.0, 0.0, 0.0, 0.0, 0.0, 0.0, 0.0, 0.0, 0.0, 0.0]
  Rec:  [0.0, 0.0, 0.0, 0.0, 0.0, 0.0, 0.0, 0.0, 0.0, 0.0]
  F1:   [0.0, 0.0, 0.0, 0.0, 0.0, 0.0, 0.0, 0.0, 0.0, 0.0]
  AUC:  [0.0, 0.0, 0.0, 0.0, 0.0, 0.0, 0.0, 0.0, 0.0, 0.0]
Best TI-RADS F1: 0.0000 at epoch 5

Dataset: PKTN
Eval epochs: [5, 10, 15, 20, 25, 30, 35, 40, 45, 50]
Dice per eval: [0.713699996471405, 0.7436000108718872, 0.779699981212616, 0.7738000154495239, 0.779699981212616, 0.7922000288963318, 0.785099983215332, 0.7894999980926514, 0.791100025177002, 0.7926999926567078]
HD95 per eval: [19.862499237060547, 16.34819984436035, 14.296600341796875, 15.272000312805176, 14.133099555969238, 13.150300025939941, 13.775500297546387, 13.253899574279785, 12.77649974822998, 12.599100112915039]
Best Dice: 0.7927 at epoch 50
Best HD95: 12.5991 at epoch 50

BM metrics per eval:
  Acc:  [0.0, 0.0, 0.0, 0.0, 0.0, 0.0, 0.0, 0.0, 0.0, 0.0]
  Prec: [0.0, 0.0, 0.0, 0.0, 0.0, 0.0, 0.0, 0.0, 0.0, 0.0]
  Rec:  [0.0, 0.0, 0.0, 0.0, 0.0, 0.0, 0.0, 0.0, 0.0, 0.0]
  F1:   [0.0, 0.0, 0.0, 0.0, 0.0, 0.0, 0.0, 0.0, 0.0, 0.0]
  AUROC:[0.0, 0.0, 0.0, 0.0, 0.0, 0.0, 0.0, 0.0, 0.0, 0.0]
  AUPRC:[0.0, 0.0, 0.0, 0.0, 0.0, 0.0, 0.0, 0.0, 0.0, 0.0]
Best BM F1: 0.0000 at epoch 5

TI-RADS metrics per eval:
  Acc:  [0.0, 0.0, 0.0, 0.0, 0.0, 0.0, 0.0, 0.0, 0.0, 0.0]
  Prec: [0.0, 0.0, 0.0, 0.0, 0.0, 0.0, 0.0, 0.0, 0.0, 0.0]
  Rec:  [0.0, 0.0, 0.0, 0.0, 0.0, 0.0, 0.0, 0.0, 0.0, 0.0]
  F1:   [0.0, 0.0, 0.0, 0.0, 0.0, 0.0, 0.0, 0.0, 0.0, 0.0]
  AUC:  [0.0, 0.0, 0.0, 0.0, 0.0, 0.0, 0.0, 0.0, 0.0, 0.0]
Best TI-RADS F1: 0.0000 at epoch 5

Dataset: TN5K
Eval epochs: [5, 10, 15, 20, 25, 30, 35, 40, 45, 50]
Dice per eval: [0.7181000113487244, 0.7664999961853027, 0.7853999733924866, 0.785099983215332, 0.8026999831199646, 0.8090999722480774, 0.8029000163078308, 0.8084999918937683, 0.807699978351593, 0.8095999956130981]
HD95 per eval: [14.043299674987793, 11.708200454711914, 11.228500366210938, 11.3326997756958, 9.9443998336792, 9.5649995803833, 10.109299659729004, 9.486200332641602, 9.547900199890137, 9.467499732971191]
Best Dice: 0.8096 at epoch 50
Best HD95: 9.4675 at epoch 50

BM metrics per eval:
  Acc:  [0.7471, 0.888, 0.872, 0.8799, 0.9008, 0.899, 0.9051, 0.9012, 0.904, 0.9061]
  Prec: [0.9395, 0.9257, 0.8681, 0.8703, 0.9071, 0.9122, 0.9321, 0.9282, 0.9216, 0.9345]
  Rec:  [0.6992, 0.9206, 0.9727, 0.9821, 0.963, 0.9536, 0.9385, 0.9373, 0.9495, 0.9372]
  F1:   [0.8016, 0.9231, 0.9174, 0.9228, 0.9341, 0.9324, 0.9353, 0.9327, 0.9353, 0.9358]
  AUROC:[0.8844, 0.9292, 0.9308, 0.9319, 0.934, 0.9406, 0.9401, 0.9437, 0.9426, 0.9447]
  AUPRC:[0.952, 0.9699, 0.9708, 0.9691, 0.9718, 0.9748, 0.9735, 0.9746, 0.9731, 0.9744]
Best BM F1: 0.9358 at epoch 50

TI-RADS metrics per eval:
  Acc:  [0.0, 0.0, 0.0, 0.0, 0.0, 0.0, 0.0, 0.0, 0.0, 0.0]
  Prec: [0.0, 0.0, 0.0, 0.0, 0.0, 0.0, 0.0, 0.0, 0.0, 0.0]
  Rec:  [0.0, 0.0, 0.0, 0.0, 0.0, 0.0, 0.0, 0.0, 0.0, 0.0]
  F1:   [0.0, 0.0, 0.0, 0.0, 0.0, 0.0, 0.0, 0.0, 0.0, 0.0]
  AUC:  [0.0, 0.0, 0.0, 0.0, 0.0, 0.0, 0.0, 0.0, 0.0, 0.0]
Best TI-RADS F1: 0.0000 at epoch 5

==========================================================

========== Training Completed ==========
Training completed at Sun Jan 11 03:42:53 2026
