Training started at Sat Jan 31 01:01:15 2026
Method: dino_unet
Dataset: 448size_train_multitask_dataset_1
Epochs: 50
LR: 0.0001
Batch Size: 12
Image Size: 448 x 448
DINO pretrained: True
Use Dilation: False
Training set - Benign/Malignant: Benign=1965 (48.83%), Malignant=2059 (51.17%)
Auto-adjusted tau=0.30 (imbalance_ratio=1.05)
GLA parameters: p_benign=0.4883, p_malignant=0.5117, tau=0.30
Logit adjustment magnitude: 0.0140
Training set - TI-RADS distribution (1-5): [0, 0, 0, 0, 0]
TI-RADS probabilities: [0.20000000298023224, 0.20000000298023224, 0.20000000298023224, 0.20000000298023224, 0.20000000298023224]
Loss weights: seg=1.0, bm=1.0, tirads=1.0
GA-MTL schedule per optimizer step: ['seg', 'bm']
steps_per_epoch (optimizer steps): 167
Epoch:1: seg_loss(avg):0.8216, bm_loss(avg):0.6597, tirads_loss(avg):0.0000
Epoch:2: seg_loss(avg):0.6433, bm_loss(avg):0.5270, tirads_loss(avg):0.0000
Epoch:3: seg_loss(avg):0.5759, bm_loss(avg):0.4684, tirads_loss(avg):0.0000
Epoch:4: seg_loss(avg):0.5572, bm_loss(avg):0.3982, tirads_loss(avg):0.0000
Epoch:5: seg_loss(avg):0.5335, bm_loss(avg):0.3783, tirads_loss(avg):0.0000
Saved checkpoint at epoch 5
Epoch:6: seg_loss(avg):0.5284, bm_loss(avg):0.3733, tirads_loss(avg):0.0000
Epoch:7: seg_loss(avg):0.5185, bm_loss(avg):0.3567, tirads_loss(avg):0.0000
Epoch:8: seg_loss(avg):0.4997, bm_loss(avg):0.3236, tirads_loss(avg):0.0000
Epoch:9: seg_loss(avg):0.4901, bm_loss(avg):0.3035, tirads_loss(avg):0.0000
Epoch:10: seg_loss(avg):0.4769, bm_loss(avg):0.2866, tirads_loss(avg):0.0000
Saved checkpoint at epoch 10
Epoch:11: seg_loss(avg):0.4829, bm_loss(avg):0.2566, tirads_loss(avg):0.0000
Epoch:12: seg_loss(avg):0.4736, bm_loss(avg):0.2420, tirads_loss(avg):0.0000
Epoch:13: seg_loss(avg):0.4627, bm_loss(avg):0.2463, tirads_loss(avg):0.0000
Epoch:14: seg_loss(avg):0.4638, bm_loss(avg):0.2051, tirads_loss(avg):0.0000
Epoch:15: seg_loss(avg):0.4560, bm_loss(avg):0.1927, tirads_loss(avg):0.0000
Saved checkpoint at epoch 15
Epoch:16: seg_loss(avg):0.4501, bm_loss(avg):0.2030, tirads_loss(avg):0.0000
Epoch:17: seg_loss(avg):0.4525, bm_loss(avg):0.1747, tirads_loss(avg):0.0000
Epoch:18: seg_loss(avg):0.4498, bm_loss(avg):0.1782, tirads_loss(avg):0.0000
Epoch:19: seg_loss(avg):0.4342, bm_loss(avg):0.1451, tirads_loss(avg):0.0000
Epoch:20: seg_loss(avg):0.4241, bm_loss(avg):0.1551, tirads_loss(avg):0.0000
Saved checkpoint at epoch 20
Epoch:21: seg_loss(avg):0.4131, bm_loss(avg):0.1131, tirads_loss(avg):0.0000
Epoch:22: seg_loss(avg):0.4199, bm_loss(avg):0.1212, tirads_loss(avg):0.0000
Epoch:23: seg_loss(avg):0.4087, bm_loss(avg):0.1190, tirads_loss(avg):0.0000
Epoch:24: seg_loss(avg):0.4047, bm_loss(avg):0.1005, tirads_loss(avg):0.0000
Epoch:25: seg_loss(avg):0.4065, bm_loss(avg):0.0870, tirads_loss(avg):0.0000
Saved checkpoint at epoch 25
Epoch:26: seg_loss(avg):0.3899, bm_loss(avg):0.0880, tirads_loss(avg):0.0000
Epoch:27: seg_loss(avg):0.3792, bm_loss(avg):0.0667, tirads_loss(avg):0.0000
Epoch:28: seg_loss(avg):0.3844, bm_loss(avg):0.0673, tirads_loss(avg):0.0000
Epoch:29: seg_loss(avg):0.3783, bm_loss(avg):0.0620, tirads_loss(avg):0.0000
Epoch:30: seg_loss(avg):0.3746, bm_loss(avg):0.0574, tirads_loss(avg):0.0000
Saved checkpoint at epoch 30
Epoch:31: seg_loss(avg):0.3681, bm_loss(avg):0.0595, tirads_loss(avg):0.0000
Epoch:32: seg_loss(avg):0.3705, bm_loss(avg):0.0469, tirads_loss(avg):0.0000
Epoch:33: seg_loss(avg):0.3547, bm_loss(avg):0.0423, tirads_loss(avg):0.0000
Epoch:34: seg_loss(avg):0.3541, bm_loss(avg):0.0537, tirads_loss(avg):0.0000
Epoch:35: seg_loss(avg):0.3534, bm_loss(avg):0.0330, tirads_loss(avg):0.0000
Saved checkpoint at epoch 35
Epoch:36: seg_loss(avg):0.3446, bm_loss(avg):0.0247, tirads_loss(avg):0.0000
Epoch:37: seg_loss(avg):0.3448, bm_loss(avg):0.0339, tirads_loss(avg):0.0000
Epoch:38: seg_loss(avg):0.3369, bm_loss(avg):0.0161, tirads_loss(avg):0.0000
Epoch:39: seg_loss(avg):0.3340, bm_loss(avg):0.0229, tirads_loss(avg):0.0000
Epoch:40: seg_loss(avg):0.3338, bm_loss(avg):0.0185, tirads_loss(avg):0.0000
Saved checkpoint at epoch 40
Epoch:41: seg_loss(avg):0.3310, bm_loss(avg):0.0094, tirads_loss(avg):0.0000
Epoch:42: seg_loss(avg):0.3261, bm_loss(avg):0.0253, tirads_loss(avg):0.0000
Epoch:43: seg_loss(avg):0.3301, bm_loss(avg):0.0080, tirads_loss(avg):0.0000
Epoch:44: seg_loss(avg):0.3284, bm_loss(avg):0.0208, tirads_loss(avg):0.0000
Epoch:45: seg_loss(avg):0.3251, bm_loss(avg):0.0157, tirads_loss(avg):0.0000
Saved checkpoint at epoch 45
Epoch:46: seg_loss(avg):0.3211, bm_loss(avg):0.0172, tirads_loss(avg):0.0000
Epoch:47: seg_loss(avg):0.3218, bm_loss(avg):0.0164, tirads_loss(avg):0.0000
Epoch:48: seg_loss(avg):0.3177, bm_loss(avg):0.0162, tirads_loss(avg):0.0000
Epoch:49: seg_loss(avg):0.3155, bm_loss(avg):0.0167, tirads_loss(avg):0.0000
Epoch:50: seg_loss(avg):0.3177, bm_loss(avg):0.0120, tirads_loss(avg):0.0000
Saved checkpoint at epoch 50

Validating epoch 50 on all test datasets...
Testing on TN3K...
  TN3K - Dice: 0.8329, HD95: 25.2042
  TN3K - BM: Acc=0.8544, Prec=0.8462, Rec=0.8540, F1=0.8499, AUROC=0.9150, AUPRC=0.9065
  TN3K - TI-RADS: Acc=0.0000, Prec=0.0000, Rec=0.0000, F1=0.0000, AUC=0.0000
Testing on DDTI...
  DDTI - Dice: 0.7805, HD95: 31.9019
  DDTI - BM: Acc=0.0000, Prec=0.0000, Rec=0.0000, F1=0.0000, AUROC=0.0000, AUPRC=0.0000
  DDTI - TI-RADS: Acc=0.0000, Prec=0.0000, Rec=0.0000, F1=0.0000, AUC=0.0000
Testing on ThyroidXL...
  ThyroidXL - Dice: 0.8348, HD95: 17.2997
  ThyroidXL - BM: Acc=0.7867, Prec=0.5670, Rec=0.8776, F1=0.6886, AUROC=0.8821, AUPRC=0.7298
  ThyroidXL - TI-RADS: Acc=0.0000, Prec=0.0000, Rec=0.0000, F1=0.0000, AUC=0.0000
Testing on PKTN...
  PKTN - Dice: 0.7987, HD95: 24.0395
  PKTN - BM: Acc=0.0000, Prec=0.0000, Rec=0.0000, F1=0.0000, AUROC=0.0000, AUPRC=0.0000
  PKTN - TI-RADS: Acc=0.0000, Prec=0.0000, Rec=0.0000, F1=0.0000, AUC=0.0000
Testing on TN5K...
  TN5K - Dice: 0.7776, HD95: 24.1854
  TN5K - BM: Acc=0.7613, Prec=0.8370, Rec=0.8212, F1=0.8288, AUROC=0.8020, AUPRC=0.8887
  TN5K - TI-RADS: Acc=0.0000, Prec=0.0000, Rec=0.0000, F1=0.0000, AUC=0.0000
Testing on Cine-Clip...
  Cine-Clip - Dice: 0.6868, HD95: 43.3562
  Cine-Clip - BM: Acc=0.8252, Prec=0.2951, Rec=0.3336, F1=0.3129, AUROC=0.6383, AUPRC=0.2501
  Cine-Clip - TI-RADS: Acc=0.1335, Prec=0.1208, Rec=0.1925, F1=0.0863, AUC=0.4959

========== Evaluation Summary (All Test Records) ==========

Dataset: TN3K
Eval epochs: [50]
Dice per eval: [0.8328999876976013]
HD95 per eval: [25.204200744628906]
Best Dice: 0.8329 at epoch 50
Best HD95: 25.2042 at epoch 50

BM metrics per eval:
  Acc:  [0.8544]
  Prec: [0.8462]
  Rec:  [0.854]
  F1:   [0.8499]
  AUROC:[0.915]
  AUPRC:[0.9065]
Best BM F1: 0.8499 at epoch 50

TI-RADS metrics per eval:
  Acc:  [0.0]
  Prec: [0.0]
  Rec:  [0.0]
  F1:   [0.0]
  AUC:  [0.0]
Best TI-RADS F1: 0.0000 at epoch 50

Dataset: DDTI
Eval epochs: [50]
Dice per eval: [0.7804999947547913]
HD95 per eval: [31.901899337768555]
Best Dice: 0.7805 at epoch 50
Best HD95: 31.9019 at epoch 50

BM metrics per eval:
  Acc:  [0.0]
  Prec: [0.0]
  Rec:  [0.0]
  F1:   [0.0]
  AUROC:[0.0]
  AUPRC:[0.0]
Best BM F1: 0.0000 at epoch 50

TI-RADS metrics per eval:
  Acc:  [0.0]
  Prec: [0.0]
  Rec:  [0.0]
  F1:   [0.0]
  AUC:  [0.0]
Best TI-RADS F1: 0.0000 at epoch 50

Dataset: ThyroidXL
Eval epochs: [50]
Dice per eval: [0.8348000049591064]
HD95 per eval: [17.299699783325195]
Best Dice: 0.8348 at epoch 50
Best HD95: 17.2997 at epoch 50

BM metrics per eval:
  Acc:  [0.7867]
  Prec: [0.567]
  Rec:  [0.8776]
  F1:   [0.6886]
  AUROC:[0.8821]
  AUPRC:[0.7298]
Best BM F1: 0.6886 at epoch 50

TI-RADS metrics per eval:
  Acc:  [0.0]
  Prec: [0.0]
  Rec:  [0.0]
  F1:   [0.0]
  AUC:  [0.0]
Best TI-RADS F1: 0.0000 at epoch 50

Dataset: PKTN
Eval epochs: [50]
Dice per eval: [0.7986999750137329]
HD95 per eval: [24.039499282836914]
Best Dice: 0.7987 at epoch 50
Best HD95: 24.0395 at epoch 50

BM metrics per eval:
  Acc:  [0.0]
  Prec: [0.0]
  Rec:  [0.0]
  F1:   [0.0]
  AUROC:[0.0]
  AUPRC:[0.0]
Best BM F1: 0.0000 at epoch 50

TI-RADS metrics per eval:
  Acc:  [0.0]
  Prec: [0.0]
  Rec:  [0.0]
  F1:   [0.0]
  AUC:  [0.0]
Best TI-RADS F1: 0.0000 at epoch 50

Dataset: TN5K
Eval epochs: [50]
Dice per eval: [0.7775999903678894]
HD95 per eval: [24.185400009155273]
Best Dice: 0.7776 at epoch 50
Best HD95: 24.1854 at epoch 50

BM metrics per eval:
  Acc:  [0.7613]
  Prec: [0.837]
  Rec:  [0.8212]
  F1:   [0.8288]
  AUROC:[0.802]
  AUPRC:[0.8887]
Best BM F1: 0.8288 at epoch 50

TI-RADS metrics per eval:
  Acc:  [0.0]
  Prec: [0.0]
  Rec:  [0.0]
  F1:   [0.0]
  AUC:  [0.0]
Best TI-RADS F1: 0.0000 at epoch 50

Dataset: Cine-Clip
Eval epochs: [50]
Dice per eval: [0.6868000030517578]
HD95 per eval: [43.356201171875]
Best Dice: 0.6868 at epoch 50
Best HD95: 43.3562 at epoch 50

BM metrics per eval:
  Acc:  [0.8252]
  Prec: [0.2951]
  Rec:  [0.3336]
  F1:   [0.3129]
  AUROC:[0.6383]
  AUPRC:[0.2501]
Best BM F1: 0.3129 at epoch 50

TI-RADS metrics per eval:
  Acc:  [0.1335]
  Prec: [0.1208]
  Rec:  [0.1925]
  F1:   [0.0863]
  AUC:  [0.4959]
Best TI-RADS F1: 0.0863 at epoch 50

==========================================================

========== Training Completed ==========
Training completed at Sat Jan 31 04:45:33 2026
