Training started at Fri Dec 26 16:24:43 2025
Method: dino_unet
Dataset: Dilation_train_multitask_dataset4
Epochs: 50
LR: 0.0001
Batch Size: 12
Image Size: 224 x 224
DINO pretrained: True
Use Dilation: True
Training set - Benign/Malignant: Benign=25859 (73.49%), Malignant=9327 (26.51%)
Auto-adjusted tau=1.00 (imbalance_ratio=2.77)
GLA parameters: p_benign=0.7349, p_malignant=0.2651, tau=1.00
Logit adjustment magnitude: 1.0197
Training set - TI-RADS distribution (1-5): [52, 892, 4931, 7230, 4307]
TI-RADS probabilities: [0.0029864460229873657, 0.05122903734445572, 0.28319549560546875, 0.4152308702468872, 0.24735814332962036]
Loss weights: seg=1.0, bm=1.0, tirads=1.0
GA-MTL schedule per optimizer step: ['seg', 'bm', 'tirads']
steps_per_epoch (optimizer steps): 977
Epoch:1: seg_loss(avg):0.6643, bm_loss(avg):0.5732, tirads_loss(avg):1.0431
Epoch:2: seg_loss(avg):0.5631, bm_loss(avg):0.4451, tirads_loss(avg):0.6430
Epoch:3: seg_loss(avg):0.5209, bm_loss(avg):0.3426, tirads_loss(avg):0.3442
Epoch:4: seg_loss(avg):0.4952, bm_loss(avg):0.2921, tirads_loss(avg):0.1770
Epoch:5: seg_loss(avg):0.4813, bm_loss(avg):0.2692, tirads_loss(avg):0.1192
Saved checkpoint at epoch 5

Validating epoch 5 on all test datasets...
Testing on TN3K...
  TN3K - Dice: 0.8514, HD95: 14.8014
  TN3K - BM: Acc=0.7068, Prec=0.5843, Rec=0.8220, F1=0.6831, AUROC=0.8016, AUPRC=0.7133
  TN3K - TI-RADS: Acc=0.0000, Prec=0.0000, Rec=0.0000, F1=0.0000, AUC=0.0000
Testing on DDTI...
  DDTI - Dice: 0.7331, HD95: 22.5785
  DDTI - BM: Acc=0.0000, Prec=0.0000, Rec=0.0000, F1=0.0000, AUROC=0.0000, AUPRC=0.0000
  DDTI - TI-RADS: Acc=0.0000, Prec=0.0000, Rec=0.0000, F1=0.0000, AUC=0.0000
Testing on ThyroidXL...
  ThyroidXL - Dice: 0.8630, HD95: 7.6921
  ThyroidXL - BM: Acc=0.8536, Prec=0.8294, Rec=0.8619, F1=0.8453, AUROC=0.9236, AUPRC=0.8997
  ThyroidXL - TI-RADS: Acc=0.0000, Prec=0.0000, Rec=0.0000, F1=0.0000, AUC=0.0000
Testing on PKTN...
  PKTN - Dice: 0.7606, HD95: 16.9974
  PKTN - BM: Acc=0.0000, Prec=0.0000, Rec=0.0000, F1=0.0000, AUROC=0.0000, AUPRC=0.0000
  PKTN - TI-RADS: Acc=0.0000, Prec=0.0000, Rec=0.0000, F1=0.0000, AUC=0.0000
Testing on TN5K...
  TN5K - Dice: 0.8006, HD95: 12.1457
  TN5K - BM: Acc=0.8490, Prec=0.8494, Rec=0.9644, F1=0.9033, AUROC=0.9137, AUPRC=0.9603
  TN5K - TI-RADS: Acc=0.0000, Prec=0.0000, Rec=0.0000, F1=0.0000, AUC=0.0000
Epoch:6: seg_loss(avg):0.4587, bm_loss(avg):0.2459, tirads_loss(avg):0.0856
Epoch:7: seg_loss(avg):0.4542, bm_loss(avg):0.2450, tirads_loss(avg):0.0612
Epoch:8: seg_loss(avg):0.4463, bm_loss(avg):0.2320, tirads_loss(avg):0.0750
Epoch:9: seg_loss(avg):0.4366, bm_loss(avg):0.2222, tirads_loss(avg):0.0503
Epoch:10: seg_loss(avg):0.4172, bm_loss(avg):0.2087, tirads_loss(avg):0.0260
Saved checkpoint at epoch 10

Validating epoch 10 on all test datasets...
Testing on TN3K...
  TN3K - Dice: 0.8582, HD95: 13.9849
  TN3K - BM: Acc=0.6922, Prec=0.5689, Rec=0.8220, F1=0.6724, AUROC=0.8009, AUPRC=0.7259
  TN3K - TI-RADS: Acc=0.0000, Prec=0.0000, Rec=0.0000, F1=0.0000, AUC=0.0000
Testing on DDTI...
  DDTI - Dice: 0.7912, HD95: 19.0616
  DDTI - BM: Acc=0.0000, Prec=0.0000, Rec=0.0000, F1=0.0000, AUROC=0.0000, AUPRC=0.0000
  DDTI - TI-RADS: Acc=0.0000, Prec=0.0000, Rec=0.0000, F1=0.0000, AUC=0.0000
Testing on ThyroidXL...
  ThyroidXL - Dice: 0.8678, HD95: 7.5586
  ThyroidXL - BM: Acc=0.8402, Prec=0.8362, Rec=0.8155, F1=0.8257, AUROC=0.9240, AUPRC=0.8999
  ThyroidXL - TI-RADS: Acc=0.0000, Prec=0.0000, Rec=0.0000, F1=0.0000, AUC=0.0000
Testing on PKTN...
  PKTN - Dice: 0.7866, HD95: 15.4795
  PKTN - BM: Acc=0.0000, Prec=0.0000, Rec=0.0000, F1=0.0000, AUROC=0.0000, AUPRC=0.0000
  PKTN - TI-RADS: Acc=0.0000, Prec=0.0000, Rec=0.0000, F1=0.0000, AUC=0.0000
Testing on TN5K...
  TN5K - Dice: 0.8193, HD95: 10.8900
  TN5K - BM: Acc=0.8650, Prec=0.8625, Rec=0.9699, F1=0.9131, AUROC=0.9211, AUPRC=0.9670
  TN5K - TI-RADS: Acc=0.0000, Prec=0.0000, Rec=0.0000, F1=0.0000, AUC=0.0000
Epoch:11: seg_loss(avg):0.4232, bm_loss(avg):0.2107, tirads_loss(avg):0.0467
Epoch:12: seg_loss(avg):0.4104, bm_loss(avg):0.1998, tirads_loss(avg):0.0443
Epoch:13: seg_loss(avg):0.3952, bm_loss(avg):0.1945, tirads_loss(avg):0.0077
Epoch:14: seg_loss(avg):0.4051, bm_loss(avg):0.1875, tirads_loss(avg):0.0479
Epoch:15: seg_loss(avg):0.3794, bm_loss(avg):0.1747, tirads_loss(avg):0.0103
Saved checkpoint at epoch 15

Validating epoch 15 on all test datasets...
Testing on TN3K...
  TN3K - Dice: 0.8609, HD95: 13.3455
  TN3K - BM: Acc=0.7362, Prec=0.6434, Rec=0.7034, F1=0.6721, AUROC=0.7975, AUPRC=0.7284
  TN3K - TI-RADS: Acc=0.0000, Prec=0.0000, Rec=0.0000, F1=0.0000, AUC=0.0000
Testing on DDTI...
  DDTI - Dice: 0.7512, HD95: 21.2215
  DDTI - BM: Acc=0.0000, Prec=0.0000, Rec=0.0000, F1=0.0000, AUROC=0.0000, AUPRC=0.0000
  DDTI - TI-RADS: Acc=0.0000, Prec=0.0000, Rec=0.0000, F1=0.0000, AUC=0.0000
Testing on ThyroidXL...
  ThyroidXL - Dice: 0.8705, HD95: 7.1728
  ThyroidXL - BM: Acc=0.8306, Prec=0.8889, Rec=0.7258, F1=0.7991, AUROC=0.9259, AUPRC=0.9057
  ThyroidXL - TI-RADS: Acc=0.0000, Prec=0.0000, Rec=0.0000, F1=0.0000, AUC=0.0000
Testing on PKTN...
  PKTN - Dice: 0.7875, HD95: 15.1818
  PKTN - BM: Acc=0.0000, Prec=0.0000, Rec=0.0000, F1=0.0000, AUROC=0.0000, AUPRC=0.0000
  PKTN - TI-RADS: Acc=0.0000, Prec=0.0000, Rec=0.0000, F1=0.0000, AUC=0.0000
Testing on TN5K...
  TN5K - Dice: 0.8087, HD95: 11.9744
  TN5K - BM: Acc=0.8740, Prec=0.9255, Rec=0.9001, F1=0.9126, AUROC=0.9344, AUPRC=0.9738
  TN5K - TI-RADS: Acc=0.0000, Prec=0.0000, Rec=0.0000, F1=0.0000, AUC=0.0000
Epoch:16: seg_loss(avg):0.3707, bm_loss(avg):0.1726, tirads_loss(avg):0.0036
Epoch:17: seg_loss(avg):0.3845, bm_loss(avg):0.1747, tirads_loss(avg):0.0544
Epoch:18: seg_loss(avg):0.3722, bm_loss(avg):0.1650, tirads_loss(avg):0.0165
Epoch:19: seg_loss(avg):0.3637, bm_loss(avg):0.1547, tirads_loss(avg):0.0037
Epoch:20: seg_loss(avg):0.3531, bm_loss(avg):0.1443, tirads_loss(avg):0.0129
Saved checkpoint at epoch 20

Validating epoch 20 on all test datasets...
Testing on TN3K...
  TN3K - Dice: 0.8673, HD95: 13.2443
  TN3K - BM: Acc=0.7476, Prec=0.6373, Rec=0.7966, F1=0.7081, AUROC=0.8213, AUPRC=0.7517
  TN3K - TI-RADS: Acc=0.0000, Prec=0.0000, Rec=0.0000, F1=0.0000, AUC=0.0000
Testing on DDTI...
  DDTI - Dice: 0.7967, HD95: 18.4665
  DDTI - BM: Acc=0.0000, Prec=0.0000, Rec=0.0000, F1=0.0000, AUROC=0.0000, AUPRC=0.0000
  DDTI - TI-RADS: Acc=0.0000, Prec=0.0000, Rec=0.0000, F1=0.0000, AUC=0.0000
Testing on ThyroidXL...
  ThyroidXL - Dice: 0.8749, HD95: 7.1841
  ThyroidXL - BM: Acc=0.8531, Prec=0.8530, Rec=0.8258, F1=0.8392, AUROC=0.9320, AUPRC=0.9114
  ThyroidXL - TI-RADS: Acc=0.0000, Prec=0.0000, Rec=0.0000, F1=0.0000, AUC=0.0000
Testing on PKTN...
  PKTN - Dice: 0.7940, HD95: 14.5141
  PKTN - BM: Acc=0.0000, Prec=0.0000, Rec=0.0000, F1=0.0000, AUROC=0.0000, AUPRC=0.0000
  PKTN - TI-RADS: Acc=0.0000, Prec=0.0000, Rec=0.0000, F1=0.0000, AUC=0.0000
Testing on TN5K...
  TN5K - Dice: 0.8216, HD95: 11.0291
  TN5K - BM: Acc=0.8650, Prec=0.8830, Rec=0.9398, F1=0.9105, AUROC=0.9267, AUPRC=0.9701
  TN5K - TI-RADS: Acc=0.0000, Prec=0.0000, Rec=0.0000, F1=0.0000, AUC=0.0000
Epoch:21: seg_loss(avg):0.3471, bm_loss(avg):0.1373, tirads_loss(avg):0.0027
Epoch:22: seg_loss(avg):0.3508, bm_loss(avg):0.1457, tirads_loss(avg):0.0223
Epoch:23: seg_loss(avg):0.3363, bm_loss(avg):0.1252, tirads_loss(avg):0.0019
Epoch:24: seg_loss(avg):0.3331, bm_loss(avg):0.1171, tirads_loss(avg):0.0006
Epoch:25: seg_loss(avg):0.3302, bm_loss(avg):0.1142, tirads_loss(avg):0.0041
Saved checkpoint at epoch 25

Validating epoch 25 on all test datasets...
Testing on TN3K...
  TN3K - Dice: 0.8715, HD95: 12.9054
  TN3K - BM: Acc=0.6466, Prec=0.5248, Rec=0.8517, F1=0.6494, AUROC=0.7847, AUPRC=0.7239
  TN3K - TI-RADS: Acc=0.0000, Prec=0.0000, Rec=0.0000, F1=0.0000, AUC=0.0000
Testing on DDTI...
  DDTI - Dice: 0.7790, HD95: 20.2314
  DDTI - BM: Acc=0.0000, Prec=0.0000, Rec=0.0000, F1=0.0000, AUROC=0.0000, AUPRC=0.0000
  DDTI - TI-RADS: Acc=0.0000, Prec=0.0000, Rec=0.0000, F1=0.0000, AUC=0.0000
Testing on ThyroidXL...
  ThyroidXL - Dice: 0.8787, HD95: 6.6122
  ThyroidXL - BM: Acc=0.8541, Prec=0.8322, Rec=0.8588, F1=0.8453, AUROC=0.9305, AUPRC=0.9143
  ThyroidXL - TI-RADS: Acc=0.0000, Prec=0.0000, Rec=0.0000, F1=0.0000, AUC=0.0000
Testing on PKTN...
  PKTN - Dice: 0.8022, HD95: 14.7531
  PKTN - BM: Acc=0.0000, Prec=0.0000, Rec=0.0000, F1=0.0000, AUROC=0.0000, AUPRC=0.0000
  PKTN - TI-RADS: Acc=0.0000, Prec=0.0000, Rec=0.0000, F1=0.0000, AUC=0.0000
Testing on TN5K...
  TN5K - Dice: 0.8318, HD95: 10.1227
  TN5K - BM: Acc=0.8780, Prec=0.8709, Rec=0.9781, F1=0.9214, AUROC=0.9440, AUPRC=0.9781
  TN5K - TI-RADS: Acc=0.0000, Prec=0.0000, Rec=0.0000, F1=0.0000, AUC=0.0000
Epoch:26: seg_loss(avg):0.3236, bm_loss(avg):0.1131, tirads_loss(avg):0.0005
Epoch:27: seg_loss(avg):0.3171, bm_loss(avg):0.0946, tirads_loss(avg):0.0003
Epoch:28: seg_loss(avg):0.3150, bm_loss(avg):0.0996, tirads_loss(avg):0.0054
Epoch:29: seg_loss(avg):0.3098, bm_loss(avg):0.0874, tirads_loss(avg):0.0030
Epoch:30: seg_loss(avg):0.3018, bm_loss(avg):0.0815, tirads_loss(avg):0.0009
Saved checkpoint at epoch 30

Validating epoch 30 on all test datasets...
Testing on TN3K...
  TN3K - Dice: 0.8686, HD95: 14.1387
  TN3K - BM: Acc=0.7052, Prec=0.5873, Rec=0.7839, F1=0.6715, AUROC=0.7937, AUPRC=0.7325
  TN3K - TI-RADS: Acc=0.0000, Prec=0.0000, Rec=0.0000, F1=0.0000, AUC=0.0000
Testing on DDTI...
  DDTI - Dice: 0.7902, HD95: 19.8494
  DDTI - BM: Acc=0.0000, Prec=0.0000, Rec=0.0000, F1=0.0000, AUROC=0.0000, AUPRC=0.0000
  DDTI - TI-RADS: Acc=0.0000, Prec=0.0000, Rec=0.0000, F1=0.0000, AUC=0.0000
Testing on ThyroidXL...
  ThyroidXL - Dice: 0.8819, HD95: 6.2158
  ThyroidXL - BM: Acc=0.8445, Prec=0.8652, Rec=0.7876, F1=0.8246, AUROC=0.9337, AUPRC=0.9151
  ThyroidXL - TI-RADS: Acc=0.0000, Prec=0.0000, Rec=0.0000, F1=0.0000, AUC=0.0000
Testing on PKTN...
  PKTN - Dice: 0.8089, HD95: 14.4617
  PKTN - BM: Acc=0.0000, Prec=0.0000, Rec=0.0000, F1=0.0000, AUROC=0.0000, AUPRC=0.0000
  PKTN - TI-RADS: Acc=0.0000, Prec=0.0000, Rec=0.0000, F1=0.0000, AUC=0.0000
Testing on TN5K...
  TN5K - Dice: 0.8252, HD95: 10.4109
  TN5K - BM: Acc=0.9000, Prec=0.9124, Rec=0.9549, F1=0.9332, AUROC=0.9496, AUPRC=0.9804
  TN5K - TI-RADS: Acc=0.0000, Prec=0.0000, Rec=0.0000, F1=0.0000, AUC=0.0000
Epoch:31: seg_loss(avg):0.2998, bm_loss(avg):0.0803, tirads_loss(avg):0.0015
Epoch:32: seg_loss(avg):0.2946, bm_loss(avg):0.0681, tirads_loss(avg):0.0015
Epoch:33: seg_loss(avg):0.2885, bm_loss(avg):0.0680, tirads_loss(avg):0.0019
Epoch:34: seg_loss(avg):0.2864, bm_loss(avg):0.0602, tirads_loss(avg):0.0011
Epoch:35: seg_loss(avg):0.2800, bm_loss(avg):0.0495, tirads_loss(avg):0.0023
Saved checkpoint at epoch 35

Validating epoch 35 on all test datasets...
Testing on TN3K...
  TN3K - Dice: 0.8766, HD95: 12.4167
  TN3K - BM: Acc=0.7557, Prec=0.6581, Rec=0.7585, F1=0.7047, AUROC=0.8121, AUPRC=0.7435
  TN3K - TI-RADS: Acc=0.0000, Prec=0.0000, Rec=0.0000, F1=0.0000, AUC=0.0000
Testing on DDTI...
  DDTI - Dice: 0.7831, HD95: 20.2138
  DDTI - BM: Acc=0.0000, Prec=0.0000, Rec=0.0000, F1=0.0000, AUROC=0.0000, AUPRC=0.0000
  DDTI - TI-RADS: Acc=0.0000, Prec=0.0000, Rec=0.0000, F1=0.0000, AUC=0.0000
Testing on ThyroidXL...
  ThyroidXL - Dice: 0.8844, HD95: 6.1184
  ThyroidXL - BM: Acc=0.8455, Prec=0.8714, Rec=0.7825, F1=0.8246, AUROC=0.9357, AUPRC=0.9208
  ThyroidXL - TI-RADS: Acc=0.0000, Prec=0.0000, Rec=0.0000, F1=0.0000, AUC=0.0000
Testing on PKTN...
  PKTN - Dice: 0.8179, HD95: 13.2914
  PKTN - BM: Acc=0.0000, Prec=0.0000, Rec=0.0000, F1=0.0000, AUROC=0.0000, AUPRC=0.0000
  PKTN - TI-RADS: Acc=0.0000, Prec=0.0000, Rec=0.0000, F1=0.0000, AUC=0.0000
Testing on TN5K...
  TN5K - Dice: 0.8323, HD95: 10.2105
  TN5K - BM: Acc=0.8880, Prec=0.9166, Rec=0.9316, F1=0.9240, AUROC=0.9469, AUPRC=0.9774
  TN5K - TI-RADS: Acc=0.0000, Prec=0.0000, Rec=0.0000, F1=0.0000, AUC=0.0000
Epoch:36: seg_loss(avg):0.2796, bm_loss(avg):0.0467, tirads_loss(avg):0.0003
Epoch:37: seg_loss(avg):0.2745, bm_loss(avg):0.0442, tirads_loss(avg):0.0012
Epoch:38: seg_loss(avg):0.2727, bm_loss(avg):0.0389, tirads_loss(avg):0.0022
Epoch:39: seg_loss(avg):0.2685, bm_loss(avg):0.0396, tirads_loss(avg):0.0013
Epoch:40: seg_loss(avg):0.2683, bm_loss(avg):0.0354, tirads_loss(avg):0.0008
Saved checkpoint at epoch 40

Validating epoch 40 on all test datasets...
Testing on TN3K...
  TN3K - Dice: 0.8831, HD95: 11.1899
  TN3K - BM: Acc=0.7199, Prec=0.6135, Rec=0.7331, F1=0.6680, AUROC=0.7952, AUPRC=0.7337
  TN3K - TI-RADS: Acc=0.0000, Prec=0.0000, Rec=0.0000, F1=0.0000, AUC=0.0000
Testing on DDTI...
  DDTI - Dice: 0.7945, HD95: 18.7157
  DDTI - BM: Acc=0.0000, Prec=0.0000, Rec=0.0000, F1=0.0000, AUROC=0.0000, AUPRC=0.0000
  DDTI - TI-RADS: Acc=0.0000, Prec=0.0000, Rec=0.0000, F1=0.0000, AUC=0.0000
Testing on ThyroidXL...
  ThyroidXL - Dice: 0.8854, HD95: 5.9018
  ThyroidXL - BM: Acc=0.8402, Prec=0.8965, Rec=0.7412, F1=0.8115, AUROC=0.9335, AUPRC=0.9172
  ThyroidXL - TI-RADS: Acc=0.0000, Prec=0.0000, Rec=0.0000, F1=0.0000, AUC=0.0000
Testing on PKTN...
  PKTN - Dice: 0.8159, HD95: 12.9593
  PKTN - BM: Acc=0.0000, Prec=0.0000, Rec=0.0000, F1=0.0000, AUROC=0.0000, AUPRC=0.0000
  PKTN - TI-RADS: Acc=0.0000, Prec=0.0000, Rec=0.0000, F1=0.0000, AUC=0.0000
Testing on TN5K...
  TN5K - Dice: 0.8332, HD95: 9.9687
  TN5K - BM: Acc=0.8950, Prec=0.9241, Rec=0.9330, F1=0.9285, AUROC=0.9548, AUPRC=0.9818
  TN5K - TI-RADS: Acc=0.0000, Prec=0.0000, Rec=0.0000, F1=0.0000, AUC=0.0000
Epoch:41: seg_loss(avg):0.2641, bm_loss(avg):0.0319, tirads_loss(avg):0.0013
Epoch:42: seg_loss(avg):0.2613, bm_loss(avg):0.0298, tirads_loss(avg):0.0002
Epoch:43: seg_loss(avg):0.2601, bm_loss(avg):0.0280, tirads_loss(avg):0.0019
Epoch:44: seg_loss(avg):0.2594, bm_loss(avg):0.0200, tirads_loss(avg):0.0009
Epoch:45: seg_loss(avg):0.2595, bm_loss(avg):0.0158, tirads_loss(avg):0.0010
Saved checkpoint at epoch 45

Validating epoch 45 on all test datasets...
Testing on TN3K...
  TN3K - Dice: 0.8802, HD95: 12.1054
  TN3K - BM: Acc=0.7182, Prec=0.6047, Rec=0.7712, F1=0.6778, AUROC=0.8030, AUPRC=0.7423
  TN3K - TI-RADS: Acc=0.0000, Prec=0.0000, Rec=0.0000, F1=0.0000, AUC=0.0000
Testing on DDTI...
  DDTI - Dice: 0.7905, HD95: 19.1800
  DDTI - BM: Acc=0.0000, Prec=0.0000, Rec=0.0000, F1=0.0000, AUROC=0.0000, AUPRC=0.0000
  DDTI - TI-RADS: Acc=0.0000, Prec=0.0000, Rec=0.0000, F1=0.0000, AUC=0.0000
Testing on ThyroidXL...
  ThyroidXL - Dice: 0.8861, HD95: 5.8666
  ThyroidXL - BM: Acc=0.8464, Prec=0.8840, Rec=0.7701, F1=0.8231, AUROC=0.9323, AUPRC=0.9128
  ThyroidXL - TI-RADS: Acc=0.0000, Prec=0.0000, Rec=0.0000, F1=0.0000, AUC=0.0000
Testing on PKTN...
  PKTN - Dice: 0.8182, HD95: 12.9215
  PKTN - BM: Acc=0.0000, Prec=0.0000, Rec=0.0000, F1=0.0000, AUROC=0.0000, AUPRC=0.0000
  PKTN - TI-RADS: Acc=0.0000, Prec=0.0000, Rec=0.0000, F1=0.0000, AUC=0.0000
Testing on TN5K...
  TN5K - Dice: 0.8337, HD95: 10.1379
  TN5K - BM: Acc=0.9070, Prec=0.9276, Rec=0.9466, F1=0.9370, AUROC=0.9534, AUPRC=0.9806
  TN5K - TI-RADS: Acc=0.0000, Prec=0.0000, Rec=0.0000, F1=0.0000, AUC=0.0000
Epoch:46: seg_loss(avg):0.2557, bm_loss(avg):0.0235, tirads_loss(avg):0.0002
Epoch:47: seg_loss(avg):0.2533, bm_loss(avg):0.0228, tirads_loss(avg):0.0004
Epoch:48: seg_loss(avg):0.2533, bm_loss(avg):0.0177, tirads_loss(avg):0.0013
Epoch:49: seg_loss(avg):0.2541, bm_loss(avg):0.0180, tirads_loss(avg):0.0015
Epoch:50: seg_loss(avg):0.2526, bm_loss(avg):0.0167, tirads_loss(avg):0.0006
Saved checkpoint at epoch 50

Validating epoch 50 on all test datasets...
Testing on TN3K...
  TN3K - Dice: 0.8800, HD95: 11.8962
  TN3K - BM: Acc=0.7215, Prec=0.6125, Rec=0.7500, F1=0.6743, AUROC=0.8010, AUPRC=0.7363
  TN3K - TI-RADS: Acc=0.0000, Prec=0.0000, Rec=0.0000, F1=0.0000, AUC=0.0000
Testing on DDTI...
  DDTI - Dice: 0.7923, HD95: 19.0416
  DDTI - BM: Acc=0.0000, Prec=0.0000, Rec=0.0000, F1=0.0000, AUROC=0.0000, AUPRC=0.0000
  DDTI - TI-RADS: Acc=0.0000, Prec=0.0000, Rec=0.0000, F1=0.0000, AUC=0.0000
Testing on ThyroidXL...
  ThyroidXL - Dice: 0.8861, HD95: 5.8621
  ThyroidXL - BM: Acc=0.8440, Prec=0.8824, Rec=0.7660, F1=0.8201, AUROC=0.9317, AUPRC=0.9114
  ThyroidXL - TI-RADS: Acc=0.0000, Prec=0.0000, Rec=0.0000, F1=0.0000, AUC=0.0000
Testing on PKTN...
  PKTN - Dice: 0.8187, HD95: 13.0535
  PKTN - BM: Acc=0.0000, Prec=0.0000, Rec=0.0000, F1=0.0000, AUROC=0.0000, AUPRC=0.0000
  PKTN - TI-RADS: Acc=0.0000, Prec=0.0000, Rec=0.0000, F1=0.0000, AUC=0.0000
Testing on TN5K...
  TN5K - Dice: 0.8348, HD95: 9.8497
  TN5K - BM: Acc=0.9050, Prec=0.9251, Rec=0.9466, F1=0.9358, AUROC=0.9548, AUPRC=0.9812
  TN5K - TI-RADS: Acc=0.0000, Prec=0.0000, Rec=0.0000, F1=0.0000, AUC=0.0000

========== Evaluation Summary (All Test Records) ==========

Dataset: TN3K
Eval epochs: [5, 10, 15, 20, 25, 30, 35, 40, 45, 50]
Dice per eval: [0.8514, 0.8582, 0.8609, 0.8673, 0.8715, 0.8686, 0.8766, 0.8831, 0.8802, 0.88]
HD95 per eval: [np.float64(14.8014), np.float64(13.9849), np.float64(13.3455), np.float64(13.2443), np.float64(12.9054), np.float64(14.1387), np.float64(12.4167), np.float64(11.1899), np.float64(12.1054), np.float64(11.8962)]
Best Dice: 0.8831 at epoch 40
Best HD95: 11.1899 at epoch 40

BM metrics per eval:
  Acc:  [np.float64(0.7068), np.float64(0.6922), np.float64(0.7362), np.float64(0.7476), np.float64(0.6466), np.float64(0.7052), np.float64(0.7557), np.float64(0.7199), np.float64(0.7182), np.float64(0.7215)]
  Prec: [0.5843, 0.5689, 0.6434, 0.6373, 0.5248, 0.5873, 0.6581, 0.6135, 0.6047, 0.6125]
  Rec:  [0.822, 0.822, 0.7034, 0.7966, 0.8517, 0.7839, 0.7585, 0.7331, 0.7712, 0.75]
  F1:   [0.6831, 0.6724, 0.6721, 0.7081, 0.6494, 0.6715, 0.7047, 0.668, 0.6778, 0.6743]
  AUROC:[0.8016, 0.8009, 0.7975, 0.8213, 0.7847, 0.7937, 0.8121, 0.7952, 0.803, 0.801]
  AUPRC:[0.7133, 0.7259, 0.7284, 0.7517, 0.7239, 0.7325, 0.7435, 0.7337, 0.7423, 0.7363]
Best BM F1: 0.7081 at epoch 20

TI-RADS metrics per eval:
  Acc:  [0.0, 0.0, 0.0, 0.0, 0.0, 0.0, 0.0, 0.0, 0.0, 0.0]
  Prec: [0.0, 0.0, 0.0, 0.0, 0.0, 0.0, 0.0, 0.0, 0.0, 0.0]
  Rec:  [0.0, 0.0, 0.0, 0.0, 0.0, 0.0, 0.0, 0.0, 0.0, 0.0]
  F1:   [0.0, 0.0, 0.0, 0.0, 0.0, 0.0, 0.0, 0.0, 0.0, 0.0]
  AUC:  [0.0, 0.0, 0.0, 0.0, 0.0, 0.0, 0.0, 0.0, 0.0, 0.0]
Best TI-RADS F1: 0.0000 at epoch 5

Dataset: DDTI
Eval epochs: [5, 10, 15, 20, 25, 30, 35, 40, 45, 50]
Dice per eval: [0.7331, 0.7912, 0.7512, 0.7967, 0.779, 0.7902, 0.7831, 0.7945, 0.7905, 0.7923]
HD95 per eval: [np.float64(22.5785), np.float64(19.0616), np.float64(21.2215), np.float64(18.4665), np.float64(20.2314), np.float64(19.8494), np.float64(20.2138), np.float64(18.7157), np.float64(19.18), np.float64(19.0416)]
Best Dice: 0.7967 at epoch 20
Best HD95: 18.4665 at epoch 20

BM metrics per eval:
  Acc:  [0.0, 0.0, 0.0, 0.0, 0.0, 0.0, 0.0, 0.0, 0.0, 0.0]
  Prec: [0.0, 0.0, 0.0, 0.0, 0.0, 0.0, 0.0, 0.0, 0.0, 0.0]
  Rec:  [0.0, 0.0, 0.0, 0.0, 0.0, 0.0, 0.0, 0.0, 0.0, 0.0]
  F1:   [0.0, 0.0, 0.0, 0.0, 0.0, 0.0, 0.0, 0.0, 0.0, 0.0]
  AUROC:[0.0, 0.0, 0.0, 0.0, 0.0, 0.0, 0.0, 0.0, 0.0, 0.0]
  AUPRC:[0.0, 0.0, 0.0, 0.0, 0.0, 0.0, 0.0, 0.0, 0.0, 0.0]
Best BM F1: 0.0000 at epoch 5

TI-RADS metrics per eval:
  Acc:  [0.0, 0.0, 0.0, 0.0, 0.0, 0.0, 0.0, 0.0, 0.0, 0.0]
  Prec: [0.0, 0.0, 0.0, 0.0, 0.0, 0.0, 0.0, 0.0, 0.0, 0.0]
  Rec:  [0.0, 0.0, 0.0, 0.0, 0.0, 0.0, 0.0, 0.0, 0.0, 0.0]
  F1:   [0.0, 0.0, 0.0, 0.0, 0.0, 0.0, 0.0, 0.0, 0.0, 0.0]
  AUC:  [0.0, 0.0, 0.0, 0.0, 0.0, 0.0, 0.0, 0.0, 0.0, 0.0]
Best TI-RADS F1: 0.0000 at epoch 5

Dataset: ThyroidXL
Eval epochs: [5, 10, 15, 20, 25, 30, 35, 40, 45, 50]
Dice per eval: [0.863, 0.8678, 0.8705, 0.8749, 0.8787, 0.8819, 0.8844, 0.8854, 0.8861, 0.8861]
HD95 per eval: [np.float64(7.6921), np.float64(7.5586), np.float64(7.1728), np.float64(7.1841), np.float64(6.6122), np.float64(6.2158), np.float64(6.1184), np.float64(5.9018), np.float64(5.8666), np.float64(5.8621)]
Best Dice: 0.8861 at epoch 45
Best HD95: 5.8621 at epoch 50

BM metrics per eval:
  Acc:  [np.float64(0.8536), np.float64(0.8402), np.float64(0.8306), np.float64(0.8531), np.float64(0.8541), np.float64(0.8445), np.float64(0.8455), np.float64(0.8402), np.float64(0.8464), np.float64(0.844)]
  Prec: [0.8294, 0.8362, 0.8889, 0.853, 0.8322, 0.8652, 0.8714, 0.8965, 0.884, 0.8824]
  Rec:  [0.8619, 0.8155, 0.7258, 0.8258, 0.8588, 0.7876, 0.7825, 0.7412, 0.7701, 0.766]
  F1:   [0.8453, 0.8257, 0.7991, 0.8392, 0.8453, 0.8246, 0.8246, 0.8115, 0.8231, 0.8201]
  AUROC:[0.9236, 0.924, 0.9259, 0.932, 0.9305, 0.9337, 0.9357, 0.9335, 0.9323, 0.9317]
  AUPRC:[0.8997, 0.8999, 0.9057, 0.9114, 0.9143, 0.9151, 0.9208, 0.9172, 0.9128, 0.9114]
Best BM F1: 0.8453 at epoch 5

TI-RADS metrics per eval:
  Acc:  [0.0, 0.0, 0.0, 0.0, 0.0, 0.0, 0.0, 0.0, 0.0, 0.0]
  Prec: [0.0, 0.0, 0.0, 0.0, 0.0, 0.0, 0.0, 0.0, 0.0, 0.0]
  Rec:  [0.0, 0.0, 0.0, 0.0, 0.0, 0.0, 0.0, 0.0, 0.0, 0.0]
  F1:   [0.0, 0.0, 0.0, 0.0, 0.0, 0.0, 0.0, 0.0, 0.0, 0.0]
  AUC:  [0.0, 0.0, 0.0, 0.0, 0.0, 0.0, 0.0, 0.0, 0.0, 0.0]
Best TI-RADS F1: 0.0000 at epoch 5

Dataset: PKTN
Eval epochs: [5, 10, 15, 20, 25, 30, 35, 40, 45, 50]
Dice per eval: [0.7606, 0.7866, 0.7875, 0.794, 0.8022, 0.8089, 0.8179, 0.8159, 0.8182, 0.8187]
HD95 per eval: [np.float64(16.9974), np.float64(15.4795), np.float64(15.1818), np.float64(14.5141), np.float64(14.7531), np.float64(14.4617), np.float64(13.2914), np.float64(12.9593), np.float64(12.9215), np.float64(13.0535)]
Best Dice: 0.8187 at epoch 50
Best HD95: 12.9215 at epoch 45

BM metrics per eval:
  Acc:  [0.0, 0.0, 0.0, 0.0, 0.0, 0.0, 0.0, 0.0, 0.0, 0.0]
  Prec: [0.0, 0.0, 0.0, 0.0, 0.0, 0.0, 0.0, 0.0, 0.0, 0.0]
  Rec:  [0.0, 0.0, 0.0, 0.0, 0.0, 0.0, 0.0, 0.0, 0.0, 0.0]
  F1:   [0.0, 0.0, 0.0, 0.0, 0.0, 0.0, 0.0, 0.0, 0.0, 0.0]
  AUROC:[0.0, 0.0, 0.0, 0.0, 0.0, 0.0, 0.0, 0.0, 0.0, 0.0]
  AUPRC:[0.0, 0.0, 0.0, 0.0, 0.0, 0.0, 0.0, 0.0, 0.0, 0.0]
Best BM F1: 0.0000 at epoch 5

TI-RADS metrics per eval:
  Acc:  [0.0, 0.0, 0.0, 0.0, 0.0, 0.0, 0.0, 0.0, 0.0, 0.0]
  Prec: [0.0, 0.0, 0.0, 0.0, 0.0, 0.0, 0.0, 0.0, 0.0, 0.0]
  Rec:  [0.0, 0.0, 0.0, 0.0, 0.0, 0.0, 0.0, 0.0, 0.0, 0.0]
  F1:   [0.0, 0.0, 0.0, 0.0, 0.0, 0.0, 0.0, 0.0, 0.0, 0.0]
  AUC:  [0.0, 0.0, 0.0, 0.0, 0.0, 0.0, 0.0, 0.0, 0.0, 0.0]
Best TI-RADS F1: 0.0000 at epoch 5

Dataset: TN5K
Eval epochs: [5, 10, 15, 20, 25, 30, 35, 40, 45, 50]
Dice per eval: [0.8006, 0.8193, 0.8087, 0.8216, 0.8318, 0.8252, 0.8323, 0.8332, 0.8337, 0.8348]
HD95 per eval: [np.float64(12.1457), np.float64(10.89), np.float64(11.9744), np.float64(11.0291), np.float64(10.1227), np.float64(10.4109), np.float64(10.2105), np.float64(9.9687), np.float64(10.1379), np.float64(9.8497)]
Best Dice: 0.8348 at epoch 50
Best HD95: 9.8497 at epoch 50

BM metrics per eval:
  Acc:  [np.float64(0.849), np.float64(0.865), np.float64(0.874), np.float64(0.865), np.float64(0.878), np.float64(0.9), np.float64(0.888), np.float64(0.895), np.float64(0.907), np.float64(0.905)]
  Prec: [0.8494, 0.8625, 0.9255, 0.883, 0.8709, 0.9124, 0.9166, 0.9241, 0.9276, 0.9251]
  Rec:  [0.9644, 0.9699, 0.9001, 0.9398, 0.9781, 0.9549, 0.9316, 0.933, 0.9466, 0.9466]
  F1:   [0.9033, 0.9131, 0.9126, 0.9105, 0.9214, 0.9332, 0.924, 0.9285, 0.937, 0.9358]
  AUROC:[0.9137, 0.9211, 0.9344, 0.9267, 0.944, 0.9496, 0.9469, 0.9548, 0.9534, 0.9548]
  AUPRC:[0.9603, 0.967, 0.9738, 0.9701, 0.9781, 0.9804, 0.9774, 0.9818, 0.9806, 0.9812]
Best BM F1: 0.9370 at epoch 45

TI-RADS metrics per eval:
  Acc:  [0.0, 0.0, 0.0, 0.0, 0.0, 0.0, 0.0, 0.0, 0.0, 0.0]
  Prec: [0.0, 0.0, 0.0, 0.0, 0.0, 0.0, 0.0, 0.0, 0.0, 0.0]
  Rec:  [0.0, 0.0, 0.0, 0.0, 0.0, 0.0, 0.0, 0.0, 0.0, 0.0]
  F1:   [0.0, 0.0, 0.0, 0.0, 0.0, 0.0, 0.0, 0.0, 0.0, 0.0]
  AUC:  [0.0, 0.0, 0.0, 0.0, 0.0, 0.0, 0.0, 0.0, 0.0, 0.0]
Best TI-RADS F1: 0.0000 at epoch 5

==========================================================

========== Training Completed ==========
Training completed at Sat Dec 27 00:46:44 2025
