Training started at Sun May 10 14:02:17 2026
Method: dino_unet
Dataset: train_multitask_FTCPTC_FangDai
Epochs: 20
Target Key: FTCPTC
LR: 0.0001
Batch Size: 12
Image Size: 224 x 224
DINO pretrained: True
Use Dilation: False
First sample: filename=FTC/B_000103587_20130527_US_1_4.png, image=/mnt/wangbd8/workspace/DataSets/ThyroidAgent/Classifaction_Data/FangDai_Thyroid_Ultrasound_Images_cropped/FTC/B_000103587_20130527_US_1_4.png, mask=/mnt/wangbd8/workspace/DataSets/ThyroidAgent/Classifaction_Data/FangDai_Thyroid_Ultrasound_Images_cropped_predictions/FTC/B_000103587_20130527_US_1_4.png, target=1
Training set - FTCPTC: Negative=79 (49.69%), Positive=80 (50.31%), Missing=0
Auto-adjusted tau=0.30 (imbalance_ratio=1.01)
GLA parameters for FTCPTC: p_neg=0.4969, p_pos=0.5031, tau=0.30
Logit adjustment magnitude: 0.0038
Loss weights: seg=1.0, cls=1.0
GA-MTL schedule per optimizer step: ['seg', 'cls']
steps_per_epoch (optimizer steps): 6
Epoch:1: seg_loss(avg):1.3724, cls_loss(avg):0.6894
Epoch:2: seg_loss(avg):1.1714, cls_loss(avg):0.6002
Saved checkpoint at epoch 2

Validating epoch 2 on all test datasets...
Testing on FTCPTC_FangDai...
  FTCPTC_FangDai - Dice: 0.4735, HD95: 73.4574
  FTCPTC_FangDai - FTCPTC: Acc=0.8984, Prec=0.8614, Rec=0.9492, F1=0.9011, AUROC=0.9748, AUPRC=0.9741, ECE=0.2669
Epoch:3: seg_loss(avg):0.9494, cls_loss(avg):0.4392
Epoch:4: seg_loss(avg):0.8407, cls_loss(avg):0.2584
Saved checkpoint at epoch 4

Validating epoch 4 on all test datasets...
Testing on FTCPTC_FangDai...
  FTCPTC_FangDai - Dice: 0.6307, HD95: 38.4800
  FTCPTC_FangDai - FTCPTC: Acc=0.9494, Prec=0.9079, Rec=1.0000, F1=0.9506, AUROC=0.9949, AUPRC=0.9954, ECE=0.1432
Epoch:5: seg_loss(avg):0.7549, cls_loss(avg):0.2606
Epoch:6: seg_loss(avg):0.7496, cls_loss(avg):0.2427
Saved checkpoint at epoch 6

Validating epoch 6 on all test datasets...
Testing on FTCPTC_FangDai...
  FTCPTC_FangDai - Dice: 0.7415, HD95: 21.3102
  FTCPTC_FangDai - FTCPTC: Acc=0.8252, Prec=1.0000, Rec=0.6498, F1=0.7826, AUROC=0.9951, AUPRC=0.9952, ECE=0.1622
Epoch:7: seg_loss(avg):0.7113, cls_loss(avg):0.1851
Epoch:8: seg_loss(avg):0.6662, cls_loss(avg):0.0612
Saved checkpoint at epoch 8

Validating epoch 8 on all test datasets...
Testing on FTCPTC_FangDai...
  FTCPTC_FangDai - Dice: 0.7708, HD95: 18.1749
  FTCPTC_FangDai - FTCPTC: Acc=0.9751, Prec=0.9527, Rec=1.0000, F1=0.9752, AUROC=1.0000, AUPRC=1.0000, ECE=0.0410
Epoch:9: seg_loss(avg):0.6009, cls_loss(avg):0.0559
Epoch:10: seg_loss(avg):0.5726, cls_loss(avg):0.0539
Saved checkpoint at epoch 10

Validating epoch 10 on all test datasets...
Testing on FTCPTC_FangDai...
  FTCPTC_FangDai - Dice: 0.7996, HD95: 15.3740
  FTCPTC_FangDai - FTCPTC: Acc=1.0000, Prec=1.0000, Rec=1.0000, F1=1.0000, AUROC=1.0000, AUPRC=1.0000, ECE=0.0215
Epoch:11: seg_loss(avg):0.5215, cls_loss(avg):0.0387
Epoch:12: seg_loss(avg):0.5212, cls_loss(avg):0.0298
Saved checkpoint at epoch 12

Validating epoch 12 on all test datasets...
Testing on FTCPTC_FangDai...
  FTCPTC_FangDai - Dice: 0.8179, HD95: 16.4093
  FTCPTC_FangDai - FTCPTC: Acc=0.9751, Prec=0.9527, Rec=1.0000, F1=0.9752, AUROC=1.0000, AUPRC=1.0000, ECE=0.0272
Epoch:13: seg_loss(avg):0.4811, cls_loss(avg):0.0281
Epoch:14: seg_loss(avg):0.4891, cls_loss(avg):0.0242
Saved checkpoint at epoch 14

Validating epoch 14 on all test datasets...
Testing on FTCPTC_FangDai...
  FTCPTC_FangDai - Dice: 0.8202, HD95: 16.7930
  FTCPTC_FangDai - FTCPTC: Acc=0.9751, Prec=0.9527, Rec=1.0000, F1=0.9752, AUROC=1.0000, AUPRC=1.0000, ECE=0.0340
Epoch:15: seg_loss(avg):0.4916, cls_loss(avg):0.0263
Epoch:16: seg_loss(avg):0.4860, cls_loss(avg):0.0232
Saved checkpoint at epoch 16

Validating epoch 16 on all test datasets...
Testing on FTCPTC_FangDai...
  FTCPTC_FangDai - Dice: 0.8205, HD95: 16.4597
  FTCPTC_FangDai - FTCPTC: Acc=0.9751, Prec=0.9527, Rec=1.0000, F1=0.9752, AUROC=1.0000, AUPRC=1.0000, ECE=0.0284
Epoch:17: seg_loss(avg):0.4606, cls_loss(avg):0.0232
Epoch:18: seg_loss(avg):0.5042, cls_loss(avg):0.0213
Saved checkpoint at epoch 18

Validating epoch 18 on all test datasets...
Testing on FTCPTC_FangDai...
  FTCPTC_FangDai - Dice: 0.8216, HD95: 16.4463
  FTCPTC_FangDai - FTCPTC: Acc=0.9751, Prec=0.9527, Rec=1.0000, F1=0.9752, AUROC=1.0000, AUPRC=1.0000, ECE=0.0256
Epoch:19: seg_loss(avg):0.4695, cls_loss(avg):0.0246
Epoch:20: seg_loss(avg):0.4563, cls_loss(avg):0.0245
Saved checkpoint at epoch 20

Validating epoch 20 on all test datasets...
Testing on FTCPTC_FangDai...
  FTCPTC_FangDai - Dice: 0.8221, HD95: 16.4398
  FTCPTC_FangDai - FTCPTC: Acc=0.9751, Prec=0.9527, Rec=1.0000, F1=0.9752, AUROC=1.0000, AUPRC=1.0000, ECE=0.0251

========== Evaluation Summary (All Test Records) ==========


Dataset: FTCPTC_FangDai
Eval epochs: [2, 4, 6, 8, 10, 12, 14, 16, 18, 20]
Dice per eval: [0.47350001335144043, 0.6306999921798706, 0.7415000200271606, 0.770799994468689, 0.7996000051498413, 0.8179000020027161, 0.8202000260353088, 0.8205000162124634, 0.8216000199317932, 0.8220999836921692]
HD95 per eval: [73.4573974609375, 38.47999954223633, 21.310199737548828, 18.17490005493164, 15.37399959564209, 16.409299850463867, 16.792999267578125, 16.459699630737305, 16.446300506591797, 16.439800262451172]
Best Dice: 0.8221 at epoch 20
Best HD95: 15.3740 at epoch 10

FTCPTC metrics per eval:
  Acc:  [0.8984, 0.9494, 0.8252, 0.9751, 1.0, 0.9751, 0.9751, 0.9751, 0.9751, 0.9751]
  Prec: [0.8614, 0.9079, 1.0, 0.9527, 1.0, 0.9527, 0.9527, 0.9527, 0.9527, 0.9527]
  Rec:  [0.9492, 1.0, 0.6498, 1.0, 1.0, 1.0, 1.0, 1.0, 1.0, 1.0]
  F1:   [0.9011, 0.9506, 0.7826, 0.9752, 1.0, 0.9752, 0.9752, 0.9752, 0.9752, 0.9752]
  AUROC:[0.9748, 0.9949, 0.9951, 1.0, 1.0, 1.0, 1.0, 1.0, 1.0, 1.0]
  AUPRC:[0.9741, 0.9954, 0.9952, 1.0, 1.0, 1.0, 1.0, 1.0, 1.0, 1.0]
  ECE:  [0.2669, 0.1432, 0.1622, 0.041, 0.0215, 0.0272, 0.034, 0.0284, 0.0256, 0.0251]
Best FTCPTC F1: 1.0000 at epoch 10

==========================================================

========== Training Completed ==========
Training completed at Sun May 10 14:04:48 2026
