Training started at Sat Mar 14 17:29:17 2026
Method: dino_unet
Dataset: train_multitask_ThyroidXL
Epochs: 50
LR: 0.0001
Batch Size: 12
Image Size: 224 x 224
DINO pretrained: True
Use Dilation: False
Training set - Benign/Malignant: Benign=7028 (74.44%), Malignant=2413 (25.56%)
Auto-adjusted tau=1.00 (imbalance_ratio=2.91)
GLA parameters: p_benign=0.7444, p_malignant=0.2556, tau=1.00
Logit adjustment magnitude: 1.0690
Training set - TI-RADS distribution (1-5): [0, 0, 0, 0, 0]
TI-RADS probabilities: [0.20000000298023224, 0.20000000298023224, 0.20000000298023224, 0.20000000298023224, 0.20000000298023224]
Loss weights: seg=1.0, bm=1.0, tirads=1.0
GA-MTL schedule per optimizer step: ['seg', 'bm']
steps_per_epoch (optimizer steps): 393
Epoch:1: seg_loss(avg):0.5723, bm_loss(avg):0.7560, tirads_loss(avg):0.0000
Epoch:2: seg_loss(avg):0.4368, bm_loss(avg):0.5423, tirads_loss(avg):0.0000
Epoch:3: seg_loss(avg):0.4095, bm_loss(avg):0.4644, tirads_loss(avg):0.0000
Epoch:4: seg_loss(avg):0.3950, bm_loss(avg):0.4373, tirads_loss(avg):0.0000
Epoch:5: seg_loss(avg):0.3813, bm_loss(avg):0.4033, tirads_loss(avg):0.0000
Saved checkpoint at epoch 5
Epoch:6: seg_loss(avg):0.3755, bm_loss(avg):0.3929, tirads_loss(avg):0.0000
Epoch:7: seg_loss(avg):0.3703, bm_loss(avg):0.3480, tirads_loss(avg):0.0000
Epoch:8: seg_loss(avg):0.3668, bm_loss(avg):0.3439, tirads_loss(avg):0.0000
Epoch:9: seg_loss(avg):0.3619, bm_loss(avg):0.3054, tirads_loss(avg):0.0000
Epoch:10: seg_loss(avg):0.3588, bm_loss(avg):0.2913, tirads_loss(avg):0.0000
Saved checkpoint at epoch 10
Epoch:11: seg_loss(avg):0.3626, bm_loss(avg):0.2746, tirads_loss(avg):0.0000
Epoch:12: seg_loss(avg):0.3512, bm_loss(avg):0.2502, tirads_loss(avg):0.0000
Epoch:13: seg_loss(avg):0.3552, bm_loss(avg):0.2398, tirads_loss(avg):0.0000
Epoch:14: seg_loss(avg):0.3506, bm_loss(avg):0.2226, tirads_loss(avg):0.0000
Epoch:15: seg_loss(avg):0.3395, bm_loss(avg):0.2151, tirads_loss(avg):0.0000
Saved checkpoint at epoch 15
Epoch:16: seg_loss(avg):0.3421, bm_loss(avg):0.1859, tirads_loss(avg):0.0000
Epoch:17: seg_loss(avg):0.3364, bm_loss(avg):0.1823, tirads_loss(avg):0.0000
Epoch:18: seg_loss(avg):0.3327, bm_loss(avg):0.1589, tirads_loss(avg):0.0000
Epoch:19: seg_loss(avg):0.3312, bm_loss(avg):0.1419, tirads_loss(avg):0.0000
Epoch:20: seg_loss(avg):0.3325, bm_loss(avg):0.1250, tirads_loss(avg):0.0000
Saved checkpoint at epoch 20
Epoch:21: seg_loss(avg):0.3212, bm_loss(avg):0.1357, tirads_loss(avg):0.0000
Epoch:22: seg_loss(avg):0.3232, bm_loss(avg):0.1174, tirads_loss(avg):0.0000
Epoch:23: seg_loss(avg):0.3217, bm_loss(avg):0.1005, tirads_loss(avg):0.0000
Epoch:24: seg_loss(avg):0.3141, bm_loss(avg):0.1039, tirads_loss(avg):0.0000
Epoch:25: seg_loss(avg):0.3100, bm_loss(avg):0.0798, tirads_loss(avg):0.0000
Saved checkpoint at epoch 25
Epoch:26: seg_loss(avg):0.3061, bm_loss(avg):0.0822, tirads_loss(avg):0.0000
Epoch:27: seg_loss(avg):0.3083, bm_loss(avg):0.0741, tirads_loss(avg):0.0000
Epoch:28: seg_loss(avg):0.3047, bm_loss(avg):0.0593, tirads_loss(avg):0.0000
Epoch:29: seg_loss(avg):0.3011, bm_loss(avg):0.0602, tirads_loss(avg):0.0000
Epoch:30: seg_loss(avg):0.2965, bm_loss(avg):0.0585, tirads_loss(avg):0.0000
Saved checkpoint at epoch 30
Epoch:31: seg_loss(avg):0.2971, bm_loss(avg):0.0369, tirads_loss(avg):0.0000
Epoch:32: seg_loss(avg):0.2951, bm_loss(avg):0.0401, tirads_loss(avg):0.0000
Epoch:33: seg_loss(avg):0.2889, bm_loss(avg):0.0533, tirads_loss(avg):0.0000
Epoch:34: seg_loss(avg):0.2875, bm_loss(avg):0.0368, tirads_loss(avg):0.0000
Epoch:35: seg_loss(avg):0.2866, bm_loss(avg):0.0343, tirads_loss(avg):0.0000
Saved checkpoint at epoch 35
Epoch:36: seg_loss(avg):0.2793, bm_loss(avg):0.0378, tirads_loss(avg):0.0000
Epoch:37: seg_loss(avg):0.2791, bm_loss(avg):0.0289, tirads_loss(avg):0.0000
Epoch:38: seg_loss(avg):0.2798, bm_loss(avg):0.0215, tirads_loss(avg):0.0000
Epoch:39: seg_loss(avg):0.2733, bm_loss(avg):0.0225, tirads_loss(avg):0.0000
Epoch:40: seg_loss(avg):0.2712, bm_loss(avg):0.0177, tirads_loss(avg):0.0000
Saved checkpoint at epoch 40
Epoch:41: seg_loss(avg):0.2711, bm_loss(avg):0.0275, tirads_loss(avg):0.0000
Epoch:42: seg_loss(avg):0.2696, bm_loss(avg):0.0208, tirads_loss(avg):0.0000
Epoch:43: seg_loss(avg):0.2670, bm_loss(avg):0.0119, tirads_loss(avg):0.0000
Epoch:44: seg_loss(avg):0.2669, bm_loss(avg):0.0150, tirads_loss(avg):0.0000
Epoch:45: seg_loss(avg):0.2642, bm_loss(avg):0.0180, tirads_loss(avg):0.0000
Saved checkpoint at epoch 45
Epoch:46: seg_loss(avg):0.2619, bm_loss(avg):0.0175, tirads_loss(avg):0.0000
Epoch:47: seg_loss(avg):0.2614, bm_loss(avg):0.0196, tirads_loss(avg):0.0000
Epoch:48: seg_loss(avg):0.2628, bm_loss(avg):0.0170, tirads_loss(avg):0.0000
Epoch:49: seg_loss(avg):0.2606, bm_loss(avg):0.0217, tirads_loss(avg):0.0000
Epoch:50: seg_loss(avg):0.2623, bm_loss(avg):0.0130, tirads_loss(avg):0.0000
Saved checkpoint at epoch 50

Validating epoch 50 on all test datasets...
Testing on TN3K...
  TN3K - Dice: 0.7096, HD95: 21.5906
  TN3K - BM: Acc=0.9108, Prec=0.0000, Rec=0.0000, F1=0.0000, AUROC=0.0000, AUPRC=0.0000, ECE=0.0928
  TN3K - TI-RADS: Acc=0.0000, Prec=0.0000, Rec=0.0000, F1=0.0000, AUC=0.0000, ECE=0.0000
Testing on DDTI...
  DDTI - Dice: 0.7763, HD95: 14.9782
  DDTI - BM: Acc=0.0000, Prec=0.0000, Rec=0.0000, F1=0.0000, AUROC=0.0000, AUPRC=0.0000, ECE=0.0000
  DDTI - TI-RADS: Acc=0.0000, Prec=0.0000, Rec=0.0000, F1=0.0000, AUC=0.0000, ECE=0.0000
Testing on ThyroidXL...
  ThyroidXL - Dice: 0.8454, HD95: 5.9389
  ThyroidXL - BM: Acc=0.7310, Prec=0.8369, Rec=0.8031, F1=0.8186, AUROC=0.7425, AUPRC=0.8840, ECE=0.2645
  ThyroidXL - TI-RADS: Acc=0.0000, Prec=0.0000, Rec=0.0000, F1=0.0000, AUC=0.0000, ECE=0.0000
Testing on PKTN...
  PKTN - Dice: 0.7106, HD95: 15.5935
  PKTN - BM: Acc=0.0000, Prec=0.0000, Rec=0.0000, F1=0.0000, AUROC=0.0000, AUPRC=0.0000, ECE=0.0000
  PKTN - TI-RADS: Acc=0.0000, Prec=0.0000, Rec=0.0000, F1=0.0000, AUC=0.0000, ECE=0.0000
Testing on TN5K...
  TN5K - Dice: 0.5379, HD95: 21.3420
  TN5K - BM: Acc=0.7402, Prec=0.4710, Rec=0.7104, F1=0.5624, AUROC=0.7997, AUPRC=0.5380, ECE=0.2468
  TN5K - TI-RADS: Acc=0.0000, Prec=0.0000, Rec=0.0000, F1=0.0000, AUC=0.0000, ECE=0.0000
Testing on Cine-Clip...
  Cine-Clip - Dice: 0.6616, HD95: 21.5240
  Cine-Clip - BM: Acc=0.9606, Prec=0.0000, Rec=0.0000, F1=0.0000, AUROC=0.0000, AUPRC=0.0000, ECE=0.0555
  Cine-Clip - TI-RADS: Acc=0.3376, Prec=0.2738, Rec=0.3528, F1=0.1990, AUC=0.0000, ECE=0.0681

========== Evaluation Summary (All Test Records) ==========

Dataset: TN3K
Eval epochs: [50]
Dice per eval: [0.7095999717712402]
HD95 per eval: [21.590599060058594]
Best Dice: 0.7096 at epoch 50
Best HD95: 21.5906 at epoch 50

BM metrics per eval:
  Acc:  [0.9108]
  Prec: [0.0]
  Rec:  [0.0]
  F1:   [0.0]
  AUROC:[0.0]
  AUPRC:[0.0]
  ECE:  [0.0928]
Best BM F1: 0.0000 at epoch 50

TI-RADS metrics per eval:
  Acc:  [0.0]
  Prec: [0.0]
  Rec:  [0.0]
  F1:   [0.0]
  AUC:  [0.0]
  ECE:  [0.0]
Best TI-RADS F1: 0.0000 at epoch 50

Dataset: DDTI
Eval epochs: [50]
Dice per eval: [0.7763000130653381]
HD95 per eval: [14.97819995880127]
Best Dice: 0.7763 at epoch 50
Best HD95: 14.9782 at epoch 50

BM metrics per eval:
  Acc:  [0.0]
  Prec: [0.0]
  Rec:  [0.0]
  F1:   [0.0]
  AUROC:[0.0]
  AUPRC:[0.0]
  ECE:  [0.0]
Best BM F1: 0.0000 at epoch 50

TI-RADS metrics per eval:
  Acc:  [0.0]
  Prec: [0.0]
  Rec:  [0.0]
  F1:   [0.0]
  AUC:  [0.0]
  ECE:  [0.0]
Best TI-RADS F1: 0.0000 at epoch 50

Dataset: ThyroidXL
Eval epochs: [50]
Dice per eval: [0.8453999757766724]
HD95 per eval: [5.938899993896484]
Best Dice: 0.8454 at epoch 50
Best HD95: 5.9389 at epoch 50

BM metrics per eval:
  Acc:  [0.731]
  Prec: [0.8369]
  Rec:  [0.8031]
  F1:   [0.8186]
  AUROC:[0.7425]
  AUPRC:[0.884]
  ECE:  [0.2645]
Best BM F1: 0.8186 at epoch 50

TI-RADS metrics per eval:
  Acc:  [0.0]
  Prec: [0.0]
  Rec:  [0.0]
  F1:   [0.0]
  AUC:  [0.0]
  ECE:  [0.0]
Best TI-RADS F1: 0.0000 at epoch 50

Dataset: PKTN
Eval epochs: [50]
Dice per eval: [0.7106000185012817]
HD95 per eval: [15.593500137329102]
Best Dice: 0.7106 at epoch 50
Best HD95: 15.5935 at epoch 50

BM metrics per eval:
  Acc:  [0.0]
  Prec: [0.0]
  Rec:  [0.0]
  F1:   [0.0]
  AUROC:[0.0]
  AUPRC:[0.0]
  ECE:  [0.0]
Best BM F1: 0.0000 at epoch 50

TI-RADS metrics per eval:
  Acc:  [0.0]
  Prec: [0.0]
  Rec:  [0.0]
  F1:   [0.0]
  AUC:  [0.0]
  ECE:  [0.0]
Best TI-RADS F1: 0.0000 at epoch 50

Dataset: TN5K
Eval epochs: [50]
Dice per eval: [0.5378999710083008]
HD95 per eval: [21.341999053955078]
Best Dice: 0.5379 at epoch 50
Best HD95: 21.3420 at epoch 50

BM metrics per eval:
  Acc:  [0.7402]
  Prec: [0.471]
  Rec:  [0.7104]
  F1:   [0.5624]
  AUROC:[0.7997]
  AUPRC:[0.538]
  ECE:  [0.2468]
Best BM F1: 0.5624 at epoch 50

TI-RADS metrics per eval:
  Acc:  [0.0]
  Prec: [0.0]
  Rec:  [0.0]
  F1:   [0.0]
  AUC:  [0.0]
  ECE:  [0.0]
Best TI-RADS F1: 0.0000 at epoch 50

Dataset: Cine-Clip
Eval epochs: [50]
Dice per eval: [0.6615999937057495]
HD95 per eval: [21.52400016784668]
Best Dice: 0.6616 at epoch 50
Best HD95: 21.5240 at epoch 50

BM metrics per eval:
  Acc:  [0.9606]
  Prec: [0.0]
  Rec:  [0.0]
  F1:   [0.0]
  AUROC:[0.0]
  AUPRC:[0.0]
  ECE:  [0.0555]
Best BM F1: 0.0000 at epoch 50

TI-RADS metrics per eval:
  Acc:  [0.3376]
  Prec: [0.2738]
  Rec:  [0.3528]
  F1:   [0.199]
  AUC:  [0.0]
  ECE:  [0.0681]
Best TI-RADS F1: 0.1990 at epoch 50

==========================================================

========== Training Completed ==========
Training completed at Sat Mar 14 18:20:57 2026
