Training started at Thu May  7 18:22:43 2026
Method: dino_unet
Dataset: train_multitask_FTCPTC
Epochs: 20
Target Key: FTCPTC
LR: 0.0001
Batch Size: 12
Image Size: 224 x 224
DINO pretrained: True
Use Dilation: False
First sample: filename=2023/连月平/连月平_01_0001_0001.jpg, image=/mnt/wangbd8/workspace/DataSets/ThyroidAgent/Classifaction_Data/Malignant_ultrasound_images_cropped/2023/连月平/连月平_01_0001_0001.jpg, mask=/mnt/wangbd8/workspace/DataSets/ThyroidAgent/Classifaction_Data/Malignant_ultrasound_images_cropped_predictions/2023/连月平/连月平_01_0001_0001.png, target=0
Training set - FTCPTC: Negative=3000 (75.00%), Positive=1000 (25.00%), Missing=0
Auto-adjusted tau=1.00 (imbalance_ratio=3.00)
GLA parameters for FTCPTC: p_neg=0.7500, p_pos=0.2500, tau=1.00
Logit adjustment magnitude: 1.0986
Loss weights: seg=1.0, cls=1.0
GA-MTL schedule per optimizer step: ['seg', 'cls']
steps_per_epoch (optimizer steps): 166
Epoch:1: seg_loss(avg):0.8624, cls_loss(avg):0.8163
Epoch:2: seg_loss(avg):0.6430, cls_loss(avg):0.7967

Validating epoch 2 on all test datasets...
Testing on FTCPTC...
  FTCPTC - Dice: 0.7692, HD95: 13.0659
  FTCPTC - FTCPTC: Acc=0.6740, Prec=0.0000, Rec=0.0000, F1=0.0000, AUROC=0.4973, AUPRC=0.3437, ECE=0.0521
Epoch:3: seg_loss(avg):0.5743, cls_loss(avg):0.7860
Epoch:4: seg_loss(avg):0.5220, cls_loss(avg):0.7710

Validating epoch 4 on all test datasets...
Testing on FTCPTC...
  FTCPTC - Dice: 0.7953, HD95: 11.3354
  FTCPTC - FTCPTC: Acc=0.6740, Prec=0.0000, Rec=0.0000, F1=0.0000, AUROC=0.5540, AUPRC=0.3630, ECE=0.1159
Epoch:5: seg_loss(avg):0.4977, cls_loss(avg):0.7350
Saved checkpoint at epoch 5
Epoch:6: seg_loss(avg):0.4731, cls_loss(avg):0.6895

Validating epoch 6 on all test datasets...
Testing on FTCPTC...
  FTCPTC - Dice: 0.8364, HD95: 9.5936
  FTCPTC - FTCPTC: Acc=0.5942, Prec=0.2922, Rec=0.1724, F1=0.2163, AUROC=0.5123, AUPRC=0.3483, ECE=0.1640
Epoch:7: seg_loss(avg):0.4638, cls_loss(avg):0.6383
Epoch:8: seg_loss(avg):0.4394, cls_loss(avg):0.5284

Validating epoch 8 on all test datasets...
Testing on FTCPTC...
  FTCPTC - Dice: 0.8267, HD95: 10.5026
  FTCPTC - FTCPTC: Acc=0.6282, Prec=0.3838, Rec=0.2322, F1=0.2886, AUROC=0.5492, AUPRC=0.3575, ECE=0.2197
Epoch:9: seg_loss(avg):0.4287, cls_loss(avg):0.4584
Epoch:10: seg_loss(avg):0.4212, cls_loss(avg):0.4470
Saved checkpoint at epoch 10

Validating epoch 10 on all test datasets...
Testing on FTCPTC...
  FTCPTC - Dice: 0.8448, HD95: 9.0528
  FTCPTC - FTCPTC: Acc=0.6164, Prec=0.3451, Rec=0.1968, F1=0.2499, AUROC=0.5497, AUPRC=0.3478, ECE=0.2467
Epoch:11: seg_loss(avg):0.4027, cls_loss(avg):0.3495
Epoch:12: seg_loss(avg):0.3945, cls_loss(avg):0.2829

Validating epoch 12 on all test datasets...
Testing on FTCPTC...
  FTCPTC - Dice: 0.8552, HD95: 7.8359
  FTCPTC - FTCPTC: Acc=0.6377, Prec=0.3434, Rec=0.1223, F1=0.1797, AUROC=0.5174, AUPRC=0.3393, ECE=0.3022
Epoch:13: seg_loss(avg):0.3798, cls_loss(avg):0.2412
Epoch:14: seg_loss(avg):0.3730, cls_loss(avg):0.2161

Validating epoch 14 on all test datasets...
Testing on FTCPTC...
  FTCPTC - Dice: 0.8579, HD95: 7.8594
  FTCPTC - FTCPTC: Acc=0.6142, Prec=0.3443, Rec=0.2031, F1=0.2548, AUROC=0.5217, AUPRC=0.3492, ECE=0.3089
Epoch:15: seg_loss(avg):0.3586, cls_loss(avg):0.1739
Saved checkpoint at epoch 15
Epoch:16: seg_loss(avg):0.3544, cls_loss(avg):0.1423

Validating epoch 16 on all test datasets...
Testing on FTCPTC...
  FTCPTC - Dice: 0.8601, HD95: 8.1790
  FTCPTC - FTCPTC: Acc=0.6499, Prec=0.3843, Rec=0.1228, F1=0.1854, AUROC=0.5151, AUPRC=0.3414, ECE=0.3054
Epoch:17: seg_loss(avg):0.3493, cls_loss(avg):0.1149
Epoch:18: seg_loss(avg):0.3451, cls_loss(avg):0.1078

Validating epoch 18 on all test datasets...
Testing on FTCPTC...
  FTCPTC - Dice: 0.8579, HD95: 8.4690
  FTCPTC - FTCPTC: Acc=0.6438, Prec=0.3580, Rec=0.1165, F1=0.1751, AUROC=0.4963, AUPRC=0.3296, ECE=0.3113
Epoch:19: seg_loss(avg):0.3392, cls_loss(avg):0.1157
Epoch:20: seg_loss(avg):0.3446, cls_loss(avg):0.1058
Saved checkpoint at epoch 20

Validating epoch 20 on all test datasets...
Testing on FTCPTC...
  FTCPTC - Dice: 0.8586, HD95: 8.4055
  FTCPTC - FTCPTC: Acc=0.6323, Prec=0.3532, Rec=0.1538, F1=0.2136, AUROC=0.4966, AUPRC=0.3299, ECE=0.3239

========== Evaluation Summary (All Test Records) ==========


Dataset: FTCPTC
Eval epochs: [2, 4, 6, 8, 10, 12, 14, 16, 18, 20]
Dice per eval: [0.7692000269889832, 0.7953000068664551, 0.8363999724388123, 0.82669997215271, 0.8447999954223633, 0.8551999926567078, 0.8579000234603882, 0.8600999712944031, 0.8579000234603882, 0.8586000204086304]
HD95 per eval: [13.065899848937988, 11.335399627685547, 9.593600273132324, 10.502599716186523, 9.052800178527832, 7.835899829864502, 7.859399795532227, 8.178999900817871, 8.468999862670898, 8.405500411987305]
Best Dice: 0.8601 at epoch 16
Best HD95: 7.8359 at epoch 12

FTCPTC metrics per eval:
  Acc:  [0.674, 0.674, 0.5942, 0.6282, 0.6164, 0.6377, 0.6142, 0.6499, 0.6438, 0.6323]
  Prec: [0.0, 0.0, 0.2922, 0.3838, 0.3451, 0.3434, 0.3443, 0.3843, 0.358, 0.3532]
  Rec:  [0.0, 0.0, 0.1724, 0.2322, 0.1968, 0.1223, 0.2031, 0.1228, 0.1165, 0.1538]
  F1:   [0.0, 0.0, 0.2163, 0.2886, 0.2499, 0.1797, 0.2548, 0.1854, 0.1751, 0.2136]
  AUROC:[0.4973, 0.554, 0.5123, 0.5492, 0.5497, 0.5174, 0.5217, 0.5151, 0.4963, 0.4966]
  AUPRC:[0.3437, 0.363, 0.3483, 0.3575, 0.3478, 0.3393, 0.3492, 0.3414, 0.3296, 0.3299]
  ECE:  [0.0521, 0.1159, 0.164, 0.2197, 0.2467, 0.3022, 0.3089, 0.3054, 0.3113, 0.3239]
Best FTCPTC F1: 0.2886 at epoch 8

==========================================================

========== Training Completed ==========
Training completed at Thu May  7 18:31:55 2026
