Training started at Fri Dec 19 16:43:32 2025
Method: dino_unet
Dataset: train_multitask_dataset1
Epochs: 50
LR: 0.0001
Batch Size: 12
Training set - Benign/Malignant: Benign=2331 (49.25%), Malignant=2402 (50.75%)
Auto-adjusted tau=0.30 (imbalance_ratio=1.03)
GLA parameters: p_benign=0.4925, p_malignant=0.5075, tau=0.30
Logit adjustment magnitude: 0.0090
Training set - TI-RADS distribution: [0, 0, 0, 0, 0]
TI-RADS probabilities: [0.20000000298023224, 0.20000000298023224, 0.20000000298023224, 0.20000000298023224, 0.20000000298023224]
Loss weights: seg=1.0, bm=1.0, tirads=1.0
GA-MTL schedule per optimizer step: ['seg', 'bm']
steps_per_epoch (optimizer steps): 197
Epoch:1: seg_loss(avg):0.8281, bm_loss(avg):0.6290, tirads_loss(avg):0.0000
Epoch:2: seg_loss(avg):0.6434, bm_loss(avg):0.5156, tirads_loss(avg):0.0000
Epoch:3: seg_loss(avg):0.5994, bm_loss(avg):0.4084, tirads_loss(avg):0.0000
Epoch:4: seg_loss(avg):0.5660, bm_loss(avg):0.4093, tirads_loss(avg):0.0000
Epoch:5: seg_loss(avg):0.5408, bm_loss(avg):0.3638, tirads_loss(avg):0.0000
Saved checkpoint at epoch 5

Validating epoch 5 on all test datasets...
Testing on TN3K...
  TN3K - Dice: 0.8514, HD95: 15.3887
  TN3K - BM: Acc=0.7264, Prec=0.7931, Rec=0.3898, F1=0.5227, AUROC=0.7656, AUPRC=0.6953
  TN3K - TI-RADS: Acc=0.0000, Prec=0.0000, Rec=0.0000, F1=0.0000, AUC=0.0000
Testing on DDTI...
  DDTI - Dice: 0.7282, HD95: 30.2412
  DDTI - BM: Acc=0.0000, Prec=0.0000, Rec=0.0000, F1=0.0000, AUROC=0.0000, AUPRC=0.0000
  DDTI - TI-RADS: Acc=0.0000, Prec=0.0000, Rec=0.0000, F1=0.0000, AUC=0.0000
Testing on ThyroidXL...
  ThyroidXL - Dice: 0.8243, HD95: 12.8538
  ThyroidXL - BM: Acc=0.7976, Prec=0.8036, Rec=0.7464, F1=0.7739, AUROC=0.8806, AUPRC=0.8420
  ThyroidXL - TI-RADS: Acc=0.0000, Prec=0.0000, Rec=0.0000, F1=0.0000, AUC=0.0000
Testing on PKTN...
  PKTN - Dice: 0.7390, HD95: 20.9022
  PKTN - BM: Acc=0.0000, Prec=0.0000, Rec=0.0000, F1=0.0000, AUROC=0.0000, AUPRC=0.0000
  PKTN - TI-RADS: Acc=0.0000, Prec=0.0000, Rec=0.0000, F1=0.0000, AUC=0.0000
Testing on TN5K...
  TN5K - Dice: 0.7322, HD95: 18.0065
  TN5K - BM: Acc=0.5840, Prec=0.9412, Rec=0.4596, F1=0.6176, AUROC=0.7812, AUPRC=0.9100
  TN5K - TI-RADS: Acc=0.0000, Prec=0.0000, Rec=0.0000, F1=0.0000, AUC=0.0000
Epoch:6: seg_loss(avg):0.5433, bm_loss(avg):0.3479, tirads_loss(avg):0.0000
Epoch:7: seg_loss(avg):0.5234, bm_loss(avg):0.3201, tirads_loss(avg):0.0000
Epoch:8: seg_loss(avg):0.5097, bm_loss(avg):0.3059, tirads_loss(avg):0.0000
Epoch:9: seg_loss(avg):0.5184, bm_loss(avg):0.2939, tirads_loss(avg):0.0000
Epoch:10: seg_loss(avg):0.4891, bm_loss(avg):0.2642, tirads_loss(avg):0.0000
Saved checkpoint at epoch 10

Validating epoch 10 on all test datasets...
Testing on TN3K...
  TN3K - Dice: 0.8548, HD95: 13.8999
  TN3K - BM: Acc=0.7003, Prec=0.5778, Rec=0.8178, F1=0.6772, AUROC=0.8139, AUPRC=0.7390
  TN3K - TI-RADS: Acc=0.0000, Prec=0.0000, Rec=0.0000, F1=0.0000, AUC=0.0000
Testing on DDTI...
  DDTI - Dice: 0.7562, HD95: 24.5968
  DDTI - BM: Acc=0.0000, Prec=0.0000, Rec=0.0000, F1=0.0000, AUROC=0.0000, AUPRC=0.0000
  DDTI - TI-RADS: Acc=0.0000, Prec=0.0000, Rec=0.0000, F1=0.0000, AUC=0.0000
Testing on ThyroidXL...
  ThyroidXL - Dice: 0.8421, HD95: 10.6950
  ThyroidXL - BM: Acc=0.7000, Prec=0.6093, Rec=0.9856, F1=0.7531, AUROC=0.8941, AUPRC=0.8582
  ThyroidXL - TI-RADS: Acc=0.0000, Prec=0.0000, Rec=0.0000, F1=0.0000, AUC=0.0000
Testing on PKTN...
  PKTN - Dice: 0.7583, HD95: 18.2659
  PKTN - BM: Acc=0.0000, Prec=0.0000, Rec=0.0000, F1=0.0000, AUROC=0.0000, AUPRC=0.0000
  PKTN - TI-RADS: Acc=0.0000, Prec=0.0000, Rec=0.0000, F1=0.0000, AUC=0.0000
Testing on TN5K...
  TN5K - Dice: 0.7400, HD95: 17.4909
  TN5K - BM: Acc=0.8020, Prec=0.8530, Rec=0.8810, F1=0.8668, AUROC=0.8413, AUPRC=0.9307
  TN5K - TI-RADS: Acc=0.0000, Prec=0.0000, Rec=0.0000, F1=0.0000, AUC=0.0000
Epoch:11: seg_loss(avg):0.4905, bm_loss(avg):0.2428, tirads_loss(avg):0.0000
Epoch:12: seg_loss(avg):0.4826, bm_loss(avg):0.2552, tirads_loss(avg):0.0000
Epoch:13: seg_loss(avg):0.4786, bm_loss(avg):0.1895, tirads_loss(avg):0.0000
Epoch:14: seg_loss(avg):0.4709, bm_loss(avg):0.2099, tirads_loss(avg):0.0000
Epoch:15: seg_loss(avg):0.4652, bm_loss(avg):0.1889, tirads_loss(avg):0.0000
Saved checkpoint at epoch 15

Validating epoch 15 on all test datasets...
Testing on TN3K...
  TN3K - Dice: 0.8582, HD95: 14.6440
  TN3K - BM: Acc=0.7231, Prec=0.6500, Rec=0.6059, F1=0.6272, AUROC=0.7827, AUPRC=0.6829
  TN3K - TI-RADS: Acc=0.0000, Prec=0.0000, Rec=0.0000, F1=0.0000, AUC=0.0000
Testing on DDTI...
  DDTI - Dice: 0.7484, HD95: 26.2227
  DDTI - BM: Acc=0.0000, Prec=0.0000, Rec=0.0000, F1=0.0000, AUROC=0.0000, AUPRC=0.0000
  DDTI - TI-RADS: Acc=0.0000, Prec=0.0000, Rec=0.0000, F1=0.0000, AUC=0.0000
Testing on ThyroidXL...
  ThyroidXL - Dice: 0.8369, HD95: 11.6396
  ThyroidXL - BM: Acc=0.8067, Prec=0.7711, Rec=0.8299, F1=0.7994, AUROC=0.8829, AUPRC=0.8535
  ThyroidXL - TI-RADS: Acc=0.0000, Prec=0.0000, Rec=0.0000, F1=0.0000, AUC=0.0000
Testing on PKTN...
  PKTN - Dice: 0.7775, HD95: 18.2311
  PKTN - BM: Acc=0.0000, Prec=0.0000, Rec=0.0000, F1=0.0000, AUROC=0.0000, AUPRC=0.0000
  PKTN - TI-RADS: Acc=0.0000, Prec=0.0000, Rec=0.0000, F1=0.0000, AUC=0.0000
Testing on TN5K...
  TN5K - Dice: 0.7418, HD95: 18.7713
  TN5K - BM: Acc=0.7780, Prec=0.8850, Rec=0.8003, F1=0.8405, AUROC=0.8336, AUPRC=0.9204
  TN5K - TI-RADS: Acc=0.0000, Prec=0.0000, Rec=0.0000, F1=0.0000, AUC=0.0000
Epoch:16: seg_loss(avg):0.4547, bm_loss(avg):0.1830, tirads_loss(avg):0.0000
Epoch:17: seg_loss(avg):0.4466, bm_loss(avg):0.1507, tirads_loss(avg):0.0000
Epoch:18: seg_loss(avg):0.4405, bm_loss(avg):0.1469, tirads_loss(avg):0.0000
Epoch:19: seg_loss(avg):0.4459, bm_loss(avg):0.1399, tirads_loss(avg):0.0000
Epoch:20: seg_loss(avg):0.4358, bm_loss(avg):0.1273, tirads_loss(avg):0.0000
Saved checkpoint at epoch 20

Validating epoch 20 on all test datasets...
Testing on TN3K...
  TN3K - Dice: 0.8783, HD95: 11.6904
  TN3K - BM: Acc=0.6971, Prec=0.5839, Rec=0.7373, F1=0.6517, AUROC=0.7933, AUPRC=0.7066
  TN3K - TI-RADS: Acc=0.0000, Prec=0.0000, Rec=0.0000, F1=0.0000, AUC=0.0000
Testing on DDTI...
  DDTI - Dice: 0.8004, HD95: 20.9138
  DDTI - BM: Acc=0.0000, Prec=0.0000, Rec=0.0000, F1=0.0000, AUROC=0.0000, AUPRC=0.0000
  DDTI - TI-RADS: Acc=0.0000, Prec=0.0000, Rec=0.0000, F1=0.0000, AUC=0.0000
Testing on ThyroidXL...
  ThyroidXL - Dice: 0.8439, HD95: 9.2381
  ThyroidXL - BM: Acc=0.7641, Prec=0.6803, Rec=0.9278, F1=0.7850, AUROC=0.8786, AUPRC=0.8336
  ThyroidXL - TI-RADS: Acc=0.0000, Prec=0.0000, Rec=0.0000, F1=0.0000, AUC=0.0000
Testing on PKTN...
  PKTN - Dice: 0.7786, HD95: 16.9789
  PKTN - BM: Acc=0.0000, Prec=0.0000, Rec=0.0000, F1=0.0000, AUROC=0.0000, AUPRC=0.0000
  PKTN - TI-RADS: Acc=0.0000, Prec=0.0000, Rec=0.0000, F1=0.0000, AUC=0.0000
Testing on TN5K...
  TN5K - Dice: 0.7759, HD95: 14.2180
  TN5K - BM: Acc=0.7470, Prec=0.8893, Rec=0.7469, F1=0.8119, AUROC=0.8092, AUPRC=0.9193
  TN5K - TI-RADS: Acc=0.0000, Prec=0.0000, Rec=0.0000, F1=0.0000, AUC=0.0000
Epoch:21: seg_loss(avg):0.4252, bm_loss(avg):0.1321, tirads_loss(avg):0.0000
Epoch:22: seg_loss(avg):0.4104, bm_loss(avg):0.0947, tirads_loss(avg):0.0000
Epoch:23: seg_loss(avg):0.4158, bm_loss(avg):0.1014, tirads_loss(avg):0.0000
Epoch:24: seg_loss(avg):0.4126, bm_loss(avg):0.0736, tirads_loss(avg):0.0000
Epoch:25: seg_loss(avg):0.4003, bm_loss(avg):0.0791, tirads_loss(avg):0.0000
Saved checkpoint at epoch 25

Validating epoch 25 on all test datasets...
Testing on TN3K...
  TN3K - Dice: 0.8740, HD95: 11.9488
  TN3K - BM: Acc=0.7117, Prec=0.5937, Rec=0.7924, F1=0.6788, AUROC=0.7980, AUPRC=0.7197
  TN3K - TI-RADS: Acc=0.0000, Prec=0.0000, Rec=0.0000, F1=0.0000, AUC=0.0000
Testing on DDTI...
  DDTI - Dice: 0.7992, HD95: 19.8993
  DDTI - BM: Acc=0.0000, Prec=0.0000, Rec=0.0000, F1=0.0000, AUROC=0.0000, AUPRC=0.0000
  DDTI - TI-RADS: Acc=0.0000, Prec=0.0000, Rec=0.0000, F1=0.0000, AUC=0.0000
Testing on ThyroidXL...
  ThyroidXL - Dice: 0.8433, HD95: 9.7937
  ThyroidXL - BM: Acc=0.7187, Prec=0.6284, Rec=0.9639, F1=0.7608, AUROC=0.8726, AUPRC=0.8323
  ThyroidXL - TI-RADS: Acc=0.0000, Prec=0.0000, Rec=0.0000, F1=0.0000, AUC=0.0000
Testing on PKTN...
  PKTN - Dice: 0.7971, HD95: 15.4808
  PKTN - BM: Acc=0.0000, Prec=0.0000, Rec=0.0000, F1=0.0000, AUROC=0.0000, AUPRC=0.0000
  PKTN - TI-RADS: Acc=0.0000, Prec=0.0000, Rec=0.0000, F1=0.0000, AUC=0.0000
Testing on TN5K...
  TN5K - Dice: 0.7805, HD95: 15.3179
  TN5K - BM: Acc=0.7320, Prec=0.8728, Rec=0.7415, F1=0.8018, AUROC=0.7858, AUPRC=0.9090
  TN5K - TI-RADS: Acc=0.0000, Prec=0.0000, Rec=0.0000, F1=0.0000, AUC=0.0000
Epoch:26: seg_loss(avg):0.3980, bm_loss(avg):0.0820, tirads_loss(avg):0.0000
Epoch:27: seg_loss(avg):0.3944, bm_loss(avg):0.0611, tirads_loss(avg):0.0000
Epoch:28: seg_loss(avg):0.3820, bm_loss(avg):0.0485, tirads_loss(avg):0.0000
Epoch:29: seg_loss(avg):0.3724, bm_loss(avg):0.0573, tirads_loss(avg):0.0000
Epoch:30: seg_loss(avg):0.3694, bm_loss(avg):0.0422, tirads_loss(avg):0.0000
Saved checkpoint at epoch 30

Validating epoch 30 on all test datasets...
Testing on TN3K...
  TN3K - Dice: 0.8775, HD95: 11.6902
  TN3K - BM: Acc=0.7313, Prec=0.6511, Rec=0.6483, F1=0.6497, AUROC=0.7780, AUPRC=0.7008
  TN3K - TI-RADS: Acc=0.0000, Prec=0.0000, Rec=0.0000, F1=0.0000, AUC=0.0000
Testing on DDTI...
  DDTI - Dice: 0.7985, HD95: 19.8152
  DDTI - BM: Acc=0.0000, Prec=0.0000, Rec=0.0000, F1=0.0000, AUROC=0.0000, AUPRC=0.0000
  DDTI - TI-RADS: Acc=0.0000, Prec=0.0000, Rec=0.0000, F1=0.0000, AUC=0.0000
Testing on ThyroidXL...
  ThyroidXL - Dice: 0.8393, HD95: 9.7002
  ThyroidXL - BM: Acc=0.7880, Prec=0.7297, Rec=0.8629, F1=0.7907, AUROC=0.8733, AUPRC=0.8390
  ThyroidXL - TI-RADS: Acc=0.0000, Prec=0.0000, Rec=0.0000, F1=0.0000, AUC=0.0000
Testing on PKTN...
  PKTN - Dice: 0.7957, HD95: 14.5190
  PKTN - BM: Acc=0.0000, Prec=0.0000, Rec=0.0000, F1=0.0000, AUROC=0.0000, AUPRC=0.0000
  PKTN - TI-RADS: Acc=0.0000, Prec=0.0000, Rec=0.0000, F1=0.0000, AUC=0.0000
Testing on TN5K...
  TN5K - Dice: 0.7826, HD95: 13.4093
  TN5K - BM: Acc=0.7570, Prec=0.9067, Rec=0.7442, F1=0.8174, AUROC=0.8396, AUPRC=0.9253
  TN5K - TI-RADS: Acc=0.0000, Prec=0.0000, Rec=0.0000, F1=0.0000, AUC=0.0000
Epoch:31: seg_loss(avg):0.3679, bm_loss(avg):0.0317, tirads_loss(avg):0.0000
Epoch:32: seg_loss(avg):0.3673, bm_loss(avg):0.0348, tirads_loss(avg):0.0000
Epoch:33: seg_loss(avg):0.3658, bm_loss(avg):0.0510, tirads_loss(avg):0.0000
Epoch:34: seg_loss(avg):0.3614, bm_loss(avg):0.0386, tirads_loss(avg):0.0000
Epoch:35: seg_loss(avg):0.3521, bm_loss(avg):0.0321, tirads_loss(avg):0.0000
Saved checkpoint at epoch 35

Validating epoch 35 on all test datasets...
Testing on TN3K...
  TN3K - Dice: 0.8833, HD95: 10.4638
  TN3K - BM: Acc=0.6987, Prec=0.5789, Rec=0.7924, F1=0.6691, AUROC=0.7859, AUPRC=0.6919
  TN3K - TI-RADS: Acc=0.0000, Prec=0.0000, Rec=0.0000, F1=0.0000, AUC=0.0000
Testing on DDTI...
  DDTI - Dice: 0.7900, HD95: 20.7220
  DDTI - BM: Acc=0.0000, Prec=0.0000, Rec=0.0000, F1=0.0000, AUROC=0.0000, AUPRC=0.0000
  DDTI - TI-RADS: Acc=0.0000, Prec=0.0000, Rec=0.0000, F1=0.0000, AUC=0.0000
Testing on ThyroidXL...
  ThyroidXL - Dice: 0.8467, HD95: 9.1722
  ThyroidXL - BM: Acc=0.7694, Prec=0.6837, Rec=0.9361, F1=0.7903, AUROC=0.8849, AUPRC=0.8519
  ThyroidXL - TI-RADS: Acc=0.0000, Prec=0.0000, Rec=0.0000, F1=0.0000, AUC=0.0000
Testing on PKTN...
  PKTN - Dice: 0.8040, HD95: 14.0288
  PKTN - BM: Acc=0.0000, Prec=0.0000, Rec=0.0000, F1=0.0000, AUROC=0.0000, AUPRC=0.0000
  PKTN - TI-RADS: Acc=0.0000, Prec=0.0000, Rec=0.0000, F1=0.0000, AUC=0.0000
Testing on TN5K...
  TN5K - Dice: 0.7814, HD95: 14.1420
  TN5K - BM: Acc=0.7620, Prec=0.8858, Rec=0.7743, F1=0.8263, AUROC=0.8228, AUPRC=0.9191
  TN5K - TI-RADS: Acc=0.0000, Prec=0.0000, Rec=0.0000, F1=0.0000, AUC=0.0000
Epoch:36: seg_loss(avg):0.3467, bm_loss(avg):0.0301, tirads_loss(avg):0.0000
Epoch:37: seg_loss(avg):0.3405, bm_loss(avg):0.0115, tirads_loss(avg):0.0000
Epoch:38: seg_loss(avg):0.3398, bm_loss(avg):0.0195, tirads_loss(avg):0.0000
Epoch:39: seg_loss(avg):0.3264, bm_loss(avg):0.0236, tirads_loss(avg):0.0000
Epoch:40: seg_loss(avg):0.3303, bm_loss(avg):0.0271, tirads_loss(avg):0.0000
Saved checkpoint at epoch 40

Validating epoch 40 on all test datasets...
Testing on TN3K...
  TN3K - Dice: 0.8822, HD95: 11.1199
  TN3K - BM: Acc=0.7117, Prec=0.6028, Rec=0.7331, F1=0.6616, AUROC=0.7854, AUPRC=0.6943
  TN3K - TI-RADS: Acc=0.0000, Prec=0.0000, Rec=0.0000, F1=0.0000, AUC=0.0000
Testing on DDTI...
  DDTI - Dice: 0.7906, HD95: 20.6025
  DDTI - BM: Acc=0.0000, Prec=0.0000, Rec=0.0000, F1=0.0000, AUROC=0.0000, AUPRC=0.0000
  DDTI - TI-RADS: Acc=0.0000, Prec=0.0000, Rec=0.0000, F1=0.0000, AUC=0.0000
Testing on ThyroidXL...
  ThyroidXL - Dice: 0.8424, HD95: 9.2176
  ThyroidXL - BM: Acc=0.7804, Prec=0.7001, Rec=0.9216, F1=0.7957, AUROC=0.8814, AUPRC=0.8415
  ThyroidXL - TI-RADS: Acc=0.0000, Prec=0.0000, Rec=0.0000, F1=0.0000, AUC=0.0000
Testing on PKTN...
  PKTN - Dice: 0.8052, HD95: 13.8163
  PKTN - BM: Acc=0.0000, Prec=0.0000, Rec=0.0000, F1=0.0000, AUROC=0.0000, AUPRC=0.0000
  PKTN - TI-RADS: Acc=0.0000, Prec=0.0000, Rec=0.0000, F1=0.0000, AUC=0.0000
Testing on TN5K...
  TN5K - Dice: 0.7903, HD95: 13.5984
  TN5K - BM: Acc=0.7670, Prec=0.8952, Rec=0.7715, F1=0.8288, AUROC=0.8251, AUPRC=0.9176
  TN5K - TI-RADS: Acc=0.0000, Prec=0.0000, Rec=0.0000, F1=0.0000, AUC=0.0000
Epoch:41: seg_loss(avg):0.3247, bm_loss(avg):0.0221, tirads_loss(avg):0.0000
Epoch:42: seg_loss(avg):0.3242, bm_loss(avg):0.0255, tirads_loss(avg):0.0000
Epoch:43: seg_loss(avg):0.3166, bm_loss(avg):0.0229, tirads_loss(avg):0.0000
Epoch:44: seg_loss(avg):0.3207, bm_loss(avg):0.0159, tirads_loss(avg):0.0000
Epoch:45: seg_loss(avg):0.3205, bm_loss(avg):0.0162, tirads_loss(avg):0.0000
Saved checkpoint at epoch 45

Validating epoch 45 on all test datasets...
Testing on TN3K...
  TN3K - Dice: 0.8824, HD95: 10.8315
  TN3K - BM: Acc=0.7150, Prec=0.6078, Rec=0.7288, F1=0.6628, AUROC=0.7845, AUPRC=0.6863
  TN3K - TI-RADS: Acc=0.0000, Prec=0.0000, Rec=0.0000, F1=0.0000, AUC=0.0000
Testing on DDTI...
  DDTI - Dice: 0.7905, HD95: 20.2797
  DDTI - BM: Acc=0.0000, Prec=0.0000, Rec=0.0000, F1=0.0000, AUROC=0.0000, AUPRC=0.0000
  DDTI - TI-RADS: Acc=0.0000, Prec=0.0000, Rec=0.0000, F1=0.0000, AUC=0.0000
Testing on ThyroidXL...
  ThyroidXL - Dice: 0.8443, HD95: 9.0329
  ThyroidXL - BM: Acc=0.7770, Prec=0.6963, Rec=0.9216, F1=0.7933, AUROC=0.8790, AUPRC=0.8378
  ThyroidXL - TI-RADS: Acc=0.0000, Prec=0.0000, Rec=0.0000, F1=0.0000, AUC=0.0000
Testing on PKTN...
  PKTN - Dice: 0.8083, HD95: 13.5279
  PKTN - BM: Acc=0.0000, Prec=0.0000, Rec=0.0000, F1=0.0000, AUROC=0.0000, AUPRC=0.0000
  PKTN - TI-RADS: Acc=0.0000, Prec=0.0000, Rec=0.0000, F1=0.0000, AUC=0.0000
Testing on TN5K...
  TN5K - Dice: 0.7928, HD95: 13.2963
  TN5K - BM: Acc=0.7550, Prec=0.8984, Rec=0.7497, F1=0.8173, AUROC=0.8187, AUPRC=0.9164
  TN5K - TI-RADS: Acc=0.0000, Prec=0.0000, Rec=0.0000, F1=0.0000, AUC=0.0000
Epoch:46: seg_loss(avg):0.3191, bm_loss(avg):0.0230, tirads_loss(avg):0.0000
Epoch:47: seg_loss(avg):0.3129, bm_loss(avg):0.0119, tirads_loss(avg):0.0000
Epoch:48: seg_loss(avg):0.3116, bm_loss(avg):0.0241, tirads_loss(avg):0.0000
Epoch:49: seg_loss(avg):0.3167, bm_loss(avg):0.0179, tirads_loss(avg):0.0000
Epoch:50: seg_loss(avg):0.3140, bm_loss(avg):0.0198, tirads_loss(avg):0.0000
Saved checkpoint at epoch 50

Validating epoch 50 on all test datasets...
Testing on TN3K...
  TN3K - Dice: 0.8823, HD95: 10.7072
  TN3K - BM: Acc=0.7003, Prec=0.5867, Rec=0.7458, F1=0.6567, AUROC=0.7847, AUPRC=0.6796
  TN3K - TI-RADS: Acc=0.0000, Prec=0.0000, Rec=0.0000, F1=0.0000, AUC=0.0000
Testing on DDTI...
  DDTI - Dice: 0.7913, HD95: 20.3712
  DDTI - BM: Acc=0.0000, Prec=0.0000, Rec=0.0000, F1=0.0000, AUROC=0.0000, AUPRC=0.0000
  DDTI - TI-RADS: Acc=0.0000, Prec=0.0000, Rec=0.0000, F1=0.0000, AUC=0.0000
Testing on ThyroidXL...
  ThyroidXL - Dice: 0.8436, HD95: 9.1310
  ThyroidXL - BM: Acc=0.7718, Prec=0.6872, Rec=0.9330, F1=0.7914, AUROC=0.8790, AUPRC=0.8382
  ThyroidXL - TI-RADS: Acc=0.0000, Prec=0.0000, Rec=0.0000, F1=0.0000, AUC=0.0000
Testing on PKTN...
  PKTN - Dice: 0.8071, HD95: 13.6684
  PKTN - BM: Acc=0.0000, Prec=0.0000, Rec=0.0000, F1=0.0000, AUROC=0.0000, AUPRC=0.0000
  PKTN - TI-RADS: Acc=0.0000, Prec=0.0000, Rec=0.0000, F1=0.0000, AUC=0.0000
Testing on TN5K...
  TN5K - Dice: 0.7925, HD95: 13.4379
  TN5K - BM: Acc=0.7600, Prec=0.8903, Rec=0.7661, F1=0.8235, AUROC=0.8170, AUPRC=0.9149
  TN5K - TI-RADS: Acc=0.0000, Prec=0.0000, Rec=0.0000, F1=0.0000, AUC=0.0000

========== Evaluation Summary (All Test Records) ==========

Dataset: TN3K
Eval epochs: [5, 10, 15, 20, 25, 30, 35, 40, 45, 50]
Dice per eval: [0.8514, 0.8548, 0.8582, 0.8783, 0.874, 0.8775, 0.8833, 0.8822, 0.8824, 0.8823]
HD95 per eval: [15.3887, 13.8999, 14.644, 11.6904, 11.9488, 11.6902, 10.4638, 11.1199, 10.8315, 10.7072]
Best Dice: 0.8833 at epoch 35
Best HD95: 10.4638 at epoch 35

BM metrics per eval:
  Acc:  [0.7264, 0.7003, 0.7231, 0.6971, 0.7117, 0.7313, 0.6987, 0.7117, 0.715, 0.7003]
  Prec: [0.7931, 0.5778, 0.65, 0.5839, 0.5937, 0.6511, 0.5789, 0.6028, 0.6078, 0.5867]
  Rec:  [0.3898, 0.8178, 0.6059, 0.7373, 0.7924, 0.6483, 0.7924, 0.7331, 0.7288, 0.7458]
  F1:   [0.5227, 0.6772, 0.6272, 0.6517, 0.6788, 0.6497, 0.6691, 0.6616, 0.6628, 0.6567]
  AUROC:[0.7656, 0.8139, 0.7827, 0.7933, 0.798, 0.778, 0.7859, 0.7854, 0.7845, 0.7847]
  AUPRC:[0.6953, 0.739, 0.6829, 0.7066, 0.7197, 0.7008, 0.6919, 0.6943, 0.6863, 0.6796]
Best BM F1: 0.6788 at epoch 25

TI-RADS metrics per eval:
  Acc:  [0.0, 0.0, 0.0, 0.0, 0.0, 0.0, 0.0, 0.0, 0.0, 0.0]
  Prec: [0.0, 0.0, 0.0, 0.0, 0.0, 0.0, 0.0, 0.0, 0.0, 0.0]
  Rec:  [0.0, 0.0, 0.0, 0.0, 0.0, 0.0, 0.0, 0.0, 0.0, 0.0]
  F1:   [0.0, 0.0, 0.0, 0.0, 0.0, 0.0, 0.0, 0.0, 0.0, 0.0]
  AUC:  [0.0, 0.0, 0.0, 0.0, 0.0, 0.0, 0.0, 0.0, 0.0, 0.0]
Best TI-RADS F1: 0.0000 at epoch 5

Dataset: DDTI
Eval epochs: [5, 10, 15, 20, 25, 30, 35, 40, 45, 50]
Dice per eval: [0.7282, 0.7562, 0.7484, 0.8004, 0.7992, 0.7985, 0.79, 0.7906, 0.7905, 0.7913]
HD95 per eval: [30.2412, 24.5968, 26.2227, 20.9138, 19.8993, 19.8152, 20.722, 20.6025, 20.2797, 20.3712]
Best Dice: 0.8004 at epoch 20
Best HD95: 19.8152 at epoch 30

BM metrics per eval:
  Acc:  [0.0, 0.0, 0.0, 0.0, 0.0, 0.0, 0.0, 0.0, 0.0, 0.0]
  Prec: [0.0, 0.0, 0.0, 0.0, 0.0, 0.0, 0.0, 0.0, 0.0, 0.0]
  Rec:  [0.0, 0.0, 0.0, 0.0, 0.0, 0.0, 0.0, 0.0, 0.0, 0.0]
  F1:   [0.0, 0.0, 0.0, 0.0, 0.0, 0.0, 0.0, 0.0, 0.0, 0.0]
  AUROC:[0.0, 0.0, 0.0, 0.0, 0.0, 0.0, 0.0, 0.0, 0.0, 0.0]
  AUPRC:[0.0, 0.0, 0.0, 0.0, 0.0, 0.0, 0.0, 0.0, 0.0, 0.0]
Best BM F1: 0.0000 at epoch 5

TI-RADS metrics per eval:
  Acc:  [0.0, 0.0, 0.0, 0.0, 0.0, 0.0, 0.0, 0.0, 0.0, 0.0]
  Prec: [0.0, 0.0, 0.0, 0.0, 0.0, 0.0, 0.0, 0.0, 0.0, 0.0]
  Rec:  [0.0, 0.0, 0.0, 0.0, 0.0, 0.0, 0.0, 0.0, 0.0, 0.0]
  F1:   [0.0, 0.0, 0.0, 0.0, 0.0, 0.0, 0.0, 0.0, 0.0, 0.0]
  AUC:  [0.0, 0.0, 0.0, 0.0, 0.0, 0.0, 0.0, 0.0, 0.0, 0.0]
Best TI-RADS F1: 0.0000 at epoch 5

Dataset: ThyroidXL
Eval epochs: [5, 10, 15, 20, 25, 30, 35, 40, 45, 50]
Dice per eval: [0.8243, 0.8421, 0.8369, 0.8439, 0.8433, 0.8393, 0.8467, 0.8424, 0.8443, 0.8436]
HD95 per eval: [12.8538, 10.695, 11.6396, 9.2381, 9.7937, 9.7002, 9.1722, 9.2176, 9.0329, 9.131]
Best Dice: 0.8467 at epoch 35
Best HD95: 9.0329 at epoch 45

BM metrics per eval:
  Acc:  [0.7976, 0.7, 0.8067, 0.7641, 0.7187, 0.788, 0.7694, 0.7804, 0.777, 0.7718]
  Prec: [0.8036, 0.6093, 0.7711, 0.6803, 0.6284, 0.7297, 0.6837, 0.7001, 0.6963, 0.6872]
  Rec:  [0.7464, 0.9856, 0.8299, 0.9278, 0.9639, 0.8629, 0.9361, 0.9216, 0.9216, 0.933]
  F1:   [0.7739, 0.7531, 0.7994, 0.785, 0.7608, 0.7907, 0.7903, 0.7957, 0.7933, 0.7914]
  AUROC:[0.8806, 0.8941, 0.8829, 0.8786, 0.8726, 0.8733, 0.8849, 0.8814, 0.879, 0.879]
  AUPRC:[0.842, 0.8582, 0.8535, 0.8336, 0.8323, 0.839, 0.8519, 0.8415, 0.8378, 0.8382]
Best BM F1: 0.7994 at epoch 15

TI-RADS metrics per eval:
  Acc:  [0.0, 0.0, 0.0, 0.0, 0.0, 0.0, 0.0, 0.0, 0.0, 0.0]
  Prec: [0.0, 0.0, 0.0, 0.0, 0.0, 0.0, 0.0, 0.0, 0.0, 0.0]
  Rec:  [0.0, 0.0, 0.0, 0.0, 0.0, 0.0, 0.0, 0.0, 0.0, 0.0]
  F1:   [0.0, 0.0, 0.0, 0.0, 0.0, 0.0, 0.0, 0.0, 0.0, 0.0]
  AUC:  [0.0, 0.0, 0.0, 0.0, 0.0, 0.0, 0.0, 0.0, 0.0, 0.0]
Best TI-RADS F1: 0.0000 at epoch 5

Dataset: PKTN
Eval epochs: [5, 10, 15, 20, 25, 30, 35, 40, 45, 50]
Dice per eval: [0.739, 0.7583, 0.7775, 0.7786, 0.7971, 0.7957, 0.804, 0.8052, 0.8083, 0.8071]
HD95 per eval: [20.9022, 18.2659, 18.2311, 16.9789, 15.4808, 14.519, 14.0288, 13.8163, 13.5279, 13.6684]
Best Dice: 0.8083 at epoch 45
Best HD95: 13.5279 at epoch 45

BM metrics per eval:
  Acc:  [0.0, 0.0, 0.0, 0.0, 0.0, 0.0, 0.0, 0.0, 0.0, 0.0]
  Prec: [0.0, 0.0, 0.0, 0.0, 0.0, 0.0, 0.0, 0.0, 0.0, 0.0]
  Rec:  [0.0, 0.0, 0.0, 0.0, 0.0, 0.0, 0.0, 0.0, 0.0, 0.0]
  F1:   [0.0, 0.0, 0.0, 0.0, 0.0, 0.0, 0.0, 0.0, 0.0, 0.0]
  AUROC:[0.0, 0.0, 0.0, 0.0, 0.0, 0.0, 0.0, 0.0, 0.0, 0.0]
  AUPRC:[0.0, 0.0, 0.0, 0.0, 0.0, 0.0, 0.0, 0.0, 0.0, 0.0]
Best BM F1: 0.0000 at epoch 5

TI-RADS metrics per eval:
  Acc:  [0.0, 0.0, 0.0, 0.0, 0.0, 0.0, 0.0, 0.0, 0.0, 0.0]
  Prec: [0.0, 0.0, 0.0, 0.0, 0.0, 0.0, 0.0, 0.0, 0.0, 0.0]
  Rec:  [0.0, 0.0, 0.0, 0.0, 0.0, 0.0, 0.0, 0.0, 0.0, 0.0]
  F1:   [0.0, 0.0, 0.0, 0.0, 0.0, 0.0, 0.0, 0.0, 0.0, 0.0]
  AUC:  [0.0, 0.0, 0.0, 0.0, 0.0, 0.0, 0.0, 0.0, 0.0, 0.0]
Best TI-RADS F1: 0.0000 at epoch 5

Dataset: TN5K
Eval epochs: [5, 10, 15, 20, 25, 30, 35, 40, 45, 50]
Dice per eval: [0.7322, 0.74, 0.7418, 0.7759, 0.7805, 0.7826, 0.7814, 0.7903, 0.7928, 0.7925]
HD95 per eval: [18.0065, 17.4909, 18.7713, 14.218, 15.3179, 13.4093, 14.142, 13.5984, 13.2963, 13.4379]
Best Dice: 0.7928 at epoch 45
Best HD95: 13.2963 at epoch 45

BM metrics per eval:
  Acc:  [0.584, 0.802, 0.778, 0.747, 0.732, 0.757, 0.762, 0.767, 0.755, 0.76]
  Prec: [0.9412, 0.853, 0.885, 0.8893, 0.8728, 0.9067, 0.8858, 0.8952, 0.8984, 0.8903]
  Rec:  [0.4596, 0.881, 0.8003, 0.7469, 0.7415, 0.7442, 0.7743, 0.7715, 0.7497, 0.7661]
  F1:   [0.6176, 0.8668, 0.8405, 0.8119, 0.8018, 0.8174, 0.8263, 0.8288, 0.8173, 0.8235]
  AUROC:[0.7812, 0.8413, 0.8336, 0.8092, 0.7858, 0.8396, 0.8228, 0.8251, 0.8187, 0.817]
  AUPRC:[0.91, 0.9307, 0.9204, 0.9193, 0.909, 0.9253, 0.9191, 0.9176, 0.9164, 0.9149]
Best BM F1: 0.8668 at epoch 10

TI-RADS metrics per eval:
  Acc:  [0.0, 0.0, 0.0, 0.0, 0.0, 0.0, 0.0, 0.0, 0.0, 0.0]
  Prec: [0.0, 0.0, 0.0, 0.0, 0.0, 0.0, 0.0, 0.0, 0.0, 0.0]
  Rec:  [0.0, 0.0, 0.0, 0.0, 0.0, 0.0, 0.0, 0.0, 0.0, 0.0]
  F1:   [0.0, 0.0, 0.0, 0.0, 0.0, 0.0, 0.0, 0.0, 0.0, 0.0]
  AUC:  [0.0, 0.0, 0.0, 0.0, 0.0, 0.0, 0.0, 0.0, 0.0, 0.0]
Best TI-RADS F1: 0.0000 at epoch 5

==========================================================

========== Training Completed ==========
Training completed at Fri Dec 19 18:21:20 2025
