Training started at Sat Jan 31 01:01:26 2026
Method: dino_unet
Dataset: 448size_train_multitask_dataset_2
Epochs: 50
LR: 0.0001
Batch Size: 12
Image Size: 448 x 448
DINO pretrained: True
Use Dilation: False
Training set - Benign/Malignant: Benign=7971 (65.69%), Malignant=4163 (34.31%)
Auto-adjusted tau=0.70 (imbalance_ratio=1.91)
GLA parameters: p_benign=0.6569, p_malignant=0.3431, tau=0.70
Logit adjustment magnitude: 0.4547
Training set - TI-RADS distribution (1-5): [0, 0, 0, 0, 0]
TI-RADS probabilities: [0.20000000298023224, 0.20000000298023224, 0.20000000298023224, 0.20000000298023224, 0.20000000298023224]
Loss weights: seg=1.0, bm=1.0, tirads=1.0
GA-MTL schedule per optimizer step: ['seg', 'bm']
steps_per_epoch (optimizer steps): 505
Epoch:1: seg_loss(avg):0.6067, bm_loss(avg):0.6161, tirads_loss(avg):0.0000
Epoch:2: seg_loss(avg):0.4812, bm_loss(avg):0.4615, tirads_loss(avg):0.0000
Epoch:3: seg_loss(avg):0.4582, bm_loss(avg):0.4150, tirads_loss(avg):0.0000
Epoch:4: seg_loss(avg):0.4416, bm_loss(avg):0.3876, tirads_loss(avg):0.0000
Epoch:5: seg_loss(avg):0.4303, bm_loss(avg):0.3561, tirads_loss(avg):0.0000
Saved checkpoint at epoch 5
Epoch:6: seg_loss(avg):0.4272, bm_loss(avg):0.3415, tirads_loss(avg):0.0000
Epoch:7: seg_loss(avg):0.4205, bm_loss(avg):0.3192, tirads_loss(avg):0.0000
Epoch:8: seg_loss(avg):0.4224, bm_loss(avg):0.3075, tirads_loss(avg):0.0000
Epoch:9: seg_loss(avg):0.4190, bm_loss(avg):0.2957, tirads_loss(avg):0.0000
Epoch:10: seg_loss(avg):0.4132, bm_loss(avg):0.2745, tirads_loss(avg):0.0000
Saved checkpoint at epoch 10
Epoch:11: seg_loss(avg):0.4024, bm_loss(avg):0.2618, tirads_loss(avg):0.0000
Epoch:12: seg_loss(avg):0.3984, bm_loss(avg):0.2589, tirads_loss(avg):0.0000
Epoch:13: seg_loss(avg):0.3963, bm_loss(avg):0.2307, tirads_loss(avg):0.0000
Epoch:14: seg_loss(avg):0.3972, bm_loss(avg):0.2315, tirads_loss(avg):0.0000
Epoch:15: seg_loss(avg):0.3926, bm_loss(avg):0.2159, tirads_loss(avg):0.0000
Saved checkpoint at epoch 15
Epoch:16: seg_loss(avg):0.3903, bm_loss(avg):0.2008, tirads_loss(avg):0.0000
Epoch:17: seg_loss(avg):0.3870, bm_loss(avg):0.1911, tirads_loss(avg):0.0000
Epoch:18: seg_loss(avg):0.3783, bm_loss(avg):0.1614, tirads_loss(avg):0.0000
Epoch:19: seg_loss(avg):0.3754, bm_loss(avg):0.1538, tirads_loss(avg):0.0000
Epoch:20: seg_loss(avg):0.3744, bm_loss(avg):0.1507, tirads_loss(avg):0.0000
Saved checkpoint at epoch 20
Epoch:21: seg_loss(avg):0.3712, bm_loss(avg):0.1254, tirads_loss(avg):0.0000
Epoch:22: seg_loss(avg):0.3686, bm_loss(avg):0.1299, tirads_loss(avg):0.0000
Epoch:23: seg_loss(avg):0.3628, bm_loss(avg):0.1115, tirads_loss(avg):0.0000
Epoch:24: seg_loss(avg):0.3615, bm_loss(avg):0.1023, tirads_loss(avg):0.0000
Epoch:25: seg_loss(avg):0.3602, bm_loss(avg):0.1011, tirads_loss(avg):0.0000
Saved checkpoint at epoch 25
Epoch:26: seg_loss(avg):0.3599, bm_loss(avg):0.0827, tirads_loss(avg):0.0000
Epoch:27: seg_loss(avg):0.3562, bm_loss(avg):0.0871, tirads_loss(avg):0.0000
Epoch:28: seg_loss(avg):0.3486, bm_loss(avg):0.0737, tirads_loss(avg):0.0000
Epoch:29: seg_loss(avg):0.3444, bm_loss(avg):0.0620, tirads_loss(avg):0.0000
Epoch:30: seg_loss(avg):0.3449, bm_loss(avg):0.0658, tirads_loss(avg):0.0000
Saved checkpoint at epoch 30
Epoch:31: seg_loss(avg):0.3390, bm_loss(avg):0.0532, tirads_loss(avg):0.0000
Epoch:32: seg_loss(avg):0.3397, bm_loss(avg):0.0492, tirads_loss(avg):0.0000
Epoch:33: seg_loss(avg):0.3358, bm_loss(avg):0.0394, tirads_loss(avg):0.0000
Epoch:34: seg_loss(avg):0.3314, bm_loss(avg):0.0394, tirads_loss(avg):0.0000
Epoch:35: seg_loss(avg):0.3275, bm_loss(avg):0.0436, tirads_loss(avg):0.0000
Saved checkpoint at epoch 35
Epoch:36: seg_loss(avg):0.3281, bm_loss(avg):0.0328, tirads_loss(avg):0.0000
Epoch:37: seg_loss(avg):0.3230, bm_loss(avg):0.0319, tirads_loss(avg):0.0000
Epoch:38: seg_loss(avg):0.3207, bm_loss(avg):0.0305, tirads_loss(avg):0.0000
Epoch:39: seg_loss(avg):0.3167, bm_loss(avg):0.0197, tirads_loss(avg):0.0000
Epoch:40: seg_loss(avg):0.3156, bm_loss(avg):0.0253, tirads_loss(avg):0.0000
Saved checkpoint at epoch 40
Epoch:41: seg_loss(avg):0.3134, bm_loss(avg):0.0174, tirads_loss(avg):0.0000
Epoch:42: seg_loss(avg):0.3126, bm_loss(avg):0.0180, tirads_loss(avg):0.0000
Epoch:43: seg_loss(avg):0.3122, bm_loss(avg):0.0164, tirads_loss(avg):0.0000
Epoch:44: seg_loss(avg):0.3087, bm_loss(avg):0.0201, tirads_loss(avg):0.0000
Epoch:45: seg_loss(avg):0.3095, bm_loss(avg):0.0153, tirads_loss(avg):0.0000
Saved checkpoint at epoch 45
Epoch:46: seg_loss(avg):0.3063, bm_loss(avg):0.0125, tirads_loss(avg):0.0000
Epoch:47: seg_loss(avg):0.3079, bm_loss(avg):0.0123, tirads_loss(avg):0.0000
Epoch:48: seg_loss(avg):0.3055, bm_loss(avg):0.0143, tirads_loss(avg):0.0000
Epoch:49: seg_loss(avg):0.3050, bm_loss(avg):0.0083, tirads_loss(avg):0.0000
Epoch:50: seg_loss(avg):0.3040, bm_loss(avg):0.0140, tirads_loss(avg):0.0000
Saved checkpoint at epoch 50

Validating epoch 50 on all test datasets...
Testing on TN3K...
  TN3K - Dice: 0.8354, HD95: 24.2198
  TN3K - BM: Acc=0.8504, Prec=0.8470, Rec=0.8429, F1=0.8447, AUROC=0.9272, AUPRC=0.9162
  TN3K - TI-RADS: Acc=0.0000, Prec=0.0000, Rec=0.0000, F1=0.0000, AUC=0.0000
Testing on DDTI...
  DDTI - Dice: 0.7644, HD95: 36.4506
  DDTI - BM: Acc=0.0000, Prec=0.0000, Rec=0.0000, F1=0.0000, AUROC=0.0000, AUPRC=0.0000
  DDTI - TI-RADS: Acc=0.0000, Prec=0.0000, Rec=0.0000, F1=0.0000, AUC=0.0000
Testing on ThyroidXL...
  ThyroidXL - Dice: 0.8916, HD95: 8.8443
  ThyroidXL - BM: Acc=0.8854, Prec=0.7983, Rec=0.7685, F1=0.7829, AUROC=0.9423, AUPRC=0.8712
  ThyroidXL - TI-RADS: Acc=0.0000, Prec=0.0000, Rec=0.0000, F1=0.0000, AUC=0.0000
Testing on PKTN...
  PKTN - Dice: 0.8052, HD95: 23.9805
  PKTN - BM: Acc=0.0000, Prec=0.0000, Rec=0.0000, F1=0.0000, AUROC=0.0000, AUPRC=0.0000
  PKTN - TI-RADS: Acc=0.0000, Prec=0.0000, Rec=0.0000, F1=0.0000, AUC=0.0000
Testing on TN5K...
  TN5K - Dice: 0.7510, HD95: 26.7784
  TN5K - BM: Acc=0.7732, Prec=0.8402, Rec=0.8374, F1=0.8386, AUROC=0.7577, AUPRC=0.8322
  TN5K - TI-RADS: Acc=0.0000, Prec=0.0000, Rec=0.0000, F1=0.0000, AUC=0.0000
Testing on Cine-Clip...
  Cine-Clip - Dice: 0.7044, HD95: 40.6363
  Cine-Clip - BM: Acc=0.8383, Prec=0.3699, Rec=0.5021, F1=0.4257, AUROC=0.7674, AUPRC=0.4485
  Cine-Clip - TI-RADS: Acc=0.4331, Prec=0.2500, Rec=0.2162, F1=0.1499, AUC=0.5403

========== Evaluation Summary (All Test Records) ==========

Dataset: TN3K
Eval epochs: [50]
Dice per eval: [0.8353999853134155]
HD95 per eval: [24.21980094909668]
Best Dice: 0.8354 at epoch 50
Best HD95: 24.2198 at epoch 50

BM metrics per eval:
  Acc:  [0.8504]
  Prec: [0.847]
  Rec:  [0.8429]
  F1:   [0.8447]
  AUROC:[0.9272]
  AUPRC:[0.9162]
Best BM F1: 0.8447 at epoch 50

TI-RADS metrics per eval:
  Acc:  [0.0]
  Prec: [0.0]
  Rec:  [0.0]
  F1:   [0.0]
  AUC:  [0.0]
Best TI-RADS F1: 0.0000 at epoch 50

Dataset: DDTI
Eval epochs: [50]
Dice per eval: [0.7644000053405762]
HD95 per eval: [36.450599670410156]
Best Dice: 0.7644 at epoch 50
Best HD95: 36.4506 at epoch 50

BM metrics per eval:
  Acc:  [0.0]
  Prec: [0.0]
  Rec:  [0.0]
  F1:   [0.0]
  AUROC:[0.0]
  AUPRC:[0.0]
Best BM F1: 0.0000 at epoch 50

TI-RADS metrics per eval:
  Acc:  [0.0]
  Prec: [0.0]
  Rec:  [0.0]
  F1:   [0.0]
  AUC:  [0.0]
Best TI-RADS F1: 0.0000 at epoch 50

Dataset: ThyroidXL
Eval epochs: [50]
Dice per eval: [0.8916000127792358]
HD95 per eval: [8.844300270080566]
Best Dice: 0.8916 at epoch 50
Best HD95: 8.8443 at epoch 50

BM metrics per eval:
  Acc:  [0.8854]
  Prec: [0.7983]
  Rec:  [0.7685]
  F1:   [0.7829]
  AUROC:[0.9423]
  AUPRC:[0.8712]
Best BM F1: 0.7829 at epoch 50

TI-RADS metrics per eval:
  Acc:  [0.0]
  Prec: [0.0]
  Rec:  [0.0]
  F1:   [0.0]
  AUC:  [0.0]
Best TI-RADS F1: 0.0000 at epoch 50

Dataset: PKTN
Eval epochs: [50]
Dice per eval: [0.8051999807357788]
HD95 per eval: [23.980499267578125]
Best Dice: 0.8052 at epoch 50
Best HD95: 23.9805 at epoch 50

BM metrics per eval:
  Acc:  [0.0]
  Prec: [0.0]
  Rec:  [0.0]
  F1:   [0.0]
  AUROC:[0.0]
  AUPRC:[0.0]
Best BM F1: 0.0000 at epoch 50

TI-RADS metrics per eval:
  Acc:  [0.0]
  Prec: [0.0]
  Rec:  [0.0]
  F1:   [0.0]
  AUC:  [0.0]
Best TI-RADS F1: 0.0000 at epoch 50

Dataset: TN5K
Eval epochs: [50]
Dice per eval: [0.7509999871253967]
HD95 per eval: [26.778400421142578]
Best Dice: 0.7510 at epoch 50
Best HD95: 26.7784 at epoch 50

BM metrics per eval:
  Acc:  [0.7732]
  Prec: [0.8402]
  Rec:  [0.8374]
  F1:   [0.8386]
  AUROC:[0.7577]
  AUPRC:[0.8322]
Best BM F1: 0.8386 at epoch 50

TI-RADS metrics per eval:
  Acc:  [0.0]
  Prec: [0.0]
  Rec:  [0.0]
  F1:   [0.0]
  AUC:  [0.0]
Best TI-RADS F1: 0.0000 at epoch 50

Dataset: Cine-Clip
Eval epochs: [50]
Dice per eval: [0.7044000029563904]
HD95 per eval: [40.63629913330078]
Best Dice: 0.7044 at epoch 50
Best HD95: 40.6363 at epoch 50

BM metrics per eval:
  Acc:  [0.8383]
  Prec: [0.3699]
  Rec:  [0.5021]
  F1:   [0.4257]
  AUROC:[0.7674]
  AUPRC:[0.4485]
Best BM F1: 0.4257 at epoch 50

TI-RADS metrics per eval:
  Acc:  [0.4331]
  Prec: [0.25]
  Rec:  [0.2162]
  F1:   [0.1499]
  AUC:  [0.5403]
Best TI-RADS F1: 0.1499 at epoch 50

==========================================================

========== Training Completed ==========
Training completed at Sat Jan 31 09:23:18 2026
