Training started at Wed Jan 14 23:02:39 2026
Method: dino_unet
Dataset: 128size_train_multitask_dataset2
Epochs: 50
LR: 0.0001
Batch Size: 12
Image Size: 128 x 128
DINO pretrained: True
Use Dilation: False
Training set - Benign/Malignant: Benign=9383 (65.73%), Malignant=4891 (34.27%)
Auto-adjusted tau=0.70 (imbalance_ratio=1.92)
GLA parameters: p_benign=0.6573, p_malignant=0.3427, tau=0.70
Logit adjustment magnitude: 0.4561
Training set - TI-RADS distribution (1-5): [0, 0, 0, 0, 0]
TI-RADS probabilities: [0.20000000298023224, 0.20000000298023224, 0.20000000298023224, 0.20000000298023224, 0.20000000298023224]
Loss weights: seg=1.0, bm=1.0, tirads=1.0
GA-MTL schedule per optimizer step: ['seg', 'bm']
steps_per_epoch (optimizer steps): 594
Epoch:1: seg_loss(avg):0.6890, bm_loss(avg):0.6665, tirads_loss(avg):0.0000
Epoch:2: seg_loss(avg):0.5077, bm_loss(avg):0.5136, tirads_loss(avg):0.0000
Epoch:3: seg_loss(avg):0.4816, bm_loss(avg):0.4695, tirads_loss(avg):0.0000
Epoch:4: seg_loss(avg):0.4593, bm_loss(avg):0.4227, tirads_loss(avg):0.0000
Epoch:5: seg_loss(avg):0.4421, bm_loss(avg):0.4040, tirads_loss(avg):0.0000
Saved checkpoint at epoch 5

Validating epoch 5 on all test datasets...
Testing on TN3K...
  TN3K - Dice: 0.7652, HD95: 8.8126
  TN3K - BM: Acc=0.7292, Prec=0.6295, Rec=0.7194, F1=0.6710, AUROC=0.8015, AUPRC=0.7084
  TN3K - TI-RADS: Acc=0.0000, Prec=0.0000, Rec=0.0000, F1=0.0000, AUC=0.0000
Testing on DDTI...
  DDTI - Dice: 0.7549, HD95: 10.3512
  DDTI - BM: Acc=0.0000, Prec=0.0000, Rec=0.0000, F1=0.0000, AUROC=0.0000, AUPRC=0.0000
  DDTI - TI-RADS: Acc=0.0000, Prec=0.0000, Rec=0.0000, F1=0.0000, AUC=0.0000
Testing on ThyroidXL...
  ThyroidXL - Dice: 0.8301, HD95: 4.4773
  ThyroidXL - BM: Acc=0.8004, Prec=0.8838, Rec=0.6566, F1=0.7533, AUROC=0.9116, AUPRC=0.8845
  ThyroidXL - TI-RADS: Acc=0.0000, Prec=0.0000, Rec=0.0000, F1=0.0000, AUC=0.0000
Testing on PKTN...
  PKTN - Dice: 0.7034, HD95: 10.0215
  PKTN - BM: Acc=0.0000, Prec=0.0000, Rec=0.0000, F1=0.0000, AUROC=0.0000, AUPRC=0.0000
  PKTN - TI-RADS: Acc=0.0000, Prec=0.0000, Rec=0.0000, F1=0.0000, AUC=0.0000
Testing on TN5K...
  TN5K - Dice: 0.6276, HD95: 10.6909
  TN5K - BM: Acc=0.7926, Prec=0.8784, Rec=0.8314, F1=0.8541, AUROC=0.8403, AUPRC=0.9244
  TN5K - TI-RADS: Acc=0.0000, Prec=0.0000, Rec=0.0000, F1=0.0000, AUC=0.0000
Epoch:6: seg_loss(avg):0.4321, bm_loss(avg):0.3614, tirads_loss(avg):0.0000
Epoch:7: seg_loss(avg):0.4197, bm_loss(avg):0.3452, tirads_loss(avg):0.0000
Epoch:8: seg_loss(avg):0.4175, bm_loss(avg):0.3185, tirads_loss(avg):0.0000
Epoch:9: seg_loss(avg):0.4041, bm_loss(avg):0.2939, tirads_loss(avg):0.0000
Epoch:10: seg_loss(avg):0.3972, bm_loss(avg):0.2763, tirads_loss(avg):0.0000
Saved checkpoint at epoch 10

Validating epoch 10 on all test datasets...
Testing on TN3K...
  TN3K - Dice: 0.7791, HD95: 8.5651
  TN3K - BM: Acc=0.7100, Prec=0.5918, Rec=0.7922, F1=0.6771, AUROC=0.8149, AUPRC=0.7462
  TN3K - TI-RADS: Acc=0.0000, Prec=0.0000, Rec=0.0000, F1=0.0000, AUC=0.0000
Testing on DDTI...
  DDTI - Dice: 0.7475, HD95: 11.1381
  DDTI - BM: Acc=0.0000, Prec=0.0000, Rec=0.0000, F1=0.0000, AUROC=0.0000, AUPRC=0.0000
  DDTI - TI-RADS: Acc=0.0000, Prec=0.0000, Rec=0.0000, F1=0.0000, AUC=0.0000
Testing on ThyroidXL...
  ThyroidXL - Dice: 0.8268, HD95: 4.6239
  ThyroidXL - BM: Acc=0.8345, Prec=0.8247, Rec=0.8174, F1=0.8209, AUROC=0.9108, AUPRC=0.8896
  ThyroidXL - TI-RADS: Acc=0.0000, Prec=0.0000, Rec=0.0000, F1=0.0000, AUC=0.0000
Testing on PKTN...
  PKTN - Dice: 0.7012, HD95: 10.3813
  PKTN - BM: Acc=0.0000, Prec=0.0000, Rec=0.0000, F1=0.0000, AUROC=0.0000, AUPRC=0.0000
  PKTN - TI-RADS: Acc=0.0000, Prec=0.0000, Rec=0.0000, F1=0.0000, AUC=0.0000
Testing on TN5K...
  TN5K - Dice: 0.6413, HD95: 10.7897
  TN5K - BM: Acc=0.8025, Prec=0.8604, Rec=0.8713, F1=0.8657, AUROC=0.8404, AUPRC=0.9237
  TN5K - TI-RADS: Acc=0.0000, Prec=0.0000, Rec=0.0000, F1=0.0000, AUC=0.0000
Epoch:11: seg_loss(avg):0.3927, bm_loss(avg):0.2756, tirads_loss(avg):0.0000
Epoch:12: seg_loss(avg):0.3844, bm_loss(avg):0.2355, tirads_loss(avg):0.0000
Epoch:13: seg_loss(avg):0.3868, bm_loss(avg):0.2289, tirads_loss(avg):0.0000
Epoch:14: seg_loss(avg):0.3818, bm_loss(avg):0.2208, tirads_loss(avg):0.0000
Epoch:15: seg_loss(avg):0.3801, bm_loss(avg):0.2042, tirads_loss(avg):0.0000
Saved checkpoint at epoch 15

Validating epoch 15 on all test datasets...
Testing on TN3K...
  TN3K - Dice: 0.7763, HD95: 9.0951
  TN3K - BM: Acc=0.7066, Prec=0.5897, Rec=0.7791, F1=0.6709, AUROC=0.8089, AUPRC=0.7201
  TN3K - TI-RADS: Acc=0.0000, Prec=0.0000, Rec=0.0000, F1=0.0000, AUC=0.0000
Testing on DDTI...
  DDTI - Dice: 0.7460, HD95: 11.4966
  DDTI - BM: Acc=0.0000, Prec=0.0000, Rec=0.0000, F1=0.0000, AUROC=0.0000, AUPRC=0.0000
  DDTI - TI-RADS: Acc=0.0000, Prec=0.0000, Rec=0.0000, F1=0.0000, AUC=0.0000
Testing on ThyroidXL...
  ThyroidXL - Dice: 0.8386, HD95: 4.4507
  ThyroidXL - BM: Acc=0.8330, Prec=0.8181, Rec=0.8235, F1=0.8207, AUROC=0.9150, AUPRC=0.8965
  ThyroidXL - TI-RADS: Acc=0.0000, Prec=0.0000, Rec=0.0000, F1=0.0000, AUC=0.0000
Testing on PKTN...
  PKTN - Dice: 0.7117, HD95: 10.5062
  PKTN - BM: Acc=0.0000, Prec=0.0000, Rec=0.0000, F1=0.0000, AUROC=0.0000, AUPRC=0.0000
  PKTN - TI-RADS: Acc=0.0000, Prec=0.0000, Rec=0.0000, F1=0.0000, AUC=0.0000
Testing on TN5K...
  TN5K - Dice: 0.6544, HD95: 10.4717
  TN5K - BM: Acc=0.8087, Prec=0.8478, Rec=0.9000, F1=0.8730, AUROC=0.8385, AUPRC=0.9249
  TN5K - TI-RADS: Acc=0.0000, Prec=0.0000, Rec=0.0000, F1=0.0000, AUC=0.0000
Epoch:16: seg_loss(avg):0.3727, bm_loss(avg):0.1908, tirads_loss(avg):0.0000
Epoch:17: seg_loss(avg):0.3664, bm_loss(avg):0.1789, tirads_loss(avg):0.0000
Epoch:18: seg_loss(avg):0.3615, bm_loss(avg):0.1585, tirads_loss(avg):0.0000
Epoch:19: seg_loss(avg):0.3589, bm_loss(avg):0.1551, tirads_loss(avg):0.0000
Epoch:20: seg_loss(avg):0.3523, bm_loss(avg):0.1378, tirads_loss(avg):0.0000
Saved checkpoint at epoch 20

Validating epoch 20 on all test datasets...
Testing on TN3K...
  TN3K - Dice: 0.7800, HD95: 9.0897
  TN3K - BM: Acc=0.7055, Prec=0.5901, Rec=0.7666, F1=0.6664, AUROC=0.8009, AUPRC=0.7263
  TN3K - TI-RADS: Acc=0.0000, Prec=0.0000, Rec=0.0000, F1=0.0000, AUC=0.0000
Testing on DDTI...
  DDTI - Dice: 0.7390, HD95: 12.1434
  DDTI - BM: Acc=0.0000, Prec=0.0000, Rec=0.0000, F1=0.0000, AUROC=0.0000, AUPRC=0.0000
  DDTI - TI-RADS: Acc=0.0000, Prec=0.0000, Rec=0.0000, F1=0.0000, AUC=0.0000
Testing on ThyroidXL...
  ThyroidXL - Dice: 0.8378, HD95: 4.3645
  ThyroidXL - BM: Acc=0.8352, Prec=0.8257, Rec=0.8175, F1=0.8215, AUROC=0.9092, AUPRC=0.8870
  ThyroidXL - TI-RADS: Acc=0.0000, Prec=0.0000, Rec=0.0000, F1=0.0000, AUC=0.0000
Testing on PKTN...
  PKTN - Dice: 0.7231, HD95: 9.7610
  PKTN - BM: Acc=0.0000, Prec=0.0000, Rec=0.0000, F1=0.0000, AUROC=0.0000, AUPRC=0.0000
  PKTN - TI-RADS: Acc=0.0000, Prec=0.0000, Rec=0.0000, F1=0.0000, AUC=0.0000
Testing on TN5K...
  TN5K - Dice: 0.6601, HD95: 9.9993
  TN5K - BM: Acc=0.8051, Prec=0.8583, Rec=0.8784, F1=0.8681, AUROC=0.8292, AUPRC=0.9200
  TN5K - TI-RADS: Acc=0.0000, Prec=0.0000, Rec=0.0000, F1=0.0000, AUC=0.0000
Epoch:21: seg_loss(avg):0.3472, bm_loss(avg):0.1186, tirads_loss(avg):0.0000
Epoch:22: seg_loss(avg):0.3486, bm_loss(avg):0.1163, tirads_loss(avg):0.0000
Epoch:23: seg_loss(avg):0.3445, bm_loss(avg):0.1168, tirads_loss(avg):0.0000
Epoch:24: seg_loss(avg):0.3359, bm_loss(avg):0.1031, tirads_loss(avg):0.0000
Epoch:25: seg_loss(avg):0.3286, bm_loss(avg):0.0896, tirads_loss(avg):0.0000
Saved checkpoint at epoch 25

Validating epoch 25 on all test datasets...
Testing on TN3K...
  TN3K - Dice: 0.7840, HD95: 8.7771
  TN3K - BM: Acc=0.7122, Prec=0.5989, Rec=0.7621, F1=0.6703, AUROC=0.7994, AUPRC=0.7230
  TN3K - TI-RADS: Acc=0.0000, Prec=0.0000, Rec=0.0000, F1=0.0000, AUC=0.0000
Testing on DDTI...
  DDTI - Dice: 0.7536, HD95: 10.7013
  DDTI - BM: Acc=0.0000, Prec=0.0000, Rec=0.0000, F1=0.0000, AUROC=0.0000, AUPRC=0.0000
  DDTI - TI-RADS: Acc=0.0000, Prec=0.0000, Rec=0.0000, F1=0.0000, AUC=0.0000
Testing on ThyroidXL...
  ThyroidXL - Dice: 0.8422, HD95: 4.0844
  ThyroidXL - BM: Acc=0.7994, Prec=0.8750, Rec=0.6628, F1=0.7541, AUROC=0.9131, AUPRC=0.8955
  ThyroidXL - TI-RADS: Acc=0.0000, Prec=0.0000, Rec=0.0000, F1=0.0000, AUC=0.0000
Testing on PKTN...
  PKTN - Dice: 0.7377, HD95: 8.8094
  PKTN - BM: Acc=0.0000, Prec=0.0000, Rec=0.0000, F1=0.0000, AUROC=0.0000, AUPRC=0.0000
  PKTN - TI-RADS: Acc=0.0000, Prec=0.0000, Rec=0.0000, F1=0.0000, AUC=0.0000
Testing on TN5K...
  TN5K - Dice: 0.6696, HD95: 9.8058
  TN5K - BM: Acc=0.7847, Prec=0.8464, Rec=0.8620, F1=0.8540, AUROC=0.8107, AUPRC=0.9139
  TN5K - TI-RADS: Acc=0.0000, Prec=0.0000, Rec=0.0000, F1=0.0000, AUC=0.0000
Epoch:26: seg_loss(avg):0.3240, bm_loss(avg):0.0811, tirads_loss(avg):0.0000
Epoch:27: seg_loss(avg):0.3200, bm_loss(avg):0.0714, tirads_loss(avg):0.0000
Epoch:28: seg_loss(avg):0.3179, bm_loss(avg):0.0697, tirads_loss(avg):0.0000
Epoch:29: seg_loss(avg):0.3146, bm_loss(avg):0.0604, tirads_loss(avg):0.0000
Epoch:30: seg_loss(avg):0.3074, bm_loss(avg):0.0533, tirads_loss(avg):0.0000
Saved checkpoint at epoch 30

Validating epoch 30 on all test datasets...
Testing on TN3K...
  TN3K - Dice: 0.7945, HD95: 8.2353
  TN3K - BM: Acc=0.7495, Prec=0.6621, Rec=0.7119, F1=0.6856, AUROC=0.7979, AUPRC=0.7167
  TN3K - TI-RADS: Acc=0.0000, Prec=0.0000, Rec=0.0000, F1=0.0000, AUC=0.0000
Testing on DDTI...
  DDTI - Dice: 0.7386, HD95: 12.0181
  DDTI - BM: Acc=0.0000, Prec=0.0000, Rec=0.0000, F1=0.0000, AUROC=0.0000, AUPRC=0.0000
  DDTI - TI-RADS: Acc=0.0000, Prec=0.0000, Rec=0.0000, F1=0.0000, AUC=0.0000
Testing on ThyroidXL...
  ThyroidXL - Dice: 0.8460, HD95: 4.0975
  ThyroidXL - BM: Acc=0.8248, Prec=0.8658, Rec=0.7368, F1=0.7960, AUROC=0.9206, AUPRC=0.9012
  ThyroidXL - TI-RADS: Acc=0.0000, Prec=0.0000, Rec=0.0000, F1=0.0000, AUC=0.0000
Testing on PKTN...
  PKTN - Dice: 0.7428, HD95: 8.9155
  PKTN - BM: Acc=0.0000, Prec=0.0000, Rec=0.0000, F1=0.0000, AUROC=0.0000, AUPRC=0.0000
  PKTN - TI-RADS: Acc=0.0000, Prec=0.0000, Rec=0.0000, F1=0.0000, AUC=0.0000
Testing on TN5K...
  TN5K - Dice: 0.6847, HD95: 9.5301
  TN5K - BM: Acc=0.7906, Prec=0.8477, Rec=0.8698, F1=0.8585, AUROC=0.8034, AUPRC=0.9094
  TN5K - TI-RADS: Acc=0.0000, Prec=0.0000, Rec=0.0000, F1=0.0000, AUC=0.0000
Epoch:31: seg_loss(avg):0.3045, bm_loss(avg):0.0547, tirads_loss(avg):0.0000
Epoch:32: seg_loss(avg):0.3010, bm_loss(avg):0.0405, tirads_loss(avg):0.0000
Epoch:33: seg_loss(avg):0.2927, bm_loss(avg):0.0363, tirads_loss(avg):0.0000
Epoch:34: seg_loss(avg):0.2935, bm_loss(avg):0.0398, tirads_loss(avg):0.0000
Epoch:35: seg_loss(avg):0.2886, bm_loss(avg):0.0351, tirads_loss(avg):0.0000
Saved checkpoint at epoch 35

Validating epoch 35 on all test datasets...
Testing on TN3K...
  TN3K - Dice: 0.8000, HD95: 8.0083
  TN3K - BM: Acc=0.6791, Prec=0.5633, Rec=0.7366, F1=0.6379, AUROC=0.7706, AUPRC=0.6816
  TN3K - TI-RADS: Acc=0.0000, Prec=0.0000, Rec=0.0000, F1=0.0000, AUC=0.0000
Testing on DDTI...
  DDTI - Dice: 0.7597, HD95: 11.3366
  DDTI - BM: Acc=0.0000, Prec=0.0000, Rec=0.0000, F1=0.0000, AUROC=0.0000, AUPRC=0.0000
  DDTI - TI-RADS: Acc=0.0000, Prec=0.0000, Rec=0.0000, F1=0.0000, AUC=0.0000
Testing on ThyroidXL...
  ThyroidXL - Dice: 0.8491, HD95: 4.0640
  ThyroidXL - BM: Acc=0.8281, Prec=0.8608, Rec=0.7513, F1=0.8022, AUROC=0.9213, AUPRC=0.9034
  ThyroidXL - TI-RADS: Acc=0.0000, Prec=0.0000, Rec=0.0000, F1=0.0000, AUC=0.0000
Testing on PKTN...
  PKTN - Dice: 0.7467, HD95: 8.8221
  PKTN - BM: Acc=0.0000, Prec=0.0000, Rec=0.0000, F1=0.0000, AUROC=0.0000, AUPRC=0.0000
  PKTN - TI-RADS: Acc=0.0000, Prec=0.0000, Rec=0.0000, F1=0.0000, AUC=0.0000
Testing on TN5K...
  TN5K - Dice: 0.6913, HD95: 9.6801
  TN5K - BM: Acc=0.7708, Prec=0.8362, Rec=0.8537, F1=0.8448, AUROC=0.7999, AUPRC=0.9035
  TN5K - TI-RADS: Acc=0.0000, Prec=0.0000, Rec=0.0000, F1=0.0000, AUC=0.0000
Epoch:36: seg_loss(avg):0.2831, bm_loss(avg):0.0301, tirads_loss(avg):0.0000
Epoch:37: seg_loss(avg):0.2814, bm_loss(avg):0.0308, tirads_loss(avg):0.0000
Epoch:38: seg_loss(avg):0.2783, bm_loss(avg):0.0273, tirads_loss(avg):0.0000
Epoch:39: seg_loss(avg):0.2728, bm_loss(avg):0.0223, tirads_loss(avg):0.0000
Epoch:40: seg_loss(avg):0.2689, bm_loss(avg):0.0238, tirads_loss(avg):0.0000
Saved checkpoint at epoch 40

Validating epoch 40 on all test datasets...
Testing on TN3K...
  TN3K - Dice: 0.8007, HD95: 7.9730
  TN3K - BM: Acc=0.7085, Prec=0.5944, Rec=0.7622, F1=0.6675, AUROC=0.7885, AUPRC=0.6875
  TN3K - TI-RADS: Acc=0.0000, Prec=0.0000, Rec=0.0000, F1=0.0000, AUC=0.0000
Testing on DDTI...
  DDTI - Dice: 0.7615, HD95: 10.9330
  DDTI - BM: Acc=0.0000, Prec=0.0000, Rec=0.0000, F1=0.0000, AUROC=0.0000, AUPRC=0.0000
  DDTI - TI-RADS: Acc=0.0000, Prec=0.0000, Rec=0.0000, F1=0.0000, AUC=0.0000
Testing on ThyroidXL...
  ThyroidXL - Dice: 0.8491, HD95: 4.0926
  ThyroidXL - BM: Acc=0.8298, Prec=0.8729, Rec=0.7413, F1=0.8017, AUROC=0.9216, AUPRC=0.9027
  ThyroidXL - TI-RADS: Acc=0.0000, Prec=0.0000, Rec=0.0000, F1=0.0000, AUC=0.0000
Testing on PKTN...
  PKTN - Dice: 0.7487, HD95: 8.7622
  PKTN - BM: Acc=0.0000, Prec=0.0000, Rec=0.0000, F1=0.0000, AUROC=0.0000, AUPRC=0.0000
  PKTN - TI-RADS: Acc=0.0000, Prec=0.0000, Rec=0.0000, F1=0.0000, AUC=0.0000
Testing on TN5K...
  TN5K - Dice: 0.6964, HD95: 9.1239
  TN5K - BM: Acc=0.7889, Prec=0.8350, Rec=0.8864, F1=0.8598, AUROC=0.7984, AUPRC=0.8966
  TN5K - TI-RADS: Acc=0.0000, Prec=0.0000, Rec=0.0000, F1=0.0000, AUC=0.0000
Epoch:41: seg_loss(avg):0.2670, bm_loss(avg):0.0180, tirads_loss(avg):0.0000
Epoch:42: seg_loss(avg):0.2658, bm_loss(avg):0.0196, tirads_loss(avg):0.0000
Epoch:43: seg_loss(avg):0.2624, bm_loss(avg):0.0163, tirads_loss(avg):0.0000
Epoch:44: seg_loss(avg):0.2584, bm_loss(avg):0.0134, tirads_loss(avg):0.0000
Epoch:45: seg_loss(avg):0.2609, bm_loss(avg):0.0177, tirads_loss(avg):0.0000
Saved checkpoint at epoch 45

Validating epoch 45 on all test datasets...
Testing on TN3K...
  TN3K - Dice: 0.8000, HD95: 7.8595
  TN3K - BM: Acc=0.7137, Prec=0.6057, Rec=0.7329, F1=0.6628, AUROC=0.7845, AUPRC=0.6801
  TN3K - TI-RADS: Acc=0.0000, Prec=0.0000, Rec=0.0000, F1=0.0000, AUC=0.0000
Testing on DDTI...
  DDTI - Dice: 0.7592, HD95: 10.9270
  DDTI - BM: Acc=0.0000, Prec=0.0000, Rec=0.0000, F1=0.0000, AUROC=0.0000, AUPRC=0.0000
  DDTI - TI-RADS: Acc=0.0000, Prec=0.0000, Rec=0.0000, F1=0.0000, AUC=0.0000
Testing on ThyroidXL...
  ThyroidXL - Dice: 0.8495, HD95: 4.0393
  ThyroidXL - BM: Acc=0.8229, Prec=0.8878, Rec=0.7082, F1=0.7878, AUROC=0.9197, AUPRC=0.9031
  ThyroidXL - TI-RADS: Acc=0.0000, Prec=0.0000, Rec=0.0000, F1=0.0000, AUC=0.0000
Testing on PKTN...
  PKTN - Dice: 0.7514, HD95: 8.3423
  PKTN - BM: Acc=0.0000, Prec=0.0000, Rec=0.0000, F1=0.0000, AUROC=0.0000, AUPRC=0.0000
  PKTN - TI-RADS: Acc=0.0000, Prec=0.0000, Rec=0.0000, F1=0.0000, AUC=0.0000
Testing on TN5K...
  TN5K - Dice: 0.6970, HD95: 9.0778
  TN5K - BM: Acc=0.7748, Prec=0.8417, Rec=0.8522, F1=0.8468, AUROC=0.7979, AUPRC=0.8940
  TN5K - TI-RADS: Acc=0.0000, Prec=0.0000, Rec=0.0000, F1=0.0000, AUC=0.0000
Epoch:46: seg_loss(avg):0.2569, bm_loss(avg):0.0155, tirads_loss(avg):0.0000
Epoch:47: seg_loss(avg):0.2574, bm_loss(avg):0.0128, tirads_loss(avg):0.0000
Epoch:48: seg_loss(avg):0.2537, bm_loss(avg):0.0098, tirads_loss(avg):0.0000
Epoch:49: seg_loss(avg):0.2549, bm_loss(avg):0.0162, tirads_loss(avg):0.0000
Epoch:50: seg_loss(avg):0.2573, bm_loss(avg):0.0105, tirads_loss(avg):0.0000
Saved checkpoint at epoch 50

Validating epoch 50 on all test datasets...
Testing on TN3K...
  TN3K - Dice: 0.8005, HD95: 7.7308
  TN3K - BM: Acc=0.7154, Prec=0.6071, Rec=0.7371, F1=0.6653, AUROC=0.7847, AUPRC=0.6805
  TN3K - TI-RADS: Acc=0.0000, Prec=0.0000, Rec=0.0000, F1=0.0000, AUC=0.0000
Testing on DDTI...
  DDTI - Dice: 0.7585, HD95: 10.9490
  DDTI - BM: Acc=0.0000, Prec=0.0000, Rec=0.0000, F1=0.0000, AUROC=0.0000, AUPRC=0.0000
  DDTI - TI-RADS: Acc=0.0000, Prec=0.0000, Rec=0.0000, F1=0.0000, AUC=0.0000
Testing on ThyroidXL...
  ThyroidXL - Dice: 0.8498, HD95: 4.0428
  ThyroidXL - BM: Acc=0.8167, Prec=0.8910, Rec=0.6896, F1=0.7774, AUROC=0.9192, AUPRC=0.9038
  ThyroidXL - TI-RADS: Acc=0.0000, Prec=0.0000, Rec=0.0000, F1=0.0000, AUC=0.0000
Testing on PKTN...
  PKTN - Dice: 0.7516, HD95: 8.3410
  PKTN - BM: Acc=0.0000, Prec=0.0000, Rec=0.0000, F1=0.0000, AUROC=0.0000, AUPRC=0.0000
  PKTN - TI-RADS: Acc=0.0000, Prec=0.0000, Rec=0.0000, F1=0.0000, AUC=0.0000
Testing on TN5K...
  TN5K - Dice: 0.6977, HD95: 9.0652
  TN5K - BM: Acc=0.7748, Prec=0.8454, Rec=0.8467, F1=0.8460, AUROC=0.8005, AUPRC=0.8950
  TN5K - TI-RADS: Acc=0.0000, Prec=0.0000, Rec=0.0000, F1=0.0000, AUC=0.0000

========== Evaluation Summary (All Test Records) ==========

Dataset: TN3K
Eval epochs: [5, 10, 15, 20, 25, 30, 35, 40, 45, 50]
Dice per eval: [0.7652000188827515, 0.7791000008583069, 0.7763000130653381, 0.7799999713897705, 0.7839999794960022, 0.7944999933242798, 0.800000011920929, 0.8007000088691711, 0.800000011920929, 0.8004999756813049]
HD95 per eval: [8.812600135803223, 8.565099716186523, 9.095100402832031, 9.089699745178223, 8.777099609375, 8.235300064086914, 8.008299827575684, 7.9730000495910645, 7.859499931335449, 7.730800151824951]
Best Dice: 0.8007 at epoch 40
Best HD95: 7.7308 at epoch 50

BM metrics per eval:
  Acc:  [0.7292, 0.71, 0.7066, 0.7055, 0.7122, 0.7495, 0.6791, 0.7085, 0.7137, 0.7154]
  Prec: [0.6295, 0.5918, 0.5897, 0.5901, 0.5989, 0.6621, 0.5633, 0.5944, 0.6057, 0.6071]
  Rec:  [0.7194, 0.7922, 0.7791, 0.7666, 0.7621, 0.7119, 0.7366, 0.7622, 0.7329, 0.7371]
  F1:   [0.671, 0.6771, 0.6709, 0.6664, 0.6703, 0.6856, 0.6379, 0.6675, 0.6628, 0.6653]
  AUROC:[0.8015, 0.8149, 0.8089, 0.8009, 0.7994, 0.7979, 0.7706, 0.7885, 0.7845, 0.7847]
  AUPRC:[0.7084, 0.7462, 0.7201, 0.7263, 0.723, 0.7167, 0.6816, 0.6875, 0.6801, 0.6805]
Best BM F1: 0.6856 at epoch 30

TI-RADS metrics per eval:
  Acc:  [0.0, 0.0, 0.0, 0.0, 0.0, 0.0, 0.0, 0.0, 0.0, 0.0]
  Prec: [0.0, 0.0, 0.0, 0.0, 0.0, 0.0, 0.0, 0.0, 0.0, 0.0]
  Rec:  [0.0, 0.0, 0.0, 0.0, 0.0, 0.0, 0.0, 0.0, 0.0, 0.0]
  F1:   [0.0, 0.0, 0.0, 0.0, 0.0, 0.0, 0.0, 0.0, 0.0, 0.0]
  AUC:  [0.0, 0.0, 0.0, 0.0, 0.0, 0.0, 0.0, 0.0, 0.0, 0.0]
Best TI-RADS F1: 0.0000 at epoch 5

Dataset: DDTI
Eval epochs: [5, 10, 15, 20, 25, 30, 35, 40, 45, 50]
Dice per eval: [0.7548999786376953, 0.7475000023841858, 0.7459999918937683, 0.7390000224113464, 0.753600001335144, 0.7386000156402588, 0.7597000002861023, 0.7615000009536743, 0.7591999769210815, 0.7584999799728394]
HD95 per eval: [10.351200103759766, 11.138099670410156, 11.496600151062012, 12.143400192260742, 10.701299667358398, 12.018099784851074, 11.336600303649902, 10.932999610900879, 10.927000045776367, 10.949000358581543]
Best Dice: 0.7615 at epoch 40
Best HD95: 10.3512 at epoch 5

BM metrics per eval:
  Acc:  [0.0, 0.0, 0.0, 0.0, 0.0, 0.0, 0.0, 0.0, 0.0, 0.0]
  Prec: [0.0, 0.0, 0.0, 0.0, 0.0, 0.0, 0.0, 0.0, 0.0, 0.0]
  Rec:  [0.0, 0.0, 0.0, 0.0, 0.0, 0.0, 0.0, 0.0, 0.0, 0.0]
  F1:   [0.0, 0.0, 0.0, 0.0, 0.0, 0.0, 0.0, 0.0, 0.0, 0.0]
  AUROC:[0.0, 0.0, 0.0, 0.0, 0.0, 0.0, 0.0, 0.0, 0.0, 0.0]
  AUPRC:[0.0, 0.0, 0.0, 0.0, 0.0, 0.0, 0.0, 0.0, 0.0, 0.0]
Best BM F1: 0.0000 at epoch 5

TI-RADS metrics per eval:
  Acc:  [0.0, 0.0, 0.0, 0.0, 0.0, 0.0, 0.0, 0.0, 0.0, 0.0]
  Prec: [0.0, 0.0, 0.0, 0.0, 0.0, 0.0, 0.0, 0.0, 0.0, 0.0]
  Rec:  [0.0, 0.0, 0.0, 0.0, 0.0, 0.0, 0.0, 0.0, 0.0, 0.0]
  F1:   [0.0, 0.0, 0.0, 0.0, 0.0, 0.0, 0.0, 0.0, 0.0, 0.0]
  AUC:  [0.0, 0.0, 0.0, 0.0, 0.0, 0.0, 0.0, 0.0, 0.0, 0.0]
Best TI-RADS F1: 0.0000 at epoch 5

Dataset: ThyroidXL
Eval epochs: [5, 10, 15, 20, 25, 30, 35, 40, 45, 50]
Dice per eval: [0.8300999999046326, 0.8267999887466431, 0.8385999798774719, 0.8378000259399414, 0.842199981212616, 0.8460000157356262, 0.8490999937057495, 0.8490999937057495, 0.8495000004768372, 0.8497999906539917]
HD95 per eval: [4.47730016708374, 4.623899936676025, 4.450699806213379, 4.364500045776367, 4.084400177001953, 4.097499847412109, 4.064000129699707, 4.092599868774414, 4.039299964904785, 4.042799949645996]
Best Dice: 0.8498 at epoch 50
Best HD95: 4.0393 at epoch 45

BM metrics per eval:
  Acc:  [0.8004, 0.8345, 0.833, 0.8352, 0.7994, 0.8248, 0.8281, 0.8298, 0.8229, 0.8167]
  Prec: [0.8838, 0.8247, 0.8181, 0.8257, 0.875, 0.8658, 0.8608, 0.8729, 0.8878, 0.891]
  Rec:  [0.6566, 0.8174, 0.8235, 0.8175, 0.6628, 0.7368, 0.7513, 0.7413, 0.7082, 0.6896]
  F1:   [0.7533, 0.8209, 0.8207, 0.8215, 0.7541, 0.796, 0.8022, 0.8017, 0.7878, 0.7774]
  AUROC:[0.9116, 0.9108, 0.915, 0.9092, 0.9131, 0.9206, 0.9213, 0.9216, 0.9197, 0.9192]
  AUPRC:[0.8845, 0.8896, 0.8965, 0.887, 0.8955, 0.9012, 0.9034, 0.9027, 0.9031, 0.9038]
Best BM F1: 0.8215 at epoch 20

TI-RADS metrics per eval:
  Acc:  [0.0, 0.0, 0.0, 0.0, 0.0, 0.0, 0.0, 0.0, 0.0, 0.0]
  Prec: [0.0, 0.0, 0.0, 0.0, 0.0, 0.0, 0.0, 0.0, 0.0, 0.0]
  Rec:  [0.0, 0.0, 0.0, 0.0, 0.0, 0.0, 0.0, 0.0, 0.0, 0.0]
  F1:   [0.0, 0.0, 0.0, 0.0, 0.0, 0.0, 0.0, 0.0, 0.0, 0.0]
  AUC:  [0.0, 0.0, 0.0, 0.0, 0.0, 0.0, 0.0, 0.0, 0.0, 0.0]
Best TI-RADS F1: 0.0000 at epoch 5

Dataset: PKTN
Eval epochs: [5, 10, 15, 20, 25, 30, 35, 40, 45, 50]
Dice per eval: [0.7034000158309937, 0.701200008392334, 0.7117000222206116, 0.7231000065803528, 0.7376999855041504, 0.7427999973297119, 0.7466999888420105, 0.7487000226974487, 0.7513999938964844, 0.7516000270843506]
HD95 per eval: [10.021499633789062, 10.38129997253418, 10.506199836730957, 9.76099967956543, 8.809399604797363, 8.915499687194824, 8.822099685668945, 8.762200355529785, 8.342300415039062, 8.340999603271484]
Best Dice: 0.7516 at epoch 50
Best HD95: 8.3410 at epoch 50

BM metrics per eval:
  Acc:  [0.0, 0.0, 0.0, 0.0, 0.0, 0.0, 0.0, 0.0, 0.0, 0.0]
  Prec: [0.0, 0.0, 0.0, 0.0, 0.0, 0.0, 0.0, 0.0, 0.0, 0.0]
  Rec:  [0.0, 0.0, 0.0, 0.0, 0.0, 0.0, 0.0, 0.0, 0.0, 0.0]
  F1:   [0.0, 0.0, 0.0, 0.0, 0.0, 0.0, 0.0, 0.0, 0.0, 0.0]
  AUROC:[0.0, 0.0, 0.0, 0.0, 0.0, 0.0, 0.0, 0.0, 0.0, 0.0]
  AUPRC:[0.0, 0.0, 0.0, 0.0, 0.0, 0.0, 0.0, 0.0, 0.0, 0.0]
Best BM F1: 0.0000 at epoch 5

TI-RADS metrics per eval:
  Acc:  [0.0, 0.0, 0.0, 0.0, 0.0, 0.0, 0.0, 0.0, 0.0, 0.0]
  Prec: [0.0, 0.0, 0.0, 0.0, 0.0, 0.0, 0.0, 0.0, 0.0, 0.0]
  Rec:  [0.0, 0.0, 0.0, 0.0, 0.0, 0.0, 0.0, 0.0, 0.0, 0.0]
  F1:   [0.0, 0.0, 0.0, 0.0, 0.0, 0.0, 0.0, 0.0, 0.0, 0.0]
  AUC:  [0.0, 0.0, 0.0, 0.0, 0.0, 0.0, 0.0, 0.0, 0.0, 0.0]
Best TI-RADS F1: 0.0000 at epoch 5

Dataset: TN5K
Eval epochs: [5, 10, 15, 20, 25, 30, 35, 40, 45, 50]
Dice per eval: [0.6276000142097473, 0.6413000226020813, 0.6543999910354614, 0.660099983215332, 0.6696000099182129, 0.6847000122070312, 0.6912999749183655, 0.696399986743927, 0.6970000267028809, 0.697700023651123]
HD95 per eval: [10.690899848937988, 10.78969955444336, 10.471699714660645, 9.999300003051758, 9.805800437927246, 9.530099868774414, 9.680100440979004, 9.123900413513184, 9.077799797058105, 9.065199851989746]
Best Dice: 0.6977 at epoch 50
Best HD95: 9.0652 at epoch 50

BM metrics per eval:
  Acc:  [0.7926, 0.8025, 0.8087, 0.8051, 0.7847, 0.7906, 0.7708, 0.7889, 0.7748, 0.7748]
  Prec: [0.8784, 0.8604, 0.8478, 0.8583, 0.8464, 0.8477, 0.8362, 0.835, 0.8417, 0.8454]
  Rec:  [0.8314, 0.8713, 0.9, 0.8784, 0.862, 0.8698, 0.8537, 0.8864, 0.8522, 0.8467]
  F1:   [0.8541, 0.8657, 0.873, 0.8681, 0.854, 0.8585, 0.8448, 0.8598, 0.8468, 0.846]
  AUROC:[0.8403, 0.8404, 0.8385, 0.8292, 0.8107, 0.8034, 0.7999, 0.7984, 0.7979, 0.8005]
  AUPRC:[0.9244, 0.9237, 0.9249, 0.92, 0.9139, 0.9094, 0.9035, 0.8966, 0.894, 0.895]
Best BM F1: 0.8730 at epoch 15

TI-RADS metrics per eval:
  Acc:  [0.0, 0.0, 0.0, 0.0, 0.0, 0.0, 0.0, 0.0, 0.0, 0.0]
  Prec: [0.0, 0.0, 0.0, 0.0, 0.0, 0.0, 0.0, 0.0, 0.0, 0.0]
  Rec:  [0.0, 0.0, 0.0, 0.0, 0.0, 0.0, 0.0, 0.0, 0.0, 0.0]
  F1:   [0.0, 0.0, 0.0, 0.0, 0.0, 0.0, 0.0, 0.0, 0.0, 0.0]
  AUC:  [0.0, 0.0, 0.0, 0.0, 0.0, 0.0, 0.0, 0.0, 0.0, 0.0]
Best TI-RADS F1: 0.0000 at epoch 5

==========================================================

========== Training Completed ==========
Training completed at Thu Jan 15 00:06:04 2026
