Training started at Thu Dec 25 23:09:54 2025
Method: dino_unet
Dataset: nopretrained_train_multitask_dataset4
Epochs: 50
LR: 0.0001
Batch Size: 12
Image Size: 224 x 224
DINO pretrained: False
Training set - Benign/Malignant: Benign=25859 (73.49%), Malignant=9327 (26.51%)
Auto-adjusted tau=1.00 (imbalance_ratio=2.77)
GLA parameters: p_benign=0.7349, p_malignant=0.2651, tau=1.00
Logit adjustment magnitude: 1.0197
Training set - TI-RADS distribution (1-5): [52, 892, 4931, 7230, 4307]
TI-RADS probabilities: [0.0029864460229873657, 0.05122903734445572, 0.28319549560546875, 0.4152308702468872, 0.24735814332962036]
Loss weights: seg=1.0, bm=1.0, tirads=1.0
GA-MTL schedule per optimizer step: ['seg', 'bm', 'tirads']
steps_per_epoch (optimizer steps): 977
Epoch:1: seg_loss(avg):0.9857, bm_loss(avg):0.7310, tirads_loss(avg):1.2570
Epoch:2: seg_loss(avg):0.8535, bm_loss(avg):0.6664, tirads_loss(avg):1.1164
Epoch:3: seg_loss(avg):0.8002, bm_loss(avg):0.6302, tirads_loss(avg):0.9284
Epoch:4: seg_loss(avg):0.7630, bm_loss(avg):0.6184, tirads_loss(avg):0.7692
Epoch:5: seg_loss(avg):0.7345, bm_loss(avg):0.6064, tirads_loss(avg):0.6278
Saved checkpoint at epoch 5

Validating epoch 5 on all test datasets...
Testing on TN3K...
  TN3K - Dice: 0.6764, HD95: 33.9076
  TN3K - BM: Acc=0.4723, Prec=0.4170, Rec=0.9364, F1=0.5770, AUROC=0.6210, AUPRC=0.4859
  TN3K - TI-RADS: Acc=0.0000, Prec=0.0000, Rec=0.0000, F1=0.0000, AUC=0.0000
Testing on DDTI...
  DDTI - Dice: 0.6479, HD95: 30.7804
  DDTI - BM: Acc=0.0000, Prec=0.0000, Rec=0.0000, F1=0.0000, AUROC=0.0000, AUPRC=0.0000
  DDTI - TI-RADS: Acc=0.0000, Prec=0.0000, Rec=0.0000, F1=0.0000, AUC=0.0000
Testing on ThyroidXL...
  ThyroidXL - Dice: 0.7092, HD95: 23.0186
  ThyroidXL - BM: Acc=0.6474, Prec=0.6238, Rec=0.6052, F1=0.6143, AUROC=0.6906, AUPRC=0.6455
  ThyroidXL - TI-RADS: Acc=0.0000, Prec=0.0000, Rec=0.0000, F1=0.0000, AUC=0.0000
Testing on PKTN...
  PKTN - Dice: 0.5428, HD95: 44.3923
  PKTN - BM: Acc=0.0000, Prec=0.0000, Rec=0.0000, F1=0.0000, AUROC=0.0000, AUPRC=0.0000
  PKTN - TI-RADS: Acc=0.0000, Prec=0.0000, Rec=0.0000, F1=0.0000, AUC=0.0000
Testing on TN5K...
  TN5K - Dice: 0.5429, HD95: 39.0506
  TN5K - BM: Acc=0.7160, Prec=0.7375, Rec=0.9494, F1=0.8301, AUROC=0.5533, AUPRC=0.7523
  TN5K - TI-RADS: Acc=0.0000, Prec=0.0000, Rec=0.0000, F1=0.0000, AUC=0.0000
Epoch:6: seg_loss(avg):0.7101, bm_loss(avg):0.5758, tirads_loss(avg):0.4965
Epoch:7: seg_loss(avg):0.6882, bm_loss(avg):0.5549, tirads_loss(avg):0.4024
Epoch:8: seg_loss(avg):0.6672, bm_loss(avg):0.5324, tirads_loss(avg):0.3176
Epoch:9: seg_loss(avg):0.6547, bm_loss(avg):0.5067, tirads_loss(avg):0.2591
Epoch:10: seg_loss(avg):0.6366, bm_loss(avg):0.4960, tirads_loss(avg):0.2152
Saved checkpoint at epoch 10

Validating epoch 10 on all test datasets...
Testing on TN3K...
  TN3K - Dice: 0.6912, HD95: 34.4484
  TN3K - BM: Acc=0.4495, Prec=0.4083, Rec=0.9619, F1=0.5732, AUROC=0.6262, AUPRC=0.4771
  TN3K - TI-RADS: Acc=0.0000, Prec=0.0000, Rec=0.0000, F1=0.0000, AUC=0.0000
Testing on DDTI...
  DDTI - Dice: 0.6944, HD95: 28.9476
  DDTI - BM: Acc=0.0000, Prec=0.0000, Rec=0.0000, F1=0.0000, AUROC=0.0000, AUPRC=0.0000
  DDTI - TI-RADS: Acc=0.0000, Prec=0.0000, Rec=0.0000, F1=0.0000, AUC=0.0000
Testing on ThyroidXL...
  ThyroidXL - Dice: 0.7295, HD95: 22.5183
  ThyroidXL - BM: Acc=0.6526, Prec=0.6733, Rec=0.4887, F1=0.5663, AUROC=0.7157, AUPRC=0.6714
  ThyroidXL - TI-RADS: Acc=0.0000, Prec=0.0000, Rec=0.0000, F1=0.0000, AUC=0.0000
Testing on PKTN...
  PKTN - Dice: 0.5791, HD95: 39.7349
  PKTN - BM: Acc=0.0000, Prec=0.0000, Rec=0.0000, F1=0.0000, AUROC=0.0000, AUPRC=0.0000
  PKTN - TI-RADS: Acc=0.0000, Prec=0.0000, Rec=0.0000, F1=0.0000, AUC=0.0000
Testing on TN5K...
  TN5K - Dice: 0.5814, HD95: 35.7752
  TN5K - BM: Acc=0.7310, Prec=0.7381, Rec=0.9795, F1=0.8419, AUROC=0.5787, AUPRC=0.7654
  TN5K - TI-RADS: Acc=0.0000, Prec=0.0000, Rec=0.0000, F1=0.0000, AUC=0.0000
Epoch:11: seg_loss(avg):0.6193, bm_loss(avg):0.4690, tirads_loss(avg):0.1708
Epoch:12: seg_loss(avg):0.6108, bm_loss(avg):0.4475, tirads_loss(avg):0.1212
Epoch:13: seg_loss(avg):0.5940, bm_loss(avg):0.4470, tirads_loss(avg):0.1470
Epoch:14: seg_loss(avg):0.5831, bm_loss(avg):0.4250, tirads_loss(avg):0.1150
Epoch:15: seg_loss(avg):0.5716, bm_loss(avg):0.4168, tirads_loss(avg):0.0979
Saved checkpoint at epoch 15

Validating epoch 15 on all test datasets...
Testing on TN3K...
  TN3K - Dice: 0.7461, HD95: 27.1264
  TN3K - BM: Acc=0.4349, Prec=0.4045, Rec=0.9958, F1=0.5753, AUROC=0.6463, AUPRC=0.5048
  TN3K - TI-RADS: Acc=0.0000, Prec=0.0000, Rec=0.0000, F1=0.0000, AUC=0.0000
Testing on DDTI...
  DDTI - Dice: 0.7036, HD95: 26.8275
  DDTI - BM: Acc=0.0000, Prec=0.0000, Rec=0.0000, F1=0.0000, AUROC=0.0000, AUPRC=0.0000
  DDTI - TI-RADS: Acc=0.0000, Prec=0.0000, Rec=0.0000, F1=0.0000, AUC=0.0000
Testing on ThyroidXL...
  ThyroidXL - Dice: 0.7827, HD95: 15.6848
  ThyroidXL - BM: Acc=0.6612, Prec=0.6072, Rec=0.7649, F1=0.6770, AUROC=0.7388, AUPRC=0.6912
  ThyroidXL - TI-RADS: Acc=0.0000, Prec=0.0000, Rec=0.0000, F1=0.0000, AUC=0.0000
Testing on PKTN...
  PKTN - Dice: 0.6282, HD95: 32.3537
  PKTN - BM: Acc=0.0000, Prec=0.0000, Rec=0.0000, F1=0.0000, AUROC=0.0000, AUPRC=0.0000
  PKTN - TI-RADS: Acc=0.0000, Prec=0.0000, Rec=0.0000, F1=0.0000, AUC=0.0000
Testing on TN5K...
  TN5K - Dice: 0.6308, HD95: 28.0388
  TN5K - BM: Acc=0.7330, Prec=0.7329, Rec=0.9986, F1=0.8454, AUROC=0.6043, AUPRC=0.7845
  TN5K - TI-RADS: Acc=0.0000, Prec=0.0000, Rec=0.0000, F1=0.0000, AUC=0.0000
Epoch:16: seg_loss(avg):0.5675, bm_loss(avg):0.4047, tirads_loss(avg):0.1002
Epoch:17: seg_loss(avg):0.5547, bm_loss(avg):0.3983, tirads_loss(avg):0.0727
Epoch:18: seg_loss(avg):0.5461, bm_loss(avg):0.3932, tirads_loss(avg):0.0693
Epoch:19: seg_loss(avg):0.5382, bm_loss(avg):0.3897, tirads_loss(avg):0.0491
Epoch:20: seg_loss(avg):0.5347, bm_loss(avg):0.3673, tirads_loss(avg):0.0640
Saved checkpoint at epoch 20

Validating epoch 20 on all test datasets...
Testing on TN3K...
  TN3K - Dice: 0.7474, HD95: 27.4671
  TN3K - BM: Acc=0.5277, Prec=0.4453, Rec=0.9322, F1=0.6027, AUROC=0.6724, AUPRC=0.5176
  TN3K - TI-RADS: Acc=0.0000, Prec=0.0000, Rec=0.0000, F1=0.0000, AUC=0.0000
Testing on DDTI...
  DDTI - Dice: 0.7214, HD95: 26.8367
  DDTI - BM: Acc=0.0000, Prec=0.0000, Rec=0.0000, F1=0.0000, AUROC=0.0000, AUPRC=0.0000
  DDTI - TI-RADS: Acc=0.0000, Prec=0.0000, Rec=0.0000, F1=0.0000, AUC=0.0000
Testing on ThyroidXL...
  ThyroidXL - Dice: 0.8040, HD95: 13.6344
  ThyroidXL - BM: Acc=0.6914, Prec=0.7091, Rec=0.5680, F1=0.6308, AUROC=0.7626, AUPRC=0.7181
  ThyroidXL - TI-RADS: Acc=0.0000, Prec=0.0000, Rec=0.0000, F1=0.0000, AUC=0.0000
Testing on PKTN...
  PKTN - Dice: 0.6084, HD95: 35.4372
  PKTN - BM: Acc=0.0000, Prec=0.0000, Rec=0.0000, F1=0.0000, AUROC=0.0000, AUPRC=0.0000
  PKTN - TI-RADS: Acc=0.0000, Prec=0.0000, Rec=0.0000, F1=0.0000, AUC=0.0000
Testing on TN5K...
  TN5K - Dice: 0.6607, HD95: 26.9401
  TN5K - BM: Acc=0.7390, Prec=0.7448, Rec=0.9781, F1=0.8457, AUROC=0.6362, AUPRC=0.8055
  TN5K - TI-RADS: Acc=0.0000, Prec=0.0000, Rec=0.0000, F1=0.0000, AUC=0.0000
Epoch:21: seg_loss(avg):0.5208, bm_loss(avg):0.3707, tirads_loss(avg):0.0489
Epoch:22: seg_loss(avg):0.5157, bm_loss(avg):0.3603, tirads_loss(avg):0.0516
Epoch:23: seg_loss(avg):0.5051, bm_loss(avg):0.3562, tirads_loss(avg):0.0259
Epoch:24: seg_loss(avg):0.5023, bm_loss(avg):0.3608, tirads_loss(avg):0.0344
Epoch:25: seg_loss(avg):0.4905, bm_loss(avg):0.3494, tirads_loss(avg):0.0158
Saved checkpoint at epoch 25

Validating epoch 25 on all test datasets...
Testing on TN3K...
  TN3K - Dice: 0.7600, HD95: 26.4658
  TN3K - BM: Acc=0.5651, Prec=0.4655, Rec=0.8856, F1=0.6102, AUROC=0.6891, AUPRC=0.5542
  TN3K - TI-RADS: Acc=0.0000, Prec=0.0000, Rec=0.0000, F1=0.0000, AUC=0.0000
Testing on DDTI...
  DDTI - Dice: 0.7281, HD95: 26.8959
  DDTI - BM: Acc=0.0000, Prec=0.0000, Rec=0.0000, F1=0.0000, AUROC=0.0000, AUPRC=0.0000
  DDTI - TI-RADS: Acc=0.0000, Prec=0.0000, Rec=0.0000, F1=0.0000, AUC=0.0000
Testing on ThyroidXL...
  ThyroidXL - Dice: 0.7963, HD95: 15.5631
  ThyroidXL - BM: Acc=0.7091, Prec=0.7280, Rec=0.5959, F1=0.6553, AUROC=0.7850, AUPRC=0.7434
  ThyroidXL - TI-RADS: Acc=0.0000, Prec=0.0000, Rec=0.0000, F1=0.0000, AUC=0.0000
Testing on PKTN...
  PKTN - Dice: 0.6354, HD95: 35.5336
  PKTN - BM: Acc=0.0000, Prec=0.0000, Rec=0.0000, F1=0.0000, AUROC=0.0000, AUPRC=0.0000
  PKTN - TI-RADS: Acc=0.0000, Prec=0.0000, Rec=0.0000, F1=0.0000, AUC=0.0000
Testing on TN5K...
  TN5K - Dice: 0.6762, HD95: 27.5086
  TN5K - BM: Acc=0.7350, Prec=0.7549, Rec=0.9439, F1=0.8389, AUROC=0.6446, AUPRC=0.8124
  TN5K - TI-RADS: Acc=0.0000, Prec=0.0000, Rec=0.0000, F1=0.0000, AUC=0.0000
Epoch:26: seg_loss(avg):0.4858, bm_loss(avg):0.3470, tirads_loss(avg):0.0211
Epoch:27: seg_loss(avg):0.4827, bm_loss(avg):0.3493, tirads_loss(avg):0.0233
Epoch:28: seg_loss(avg):0.4740, bm_loss(avg):0.3476, tirads_loss(avg):0.0197
Epoch:29: seg_loss(avg):0.4672, bm_loss(avg):0.3397, tirads_loss(avg):0.0106
Epoch:30: seg_loss(avg):0.4631, bm_loss(avg):0.3241, tirads_loss(avg):0.0133
Saved checkpoint at epoch 30

Validating epoch 30 on all test datasets...
Testing on TN3K...
  TN3K - Dice: 0.7770, HD95: 23.7503
  TN3K - BM: Acc=0.5798, Prec=0.4742, Rec=0.8559, F1=0.6103, AUROC=0.6972, AUPRC=0.5309
  TN3K - TI-RADS: Acc=0.0000, Prec=0.0000, Rec=0.0000, F1=0.0000, AUC=0.0000
Testing on DDTI...
  DDTI - Dice: 0.7292, HD95: 25.3201
  DDTI - BM: Acc=0.0000, Prec=0.0000, Rec=0.0000, F1=0.0000, AUROC=0.0000, AUPRC=0.0000
  DDTI - TI-RADS: Acc=0.0000, Prec=0.0000, Rec=0.0000, F1=0.0000, AUC=0.0000
Testing on ThyroidXL...
  ThyroidXL - Dice: 0.8215, HD95: 12.3032
  ThyroidXL - BM: Acc=0.7086, Prec=0.7151, Rec=0.6186, F1=0.6633, AUROC=0.7916, AUPRC=0.7475
  ThyroidXL - TI-RADS: Acc=0.0000, Prec=0.0000, Rec=0.0000, F1=0.0000, AUC=0.0000
Testing on PKTN...
  PKTN - Dice: 0.6556, HD95: 31.6015
  PKTN - BM: Acc=0.0000, Prec=0.0000, Rec=0.0000, F1=0.0000, AUROC=0.0000, AUPRC=0.0000
  PKTN - TI-RADS: Acc=0.0000, Prec=0.0000, Rec=0.0000, F1=0.0000, AUC=0.0000
Testing on TN5K...
  TN5K - Dice: 0.6969, HD95: 23.5552
  TN5K - BM: Acc=0.7400, Prec=0.7551, Rec=0.9535, F1=0.8428, AUROC=0.6390, AUPRC=0.8064
  TN5K - TI-RADS: Acc=0.0000, Prec=0.0000, Rec=0.0000, F1=0.0000, AUC=0.0000
Epoch:31: seg_loss(avg):0.4567, bm_loss(avg):0.3225, tirads_loss(avg):0.0185
Epoch:32: seg_loss(avg):0.4478, bm_loss(avg):0.3252, tirads_loss(avg):0.0104
Epoch:33: seg_loss(avg):0.4432, bm_loss(avg):0.3211, tirads_loss(avg):0.0157
Epoch:34: seg_loss(avg):0.4400, bm_loss(avg):0.3137, tirads_loss(avg):0.0072
Epoch:35: seg_loss(avg):0.4352, bm_loss(avg):0.3100, tirads_loss(avg):0.0030
Saved checkpoint at epoch 35

Validating epoch 35 on all test datasets...
Testing on TN3K...
  TN3K - Dice: 0.7738, HD95: 25.2523
  TN3K - BM: Acc=0.5733, Prec=0.4683, Rec=0.8136, F1=0.5944, AUROC=0.7015, AUPRC=0.5997
  TN3K - TI-RADS: Acc=0.0000, Prec=0.0000, Rec=0.0000, F1=0.0000, AUC=0.0000
Testing on DDTI...
  DDTI - Dice: 0.7437, HD95: 25.1863
  DDTI - BM: Acc=0.0000, Prec=0.0000, Rec=0.0000, F1=0.0000, AUROC=0.0000, AUPRC=0.0000
  DDTI - TI-RADS: Acc=0.0000, Prec=0.0000, Rec=0.0000, F1=0.0000, AUC=0.0000
Testing on ThyroidXL...
  ThyroidXL - Dice: 0.8225, HD95: 12.7123
  ThyroidXL - BM: Acc=0.7038, Prec=0.7671, Rec=0.5196, F1=0.6195, AUROC=0.8000, AUPRC=0.7607
  ThyroidXL - TI-RADS: Acc=0.0000, Prec=0.0000, Rec=0.0000, F1=0.0000, AUC=0.0000
Testing on PKTN...
  PKTN - Dice: 0.6513, HD95: 31.6829
  PKTN - BM: Acc=0.0000, Prec=0.0000, Rec=0.0000, F1=0.0000, AUROC=0.0000, AUPRC=0.0000
  PKTN - TI-RADS: Acc=0.0000, Prec=0.0000, Rec=0.0000, F1=0.0000, AUC=0.0000
Testing on TN5K...
  TN5K - Dice: 0.6972, HD95: 24.6438
  TN5K - BM: Acc=0.7310, Prec=0.7655, Rec=0.9111, F1=0.8320, AUROC=0.6665, AUPRC=0.8257
  TN5K - TI-RADS: Acc=0.0000, Prec=0.0000, Rec=0.0000, F1=0.0000, AUC=0.0000
Epoch:36: seg_loss(avg):0.4310, bm_loss(avg):0.2938, tirads_loss(avg):0.0066
Epoch:37: seg_loss(avg):0.4263, bm_loss(avg):0.3000, tirads_loss(avg):0.0081
Epoch:38: seg_loss(avg):0.4220, bm_loss(avg):0.2932, tirads_loss(avg):0.0057
Epoch:39: seg_loss(avg):0.4182, bm_loss(avg):0.2905, tirads_loss(avg):0.0032
Epoch:40: seg_loss(avg):0.4149, bm_loss(avg):0.2816, tirads_loss(avg):0.0022
Saved checkpoint at epoch 40

Validating epoch 40 on all test datasets...
Testing on TN3K...
  TN3K - Dice: 0.7860, HD95: 22.5329
  TN3K - BM: Acc=0.5945, Prec=0.4834, Rec=0.8008, F1=0.6029, AUROC=0.7072, AUPRC=0.6117
  TN3K - TI-RADS: Acc=0.0000, Prec=0.0000, Rec=0.0000, F1=0.0000, AUC=0.0000
Testing on DDTI...
  DDTI - Dice: 0.7402, HD95: 24.3863
  DDTI - BM: Acc=0.0000, Prec=0.0000, Rec=0.0000, F1=0.0000, AUROC=0.0000, AUPRC=0.0000
  DDTI - TI-RADS: Acc=0.0000, Prec=0.0000, Rec=0.0000, F1=0.0000, AUC=0.0000
Testing on ThyroidXL...
  ThyroidXL - Dice: 0.8306, HD95: 11.4476
  ThyroidXL - BM: Acc=0.6967, Prec=0.7692, Rec=0.4948, F1=0.6023, AUROC=0.7917, AUPRC=0.7558
  ThyroidXL - TI-RADS: Acc=0.0000, Prec=0.0000, Rec=0.0000, F1=0.0000, AUC=0.0000
Testing on PKTN...
  PKTN - Dice: 0.6732, HD95: 28.4096
  PKTN - BM: Acc=0.0000, Prec=0.0000, Rec=0.0000, F1=0.0000, AUROC=0.0000, AUPRC=0.0000
  PKTN - TI-RADS: Acc=0.0000, Prec=0.0000, Rec=0.0000, F1=0.0000, AUC=0.0000
Testing on TN5K...
  TN5K - Dice: 0.7073, HD95: 22.5875
  TN5K - BM: Acc=0.7160, Prec=0.7614, Rec=0.8906, F1=0.8209, AUROC=0.6679, AUPRC=0.8288
  TN5K - TI-RADS: Acc=0.0000, Prec=0.0000, Rec=0.0000, F1=0.0000, AUC=0.0000
Epoch:41: seg_loss(avg):0.4117, bm_loss(avg):0.2910, tirads_loss(avg):0.0032
Epoch:42: seg_loss(avg):0.4100, bm_loss(avg):0.2837, tirads_loss(avg):0.0036
Epoch:43: seg_loss(avg):0.4078, bm_loss(avg):0.2860, tirads_loss(avg):0.0011
Epoch:44: seg_loss(avg):0.4045, bm_loss(avg):0.2692, tirads_loss(avg):0.0039
Epoch:45: seg_loss(avg):0.4007, bm_loss(avg):0.2753, tirads_loss(avg):0.0009
Saved checkpoint at epoch 45

Validating epoch 45 on all test datasets...
Testing on TN3K...
  TN3K - Dice: 0.7888, HD95: 22.6872
  TN3K - BM: Acc=0.5586, Prec=0.4598, Rec=0.8475, F1=0.5961, AUROC=0.7052, AUPRC=0.6122
  TN3K - TI-RADS: Acc=0.0000, Prec=0.0000, Rec=0.0000, F1=0.0000, AUC=0.0000
Testing on DDTI...
  DDTI - Dice: 0.7464, HD95: 24.1786
  DDTI - BM: Acc=0.0000, Prec=0.0000, Rec=0.0000, F1=0.0000, AUROC=0.0000, AUPRC=0.0000
  DDTI - TI-RADS: Acc=0.0000, Prec=0.0000, Rec=0.0000, F1=0.0000, AUC=0.0000
Testing on ThyroidXL...
  ThyroidXL - Dice: 0.8326, HD95: 11.3921
  ThyroidXL - BM: Acc=0.7139, Prec=0.7360, Rec=0.5979, F1=0.6598, AUROC=0.7988, AUPRC=0.7614
  ThyroidXL - TI-RADS: Acc=0.0000, Prec=0.0000, Rec=0.0000, F1=0.0000, AUC=0.0000
Testing on PKTN...
  PKTN - Dice: 0.6738, HD95: 28.9107
  PKTN - BM: Acc=0.0000, Prec=0.0000, Rec=0.0000, F1=0.0000, AUROC=0.0000, AUPRC=0.0000
  PKTN - TI-RADS: Acc=0.0000, Prec=0.0000, Rec=0.0000, F1=0.0000, AUC=0.0000
Testing on TN5K...
  TN5K - Dice: 0.7101, HD95: 22.5110
  TN5K - BM: Acc=0.7350, Prec=0.7636, Rec=0.9234, F1=0.8359, AUROC=0.6737, AUPRC=0.8283
  TN5K - TI-RADS: Acc=0.0000, Prec=0.0000, Rec=0.0000, F1=0.0000, AUC=0.0000
Epoch:46: seg_loss(avg):0.4029, bm_loss(avg):0.2749, tirads_loss(avg):0.0009
Epoch:47: seg_loss(avg):0.4046, bm_loss(avg):0.2726, tirads_loss(avg):0.0014
Epoch:48: seg_loss(avg):0.3996, bm_loss(avg):0.2693, tirads_loss(avg):0.0026
Epoch:49: seg_loss(avg):0.3981, bm_loss(avg):0.2690, tirads_loss(avg):0.0016
Epoch:50: seg_loss(avg):0.4049, bm_loss(avg):0.2645, tirads_loss(avg):0.0024
Saved checkpoint at epoch 50

Validating epoch 50 on all test datasets...
Testing on TN3K...
  TN3K - Dice: 0.7884, HD95: 22.9636
  TN3K - BM: Acc=0.5765, Prec=0.4706, Rec=0.8136, F1=0.5963, AUROC=0.7049, AUPRC=0.6134
  TN3K - TI-RADS: Acc=0.0000, Prec=0.0000, Rec=0.0000, F1=0.0000, AUC=0.0000
Testing on DDTI...
  DDTI - Dice: 0.7444, HD95: 24.0125
  DDTI - BM: Acc=0.0000, Prec=0.0000, Rec=0.0000, F1=0.0000, AUROC=0.0000, AUPRC=0.0000
  DDTI - TI-RADS: Acc=0.0000, Prec=0.0000, Rec=0.0000, F1=0.0000, AUC=0.0000
Testing on ThyroidXL...
  ThyroidXL - Dice: 0.8338, HD95: 11.1893
  ThyroidXL - BM: Acc=0.7105, Prec=0.7386, Rec=0.5825, F1=0.6513, AUROC=0.7983, AUPRC=0.7613
  ThyroidXL - TI-RADS: Acc=0.0000, Prec=0.0000, Rec=0.0000, F1=0.0000, AUC=0.0000
Testing on PKTN...
  PKTN - Dice: 0.6785, HD95: 27.9470
  PKTN - BM: Acc=0.0000, Prec=0.0000, Rec=0.0000, F1=0.0000, AUROC=0.0000, AUPRC=0.0000
  PKTN - TI-RADS: Acc=0.0000, Prec=0.0000, Rec=0.0000, F1=0.0000, AUC=0.0000
Testing on TN5K...
  TN5K - Dice: 0.7117, HD95: 22.2153
  TN5K - BM: Acc=0.7310, Prec=0.7661, Rec=0.9097, F1=0.8318, AUROC=0.6737, AUPRC=0.8300
  TN5K - TI-RADS: Acc=0.0000, Prec=0.0000, Rec=0.0000, F1=0.0000, AUC=0.0000

========== Evaluation Summary (All Test Records) ==========

Dataset: TN3K
Eval epochs: [5, 10, 15, 20, 25, 30, 35, 40, 45, 50]
Dice per eval: [0.6764, 0.6912, 0.7461, 0.7474, 0.76, 0.777, 0.7738, 0.786, 0.7888, 0.7884]
HD95 per eval: [np.float64(33.9076), np.float64(34.4484), np.float64(27.1264), np.float64(27.4671), np.float64(26.4658), np.float64(23.7503), np.float64(25.2523), np.float64(22.5329), np.float64(22.6872), np.float64(22.9636)]
Best Dice: 0.7888 at epoch 45
Best HD95: 22.5329 at epoch 40

BM metrics per eval:
  Acc:  [np.float64(0.4723), np.float64(0.4495), np.float64(0.4349), np.float64(0.5277), np.float64(0.5651), np.float64(0.5798), np.float64(0.5733), np.float64(0.5945), np.float64(0.5586), np.float64(0.5765)]
  Prec: [0.417, 0.4083, 0.4045, 0.4453, 0.4655, 0.4742, 0.4683, 0.4834, 0.4598, 0.4706]
  Rec:  [0.9364, 0.9619, 0.9958, 0.9322, 0.8856, 0.8559, 0.8136, 0.8008, 0.8475, 0.8136]
  F1:   [0.577, 0.5732, 0.5753, 0.6027, 0.6102, 0.6103, 0.5944, 0.6029, 0.5961, 0.5963]
  AUROC:[0.621, 0.6262, 0.6463, 0.6724, 0.6891, 0.6972, 0.7015, 0.7072, 0.7052, 0.7049]
  AUPRC:[0.4859, 0.4771, 0.5048, 0.5176, 0.5542, 0.5309, 0.5997, 0.6117, 0.6122, 0.6134]
Best BM F1: 0.6103 at epoch 30

TI-RADS metrics per eval:
  Acc:  [0.0, 0.0, 0.0, 0.0, 0.0, 0.0, 0.0, 0.0, 0.0, 0.0]
  Prec: [0.0, 0.0, 0.0, 0.0, 0.0, 0.0, 0.0, 0.0, 0.0, 0.0]
  Rec:  [0.0, 0.0, 0.0, 0.0, 0.0, 0.0, 0.0, 0.0, 0.0, 0.0]
  F1:   [0.0, 0.0, 0.0, 0.0, 0.0, 0.0, 0.0, 0.0, 0.0, 0.0]
  AUC:  [0.0, 0.0, 0.0, 0.0, 0.0, 0.0, 0.0, 0.0, 0.0, 0.0]
Best TI-RADS F1: 0.0000 at epoch 5

Dataset: DDTI
Eval epochs: [5, 10, 15, 20, 25, 30, 35, 40, 45, 50]
Dice per eval: [0.6479, 0.6944, 0.7036, 0.7214, 0.7281, 0.7292, 0.7437, 0.7402, 0.7464, 0.7444]
HD95 per eval: [np.float64(30.7804), np.float64(28.9476), np.float64(26.8275), np.float64(26.8367), np.float64(26.8959), np.float64(25.3201), np.float64(25.1863), np.float64(24.3863), np.float64(24.1786), np.float64(24.0125)]
Best Dice: 0.7464 at epoch 45
Best HD95: 24.0125 at epoch 50

BM metrics per eval:
  Acc:  [0.0, 0.0, 0.0, 0.0, 0.0, 0.0, 0.0, 0.0, 0.0, 0.0]
  Prec: [0.0, 0.0, 0.0, 0.0, 0.0, 0.0, 0.0, 0.0, 0.0, 0.0]
  Rec:  [0.0, 0.0, 0.0, 0.0, 0.0, 0.0, 0.0, 0.0, 0.0, 0.0]
  F1:   [0.0, 0.0, 0.0, 0.0, 0.0, 0.0, 0.0, 0.0, 0.0, 0.0]
  AUROC:[0.0, 0.0, 0.0, 0.0, 0.0, 0.0, 0.0, 0.0, 0.0, 0.0]
  AUPRC:[0.0, 0.0, 0.0, 0.0, 0.0, 0.0, 0.0, 0.0, 0.0, 0.0]
Best BM F1: 0.0000 at epoch 5

TI-RADS metrics per eval:
  Acc:  [0.0, 0.0, 0.0, 0.0, 0.0, 0.0, 0.0, 0.0, 0.0, 0.0]
  Prec: [0.0, 0.0, 0.0, 0.0, 0.0, 0.0, 0.0, 0.0, 0.0, 0.0]
  Rec:  [0.0, 0.0, 0.0, 0.0, 0.0, 0.0, 0.0, 0.0, 0.0, 0.0]
  F1:   [0.0, 0.0, 0.0, 0.0, 0.0, 0.0, 0.0, 0.0, 0.0, 0.0]
  AUC:  [0.0, 0.0, 0.0, 0.0, 0.0, 0.0, 0.0, 0.0, 0.0, 0.0]
Best TI-RADS F1: 0.0000 at epoch 5

Dataset: ThyroidXL
Eval epochs: [5, 10, 15, 20, 25, 30, 35, 40, 45, 50]
Dice per eval: [0.7092, 0.7295, 0.7827, 0.804, 0.7963, 0.8215, 0.8225, 0.8306, 0.8326, 0.8338]
HD95 per eval: [np.float64(23.0186), np.float64(22.5183), np.float64(15.6848), np.float64(13.6344), np.float64(15.5631), np.float64(12.3032), np.float64(12.7123), np.float64(11.4476), np.float64(11.3921), np.float64(11.1893)]
Best Dice: 0.8338 at epoch 50
Best HD95: 11.1893 at epoch 50

BM metrics per eval:
  Acc:  [np.float64(0.6474), np.float64(0.6526), np.float64(0.6612), np.float64(0.6914), np.float64(0.7091), np.float64(0.7086), np.float64(0.7038), np.float64(0.6967), np.float64(0.7139), np.float64(0.7105)]
  Prec: [0.6238, 0.6733, 0.6072, 0.7091, 0.728, 0.7151, 0.7671, 0.7692, 0.736, 0.7386]
  Rec:  [0.6052, 0.4887, 0.7649, 0.568, 0.5959, 0.6186, 0.5196, 0.4948, 0.5979, 0.5825]
  F1:   [0.6143, 0.5663, 0.677, 0.6308, 0.6553, 0.6633, 0.6195, 0.6023, 0.6598, 0.6513]
  AUROC:[0.6906, 0.7157, 0.7388, 0.7626, 0.785, 0.7916, 0.8, 0.7917, 0.7988, 0.7983]
  AUPRC:[0.6455, 0.6714, 0.6912, 0.7181, 0.7434, 0.7475, 0.7607, 0.7558, 0.7614, 0.7613]
Best BM F1: 0.6770 at epoch 15

TI-RADS metrics per eval:
  Acc:  [0.0, 0.0, 0.0, 0.0, 0.0, 0.0, 0.0, 0.0, 0.0, 0.0]
  Prec: [0.0, 0.0, 0.0, 0.0, 0.0, 0.0, 0.0, 0.0, 0.0, 0.0]
  Rec:  [0.0, 0.0, 0.0, 0.0, 0.0, 0.0, 0.0, 0.0, 0.0, 0.0]
  F1:   [0.0, 0.0, 0.0, 0.0, 0.0, 0.0, 0.0, 0.0, 0.0, 0.0]
  AUC:  [0.0, 0.0, 0.0, 0.0, 0.0, 0.0, 0.0, 0.0, 0.0, 0.0]
Best TI-RADS F1: 0.0000 at epoch 5

Dataset: PKTN
Eval epochs: [5, 10, 15, 20, 25, 30, 35, 40, 45, 50]
Dice per eval: [0.5428, 0.5791, 0.6282, 0.6084, 0.6354, 0.6556, 0.6513, 0.6732, 0.6738, 0.6785]
HD95 per eval: [np.float64(44.3923), np.float64(39.7349), np.float64(32.3537), np.float64(35.4372), np.float64(35.5336), np.float64(31.6015), np.float64(31.6829), np.float64(28.4096), np.float64(28.9107), np.float64(27.947)]
Best Dice: 0.6785 at epoch 50
Best HD95: 27.9470 at epoch 50

BM metrics per eval:
  Acc:  [0.0, 0.0, 0.0, 0.0, 0.0, 0.0, 0.0, 0.0, 0.0, 0.0]
  Prec: [0.0, 0.0, 0.0, 0.0, 0.0, 0.0, 0.0, 0.0, 0.0, 0.0]
  Rec:  [0.0, 0.0, 0.0, 0.0, 0.0, 0.0, 0.0, 0.0, 0.0, 0.0]
  F1:   [0.0, 0.0, 0.0, 0.0, 0.0, 0.0, 0.0, 0.0, 0.0, 0.0]
  AUROC:[0.0, 0.0, 0.0, 0.0, 0.0, 0.0, 0.0, 0.0, 0.0, 0.0]
  AUPRC:[0.0, 0.0, 0.0, 0.0, 0.0, 0.0, 0.0, 0.0, 0.0, 0.0]
Best BM F1: 0.0000 at epoch 5

TI-RADS metrics per eval:
  Acc:  [0.0, 0.0, 0.0, 0.0, 0.0, 0.0, 0.0, 0.0, 0.0, 0.0]
  Prec: [0.0, 0.0, 0.0, 0.0, 0.0, 0.0, 0.0, 0.0, 0.0, 0.0]
  Rec:  [0.0, 0.0, 0.0, 0.0, 0.0, 0.0, 0.0, 0.0, 0.0, 0.0]
  F1:   [0.0, 0.0, 0.0, 0.0, 0.0, 0.0, 0.0, 0.0, 0.0, 0.0]
  AUC:  [0.0, 0.0, 0.0, 0.0, 0.0, 0.0, 0.0, 0.0, 0.0, 0.0]
Best TI-RADS F1: 0.0000 at epoch 5

Dataset: TN5K
Eval epochs: [5, 10, 15, 20, 25, 30, 35, 40, 45, 50]
Dice per eval: [0.5429, 0.5814, 0.6308, 0.6607, 0.6762, 0.6969, 0.6972, 0.7073, 0.7101, 0.7117]
HD95 per eval: [np.float64(39.0506), np.float64(35.7752), np.float64(28.0388), np.float64(26.9401), np.float64(27.5086), np.float64(23.5552), np.float64(24.6438), np.float64(22.5875), np.float64(22.511), np.float64(22.2153)]
Best Dice: 0.7117 at epoch 50
Best HD95: 22.2153 at epoch 50

BM metrics per eval:
  Acc:  [np.float64(0.716), np.float64(0.731), np.float64(0.733), np.float64(0.739), np.float64(0.735), np.float64(0.74), np.float64(0.731), np.float64(0.716), np.float64(0.735), np.float64(0.731)]
  Prec: [0.7375, 0.7381, 0.7329, 0.7448, 0.7549, 0.7551, 0.7655, 0.7614, 0.7636, 0.7661]
  Rec:  [0.9494, 0.9795, 0.9986, 0.9781, 0.9439, 0.9535, 0.9111, 0.8906, 0.9234, 0.9097]
  F1:   [0.8301, 0.8419, 0.8454, 0.8457, 0.8389, 0.8428, 0.832, 0.8209, 0.8359, 0.8318]
  AUROC:[0.5533, 0.5787, 0.6043, 0.6362, 0.6446, 0.639, 0.6665, 0.6679, 0.6737, 0.6737]
  AUPRC:[0.7523, 0.7654, 0.7845, 0.8055, 0.8124, 0.8064, 0.8257, 0.8288, 0.8283, 0.83]
Best BM F1: 0.8457 at epoch 20

TI-RADS metrics per eval:
  Acc:  [0.0, 0.0, 0.0, 0.0, 0.0, 0.0, 0.0, 0.0, 0.0, 0.0]
  Prec: [0.0, 0.0, 0.0, 0.0, 0.0, 0.0, 0.0, 0.0, 0.0, 0.0]
  Rec:  [0.0, 0.0, 0.0, 0.0, 0.0, 0.0, 0.0, 0.0, 0.0, 0.0]
  F1:   [0.0, 0.0, 0.0, 0.0, 0.0, 0.0, 0.0, 0.0, 0.0, 0.0]
  AUC:  [0.0, 0.0, 0.0, 0.0, 0.0, 0.0, 0.0, 0.0, 0.0, 0.0]
Best TI-RADS F1: 0.0000 at epoch 5

==========================================================

========== Training Completed ==========
Training completed at Fri Dec 26 06:54:51 2025
