Training started at Thu Dec 11 14:55:41 2025
Method: dino_unet
Dataset: train_multitask_dataset2
Epochs: 50
Learning Rate: 0.0001
Batch Size: 12
Train Image Path: /mnt/wangbd8/workspace/DataSets/ThyroidAgent/Superimposed_multitask/dataset_2/images/
Train Mask Path: /mnt/wangbd8/workspace/DataSets/ThyroidAgent/Superimposed_multitask/dataset_2/masks/
Number of test datasets: 5
Test Dataset 1: TN3K
  Image path: /mnt/wangbd8/workspace/DataSets/ThyroidAgent/TN3K/test-image/
  Mask path: /mnt/wangbd8/workspace/DataSets/ThyroidAgent/TN3K/test-mask/
Test Dataset 2: DDTI
  Image path: /mnt/wangbd8/workspace/DataSets/ThyroidAgent/DDTI/2_preprocessed_data/stage1/p_image/
  Mask path: /mnt/wangbd8/workspace/DataSets/ThyroidAgent/DDTI/2_preprocessed_data/stage1/p_mask/
Test Dataset 3: ThyroidXL
  Image path: /mnt/wangbd8/workspace/DataSets/ThyroidAgent/ThyroidXL/test/images/
  Mask path: /mnt/wangbd8/workspace/DataSets/ThyroidAgent/ThyroidXL/test/masks/
Test Dataset 4: PKTN
  Image path: /mnt/wangbd8/workspace/DataSets/ThyroidAgent/PKTN_processed/images/
  Mask path: /mnt/wangbd8/workspace/DataSets/ThyroidAgent/PKTN_processed/masks/
Test Dataset 5: TN5K
  Image path: /mnt/wangbd8/workspace/DataSets/ThyroidAgent/TN5K_processed/test/images/
  Mask path: /mnt/wangbd8/workspace/DataSets/ThyroidAgent/TN5K_processed/test/masks/
Using device: cuda
Training set - Benign/Malignant: Benign=9383 (65.73%), Malignant=4891 (34.27%)
Auto-adjusted tau=0.70 (imbalance_ratio=1.92)
GLA parameters: p_benign=0.6573, p_malignant=0.3427, tau=0.70
Recall boost: 1.50 (additional weight on malignant samples)
Logit adjustment magnitude: 0.4561
Training set - TI-RADS distribution: [0, 0, 0, 0, 0]
TI-RADS probabilities: [0.20000000298023224, 0.20000000298023224, 0.20000000298023224, 0.20000000298023224, 0.20000000298023224]
Seg Weight: 1.0
Benign Malignant Weight: 1.5
TIRADS Weight: 1.0
Epoch:1: loss:2.212716, seg_loss:0.6706, bm_loss:0.4143, ti_loss:0.0000
Epoch:2: loss:1.429305, seg_loss:0.3923, bm_loss:0.3561, ti_loss:0.0000
Epoch:3: loss:1.242154, seg_loss:0.4536, bm_loss:0.5402, ti_loss:0.0000
Epoch:4: loss:1.166339, seg_loss:0.4759, bm_loss:0.4211, ti_loss:0.0000
Epoch:5: loss:1.097529, seg_loss:0.4780, bm_loss:0.8262, ti_loss:0.0000
Saved checkpoint at epoch 5

Validating epoch 5 on all test datasets...
Testing on TN3K...
  TN3K - Dice: 0.8482, HD95: 15.0040
  TN3K - Benign/Malignant: Acc=0.6580, Prec=0.5187, Rec=0.3485, F1=0.4082, AUC=0.7808
  TN3K - TI-RADS: Acc=0.0000, Prec=0.0000, Rec=0.0000, F1=0.0000, AUC=0.0000
Testing on DDTI...
  DDTI - Dice: 0.7887, HD95: 21.1350
  DDTI - Benign/Malignant: Acc=0.0000, Prec=0.0000, Rec=0.0000, F1=0.0000, AUC=0.0000
  DDTI - TI-RADS: Acc=0.0000, Prec=0.0000, Rec=0.0000, F1=0.0000, AUC=0.0000
Testing on ThyroidXL...
  ThyroidXL - Dice: 0.8642, HD95: 7.8162
  ThyroidXL - Benign/Malignant: Acc=0.8483, Prec=0.7426, Rec=0.7332, F1=0.7216, AUC=0.9227
  ThyroidXL - TI-RADS: Acc=0.0000, Prec=0.0000, Rec=0.0000, F1=0.0000, AUC=0.0000
Testing on PKTN...
  PKTN - Dice: 0.7521, HD95: 19.0014
  PKTN - Benign/Malignant: Acc=0.0000, Prec=0.0000, Rec=0.0000, F1=0.0000, AUC=0.0000
  PKTN - TI-RADS: Acc=0.0000, Prec=0.0000, Rec=0.0000, F1=0.0000, AUC=0.0000
Testing on TN5K...
  TN5K - Dice: 0.7127, HD95: 17.9222
  TN5K - Benign/Malignant: Acc=0.8120, Prec=0.6608, Rec=0.6086, F1=0.6084, AUC=0.8562
  TN5K - TI-RADS: Acc=0.0000, Prec=0.0000, Rec=0.0000, F1=0.0000, AUC=0.0000
Epoch:6: loss:1.042941, seg_loss:0.4043, bm_loss:0.2992, ti_loss:0.0000
Epoch:7: loss:0.993833, seg_loss:0.6851, bm_loss:0.1642, ti_loss:0.0000
Epoch:8: loss:0.912152, seg_loss:0.3355, bm_loss:0.2217, ti_loss:0.0000
Epoch:9: loss:0.900317, seg_loss:0.4339, bm_loss:0.2172, ti_loss:0.0000
Epoch:10: loss:0.831332, seg_loss:0.5062, bm_loss:0.1567, ti_loss:0.0000
Saved checkpoint at epoch 10

Validating epoch 10 on all test datasets...
Testing on TN3K...
  TN3K - Dice: 0.8632, HD95: 13.2677
  TN3K - Benign/Malignant: Acc=0.5407, Prec=0.5480, Rec=0.3192, F1=0.3685, AUC=0.7614
  TN3K - TI-RADS: Acc=0.0000, Prec=0.0000, Rec=0.0000, F1=0.0000, AUC=0.0000
Testing on DDTI...
  DDTI - Dice: 0.7065, HD95: 28.4374
  DDTI - Benign/Malignant: Acc=0.0000, Prec=0.0000, Rec=0.0000, F1=0.0000, AUC=0.0000
  DDTI - TI-RADS: Acc=0.0000, Prec=0.0000, Rec=0.0000, F1=0.0000, AUC=0.0000
Testing on ThyroidXL...
  ThyroidXL - Dice: 0.8729, HD95: 6.9522
  ThyroidXL - Benign/Malignant: Acc=0.8397, Prec=0.7574, Rec=0.7417, F1=0.7278, AUC=0.9198
  ThyroidXL - TI-RADS: Acc=0.0000, Prec=0.0000, Rec=0.0000, F1=0.0000, AUC=0.0000
Testing on PKTN...
  PKTN - Dice: 0.7898, HD95: 16.0174
  PKTN - Benign/Malignant: Acc=0.0000, Prec=0.0000, Rec=0.0000, F1=0.0000, AUC=0.0000
  PKTN - TI-RADS: Acc=0.0000, Prec=0.0000, Rec=0.0000, F1=0.0000, AUC=0.0000
Testing on TN5K...
  TN5K - Dice: 0.7826, HD95: 13.9120
  TN5K - Benign/Malignant: Acc=0.7560, Prec=0.6747, Rec=0.6240, F1=0.6017, AUC=0.7943
  TN5K - TI-RADS: Acc=0.0000, Prec=0.0000, Rec=0.0000, F1=0.0000, AUC=0.0000
Epoch:11: loss:0.800195, seg_loss:0.3562, bm_loss:0.2768, ti_loss:0.0000
Epoch:12: loss:0.729627, seg_loss:0.3835, bm_loss:0.6385, ti_loss:0.0000
Epoch:13: loss:0.723970, seg_loss:0.3546, bm_loss:0.1131, ti_loss:0.0000
Epoch:14: loss:0.652294, seg_loss:0.3982, bm_loss:0.3155, ti_loss:0.0000
Epoch:15: loss:0.647549, seg_loss:0.3625, bm_loss:0.0205, ti_loss:0.0000
Saved checkpoint at epoch 15

Validating epoch 15 on all test datasets...
Testing on TN3K...
  TN3K - Dice: 0.8670, HD95: 13.0192
  TN3K - Benign/Malignant: Acc=0.6743, Prec=0.5393, Rec=0.3770, F1=0.4339, AUC=0.7987
  TN3K - TI-RADS: Acc=0.0000, Prec=0.0000, Rec=0.0000, F1=0.0000, AUC=0.0000
Testing on DDTI...
  DDTI - Dice: 0.7926, HD95: 19.2564
  DDTI - Benign/Malignant: Acc=0.0000, Prec=0.0000, Rec=0.0000, F1=0.0000, AUC=0.0000
  DDTI - TI-RADS: Acc=0.0000, Prec=0.0000, Rec=0.0000, F1=0.0000, AUC=0.0000
Testing on ThyroidXL...
  ThyroidXL - Dice: 0.8797, HD95: 6.4107
  ThyroidXL - Benign/Malignant: Acc=0.8550, Prec=0.7599, Rec=0.7403, F1=0.7316, AUC=0.9207
  ThyroidXL - TI-RADS: Acc=0.0000, Prec=0.0000, Rec=0.0000, F1=0.0000, AUC=0.0000
Testing on PKTN...
  PKTN - Dice: 0.7888, HD95: 15.6663
  PKTN - Benign/Malignant: Acc=0.0000, Prec=0.0000, Rec=0.0000, F1=0.0000, AUC=0.0000
  PKTN - TI-RADS: Acc=0.0000, Prec=0.0000, Rec=0.0000, F1=0.0000, AUC=0.0000
Testing on TN5K...
  TN5K - Dice: 0.7828, HD95: 13.5726
  TN5K - Benign/Malignant: Acc=0.7980, Prec=0.6371, Rec=0.5852, F1=0.5910, AUC=0.8309
  TN5K - TI-RADS: Acc=0.0000, Prec=0.0000, Rec=0.0000, F1=0.0000, AUC=0.0000
Epoch:16: loss:0.620584, seg_loss:0.4053, bm_loss:0.0222, ti_loss:0.0000
Epoch:17: loss:0.587887, seg_loss:0.4082, bm_loss:0.0166, ti_loss:0.0000
Epoch:18: loss:0.586907, seg_loss:0.3987, bm_loss:0.0287, ti_loss:0.0000
Epoch:19: loss:0.535039, seg_loss:0.4004, bm_loss:0.0083, ti_loss:0.0000
Epoch:20: loss:0.509660, seg_loss:0.3591, bm_loss:0.0609, ti_loss:0.0000
Saved checkpoint at epoch 20

Validating epoch 20 on all test datasets...
Testing on TN3K...
  TN3K - Dice: 0.8658, HD95: 13.4757
  TN3K - Benign/Malignant: Acc=0.6954, Prec=0.5100, Rec=0.3583, F1=0.4165, AUC=0.7840
  TN3K - TI-RADS: Acc=0.0000, Prec=0.0000, Rec=0.0000, F1=0.0000, AUC=0.0000
Testing on DDTI...
  DDTI - Dice: 0.7837, HD95: 21.2223
  DDTI - Benign/Malignant: Acc=0.0000, Prec=0.0000, Rec=0.0000, F1=0.0000, AUC=0.0000
  DDTI - TI-RADS: Acc=0.0000, Prec=0.0000, Rec=0.0000, F1=0.0000, AUC=0.0000
Testing on ThyroidXL...
  ThyroidXL - Dice: 0.8782, HD95: 6.7228
  ThyroidXL - Benign/Malignant: Acc=0.8201, Prec=0.7315, Rec=0.7110, F1=0.6972, AUC=0.9144
  ThyroidXL - TI-RADS: Acc=0.0000, Prec=0.0000, Rec=0.0000, F1=0.0000, AUC=0.0000
Testing on PKTN...
  PKTN - Dice: 0.7984, HD95: 15.4576
  PKTN - Benign/Malignant: Acc=0.0000, Prec=0.0000, Rec=0.0000, F1=0.0000, AUC=0.0000
  PKTN - TI-RADS: Acc=0.0000, Prec=0.0000, Rec=0.0000, F1=0.0000, AUC=0.0000
Testing on TN5K...
  TN5K - Dice: 0.7797, HD95: 14.9428
  TN5K - Benign/Malignant: Acc=0.7780, Prec=0.6011, Rec=0.5498, F1=0.5525, AUC=0.8183
  TN5K - TI-RADS: Acc=0.0000, Prec=0.0000, Rec=0.0000, F1=0.0000, AUC=0.0000
Epoch:21: loss:0.483010, seg_loss:0.3791, bm_loss:0.0172, ti_loss:0.0000
Epoch:22: loss:0.474710, seg_loss:0.3221, bm_loss:0.2610, ti_loss:0.0000
Epoch:23: loss:0.465566, seg_loss:0.3691, bm_loss:0.1297, ti_loss:0.0000
Epoch:24: loss:0.433240, seg_loss:0.3548, bm_loss:0.0162, ti_loss:0.0000
Epoch:25: loss:0.427672, seg_loss:0.2942, bm_loss:0.0006, ti_loss:0.0000
Saved checkpoint at epoch 25

Validating epoch 25 on all test datasets...
Testing on TN3K...
  TN3K - Dice: 0.8682, HD95: 12.5431
  TN3K - Benign/Malignant: Acc=0.6922, Prec=0.5050, Rec=0.3534, F1=0.4122, AUC=0.7635
  TN3K - TI-RADS: Acc=0.0000, Prec=0.0000, Rec=0.0000, F1=0.0000, AUC=0.0000
Testing on DDTI...
  DDTI - Dice: 0.7861, HD95: 21.3878
  DDTI - Benign/Malignant: Acc=0.0000, Prec=0.0000, Rec=0.0000, F1=0.0000, AUC=0.0000
  DDTI - TI-RADS: Acc=0.0000, Prec=0.0000, Rec=0.0000, F1=0.0000, AUC=0.0000
Testing on ThyroidXL...
  ThyroidXL - Dice: 0.8813, HD95: 6.4588
  ThyroidXL - Benign/Malignant: Acc=0.8268, Prec=0.7463, Rec=0.7239, F1=0.7127, AUC=0.9112
  ThyroidXL - TI-RADS: Acc=0.0000, Prec=0.0000, Rec=0.0000, F1=0.0000, AUC=0.0000
Testing on PKTN...
  PKTN - Dice: 0.7952, HD95: 15.0066
  PKTN - Benign/Malignant: Acc=0.0000, Prec=0.0000, Rec=0.0000, F1=0.0000, AUC=0.0000
  PKTN - TI-RADS: Acc=0.0000, Prec=0.0000, Rec=0.0000, F1=0.0000, AUC=0.0000
Testing on TN5K...
  TN5K - Dice: 0.7750, HD95: 15.0994
  TN5K - Benign/Malignant: Acc=0.7660, Prec=0.6250, Rec=0.5663, F1=0.5640, AUC=0.7803
  TN5K - TI-RADS: Acc=0.0000, Prec=0.0000, Rec=0.0000, F1=0.0000, AUC=0.0000
Epoch:26: loss:0.393791, seg_loss:0.3283, bm_loss:0.0015, ti_loss:0.0000
Epoch:27: loss:0.398211, seg_loss:0.3014, bm_loss:0.0024, ti_loss:0.0000
Epoch:28: loss:0.379204, seg_loss:0.3809, bm_loss:0.0030, ti_loss:0.0000
Epoch:29: loss:0.363410, seg_loss:0.4202, bm_loss:0.0083, ti_loss:0.0000
Epoch:30: loss:0.363478, seg_loss:0.3871, bm_loss:0.0038, ti_loss:0.0000
Saved checkpoint at epoch 30

Validating epoch 30 on all test datasets...
Testing on TN3K...
  TN3K - Dice: 0.8645, HD95: 13.9131
  TN3K - Benign/Malignant: Acc=0.7166, Prec=0.5067, Rec=0.3673, F1=0.4217, AUC=0.7950
  TN3K - TI-RADS: Acc=0.0000, Prec=0.0000, Rec=0.0000, F1=0.0000, AUC=0.0000
Testing on DDTI...
  DDTI - Dice: 0.7836, HD95: 20.8338
  DDTI - Benign/Malignant: Acc=0.0000, Prec=0.0000, Rec=0.0000, F1=0.0000, AUC=0.0000
  DDTI - TI-RADS: Acc=0.0000, Prec=0.0000, Rec=0.0000, F1=0.0000, AUC=0.0000
Testing on ThyroidXL...
  ThyroidXL - Dice: 0.8855, HD95: 6.0924
  ThyroidXL - Benign/Malignant: Acc=0.8440, Prec=0.7570, Rec=0.7481, F1=0.7348, AUC=0.9232
  ThyroidXL - TI-RADS: Acc=0.0000, Prec=0.0000, Rec=0.0000, F1=0.0000, AUC=0.0000
Testing on PKTN...
  PKTN - Dice: 0.8067, HD95: 13.6703
  PKTN - Benign/Malignant: Acc=0.0000, Prec=0.0000, Rec=0.0000, F1=0.0000, AUC=0.0000
  PKTN - TI-RADS: Acc=0.0000, Prec=0.0000, Rec=0.0000, F1=0.0000, AUC=0.0000
Testing on TN5K...
  TN5K - Dice: 0.7874, HD95: 14.0717
  TN5K - Benign/Malignant: Acc=0.7910, Prec=0.6316, Rec=0.5807, F1=0.5843, AUC=0.8090
  TN5K - TI-RADS: Acc=0.0000, Prec=0.0000, Rec=0.0000, F1=0.0000, AUC=0.0000
Epoch:31: loss:0.349157, seg_loss:0.2993, bm_loss:0.0008, ti_loss:0.0000
Epoch:32: loss:0.336167, seg_loss:0.2859, bm_loss:0.0060, ti_loss:0.0000
Epoch:33: loss:0.330885, seg_loss:0.2915, bm_loss:0.0005, ti_loss:0.0000
Epoch:34: loss:0.317466, seg_loss:0.2634, bm_loss:0.0029, ti_loss:0.0000
Epoch:35: loss:0.312580, seg_loss:0.3308, bm_loss:0.0011, ti_loss:0.0000
Saved checkpoint at epoch 35

Validating epoch 35 on all test datasets...
Testing on TN3K...
  TN3K - Dice: 0.8729, HD95: 12.1287
  TN3K - Benign/Malignant: Acc=0.7003, Prec=0.5171, Rec=0.3681, F1=0.4230, AUC=0.7938
  TN3K - TI-RADS: Acc=0.0000, Prec=0.0000, Rec=0.0000, F1=0.0000, AUC=0.0000
Testing on DDTI...
  DDTI - Dice: 0.7753, HD95: 22.0097
  DDTI - Benign/Malignant: Acc=0.0000, Prec=0.0000, Rec=0.0000, F1=0.0000, AUC=0.0000
  DDTI - TI-RADS: Acc=0.0000, Prec=0.0000, Rec=0.0000, F1=0.0000, AUC=0.0000
Testing on ThyroidXL...
  ThyroidXL - Dice: 0.8828, HD95: 6.1352
  ThyroidXL - Benign/Malignant: Acc=0.8483, Prec=0.7651, Rec=0.7540, F1=0.7377, AUC=0.9230
  ThyroidXL - TI-RADS: Acc=0.0000, Prec=0.0000, Rec=0.0000, F1=0.0000, AUC=0.0000
Testing on PKTN...
  PKTN - Dice: 0.8083, HD95: 13.4760
  PKTN - Benign/Malignant: Acc=0.0000, Prec=0.0000, Rec=0.0000, F1=0.0000, AUC=0.0000
  PKTN - TI-RADS: Acc=0.0000, Prec=0.0000, Rec=0.0000, F1=0.0000, AUC=0.0000
Testing on TN5K...
  TN5K - Dice: 0.7813, HD95: 14.0065
  TN5K - Benign/Malignant: Acc=0.8070, Prec=0.6454, Rec=0.6009, F1=0.5967, AUC=0.8074
  TN5K - TI-RADS: Acc=0.0000, Prec=0.0000, Rec=0.0000, F1=0.0000, AUC=0.0000
Epoch:36: loss:0.302046, seg_loss:0.3334, bm_loss:0.0002, ti_loss:0.0000
Epoch:37: loss:0.292779, seg_loss:0.2546, bm_loss:0.0005, ti_loss:0.0000
Epoch:38: loss:0.290350, seg_loss:0.2707, bm_loss:0.0081, ti_loss:0.0000
Epoch:39: loss:0.281812, seg_loss:0.2856, bm_loss:0.0010, ti_loss:0.0000
Epoch:40: loss:0.276831, seg_loss:0.2850, bm_loss:0.0028, ti_loss:0.0000
Saved checkpoint at epoch 40

Validating epoch 40 on all test datasets...
Testing on TN3K...
  TN3K - Dice: 0.8753, HD95: 12.6309
  TN3K - Benign/Malignant: Acc=0.7182, Prec=0.5171, Rec=0.3770, F1=0.4311, AUC=0.8040
  TN3K - TI-RADS: Acc=0.0000, Prec=0.0000, Rec=0.0000, F1=0.0000, AUC=0.0000
Testing on DDTI...
  DDTI - Dice: 0.7783, HD95: 21.6195
  DDTI - Benign/Malignant: Acc=0.0000, Prec=0.0000, Rec=0.0000, F1=0.0000, AUC=0.0000
  DDTI - TI-RADS: Acc=0.0000, Prec=0.0000, Rec=0.0000, F1=0.0000, AUC=0.0000
Testing on ThyroidXL...
  ThyroidXL - Dice: 0.8851, HD95: 6.0352
  ThyroidXL - Benign/Malignant: Acc=0.8392, Prec=0.7559, Rec=0.7442, F1=0.7254, AUC=0.9250
  ThyroidXL - TI-RADS: Acc=0.0000, Prec=0.0000, Rec=0.0000, F1=0.0000, AUC=0.0000
Testing on PKTN...
  PKTN - Dice: 0.8157, HD95: 13.1359
  PKTN - Benign/Malignant: Acc=0.0000, Prec=0.0000, Rec=0.0000, F1=0.0000, AUC=0.0000
  PKTN - TI-RADS: Acc=0.0000, Prec=0.0000, Rec=0.0000, F1=0.0000, AUC=0.0000
Testing on TN5K...
  TN5K - Dice: 0.7922, HD95: 13.8750
  TN5K - Benign/Malignant: Acc=0.8070, Prec=0.6469, Rec=0.6057, F1=0.6016, AUC=0.8224
  TN5K - TI-RADS: Acc=0.0000, Prec=0.0000, Rec=0.0000, F1=0.0000, AUC=0.0000
Epoch:41: loss:0.273448, seg_loss:0.3439, bm_loss:0.0017, ti_loss:0.0000
Epoch:42: loss:0.266187, seg_loss:0.2339, bm_loss:0.0002, ti_loss:0.0000
Epoch:43: loss:0.265076, seg_loss:0.2315, bm_loss:0.0001, ti_loss:0.0000
Epoch:44: loss:0.260786, seg_loss:0.2345, bm_loss:0.0001, ti_loss:0.0000
Epoch:45: loss:0.258689, seg_loss:0.2008, bm_loss:0.0028, ti_loss:0.0000
Saved checkpoint at epoch 45

Validating epoch 45 on all test datasets...
Testing on TN3K...
  TN3K - Dice: 0.8767, HD95: 12.0868
  TN3K - Benign/Malignant: Acc=0.7476, Prec=0.5269, Rec=0.4015, F1=0.4516, AUC=0.7984
  TN3K - TI-RADS: Acc=0.0000, Prec=0.0000, Rec=0.0000, F1=0.0000, AUC=0.0000
Testing on DDTI...
  DDTI - Dice: 0.7824, HD95: 21.1636
  DDTI - Benign/Malignant: Acc=0.0000, Prec=0.0000, Rec=0.0000, F1=0.0000, AUC=0.0000
  DDTI - TI-RADS: Acc=0.0000, Prec=0.0000, Rec=0.0000, F1=0.0000, AUC=0.0000
Testing on ThyroidXL...
  ThyroidXL - Dice: 0.8857, HD95: 5.9606
  ThyroidXL - Benign/Malignant: Acc=0.8349, Prec=0.7513, Rec=0.7400, F1=0.7192, AUC=0.9254
  ThyroidXL - TI-RADS: Acc=0.0000, Prec=0.0000, Rec=0.0000, F1=0.0000, AUC=0.0000
Testing on PKTN...
  PKTN - Dice: 0.8180, HD95: 13.1623
  PKTN - Benign/Malignant: Acc=0.0000, Prec=0.0000, Rec=0.0000, F1=0.0000, AUC=0.0000
  PKTN - TI-RADS: Acc=0.0000, Prec=0.0000, Rec=0.0000, F1=0.0000, AUC=0.0000
Testing on TN5K...
  TN5K - Dice: 0.7945, HD95: 13.4159
  TN5K - Benign/Malignant: Acc=0.8030, Prec=0.6070, Rec=0.5627, F1=0.5657, AUC=0.8283
  TN5K - TI-RADS: Acc=0.0000, Prec=0.0000, Rec=0.0000, F1=0.0000, AUC=0.0000
Epoch:46: loss:0.255592, seg_loss:0.2287, bm_loss:0.0001, ti_loss:0.0000
Epoch:47: loss:0.253837, seg_loss:0.2068, bm_loss:0.0001, ti_loss:0.0000
Epoch:48: loss:0.253617, seg_loss:0.2215, bm_loss:0.0060, ti_loss:0.0000
Epoch:49: loss:0.253886, seg_loss:0.2286, bm_loss:0.0001, ti_loss:0.0000
Epoch:50: loss:0.251271, seg_loss:0.2133, bm_loss:0.0021, ti_loss:0.0000
Saved checkpoint at epoch 50

Validating epoch 50 on all test datasets...
Testing on TN3K...
  TN3K - Dice: 0.8757, HD95: 12.0980
  TN3K - Benign/Malignant: Acc=0.7215, Prec=0.5269, Rec=0.3884, F1=0.4421, AUC=0.7981
  TN3K - TI-RADS: Acc=0.0000, Prec=0.0000, Rec=0.0000, F1=0.0000, AUC=0.0000
Testing on DDTI...
  DDTI - Dice: 0.7810, HD95: 21.1086
  DDTI - Benign/Malignant: Acc=0.0000, Prec=0.0000, Rec=0.0000, F1=0.0000, AUC=0.0000
  DDTI - TI-RADS: Acc=0.0000, Prec=0.0000, Rec=0.0000, F1=0.0000, AUC=0.0000
Testing on ThyroidXL...
  ThyroidXL - Dice: 0.8854, HD95: 6.0569
  ThyroidXL - Benign/Malignant: Acc=0.8421, Prec=0.7540, Rec=0.7441, F1=0.7248, AUC=0.9258
  ThyroidXL - TI-RADS: Acc=0.0000, Prec=0.0000, Rec=0.0000, F1=0.0000, AUC=0.0000
Testing on PKTN...
  PKTN - Dice: 0.8183, HD95: 12.9779
  PKTN - Benign/Malignant: Acc=0.0000, Prec=0.0000, Rec=0.0000, F1=0.0000, AUC=0.0000
  PKTN - TI-RADS: Acc=0.0000, Prec=0.0000, Rec=0.0000, F1=0.0000, AUC=0.0000
Testing on TN5K...
  TN5K - Dice: 0.7952, HD95: 13.2891
  TN5K - Benign/Malignant: Acc=0.8090, Prec=0.6354, Rec=0.5955, F1=0.5933, AUC=0.8276
  TN5K - TI-RADS: Acc=0.0000, Prec=0.0000, Rec=0.0000, F1=0.0000, AUC=0.0000

========== Training Completed ==========
Training completed at Thu Dec 11 19:59:30 2025

===== Dice Scores Summary =====
Dataset: TN3K
Dice scores per epoch: [0.8482, 0.8632, 0.867, 0.8658, 0.8682, 0.8645, 0.8729, 0.8753, 0.8767, 0.8757]
Best Dice: 0.8767 at epoch 45

Dataset: DDTI
Dice scores per epoch: [0.7887, 0.7065, 0.7926, 0.7837, 0.7861, 0.7836, 0.7753, 0.7783, 0.7824, 0.781]
Best Dice: 0.7926 at epoch 15

Dataset: ThyroidXL
Dice scores per epoch: [0.8642, 0.8729, 0.8797, 0.8782, 0.8813, 0.8855, 0.8828, 0.8851, 0.8857, 0.8854]
Best Dice: 0.8857 at epoch 45

Dataset: PKTN
Dice scores per epoch: [0.7521, 0.7898, 0.7888, 0.7984, 0.7952, 0.8067, 0.8083, 0.8157, 0.818, 0.8183]
Best Dice: 0.8183 at epoch 50

Dataset: TN5K
Dice scores per epoch: [0.7127, 0.7826, 0.7828, 0.7797, 0.775, 0.7874, 0.7813, 0.7922, 0.7945, 0.7952]
Best Dice: 0.7952 at epoch 50

===== HD95 Scores Summary =====
Dataset: TN3K
HD95 scores per epoch: [15.004, 13.2677, 13.0192, 13.4757, 12.5431, 13.9131, 12.1287, 12.6309, 12.0868, 12.098]
Best HD95: 12.0868 at epoch 45

Dataset: DDTI
HD95 scores per epoch: [21.135, 28.4374, 19.2564, 21.2223, 21.3878, 20.8338, 22.0097, 21.6195, 21.1636, 21.1086]
Best HD95: 19.2564 at epoch 15

Dataset: ThyroidXL
HD95 scores per epoch: [7.8162, 6.9522, 6.4107, 6.7228, 6.4588, 6.0924, 6.1352, 6.0352, 5.9606, 6.0569]
Best HD95: 5.9606 at epoch 45

Dataset: PKTN
HD95 scores per epoch: [19.0014, 16.0174, 15.6663, 15.4576, 15.0066, 13.6703, 13.476, 13.1359, 13.1623, 12.9779]
Best HD95: 12.9779 at epoch 50

Dataset: TN5K
HD95 scores per epoch: [17.9222, 13.912, 13.5726, 14.9428, 15.0994, 14.0717, 14.0065, 13.875, 13.4159, 13.2891]
Best HD95: 13.2891 at epoch 50


===== Benign/Malignant Classification Metrics Summary =====
Dataset: TN3K
Accuracy per epoch: [0.658, 0.5407, 0.6743, 0.6954, 0.6922, 0.7166, 0.7003, 0.7182, 0.7476, 0.7215]
Best Accuracy: 0.7476 at epoch 45
Precision per epoch: [0.5187, 0.548, 0.5393, 0.51, 0.505, 0.5067, 0.5171, 0.5171, 0.5269, 0.5269]
Best Precision: 0.5480 at epoch 10
Recall per epoch: [0.3485, 0.3192, 0.377, 0.3583, 0.3534, 0.3673, 0.3681, 0.377, 0.4015, 0.3884]
Best Recall: 0.4015 at epoch 45
F1-Score per epoch: [0.4082, 0.3685, 0.4339, 0.4165, 0.4122, 0.4217, 0.423, 0.4311, 0.4516, 0.4421]
Best F1-Score: 0.4516 at epoch 45
AUC per epoch: [0.7808, 0.7614, 0.7987, 0.784, 0.7635, 0.795, 0.7938, 0.804, 0.7984, 0.7981]
Best AUC: 0.8040 at epoch 40

Dataset: DDTI
Accuracy per epoch: [0.0, 0.0, 0.0, 0.0, 0.0, 0.0, 0.0, 0.0, 0.0, 0.0]
Best Accuracy: 0.0000 at epoch 5
Precision per epoch: [0.0, 0.0, 0.0, 0.0, 0.0, 0.0, 0.0, 0.0, 0.0, 0.0]
Best Precision: 0.0000 at epoch 5
Recall per epoch: [0.0, 0.0, 0.0, 0.0, 0.0, 0.0, 0.0, 0.0, 0.0, 0.0]
Best Recall: 0.0000 at epoch 5
F1-Score per epoch: [0.0, 0.0, 0.0, 0.0, 0.0, 0.0, 0.0, 0.0, 0.0, 0.0]
Best F1-Score: 0.0000 at epoch 5
AUC per epoch: [0.0, 0.0, 0.0, 0.0, 0.0, 0.0, 0.0, 0.0, 0.0, 0.0]
Best AUC: 0.0000 at epoch 5

Dataset: ThyroidXL
Accuracy per epoch: [0.8483, 0.8397, 0.855, 0.8201, 0.8268, 0.844, 0.8483, 0.8392, 0.8349, 0.8421]
Best Accuracy: 0.8550 at epoch 15
Precision per epoch: [0.7426, 0.7574, 0.7599, 0.7315, 0.7463, 0.757, 0.7651, 0.7559, 0.7513, 0.754]
Best Precision: 0.7651 at epoch 35
Recall per epoch: [0.7332, 0.7417, 0.7403, 0.711, 0.7239, 0.7481, 0.754, 0.7442, 0.74, 0.7441]
Best Recall: 0.7540 at epoch 35
F1-Score per epoch: [0.7216, 0.7278, 0.7316, 0.6972, 0.7127, 0.7348, 0.7377, 0.7254, 0.7192, 0.7248]
Best F1-Score: 0.7377 at epoch 35
AUC per epoch: [0.9227, 0.9198, 0.9207, 0.9144, 0.9112, 0.9232, 0.923, 0.925, 0.9254, 0.9258]
Best AUC: 0.9258 at epoch 50

Dataset: PKTN
Accuracy per epoch: [0.0, 0.0, 0.0, 0.0, 0.0, 0.0, 0.0, 0.0, 0.0, 0.0]
Best Accuracy: 0.0000 at epoch 5
Precision per epoch: [0.0, 0.0, 0.0, 0.0, 0.0, 0.0, 0.0, 0.0, 0.0, 0.0]
Best Precision: 0.0000 at epoch 5
Recall per epoch: [0.0, 0.0, 0.0, 0.0, 0.0, 0.0, 0.0, 0.0, 0.0, 0.0]
Best Recall: 0.0000 at epoch 5
F1-Score per epoch: [0.0, 0.0, 0.0, 0.0, 0.0, 0.0, 0.0, 0.0, 0.0, 0.0]
Best F1-Score: 0.0000 at epoch 5
AUC per epoch: [0.0, 0.0, 0.0, 0.0, 0.0, 0.0, 0.0, 0.0, 0.0, 0.0]
Best AUC: 0.0000 at epoch 5

Dataset: TN5K
Accuracy per epoch: [0.812, 0.756, 0.798, 0.778, 0.766, 0.791, 0.807, 0.807, 0.803, 0.809]
Best Accuracy: 0.8120 at epoch 5
Precision per epoch: [0.6608, 0.6747, 0.6371, 0.6011, 0.625, 0.6316, 0.6454, 0.6469, 0.607, 0.6354]
Best Precision: 0.6747 at epoch 10
Recall per epoch: [0.6086, 0.624, 0.5852, 0.5498, 0.5663, 0.5807, 0.6009, 0.6057, 0.5627, 0.5955]
Best Recall: 0.6240 at epoch 10
F1-Score per epoch: [0.6084, 0.6017, 0.591, 0.5525, 0.564, 0.5843, 0.5967, 0.6016, 0.5657, 0.5933]
Best F1-Score: 0.6084 at epoch 5
AUC per epoch: [0.8562, 0.7943, 0.8309, 0.8183, 0.7803, 0.809, 0.8074, 0.8224, 0.8283, 0.8276]
Best AUC: 0.8562 at epoch 5


===== TI-RADS Classification Metrics Summary =====
Dataset: TN3K
Accuracy per epoch: [0.0, 0.0, 0.0, 0.0, 0.0, 0.0, 0.0, 0.0, 0.0, 0.0]
Best Accuracy: 0.0000 at epoch 5
Precision per epoch: [0.0, 0.0, 0.0, 0.0, 0.0, 0.0, 0.0, 0.0, 0.0, 0.0]
Best Precision: 0.0000 at epoch 5
Recall per epoch: [0.0, 0.0, 0.0, 0.0, 0.0, 0.0, 0.0, 0.0, 0.0, 0.0]
Best Recall: 0.0000 at epoch 5
F1-Score per epoch: [0.0, 0.0, 0.0, 0.0, 0.0, 0.0, 0.0, 0.0, 0.0, 0.0]
Best F1-Score: 0.0000 at epoch 5
AUC per epoch: [0.0, 0.0, 0.0, 0.0, 0.0, 0.0, 0.0, 0.0, 0.0, 0.0]
Best AUC: 0.0000 at epoch 5

Dataset: DDTI
Accuracy per epoch: [0.0, 0.0, 0.0, 0.0, 0.0, 0.0, 0.0, 0.0, 0.0, 0.0]
Best Accuracy: 0.0000 at epoch 5
Precision per epoch: [0.0, 0.0, 0.0, 0.0, 0.0, 0.0, 0.0, 0.0, 0.0, 0.0]
Best Precision: 0.0000 at epoch 5
Recall per epoch: [0.0, 0.0, 0.0, 0.0, 0.0, 0.0, 0.0, 0.0, 0.0, 0.0]
Best Recall: 0.0000 at epoch 5
F1-Score per epoch: [0.0, 0.0, 0.0, 0.0, 0.0, 0.0, 0.0, 0.0, 0.0, 0.0]
Best F1-Score: 0.0000 at epoch 5
AUC per epoch: [0.0, 0.0, 0.0, 0.0, 0.0, 0.0, 0.0, 0.0, 0.0, 0.0]
Best AUC: 0.0000 at epoch 5

Dataset: ThyroidXL
Accuracy per epoch: [0.0, 0.0, 0.0, 0.0, 0.0, 0.0, 0.0, 0.0, 0.0, 0.0]
Best Accuracy: 0.0000 at epoch 5
Precision per epoch: [0.0, 0.0, 0.0, 0.0, 0.0, 0.0, 0.0, 0.0, 0.0, 0.0]
Best Precision: 0.0000 at epoch 5
Recall per epoch: [0.0, 0.0, 0.0, 0.0, 0.0, 0.0, 0.0, 0.0, 0.0, 0.0]
Best Recall: 0.0000 at epoch 5
F1-Score per epoch: [0.0, 0.0, 0.0, 0.0, 0.0, 0.0, 0.0, 0.0, 0.0, 0.0]
Best F1-Score: 0.0000 at epoch 5
AUC per epoch: [0.0, 0.0, 0.0, 0.0, 0.0, 0.0, 0.0, 0.0, 0.0, 0.0]
Best AUC: 0.0000 at epoch 5

Dataset: PKTN
Accuracy per epoch: [0.0, 0.0, 0.0, 0.0, 0.0, 0.0, 0.0, 0.0, 0.0, 0.0]
Best Accuracy: 0.0000 at epoch 5
Precision per epoch: [0.0, 0.0, 0.0, 0.0, 0.0, 0.0, 0.0, 0.0, 0.0, 0.0]
Best Precision: 0.0000 at epoch 5
Recall per epoch: [0.0, 0.0, 0.0, 0.0, 0.0, 0.0, 0.0, 0.0, 0.0, 0.0]
Best Recall: 0.0000 at epoch 5
F1-Score per epoch: [0.0, 0.0, 0.0, 0.0, 0.0, 0.0, 0.0, 0.0, 0.0, 0.0]
Best F1-Score: 0.0000 at epoch 5
AUC per epoch: [0.0, 0.0, 0.0, 0.0, 0.0, 0.0, 0.0, 0.0, 0.0, 0.0]
Best AUC: 0.0000 at epoch 5

Dataset: TN5K
Accuracy per epoch: [0.0, 0.0, 0.0, 0.0, 0.0, 0.0, 0.0, 0.0, 0.0, 0.0]
Best Accuracy: 0.0000 at epoch 5
Precision per epoch: [0.0, 0.0, 0.0, 0.0, 0.0, 0.0, 0.0, 0.0, 0.0, 0.0]
Best Precision: 0.0000 at epoch 5
Recall per epoch: [0.0, 0.0, 0.0, 0.0, 0.0, 0.0, 0.0, 0.0, 0.0, 0.0]
Best Recall: 0.0000 at epoch 5
F1-Score per epoch: [0.0, 0.0, 0.0, 0.0, 0.0, 0.0, 0.0, 0.0, 0.0, 0.0]
Best F1-Score: 0.0000 at epoch 5
AUC per epoch: [0.0, 0.0, 0.0, 0.0, 0.0, 0.0, 0.0, 0.0, 0.0, 0.0]
Best AUC: 0.0000 at epoch 5

