Training started at Wed Dec 17 21:53:45 2025
Method: dino_unet
Dataset: train_multitask_dataset1
Epochs: 50
Learning Rate: 0.0001
Batch Size: 12
Train Image Path: /mnt/wangbd8/workspace/DataSets/ThyroidAgent/Superimposed_multitask/dataset_1/images/
Train Mask Path: /mnt/wangbd8/workspace/DataSets/ThyroidAgent/Superimposed_multitask/dataset_1/masks/
Number of test datasets: 5
Test Dataset 1: TN3K
  Image path: /mnt/wangbd8/workspace/DataSets/ThyroidAgent/TN3K/test-image/
  Mask path: /mnt/wangbd8/workspace/DataSets/ThyroidAgent/TN3K/test-mask/
Test Dataset 2: DDTI
  Image path: /mnt/wangbd8/workspace/DataSets/ThyroidAgent/DDTI/2_preprocessed_data/stage1/p_image/
  Mask path: /mnt/wangbd8/workspace/DataSets/ThyroidAgent/DDTI/2_preprocessed_data/stage1/p_mask/
Test Dataset 3: ThyroidXL
  Image path: /mnt/wangbd8/workspace/DataSets/ThyroidAgent/ThyroidXL/test/images/
  Mask path: /mnt/wangbd8/workspace/DataSets/ThyroidAgent/ThyroidXL/test/masks/
Test Dataset 4: PKTN
  Image path: /mnt/wangbd8/workspace/DataSets/ThyroidAgent/PKTN_processed/images/
  Mask path: /mnt/wangbd8/workspace/DataSets/ThyroidAgent/PKTN_processed/masks/
Test Dataset 5: TN5K
  Image path: /mnt/wangbd8/workspace/DataSets/ThyroidAgent/TN5K_processed/test/images/
  Mask path: /mnt/wangbd8/workspace/DataSets/ThyroidAgent/TN5K_processed/test/masks/
Training set - Benign/Malignant: Benign=2331 (49.25%), Malignant=2402 (50.75%)
Auto-adjusted tau=0.30 (imbalance_ratio=1.03)
GLA parameters: p_benign=0.4925, p_malignant=0.5075, tau=0.30
Logit adjustment magnitude: 0.0090
Training set - TI-RADS distribution: [0, 0, 0, 0, 0]
TI-RADS probabilities: [0.20000000298023224, 0.20000000298023224, 0.20000000298023224, 0.20000000298023224, 0.20000000298023224]
Seg Weight: 1.0
Benign Malignant Weight: 0.5
TIRADS Weight: 1.0
Epoch:1: seg_loss(avg):0.8907, bm_loss(avg):0.5860, ti_loss(avg):0.0000
Epoch:2: seg_loss(avg):0.6333, bm_loss(avg):0.4337, ti_loss(avg):0.0000
Epoch:3: seg_loss(avg):0.5497, bm_loss(avg):0.3697, ti_loss(avg):0.0000
Epoch:4: seg_loss(avg):0.5181, bm_loss(avg):0.3247, ti_loss(avg):0.0000
Epoch:5: seg_loss(avg):0.4894, bm_loss(avg):0.2941, ti_loss(avg):0.0000
Saved checkpoint at epoch 5

Validating epoch 5 on all test datasets...
Testing on TN3K...
  TN3K - Dice: 0.8749, HD95: 12.4869
  TN3K - Benign/Malignant: Acc=0.7020, Prec=0.5892, Rec=0.7415, F1=0.6567, AUROC=0.7920, AUPRC=0.7082
  TN3K - TI-RADS: Acc=0.0000, Prec=0.0000, Rec=0.0000, F1=0.0000, AUC=0.0000
Testing on DDTI...
  DDTI - Dice: 0.7517, HD95: 24.9982
  DDTI - Benign/Malignant: Acc=0.0000, Prec=0.0000, Rec=0.0000, F1=0.0000, AUROC=0.0000, AUPRC=0.0000
  DDTI - TI-RADS: Acc=0.0000, Prec=0.0000, Rec=0.0000, F1=0.0000, AUC=0.0000
Testing on ThyroidXL...
  ThyroidXL - Dice: 0.8162, HD95: 11.9439
  ThyroidXL - Benign/Malignant: Acc=0.7258, Prec=0.6335, Rec=0.9711, F1=0.7668, AUROC=0.8897, AUPRC=0.8565
  ThyroidXL - TI-RADS: Acc=0.0000, Prec=0.0000, Rec=0.0000, F1=0.0000, AUC=0.0000
Testing on PKTN...
  PKTN - Dice: 0.7909, HD95: 16.3707
  PKTN - Benign/Malignant: Acc=0.0000, Prec=0.0000, Rec=0.0000, F1=0.0000, AUROC=0.0000, AUPRC=0.0000
  PKTN - TI-RADS: Acc=0.0000, Prec=0.0000, Rec=0.0000, F1=0.0000, AUC=0.0000
Testing on TN5K...
  TN5K - Dice: 0.7797, HD95: 15.2315
  TN5K - Benign/Malignant: Acc=0.7660, Prec=0.8703, Rec=0.7989, F1=0.8331, AUROC=0.8208, AUPRC=0.9237
  TN5K - TI-RADS: Acc=0.0000, Prec=0.0000, Rec=0.0000, F1=0.0000, AUC=0.0000
Epoch:6: seg_loss(avg):0.4700, bm_loss(avg):0.2652, ti_loss(avg):0.0000
Epoch:7: seg_loss(avg):0.4508, bm_loss(avg):0.2340, ti_loss(avg):0.0000
Epoch:8: seg_loss(avg):0.4375, bm_loss(avg):0.2078, ti_loss(avg):0.0000
Epoch:9: seg_loss(avg):0.4259, bm_loss(avg):0.1836, ti_loss(avg):0.0000
Epoch:10: seg_loss(avg):0.4084, bm_loss(avg):0.1595, ti_loss(avg):0.0000
Saved checkpoint at epoch 10

Validating epoch 10 on all test datasets...
Testing on TN3K...
  TN3K - Dice: 0.8798, HD95: 12.1779
  TN3K - Benign/Malignant: Acc=0.6629, Prec=0.5399, Rec=0.8305, F1=0.6544, AUROC=0.7737, AUPRC=0.6676
  TN3K - TI-RADS: Acc=0.0000, Prec=0.0000, Rec=0.0000, F1=0.0000, AUC=0.0000
Testing on DDTI...
  DDTI - Dice: 0.7586, HD95: 25.1972
  DDTI - Benign/Malignant: Acc=0.0000, Prec=0.0000, Rec=0.0000, F1=0.0000, AUROC=0.0000, AUPRC=0.0000
  DDTI - TI-RADS: Acc=0.0000, Prec=0.0000, Rec=0.0000, F1=0.0000, AUC=0.0000
Testing on ThyroidXL...
  ThyroidXL - Dice: 0.8426, HD95: 10.4696
  ThyroidXL - Benign/Malignant: Acc=0.7120, Prec=0.6219, Rec=0.9680, F1=0.7573, AUROC=0.8779, AUPRC=0.8476
  ThyroidXL - TI-RADS: Acc=0.0000, Prec=0.0000, Rec=0.0000, F1=0.0000, AUC=0.0000
Testing on PKTN...
  PKTN - Dice: 0.8054, HD95: 14.2723
  PKTN - Benign/Malignant: Acc=0.0000, Prec=0.0000, Rec=0.0000, F1=0.0000, AUROC=0.0000, AUPRC=0.0000
  PKTN - TI-RADS: Acc=0.0000, Prec=0.0000, Rec=0.0000, F1=0.0000, AUC=0.0000
Testing on TN5K...
  TN5K - Dice: 0.7766, HD95: 14.8558
  TN5K - Benign/Malignant: Acc=0.7760, Prec=0.8477, Rec=0.8454, F1=0.8466, AUROC=0.8071, AUPRC=0.9151
  TN5K - TI-RADS: Acc=0.0000, Prec=0.0000, Rec=0.0000, F1=0.0000, AUC=0.0000
Epoch:11: seg_loss(avg):0.3977, bm_loss(avg):0.1412, ti_loss(avg):0.0000
Epoch:12: seg_loss(avg):0.3950, bm_loss(avg):0.1309, ti_loss(avg):0.0000
Epoch:13: seg_loss(avg):0.3839, bm_loss(avg):0.1083, ti_loss(avg):0.0000
Epoch:14: seg_loss(avg):0.3729, bm_loss(avg):0.0932, ti_loss(avg):0.0000
Epoch:15: seg_loss(avg):0.3601, bm_loss(avg):0.0741, ti_loss(avg):0.0000
Saved checkpoint at epoch 15

Validating epoch 15 on all test datasets...
Testing on TN3K...
  TN3K - Dice: 0.8801, HD95: 11.2561
  TN3K - Benign/Malignant: Acc=0.6726, Prec=0.5549, Rec=0.7500, F1=0.6378, AUROC=0.7557, AUPRC=0.6577
  TN3K - TI-RADS: Acc=0.0000, Prec=0.0000, Rec=0.0000, F1=0.0000, AUC=0.0000
Testing on DDTI...
  DDTI - Dice: 0.7951, HD95: 19.5638
  DDTI - Benign/Malignant: Acc=0.0000, Prec=0.0000, Rec=0.0000, F1=0.0000, AUROC=0.0000, AUPRC=0.0000
  DDTI - TI-RADS: Acc=0.0000, Prec=0.0000, Rec=0.0000, F1=0.0000, AUC=0.0000
Testing on ThyroidXL...
  ThyroidXL - Dice: 0.8422, HD95: 9.7771
  ThyroidXL - Benign/Malignant: Acc=0.7799, Prec=0.6950, Rec=0.9371, F1=0.7981, AUROC=0.8861, AUPRC=0.8595
  ThyroidXL - TI-RADS: Acc=0.0000, Prec=0.0000, Rec=0.0000, F1=0.0000, AUC=0.0000
Testing on PKTN...
  PKTN - Dice: 0.8063, HD95: 13.7769
  PKTN - Benign/Malignant: Acc=0.0000, Prec=0.0000, Rec=0.0000, F1=0.0000, AUROC=0.0000, AUPRC=0.0000
  PKTN - TI-RADS: Acc=0.0000, Prec=0.0000, Rec=0.0000, F1=0.0000, AUC=0.0000
Testing on TN5K...
  TN5K - Dice: 0.7786, HD95: 14.8104
  TN5K - Benign/Malignant: Acc=0.7720, Prec=0.8704, Rec=0.8085, F1=0.8383, AUROC=0.8053, AUPRC=0.9052
  TN5K - TI-RADS: Acc=0.0000, Prec=0.0000, Rec=0.0000, F1=0.0000, AUC=0.0000
Epoch:16: seg_loss(avg):0.3537, bm_loss(avg):0.0750, ti_loss(avg):0.0000
Epoch:17: seg_loss(avg):0.3433, bm_loss(avg):0.0619, ti_loss(avg):0.0000
Epoch:18: seg_loss(avg):0.3367, bm_loss(avg):0.0646, ti_loss(avg):0.0000
Epoch:19: seg_loss(avg):0.3253, bm_loss(avg):0.0534, ti_loss(avg):0.0000
Epoch:20: seg_loss(avg):0.3186, bm_loss(avg):0.0363, ti_loss(avg):0.0000
Saved checkpoint at epoch 20

Validating epoch 20 on all test datasets...
Testing on TN3K...
  TN3K - Dice: 0.8778, HD95: 11.6960
  TN3K - Benign/Malignant: Acc=0.6612, Prec=0.5422, Rec=0.7627, F1=0.6338, AUROC=0.7493, AUPRC=0.6470
  TN3K - TI-RADS: Acc=0.0000, Prec=0.0000, Rec=0.0000, F1=0.0000, AUC=0.0000
Testing on DDTI...
  DDTI - Dice: 0.7791, HD95: 19.7877
  DDTI - Benign/Malignant: Acc=0.0000, Prec=0.0000, Rec=0.0000, F1=0.0000, AUROC=0.0000, AUPRC=0.0000
  DDTI - TI-RADS: Acc=0.0000, Prec=0.0000, Rec=0.0000, F1=0.0000, AUC=0.0000
Testing on ThyroidXL...
  ThyroidXL - Dice: 0.8396, HD95: 9.5801
  ThyroidXL - Benign/Malignant: Acc=0.7301, Prec=0.6434, Rec=0.9392, F1=0.7636, AUROC=0.8681, AUPRC=0.8358
  ThyroidXL - TI-RADS: Acc=0.0000, Prec=0.0000, Rec=0.0000, F1=0.0000, AUC=0.0000
Testing on PKTN...
  PKTN - Dice: 0.8194, HD95: 12.4678
  PKTN - Benign/Malignant: Acc=0.0000, Prec=0.0000, Rec=0.0000, F1=0.0000, AUROC=0.0000, AUPRC=0.0000
  PKTN - TI-RADS: Acc=0.0000, Prec=0.0000, Rec=0.0000, F1=0.0000, AUC=0.0000
Testing on TN5K...
  TN5K - Dice: 0.8029, HD95: 12.2799
  TN5K - Benign/Malignant: Acc=0.7510, Prec=0.8630, Rec=0.7839, F1=0.8215, AUROC=0.7848, AUPRC=0.8998
  TN5K - TI-RADS: Acc=0.0000, Prec=0.0000, Rec=0.0000, F1=0.0000, AUC=0.0000
Epoch:21: seg_loss(avg):0.3085, bm_loss(avg):0.0311, ti_loss(avg):0.0000
Epoch:22: seg_loss(avg):0.3017, bm_loss(avg):0.0226, ti_loss(avg):0.0000
Epoch:23: seg_loss(avg):0.2946, bm_loss(avg):0.0382, ti_loss(avg):0.0000
Epoch:24: seg_loss(avg):0.2864, bm_loss(avg):0.0280, ti_loss(avg):0.0000
Epoch:25: seg_loss(avg):0.2779, bm_loss(avg):0.0254, ti_loss(avg):0.0000
Saved checkpoint at epoch 25

Validating epoch 25 on all test datasets...
Testing on TN3K...
  TN3K - Dice: 0.8790, HD95: 11.5546
  TN3K - Benign/Malignant: Acc=0.7020, Prec=0.6008, Rec=0.6695, F1=0.6333, AUROC=0.7724, AUPRC=0.6587
  TN3K - TI-RADS: Acc=0.0000, Prec=0.0000, Rec=0.0000, F1=0.0000, AUC=0.0000
Testing on DDTI...
  DDTI - Dice: 0.7961, HD95: 18.6470
  DDTI - Benign/Malignant: Acc=0.0000, Prec=0.0000, Rec=0.0000, F1=0.0000, AUROC=0.0000, AUPRC=0.0000
  DDTI - TI-RADS: Acc=0.0000, Prec=0.0000, Rec=0.0000, F1=0.0000, AUC=0.0000
Testing on ThyroidXL...
  ThyroidXL - Dice: 0.8472, HD95: 9.4885
  ThyroidXL - Benign/Malignant: Acc=0.7880, Prec=0.7277, Rec=0.8680, F1=0.7917, AUROC=0.8766, AUPRC=0.8484
  ThyroidXL - TI-RADS: Acc=0.0000, Prec=0.0000, Rec=0.0000, F1=0.0000, AUC=0.0000
Testing on PKTN...
  PKTN - Dice: 0.8185, HD95: 12.7041
  PKTN - Benign/Malignant: Acc=0.0000, Prec=0.0000, Rec=0.0000, F1=0.0000, AUROC=0.0000, AUPRC=0.0000
  PKTN - TI-RADS: Acc=0.0000, Prec=0.0000, Rec=0.0000, F1=0.0000, AUC=0.0000
Testing on TN5K...
  TN5K - Dice: 0.7982, HD95: 12.9433
  TN5K - Benign/Malignant: Acc=0.7660, Prec=0.8889, Rec=0.7770, F1=0.8292, AUROC=0.8422, AUPRC=0.9224
  TN5K - TI-RADS: Acc=0.0000, Prec=0.0000, Rec=0.0000, F1=0.0000, AUC=0.0000
Epoch:26: seg_loss(avg):0.2701, bm_loss(avg):0.0149, ti_loss(avg):0.0000
Epoch:27: seg_loss(avg):0.2613, bm_loss(avg):0.0159, ti_loss(avg):0.0000
Epoch:28: seg_loss(avg):0.2522, bm_loss(avg):0.0072, ti_loss(avg):0.0000
Epoch:29: seg_loss(avg):0.2466, bm_loss(avg):0.0067, ti_loss(avg):0.0000
Epoch:30: seg_loss(avg):0.2410, bm_loss(avg):0.0082, ti_loss(avg):0.0000
Saved checkpoint at epoch 30

Validating epoch 30 on all test datasets...
Testing on TN3K...
  TN3K - Dice: 0.8800, HD95: 11.4880
  TN3K - Benign/Malignant: Acc=0.6775, Prec=0.5625, Rec=0.7246, F1=0.6333, AUROC=0.7602, AUPRC=0.6460
  TN3K - TI-RADS: Acc=0.0000, Prec=0.0000, Rec=0.0000, F1=0.0000, AUC=0.0000
Testing on DDTI...
  DDTI - Dice: 0.7990, HD95: 17.7386
  DDTI - Benign/Malignant: Acc=0.0000, Prec=0.0000, Rec=0.0000, F1=0.0000, AUROC=0.0000, AUPRC=0.0000
  DDTI - TI-RADS: Acc=0.0000, Prec=0.0000, Rec=0.0000, F1=0.0000, AUC=0.0000
Testing on ThyroidXL...
  ThyroidXL - Dice: 0.8471, HD95: 9.5142
  ThyroidXL - Benign/Malignant: Acc=0.7555, Prec=0.6717, Rec=0.9258, F1=0.7785, AUROC=0.8702, AUPRC=0.8348
  ThyroidXL - TI-RADS: Acc=0.0000, Prec=0.0000, Rec=0.0000, F1=0.0000, AUC=0.0000
Testing on PKTN...
  PKTN - Dice: 0.8196, HD95: 12.3834
  PKTN - Benign/Malignant: Acc=0.0000, Prec=0.0000, Rec=0.0000, F1=0.0000, AUROC=0.0000, AUPRC=0.0000
  PKTN - TI-RADS: Acc=0.0000, Prec=0.0000, Rec=0.0000, F1=0.0000, AUC=0.0000
Testing on TN5K...
  TN5K - Dice: 0.7960, HD95: 12.8207
  TN5K - Benign/Malignant: Acc=0.7500, Prec=0.8501, Rec=0.7989, F1=0.8237, AUROC=0.7967, AUPRC=0.9045
  TN5K - TI-RADS: Acc=0.0000, Prec=0.0000, Rec=0.0000, F1=0.0000, AUC=0.0000
Epoch:31: seg_loss(avg):0.2410, bm_loss(avg):0.0108, ti_loss(avg):0.0000
Epoch:32: seg_loss(avg):0.2302, bm_loss(avg):0.0063, ti_loss(avg):0.0000
Epoch:33: seg_loss(avg):0.2225, bm_loss(avg):0.0063, ti_loss(avg):0.0000
Epoch:34: seg_loss(avg):0.2158, bm_loss(avg):0.0087, ti_loss(avg):0.0000
Epoch:35: seg_loss(avg):0.2083, bm_loss(avg):0.0041, ti_loss(avg):0.0000
Saved checkpoint at epoch 35

Validating epoch 35 on all test datasets...
Testing on TN3K...
  TN3K - Dice: 0.8871, HD95: 10.8086
  TN3K - Benign/Malignant: Acc=0.6987, Prec=0.5831, Rec=0.7585, F1=0.6593, AUROC=0.7681, AUPRC=0.6760
  TN3K - TI-RADS: Acc=0.0000, Prec=0.0000, Rec=0.0000, F1=0.0000, AUC=0.0000
Testing on DDTI...
  DDTI - Dice: 0.8022, HD95: 17.9385
  DDTI - Benign/Malignant: Acc=0.0000, Prec=0.0000, Rec=0.0000, F1=0.0000, AUROC=0.0000, AUPRC=0.0000
  DDTI - TI-RADS: Acc=0.0000, Prec=0.0000, Rec=0.0000, F1=0.0000, AUC=0.0000
Testing on ThyroidXL...
  ThyroidXL - Dice: 0.8481, HD95: 9.1443
  ThyroidXL - Benign/Malignant: Acc=0.7670, Prec=0.6828, Rec=0.9299, F1=0.7874, AUROC=0.8856, AUPRC=0.8498
  ThyroidXL - TI-RADS: Acc=0.0000, Prec=0.0000, Rec=0.0000, F1=0.0000, AUC=0.0000
Testing on PKTN...
  PKTN - Dice: 0.8180, HD95: 12.7265
  PKTN - Benign/Malignant: Acc=0.0000, Prec=0.0000, Rec=0.0000, F1=0.0000, AUROC=0.0000, AUPRC=0.0000
  PKTN - TI-RADS: Acc=0.0000, Prec=0.0000, Rec=0.0000, F1=0.0000, AUC=0.0000
Testing on TN5K...
  TN5K - Dice: 0.8064, HD95: 12.1168
  TN5K - Benign/Malignant: Acc=0.7500, Prec=0.8683, Rec=0.7756, F1=0.8194, AUROC=0.8119, AUPRC=0.9180
  TN5K - TI-RADS: Acc=0.0000, Prec=0.0000, Rec=0.0000, F1=0.0000, AUC=0.0000
Epoch:36: seg_loss(avg):0.2026, bm_loss(avg):0.0022, ti_loss(avg):0.0000
Epoch:37: seg_loss(avg):0.1959, bm_loss(avg):0.0029, ti_loss(avg):0.0000
Epoch:38: seg_loss(avg):0.1915, bm_loss(avg):0.0027, ti_loss(avg):0.0000
Epoch:39: seg_loss(avg):0.1859, bm_loss(avg):0.0043, ti_loss(avg):0.0000
Epoch:40: seg_loss(avg):0.1828, bm_loss(avg):0.0039, ti_loss(avg):0.0000
Saved checkpoint at epoch 40

Validating epoch 40 on all test datasets...
Testing on TN3K...
  TN3K - Dice: 0.8821, HD95: 11.5667
  TN3K - Benign/Malignant: Acc=0.6743, Prec=0.5570, Rec=0.7458, F1=0.6377, AUROC=0.7595, AUPRC=0.6547
  TN3K - TI-RADS: Acc=0.0000, Prec=0.0000, Rec=0.0000, F1=0.0000, AUC=0.0000
Testing on DDTI...
  DDTI - Dice: 0.7998, HD95: 18.2008
  DDTI - Benign/Malignant: Acc=0.0000, Prec=0.0000, Rec=0.0000, F1=0.0000, AUROC=0.0000, AUPRC=0.0000
  DDTI - TI-RADS: Acc=0.0000, Prec=0.0000, Rec=0.0000, F1=0.0000, AUC=0.0000
Testing on ThyroidXL...
  ThyroidXL - Dice: 0.8454, HD95: 9.6023
  ThyroidXL - Benign/Malignant: Acc=0.7761, Prec=0.6952, Rec=0.9216, F1=0.7926, AUROC=0.8710, AUPRC=0.8017
  ThyroidXL - TI-RADS: Acc=0.0000, Prec=0.0000, Rec=0.0000, F1=0.0000, AUC=0.0000
Testing on PKTN...
  PKTN - Dice: 0.8200, HD95: 12.8238
  PKTN - Benign/Malignant: Acc=0.0000, Prec=0.0000, Rec=0.0000, F1=0.0000, AUROC=0.0000, AUPRC=0.0000
  PKTN - TI-RADS: Acc=0.0000, Prec=0.0000, Rec=0.0000, F1=0.0000, AUC=0.0000
Testing on TN5K...
  TN5K - Dice: 0.8033, HD95: 12.7894
  TN5K - Benign/Malignant: Acc=0.7620, Prec=0.8630, Rec=0.8016, F1=0.8312, AUROC=0.8150, AUPRC=0.9173
  TN5K - TI-RADS: Acc=0.0000, Prec=0.0000, Rec=0.0000, F1=0.0000, AUC=0.0000
Epoch:41: seg_loss(avg):0.1783, bm_loss(avg):0.0033, ti_loss(avg):0.0000
Epoch:42: seg_loss(avg):0.1754, bm_loss(avg):0.0038, ti_loss(avg):0.0000
Epoch:43: seg_loss(avg):0.1715, bm_loss(avg):0.0042, ti_loss(avg):0.0000
Epoch:44: seg_loss(avg):0.1679, bm_loss(avg):0.0022, ti_loss(avg):0.0000
Epoch:45: seg_loss(avg):0.1655, bm_loss(avg):0.0021, ti_loss(avg):0.0000
Saved checkpoint at epoch 45

Validating epoch 45 on all test datasets...
Testing on TN3K...
  TN3K - Dice: 0.8833, HD95: 11.2815
  TN3K - Benign/Malignant: Acc=0.6792, Prec=0.5619, Rec=0.7500, F1=0.6425, AUROC=0.7620, AUPRC=0.6378
  TN3K - TI-RADS: Acc=0.0000, Prec=0.0000, Rec=0.0000, F1=0.0000, AUC=0.0000
Testing on DDTI...
  DDTI - Dice: 0.7946, HD95: 18.7963
  DDTI - Benign/Malignant: Acc=0.0000, Prec=0.0000, Rec=0.0000, F1=0.0000, AUROC=0.0000, AUPRC=0.0000
  DDTI - TI-RADS: Acc=0.0000, Prec=0.0000, Rec=0.0000, F1=0.0000, AUC=0.0000
Testing on ThyroidXL...
  ThyroidXL - Dice: 0.8436, HD95: 9.5819
  ThyroidXL - Benign/Malignant: Acc=0.7756, Prec=0.6968, Rec=0.9144, F1=0.7909, AUROC=0.8667, AUPRC=0.7880
  ThyroidXL - TI-RADS: Acc=0.0000, Prec=0.0000, Rec=0.0000, F1=0.0000, AUC=0.0000
Testing on PKTN...
  PKTN - Dice: 0.8215, HD95: 12.5939
  PKTN - Benign/Malignant: Acc=0.0000, Prec=0.0000, Rec=0.0000, F1=0.0000, AUROC=0.0000, AUPRC=0.0000
  PKTN - TI-RADS: Acc=0.0000, Prec=0.0000, Rec=0.0000, F1=0.0000, AUC=0.0000
Testing on TN5K...
  TN5K - Dice: 0.8051, HD95: 12.4643
  TN5K - Benign/Malignant: Acc=0.7590, Prec=0.8614, Rec=0.7989, F1=0.8290, AUROC=0.8164, AUPRC=0.9152
  TN5K - TI-RADS: Acc=0.0000, Prec=0.0000, Rec=0.0000, F1=0.0000, AUC=0.0000
Epoch:46: seg_loss(avg):0.1641, bm_loss(avg):0.0024, ti_loss(avg):0.0000
Epoch:47: seg_loss(avg):0.1635, bm_loss(avg):0.0021, ti_loss(avg):0.0000
Epoch:48: seg_loss(avg):0.1619, bm_loss(avg):0.0040, ti_loss(avg):0.0000
Epoch:49: seg_loss(avg):0.1612, bm_loss(avg):0.0023, ti_loss(avg):0.0000
Epoch:50: seg_loss(avg):0.1616, bm_loss(avg):0.0037, ti_loss(avg):0.0000
Saved checkpoint at epoch 50

Validating epoch 50 on all test datasets...
Testing on TN3K...
  TN3K - Dice: 0.8833, HD95: 11.2714
  TN3K - Benign/Malignant: Acc=0.6808, Prec=0.5645, Rec=0.7415, F1=0.6410, AUROC=0.7604, AUPRC=0.6363
  TN3K - TI-RADS: Acc=0.0000, Prec=0.0000, Rec=0.0000, F1=0.0000, AUC=0.0000
Testing on DDTI...
  DDTI - Dice: 0.7954, HD95: 18.5895
  DDTI - Benign/Malignant: Acc=0.0000, Prec=0.0000, Rec=0.0000, F1=0.0000, AUROC=0.0000, AUPRC=0.0000
  DDTI - TI-RADS: Acc=0.0000, Prec=0.0000, Rec=0.0000, F1=0.0000, AUC=0.0000
Testing on ThyroidXL...
  ThyroidXL - Dice: 0.8431, HD95: 9.6407
  ThyroidXL - Benign/Malignant: Acc=0.7794, Prec=0.7028, Rec=0.9093, F1=0.7928, AUROC=0.8650, AUPRC=0.7834
  ThyroidXL - TI-RADS: Acc=0.0000, Prec=0.0000, Rec=0.0000, F1=0.0000, AUC=0.0000
Testing on PKTN...
  PKTN - Dice: 0.8217, HD95: 12.4852
  PKTN - Benign/Malignant: Acc=0.0000, Prec=0.0000, Rec=0.0000, F1=0.0000, AUROC=0.0000, AUPRC=0.0000
  PKTN - TI-RADS: Acc=0.0000, Prec=0.0000, Rec=0.0000, F1=0.0000, AUC=0.0000
Testing on TN5K...
  TN5K - Dice: 0.8062, HD95: 12.3934
  TN5K - Benign/Malignant: Acc=0.7560, Prec=0.8640, Rec=0.7907, F1=0.8257, AUROC=0.8158, AUPRC=0.9141
  TN5K - TI-RADS: Acc=0.0000, Prec=0.0000, Rec=0.0000, F1=0.0000, AUC=0.0000

========== Training Completed ==========
Training completed at Wed Dec 17 22:33:48 2025

===== Dice Scores Summary =====
Dataset: TN3K
Dice scores per epoch: [0.8749, 0.8798, 0.8801, 0.8778, 0.879, 0.88, 0.8871, 0.8821, 0.8833, 0.8833]
Best Dice: 0.8871 at epoch 35

Dataset: DDTI
Dice scores per epoch: [0.7517, 0.7586, 0.7951, 0.7791, 0.7961, 0.799, 0.8022, 0.7998, 0.7946, 0.7954]
Best Dice: 0.8022 at epoch 35

Dataset: ThyroidXL
Dice scores per epoch: [0.8162, 0.8426, 0.8422, 0.8396, 0.8472, 0.8471, 0.8481, 0.8454, 0.8436, 0.8431]
Best Dice: 0.8481 at epoch 35

Dataset: PKTN
Dice scores per epoch: [0.7909, 0.8054, 0.8063, 0.8194, 0.8185, 0.8196, 0.818, 0.82, 0.8215, 0.8217]
Best Dice: 0.8217 at epoch 50

Dataset: TN5K
Dice scores per epoch: [0.7797, 0.7766, 0.7786, 0.8029, 0.7982, 0.796, 0.8064, 0.8033, 0.8051, 0.8062]
Best Dice: 0.8064 at epoch 35

===== HD95 Scores Summary =====
Dataset: TN3K
HD95 scores per epoch: [np.float64(12.4869), np.float64(12.1779), np.float64(11.2561), np.float64(11.696), np.float64(11.5546), np.float64(11.488), np.float64(10.8086), np.float64(11.5667), np.float64(11.2815), np.float64(11.2714)]
Best HD95: 10.8086 at epoch 35

Dataset: DDTI
HD95 scores per epoch: [np.float64(24.9982), np.float64(25.1972), np.float64(19.5638), np.float64(19.7877), np.float64(18.647), np.float64(17.7386), np.float64(17.9385), np.float64(18.2008), np.float64(18.7963), np.float64(18.5895)]
Best HD95: 17.7386 at epoch 30

Dataset: ThyroidXL
HD95 scores per epoch: [np.float64(11.9439), np.float64(10.4696), np.float64(9.7771), np.float64(9.5801), np.float64(9.4885), np.float64(9.5142), np.float64(9.1443), np.float64(9.6023), np.float64(9.5819), np.float64(9.6407)]
Best HD95: 9.1443 at epoch 35

Dataset: PKTN
HD95 scores per epoch: [np.float64(16.3707), np.float64(14.2723), np.float64(13.7769), np.float64(12.4678), np.float64(12.7041), np.float64(12.3834), np.float64(12.7265), np.float64(12.8238), np.float64(12.5939), np.float64(12.4852)]
Best HD95: 12.3834 at epoch 30

Dataset: TN5K
HD95 scores per epoch: [np.float64(15.2315), np.float64(14.8558), np.float64(14.8104), np.float64(12.2799), np.float64(12.9433), np.float64(12.8207), np.float64(12.1168), np.float64(12.7894), np.float64(12.4643), np.float64(12.3934)]
Best HD95: 12.1168 at epoch 35


===== Benign/Malignant Classification Metrics Summary =====
Dataset: TN3K
Accuracy per epoch: [np.float64(0.702), np.float64(0.6629), np.float64(0.6726), np.float64(0.6612), np.float64(0.702), np.float64(0.6775), np.float64(0.6987), np.float64(0.6743), np.float64(0.6792), np.float64(0.6808)]
Best Accuracy: 0.7020 at epoch 5
Precision per epoch: [0.5892, 0.5399, 0.5549, 0.5422, 0.6008, 0.5625, 0.5831, 0.557, 0.5619, 0.5645]
Best Precision: 0.6008 at epoch 25
Recall per epoch: [0.7415, 0.8305, 0.75, 0.7627, 0.6695, 0.7246, 0.7585, 0.7458, 0.75, 0.7415]
Best Recall: 0.8305 at epoch 10
F1-Score per epoch: [0.6567, 0.6544, 0.6378, 0.6338, 0.6333, 0.6333, 0.6593, 0.6377, 0.6425, 0.641]
Best F1-Score: 0.6593 at epoch 35
AUROC per epoch: [0.792, 0.7737, 0.7557, 0.7493, 0.7724, 0.7602, 0.7681, 0.7595, 0.762, 0.7604]
Best AUROC: 0.7920 at epoch 5
AUPRC per epoch: [0.7082, 0.6676, 0.6577, 0.647, 0.6587, 0.646, 0.676, 0.6547, 0.6378, 0.6363]
Best AUPRC: 0.7082 at epoch 5

Dataset: DDTI
Accuracy per epoch: [0.0, 0.0, 0.0, 0.0, 0.0, 0.0, 0.0, 0.0, 0.0, 0.0]
Best Accuracy: 0.0000 at epoch 5
Precision per epoch: [0.0, 0.0, 0.0, 0.0, 0.0, 0.0, 0.0, 0.0, 0.0, 0.0]
Best Precision: 0.0000 at epoch 5
Recall per epoch: [0.0, 0.0, 0.0, 0.0, 0.0, 0.0, 0.0, 0.0, 0.0, 0.0]
Best Recall: 0.0000 at epoch 5
F1-Score per epoch: [0.0, 0.0, 0.0, 0.0, 0.0, 0.0, 0.0, 0.0, 0.0, 0.0]
Best F1-Score: 0.0000 at epoch 5
AUROC per epoch: [0.0, 0.0, 0.0, 0.0, 0.0, 0.0, 0.0, 0.0, 0.0, 0.0]
Best AUROC: 0.0000 at epoch 5
AUPRC per epoch: [0.0, 0.0, 0.0, 0.0, 0.0, 0.0, 0.0, 0.0, 0.0, 0.0]
Best AUPRC: 0.0000 at epoch 5

Dataset: ThyroidXL
Accuracy per epoch: [np.float64(0.7258), np.float64(0.712), np.float64(0.7799), np.float64(0.7301), np.float64(0.788), np.float64(0.7555), np.float64(0.767), np.float64(0.7761), np.float64(0.7756), np.float64(0.7794)]
Best Accuracy: 0.7880 at epoch 25
Precision per epoch: [0.6335, 0.6219, 0.695, 0.6434, 0.7277, 0.6717, 0.6828, 0.6952, 0.6968, 0.7028]
Best Precision: 0.7277 at epoch 25
Recall per epoch: [0.9711, 0.968, 0.9371, 0.9392, 0.868, 0.9258, 0.9299, 0.9216, 0.9144, 0.9093]
Best Recall: 0.9711 at epoch 5
F1-Score per epoch: [0.7668, 0.7573, 0.7981, 0.7636, 0.7917, 0.7785, 0.7874, 0.7926, 0.7909, 0.7928]
Best F1-Score: 0.7981 at epoch 15
AUROC per epoch: [0.8897, 0.8779, 0.8861, 0.8681, 0.8766, 0.8702, 0.8856, 0.871, 0.8667, 0.865]
Best AUROC: 0.8897 at epoch 5
AUPRC per epoch: [0.8565, 0.8476, 0.8595, 0.8358, 0.8484, 0.8348, 0.8498, 0.8017, 0.788, 0.7834]
Best AUPRC: 0.8595 at epoch 15

Dataset: PKTN
Accuracy per epoch: [0.0, 0.0, 0.0, 0.0, 0.0, 0.0, 0.0, 0.0, 0.0, 0.0]
Best Accuracy: 0.0000 at epoch 5
Precision per epoch: [0.0, 0.0, 0.0, 0.0, 0.0, 0.0, 0.0, 0.0, 0.0, 0.0]
Best Precision: 0.0000 at epoch 5
Recall per epoch: [0.0, 0.0, 0.0, 0.0, 0.0, 0.0, 0.0, 0.0, 0.0, 0.0]
Best Recall: 0.0000 at epoch 5
F1-Score per epoch: [0.0, 0.0, 0.0, 0.0, 0.0, 0.0, 0.0, 0.0, 0.0, 0.0]
Best F1-Score: 0.0000 at epoch 5
AUROC per epoch: [0.0, 0.0, 0.0, 0.0, 0.0, 0.0, 0.0, 0.0, 0.0, 0.0]
Best AUROC: 0.0000 at epoch 5
AUPRC per epoch: [0.0, 0.0, 0.0, 0.0, 0.0, 0.0, 0.0, 0.0, 0.0, 0.0]
Best AUPRC: 0.0000 at epoch 5

Dataset: TN5K
Accuracy per epoch: [np.float64(0.766), np.float64(0.776), np.float64(0.772), np.float64(0.751), np.float64(0.766), np.float64(0.75), np.float64(0.75), np.float64(0.762), np.float64(0.759), np.float64(0.756)]
Best Accuracy: 0.7760 at epoch 10
Precision per epoch: [0.8703, 0.8477, 0.8704, 0.863, 0.8889, 0.8501, 0.8683, 0.863, 0.8614, 0.864]
Best Precision: 0.8889 at epoch 25
Recall per epoch: [0.7989, 0.8454, 0.8085, 0.7839, 0.777, 0.7989, 0.7756, 0.8016, 0.7989, 0.7907]
Best Recall: 0.8454 at epoch 10
F1-Score per epoch: [0.8331, 0.8466, 0.8383, 0.8215, 0.8292, 0.8237, 0.8194, 0.8312, 0.829, 0.8257]
Best F1-Score: 0.8466 at epoch 10
AUROC per epoch: [0.8208, 0.8071, 0.8053, 0.7848, 0.8422, 0.7967, 0.8119, 0.815, 0.8164, 0.8158]
Best AUROC: 0.8422 at epoch 25
AUPRC per epoch: [0.9237, 0.9151, 0.9052, 0.8998, 0.9224, 0.9045, 0.918, 0.9173, 0.9152, 0.9141]
Best AUPRC: 0.9237 at epoch 5


===== TI-RADS Classification Metrics Summary =====
Dataset: TN3K
Accuracy per epoch: [0.0, 0.0, 0.0, 0.0, 0.0, 0.0, 0.0, 0.0, 0.0, 0.0]
Best Accuracy: 0.0000 at epoch 5
Precision per epoch: [0.0, 0.0, 0.0, 0.0, 0.0, 0.0, 0.0, 0.0, 0.0, 0.0]
Best Precision: 0.0000 at epoch 5
Recall per epoch: [0.0, 0.0, 0.0, 0.0, 0.0, 0.0, 0.0, 0.0, 0.0, 0.0]
Best Recall: 0.0000 at epoch 5
F1-Score per epoch: [0.0, 0.0, 0.0, 0.0, 0.0, 0.0, 0.0, 0.0, 0.0, 0.0]
Best F1-Score: 0.0000 at epoch 5
AUC per epoch: [0.0, 0.0, 0.0, 0.0, 0.0, 0.0, 0.0, 0.0, 0.0, 0.0]
Best AUC: 0.0000 at epoch 5

Dataset: DDTI
Accuracy per epoch: [0.0, 0.0, 0.0, 0.0, 0.0, 0.0, 0.0, 0.0, 0.0, 0.0]
Best Accuracy: 0.0000 at epoch 5
Precision per epoch: [0.0, 0.0, 0.0, 0.0, 0.0, 0.0, 0.0, 0.0, 0.0, 0.0]
Best Precision: 0.0000 at epoch 5
Recall per epoch: [0.0, 0.0, 0.0, 0.0, 0.0, 0.0, 0.0, 0.0, 0.0, 0.0]
Best Recall: 0.0000 at epoch 5
F1-Score per epoch: [0.0, 0.0, 0.0, 0.0, 0.0, 0.0, 0.0, 0.0, 0.0, 0.0]
Best F1-Score: 0.0000 at epoch 5
AUC per epoch: [0.0, 0.0, 0.0, 0.0, 0.0, 0.0, 0.0, 0.0, 0.0, 0.0]
Best AUC: 0.0000 at epoch 5

Dataset: ThyroidXL
Accuracy per epoch: [0.0, 0.0, 0.0, 0.0, 0.0, 0.0, 0.0, 0.0, 0.0, 0.0]
Best Accuracy: 0.0000 at epoch 5
Precision per epoch: [0.0, 0.0, 0.0, 0.0, 0.0, 0.0, 0.0, 0.0, 0.0, 0.0]
Best Precision: 0.0000 at epoch 5
Recall per epoch: [0.0, 0.0, 0.0, 0.0, 0.0, 0.0, 0.0, 0.0, 0.0, 0.0]
Best Recall: 0.0000 at epoch 5
F1-Score per epoch: [0.0, 0.0, 0.0, 0.0, 0.0, 0.0, 0.0, 0.0, 0.0, 0.0]
Best F1-Score: 0.0000 at epoch 5
AUC per epoch: [0.0, 0.0, 0.0, 0.0, 0.0, 0.0, 0.0, 0.0, 0.0, 0.0]
Best AUC: 0.0000 at epoch 5

Dataset: PKTN
Accuracy per epoch: [0.0, 0.0, 0.0, 0.0, 0.0, 0.0, 0.0, 0.0, 0.0, 0.0]
Best Accuracy: 0.0000 at epoch 5
Precision per epoch: [0.0, 0.0, 0.0, 0.0, 0.0, 0.0, 0.0, 0.0, 0.0, 0.0]
Best Precision: 0.0000 at epoch 5
Recall per epoch: [0.0, 0.0, 0.0, 0.0, 0.0, 0.0, 0.0, 0.0, 0.0, 0.0]
Best Recall: 0.0000 at epoch 5
F1-Score per epoch: [0.0, 0.0, 0.0, 0.0, 0.0, 0.0, 0.0, 0.0, 0.0, 0.0]
Best F1-Score: 0.0000 at epoch 5
AUC per epoch: [0.0, 0.0, 0.0, 0.0, 0.0, 0.0, 0.0, 0.0, 0.0, 0.0]
Best AUC: 0.0000 at epoch 5

Dataset: TN5K
Accuracy per epoch: [0.0, 0.0, 0.0, 0.0, 0.0, 0.0, 0.0, 0.0, 0.0, 0.0]
Best Accuracy: 0.0000 at epoch 5
Precision per epoch: [0.0, 0.0, 0.0, 0.0, 0.0, 0.0, 0.0, 0.0, 0.0, 0.0]
Best Precision: 0.0000 at epoch 5
Recall per epoch: [0.0, 0.0, 0.0, 0.0, 0.0, 0.0, 0.0, 0.0, 0.0, 0.0]
Best Recall: 0.0000 at epoch 5
F1-Score per epoch: [0.0, 0.0, 0.0, 0.0, 0.0, 0.0, 0.0, 0.0, 0.0, 0.0]
Best F1-Score: 0.0000 at epoch 5
AUC per epoch: [0.0, 0.0, 0.0, 0.0, 0.0, 0.0, 0.0, 0.0, 0.0, 0.0]
Best AUC: 0.0000 at epoch 5

