Training started at Sun Feb  1 11:41:44 2026
Method: dino_unet
Dataset: gamtl_train_multitask_dataset_4
Epochs: 50
LR: 0.0001
Batch Size: 12
Image Size: 224 x 224
DINO pretrained: True
Use Dilation: True
Training set - Benign/Malignant: Benign=18138 (70.97%), Malignant=7419 (29.03%)
Auto-adjusted tau=0.70 (imbalance_ratio=2.44)
GLA parameters: p_benign=0.7097, p_malignant=0.2903, tau=0.70
Logit adjustment magnitude: 0.6258
Training set - TI-RADS distribution (1-5): [30, 544, 3013, 4304, 2557]
TI-RADS probabilities: [0.0028713629581034184, 0.05206738039851189, 0.28838056325912476, 0.4119448661804199, 0.24473583698272705]
Loss weights: seg=1.0, bm=1.0, tirads=1.0
GA-MTL schedule per optimizer step: ['seg', 'bm', 'tirads']
steps_per_epoch (optimizer steps): 709
Epoch:1: seg_loss(avg):0.7027, bm_loss(avg):0.6446, tirads_loss(avg):1.1761
Epoch:2: seg_loss(avg):0.5512, bm_loss(avg):0.4805, tirads_loss(avg):0.8611
Epoch:3: seg_loss(avg):0.5312, bm_loss(avg):0.4126, tirads_loss(avg):0.6431
Epoch:4: seg_loss(avg):0.5079, bm_loss(avg):0.3713, tirads_loss(avg):0.3992
Epoch:5: seg_loss(avg):0.4929, bm_loss(avg):0.3326, tirads_loss(avg):0.2938
Saved checkpoint at epoch 5
Epoch:6: seg_loss(avg):0.4749, bm_loss(avg):0.2999, tirads_loss(avg):0.1689
Epoch:7: seg_loss(avg):0.4663, bm_loss(avg):0.2675, tirads_loss(avg):0.1714
Epoch:8: seg_loss(avg):0.4648, bm_loss(avg):0.2652, tirads_loss(avg):0.1136
Epoch:9: seg_loss(avg):0.4529, bm_loss(avg):0.2629, tirads_loss(avg):0.1084
Epoch:10: seg_loss(avg):0.4429, bm_loss(avg):0.2403, tirads_loss(avg):0.1062
Saved checkpoint at epoch 10
Epoch:11: seg_loss(avg):0.4430, bm_loss(avg):0.2379, tirads_loss(avg):0.0954
Epoch:12: seg_loss(avg):0.4277, bm_loss(avg):0.2314, tirads_loss(avg):0.0529
Epoch:13: seg_loss(avg):0.4196, bm_loss(avg):0.2127, tirads_loss(avg):0.0504
Epoch:14: seg_loss(avg):0.4145, bm_loss(avg):0.2037, tirads_loss(avg):0.0310
Epoch:15: seg_loss(avg):0.4144, bm_loss(avg):0.2145, tirads_loss(avg):0.0526
Saved checkpoint at epoch 15
Epoch:16: seg_loss(avg):0.4091, bm_loss(avg):0.2040, tirads_loss(avg):0.0572
Epoch:17: seg_loss(avg):0.4004, bm_loss(avg):0.1842, tirads_loss(avg):0.0151
Epoch:18: seg_loss(avg):0.3881, bm_loss(avg):0.1793, tirads_loss(avg):0.0093
Epoch:19: seg_loss(avg):0.3887, bm_loss(avg):0.1821, tirads_loss(avg):0.0332
Epoch:20: seg_loss(avg):0.3795, bm_loss(avg):0.1689, tirads_loss(avg):0.0133
Saved checkpoint at epoch 20
Epoch:21: seg_loss(avg):0.3726, bm_loss(avg):0.1525, tirads_loss(avg):0.0098
Epoch:22: seg_loss(avg):0.3776, bm_loss(avg):0.1629, tirads_loss(avg):0.0431
Epoch:23: seg_loss(avg):0.3631, bm_loss(avg):0.1420, tirads_loss(avg):0.0084
Epoch:24: seg_loss(avg):0.3659, bm_loss(avg):0.1417, tirads_loss(avg):0.0142
Epoch:25: seg_loss(avg):0.3542, bm_loss(avg):0.1318, tirads_loss(avg):0.0172
Saved checkpoint at epoch 25
Epoch:26: seg_loss(avg):0.3460, bm_loss(avg):0.1211, tirads_loss(avg):0.0055
Epoch:27: seg_loss(avg):0.3423, bm_loss(avg):0.1203, tirads_loss(avg):0.0045
Epoch:28: seg_loss(avg):0.3417, bm_loss(avg):0.1117, tirads_loss(avg):0.0052
Epoch:29: seg_loss(avg):0.3366, bm_loss(avg):0.1017, tirads_loss(avg):0.0009
Epoch:30: seg_loss(avg):0.3288, bm_loss(avg):0.0973, tirads_loss(avg):0.0064
Saved checkpoint at epoch 30
Epoch:31: seg_loss(avg):0.3270, bm_loss(avg):0.0923, tirads_loss(avg):0.0019
Epoch:32: seg_loss(avg):0.3196, bm_loss(avg):0.0789, tirads_loss(avg):0.0022
Epoch:33: seg_loss(avg):0.3163, bm_loss(avg):0.0767, tirads_loss(avg):0.0006
Epoch:34: seg_loss(avg):0.3153, bm_loss(avg):0.0776, tirads_loss(avg):0.0037
Epoch:35: seg_loss(avg):0.3056, bm_loss(avg):0.0625, tirads_loss(avg):0.0025
Saved checkpoint at epoch 35
Epoch:36: seg_loss(avg):0.3069, bm_loss(avg):0.0557, tirads_loss(avg):0.0018
Epoch:37: seg_loss(avg):0.3008, bm_loss(avg):0.0608, tirads_loss(avg):0.0028
Epoch:38: seg_loss(avg):0.3005, bm_loss(avg):0.0499, tirads_loss(avg):0.0017
Epoch:39: seg_loss(avg):0.2959, bm_loss(avg):0.0456, tirads_loss(avg):0.0012
Epoch:40: seg_loss(avg):0.2901, bm_loss(avg):0.0380, tirads_loss(avg):0.0023
Saved checkpoint at epoch 40
Epoch:41: seg_loss(avg):0.2915, bm_loss(avg):0.0405, tirads_loss(avg):0.0028
Epoch:42: seg_loss(avg):0.2887, bm_loss(avg):0.0352, tirads_loss(avg):0.0016
Epoch:43: seg_loss(avg):0.2880, bm_loss(avg):0.0353, tirads_loss(avg):0.0010
Epoch:44: seg_loss(avg):0.2850, bm_loss(avg):0.0349, tirads_loss(avg):0.0004
Epoch:45: seg_loss(avg):0.2813, bm_loss(avg):0.0373, tirads_loss(avg):0.0012
Saved checkpoint at epoch 45
Epoch:46: seg_loss(avg):0.2828, bm_loss(avg):0.0288, tirads_loss(avg):0.0003
Epoch:47: seg_loss(avg):0.2823, bm_loss(avg):0.0351, tirads_loss(avg):0.0004
Epoch:48: seg_loss(avg):0.2802, bm_loss(avg):0.0247, tirads_loss(avg):0.0013
Epoch:49: seg_loss(avg):0.2823, bm_loss(avg):0.0270, tirads_loss(avg):0.0009
Epoch:50: seg_loss(avg):0.2806, bm_loss(avg):0.0316, tirads_loss(avg):0.0024
Saved checkpoint at epoch 50

Validating epoch 50 on all test datasets...
Testing on TN3K...
  TN3K - Dice: 0.8115, HD95: 14.7013
  TN3K - BM: Acc=0.8180, Prec=0.8069, Rec=0.8196, F1=0.8130, AUROC=0.8956, AUPRC=0.8981
  TN3K - TI-RADS: Acc=0.0000, Prec=0.0000, Rec=0.0000, F1=0.0000, AUC=0.0000
Testing on DDTI...
  DDTI - Dice: 0.7708, HD95: 16.6295
  DDTI - BM: Acc=0.0000, Prec=0.0000, Rec=0.0000, F1=0.0000, AUROC=0.0000, AUPRC=0.0000
  DDTI - TI-RADS: Acc=0.0000, Prec=0.0000, Rec=0.0000, F1=0.0000, AUC=0.0000
Testing on ThyroidXL...
  ThyroidXL - Dice: 0.8755, HD95: 5.4480
  ThyroidXL - BM: Acc=0.8882, Prec=0.7863, Rec=0.8026, F1=0.7941, AUROC=0.9421, AUPRC=0.8644
  ThyroidXL - TI-RADS: Acc=0.0000, Prec=0.0000, Rec=0.0000, F1=0.0000, AUC=0.0000
Testing on PKTN...
  PKTN - Dice: 0.7934, HD95: 11.1070
  PKTN - BM: Acc=0.0000, Prec=0.0000, Rec=0.0000, F1=0.0000, AUROC=0.0000, AUPRC=0.0000
  PKTN - TI-RADS: Acc=0.0000, Prec=0.0000, Rec=0.0000, F1=0.0000, AUC=0.0000
Testing on TN5K...
  TN5K - Dice: 0.8018, HD95: 9.5335
  TN5K - BM: Acc=0.8892, Prec=0.9104, Rec=0.9348, F1=0.9224, AUROC=0.9443, AUPRC=0.9752
  TN5K - TI-RADS: Acc=0.0000, Prec=0.0000, Rec=0.0000, F1=0.0000, AUC=0.0000
Testing on Cine-Clip...
  Cine-Clip - Dice: 0.9175, HD95: 2.3690
  Cine-Clip - BM: Acc=0.9991, Prec=1.0000, Rec=0.9927, F1=0.9963, AUROC=0.9989, AUPRC=0.9982
  Cine-Clip - TI-RADS: Acc=0.9991, Prec=0.9994, Rec=0.9993, F1=0.9994, AUC=1.0000

========== Evaluation Summary (All Test Records) ==========

Dataset: TN3K
Eval epochs: [50]
Dice per eval: [0.8115000128746033]
HD95 per eval: [14.701299667358398]
Best Dice: 0.8115 at epoch 50
Best HD95: 14.7013 at epoch 50

BM metrics per eval:
  Acc:  [0.818]
  Prec: [0.8069]
  Rec:  [0.8196]
  F1:   [0.813]
  AUROC:[0.8956]
  AUPRC:[0.8981]
Best BM F1: 0.8130 at epoch 50

TI-RADS metrics per eval:
  Acc:  [0.0]
  Prec: [0.0]
  Rec:  [0.0]
  F1:   [0.0]
  AUC:  [0.0]
Best TI-RADS F1: 0.0000 at epoch 50

Dataset: DDTI
Eval epochs: [50]
Dice per eval: [0.770799994468689]
HD95 per eval: [16.629499435424805]
Best Dice: 0.7708 at epoch 50
Best HD95: 16.6295 at epoch 50

BM metrics per eval:
  Acc:  [0.0]
  Prec: [0.0]
  Rec:  [0.0]
  F1:   [0.0]
  AUROC:[0.0]
  AUPRC:[0.0]
Best BM F1: 0.0000 at epoch 50

TI-RADS metrics per eval:
  Acc:  [0.0]
  Prec: [0.0]
  Rec:  [0.0]
  F1:   [0.0]
  AUC:  [0.0]
Best TI-RADS F1: 0.0000 at epoch 50

Dataset: ThyroidXL
Eval epochs: [50]
Dice per eval: [0.8755000233650208]
HD95 per eval: [5.447999954223633]
Best Dice: 0.8755 at epoch 50
Best HD95: 5.4480 at epoch 50

BM metrics per eval:
  Acc:  [0.8882]
  Prec: [0.7863]
  Rec:  [0.8026]
  F1:   [0.7941]
  AUROC:[0.9421]
  AUPRC:[0.8644]
Best BM F1: 0.7941 at epoch 50

TI-RADS metrics per eval:
  Acc:  [0.0]
  Prec: [0.0]
  Rec:  [0.0]
  F1:   [0.0]
  AUC:  [0.0]
Best TI-RADS F1: 0.0000 at epoch 50

Dataset: PKTN
Eval epochs: [50]
Dice per eval: [0.79339998960495]
HD95 per eval: [11.107000350952148]
Best Dice: 0.7934 at epoch 50
Best HD95: 11.1070 at epoch 50

BM metrics per eval:
  Acc:  [0.0]
  Prec: [0.0]
  Rec:  [0.0]
  F1:   [0.0]
  AUROC:[0.0]
  AUPRC:[0.0]
Best BM F1: 0.0000 at epoch 50

TI-RADS metrics per eval:
  Acc:  [0.0]
  Prec: [0.0]
  Rec:  [0.0]
  F1:   [0.0]
  AUC:  [0.0]
Best TI-RADS F1: 0.0000 at epoch 50

Dataset: TN5K
Eval epochs: [50]
Dice per eval: [0.801800012588501]
HD95 per eval: [9.533499717712402]
Best Dice: 0.8018 at epoch 50
Best HD95: 9.5335 at epoch 50

BM metrics per eval:
  Acc:  [0.8892]
  Prec: [0.9104]
  Rec:  [0.9348]
  F1:   [0.9224]
  AUROC:[0.9443]
  AUPRC:[0.9752]
Best BM F1: 0.9224 at epoch 50

TI-RADS metrics per eval:
  Acc:  [0.0]
  Prec: [0.0]
  Rec:  [0.0]
  F1:   [0.0]
  AUC:  [0.0]
Best TI-RADS F1: 0.0000 at epoch 50

Dataset: Cine-Clip
Eval epochs: [50]
Dice per eval: [0.9175000190734863]
HD95 per eval: [2.36899995803833]
Best Dice: 0.9175 at epoch 50
Best HD95: 2.3690 at epoch 50

BM metrics per eval:
  Acc:  [0.9991]
  Prec: [1.0]
  Rec:  [0.9927]
  F1:   [0.9963]
  AUROC:[0.9989]
  AUPRC:[0.9982]
Best BM F1: 0.9963 at epoch 50

TI-RADS metrics per eval:
  Acc:  [0.9991]
  Prec: [0.9994]
  Rec:  [0.9993]
  F1:   [0.9994]
  AUC:  [1.0]
Best TI-RADS F1: 0.9994 at epoch 50

==========================================================

========== Training Completed ==========
Training completed at Sun Feb  1 14:57:53 2026
