Training started at Sat Feb  7 15:52:48 2026
Method: dino_unet
Dataset: gamtl_train_multitask_dataset_3
Epochs: 50
LR: 0.0001
Batch Size: 12
Image Size: 224 x 224
DINO pretrained: False
Use Dilation: False
Training set - Benign/Malignant: Benign=8848 (58.56%), Malignant=6261 (41.44%)
Auto-adjusted tau=0.50 (imbalance_ratio=1.41)
GLA parameters: p_benign=0.5856, p_malignant=0.4144, tau=0.50
Logit adjustment magnitude: 0.1729
Training set - TI-RADS distribution (1-5): [0, 0, 0, 0, 0]
TI-RADS probabilities: [0.20000000298023224, 0.20000000298023224, 0.20000000298023224, 0.20000000298023224, 0.20000000298023224]
Loss weights: seg=1.0, bm=1.0, tirads=1.0
GA-MTL schedule per optimizer step: ['seg', 'bm']
steps_per_epoch (optimizer steps): 629
Epoch:1: seg_loss(avg):1.0450, bm_loss(avg):0.6886, tirads_loss(avg):0.0000
Epoch:2: seg_loss(avg):0.8504, bm_loss(avg):0.6534, tirads_loss(avg):0.0000
Epoch:3: seg_loss(avg):0.7855, bm_loss(avg):0.6245, tirads_loss(avg):0.0000
Epoch:4: seg_loss(avg):0.7495, bm_loss(avg):0.6046, tirads_loss(avg):0.0000
Epoch:5: seg_loss(avg):0.7238, bm_loss(avg):0.5955, tirads_loss(avg):0.0000
Saved checkpoint at epoch 5
Epoch:6: seg_loss(avg):0.6840, bm_loss(avg):0.5804, tirads_loss(avg):0.0000
Epoch:7: seg_loss(avg):0.6659, bm_loss(avg):0.5815, tirads_loss(avg):0.0000
Epoch:8: seg_loss(avg):0.6451, bm_loss(avg):0.5651, tirads_loss(avg):0.0000
Epoch:9: seg_loss(avg):0.6371, bm_loss(avg):0.5527, tirads_loss(avg):0.0000
Epoch:10: seg_loss(avg):0.6195, bm_loss(avg):0.5442, tirads_loss(avg):0.0000
Saved checkpoint at epoch 10
Epoch:11: seg_loss(avg):0.6104, bm_loss(avg):0.5325, tirads_loss(avg):0.0000
Epoch:12: seg_loss(avg):0.5993, bm_loss(avg):0.5236, tirads_loss(avg):0.0000
Epoch:13: seg_loss(avg):0.5914, bm_loss(avg):0.5103, tirads_loss(avg):0.0000
Epoch:14: seg_loss(avg):0.5872, bm_loss(avg):0.5057, tirads_loss(avg):0.0000
Epoch:15: seg_loss(avg):0.5723, bm_loss(avg):0.5009, tirads_loss(avg):0.0000
Saved checkpoint at epoch 15
Epoch:16: seg_loss(avg):0.5664, bm_loss(avg):0.4922, tirads_loss(avg):0.0000
Epoch:17: seg_loss(avg):0.5641, bm_loss(avg):0.4849, tirads_loss(avg):0.0000
Epoch:18: seg_loss(avg):0.5595, bm_loss(avg):0.4655, tirads_loss(avg):0.0000
Epoch:19: seg_loss(avg):0.5533, bm_loss(avg):0.4577, tirads_loss(avg):0.0000
Epoch:20: seg_loss(avg):0.5441, bm_loss(avg):0.4483, tirads_loss(avg):0.0000
Saved checkpoint at epoch 20
Epoch:21: seg_loss(avg):0.5385, bm_loss(avg):0.4547, tirads_loss(avg):0.0000
Epoch:22: seg_loss(avg):0.5367, bm_loss(avg):0.4395, tirads_loss(avg):0.0000
Epoch:23: seg_loss(avg):0.5338, bm_loss(avg):0.4308, tirads_loss(avg):0.0000
Epoch:24: seg_loss(avg):0.5271, bm_loss(avg):0.4216, tirads_loss(avg):0.0000
Epoch:25: seg_loss(avg):0.5203, bm_loss(avg):0.3997, tirads_loss(avg):0.0000
Saved checkpoint at epoch 25
Epoch:26: seg_loss(avg):0.5168, bm_loss(avg):0.4059, tirads_loss(avg):0.0000
Epoch:27: seg_loss(avg):0.5152, bm_loss(avg):0.3865, tirads_loss(avg):0.0000
Epoch:28: seg_loss(avg):0.5131, bm_loss(avg):0.3861, tirads_loss(avg):0.0000
Epoch:29: seg_loss(avg):0.5075, bm_loss(avg):0.3600, tirads_loss(avg):0.0000
Epoch:30: seg_loss(avg):0.5018, bm_loss(avg):0.3597, tirads_loss(avg):0.0000
Saved checkpoint at epoch 30
Epoch:31: seg_loss(avg):0.4961, bm_loss(avg):0.3531, tirads_loss(avg):0.0000
Epoch:32: seg_loss(avg):0.4923, bm_loss(avg):0.3328, tirads_loss(avg):0.0000
Epoch:33: seg_loss(avg):0.4893, bm_loss(avg):0.3303, tirads_loss(avg):0.0000
Epoch:34: seg_loss(avg):0.4860, bm_loss(avg):0.3336, tirads_loss(avg):0.0000
Epoch:35: seg_loss(avg):0.4827, bm_loss(avg):0.3169, tirads_loss(avg):0.0000
Saved checkpoint at epoch 35
Epoch:36: seg_loss(avg):0.4800, bm_loss(avg):0.3051, tirads_loss(avg):0.0000
Epoch:37: seg_loss(avg):0.4786, bm_loss(avg):0.2858, tirads_loss(avg):0.0000
Epoch:38: seg_loss(avg):0.4777, bm_loss(avg):0.2847, tirads_loss(avg):0.0000
Epoch:39: seg_loss(avg):0.4714, bm_loss(avg):0.2719, tirads_loss(avg):0.0000
Epoch:40: seg_loss(avg):0.4681, bm_loss(avg):0.2740, tirads_loss(avg):0.0000
Saved checkpoint at epoch 40
Epoch:41: seg_loss(avg):0.4646, bm_loss(avg):0.2718, tirads_loss(avg):0.0000
Epoch:42: seg_loss(avg):0.4663, bm_loss(avg):0.2526, tirads_loss(avg):0.0000
Epoch:43: seg_loss(avg):0.4640, bm_loss(avg):0.2542, tirads_loss(avg):0.0000
Epoch:44: seg_loss(avg):0.4602, bm_loss(avg):0.2495, tirads_loss(avg):0.0000
Epoch:45: seg_loss(avg):0.4595, bm_loss(avg):0.2453, tirads_loss(avg):0.0000
Saved checkpoint at epoch 45
Epoch:46: seg_loss(avg):0.4614, bm_loss(avg):0.2350, tirads_loss(avg):0.0000
Epoch:47: seg_loss(avg):0.4562, bm_loss(avg):0.2380, tirads_loss(avg):0.0000
Epoch:48: seg_loss(avg):0.4612, bm_loss(avg):0.2307, tirads_loss(avg):0.0000
Epoch:49: seg_loss(avg):0.4592, bm_loss(avg):0.2245, tirads_loss(avg):0.0000
Epoch:50: seg_loss(avg):0.4596, bm_loss(avg):0.2273, tirads_loss(avg):0.0000
Saved checkpoint at epoch 50

Validating epoch 50 on all test datasets...
Testing on TN3K...
  TN3K - Dice: 0.7265, HD95: 23.9419
  TN3K - BM: Acc=0.7205, Prec=0.6829, Rec=0.7875, F1=0.7312, AUROC=0.7970, AUPRC=0.7738
  TN3K - TI-RADS: Acc=0.0000, Prec=0.0000, Rec=0.0000, F1=0.0000, AUC=0.0000
Testing on DDTI...
  DDTI - Dice: 0.7138, HD95: 22.2158
  DDTI - BM: Acc=0.0000, Prec=0.0000, Rec=0.0000, F1=0.0000, AUROC=0.0000, AUPRC=0.0000
  DDTI - TI-RADS: Acc=0.0000, Prec=0.0000, Rec=0.0000, F1=0.0000, AUC=0.0000
Testing on ThyroidXL...
  ThyroidXL - Dice: 0.8320, HD95: 9.1700
  ThyroidXL - BM: Acc=0.7796, Prec=0.5880, Rec=0.6049, F1=0.5960, AUROC=0.8382, AUPRC=0.6568
  ThyroidXL - TI-RADS: Acc=0.0000, Prec=0.0000, Rec=0.0000, F1=0.0000, AUC=0.0000
Testing on PKTN...
  PKTN - Dice: 0.7209, HD95: 21.4778
  PKTN - BM: Acc=0.0000, Prec=0.0000, Rec=0.0000, F1=0.0000, AUROC=0.0000, AUPRC=0.0000
  PKTN - TI-RADS: Acc=0.0000, Prec=0.0000, Rec=0.0000, F1=0.0000, AUC=0.0000
Testing on TN5K...
  TN5K - Dice: 0.7143, HD95: 16.1143
  TN5K - BM: Acc=0.7352, Prec=0.7840, Rec=0.8616, F1=0.8208, AUROC=0.7203, AUPRC=0.8425
  TN5K - TI-RADS: Acc=0.0000, Prec=0.0000, Rec=0.0000, F1=0.0000, AUC=0.0000
Testing on Cine-Clip...
  Cine-Clip - Dice: 0.5371, HD95: 38.6631
  Cine-Clip - BM: Acc=0.7202, Prec=0.1412, Rec=0.2639, F1=0.1838, AUROC=0.4952, AUPRC=0.1249
  Cine-Clip - TI-RADS: Acc=0.2700, Prec=0.2129, Rec=0.2219, F1=0.1173, AUC=0.4307

========== Evaluation Summary (All Test Records) ==========

Dataset: TN3K
Eval epochs: [50]
Dice per eval: [0.7264999747276306]
HD95 per eval: [23.9419002532959]
Best Dice: 0.7265 at epoch 50
Best HD95: 23.9419 at epoch 50

BM metrics per eval:
  Acc:  [0.7205]
  Prec: [0.6829]
  Rec:  [0.7875]
  F1:   [0.7312]
  AUROC:[0.797]
  AUPRC:[0.7738]
Best BM F1: 0.7312 at epoch 50

TI-RADS metrics per eval:
  Acc:  [0.0]
  Prec: [0.0]
  Rec:  [0.0]
  F1:   [0.0]
  AUC:  [0.0]
Best TI-RADS F1: 0.0000 at epoch 50

Dataset: DDTI
Eval epochs: [50]
Dice per eval: [0.7138000130653381]
HD95 per eval: [22.21579933166504]
Best Dice: 0.7138 at epoch 50
Best HD95: 22.2158 at epoch 50

BM metrics per eval:
  Acc:  [0.0]
  Prec: [0.0]
  Rec:  [0.0]
  F1:   [0.0]
  AUROC:[0.0]
  AUPRC:[0.0]
Best BM F1: 0.0000 at epoch 50

TI-RADS metrics per eval:
  Acc:  [0.0]
  Prec: [0.0]
  Rec:  [0.0]
  F1:   [0.0]
  AUC:  [0.0]
Best TI-RADS F1: 0.0000 at epoch 50

Dataset: ThyroidXL
Eval epochs: [50]
Dice per eval: [0.8320000171661377]
HD95 per eval: [9.170000076293945]
Best Dice: 0.8320 at epoch 50
Best HD95: 9.1700 at epoch 50

BM metrics per eval:
  Acc:  [0.7796]
  Prec: [0.588]
  Rec:  [0.6049]
  F1:   [0.596]
  AUROC:[0.8382]
  AUPRC:[0.6568]
Best BM F1: 0.5960 at epoch 50

TI-RADS metrics per eval:
  Acc:  [0.0]
  Prec: [0.0]
  Rec:  [0.0]
  F1:   [0.0]
  AUC:  [0.0]
Best TI-RADS F1: 0.0000 at epoch 50

Dataset: PKTN
Eval epochs: [50]
Dice per eval: [0.7208999991416931]
HD95 per eval: [21.477800369262695]
Best Dice: 0.7209 at epoch 50
Best HD95: 21.4778 at epoch 50

BM metrics per eval:
  Acc:  [0.0]
  Prec: [0.0]
  Rec:  [0.0]
  F1:   [0.0]
  AUROC:[0.0]
  AUPRC:[0.0]
Best BM F1: 0.0000 at epoch 50

TI-RADS metrics per eval:
  Acc:  [0.0]
  Prec: [0.0]
  Rec:  [0.0]
  F1:   [0.0]
  AUC:  [0.0]
Best TI-RADS F1: 0.0000 at epoch 50

Dataset: TN5K
Eval epochs: [50]
Dice per eval: [0.7142999768257141]
HD95 per eval: [16.114299774169922]
Best Dice: 0.7143 at epoch 50
Best HD95: 16.1143 at epoch 50

BM metrics per eval:
  Acc:  [0.7352]
  Prec: [0.784]
  Rec:  [0.8616]
  F1:   [0.8208]
  AUROC:[0.7203]
  AUPRC:[0.8425]
Best BM F1: 0.8208 at epoch 50

TI-RADS metrics per eval:
  Acc:  [0.0]
  Prec: [0.0]
  Rec:  [0.0]
  F1:   [0.0]
  AUC:  [0.0]
Best TI-RADS F1: 0.0000 at epoch 50

Dataset: Cine-Clip
Eval epochs: [50]
Dice per eval: [0.5371000170707703]
HD95 per eval: [38.66310119628906]
Best Dice: 0.5371 at epoch 50
Best HD95: 38.6631 at epoch 50

BM metrics per eval:
  Acc:  [0.7202]
  Prec: [0.1412]
  Rec:  [0.2639]
  F1:   [0.1838]
  AUROC:[0.4952]
  AUPRC:[0.1249]
Best BM F1: 0.1838 at epoch 50

TI-RADS metrics per eval:
  Acc:  [0.27]
  Prec: [0.2129]
  Rec:  [0.2219]
  F1:   [0.1173]
  AUC:  [0.4307]
Best TI-RADS F1: 0.1173 at epoch 50

==========================================================

========== Training Completed ==========
Training completed at Sat Feb  7 17:49:41 2026
