Training started at Sat Jan 31 19:51:49 2026
Method: dino_unet
Dataset: 128size_train_multitask_dataset_3
Epochs: 50
LR: 0.0001
Batch Size: 12
Image Size: 128 x 128
DINO pretrained: True
Use Dilation: False
Training set - Benign/Malignant: Benign=8848 (58.56%), Malignant=6261 (41.44%)
Auto-adjusted tau=0.50 (imbalance_ratio=1.41)
GLA parameters: p_benign=0.5856, p_malignant=0.4144, tau=0.50
Logit adjustment magnitude: 0.1729
Training set - TI-RADS distribution (1-5): [0, 0, 0, 0, 0]
TI-RADS probabilities: [0.20000000298023224, 0.20000000298023224, 0.20000000298023224, 0.20000000298023224, 0.20000000298023224]
Loss weights: seg=1.0, bm=1.0, tirads=1.0
GA-MTL schedule per optimizer step: ['seg', 'bm']
steps_per_epoch (optimizer steps): 629
Epoch:1: seg_loss(avg):0.6978, bm_loss(avg):0.6025, tirads_loss(avg):0.0000
Epoch:2: seg_loss(avg):0.5080, bm_loss(avg):0.4638, tirads_loss(avg):0.0000
Epoch:3: seg_loss(avg):0.4743, bm_loss(avg):0.4216, tirads_loss(avg):0.0000
Epoch:4: seg_loss(avg):0.4496, bm_loss(avg):0.3900, tirads_loss(avg):0.0000
Epoch:5: seg_loss(avg):0.4417, bm_loss(avg):0.3628, tirads_loss(avg):0.0000
Saved checkpoint at epoch 5
Epoch:6: seg_loss(avg):0.4280, bm_loss(avg):0.3341, tirads_loss(avg):0.0000
Epoch:7: seg_loss(avg):0.4208, bm_loss(avg):0.3356, tirads_loss(avg):0.0000
Epoch:8: seg_loss(avg):0.4106, bm_loss(avg):0.3038, tirads_loss(avg):0.0000
Epoch:9: seg_loss(avg):0.4064, bm_loss(avg):0.2861, tirads_loss(avg):0.0000
Epoch:10: seg_loss(avg):0.3987, bm_loss(avg):0.2767, tirads_loss(avg):0.0000
Saved checkpoint at epoch 10
Epoch:11: seg_loss(avg):0.3950, bm_loss(avg):0.2571, tirads_loss(avg):0.0000
Epoch:12: seg_loss(avg):0.3896, bm_loss(avg):0.2332, tirads_loss(avg):0.0000
Epoch:13: seg_loss(avg):0.3828, bm_loss(avg):0.2232, tirads_loss(avg):0.0000
Epoch:14: seg_loss(avg):0.3752, bm_loss(avg):0.2094, tirads_loss(avg):0.0000
Epoch:15: seg_loss(avg):0.3703, bm_loss(avg):0.2011, tirads_loss(avg):0.0000
Saved checkpoint at epoch 15
Epoch:16: seg_loss(avg):0.3682, bm_loss(avg):0.1767, tirads_loss(avg):0.0000
Epoch:17: seg_loss(avg):0.3681, bm_loss(avg):0.1766, tirads_loss(avg):0.0000
Epoch:18: seg_loss(avg):0.3614, bm_loss(avg):0.1512, tirads_loss(avg):0.0000
Epoch:19: seg_loss(avg):0.3549, bm_loss(avg):0.1365, tirads_loss(avg):0.0000
Epoch:20: seg_loss(avg):0.3507, bm_loss(avg):0.1326, tirads_loss(avg):0.0000
Saved checkpoint at epoch 20
Epoch:21: seg_loss(avg):0.3443, bm_loss(avg):0.1293, tirads_loss(avg):0.0000
Epoch:22: seg_loss(avg):0.3398, bm_loss(avg):0.1161, tirads_loss(avg):0.0000
Epoch:23: seg_loss(avg):0.3418, bm_loss(avg):0.1066, tirads_loss(avg):0.0000
Epoch:24: seg_loss(avg):0.3347, bm_loss(avg):0.0973, tirads_loss(avg):0.0000
Epoch:25: seg_loss(avg):0.3271, bm_loss(avg):0.0862, tirads_loss(avg):0.0000
Saved checkpoint at epoch 25
Epoch:26: seg_loss(avg):0.3241, bm_loss(avg):0.0820, tirads_loss(avg):0.0000
Epoch:27: seg_loss(avg):0.3207, bm_loss(avg):0.0675, tirads_loss(avg):0.0000
Epoch:28: seg_loss(avg):0.3186, bm_loss(avg):0.0651, tirads_loss(avg):0.0000
Epoch:29: seg_loss(avg):0.3091, bm_loss(avg):0.0507, tirads_loss(avg):0.0000
Epoch:30: seg_loss(avg):0.3072, bm_loss(avg):0.0483, tirads_loss(avg):0.0000
Saved checkpoint at epoch 30
Epoch:31: seg_loss(avg):0.3005, bm_loss(avg):0.0446, tirads_loss(avg):0.0000
Epoch:32: seg_loss(avg):0.2973, bm_loss(avg):0.0391, tirads_loss(avg):0.0000
Epoch:33: seg_loss(avg):0.2945, bm_loss(avg):0.0400, tirads_loss(avg):0.0000
Epoch:34: seg_loss(avg):0.2888, bm_loss(avg):0.0285, tirads_loss(avg):0.0000
Epoch:35: seg_loss(avg):0.2866, bm_loss(avg):0.0311, tirads_loss(avg):0.0000
Saved checkpoint at epoch 35
Epoch:36: seg_loss(avg):0.2826, bm_loss(avg):0.0292, tirads_loss(avg):0.0000
Epoch:37: seg_loss(avg):0.2787, bm_loss(avg):0.0222, tirads_loss(avg):0.0000
Epoch:38: seg_loss(avg):0.2782, bm_loss(avg):0.0181, tirads_loss(avg):0.0000
Epoch:39: seg_loss(avg):0.2706, bm_loss(avg):0.0159, tirads_loss(avg):0.0000
Epoch:40: seg_loss(avg):0.2689, bm_loss(avg):0.0118, tirads_loss(avg):0.0000
Saved checkpoint at epoch 40
Epoch:41: seg_loss(avg):0.2634, bm_loss(avg):0.0230, tirads_loss(avg):0.0000
Epoch:42: seg_loss(avg):0.2637, bm_loss(avg):0.0173, tirads_loss(avg):0.0000
Epoch:43: seg_loss(avg):0.2627, bm_loss(avg):0.0100, tirads_loss(avg):0.0000
Epoch:44: seg_loss(avg):0.2580, bm_loss(avg):0.0128, tirads_loss(avg):0.0000
Epoch:45: seg_loss(avg):0.2567, bm_loss(avg):0.0151, tirads_loss(avg):0.0000
Saved checkpoint at epoch 45
Epoch:46: seg_loss(avg):0.2576, bm_loss(avg):0.0131, tirads_loss(avg):0.0000
Epoch:47: seg_loss(avg):0.2570, bm_loss(avg):0.0093, tirads_loss(avg):0.0000
Epoch:48: seg_loss(avg):0.2567, bm_loss(avg):0.0080, tirads_loss(avg):0.0000
Epoch:49: seg_loss(avg):0.2559, bm_loss(avg):0.0063, tirads_loss(avg):0.0000
Epoch:50: seg_loss(avg):0.2560, bm_loss(avg):0.0113, tirads_loss(avg):0.0000
Saved checkpoint at epoch 50

Validating epoch 50 on all test datasets...
Testing on TN3K...
  TN3K - Dice: 0.7921, HD95: 9.1924
  TN3K - BM: Acc=0.8377, Prec=0.8310, Rec=0.8339, F1=0.8323, AUROC=0.9101, AUPRC=0.8963
  TN3K - TI-RADS: Acc=0.0000, Prec=0.0000, Rec=0.0000, F1=0.0000, AUC=0.0000
Testing on DDTI...
  DDTI - Dice: 0.7699, HD95: 9.6947
  DDTI - BM: Acc=0.0000, Prec=0.0000, Rec=0.0000, F1=0.0000, AUROC=0.0000, AUPRC=0.0000
  DDTI - TI-RADS: Acc=0.0000, Prec=0.0000, Rec=0.0000, F1=0.0000, AUC=0.0000
Testing on ThyroidXL...
  ThyroidXL - Dice: 0.8624, HD95: 3.5817
  ThyroidXL - BM: Acc=0.8793, Prec=0.7883, Rec=0.7542, F1=0.7706, AUROC=0.9403, AUPRC=0.8495
  ThyroidXL - TI-RADS: Acc=0.0000, Prec=0.0000, Rec=0.0000, F1=0.0000, AUC=0.0000
Testing on PKTN...
  PKTN - Dice: 0.7588, HD95: 8.5178
  PKTN - BM: Acc=0.0000, Prec=0.0000, Rec=0.0000, F1=0.0000, AUROC=0.0000, AUPRC=0.0000
  PKTN - TI-RADS: Acc=0.0000, Prec=0.0000, Rec=0.0000, F1=0.0000, AUC=0.0000
Testing on TN5K...
  TN5K - Dice: 0.7658, HD95: 5.6539
  TN5K - BM: Acc=0.8742, Prec=0.9109, Rec=0.9106, F1=0.9106, AUROC=0.9259, AUPRC=0.9641
  TN5K - TI-RADS: Acc=0.0000, Prec=0.0000, Rec=0.0000, F1=0.0000, AUC=0.0000
Testing on Cine-Clip...
  Cine-Clip - Dice: 0.6745, HD95: 11.8371
  Cine-Clip - BM: Acc=0.7374, Prec=0.2586, Rec=0.6417, F1=0.3685, AUROC=0.7267, AUPRC=0.3183
  Cine-Clip - TI-RADS: Acc=0.4053, Prec=0.2338, Rec=0.2183, F1=0.1937, AUC=0.5429

========== Evaluation Summary (All Test Records) ==========

Dataset: TN3K
Eval epochs: [50]
Dice per eval: [0.7921000123023987]
HD95 per eval: [9.192399978637695]
Best Dice: 0.7921 at epoch 50
Best HD95: 9.1924 at epoch 50

BM metrics per eval:
  Acc:  [0.8377]
  Prec: [0.831]
  Rec:  [0.8339]
  F1:   [0.8323]
  AUROC:[0.9101]
  AUPRC:[0.8963]
Best BM F1: 0.8323 at epoch 50

TI-RADS metrics per eval:
  Acc:  [0.0]
  Prec: [0.0]
  Rec:  [0.0]
  F1:   [0.0]
  AUC:  [0.0]
Best TI-RADS F1: 0.0000 at epoch 50

Dataset: DDTI
Eval epochs: [50]
Dice per eval: [0.7699000239372253]
HD95 per eval: [9.694700241088867]
Best Dice: 0.7699 at epoch 50
Best HD95: 9.6947 at epoch 50

BM metrics per eval:
  Acc:  [0.0]
  Prec: [0.0]
  Rec:  [0.0]
  F1:   [0.0]
  AUROC:[0.0]
  AUPRC:[0.0]
Best BM F1: 0.0000 at epoch 50

TI-RADS metrics per eval:
  Acc:  [0.0]
  Prec: [0.0]
  Rec:  [0.0]
  F1:   [0.0]
  AUC:  [0.0]
Best TI-RADS F1: 0.0000 at epoch 50

Dataset: ThyroidXL
Eval epochs: [50]
Dice per eval: [0.8623999953269958]
HD95 per eval: [3.581700086593628]
Best Dice: 0.8624 at epoch 50
Best HD95: 3.5817 at epoch 50

BM metrics per eval:
  Acc:  [0.8793]
  Prec: [0.7883]
  Rec:  [0.7542]
  F1:   [0.7706]
  AUROC:[0.9403]
  AUPRC:[0.8495]
Best BM F1: 0.7706 at epoch 50

TI-RADS metrics per eval:
  Acc:  [0.0]
  Prec: [0.0]
  Rec:  [0.0]
  F1:   [0.0]
  AUC:  [0.0]
Best TI-RADS F1: 0.0000 at epoch 50

Dataset: PKTN
Eval epochs: [50]
Dice per eval: [0.7588000297546387]
HD95 per eval: [8.517800331115723]
Best Dice: 0.7588 at epoch 50
Best HD95: 8.5178 at epoch 50

BM metrics per eval:
  Acc:  [0.0]
  Prec: [0.0]
  Rec:  [0.0]
  F1:   [0.0]
  AUROC:[0.0]
  AUPRC:[0.0]
Best BM F1: 0.0000 at epoch 50

TI-RADS metrics per eval:
  Acc:  [0.0]
  Prec: [0.0]
  Rec:  [0.0]
  F1:   [0.0]
  AUC:  [0.0]
Best TI-RADS F1: 0.0000 at epoch 50

Dataset: TN5K
Eval epochs: [50]
Dice per eval: [0.7657999992370605]
HD95 per eval: [5.653900146484375]
Best Dice: 0.7658 at epoch 50
Best HD95: 5.6539 at epoch 50

BM metrics per eval:
  Acc:  [0.8742]
  Prec: [0.9109]
  Rec:  [0.9106]
  F1:   [0.9106]
  AUROC:[0.9259]
  AUPRC:[0.9641]
Best BM F1: 0.9106 at epoch 50

TI-RADS metrics per eval:
  Acc:  [0.0]
  Prec: [0.0]
  Rec:  [0.0]
  F1:   [0.0]
  AUC:  [0.0]
Best TI-RADS F1: 0.0000 at epoch 50

Dataset: Cine-Clip
Eval epochs: [50]
Dice per eval: [0.6744999885559082]
HD95 per eval: [11.8371000289917]
Best Dice: 0.6745 at epoch 50
Best HD95: 11.8371 at epoch 50

BM metrics per eval:
  Acc:  [0.7374]
  Prec: [0.2586]
  Rec:  [0.6417]
  F1:   [0.3685]
  AUROC:[0.7267]
  AUPRC:[0.3183]
Best BM F1: 0.3685 at epoch 50

TI-RADS metrics per eval:
  Acc:  [0.4053]
  Prec: [0.2338]
  Rec:  [0.2183]
  F1:   [0.1937]
  AUC:  [0.5429]
Best TI-RADS F1: 0.1937 at epoch 50

==========================================================

========== Training Completed ==========
Training completed at Sat Jan 31 21:18:47 2026
