Training started at Fri Jan 30 22:23:21 2026
Method: dino_unet
Dataset: gamtl_train_multitask_dataset_2
Epochs: 50
LR: 0.0001
Batch Size: 12
Image Size: 224 x 224
DINO pretrained: True
Use Dilation: True
Training set - Benign/Malignant: Benign=7971 (65.69%), Malignant=4163 (34.31%)
Auto-adjusted tau=0.70 (imbalance_ratio=1.91)
GLA parameters: p_benign=0.6569, p_malignant=0.3431, tau=0.70
Logit adjustment magnitude: 0.4547
Training set - TI-RADS distribution (1-5): [0, 0, 0, 0, 0]
TI-RADS probabilities: [0.20000000298023224, 0.20000000298023224, 0.20000000298023224, 0.20000000298023224, 0.20000000298023224]
Loss weights: seg=1.0, bm=1.0, tirads=1.0
GA-MTL schedule per optimizer step: ['seg', 'bm']
steps_per_epoch (optimizer steps): 505
Epoch:1: seg_loss(avg):0.6428, bm_loss(avg):0.6152, tirads_loss(avg):0.0000
Epoch:2: seg_loss(avg):0.4856, bm_loss(avg):0.4711, tirads_loss(avg):0.0000
Epoch:3: seg_loss(avg):0.4622, bm_loss(avg):0.4065, tirads_loss(avg):0.0000
Epoch:4: seg_loss(avg):0.4448, bm_loss(avg):0.3896, tirads_loss(avg):0.0000
Epoch:5: seg_loss(avg):0.4327, bm_loss(avg):0.3432, tirads_loss(avg):0.0000
Saved checkpoint at epoch 5
Epoch:6: seg_loss(avg):0.4302, bm_loss(avg):0.3218, tirads_loss(avg):0.0000
Epoch:7: seg_loss(avg):0.4198, bm_loss(avg):0.3114, tirads_loss(avg):0.0000
Epoch:8: seg_loss(avg):0.4167, bm_loss(avg):0.2936, tirads_loss(avg):0.0000
Epoch:9: seg_loss(avg):0.4106, bm_loss(avg):0.2812, tirads_loss(avg):0.0000
Epoch:10: seg_loss(avg):0.4041, bm_loss(avg):0.2665, tirads_loss(avg):0.0000
Saved checkpoint at epoch 10
Epoch:11: seg_loss(avg):0.4028, bm_loss(avg):0.2515, tirads_loss(avg):0.0000
Epoch:12: seg_loss(avg):0.3922, bm_loss(avg):0.2375, tirads_loss(avg):0.0000
Epoch:13: seg_loss(avg):0.3926, bm_loss(avg):0.2088, tirads_loss(avg):0.0000
Epoch:14: seg_loss(avg):0.3895, bm_loss(avg):0.2156, tirads_loss(avg):0.0000
Epoch:15: seg_loss(avg):0.3872, bm_loss(avg):0.1878, tirads_loss(avg):0.0000
Saved checkpoint at epoch 15
Epoch:16: seg_loss(avg):0.3767, bm_loss(avg):0.1702, tirads_loss(avg):0.0000
Epoch:17: seg_loss(avg):0.3763, bm_loss(avg):0.1779, tirads_loss(avg):0.0000
Epoch:18: seg_loss(avg):0.3751, bm_loss(avg):0.1513, tirads_loss(avg):0.0000
Epoch:19: seg_loss(avg):0.3711, bm_loss(avg):0.1502, tirads_loss(avg):0.0000
Epoch:20: seg_loss(avg):0.3677, bm_loss(avg):0.1318, tirads_loss(avg):0.0000
Saved checkpoint at epoch 20
Epoch:21: seg_loss(avg):0.3672, bm_loss(avg):0.1122, tirads_loss(avg):0.0000
Epoch:22: seg_loss(avg):0.3573, bm_loss(avg):0.1171, tirads_loss(avg):0.0000
Epoch:23: seg_loss(avg):0.3555, bm_loss(avg):0.1004, tirads_loss(avg):0.0000
Epoch:24: seg_loss(avg):0.3501, bm_loss(avg):0.0977, tirads_loss(avg):0.0000
Epoch:25: seg_loss(avg):0.3442, bm_loss(avg):0.0777, tirads_loss(avg):0.0000
Saved checkpoint at epoch 25
Epoch:26: seg_loss(avg):0.3452, bm_loss(avg):0.0773, tirads_loss(avg):0.0000
Epoch:27: seg_loss(avg):0.3424, bm_loss(avg):0.0675, tirads_loss(avg):0.0000
Epoch:28: seg_loss(avg):0.3354, bm_loss(avg):0.0570, tirads_loss(avg):0.0000
Epoch:29: seg_loss(avg):0.3361, bm_loss(avg):0.0569, tirads_loss(avg):0.0000
Epoch:30: seg_loss(avg):0.3289, bm_loss(avg):0.0590, tirads_loss(avg):0.0000
Saved checkpoint at epoch 30
Epoch:31: seg_loss(avg):0.3290, bm_loss(avg):0.0392, tirads_loss(avg):0.0000
Epoch:32: seg_loss(avg):0.3261, bm_loss(avg):0.0414, tirads_loss(avg):0.0000
Epoch:33: seg_loss(avg):0.3198, bm_loss(avg):0.0333, tirads_loss(avg):0.0000
Epoch:34: seg_loss(avg):0.3198, bm_loss(avg):0.0330, tirads_loss(avg):0.0000
Epoch:35: seg_loss(avg):0.3132, bm_loss(avg):0.0319, tirads_loss(avg):0.0000
Saved checkpoint at epoch 35
Epoch:36: seg_loss(avg):0.3085, bm_loss(avg):0.0256, tirads_loss(avg):0.0000
Epoch:37: seg_loss(avg):0.3090, bm_loss(avg):0.0299, tirads_loss(avg):0.0000
Epoch:38: seg_loss(avg):0.3014, bm_loss(avg):0.0223, tirads_loss(avg):0.0000
Epoch:39: seg_loss(avg):0.3007, bm_loss(avg):0.0193, tirads_loss(avg):0.0000
Epoch:40: seg_loss(avg):0.3010, bm_loss(avg):0.0224, tirads_loss(avg):0.0000
Saved checkpoint at epoch 40
Epoch:41: seg_loss(avg):0.2977, bm_loss(avg):0.0108, tirads_loss(avg):0.0000
Epoch:42: seg_loss(avg):0.2953, bm_loss(avg):0.0139, tirads_loss(avg):0.0000
Epoch:43: seg_loss(avg):0.2896, bm_loss(avg):0.0175, tirads_loss(avg):0.0000
Epoch:44: seg_loss(avg):0.2888, bm_loss(avg):0.0114, tirads_loss(avg):0.0000
Epoch:45: seg_loss(avg):0.2875, bm_loss(avg):0.0119, tirads_loss(avg):0.0000
Saved checkpoint at epoch 45
Epoch:46: seg_loss(avg):0.2878, bm_loss(avg):0.0122, tirads_loss(avg):0.0000
Epoch:47: seg_loss(avg):0.2879, bm_loss(avg):0.0074, tirads_loss(avg):0.0000
Epoch:48: seg_loss(avg):0.2871, bm_loss(avg):0.0101, tirads_loss(avg):0.0000
Epoch:49: seg_loss(avg):0.2847, bm_loss(avg):0.0068, tirads_loss(avg):0.0000
Epoch:50: seg_loss(avg):0.2874, bm_loss(avg):0.0113, tirads_loss(avg):0.0000
Saved checkpoint at epoch 50

Validating epoch 50 on all test datasets...
Testing on TN3K...
  TN3K - Dice: 0.8200, HD95: 13.7988
  TN3K - BM: Acc=0.8716, Prec=0.8814, Rec=0.8486, F1=0.8645, AUROC=0.9222, AUPRC=0.9239
  TN3K - TI-RADS: Acc=0.0000, Prec=0.0000, Rec=0.0000, F1=0.0000, AUC=0.0000
Testing on DDTI...
  DDTI - Dice: 0.7751, HD95: 16.3604
  DDTI - BM: Acc=0.0000, Prec=0.0000, Rec=0.0000, F1=0.0000, AUROC=0.0000, AUPRC=0.0000
  DDTI - TI-RADS: Acc=0.0000, Prec=0.0000, Rec=0.0000, F1=0.0000, AUC=0.0000
Testing on ThyroidXL...
  ThyroidXL - Dice: 0.8817, HD95: 5.0245
  ThyroidXL - BM: Acc=0.8888, Prec=0.7972, Rec=0.7871, F1=0.7919, AUROC=0.9445, AUPRC=0.8615
  ThyroidXL - TI-RADS: Acc=0.0000, Prec=0.0000, Rec=0.0000, F1=0.0000, AUC=0.0000
Testing on PKTN...
  PKTN - Dice: 0.7896, HD95: 12.3158
  PKTN - BM: Acc=0.0000, Prec=0.0000, Rec=0.0000, F1=0.0000, AUROC=0.0000, AUPRC=0.0000
  PKTN - TI-RADS: Acc=0.0000, Prec=0.0000, Rec=0.0000, F1=0.0000, AUC=0.0000
Testing on TN5K...
  TN5K - Dice: 0.7421, HD95: 13.6415
  TN5K - BM: Acc=0.7753, Prec=0.8605, Rec=0.8130, F1=0.8358, AUROC=0.7914, AUPRC=0.8684
  TN5K - TI-RADS: Acc=0.0000, Prec=0.0000, Rec=0.0000, F1=0.0000, AUC=0.0000
Testing on Cine-Clip...
  Cine-Clip - Dice: 0.6992, HD95: 19.8954
  Cine-Clip - BM: Acc=0.8246, Prec=0.3054, Rec=0.3670, F1=0.3331, AUROC=0.6634, AUPRC=0.2891
  Cine-Clip - TI-RADS: Acc=0.1432, Prec=0.0867, Rec=0.1248, F1=0.0666, AUC=0.4464

========== Evaluation Summary (All Test Records) ==========

Dataset: TN3K
Eval epochs: [50]
Dice per eval: [0.8199999928474426]
HD95 per eval: [13.798800468444824]
Best Dice: 0.8200 at epoch 50
Best HD95: 13.7988 at epoch 50

BM metrics per eval:
  Acc:  [0.8716]
  Prec: [0.8814]
  Rec:  [0.8486]
  F1:   [0.8645]
  AUROC:[0.9222]
  AUPRC:[0.9239]
Best BM F1: 0.8645 at epoch 50

TI-RADS metrics per eval:
  Acc:  [0.0]
  Prec: [0.0]
  Rec:  [0.0]
  F1:   [0.0]
  AUC:  [0.0]
Best TI-RADS F1: 0.0000 at epoch 50

Dataset: DDTI
Eval epochs: [50]
Dice per eval: [0.7750999927520752]
HD95 per eval: [16.36039924621582]
Best Dice: 0.7751 at epoch 50
Best HD95: 16.3604 at epoch 50

BM metrics per eval:
  Acc:  [0.0]
  Prec: [0.0]
  Rec:  [0.0]
  F1:   [0.0]
  AUROC:[0.0]
  AUPRC:[0.0]
Best BM F1: 0.0000 at epoch 50

TI-RADS metrics per eval:
  Acc:  [0.0]
  Prec: [0.0]
  Rec:  [0.0]
  F1:   [0.0]
  AUC:  [0.0]
Best TI-RADS F1: 0.0000 at epoch 50

Dataset: ThyroidXL
Eval epochs: [50]
Dice per eval: [0.8816999793052673]
HD95 per eval: [5.024499893188477]
Best Dice: 0.8817 at epoch 50
Best HD95: 5.0245 at epoch 50

BM metrics per eval:
  Acc:  [0.8888]
  Prec: [0.7972]
  Rec:  [0.7871]
  F1:   [0.7919]
  AUROC:[0.9445]
  AUPRC:[0.8615]
Best BM F1: 0.7919 at epoch 50

TI-RADS metrics per eval:
  Acc:  [0.0]
  Prec: [0.0]
  Rec:  [0.0]
  F1:   [0.0]
  AUC:  [0.0]
Best TI-RADS F1: 0.0000 at epoch 50

Dataset: PKTN
Eval epochs: [50]
Dice per eval: [0.7896000146865845]
HD95 per eval: [12.315799713134766]
Best Dice: 0.7896 at epoch 50
Best HD95: 12.3158 at epoch 50

BM metrics per eval:
  Acc:  [0.0]
  Prec: [0.0]
  Rec:  [0.0]
  F1:   [0.0]
  AUROC:[0.0]
  AUPRC:[0.0]
Best BM F1: 0.0000 at epoch 50

TI-RADS metrics per eval:
  Acc:  [0.0]
  Prec: [0.0]
  Rec:  [0.0]
  F1:   [0.0]
  AUC:  [0.0]
Best TI-RADS F1: 0.0000 at epoch 50

Dataset: TN5K
Eval epochs: [50]
Dice per eval: [0.7421000003814697]
HD95 per eval: [13.641500473022461]
Best Dice: 0.7421 at epoch 50
Best HD95: 13.6415 at epoch 50

BM metrics per eval:
  Acc:  [0.7753]
  Prec: [0.8605]
  Rec:  [0.813]
  F1:   [0.8358]
  AUROC:[0.7914]
  AUPRC:[0.8684]
Best BM F1: 0.8358 at epoch 50

TI-RADS metrics per eval:
  Acc:  [0.0]
  Prec: [0.0]
  Rec:  [0.0]
  F1:   [0.0]
  AUC:  [0.0]
Best TI-RADS F1: 0.0000 at epoch 50

Dataset: Cine-Clip
Eval epochs: [50]
Dice per eval: [0.6991999745368958]
HD95 per eval: [19.89539909362793]
Best Dice: 0.6992 at epoch 50
Best HD95: 19.8954 at epoch 50

BM metrics per eval:
  Acc:  [0.8246]
  Prec: [0.3054]
  Rec:  [0.367]
  F1:   [0.3331]
  AUROC:[0.6634]
  AUPRC:[0.2891]
Best BM F1: 0.3331 at epoch 50

TI-RADS metrics per eval:
  Acc:  [0.1432]
  Prec: [0.0867]
  Rec:  [0.1248]
  F1:   [0.0666]
  AUC:  [0.4464]
Best TI-RADS F1: 0.0666 at epoch 50

==========================================================

========== Training Completed ==========
Training completed at Fri Jan 30 23:47:39 2026
