Training started at Wed May  6 20:47:47 2026
Method: dino_unet
Dataset: train_multitask_FTCPTC_sampler_segcls_pf02_ns6000
Epochs: 50
Target Key: FTCPTC
LR: 0.0001
Batch Size: 12
Image Size: 224 x 224
DINO pretrained: True
Use Dilation: False
Sampler stats for FTCPTC: Negative=10559, Positive=787, Missing=134, Valid=11346
Sampler config for FTCPTC: target_pos_fraction=0.2000, target_neg_fraction=0.8000
Sampler weights for FTCPTC: neg_weight=0.00007576, pos_weight=0.00025413, missing_weight=0.00000000
Expected sampled draws per default epoch for FTCPTC: Negative≈9076.8, Positive≈2269.2
Expected repeat factor per default epoch for FTCPTC: neg≈0.86x, pos≈2.88x
Using WeightedRandomSampler: replacement=True, num_samples=6000, pos_fraction=0.2000
First sample: filename=2016/刘惠银/刘惠银_01_0001_0001.jpg, image=/mnt/wangbd8/workspace/DataSets/ThyroidAgent/Classifaction_Data/Malignant_ultrasound_images_cropped/2016/刘惠银/刘惠银_01_0001_0001.jpg, mask=/mnt/wangbd8/workspace/DataSets/ThyroidAgent/Classifaction_Data/Malignant_ultrasound_images_cropped_predictions/2016/刘惠银/刘惠银_01_0001_0001.png, target=-1
Loss weights: seg=1.0, cls=1.0
GA-MTL schedule per optimizer step: ['seg', 'cls']
steps_per_epoch (optimizer steps): 250
Epoch:1: seg_loss(avg):0.9633, cls_loss(avg):0.5076
Epoch:2: seg_loss(avg):0.7428, cls_loss(avg):0.5156
Epoch:3: seg_loss(avg):0.7767, cls_loss(avg):0.5010
Epoch:4: seg_loss(avg):0.5539, cls_loss(avg):0.4854
Epoch:5: seg_loss(avg):0.5146, cls_loss(avg):0.4829
Saved checkpoint at epoch 5

Validating epoch 5 on all test datasets...
Testing on FTCPTC...
  FTCPTC - Dice: 0.8339, HD95: 9.9049
  FTCPTC - FTCPTC: Acc=0.6740, Prec=0.0000, Rec=0.0000, F1=0.0000, AUROC=0.5477, AUPRC=0.3682, ECE=0.2186
Epoch:6: seg_loss(avg):0.4904, cls_loss(avg):0.4932
Epoch:7: seg_loss(avg):0.4747, cls_loss(avg):0.4566
Epoch:8: seg_loss(avg):0.4663, cls_loss(avg):0.4321
Epoch:9: seg_loss(avg):0.4555, cls_loss(avg):0.4105
Epoch:10: seg_loss(avg):0.4601, cls_loss(avg):0.3952
Saved checkpoint at epoch 10

Validating epoch 10 on all test datasets...
Testing on FTCPTC...
  FTCPTC - Dice: 0.8239, HD95: 10.3392
  FTCPTC - FTCPTC: Acc=0.6683, Prec=0.4559, Rec=0.0928, F1=0.1536, AUROC=0.6498, AUPRC=0.4481, ECE=0.1999
Epoch:11: seg_loss(avg):0.4579, cls_loss(avg):0.3497
Epoch:12: seg_loss(avg):0.4621, cls_loss(avg):0.3123
Epoch:13: seg_loss(avg):0.4352, cls_loss(avg):0.2766
Epoch:14: seg_loss(avg):0.4356, cls_loss(avg):0.2286
Epoch:15: seg_loss(avg):0.4183, cls_loss(avg):0.2013
Saved checkpoint at epoch 15

Validating epoch 15 on all test datasets...
Testing on FTCPTC...
  FTCPTC - Dice: 0.8481, HD95: 8.7123
  FTCPTC - FTCPTC: Acc=0.6656, Prec=0.4410, Rec=0.0980, F1=0.1597, AUROC=0.6057, AUPRC=0.4131, ECE=0.2686
Epoch:16: seg_loss(avg):0.4109, cls_loss(avg):0.1795
Epoch:17: seg_loss(avg):0.4168, cls_loss(avg):0.1771
Epoch:18: seg_loss(avg):0.4154, cls_loss(avg):0.1484
Epoch:19: seg_loss(avg):0.4057, cls_loss(avg):0.1192
Epoch:20: seg_loss(avg):0.3954, cls_loss(avg):0.1117
Saved checkpoint at epoch 20

Validating epoch 20 on all test datasets...
Testing on FTCPTC...
  FTCPTC - Dice: 0.8584, HD95: 8.3077
  FTCPTC - FTCPTC: Acc=0.6861, Prec=0.6251, Rec=0.0924, F1=0.1603, AUROC=0.5718, AUPRC=0.4375, ECE=0.2806
Epoch:21: seg_loss(avg):0.3937, cls_loss(avg):0.1070
Epoch:22: seg_loss(avg):0.3927, cls_loss(avg):0.0861
Epoch:23: seg_loss(avg):0.3864, cls_loss(avg):0.0803
Epoch:24: seg_loss(avg):0.3835, cls_loss(avg):0.0636
Epoch:25: seg_loss(avg):0.3678, cls_loss(avg):0.0525
Saved checkpoint at epoch 25

Validating epoch 25 on all test datasets...
Testing on FTCPTC...
  FTCPTC - Dice: 0.8698, HD95: 7.4961
  FTCPTC - FTCPTC: Acc=0.6841, Prec=0.5612, Rec=0.1411, F1=0.2246, AUROC=0.6357, AUPRC=0.4709, ECE=0.2864
Epoch:26: seg_loss(avg):0.3700, cls_loss(avg):0.0545
Epoch:27: seg_loss(avg):0.3577, cls_loss(avg):0.0494
Epoch:28: seg_loss(avg):0.3535, cls_loss(avg):0.0314
Epoch:29: seg_loss(avg):0.3598, cls_loss(avg):0.0369
Epoch:30: seg_loss(avg):0.3505, cls_loss(avg):0.0220
Saved checkpoint at epoch 30

Validating epoch 30 on all test datasets...
Testing on FTCPTC...
  FTCPTC - Dice: 0.8765, HD95: 7.7936
  FTCPTC - FTCPTC: Acc=0.6841, Prec=0.6930, Rec=0.0553, F1=0.1019, AUROC=0.5984, AUPRC=0.4388, ECE=0.3052
Epoch:31: seg_loss(avg):0.3495, cls_loss(avg):0.0342
Epoch:32: seg_loss(avg):0.3345, cls_loss(avg):0.0218
Epoch:33: seg_loss(avg):0.3437, cls_loss(avg):0.0182
Epoch:34: seg_loss(avg):0.3225, cls_loss(avg):0.0165
Epoch:35: seg_loss(avg):0.3386, cls_loss(avg):0.0130
Saved checkpoint at epoch 35

Validating epoch 35 on all test datasets...
Testing on FTCPTC...
  FTCPTC - Dice: 0.8748, HD95: 8.1456
  FTCPTC - FTCPTC: Acc=0.6818, Prec=0.6091, Rec=0.0670, F1=0.1202, AUROC=0.5865, AUPRC=0.4146, ECE=0.3104
Epoch:36: seg_loss(avg):0.3270, cls_loss(avg):0.0067
