Training started at Mon Jan 12 11:45:46 2026
Method: dino_unet
Dataset: diff_size_train_multitask_dataset2
Epochs: 50
LR: 0.0001
Batch Size: 12
Image Size: 448 x 448
DINO pretrained: True
Use Dilation: False
Training set - Benign/Malignant: Benign=9383 (65.73%), Malignant=4891 (34.27%)
Auto-adjusted tau=0.70 (imbalance_ratio=1.92)
GLA parameters: p_benign=0.6573, p_malignant=0.3427, tau=0.70
Logit adjustment magnitude: 0.4561
Training set - TI-RADS distribution (1-5): [0, 0, 0, 0, 0]
TI-RADS probabilities: [0.20000000298023224, 0.20000000298023224, 0.20000000298023224, 0.20000000298023224, 0.20000000298023224]
Loss weights: seg=1.0, bm=1.0, tirads=1.0
GA-MTL schedule per optimizer step: ['seg', 'bm']
steps_per_epoch (optimizer steps): 594
Epoch:1: seg_loss(avg):0.6309, bm_loss(avg):0.6513, tirads_loss(avg):0.0000
Epoch:2: seg_loss(avg):0.4868, bm_loss(avg):0.4734, tirads_loss(avg):0.0000
Epoch:3: seg_loss(avg):0.4541, bm_loss(avg):0.4078, tirads_loss(avg):0.0000
Epoch:4: seg_loss(avg):0.4404, bm_loss(avg):0.3723, tirads_loss(avg):0.0000
Epoch:5: seg_loss(avg):0.4293, bm_loss(avg):0.3556, tirads_loss(avg):0.0000
Saved checkpoint at epoch 5

Validating epoch 5 on all test datasets...
Testing on TN3K...
  TN3K - Dice: 0.8338, HD95: 25.1721
  TN3K - BM: Acc=0.7407, Prec=0.6680, Rec=0.6474, F1=0.6570, AUROC=0.7972, AUPRC=0.7171
  TN3K - TI-RADS: Acc=0.0000, Prec=0.0000, Rec=0.0000, F1=0.0000, AUC=0.0000
Testing on DDTI...
  DDTI - Dice: 0.7507, HD95: 41.4604
  DDTI - BM: Acc=0.0000, Prec=0.0000, Rec=0.0000, F1=0.0000, AUROC=0.0000, AUPRC=0.0000
  DDTI - TI-RADS: Acc=0.0000, Prec=0.0000, Rec=0.0000, F1=0.0000, AUC=0.0000
Testing on ThyroidXL...
  ThyroidXL - Dice: 0.8669, HD95: 12.5954
  ThyroidXL - BM: Acc=0.8287, Prec=0.8866, Rec=0.7236, F1=0.7968, AUROC=0.9318, AUPRC=0.9098
  ThyroidXL - TI-RADS: Acc=0.0000, Prec=0.0000, Rec=0.0000, F1=0.0000, AUC=0.0000
Testing on PKTN...
  PKTN - Dice: 0.7887, HD95: 29.5437
  PKTN - BM: Acc=0.0000, Prec=0.0000, Rec=0.0000, F1=0.0000, AUROC=0.0000, AUPRC=0.0000
  PKTN - TI-RADS: Acc=0.0000, Prec=0.0000, Rec=0.0000, F1=0.0000, AUC=0.0000
Testing on TN5K...
  TN5K - Dice: 0.7669, HD95: 27.6861
  TN5K - BM: Acc=0.7870, Prec=0.9176, Rec=0.7785, F1=0.8423, AUROC=0.8774, AUPRC=0.9511
  TN5K - TI-RADS: Acc=0.0000, Prec=0.0000, Rec=0.0000, F1=0.0000, AUC=0.0000
Epoch:6: seg_loss(avg):0.4255, bm_loss(avg):0.3395, tirads_loss(avg):0.0000
Epoch:7: seg_loss(avg):0.4188, bm_loss(avg):0.3231, tirads_loss(avg):0.0000
Epoch:8: seg_loss(avg):0.4108, bm_loss(avg):0.3097, tirads_loss(avg):0.0000
Epoch:9: seg_loss(avg):0.4114, bm_loss(avg):0.2881, tirads_loss(avg):0.0000
Epoch:10: seg_loss(avg):0.4093, bm_loss(avg):0.2807, tirads_loss(avg):0.0000
Saved checkpoint at epoch 10

Validating epoch 10 on all test datasets...
Testing on TN3K...
  TN3K - Dice: 0.8436, HD95: 23.0671
  TN3K - BM: Acc=0.7489, Prec=0.6376, Rec=0.8038, F1=0.7107, AUROC=0.8313, AUPRC=0.7593
  TN3K - TI-RADS: Acc=0.0000, Prec=0.0000, Rec=0.0000, F1=0.0000, AUC=0.0000
Testing on DDTI...
  DDTI - Dice: 0.7625, HD95: 42.8368
  DDTI - BM: Acc=0.0000, Prec=0.0000, Rec=0.0000, F1=0.0000, AUROC=0.0000, AUPRC=0.0000
  DDTI - TI-RADS: Acc=0.0000, Prec=0.0000, Rec=0.0000, F1=0.0000, AUC=0.0000
Testing on ThyroidXL...
  ThyroidXL - Dice: 0.8737, HD95: 11.7776
  ThyroidXL - BM: Acc=0.8687, Prec=0.8527, Rec=0.8669, F1=0.8597, AUROC=0.9398, AUPRC=0.9231
  ThyroidXL - TI-RADS: Acc=0.0000, Prec=0.0000, Rec=0.0000, F1=0.0000, AUC=0.0000
Testing on PKTN...
  PKTN - Dice: 0.8024, HD95: 26.9584
  PKTN - BM: Acc=0.0000, Prec=0.0000, Rec=0.0000, F1=0.0000, AUROC=0.0000, AUPRC=0.0000
  PKTN - TI-RADS: Acc=0.0000, Prec=0.0000, Rec=0.0000, F1=0.0000, AUC=0.0000
Testing on TN5K...
  TN5K - Dice: 0.7625, HD95: 28.1904
  TN5K - BM: Acc=0.8640, Prec=0.9058, Rec=0.9084, F1=0.9070, AUROC=0.9142, AUPRC=0.9667
  TN5K - TI-RADS: Acc=0.0000, Prec=0.0000, Rec=0.0000, F1=0.0000, AUC=0.0000
Epoch:11: seg_loss(avg):0.4015, bm_loss(avg):0.2638, tirads_loss(avg):0.0000
Epoch:12: seg_loss(avg):0.3974, bm_loss(avg):0.2442, tirads_loss(avg):0.0000
Epoch:13: seg_loss(avg):0.3972, bm_loss(avg):0.2315, tirads_loss(avg):0.0000
Epoch:14: seg_loss(avg):0.3936, bm_loss(avg):0.2242, tirads_loss(avg):0.0000
Epoch:15: seg_loss(avg):0.3930, bm_loss(avg):0.2143, tirads_loss(avg):0.0000
Saved checkpoint at epoch 15

Validating epoch 15 on all test datasets...
Testing on TN3K...
  TN3K - Dice: 0.8443, HD95: 23.0558
  TN3K - BM: Acc=0.6987, Prec=0.5802, Rec=0.7832, F1=0.6662, AUROC=0.7922, AUPRC=0.7075
  TN3K - TI-RADS: Acc=0.0000, Prec=0.0000, Rec=0.0000, F1=0.0000, AUC=0.0000
Testing on DDTI...
  DDTI - Dice: 0.7465, HD95: 38.5005
  DDTI - BM: Acc=0.0000, Prec=0.0000, Rec=0.0000, F1=0.0000, AUROC=0.0000, AUPRC=0.0000
  DDTI - TI-RADS: Acc=0.0000, Prec=0.0000, Rec=0.0000, F1=0.0000, AUC=0.0000
Testing on ThyroidXL...
  ThyroidXL - Dice: 0.8751, HD95: 11.0018
  ThyroidXL - BM: Acc=0.8491, Prec=0.8902, Rec=0.7700, F1=0.8257, AUROC=0.9383, AUPRC=0.9203
  ThyroidXL - TI-RADS: Acc=0.0000, Prec=0.0000, Rec=0.0000, F1=0.0000, AUC=0.0000
Testing on PKTN...
  PKTN - Dice: 0.8069, HD95: 25.7897
  PKTN - BM: Acc=0.0000, Prec=0.0000, Rec=0.0000, F1=0.0000, AUROC=0.0000, AUPRC=0.0000
  PKTN - TI-RADS: Acc=0.0000, Prec=0.0000, Rec=0.0000, F1=0.0000, AUC=0.0000
Testing on TN5K...
  TN5K - Dice: 0.7871, HD95: 23.0513
  TN5K - BM: Acc=0.8392, Prec=0.8673, Rec=0.9209, F1=0.8932, AUROC=0.8817, AUPRC=0.9526
  TN5K - TI-RADS: Acc=0.0000, Prec=0.0000, Rec=0.0000, F1=0.0000, AUC=0.0000
Epoch:16: seg_loss(avg):0.3857, bm_loss(avg):0.2007, tirads_loss(avg):0.0000
Epoch:17: seg_loss(avg):0.3830, bm_loss(avg):0.1908, tirads_loss(avg):0.0000
Epoch:18: seg_loss(avg):0.3778, bm_loss(avg):0.1672, tirads_loss(avg):0.0000
Epoch:19: seg_loss(avg):0.3751, bm_loss(avg):0.1646, tirads_loss(avg):0.0000
Epoch:20: seg_loss(avg):0.3743, bm_loss(avg):0.1518, tirads_loss(avg):0.0000
Saved checkpoint at epoch 20

Validating epoch 20 on all test datasets...
Testing on TN3K...
  TN3K - Dice: 0.8472, HD95: 21.9415
  TN3K - BM: Acc=0.7442, Prec=0.6389, Rec=0.7704, F1=0.6981, AUROC=0.8100, AUPRC=0.7280
  TN3K - TI-RADS: Acc=0.0000, Prec=0.0000, Rec=0.0000, F1=0.0000, AUC=0.0000
Testing on DDTI...
  DDTI - Dice: 0.7834, HD95: 34.0486
  DDTI - BM: Acc=0.0000, Prec=0.0000, Rec=0.0000, F1=0.0000, AUROC=0.0000, AUPRC=0.0000
  DDTI - TI-RADS: Acc=0.0000, Prec=0.0000, Rec=0.0000, F1=0.0000, AUC=0.0000
Testing on ThyroidXL...
  ThyroidXL - Dice: 0.8769, HD95: 11.3345
  ThyroidXL - BM: Acc=0.8672, Prec=0.8625, Rec=0.8493, F1=0.8558, AUROC=0.9379, AUPRC=0.9254
  ThyroidXL - TI-RADS: Acc=0.0000, Prec=0.0000, Rec=0.0000, F1=0.0000, AUC=0.0000
Testing on PKTN...
  PKTN - Dice: 0.7999, HD95: 27.1389
  PKTN - BM: Acc=0.0000, Prec=0.0000, Rec=0.0000, F1=0.0000, AUROC=0.0000, AUPRC=0.0000
  PKTN - TI-RADS: Acc=0.0000, Prec=0.0000, Rec=0.0000, F1=0.0000, AUC=0.0000
Testing on TN5K...
  TN5K - Dice: 0.7727, HD95: 26.2594
  TN5K - BM: Acc=0.8331, Prec=0.9039, Rec=0.8635, F1=0.8832, AUROC=0.8761, AUPRC=0.9426
  TN5K - TI-RADS: Acc=0.0000, Prec=0.0000, Rec=0.0000, F1=0.0000, AUC=0.0000
Epoch:21: seg_loss(avg):0.3693, bm_loss(avg):0.1337, tirads_loss(avg):0.0000
Epoch:22: seg_loss(avg):0.3714, bm_loss(avg):0.1304, tirads_loss(avg):0.0000
Epoch:23: seg_loss(avg):0.3663, bm_loss(avg):0.1170, tirads_loss(avg):0.0000
Epoch:24: seg_loss(avg):0.3649, bm_loss(avg):0.0987, tirads_loss(avg):0.0000
Epoch:25: seg_loss(avg):0.3613, bm_loss(avg):0.1019, tirads_loss(avg):0.0000
Saved checkpoint at epoch 25

Validating epoch 25 on all test datasets...
Testing on TN3K...
  TN3K - Dice: 0.8423, HD95: 22.6467
  TN3K - BM: Acc=0.7182, Prec=0.6064, Rec=0.7613, F1=0.6747, AUROC=0.8055, AUPRC=0.7228
  TN3K - TI-RADS: Acc=0.0000, Prec=0.0000, Rec=0.0000, F1=0.0000, AUC=0.0000
Testing on DDTI...
  DDTI - Dice: 0.7794, HD95: 34.0021
  DDTI - BM: Acc=0.0000, Prec=0.0000, Rec=0.0000, F1=0.0000, AUROC=0.0000, AUPRC=0.0000
  DDTI - TI-RADS: Acc=0.0000, Prec=0.0000, Rec=0.0000, F1=0.0000, AUC=0.0000
Testing on ThyroidXL...
  ThyroidXL - Dice: 0.8759, HD95: 11.1349
  ThyroidXL - BM: Acc=0.8449, Prec=0.8883, Rec=0.7619, F1=0.8202, AUROC=0.9299, AUPRC=0.9150
  ThyroidXL - TI-RADS: Acc=0.0000, Prec=0.0000, Rec=0.0000, F1=0.0000, AUC=0.0000
Testing on PKTN...
  PKTN - Dice: 0.8003, HD95: 25.0202
  PKTN - BM: Acc=0.0000, Prec=0.0000, Rec=0.0000, F1=0.0000, AUROC=0.0000, AUPRC=0.0000
  PKTN - TI-RADS: Acc=0.0000, Prec=0.0000, Rec=0.0000, F1=0.0000, AUC=0.0000
Testing on TN5K...
  TN5K - Dice: 0.7770, HD95: 24.8428
  TN5K - BM: Acc=0.8182, Prec=0.8694, Rec=0.8841, F1=0.8766, AUROC=0.8643, AUPRC=0.9379
  TN5K - TI-RADS: Acc=0.0000, Prec=0.0000, Rec=0.0000, F1=0.0000, AUC=0.0000
Epoch:26: seg_loss(avg):0.3550, bm_loss(avg):0.0830, tirads_loss(avg):0.0000
Epoch:27: seg_loss(avg):0.3585, bm_loss(avg):0.0910, tirads_loss(avg):0.0000
Epoch:28: seg_loss(avg):0.3502, bm_loss(avg):0.0743, tirads_loss(avg):0.0000
Epoch:29: seg_loss(avg):0.3488, bm_loss(avg):0.0639, tirads_loss(avg):0.0000
Epoch:30: seg_loss(avg):0.3453, bm_loss(avg):0.0635, tirads_loss(avg):0.0000
Saved checkpoint at epoch 30

Validating epoch 30 on all test datasets...
Testing on TN3K...
  TN3K - Dice: 0.8447, HD95: 23.6679
  TN3K - BM: Acc=0.6870, Prec=0.5658, Rec=0.8000, F1=0.6624, AUROC=0.7831, AUPRC=0.6885
  TN3K - TI-RADS: Acc=0.0000, Prec=0.0000, Rec=0.0000, F1=0.0000, AUC=0.0000
Testing on DDTI...
  DDTI - Dice: 0.7781, HD95: 33.9618
  DDTI - BM: Acc=0.0000, Prec=0.0000, Rec=0.0000, F1=0.0000, AUROC=0.0000, AUPRC=0.0000
  DDTI - TI-RADS: Acc=0.0000, Prec=0.0000, Rec=0.0000, F1=0.0000, AUC=0.0000
Testing on ThyroidXL...
  ThyroidXL - Dice: 0.8780, HD95: 10.8540
  ThyroidXL - BM: Acc=0.8559, Prec=0.8840, Rec=0.7938, F1=0.8364, AUROC=0.9364, AUPRC=0.9208
  ThyroidXL - TI-RADS: Acc=0.0000, Prec=0.0000, Rec=0.0000, F1=0.0000, AUC=0.0000
Testing on PKTN...
  PKTN - Dice: 0.8141, HD95: 23.5294
  PKTN - BM: Acc=0.0000, Prec=0.0000, Rec=0.0000, F1=0.0000, AUROC=0.0000, AUPRC=0.0000
  PKTN - TI-RADS: Acc=0.0000, Prec=0.0000, Rec=0.0000, F1=0.0000, AUC=0.0000
Testing on TN5K...
  TN5K - Dice: 0.7782, HD95: 26.5104
  TN5K - BM: Acc=0.8325, Prec=0.8960, Rec=0.8720, F1=0.8838, AUROC=0.8710, AUPRC=0.9449
  TN5K - TI-RADS: Acc=0.0000, Prec=0.0000, Rec=0.0000, F1=0.0000, AUC=0.0000
Epoch:31: seg_loss(avg):0.3404, bm_loss(avg):0.0590, tirads_loss(avg):0.0000
Epoch:32: seg_loss(avg):0.3384, bm_loss(avg):0.0406, tirads_loss(avg):0.0000
Epoch:33: seg_loss(avg):0.3343, bm_loss(avg):0.0389, tirads_loss(avg):0.0000
Epoch:34: seg_loss(avg):0.3349, bm_loss(avg):0.0383, tirads_loss(avg):0.0000
Epoch:35: seg_loss(avg):0.3310, bm_loss(avg):0.0330, tirads_loss(avg):0.0000
Saved checkpoint at epoch 35

Validating epoch 35 on all test datasets...
Testing on TN3K...
  TN3K - Dice: 0.8477, HD95: 22.1651
  TN3K - BM: Acc=0.6834, Prec=0.5607, Rec=0.8163, F1=0.6643, AUROC=0.7760, AUPRC=0.6633
  TN3K - TI-RADS: Acc=0.0000, Prec=0.0000, Rec=0.0000, F1=0.0000, AUC=0.0000
Testing on DDTI...
  DDTI - Dice: 0.7810, HD95: 34.1435
  DDTI - BM: Acc=0.0000, Prec=0.0000, Rec=0.0000, F1=0.0000, AUROC=0.0000, AUPRC=0.0000
  DDTI - TI-RADS: Acc=0.0000, Prec=0.0000, Rec=0.0000, F1=0.0000, AUC=0.0000
Testing on ThyroidXL...
  ThyroidXL - Dice: 0.8803, HD95: 10.5454
  ThyroidXL - BM: Acc=0.8681, Prec=0.8682, Rec=0.8442, F1=0.8560, AUROC=0.9400, AUPRC=0.9255
  ThyroidXL - TI-RADS: Acc=0.0000, Prec=0.0000, Rec=0.0000, F1=0.0000, AUC=0.0000
Testing on PKTN...
  PKTN - Dice: 0.8106, HD95: 24.1882
  PKTN - BM: Acc=0.0000, Prec=0.0000, Rec=0.0000, F1=0.0000, AUROC=0.0000, AUPRC=0.0000
  PKTN - TI-RADS: Acc=0.0000, Prec=0.0000, Rec=0.0000, F1=0.0000, AUC=0.0000
Testing on TN5K...
  TN5K - Dice: 0.7732, HD95: 27.2654
  TN5K - BM: Acc=0.8510, Prec=0.8868, Rec=0.9127, F1=0.8995, AUROC=0.8777, AUPRC=0.9377
  TN5K - TI-RADS: Acc=0.0000, Prec=0.0000, Rec=0.0000, F1=0.0000, AUC=0.0000
Epoch:36: seg_loss(avg):0.3254, bm_loss(avg):0.0305, tirads_loss(avg):0.0000
Epoch:37: seg_loss(avg):0.3278, bm_loss(avg):0.0305, tirads_loss(avg):0.0000
Epoch:38: seg_loss(avg):0.3216, bm_loss(avg):0.0295, tirads_loss(avg):0.0000
Epoch:39: seg_loss(avg):0.3195, bm_loss(avg):0.0192, tirads_loss(avg):0.0000
Epoch:40: seg_loss(avg):0.3177, bm_loss(avg):0.0192, tirads_loss(avg):0.0000
Saved checkpoint at epoch 40

Validating epoch 40 on all test datasets...
Testing on TN3K...
  TN3K - Dice: 0.8497, HD95: 21.1267
  TN3K - BM: Acc=0.6723, Prec=0.5522, Rec=0.7825, F1=0.6470, AUROC=0.7658, AUPRC=0.6376
  TN3K - TI-RADS: Acc=0.0000, Prec=0.0000, Rec=0.0000, F1=0.0000, AUC=0.0000
Testing on DDTI...
  DDTI - Dice: 0.7766, HD95: 32.8475
  DDTI - BM: Acc=0.0000, Prec=0.0000, Rec=0.0000, F1=0.0000, AUROC=0.0000, AUPRC=0.0000
  DDTI - TI-RADS: Acc=0.0000, Prec=0.0000, Rec=0.0000, F1=0.0000, AUC=0.0000
Testing on ThyroidXL...
  ThyroidXL - Dice: 0.8809, HD95: 10.4371
  ThyroidXL - BM: Acc=0.8482, Prec=0.8890, Rec=0.7691, F1=0.8246, AUROC=0.9351, AUPRC=0.9229
  ThyroidXL - TI-RADS: Acc=0.0000, Prec=0.0000, Rec=0.0000, F1=0.0000, AUC=0.0000
Testing on PKTN...
  PKTN - Dice: 0.8152, HD95: 22.7924
  PKTN - BM: Acc=0.0000, Prec=0.0000, Rec=0.0000, F1=0.0000, AUROC=0.0000, AUPRC=0.0000
  PKTN - TI-RADS: Acc=0.0000, Prec=0.0000, Rec=0.0000, F1=0.0000, AUC=0.0000
Testing on TN5K...
  TN5K - Dice: 0.7837, HD95: 24.4470
  TN5K - BM: Acc=0.8351, Prec=0.9089, Rec=0.8607, F1=0.8841, AUROC=0.8768, AUPRC=0.9382
  TN5K - TI-RADS: Acc=0.0000, Prec=0.0000, Rec=0.0000, F1=0.0000, AUC=0.0000
Epoch:41: seg_loss(avg):0.3160, bm_loss(avg):0.0182, tirads_loss(avg):0.0000
Epoch:42: seg_loss(avg):0.3149, bm_loss(avg):0.0167, tirads_loss(avg):0.0000
Epoch:43: seg_loss(avg):0.3134, bm_loss(avg):0.0168, tirads_loss(avg):0.0000
Epoch:44: seg_loss(avg):0.3086, bm_loss(avg):0.0122, tirads_loss(avg):0.0000
Epoch:45: seg_loss(avg):0.3111, bm_loss(avg):0.0117, tirads_loss(avg):0.0000
Saved checkpoint at epoch 45

Validating epoch 45 on all test datasets...
Testing on TN3K...
  TN3K - Dice: 0.8504, HD95: 21.5238
  TN3K - BM: Acc=0.6935, Prec=0.5746, Rec=0.7825, F1=0.6622, AUROC=0.7753, AUPRC=0.6479
  TN3K - TI-RADS: Acc=0.0000, Prec=0.0000, Rec=0.0000, F1=0.0000, AUC=0.0000
Testing on DDTI...
  DDTI - Dice: 0.7791, HD95: 32.9776
  DDTI - BM: Acc=0.0000, Prec=0.0000, Rec=0.0000, F1=0.0000, AUROC=0.0000, AUPRC=0.0000
  DDTI - TI-RADS: Acc=0.0000, Prec=0.0000, Rec=0.0000, F1=0.0000, AUC=0.0000
Testing on ThyroidXL...
  ThyroidXL - Dice: 0.8815, HD95: 10.1644
  ThyroidXL - BM: Acc=0.8624, Prec=0.8805, Rec=0.8143, F1=0.8460, AUROC=0.9371, AUPRC=0.9214
  ThyroidXL - TI-RADS: Acc=0.0000, Prec=0.0000, Rec=0.0000, F1=0.0000, AUC=0.0000
Testing on PKTN...
  PKTN - Dice: 0.8133, HD95: 23.1890
  PKTN - BM: Acc=0.0000, Prec=0.0000, Rec=0.0000, F1=0.0000, AUROC=0.0000, AUPRC=0.0000
  PKTN - TI-RADS: Acc=0.0000, Prec=0.0000, Rec=0.0000, F1=0.0000, AUC=0.0000
Testing on TN5K...
  TN5K - Dice: 0.7800, HD95: 26.1162
  TN5K - BM: Acc=0.8271, Prec=0.9214, Rec=0.8347, F1=0.8758, AUROC=0.8822, AUPRC=0.9430
  TN5K - TI-RADS: Acc=0.0000, Prec=0.0000, Rec=0.0000, F1=0.0000, AUC=0.0000
Epoch:46: seg_loss(avg):0.3084, bm_loss(avg):0.0093, tirads_loss(avg):0.0000
Epoch:47: seg_loss(avg):0.3074, bm_loss(avg):0.0099, tirads_loss(avg):0.0000
Epoch:48: seg_loss(avg):0.3062, bm_loss(avg):0.0090, tirads_loss(avg):0.0000
Epoch:49: seg_loss(avg):0.3066, bm_loss(avg):0.0127, tirads_loss(avg):0.0000
Epoch:50: seg_loss(avg):0.3087, bm_loss(avg):0.0078, tirads_loss(avg):0.0000
Saved checkpoint at epoch 50

Validating epoch 50 on all test datasets...
Testing on TN3K...
  TN3K - Dice: 0.8501, HD95: 21.4256
  TN3K - BM: Acc=0.6886, Prec=0.5697, Rec=0.7782, F1=0.6574, AUROC=0.7749, AUPRC=0.6456
  TN3K - TI-RADS: Acc=0.0000, Prec=0.0000, Rec=0.0000, F1=0.0000, AUC=0.0000
Testing on DDTI...
  DDTI - Dice: 0.7784, HD95: 32.9248
  DDTI - BM: Acc=0.0000, Prec=0.0000, Rec=0.0000, F1=0.0000, AUROC=0.0000, AUPRC=0.0000
  DDTI - TI-RADS: Acc=0.0000, Prec=0.0000, Rec=0.0000, F1=0.0000, AUC=0.0000
Testing on ThyroidXL...
  ThyroidXL - Dice: 0.8817, HD95: 10.1290
  ThyroidXL - BM: Acc=0.8553, Prec=0.8829, Rec=0.7936, F1=0.8358, AUROC=0.9362, AUPRC=0.9207
  ThyroidXL - TI-RADS: Acc=0.0000, Prec=0.0000, Rec=0.0000, F1=0.0000, AUC=0.0000
Testing on PKTN...
  PKTN - Dice: 0.8134, HD95: 23.4257
  PKTN - BM: Acc=0.0000, Prec=0.0000, Rec=0.0000, F1=0.0000, AUROC=0.0000, AUPRC=0.0000
  PKTN - TI-RADS: Acc=0.0000, Prec=0.0000, Rec=0.0000, F1=0.0000, AUC=0.0000
Testing on TN5K...
  TN5K - Dice: 0.7800, HD95: 26.1563
  TN5K - BM: Acc=0.8331, Prec=0.9221, Rec=0.8429, F1=0.8807, AUROC=0.8834, AUPRC=0.9428
  TN5K - TI-RADS: Acc=0.0000, Prec=0.0000, Rec=0.0000, F1=0.0000, AUC=0.0000

========== Evaluation Summary (All Test Records) ==========

Dataset: TN3K
Eval epochs: [5, 10, 15, 20, 25, 30, 35, 40, 45, 50]
Dice per eval: [0.8338000178337097, 0.8435999751091003, 0.8442999720573425, 0.8471999764442444, 0.8422999978065491, 0.8446999788284302, 0.8476999998092651, 0.8496999740600586, 0.8503999710083008, 0.8500999808311462]
HD95 per eval: [25.172100067138672, 23.067100524902344, 23.05579948425293, 21.941499710083008, 22.646699905395508, 23.66790008544922, 22.16510009765625, 21.126699447631836, 21.523799896240234, 21.425600051879883]
Best Dice: 0.8504 at epoch 45
Best HD95: 21.1267 at epoch 40

BM metrics per eval:
  Acc:  [0.7407, 0.7489, 0.6987, 0.7442, 0.7182, 0.687, 0.6834, 0.6723, 0.6935, 0.6886]
  Prec: [0.668, 0.6376, 0.5802, 0.6389, 0.6064, 0.5658, 0.5607, 0.5522, 0.5746, 0.5697]
  Rec:  [0.6474, 0.8038, 0.7832, 0.7704, 0.7613, 0.8, 0.8163, 0.7825, 0.7825, 0.7782]
  F1:   [0.657, 0.7107, 0.6662, 0.6981, 0.6747, 0.6624, 0.6643, 0.647, 0.6622, 0.6574]
  AUROC:[0.7972, 0.8313, 0.7922, 0.81, 0.8055, 0.7831, 0.776, 0.7658, 0.7753, 0.7749]
  AUPRC:[0.7171, 0.7593, 0.7075, 0.728, 0.7228, 0.6885, 0.6633, 0.6376, 0.6479, 0.6456]
Best BM F1: 0.7107 at epoch 10

TI-RADS metrics per eval:
  Acc:  [0.0, 0.0, 0.0, 0.0, 0.0, 0.0, 0.0, 0.0, 0.0, 0.0]
  Prec: [0.0, 0.0, 0.0, 0.0, 0.0, 0.0, 0.0, 0.0, 0.0, 0.0]
  Rec:  [0.0, 0.0, 0.0, 0.0, 0.0, 0.0, 0.0, 0.0, 0.0, 0.0]
  F1:   [0.0, 0.0, 0.0, 0.0, 0.0, 0.0, 0.0, 0.0, 0.0, 0.0]
  AUC:  [0.0, 0.0, 0.0, 0.0, 0.0, 0.0, 0.0, 0.0, 0.0, 0.0]
Best TI-RADS F1: 0.0000 at epoch 5

Dataset: DDTI
Eval epochs: [5, 10, 15, 20, 25, 30, 35, 40, 45, 50]
Dice per eval: [0.7506999969482422, 0.762499988079071, 0.7465000152587891, 0.7833999991416931, 0.7793999910354614, 0.7781000137329102, 0.781000018119812, 0.7766000032424927, 0.7791000008583069, 0.7784000039100647]
HD95 per eval: [41.46039962768555, 42.83679962158203, 38.5004997253418, 34.04859924316406, 34.00210189819336, 33.96179962158203, 34.14350128173828, 32.84749984741211, 32.97760009765625, 32.924800872802734]
Best Dice: 0.7834 at epoch 20
Best HD95: 32.8475 at epoch 40

BM metrics per eval:
  Acc:  [0.0, 0.0, 0.0, 0.0, 0.0, 0.0, 0.0, 0.0, 0.0, 0.0]
  Prec: [0.0, 0.0, 0.0, 0.0, 0.0, 0.0, 0.0, 0.0, 0.0, 0.0]
  Rec:  [0.0, 0.0, 0.0, 0.0, 0.0, 0.0, 0.0, 0.0, 0.0, 0.0]
  F1:   [0.0, 0.0, 0.0, 0.0, 0.0, 0.0, 0.0, 0.0, 0.0, 0.0]
  AUROC:[0.0, 0.0, 0.0, 0.0, 0.0, 0.0, 0.0, 0.0, 0.0, 0.0]
  AUPRC:[0.0, 0.0, 0.0, 0.0, 0.0, 0.0, 0.0, 0.0, 0.0, 0.0]
Best BM F1: 0.0000 at epoch 5

TI-RADS metrics per eval:
  Acc:  [0.0, 0.0, 0.0, 0.0, 0.0, 0.0, 0.0, 0.0, 0.0, 0.0]
  Prec: [0.0, 0.0, 0.0, 0.0, 0.0, 0.0, 0.0, 0.0, 0.0, 0.0]
  Rec:  [0.0, 0.0, 0.0, 0.0, 0.0, 0.0, 0.0, 0.0, 0.0, 0.0]
  F1:   [0.0, 0.0, 0.0, 0.0, 0.0, 0.0, 0.0, 0.0, 0.0, 0.0]
  AUC:  [0.0, 0.0, 0.0, 0.0, 0.0, 0.0, 0.0, 0.0, 0.0, 0.0]
Best TI-RADS F1: 0.0000 at epoch 5

Dataset: ThyroidXL
Eval epochs: [5, 10, 15, 20, 25, 30, 35, 40, 45, 50]
Dice per eval: [0.8669000267982483, 0.8737000226974487, 0.8751000165939331, 0.8769000172615051, 0.8758999705314636, 0.878000020980835, 0.880299985408783, 0.8809000253677368, 0.8815000057220459, 0.8816999793052673]
HD95 per eval: [12.595399856567383, 11.777600288391113, 11.001799583435059, 11.334500312805176, 11.134900093078613, 10.854000091552734, 10.54539966583252, 10.437100410461426, 10.164400100708008, 10.128999710083008]
Best Dice: 0.8817 at epoch 50
Best HD95: 10.1290 at epoch 50

BM metrics per eval:
  Acc:  [0.8287, 0.8687, 0.8491, 0.8672, 0.8449, 0.8559, 0.8681, 0.8482, 0.8624, 0.8553]
  Prec: [0.8866, 0.8527, 0.8902, 0.8625, 0.8883, 0.884, 0.8682, 0.889, 0.8805, 0.8829]
  Rec:  [0.7236, 0.8669, 0.77, 0.8493, 0.7619, 0.7938, 0.8442, 0.7691, 0.8143, 0.7936]
  F1:   [0.7968, 0.8597, 0.8257, 0.8558, 0.8202, 0.8364, 0.856, 0.8246, 0.846, 0.8358]
  AUROC:[0.9318, 0.9398, 0.9383, 0.9379, 0.9299, 0.9364, 0.94, 0.9351, 0.9371, 0.9362]
  AUPRC:[0.9098, 0.9231, 0.9203, 0.9254, 0.915, 0.9208, 0.9255, 0.9229, 0.9214, 0.9207]
Best BM F1: 0.8597 at epoch 10

TI-RADS metrics per eval:
  Acc:  [0.0, 0.0, 0.0, 0.0, 0.0, 0.0, 0.0, 0.0, 0.0, 0.0]
  Prec: [0.0, 0.0, 0.0, 0.0, 0.0, 0.0, 0.0, 0.0, 0.0, 0.0]
  Rec:  [0.0, 0.0, 0.0, 0.0, 0.0, 0.0, 0.0, 0.0, 0.0, 0.0]
  F1:   [0.0, 0.0, 0.0, 0.0, 0.0, 0.0, 0.0, 0.0, 0.0, 0.0]
  AUC:  [0.0, 0.0, 0.0, 0.0, 0.0, 0.0, 0.0, 0.0, 0.0, 0.0]
Best TI-RADS F1: 0.0000 at epoch 5

Dataset: PKTN
Eval epochs: [5, 10, 15, 20, 25, 30, 35, 40, 45, 50]
Dice per eval: [0.7886999845504761, 0.8023999929428101, 0.8069000244140625, 0.7998999953269958, 0.8003000020980835, 0.8141000270843506, 0.8105999827384949, 0.8151999711990356, 0.8133000135421753, 0.8133999705314636]
HD95 per eval: [29.543699264526367, 26.95840072631836, 25.78969955444336, 27.138900756835938, 25.020200729370117, 23.529399871826172, 24.188199996948242, 22.792400360107422, 23.18899917602539, 23.42569923400879]
Best Dice: 0.8152 at epoch 40
Best HD95: 22.7924 at epoch 40

BM metrics per eval:
  Acc:  [0.0, 0.0, 0.0, 0.0, 0.0, 0.0, 0.0, 0.0, 0.0, 0.0]
  Prec: [0.0, 0.0, 0.0, 0.0, 0.0, 0.0, 0.0, 0.0, 0.0, 0.0]
  Rec:  [0.0, 0.0, 0.0, 0.0, 0.0, 0.0, 0.0, 0.0, 0.0, 0.0]
  F1:   [0.0, 0.0, 0.0, 0.0, 0.0, 0.0, 0.0, 0.0, 0.0, 0.0]
  AUROC:[0.0, 0.0, 0.0, 0.0, 0.0, 0.0, 0.0, 0.0, 0.0, 0.0]
  AUPRC:[0.0, 0.0, 0.0, 0.0, 0.0, 0.0, 0.0, 0.0, 0.0, 0.0]
Best BM F1: 0.0000 at epoch 5

TI-RADS metrics per eval:
  Acc:  [0.0, 0.0, 0.0, 0.0, 0.0, 0.0, 0.0, 0.0, 0.0, 0.0]
  Prec: [0.0, 0.0, 0.0, 0.0, 0.0, 0.0, 0.0, 0.0, 0.0, 0.0]
  Rec:  [0.0, 0.0, 0.0, 0.0, 0.0, 0.0, 0.0, 0.0, 0.0, 0.0]
  F1:   [0.0, 0.0, 0.0, 0.0, 0.0, 0.0, 0.0, 0.0, 0.0, 0.0]
  AUC:  [0.0, 0.0, 0.0, 0.0, 0.0, 0.0, 0.0, 0.0, 0.0, 0.0]
Best TI-RADS F1: 0.0000 at epoch 5

Dataset: TN5K
Eval epochs: [5, 10, 15, 20, 25, 30, 35, 40, 45, 50]
Dice per eval: [0.7669000029563904, 0.762499988079071, 0.7871000170707703, 0.7727000117301941, 0.7770000100135803, 0.7781999707221985, 0.7731999754905701, 0.7836999893188477, 0.7799999713897705, 0.7799999713897705]
HD95 per eval: [27.686100006103516, 28.190399169921875, 23.051300048828125, 26.2593994140625, 24.84280014038086, 26.510400772094727, 27.265399932861328, 24.44700050354004, 26.116199493408203, 26.156299591064453]
Best Dice: 0.7871 at epoch 15
Best HD95: 23.0513 at epoch 15

BM metrics per eval:
  Acc:  [0.787, 0.864, 0.8392, 0.8331, 0.8182, 0.8325, 0.851, 0.8351, 0.8271, 0.8331]
  Prec: [0.9176, 0.9058, 0.8673, 0.9039, 0.8694, 0.896, 0.8868, 0.9089, 0.9214, 0.9221]
  Rec:  [0.7785, 0.9084, 0.9209, 0.8635, 0.8841, 0.872, 0.9127, 0.8607, 0.8347, 0.8429]
  F1:   [0.8423, 0.907, 0.8932, 0.8832, 0.8766, 0.8838, 0.8995, 0.8841, 0.8758, 0.8807]
  AUROC:[0.8774, 0.9142, 0.8817, 0.8761, 0.8643, 0.871, 0.8777, 0.8768, 0.8822, 0.8834]
  AUPRC:[0.9511, 0.9667, 0.9526, 0.9426, 0.9379, 0.9449, 0.9377, 0.9382, 0.943, 0.9428]
Best BM F1: 0.9070 at epoch 10

TI-RADS metrics per eval:
  Acc:  [0.0, 0.0, 0.0, 0.0, 0.0, 0.0, 0.0, 0.0, 0.0, 0.0]
  Prec: [0.0, 0.0, 0.0, 0.0, 0.0, 0.0, 0.0, 0.0, 0.0, 0.0]
  Rec:  [0.0, 0.0, 0.0, 0.0, 0.0, 0.0, 0.0, 0.0, 0.0, 0.0]
  F1:   [0.0, 0.0, 0.0, 0.0, 0.0, 0.0, 0.0, 0.0, 0.0, 0.0]
  AUC:  [0.0, 0.0, 0.0, 0.0, 0.0, 0.0, 0.0, 0.0, 0.0, 0.0]
Best TI-RADS F1: 0.0000 at epoch 5

==========================================================

========== Training Completed ==========
Training completed at Mon Jan 12 20:31:50 2026
