Training started at Wed Dec 17 17:27:32 2025
Method: dino_unet
Dataset: train_multitask_dataset1
Epochs: 50
Learning Rate: 0.0001
Batch Size: 12
Train Image Path: /mnt/wangbd8/workspace/DataSets/ThyroidAgent/Superimposed_multitask/dataset_1/images/
Train Mask Path: /mnt/wangbd8/workspace/DataSets/ThyroidAgent/Superimposed_multitask/dataset_1/masks/
Number of test datasets: 5
Test Dataset 1: TN3K
  Image path: /mnt/wangbd8/workspace/DataSets/ThyroidAgent/TN3K/test-image/
  Mask path: /mnt/wangbd8/workspace/DataSets/ThyroidAgent/TN3K/test-mask/
Test Dataset 2: DDTI
  Image path: /mnt/wangbd8/workspace/DataSets/ThyroidAgent/DDTI/2_preprocessed_data/stage1/p_image/
  Mask path: /mnt/wangbd8/workspace/DataSets/ThyroidAgent/DDTI/2_preprocessed_data/stage1/p_mask/
Test Dataset 3: ThyroidXL
  Image path: /mnt/wangbd8/workspace/DataSets/ThyroidAgent/ThyroidXL/test/images/
  Mask path: /mnt/wangbd8/workspace/DataSets/ThyroidAgent/ThyroidXL/test/masks/
Test Dataset 4: PKTN
  Image path: /mnt/wangbd8/workspace/DataSets/ThyroidAgent/PKTN_processed/images/
  Mask path: /mnt/wangbd8/workspace/DataSets/ThyroidAgent/PKTN_processed/masks/
Test Dataset 5: TN5K
  Image path: /mnt/wangbd8/workspace/DataSets/ThyroidAgent/TN5K_processed/test/images/
  Mask path: /mnt/wangbd8/workspace/DataSets/ThyroidAgent/TN5K_processed/test/masks/
Training set - Benign/Malignant: Benign=2331 (49.25%), Malignant=2402 (50.75%)
Auto-adjusted tau=0.30 (imbalance_ratio=1.03)
GLA parameters: p_benign=0.4925, p_malignant=0.5075, tau=0.30
Logit adjustment magnitude: 0.0090
Training set - TI-RADS distribution: [0, 0, 0, 0, 0]
TI-RADS probabilities: [0.20000000298023224, 0.20000000298023224, 0.20000000298023224, 0.20000000298023224, 0.20000000298023224]
Seg Weight: 1.0
Benign Malignant Weight: 2.0
TIRADS Weight: 1.0
Epoch:1: seg_loss:0.7722, bm_loss:0.3807, ti_loss:0.0000
Epoch:2: seg_loss:0.6088, bm_loss:0.6756, ti_loss:0.0000
Epoch:3: seg_loss:0.6290, bm_loss:0.3366, ti_loss:0.0000
Epoch:4: seg_loss:0.6506, bm_loss:0.3434, ti_loss:0.0000
Epoch:5: seg_loss:0.5515, bm_loss:0.1578, ti_loss:0.0000
Saved checkpoint at epoch 5

Validating epoch 5 on all test datasets...
Testing on TN3K...
  TN3K - Dice: 0.8458, HD95: 16.6530
  TN3K - Benign/Malignant: Acc=0.7068, Prec=0.5933, Rec=0.7542, F1=0.6642, AUROC=0.7860, AUPRC=0.6971
  TN3K - TI-RADS: Acc=0.0000, Prec=0.0000, Rec=0.0000, F1=0.0000, AUC=0.0000
Testing on DDTI...
  DDTI - Dice: 0.7411, HD95: 26.7843
  DDTI - Benign/Malignant: Acc=0.0000, Prec=0.0000, Rec=0.0000, F1=0.0000, AUROC=0.0000, AUPRC=0.0000
  DDTI - TI-RADS: Acc=0.0000, Prec=0.0000, Rec=0.0000, F1=0.0000, AUC=0.0000
Testing on ThyroidXL...
  ThyroidXL - Dice: 0.7507, HD95: 19.2870
  ThyroidXL - Benign/Malignant: Acc=0.6617, Prec=0.5813, Rec=0.9691, F1=0.7267, AUROC=0.8623, AUPRC=0.8445
  ThyroidXL - TI-RADS: Acc=0.0000, Prec=0.0000, Rec=0.0000, F1=0.0000, AUC=0.0000
Testing on PKTN...
  PKTN - Dice: 0.7440, HD95: 20.4983
  PKTN - Benign/Malignant: Acc=0.0000, Prec=0.0000, Rec=0.0000, F1=0.0000, AUROC=0.0000, AUPRC=0.0000
  PKTN - TI-RADS: Acc=0.0000, Prec=0.0000, Rec=0.0000, F1=0.0000, AUC=0.0000
Testing on TN5K...
  TN5K - Dice: 0.7287, HD95: 19.5952
  TN5K - Benign/Malignant: Acc=0.7650, Prec=0.8746, Rec=0.7921, F1=0.8313, AUROC=0.8296, AUPRC=0.9304
  TN5K - TI-RADS: Acc=0.0000, Prec=0.0000, Rec=0.0000, F1=0.0000, AUC=0.0000
Epoch:6: seg_loss:0.4945, bm_loss:0.4090, ti_loss:0.0000
Epoch:7: seg_loss:0.5048, bm_loss:0.2287, ti_loss:0.0000
Epoch:8: seg_loss:0.5311, bm_loss:0.3737, ti_loss:0.0000
Epoch:9: seg_loss:0.5375, bm_loss:0.4670, ti_loss:0.0000
Epoch:10: seg_loss:0.5465, bm_loss:0.3018, ti_loss:0.0000
Saved checkpoint at epoch 10

Validating epoch 10 on all test datasets...
Testing on TN3K...
  TN3K - Dice: 0.8683, HD95: 13.9412
  TN3K - Benign/Malignant: Acc=0.7020, Prec=0.5826, Rec=0.7924, F1=0.6715, AUROC=0.7839, AUPRC=0.7105
  TN3K - TI-RADS: Acc=0.0000, Prec=0.0000, Rec=0.0000, F1=0.0000, AUC=0.0000
Testing on DDTI...
  DDTI - Dice: 0.7715, HD95: 22.5061
  DDTI - Benign/Malignant: Acc=0.0000, Prec=0.0000, Rec=0.0000, F1=0.0000, AUROC=0.0000, AUPRC=0.0000
  DDTI - TI-RADS: Acc=0.0000, Prec=0.0000, Rec=0.0000, F1=0.0000, AUC=0.0000
Testing on ThyroidXL...
  ThyroidXL - Dice: 0.8364, HD95: 11.1401
  ThyroidXL - Benign/Malignant: Acc=0.7263, Prec=0.6392, Rec=0.9423, F1=0.7617, AUROC=0.8677, AUPRC=0.8314
  ThyroidXL - TI-RADS: Acc=0.0000, Prec=0.0000, Rec=0.0000, F1=0.0000, AUC=0.0000
Testing on PKTN...
  PKTN - Dice: 0.7839, HD95: 17.6328
  PKTN - Benign/Malignant: Acc=0.0000, Prec=0.0000, Rec=0.0000, F1=0.0000, AUROC=0.0000, AUPRC=0.0000
  PKTN - TI-RADS: Acc=0.0000, Prec=0.0000, Rec=0.0000, F1=0.0000, AUC=0.0000
Testing on TN5K...
  TN5K - Dice: 0.7414, HD95: 18.4594
  TN5K - Benign/Malignant: Acc=0.8050, Prec=0.8564, Rec=0.8810, F1=0.8685, AUROC=0.8518, AUPRC=0.9380
  TN5K - TI-RADS: Acc=0.0000, Prec=0.0000, Rec=0.0000, F1=0.0000, AUC=0.0000
Epoch:11: seg_loss:0.4728, bm_loss:0.0397, ti_loss:0.0000
Epoch:12: seg_loss:0.5013, bm_loss:0.2921, ti_loss:0.0000
Epoch:13: seg_loss:0.3974, bm_loss:0.0622, ti_loss:0.0000
Epoch:14: seg_loss:0.4319, bm_loss:0.0122, ti_loss:0.0000
Epoch:15: seg_loss:0.4926, bm_loss:0.2381, ti_loss:0.0000
Saved checkpoint at epoch 15

Validating epoch 15 on all test datasets...
Testing on TN3K...
  TN3K - Dice: 0.8673, HD95: 13.4608
  TN3K - Benign/Malignant: Acc=0.7020, Prec=0.5841, Rec=0.7797, F1=0.6679, AUROC=0.7826, AUPRC=0.6924
  TN3K - TI-RADS: Acc=0.0000, Prec=0.0000, Rec=0.0000, F1=0.0000, AUC=0.0000
Testing on DDTI...
  DDTI - Dice: 0.7625, HD95: 25.3933
  DDTI - Benign/Malignant: Acc=0.0000, Prec=0.0000, Rec=0.0000, F1=0.0000, AUROC=0.0000, AUPRC=0.0000
  DDTI - TI-RADS: Acc=0.0000, Prec=0.0000, Rec=0.0000, F1=0.0000, AUC=0.0000
Testing on ThyroidXL...
  ThyroidXL - Dice: 0.8332, HD95: 11.1844
  ThyroidXL - Benign/Malignant: Acc=0.7230, Prec=0.6349, Rec=0.9485, F1=0.7606, AUROC=0.8736, AUPRC=0.8385
  ThyroidXL - TI-RADS: Acc=0.0000, Prec=0.0000, Rec=0.0000, F1=0.0000, AUC=0.0000
Testing on PKTN...
  PKTN - Dice: 0.7677, HD95: 18.8180
  PKTN - Benign/Malignant: Acc=0.0000, Prec=0.0000, Rec=0.0000, F1=0.0000, AUROC=0.0000, AUPRC=0.0000
  PKTN - TI-RADS: Acc=0.0000, Prec=0.0000, Rec=0.0000, F1=0.0000, AUC=0.0000
Testing on TN5K...
  TN5K - Dice: 0.7401, HD95: 19.6416
  TN5K - Benign/Malignant: Acc=0.8130, Prec=0.8551, Rec=0.8960, F1=0.8751, AUROC=0.8380, AUPRC=0.9241
  TN5K - TI-RADS: Acc=0.0000, Prec=0.0000, Rec=0.0000, F1=0.0000, AUC=0.0000
Epoch:16: seg_loss:0.4755, bm_loss:0.2355, ti_loss:0.0000
Epoch:17: seg_loss:0.4646, bm_loss:0.0059, ti_loss:0.0000
Epoch:18: seg_loss:0.4256, bm_loss:0.0021, ti_loss:0.0000
Epoch:19: seg_loss:0.3528, bm_loss:0.0142, ti_loss:0.0000
Epoch:20: seg_loss:0.5598, bm_loss:0.0031, ti_loss:0.0000
Saved checkpoint at epoch 20

Validating epoch 20 on all test datasets...
Testing on TN3K...
  TN3K - Dice: 0.8775, HD95: 11.5417
  TN3K - Benign/Malignant: Acc=0.7052, Prec=0.5986, Rec=0.7076, F1=0.6485, AUROC=0.7605, AUPRC=0.6953
  TN3K - TI-RADS: Acc=0.0000, Prec=0.0000, Rec=0.0000, F1=0.0000, AUC=0.0000
Testing on DDTI...
  DDTI - Dice: 0.7601, HD95: 22.5761
  DDTI - Benign/Malignant: Acc=0.0000, Prec=0.0000, Rec=0.0000, F1=0.0000, AUROC=0.0000, AUPRC=0.0000
  DDTI - TI-RADS: Acc=0.0000, Prec=0.0000, Rec=0.0000, F1=0.0000, AUC=0.0000
Testing on ThyroidXL...
  ThyroidXL - Dice: 0.8338, HD95: 11.0920
  ThyroidXL - Benign/Malignant: Acc=0.7770, Prec=0.7059, Rec=0.8907, F1=0.7876, AUROC=0.8709, AUPRC=0.8324
  ThyroidXL - TI-RADS: Acc=0.0000, Prec=0.0000, Rec=0.0000, F1=0.0000, AUC=0.0000
Testing on PKTN...
  PKTN - Dice: 0.8017, HD95: 15.8726
  PKTN - Benign/Malignant: Acc=0.0000, Prec=0.0000, Rec=0.0000, F1=0.0000, AUROC=0.0000, AUPRC=0.0000
  PKTN - TI-RADS: Acc=0.0000, Prec=0.0000, Rec=0.0000, F1=0.0000, AUC=0.0000
Testing on TN5K...
  TN5K - Dice: 0.7701, HD95: 16.9374
  TN5K - Benign/Malignant: Acc=0.7850, Prec=0.8897, Rec=0.8057, F1=0.8457, AUROC=0.8358, AUPRC=0.9257
  TN5K - TI-RADS: Acc=0.0000, Prec=0.0000, Rec=0.0000, F1=0.0000, AUC=0.0000
Epoch:21: seg_loss:0.5073, bm_loss:0.0037, ti_loss:0.0000
Epoch:22: seg_loss:0.4158, bm_loss:0.3755, ti_loss:0.0000
Epoch:23: seg_loss:0.4916, bm_loss:0.0011, ti_loss:0.0000
Epoch:24: seg_loss:0.3446, bm_loss:0.0026, ti_loss:0.0000
Epoch:25: seg_loss:0.3549, bm_loss:0.0024, ti_loss:0.0000
Saved checkpoint at epoch 25

Validating epoch 25 on all test datasets...
Testing on TN3K...
  TN3K - Dice: 0.8698, HD95: 12.4837
  TN3K - Benign/Malignant: Acc=0.6922, Prec=0.5830, Rec=0.6992, F1=0.6358, AUROC=0.7667, AUPRC=0.7054
  TN3K - TI-RADS: Acc=0.0000, Prec=0.0000, Rec=0.0000, F1=0.0000, AUC=0.0000
Testing on DDTI...
  DDTI - Dice: 0.7853, HD95: 19.1926
  DDTI - Benign/Malignant: Acc=0.0000, Prec=0.0000, Rec=0.0000, F1=0.0000, AUROC=0.0000, AUPRC=0.0000
  DDTI - TI-RADS: Acc=0.0000, Prec=0.0000, Rec=0.0000, F1=0.0000, AUC=0.0000
Testing on ThyroidXL...
  ThyroidXL - Dice: 0.8369, HD95: 10.6780
  ThyroidXL - Benign/Malignant: Acc=0.7847, Prec=0.7163, Rec=0.8876, F1=0.7928, AUROC=0.8749, AUPRC=0.8424
  ThyroidXL - TI-RADS: Acc=0.0000, Prec=0.0000, Rec=0.0000, F1=0.0000, AUC=0.0000
Testing on PKTN...
  PKTN - Dice: 0.8028, HD95: 14.8482
  PKTN - Benign/Malignant: Acc=0.0000, Prec=0.0000, Rec=0.0000, F1=0.0000, AUROC=0.0000, AUPRC=0.0000
  PKTN - TI-RADS: Acc=0.0000, Prec=0.0000, Rec=0.0000, F1=0.0000, AUC=0.0000
Testing on TN5K...
  TN5K - Dice: 0.7710, HD95: 16.8910
  TN5K - Benign/Malignant: Acc=0.7570, Prec=0.8873, Rec=0.7647, F1=0.8215, AUROC=0.8282, AUPRC=0.9189
  TN5K - TI-RADS: Acc=0.0000, Prec=0.0000, Rec=0.0000, F1=0.0000, AUC=0.0000
Epoch:26: seg_loss:0.4497, bm_loss:0.0020, ti_loss:0.0000
Epoch:27: seg_loss:0.4245, bm_loss:0.0013, ti_loss:0.0000
Epoch:28: seg_loss:0.3595, bm_loss:0.0009, ti_loss:0.0000
Epoch:29: seg_loss:0.4364, bm_loss:0.0010, ti_loss:0.0000
Epoch:30: seg_loss:0.3779, bm_loss:0.0017, ti_loss:0.0000
Saved checkpoint at epoch 30

Validating epoch 30 on all test datasets...
Testing on TN3K...
  TN3K - Dice: 0.8720, HD95: 11.5777
  TN3K - Benign/Malignant: Acc=0.7248, Prec=0.6274, Rec=0.6992, F1=0.6613, AUROC=0.7722, AUPRC=0.7000
  TN3K - TI-RADS: Acc=0.0000, Prec=0.0000, Rec=0.0000, F1=0.0000, AUC=0.0000
Testing on DDTI...
  DDTI - Dice: 0.7748, HD95: 21.5899
  DDTI - Benign/Malignant: Acc=0.0000, Prec=0.0000, Rec=0.0000, F1=0.0000, AUROC=0.0000, AUPRC=0.0000
  DDTI - TI-RADS: Acc=0.0000, Prec=0.0000, Rec=0.0000, F1=0.0000, AUC=0.0000
Testing on ThyroidXL...
  ThyroidXL - Dice: 0.8351, HD95: 10.3410
  ThyroidXL - Benign/Malignant: Acc=0.7699, Prec=0.6961, Rec=0.8948, F1=0.7830, AUROC=0.8708, AUPRC=0.8289
  ThyroidXL - TI-RADS: Acc=0.0000, Prec=0.0000, Rec=0.0000, F1=0.0000, AUC=0.0000
Testing on PKTN...
  PKTN - Dice: 0.8072, HD95: 14.9685
  PKTN - Benign/Malignant: Acc=0.0000, Prec=0.0000, Rec=0.0000, F1=0.0000, AUROC=0.0000, AUPRC=0.0000
  PKTN - TI-RADS: Acc=0.0000, Prec=0.0000, Rec=0.0000, F1=0.0000, AUC=0.0000
Testing on TN5K...
  TN5K - Dice: 0.7720, HD95: 16.6217
  TN5K - Benign/Malignant: Acc=0.7520, Prec=0.9059, Rec=0.7373, F1=0.8130, AUROC=0.8363, AUPRC=0.9246
  TN5K - TI-RADS: Acc=0.0000, Prec=0.0000, Rec=0.0000, F1=0.0000, AUC=0.0000
Epoch:31: seg_loss:0.3011, bm_loss:0.0018, ti_loss:0.0000
Epoch:32: seg_loss:0.3808, bm_loss:0.0006, ti_loss:0.0000
Epoch:33: seg_loss:0.2808, bm_loss:0.0009, ti_loss:0.0000
Epoch:34: seg_loss:0.2853, bm_loss:0.0006, ti_loss:0.0000
Epoch:35: seg_loss:0.3343, bm_loss:0.0008, ti_loss:0.0000
Saved checkpoint at epoch 35

Validating epoch 35 on all test datasets...
Testing on TN3K...
  TN3K - Dice: 0.8777, HD95: 11.4742
  TN3K - Benign/Malignant: Acc=0.7166, Prec=0.6148, Rec=0.7034, F1=0.6561, AUROC=0.7808, AUPRC=0.6927
  TN3K - TI-RADS: Acc=0.0000, Prec=0.0000, Rec=0.0000, F1=0.0000, AUC=0.0000
Testing on DDTI...
  DDTI - Dice: 0.7928, HD95: 19.4909
  DDTI - Benign/Malignant: Acc=0.0000, Prec=0.0000, Rec=0.0000, F1=0.0000, AUROC=0.0000, AUPRC=0.0000
  DDTI - TI-RADS: Acc=0.0000, Prec=0.0000, Rec=0.0000, F1=0.0000, AUC=0.0000
Testing on ThyroidXL...
  ThyroidXL - Dice: 0.8421, HD95: 10.0598
  ThyroidXL - Benign/Malignant: Acc=0.8014, Prec=0.7572, Rec=0.8423, F1=0.7975, AUROC=0.8777, AUPRC=0.8402
  ThyroidXL - TI-RADS: Acc=0.0000, Prec=0.0000, Rec=0.0000, F1=0.0000, AUC=0.0000
Testing on PKTN...
  PKTN - Dice: 0.8065, HD95: 14.2049
  PKTN - Benign/Malignant: Acc=0.0000, Prec=0.0000, Rec=0.0000, F1=0.0000, AUROC=0.0000, AUPRC=0.0000
  PKTN - TI-RADS: Acc=0.0000, Prec=0.0000, Rec=0.0000, F1=0.0000, AUC=0.0000
Testing on TN5K...
  TN5K - Dice: 0.7853, HD95: 15.1490
  TN5K - Benign/Malignant: Acc=0.7770, Prec=0.8956, Rec=0.7866, F1=0.8376, AUROC=0.8388, AUPRC=0.9216
  TN5K - TI-RADS: Acc=0.0000, Prec=0.0000, Rec=0.0000, F1=0.0000, AUC=0.0000
Epoch:36: seg_loss:0.4462, bm_loss:0.0012, ti_loss:0.0000
Epoch:37: seg_loss:0.3046, bm_loss:0.0005, ti_loss:0.0000
Epoch:38: seg_loss:0.2626, bm_loss:0.0006, ti_loss:0.0000
Epoch:39: seg_loss:0.3189, bm_loss:0.0009, ti_loss:0.0000
Epoch:40: seg_loss:0.3813, bm_loss:0.0008, ti_loss:0.0000
Saved checkpoint at epoch 40

Validating epoch 40 on all test datasets...
Testing on TN3K...
  TN3K - Dice: 0.8756, HD95: 11.7691
  TN3K - Benign/Malignant: Acc=0.7134, Prec=0.6103, Rec=0.7034, F1=0.6535, AUROC=0.7831, AUPRC=0.7018
  TN3K - TI-RADS: Acc=0.0000, Prec=0.0000, Rec=0.0000, F1=0.0000, AUC=0.0000
Testing on DDTI...
  DDTI - Dice: 0.7890, HD95: 19.0091
  DDTI - Benign/Malignant: Acc=0.0000, Prec=0.0000, Rec=0.0000, F1=0.0000, AUROC=0.0000, AUPRC=0.0000
  DDTI - TI-RADS: Acc=0.0000, Prec=0.0000, Rec=0.0000, F1=0.0000, AUC=0.0000
Testing on ThyroidXL...
  ThyroidXL - Dice: 0.8403, HD95: 10.1675
  ThyroidXL - Benign/Malignant: Acc=0.7976, Prec=0.7444, Rec=0.8588, F1=0.7975, AUROC=0.8781, AUPRC=0.8373
  ThyroidXL - TI-RADS: Acc=0.0000, Prec=0.0000, Rec=0.0000, F1=0.0000, AUC=0.0000
Testing on PKTN...
  PKTN - Dice: 0.8086, HD95: 13.9971
  PKTN - Benign/Malignant: Acc=0.0000, Prec=0.0000, Rec=0.0000, F1=0.0000, AUROC=0.0000, AUPRC=0.0000
  PKTN - TI-RADS: Acc=0.0000, Prec=0.0000, Rec=0.0000, F1=0.0000, AUC=0.0000
Testing on TN5K...
  TN5K - Dice: 0.7890, HD95: 14.8542
  TN5K - Benign/Malignant: Acc=0.7690, Prec=0.8858, Rec=0.7852, F1=0.8325, AUROC=0.8294, AUPRC=0.9161
  TN5K - TI-RADS: Acc=0.0000, Prec=0.0000, Rec=0.0000, F1=0.0000, AUC=0.0000
Epoch:41: seg_loss:0.2758, bm_loss:0.0008, ti_loss:0.0000
Epoch:42: seg_loss:0.3256, bm_loss:0.0004, ti_loss:0.0000
Epoch:43: seg_loss:0.3140, bm_loss:0.0004, ti_loss:0.0000
Epoch:44: seg_loss:0.2968, bm_loss:0.0005, ti_loss:0.0000
Epoch:45: seg_loss:0.2131, bm_loss:0.0005, ti_loss:0.0000
Saved checkpoint at epoch 45

Validating epoch 45 on all test datasets...
Testing on TN3K...
  TN3K - Dice: 0.8741, HD95: 11.5315
  TN3K - Benign/Malignant: Acc=0.7313, Prec=0.6350, Rec=0.7076, F1=0.6693, AUROC=0.7847, AUPRC=0.6977
  TN3K - TI-RADS: Acc=0.0000, Prec=0.0000, Rec=0.0000, F1=0.0000, AUC=0.0000
Testing on DDTI...
  DDTI - Dice: 0.7872, HD95: 19.9647
  DDTI - Benign/Malignant: Acc=0.0000, Prec=0.0000, Rec=0.0000, F1=0.0000, AUROC=0.0000, AUPRC=0.0000
  DDTI - TI-RADS: Acc=0.0000, Prec=0.0000, Rec=0.0000, F1=0.0000, AUC=0.0000
Testing on ThyroidXL...
  ThyroidXL - Dice: 0.8418, HD95: 10.0069
  ThyroidXL - Benign/Malignant: Acc=0.8000, Prec=0.7478, Rec=0.8588, F1=0.7994, AUROC=0.8781, AUPRC=0.8354
  ThyroidXL - TI-RADS: Acc=0.0000, Prec=0.0000, Rec=0.0000, F1=0.0000, AUC=0.0000
Testing on PKTN...
  PKTN - Dice: 0.8108, HD95: 13.8325
  PKTN - Benign/Malignant: Acc=0.0000, Prec=0.0000, Rec=0.0000, F1=0.0000, AUROC=0.0000, AUPRC=0.0000
  PKTN - TI-RADS: Acc=0.0000, Prec=0.0000, Rec=0.0000, F1=0.0000, AUC=0.0000
Testing on TN5K...
  TN5K - Dice: 0.7912, HD95: 14.6751
  TN5K - Benign/Malignant: Acc=0.7690, Prec=0.8918, Rec=0.7784, F1=0.8313, AUROC=0.8317, AUPRC=0.9163
  TN5K - TI-RADS: Acc=0.0000, Prec=0.0000, Rec=0.0000, F1=0.0000, AUC=0.0000
Epoch:46: seg_loss:0.3236, bm_loss:0.0006, ti_loss:0.0000
Epoch:47: seg_loss:0.2646, bm_loss:0.0005, ti_loss:0.0000
Epoch:48: seg_loss:0.2665, bm_loss:0.0006, ti_loss:0.0000
Epoch:49: seg_loss:0.3160, bm_loss:0.0004, ti_loss:0.0000
Epoch:50: seg_loss:0.2587, bm_loss:0.0004, ti_loss:0.0000
Saved checkpoint at epoch 50

Validating epoch 50 on all test datasets...
Testing on TN3K...
  TN3K - Dice: 0.8767, HD95: 11.3865
  TN3K - Benign/Malignant: Acc=0.7313, Prec=0.6340, Rec=0.7119, F1=0.6707, AUROC=0.7836, AUPRC=0.6969
  TN3K - TI-RADS: Acc=0.0000, Prec=0.0000, Rec=0.0000, F1=0.0000, AUC=0.0000
Testing on DDTI...
  DDTI - Dice: 0.7917, HD95: 19.5995
  DDTI - Benign/Malignant: Acc=0.0000, Prec=0.0000, Rec=0.0000, F1=0.0000, AUROC=0.0000, AUPRC=0.0000
  DDTI - TI-RADS: Acc=0.0000, Prec=0.0000, Rec=0.0000, F1=0.0000, AUC=0.0000
Testing on ThyroidXL...
  ThyroidXL - Dice: 0.8402, HD95: 10.0369
  ThyroidXL - Benign/Malignant: Acc=0.7976, Prec=0.7462, Rec=0.8546, F1=0.7967, AUROC=0.8777, AUPRC=0.8349
  ThyroidXL - TI-RADS: Acc=0.0000, Prec=0.0000, Rec=0.0000, F1=0.0000, AUC=0.0000
Testing on PKTN...
  PKTN - Dice: 0.8100, HD95: 13.9029
  PKTN - Benign/Malignant: Acc=0.0000, Prec=0.0000, Rec=0.0000, F1=0.0000, AUROC=0.0000, AUPRC=0.0000
  PKTN - TI-RADS: Acc=0.0000, Prec=0.0000, Rec=0.0000, F1=0.0000, AUC=0.0000
Testing on TN5K...
  TN5K - Dice: 0.7925, HD95: 14.5066
  TN5K - Benign/Malignant: Acc=0.7710, Prec=0.8934, Rec=0.7798, F1=0.8327, AUROC=0.8312, AUPRC=0.9160
  TN5K - TI-RADS: Acc=0.0000, Prec=0.0000, Rec=0.0000, F1=0.0000, AUC=0.0000

========== Training Completed ==========
Training completed at Wed Dec 17 18:02:05 2025

===== Dice Scores Summary =====
Dataset: TN3K
Dice scores per epoch: [0.8458, 0.8683, 0.8673, 0.8775, 0.8698, 0.872, 0.8777, 0.8756, 0.8741, 0.8767]
Best Dice: 0.8777 at epoch 35

Dataset: DDTI
Dice scores per epoch: [0.7411, 0.7715, 0.7625, 0.7601, 0.7853, 0.7748, 0.7928, 0.789, 0.7872, 0.7917]
Best Dice: 0.7928 at epoch 35

Dataset: ThyroidXL
Dice scores per epoch: [0.7507, 0.8364, 0.8332, 0.8338, 0.8369, 0.8351, 0.8421, 0.8403, 0.8418, 0.8402]
Best Dice: 0.8421 at epoch 35

Dataset: PKTN
Dice scores per epoch: [0.744, 0.7839, 0.7677, 0.8017, 0.8028, 0.8072, 0.8065, 0.8086, 0.8108, 0.81]
Best Dice: 0.8108 at epoch 45

Dataset: TN5K
Dice scores per epoch: [0.7287, 0.7414, 0.7401, 0.7701, 0.771, 0.772, 0.7853, 0.789, 0.7912, 0.7925]
Best Dice: 0.7925 at epoch 50

===== HD95 Scores Summary =====
Dataset: TN3K
HD95 scores per epoch: [np.float64(16.653), np.float64(13.9412), np.float64(13.4608), np.float64(11.5417), np.float64(12.4837), np.float64(11.5777), np.float64(11.4742), np.float64(11.7691), np.float64(11.5315), np.float64(11.3865)]
Best HD95: 11.3865 at epoch 50

Dataset: DDTI
HD95 scores per epoch: [np.float64(26.7843), np.float64(22.5061), np.float64(25.3933), np.float64(22.5761), np.float64(19.1926), np.float64(21.5899), np.float64(19.4909), np.float64(19.0091), np.float64(19.9647), np.float64(19.5995)]
Best HD95: 19.0091 at epoch 40

Dataset: ThyroidXL
HD95 scores per epoch: [np.float64(19.287), np.float64(11.1401), np.float64(11.1844), np.float64(11.092), np.float64(10.678), np.float64(10.341), np.float64(10.0598), np.float64(10.1675), np.float64(10.0069), np.float64(10.0369)]
Best HD95: 10.0069 at epoch 45

Dataset: PKTN
HD95 scores per epoch: [np.float64(20.4983), np.float64(17.6328), np.float64(18.818), np.float64(15.8726), np.float64(14.8482), np.float64(14.9685), np.float64(14.2049), np.float64(13.9971), np.float64(13.8325), np.float64(13.9029)]
Best HD95: 13.8325 at epoch 45

Dataset: TN5K
HD95 scores per epoch: [np.float64(19.5952), np.float64(18.4594), np.float64(19.6416), np.float64(16.9374), np.float64(16.891), np.float64(16.6217), np.float64(15.149), np.float64(14.8542), np.float64(14.6751), np.float64(14.5066)]
Best HD95: 14.5066 at epoch 50


===== Benign/Malignant Classification Metrics Summary =====
Dataset: TN3K
Accuracy per epoch: [np.float64(0.7068), np.float64(0.702), np.float64(0.702), np.float64(0.7052), np.float64(0.6922), np.float64(0.7248), np.float64(0.7166), np.float64(0.7134), np.float64(0.7313), np.float64(0.7313)]
Best Accuracy: 0.7313 at epoch 45
Precision per epoch: [0.5933, 0.5826, 0.5841, 0.5986, 0.583, 0.6274, 0.6148, 0.6103, 0.635, 0.634]
Best Precision: 0.6350 at epoch 45
Recall per epoch: [0.7542, 0.7924, 0.7797, 0.7076, 0.6992, 0.6992, 0.7034, 0.7034, 0.7076, 0.7119]
Best Recall: 0.7924 at epoch 10
F1-Score per epoch: [0.6642, 0.6715, 0.6679, 0.6485, 0.6358, 0.6613, 0.6561, 0.6535, 0.6693, 0.6707]
Best F1-Score: 0.6715 at epoch 10
AUROC per epoch: [0.786, 0.7839, 0.7826, 0.7605, 0.7667, 0.7722, 0.7808, 0.7831, 0.7847, 0.7836]
Best AUROC: 0.7860 at epoch 5
AUPRC per epoch: [0.6971, 0.7105, 0.6924, 0.6953, 0.7054, 0.7, 0.6927, 0.7018, 0.6977, 0.6969]
Best AUPRC: 0.7105 at epoch 10

Dataset: DDTI
Accuracy per epoch: [0.0, 0.0, 0.0, 0.0, 0.0, 0.0, 0.0, 0.0, 0.0, 0.0]
Best Accuracy: 0.0000 at epoch 5
Precision per epoch: [0.0, 0.0, 0.0, 0.0, 0.0, 0.0, 0.0, 0.0, 0.0, 0.0]
Best Precision: 0.0000 at epoch 5
Recall per epoch: [0.0, 0.0, 0.0, 0.0, 0.0, 0.0, 0.0, 0.0, 0.0, 0.0]
Best Recall: 0.0000 at epoch 5
F1-Score per epoch: [0.0, 0.0, 0.0, 0.0, 0.0, 0.0, 0.0, 0.0, 0.0, 0.0]
Best F1-Score: 0.0000 at epoch 5
AUROC per epoch: [0.0, 0.0, 0.0, 0.0, 0.0, 0.0, 0.0, 0.0, 0.0, 0.0]
Best AUROC: 0.0000 at epoch 5
AUPRC per epoch: [0.0, 0.0, 0.0, 0.0, 0.0, 0.0, 0.0, 0.0, 0.0, 0.0]
Best AUPRC: 0.0000 at epoch 5

Dataset: ThyroidXL
Accuracy per epoch: [np.float64(0.6617), np.float64(0.7263), np.float64(0.723), np.float64(0.777), np.float64(0.7847), np.float64(0.7699), np.float64(0.8014), np.float64(0.7976), np.float64(0.8), np.float64(0.7976)]
Best Accuracy: 0.8014 at epoch 35
Precision per epoch: [0.5813, 0.6392, 0.6349, 0.7059, 0.7163, 0.6961, 0.7572, 0.7444, 0.7478, 0.7462]
Best Precision: 0.7572 at epoch 35
Recall per epoch: [0.9691, 0.9423, 0.9485, 0.8907, 0.8876, 0.8948, 0.8423, 0.8588, 0.8588, 0.8546]
Best Recall: 0.9691 at epoch 5
F1-Score per epoch: [0.7267, 0.7617, 0.7606, 0.7876, 0.7928, 0.783, 0.7975, 0.7975, 0.7994, 0.7967]
Best F1-Score: 0.7994 at epoch 45
AUROC per epoch: [0.8623, 0.8677, 0.8736, 0.8709, 0.8749, 0.8708, 0.8777, 0.8781, 0.8781, 0.8777]
Best AUROC: 0.8781 at epoch 40
AUPRC per epoch: [0.8445, 0.8314, 0.8385, 0.8324, 0.8424, 0.8289, 0.8402, 0.8373, 0.8354, 0.8349]
Best AUPRC: 0.8445 at epoch 5

Dataset: PKTN
Accuracy per epoch: [0.0, 0.0, 0.0, 0.0, 0.0, 0.0, 0.0, 0.0, 0.0, 0.0]
Best Accuracy: 0.0000 at epoch 5
Precision per epoch: [0.0, 0.0, 0.0, 0.0, 0.0, 0.0, 0.0, 0.0, 0.0, 0.0]
Best Precision: 0.0000 at epoch 5
Recall per epoch: [0.0, 0.0, 0.0, 0.0, 0.0, 0.0, 0.0, 0.0, 0.0, 0.0]
Best Recall: 0.0000 at epoch 5
F1-Score per epoch: [0.0, 0.0, 0.0, 0.0, 0.0, 0.0, 0.0, 0.0, 0.0, 0.0]
Best F1-Score: 0.0000 at epoch 5
AUROC per epoch: [0.0, 0.0, 0.0, 0.0, 0.0, 0.0, 0.0, 0.0, 0.0, 0.0]
Best AUROC: 0.0000 at epoch 5
AUPRC per epoch: [0.0, 0.0, 0.0, 0.0, 0.0, 0.0, 0.0, 0.0, 0.0, 0.0]
Best AUPRC: 0.0000 at epoch 5

Dataset: TN5K
Accuracy per epoch: [np.float64(0.765), np.float64(0.805), np.float64(0.813), np.float64(0.785), np.float64(0.757), np.float64(0.752), np.float64(0.777), np.float64(0.769), np.float64(0.769), np.float64(0.771)]
Best Accuracy: 0.8130 at epoch 15
Precision per epoch: [0.8746, 0.8564, 0.8551, 0.8897, 0.8873, 0.9059, 0.8956, 0.8858, 0.8918, 0.8934]
Best Precision: 0.9059 at epoch 30
Recall per epoch: [0.7921, 0.881, 0.896, 0.8057, 0.7647, 0.7373, 0.7866, 0.7852, 0.7784, 0.7798]
Best Recall: 0.8960 at epoch 15
F1-Score per epoch: [0.8313, 0.8685, 0.8751, 0.8457, 0.8215, 0.813, 0.8376, 0.8325, 0.8313, 0.8327]
Best F1-Score: 0.8751 at epoch 15
AUROC per epoch: [0.8296, 0.8518, 0.838, 0.8358, 0.8282, 0.8363, 0.8388, 0.8294, 0.8317, 0.8312]
Best AUROC: 0.8518 at epoch 10
AUPRC per epoch: [0.9304, 0.938, 0.9241, 0.9257, 0.9189, 0.9246, 0.9216, 0.9161, 0.9163, 0.916]
Best AUPRC: 0.9380 at epoch 10


===== TI-RADS Classification Metrics Summary =====
Dataset: TN3K
Accuracy per epoch: [0.0, 0.0, 0.0, 0.0, 0.0, 0.0, 0.0, 0.0, 0.0, 0.0]
Best Accuracy: 0.0000 at epoch 5
Precision per epoch: [0.0, 0.0, 0.0, 0.0, 0.0, 0.0, 0.0, 0.0, 0.0, 0.0]
Best Precision: 0.0000 at epoch 5
Recall per epoch: [0.0, 0.0, 0.0, 0.0, 0.0, 0.0, 0.0, 0.0, 0.0, 0.0]
Best Recall: 0.0000 at epoch 5
F1-Score per epoch: [0.0, 0.0, 0.0, 0.0, 0.0, 0.0, 0.0, 0.0, 0.0, 0.0]
Best F1-Score: 0.0000 at epoch 5
AUC per epoch: [0.0, 0.0, 0.0, 0.0, 0.0, 0.0, 0.0, 0.0, 0.0, 0.0]
Best AUC: 0.0000 at epoch 5

Dataset: DDTI
Accuracy per epoch: [0.0, 0.0, 0.0, 0.0, 0.0, 0.0, 0.0, 0.0, 0.0, 0.0]
Best Accuracy: 0.0000 at epoch 5
Precision per epoch: [0.0, 0.0, 0.0, 0.0, 0.0, 0.0, 0.0, 0.0, 0.0, 0.0]
Best Precision: 0.0000 at epoch 5
Recall per epoch: [0.0, 0.0, 0.0, 0.0, 0.0, 0.0, 0.0, 0.0, 0.0, 0.0]
Best Recall: 0.0000 at epoch 5
F1-Score per epoch: [0.0, 0.0, 0.0, 0.0, 0.0, 0.0, 0.0, 0.0, 0.0, 0.0]
Best F1-Score: 0.0000 at epoch 5
AUC per epoch: [0.0, 0.0, 0.0, 0.0, 0.0, 0.0, 0.0, 0.0, 0.0, 0.0]
Best AUC: 0.0000 at epoch 5

Dataset: ThyroidXL
Accuracy per epoch: [0.0, 0.0, 0.0, 0.0, 0.0, 0.0, 0.0, 0.0, 0.0, 0.0]
Best Accuracy: 0.0000 at epoch 5
Precision per epoch: [0.0, 0.0, 0.0, 0.0, 0.0, 0.0, 0.0, 0.0, 0.0, 0.0]
Best Precision: 0.0000 at epoch 5
Recall per epoch: [0.0, 0.0, 0.0, 0.0, 0.0, 0.0, 0.0, 0.0, 0.0, 0.0]
Best Recall: 0.0000 at epoch 5
F1-Score per epoch: [0.0, 0.0, 0.0, 0.0, 0.0, 0.0, 0.0, 0.0, 0.0, 0.0]
Best F1-Score: 0.0000 at epoch 5
AUC per epoch: [0.0, 0.0, 0.0, 0.0, 0.0, 0.0, 0.0, 0.0, 0.0, 0.0]
Best AUC: 0.0000 at epoch 5

Dataset: PKTN
Accuracy per epoch: [0.0, 0.0, 0.0, 0.0, 0.0, 0.0, 0.0, 0.0, 0.0, 0.0]
Best Accuracy: 0.0000 at epoch 5
Precision per epoch: [0.0, 0.0, 0.0, 0.0, 0.0, 0.0, 0.0, 0.0, 0.0, 0.0]
Best Precision: 0.0000 at epoch 5
Recall per epoch: [0.0, 0.0, 0.0, 0.0, 0.0, 0.0, 0.0, 0.0, 0.0, 0.0]
Best Recall: 0.0000 at epoch 5
F1-Score per epoch: [0.0, 0.0, 0.0, 0.0, 0.0, 0.0, 0.0, 0.0, 0.0, 0.0]
Best F1-Score: 0.0000 at epoch 5
AUC per epoch: [0.0, 0.0, 0.0, 0.0, 0.0, 0.0, 0.0, 0.0, 0.0, 0.0]
Best AUC: 0.0000 at epoch 5

Dataset: TN5K
Accuracy per epoch: [0.0, 0.0, 0.0, 0.0, 0.0, 0.0, 0.0, 0.0, 0.0, 0.0]
Best Accuracy: 0.0000 at epoch 5
Precision per epoch: [0.0, 0.0, 0.0, 0.0, 0.0, 0.0, 0.0, 0.0, 0.0, 0.0]
Best Precision: 0.0000 at epoch 5
Recall per epoch: [0.0, 0.0, 0.0, 0.0, 0.0, 0.0, 0.0, 0.0, 0.0, 0.0]
Best Recall: 0.0000 at epoch 5
F1-Score per epoch: [0.0, 0.0, 0.0, 0.0, 0.0, 0.0, 0.0, 0.0, 0.0, 0.0]
Best F1-Score: 0.0000 at epoch 5
AUC per epoch: [0.0, 0.0, 0.0, 0.0, 0.0, 0.0, 0.0, 0.0, 0.0, 0.0]
Best AUC: 0.0000 at epoch 5

