Training started at Sat Mar 14 17:31:12 2026
Method: dino_unet
Dataset: train_multitask_TN3K
Epochs: 50
LR: 0.0001
Batch Size: 12
Image Size: 224 x 224
DINO pretrained: True
Use Dilation: False
Training set - Benign/Malignant: Benign=2231 (48.15%), Malignant=2402 (51.85%)
Auto-adjusted tau=0.30 (imbalance_ratio=1.08)
GLA parameters: p_benign=0.4815, p_malignant=0.5185, tau=0.30
Logit adjustment magnitude: 0.0222
Training set - TI-RADS distribution (1-5): [0, 0, 0, 0, 0]
TI-RADS probabilities: [0.20000000298023224, 0.20000000298023224, 0.20000000298023224, 0.20000000298023224, 0.20000000298023224]
Loss weights: seg=1.0, bm=1.0, tirads=1.0
GA-MTL schedule per optimizer step: ['seg', 'bm']
steps_per_epoch (optimizer steps): 193
Epoch:1: seg_loss(avg):0.8612, bm_loss(avg):0.6691, tirads_loss(avg):0.0000
Epoch:2: seg_loss(avg):0.6426, bm_loss(avg):0.5296, tirads_loss(avg):0.0000
Epoch:3: seg_loss(avg):0.5836, bm_loss(avg):0.4490, tirads_loss(avg):0.0000
Epoch:4: seg_loss(avg):0.5568, bm_loss(avg):0.4053, tirads_loss(avg):0.0000
Epoch:5: seg_loss(avg):0.5397, bm_loss(avg):0.3794, tirads_loss(avg):0.0000
Saved checkpoint at epoch 5
Epoch:6: seg_loss(avg):0.5223, bm_loss(avg):0.3447, tirads_loss(avg):0.0000
Epoch:7: seg_loss(avg):0.5020, bm_loss(avg):0.3282, tirads_loss(avg):0.0000
Epoch:8: seg_loss(avg):0.5033, bm_loss(avg):0.3011, tirads_loss(avg):0.0000
Epoch:9: seg_loss(avg):0.4960, bm_loss(avg):0.2864, tirads_loss(avg):0.0000
Epoch:10: seg_loss(avg):0.4985, bm_loss(avg):0.2758, tirads_loss(avg):0.0000
Saved checkpoint at epoch 10
Epoch:11: seg_loss(avg):0.4727, bm_loss(avg):0.2494, tirads_loss(avg):0.0000
Epoch:12: seg_loss(avg):0.4669, bm_loss(avg):0.2469, tirads_loss(avg):0.0000
Epoch:13: seg_loss(avg):0.4638, bm_loss(avg):0.2141, tirads_loss(avg):0.0000
Epoch:14: seg_loss(avg):0.4553, bm_loss(avg):0.2002, tirads_loss(avg):0.0000
Epoch:15: seg_loss(avg):0.4445, bm_loss(avg):0.1752, tirads_loss(avg):0.0000
Saved checkpoint at epoch 15
Epoch:16: seg_loss(avg):0.4376, bm_loss(avg):0.1837, tirads_loss(avg):0.0000
Epoch:17: seg_loss(avg):0.4258, bm_loss(avg):0.1594, tirads_loss(avg):0.0000
Epoch:18: seg_loss(avg):0.4355, bm_loss(avg):0.1409, tirads_loss(avg):0.0000
Epoch:19: seg_loss(avg):0.4291, bm_loss(avg):0.1330, tirads_loss(avg):0.0000
Epoch:20: seg_loss(avg):0.4209, bm_loss(avg):0.1166, tirads_loss(avg):0.0000
Saved checkpoint at epoch 20
Epoch:21: seg_loss(avg):0.4185, bm_loss(avg):0.1181, tirads_loss(avg):0.0000
Epoch:22: seg_loss(avg):0.4074, bm_loss(avg):0.1014, tirads_loss(avg):0.0000
Epoch:23: seg_loss(avg):0.4081, bm_loss(avg):0.0963, tirads_loss(avg):0.0000
Epoch:24: seg_loss(avg):0.3981, bm_loss(avg):0.0815, tirads_loss(avg):0.0000
Epoch:25: seg_loss(avg):0.3855, bm_loss(avg):0.0752, tirads_loss(avg):0.0000
Saved checkpoint at epoch 25
Epoch:26: seg_loss(avg):0.3802, bm_loss(avg):0.0702, tirads_loss(avg):0.0000
Epoch:27: seg_loss(avg):0.3698, bm_loss(avg):0.0458, tirads_loss(avg):0.0000
Epoch:28: seg_loss(avg):0.3749, bm_loss(avg):0.0552, tirads_loss(avg):0.0000
Epoch:29: seg_loss(avg):0.3653, bm_loss(avg):0.0570, tirads_loss(avg):0.0000
Epoch:30: seg_loss(avg):0.3581, bm_loss(avg):0.0517, tirads_loss(avg):0.0000
Saved checkpoint at epoch 30
Epoch:31: seg_loss(avg):0.3563, bm_loss(avg):0.0274, tirads_loss(avg):0.0000
Epoch:32: seg_loss(avg):0.3579, bm_loss(avg):0.0268, tirads_loss(avg):0.0000
Epoch:33: seg_loss(avg):0.3425, bm_loss(avg):0.0245, tirads_loss(avg):0.0000
Epoch:34: seg_loss(avg):0.3460, bm_loss(avg):0.0353, tirads_loss(avg):0.0000
Epoch:35: seg_loss(avg):0.3400, bm_loss(avg):0.0331, tirads_loss(avg):0.0000
Saved checkpoint at epoch 35
Epoch:36: seg_loss(avg):0.3383, bm_loss(avg):0.0192, tirads_loss(avg):0.0000
Epoch:37: seg_loss(avg):0.3278, bm_loss(avg):0.0246, tirads_loss(avg):0.0000
Epoch:38: seg_loss(avg):0.3251, bm_loss(avg):0.0134, tirads_loss(avg):0.0000
Epoch:39: seg_loss(avg):0.3207, bm_loss(avg):0.0124, tirads_loss(avg):0.0000
Epoch:40: seg_loss(avg):0.3186, bm_loss(avg):0.0194, tirads_loss(avg):0.0000
Saved checkpoint at epoch 40
Epoch:41: seg_loss(avg):0.3115, bm_loss(avg):0.0223, tirads_loss(avg):0.0000
Epoch:42: seg_loss(avg):0.3128, bm_loss(avg):0.0176, tirads_loss(avg):0.0000
Epoch:43: seg_loss(avg):0.3061, bm_loss(avg):0.0104, tirads_loss(avg):0.0000
Epoch:44: seg_loss(avg):0.3057, bm_loss(avg):0.0140, tirads_loss(avg):0.0000
Epoch:45: seg_loss(avg):0.3016, bm_loss(avg):0.0128, tirads_loss(avg):0.0000
Saved checkpoint at epoch 45
Epoch:46: seg_loss(avg):0.3066, bm_loss(avg):0.0169, tirads_loss(avg):0.0000
Epoch:47: seg_loss(avg):0.3024, bm_loss(avg):0.0140, tirads_loss(avg):0.0000
Epoch:48: seg_loss(avg):0.3009, bm_loss(avg):0.0136, tirads_loss(avg):0.0000
Epoch:49: seg_loss(avg):0.2979, bm_loss(avg):0.0089, tirads_loss(avg):0.0000
Epoch:50: seg_loss(avg):0.3025, bm_loss(avg):0.0112, tirads_loss(avg):0.0000
Saved checkpoint at epoch 50

Validating epoch 50 on all test datasets...
Testing on TN3K...
  TN3K - Dice: 0.8094, HD95: 14.9124
  TN3K - BM: Acc=0.8506, Prec=0.0000, Rec=0.0000, F1=0.0000, AUROC=0.0000, AUPRC=0.0000, ECE=0.1451
  TN3K - TI-RADS: Acc=0.0000, Prec=0.0000, Rec=0.0000, F1=0.0000, AUC=0.0000, ECE=0.0000
Testing on DDTI...
  DDTI - Dice: 0.7734, HD95: 16.6302
  DDTI - BM: Acc=0.0000, Prec=0.0000, Rec=0.0000, F1=0.0000, AUROC=0.0000, AUPRC=0.0000, ECE=0.0000
  DDTI - TI-RADS: Acc=0.0000, Prec=0.0000, Rec=0.0000, F1=0.0000, AUC=0.0000, ECE=0.0000
Testing on ThyroidXL...
  ThyroidXL - Dice: 0.8292, HD95: 7.6944
  ThyroidXL - BM: Acc=0.7818, Prec=0.8157, Rec=0.9215, F1=0.8647, AUROC=0.6507, AUPRC=0.8204, ECE=0.2025
  ThyroidXL - TI-RADS: Acc=0.0000, Prec=0.0000, Rec=0.0000, F1=0.0000, AUC=0.0000, ECE=0.0000
Testing on PKTN...
  PKTN - Dice: 0.7946, HD95: 11.6942
  PKTN - BM: Acc=0.0000, Prec=0.0000, Rec=0.0000, F1=0.0000, AUROC=0.0000, AUPRC=0.0000, ECE=0.0000
  PKTN - TI-RADS: Acc=0.0000, Prec=0.0000, Rec=0.0000, F1=0.0000, AUC=0.0000, ECE=0.0000
Testing on TN5K...
  TN5K - Dice: 0.6756, HD95: 15.3685
  TN5K - BM: Acc=0.7002, Prec=0.4310, Rec=0.7899, F1=0.5539, AUROC=0.7915, AUPRC=0.5383, ECE=0.2938
  TN5K - TI-RADS: Acc=0.0000, Prec=0.0000, Rec=0.0000, F1=0.0000, AUC=0.0000, ECE=0.0000
Testing on Cine-Clip...
  Cine-Clip - Dice: 0.6744, HD95: 19.8329
  Cine-Clip - BM: Acc=0.6496, Prec=0.0000, Rec=0.0000, F1=0.0000, AUROC=0.0000, AUPRC=0.0000, ECE=0.3433
  Cine-Clip - TI-RADS: Acc=0.3480, Prec=0.4781, Rec=0.2675, F1=0.2529, AUC=0.0000, ECE=0.1322

========== Evaluation Summary (All Test Records) ==========

Dataset: TN3K
Eval epochs: [50]
Dice per eval: [0.8094000220298767]
HD95 per eval: [14.912400245666504]
Best Dice: 0.8094 at epoch 50
Best HD95: 14.9124 at epoch 50

BM metrics per eval:
  Acc:  [0.8506]
  Prec: [0.0]
  Rec:  [0.0]
  F1:   [0.0]
  AUROC:[0.0]
  AUPRC:[0.0]
  ECE:  [0.1451]
Best BM F1: 0.0000 at epoch 50

TI-RADS metrics per eval:
  Acc:  [0.0]
  Prec: [0.0]
  Rec:  [0.0]
  F1:   [0.0]
  AUC:  [0.0]
  ECE:  [0.0]
Best TI-RADS F1: 0.0000 at epoch 50

Dataset: DDTI
Eval epochs: [50]
Dice per eval: [0.7734000086784363]
HD95 per eval: [16.630199432373047]
Best Dice: 0.7734 at epoch 50
Best HD95: 16.6302 at epoch 50

BM metrics per eval:
  Acc:  [0.0]
  Prec: [0.0]
  Rec:  [0.0]
  F1:   [0.0]
  AUROC:[0.0]
  AUPRC:[0.0]
  ECE:  [0.0]
Best BM F1: 0.0000 at epoch 50

TI-RADS metrics per eval:
  Acc:  [0.0]
  Prec: [0.0]
  Rec:  [0.0]
  F1:   [0.0]
  AUC:  [0.0]
  ECE:  [0.0]
Best TI-RADS F1: 0.0000 at epoch 50

Dataset: ThyroidXL
Eval epochs: [50]
Dice per eval: [0.829200029373169]
HD95 per eval: [7.694399833679199]
Best Dice: 0.8292 at epoch 50
Best HD95: 7.6944 at epoch 50

BM metrics per eval:
  Acc:  [0.7818]
  Prec: [0.8157]
  Rec:  [0.9215]
  F1:   [0.8647]
  AUROC:[0.6507]
  AUPRC:[0.8204]
  ECE:  [0.2025]
Best BM F1: 0.8647 at epoch 50

TI-RADS metrics per eval:
  Acc:  [0.0]
  Prec: [0.0]
  Rec:  [0.0]
  F1:   [0.0]
  AUC:  [0.0]
  ECE:  [0.0]
Best TI-RADS F1: 0.0000 at epoch 50

Dataset: PKTN
Eval epochs: [50]
Dice per eval: [0.7946000099182129]
HD95 per eval: [11.694199562072754]
Best Dice: 0.7946 at epoch 50
Best HD95: 11.6942 at epoch 50

BM metrics per eval:
  Acc:  [0.0]
  Prec: [0.0]
  Rec:  [0.0]
  F1:   [0.0]
  AUROC:[0.0]
  AUPRC:[0.0]
  ECE:  [0.0]
Best BM F1: 0.0000 at epoch 50

TI-RADS metrics per eval:
  Acc:  [0.0]
  Prec: [0.0]
  Rec:  [0.0]
  F1:   [0.0]
  AUC:  [0.0]
  ECE:  [0.0]
Best TI-RADS F1: 0.0000 at epoch 50

Dataset: TN5K
Eval epochs: [50]
Dice per eval: [0.675599992275238]
HD95 per eval: [15.368499755859375]
Best Dice: 0.6756 at epoch 50
Best HD95: 15.3685 at epoch 50

BM metrics per eval:
  Acc:  [0.7002]
  Prec: [0.431]
  Rec:  [0.7899]
  F1:   [0.5539]
  AUROC:[0.7915]
  AUPRC:[0.5383]
  ECE:  [0.2938]
Best BM F1: 0.5539 at epoch 50

TI-RADS metrics per eval:
  Acc:  [0.0]
  Prec: [0.0]
  Rec:  [0.0]
  F1:   [0.0]
  AUC:  [0.0]
  ECE:  [0.0]
Best TI-RADS F1: 0.0000 at epoch 50

Dataset: Cine-Clip
Eval epochs: [50]
Dice per eval: [0.6743999719619751]
HD95 per eval: [19.83289909362793]
Best Dice: 0.6744 at epoch 50
Best HD95: 19.8329 at epoch 50

BM metrics per eval:
  Acc:  [0.6496]
  Prec: [0.0]
  Rec:  [0.0]
  F1:   [0.0]
  AUROC:[0.0]
  AUPRC:[0.0]
  ECE:  [0.3433]
Best BM F1: 0.0000 at epoch 50

TI-RADS metrics per eval:
  Acc:  [0.348]
  Prec: [0.4781]
  Rec:  [0.2675]
  F1:   [0.2529]
  AUC:  [0.0]
  ECE:  [0.1322]
Best TI-RADS F1: 0.2529 at epoch 50

==========================================================

========== Training Completed ==========
Training completed at Sat Mar 14 18:26:19 2026
