Training started at Fri Dec 26 15:46:08 2025
Method: dino_unet
Dataset: Dilation_train_multitask_dataset1
Epochs: 50
LR: 0.0001
Batch Size: 12
Image Size: 224 x 224
DINO pretrained: True
Use Dilation: True
Training set - Benign/Malignant: Benign=2331 (49.25%), Malignant=2402 (50.75%)
Auto-adjusted tau=0.30 (imbalance_ratio=1.03)
GLA parameters: p_benign=0.4925, p_malignant=0.5075, tau=0.30
Logit adjustment magnitude: 0.0090
Training set - TI-RADS distribution (1-5): [0, 0, 0, 0, 0]
TI-RADS probabilities: [0.20000000298023224, 0.20000000298023224, 0.20000000298023224, 0.20000000298023224, 0.20000000298023224]
Loss weights: seg=1.0, bm=1.0, tirads=1.0
GA-MTL schedule per optimizer step: ['seg', 'bm']
steps_per_epoch (optimizer steps): 197
Epoch:1: seg_loss(avg):0.8526, bm_loss(avg):0.6635, tirads_loss(avg):0.0000
Epoch:2: seg_loss(avg):0.6436, bm_loss(avg):0.5328, tirads_loss(avg):0.0000
Epoch:3: seg_loss(avg):0.5979, bm_loss(avg):0.4885, tirads_loss(avg):0.0000
Epoch:4: seg_loss(avg):0.5722, bm_loss(avg):0.4260, tirads_loss(avg):0.0000
Epoch:5: seg_loss(avg):0.5446, bm_loss(avg):0.3875, tirads_loss(avg):0.0000
Saved checkpoint at epoch 5

Validating epoch 5 on all test datasets...
Testing on TN3K...
  TN3K - Dice: 0.8711, HD95: 13.3134
  TN3K - BM: Acc=0.7378, Prec=0.6459, Rec=0.7034, F1=0.6734, AUROC=0.8094, AUPRC=0.7307
  TN3K - TI-RADS: Acc=0.0000, Prec=0.0000, Rec=0.0000, F1=0.0000, AUC=0.0000
Testing on DDTI...
  DDTI - Dice: 0.7801, HD95: 20.8931
  DDTI - BM: Acc=0.0000, Prec=0.0000, Rec=0.0000, F1=0.0000, AUROC=0.0000, AUPRC=0.0000
  DDTI - TI-RADS: Acc=0.0000, Prec=0.0000, Rec=0.0000, F1=0.0000, AUC=0.0000
Testing on ThyroidXL...
  ThyroidXL - Dice: 0.8258, HD95: 11.5194
  ThyroidXL - BM: Acc=0.7646, Prec=0.6833, Rec=0.9186, F1=0.7836, AUROC=0.8821, AUPRC=0.8426
  ThyroidXL - TI-RADS: Acc=0.0000, Prec=0.0000, Rec=0.0000, F1=0.0000, AUC=0.0000
Testing on PKTN...
  PKTN - Dice: 0.7874, HD95: 16.7698
  PKTN - BM: Acc=0.0000, Prec=0.0000, Rec=0.0000, F1=0.0000, AUROC=0.0000, AUPRC=0.0000
  PKTN - TI-RADS: Acc=0.0000, Prec=0.0000, Rec=0.0000, F1=0.0000, AUC=0.0000
Testing on TN5K...
  TN5K - Dice: 0.7641, HD95: 16.9439
  TN5K - BM: Acc=0.8030, Prec=0.8803, Rec=0.8454, F1=0.8625, AUROC=0.8375, AUPRC=0.9211
  TN5K - TI-RADS: Acc=0.0000, Prec=0.0000, Rec=0.0000, F1=0.0000, AUC=0.0000
Epoch:6: seg_loss(avg):0.5275, bm_loss(avg):0.3523, tirads_loss(avg):0.0000
Epoch:7: seg_loss(avg):0.5106, bm_loss(avg):0.3268, tirads_loss(avg):0.0000
Epoch:8: seg_loss(avg):0.5063, bm_loss(avg):0.3229, tirads_loss(avg):0.0000
Epoch:9: seg_loss(avg):0.4952, bm_loss(avg):0.2811, tirads_loss(avg):0.0000
Epoch:10: seg_loss(avg):0.4933, bm_loss(avg):0.2467, tirads_loss(avg):0.0000
Saved checkpoint at epoch 10

Validating epoch 10 on all test datasets...
Testing on TN3K...
  TN3K - Dice: 0.8608, HD95: 13.3589
  TN3K - BM: Acc=0.7036, Prec=0.5918, Rec=0.7373, F1=0.6566, AUROC=0.7835, AUPRC=0.7049
  TN3K - TI-RADS: Acc=0.0000, Prec=0.0000, Rec=0.0000, F1=0.0000, AUC=0.0000
Testing on DDTI...
  DDTI - Dice: 0.7779, HD95: 21.3810
  DDTI - BM: Acc=0.0000, Prec=0.0000, Rec=0.0000, F1=0.0000, AUROC=0.0000, AUPRC=0.0000
  DDTI - TI-RADS: Acc=0.0000, Prec=0.0000, Rec=0.0000, F1=0.0000, AUC=0.0000
Testing on ThyroidXL...
  ThyroidXL - Dice: 0.8358, HD95: 10.2782
  ThyroidXL - BM: Acc=0.7507, Prec=0.6589, Rec=0.9598, F1=0.7814, AUROC=0.8798, AUPRC=0.8505
  ThyroidXL - TI-RADS: Acc=0.0000, Prec=0.0000, Rec=0.0000, F1=0.0000, AUC=0.0000
Testing on PKTN...
  PKTN - Dice: 0.7942, HD95: 15.4867
  PKTN - BM: Acc=0.0000, Prec=0.0000, Rec=0.0000, F1=0.0000, AUROC=0.0000, AUPRC=0.0000
  PKTN - TI-RADS: Acc=0.0000, Prec=0.0000, Rec=0.0000, F1=0.0000, AUC=0.0000
Testing on TN5K...
  TN5K - Dice: 0.7758, HD95: 15.0558
  TN5K - BM: Acc=0.7670, Prec=0.8750, Rec=0.7948, F1=0.8330, AUROC=0.8199, AUPRC=0.9213
  TN5K - TI-RADS: Acc=0.0000, Prec=0.0000, Rec=0.0000, F1=0.0000, AUC=0.0000
Epoch:11: seg_loss(avg):0.4821, bm_loss(avg):0.2549, tirads_loss(avg):0.0000
Epoch:12: seg_loss(avg):0.4874, bm_loss(avg):0.2342, tirads_loss(avg):0.0000
Epoch:13: seg_loss(avg):0.4697, bm_loss(avg):0.2163, tirads_loss(avg):0.0000
Epoch:14: seg_loss(avg):0.4625, bm_loss(avg):0.1932, tirads_loss(avg):0.0000
Epoch:15: seg_loss(avg):0.4456, bm_loss(avg):0.1779, tirads_loss(avg):0.0000
Saved checkpoint at epoch 15

Validating epoch 15 on all test datasets...
Testing on TN3K...
  TN3K - Dice: 0.8685, HD95: 12.9355
  TN3K - BM: Acc=0.7231, Prec=0.6375, Rec=0.6483, F1=0.6429, AUROC=0.7541, AUPRC=0.6965
  TN3K - TI-RADS: Acc=0.0000, Prec=0.0000, Rec=0.0000, F1=0.0000, AUC=0.0000
Testing on DDTI...
  DDTI - Dice: 0.8055, HD95: 17.9480
  DDTI - BM: Acc=0.0000, Prec=0.0000, Rec=0.0000, F1=0.0000, AUROC=0.0000, AUPRC=0.0000
  DDTI - TI-RADS: Acc=0.0000, Prec=0.0000, Rec=0.0000, F1=0.0000, AUC=0.0000
Testing on ThyroidXL...
  ThyroidXL - Dice: 0.8388, HD95: 10.7680
  ThyroidXL - BM: Acc=0.7876, Prec=0.7792, Rec=0.7567, F1=0.7678, AUROC=0.8725, AUPRC=0.8420
  ThyroidXL - TI-RADS: Acc=0.0000, Prec=0.0000, Rec=0.0000, F1=0.0000, AUC=0.0000
Testing on PKTN...
  PKTN - Dice: 0.7735, HD95: 15.8899
  PKTN - BM: Acc=0.0000, Prec=0.0000, Rec=0.0000, F1=0.0000, AUROC=0.0000, AUPRC=0.0000
  PKTN - TI-RADS: Acc=0.0000, Prec=0.0000, Rec=0.0000, F1=0.0000, AUC=0.0000
Testing on TN5K...
  TN5K - Dice: 0.7623, HD95: 15.7240
  TN5K - BM: Acc=0.7530, Prec=0.8667, Rec=0.7825, F1=0.8224, AUROC=0.8075, AUPRC=0.9157
  TN5K - TI-RADS: Acc=0.0000, Prec=0.0000, Rec=0.0000, F1=0.0000, AUC=0.0000
Epoch:16: seg_loss(avg):0.4463, bm_loss(avg):0.1794, tirads_loss(avg):0.0000
Epoch:17: seg_loss(avg):0.4364, bm_loss(avg):0.1416, tirads_loss(avg):0.0000
Epoch:18: seg_loss(avg):0.4337, bm_loss(avg):0.1638, tirads_loss(avg):0.0000
Epoch:19: seg_loss(avg):0.4208, bm_loss(avg):0.1397, tirads_loss(avg):0.0000
Epoch:20: seg_loss(avg):0.4186, bm_loss(avg):0.1174, tirads_loss(avg):0.0000
Saved checkpoint at epoch 20

Validating epoch 20 on all test datasets...
Testing on TN3K...
  TN3K - Dice: 0.8745, HD95: 12.1892
  TN3K - BM: Acc=0.7394, Prec=0.6727, Rec=0.6271, F1=0.6491, AUROC=0.7770, AUPRC=0.7197
  TN3K - TI-RADS: Acc=0.0000, Prec=0.0000, Rec=0.0000, F1=0.0000, AUC=0.0000
Testing on DDTI...
  DDTI - Dice: 0.7709, HD95: 22.4872
  DDTI - BM: Acc=0.0000, Prec=0.0000, Rec=0.0000, F1=0.0000, AUROC=0.0000, AUPRC=0.0000
  DDTI - TI-RADS: Acc=0.0000, Prec=0.0000, Rec=0.0000, F1=0.0000, AUC=0.0000
Testing on ThyroidXL...
  ThyroidXL - Dice: 0.8488, HD95: 9.2896
  ThyroidXL - BM: Acc=0.7957, Prec=0.7479, Rec=0.8443, F1=0.7932, AUROC=0.8794, AUPRC=0.8412
  ThyroidXL - TI-RADS: Acc=0.0000, Prec=0.0000, Rec=0.0000, F1=0.0000, AUC=0.0000
Testing on PKTN...
  PKTN - Dice: 0.7916, HD95: 15.1641
  PKTN - BM: Acc=0.0000, Prec=0.0000, Rec=0.0000, F1=0.0000, AUROC=0.0000, AUPRC=0.0000
  PKTN - TI-RADS: Acc=0.0000, Prec=0.0000, Rec=0.0000, F1=0.0000, AUC=0.0000
Testing on TN5K...
  TN5K - Dice: 0.7648, HD95: 15.8046
  TN5K - BM: Acc=0.7880, Prec=0.9074, Rec=0.7907, F1=0.8450, AUROC=0.8369, AUPRC=0.9231
  TN5K - TI-RADS: Acc=0.0000, Prec=0.0000, Rec=0.0000, F1=0.0000, AUC=0.0000
Epoch:21: seg_loss(avg):0.4143, bm_loss(avg):0.1134, tirads_loss(avg):0.0000
Epoch:22: seg_loss(avg):0.4007, bm_loss(avg):0.0920, tirads_loss(avg):0.0000
Epoch:23: seg_loss(avg):0.3991, bm_loss(avg):0.0961, tirads_loss(avg):0.0000
Epoch:24: seg_loss(avg):0.3880, bm_loss(avg):0.0936, tirads_loss(avg):0.0000
Epoch:25: seg_loss(avg):0.3896, bm_loss(avg):0.0730, tirads_loss(avg):0.0000
Saved checkpoint at epoch 25

Validating epoch 25 on all test datasets...
Testing on TN3K...
  TN3K - Dice: 0.8788, HD95: 10.9643
  TN3K - BM: Acc=0.7003, Prec=0.5935, Rec=0.6992, F1=0.6420, AUROC=0.7743, AUPRC=0.7091
  TN3K - TI-RADS: Acc=0.0000, Prec=0.0000, Rec=0.0000, F1=0.0000, AUC=0.0000
Testing on DDTI...
  DDTI - Dice: 0.7895, HD95: 20.0778
  DDTI - BM: Acc=0.0000, Prec=0.0000, Rec=0.0000, F1=0.0000, AUROC=0.0000, AUPRC=0.0000
  DDTI - TI-RADS: Acc=0.0000, Prec=0.0000, Rec=0.0000, F1=0.0000, AUC=0.0000
Testing on ThyroidXL...
  ThyroidXL - Dice: 0.8361, HD95: 10.0193
  ThyroidXL - BM: Acc=0.7895, Prec=0.7151, Rec=0.9082, F1=0.8002, AUROC=0.8844, AUPRC=0.8545
  ThyroidXL - TI-RADS: Acc=0.0000, Prec=0.0000, Rec=0.0000, F1=0.0000, AUC=0.0000
Testing on PKTN...
  PKTN - Dice: 0.8023, HD95: 13.6563
  PKTN - BM: Acc=0.0000, Prec=0.0000, Rec=0.0000, F1=0.0000, AUROC=0.0000, AUPRC=0.0000
  PKTN - TI-RADS: Acc=0.0000, Prec=0.0000, Rec=0.0000, F1=0.0000, AUC=0.0000
Testing on TN5K...
  TN5K - Dice: 0.7780, HD95: 15.2403
  TN5K - BM: Acc=0.7850, Prec=0.8377, Rec=0.8755, F1=0.8562, AUROC=0.8371, AUPRC=0.9315
  TN5K - TI-RADS: Acc=0.0000, Prec=0.0000, Rec=0.0000, F1=0.0000, AUC=0.0000
Epoch:26: seg_loss(avg):0.3875, bm_loss(avg):0.0607, tirads_loss(avg):0.0000
Epoch:27: seg_loss(avg):0.3841, bm_loss(avg):0.0532, tirads_loss(avg):0.0000
Epoch:28: seg_loss(avg):0.3703, bm_loss(avg):0.0564, tirads_loss(avg):0.0000
Epoch:29: seg_loss(avg):0.3612, bm_loss(avg):0.0454, tirads_loss(avg):0.0000
Epoch:30: seg_loss(avg):0.3567, bm_loss(avg):0.0480, tirads_loss(avg):0.0000
Saved checkpoint at epoch 30

Validating epoch 30 on all test datasets...
Testing on TN3K...
  TN3K - Dice: 0.8756, HD95: 11.4064
  TN3K - BM: Acc=0.7557, Prec=0.7622, Rec=0.5297, F1=0.6250, AUROC=0.7688, AUPRC=0.7245
  TN3K - TI-RADS: Acc=0.0000, Prec=0.0000, Rec=0.0000, F1=0.0000, AUC=0.0000
Testing on DDTI...
  DDTI - Dice: 0.7883, HD95: 19.7621
  DDTI - BM: Acc=0.0000, Prec=0.0000, Rec=0.0000, F1=0.0000, AUROC=0.0000, AUPRC=0.0000
  DDTI - TI-RADS: Acc=0.0000, Prec=0.0000, Rec=0.0000, F1=0.0000, AUC=0.0000
Testing on ThyroidXL...
  ThyroidXL - Dice: 0.8427, HD95: 9.3523
  ThyroidXL - BM: Acc=0.7919, Prec=0.8219, Rec=0.7041, F1=0.7585, AUROC=0.8800, AUPRC=0.8552
  ThyroidXL - TI-RADS: Acc=0.0000, Prec=0.0000, Rec=0.0000, F1=0.0000, AUC=0.0000
Testing on PKTN...
  PKTN - Dice: 0.8059, HD95: 13.4523
  PKTN - BM: Acc=0.0000, Prec=0.0000, Rec=0.0000, F1=0.0000, AUROC=0.0000, AUPRC=0.0000
  PKTN - TI-RADS: Acc=0.0000, Prec=0.0000, Rec=0.0000, F1=0.0000, AUC=0.0000
Testing on TN5K...
  TN5K - Dice: 0.7844, HD95: 14.5471
  TN5K - BM: Acc=0.7040, Prec=0.9324, Rec=0.6416, F1=0.7601, AUROC=0.8452, AUPRC=0.9339
  TN5K - TI-RADS: Acc=0.0000, Prec=0.0000, Rec=0.0000, F1=0.0000, AUC=0.0000
Epoch:31: seg_loss(avg):0.3588, bm_loss(avg):0.0418, tirads_loss(avg):0.0000
Epoch:32: seg_loss(avg):0.3479, bm_loss(avg):0.0289, tirads_loss(avg):0.0000
Epoch:33: seg_loss(avg):0.3465, bm_loss(avg):0.0359, tirads_loss(avg):0.0000
Epoch:34: seg_loss(avg):0.3403, bm_loss(avg):0.0305, tirads_loss(avg):0.0000
Epoch:35: seg_loss(avg):0.3309, bm_loss(avg):0.0314, tirads_loss(avg):0.0000
Saved checkpoint at epoch 35

Validating epoch 35 on all test datasets...
Testing on TN3K...
  TN3K - Dice: 0.8742, HD95: 11.4623
  TN3K - BM: Acc=0.7313, Prec=0.6414, Rec=0.6822, F1=0.6612, AUROC=0.7812, AUPRC=0.7201
  TN3K - TI-RADS: Acc=0.0000, Prec=0.0000, Rec=0.0000, F1=0.0000, AUC=0.0000
Testing on DDTI...
  DDTI - Dice: 0.7953, HD95: 19.4676
  DDTI - BM: Acc=0.0000, Prec=0.0000, Rec=0.0000, F1=0.0000, AUROC=0.0000, AUPRC=0.0000
  DDTI - TI-RADS: Acc=0.0000, Prec=0.0000, Rec=0.0000, F1=0.0000, AUC=0.0000
Testing on ThyroidXL...
  ThyroidXL - Dice: 0.8490, HD95: 9.7078
  ThyroidXL - BM: Acc=0.8072, Prec=0.7566, Rec=0.8619, F1=0.8058, AUROC=0.8900, AUPRC=0.8665
  ThyroidXL - TI-RADS: Acc=0.0000, Prec=0.0000, Rec=0.0000, F1=0.0000, AUC=0.0000
Testing on PKTN...
  PKTN - Dice: 0.7943, HD95: 14.6684
  PKTN - BM: Acc=0.0000, Prec=0.0000, Rec=0.0000, F1=0.0000, AUROC=0.0000, AUPRC=0.0000
  PKTN - TI-RADS: Acc=0.0000, Prec=0.0000, Rec=0.0000, F1=0.0000, AUC=0.0000
Testing on TN5K...
  TN5K - Dice: 0.7719, HD95: 15.1193
  TN5K - BM: Acc=0.7850, Prec=0.8981, Rec=0.7962, F1=0.8441, AUROC=0.8438, AUPRC=0.9322
  TN5K - TI-RADS: Acc=0.0000, Prec=0.0000, Rec=0.0000, F1=0.0000, AUC=0.0000
Epoch:36: seg_loss(avg):0.3323, bm_loss(avg):0.0229, tirads_loss(avg):0.0000
Epoch:37: seg_loss(avg):0.3203, bm_loss(avg):0.0172, tirads_loss(avg):0.0000
Epoch:38: seg_loss(avg):0.3277, bm_loss(avg):0.0194, tirads_loss(avg):0.0000
Epoch:39: seg_loss(avg):0.3197, bm_loss(avg):0.0216, tirads_loss(avg):0.0000
Epoch:40: seg_loss(avg):0.3159, bm_loss(avg):0.0190, tirads_loss(avg):0.0000
Saved checkpoint at epoch 40

Validating epoch 40 on all test datasets...
Testing on TN3K...
  TN3K - Dice: 0.8795, HD95: 10.5787
  TN3K - BM: Acc=0.7052, Prec=0.5965, Rec=0.7203, F1=0.6526, AUROC=0.7736, AUPRC=0.7144
  TN3K - TI-RADS: Acc=0.0000, Prec=0.0000, Rec=0.0000, F1=0.0000, AUC=0.0000
Testing on DDTI...
  DDTI - Dice: 0.7963, HD95: 19.4960
  DDTI - BM: Acc=0.0000, Prec=0.0000, Rec=0.0000, F1=0.0000, AUROC=0.0000, AUPRC=0.0000
  DDTI - TI-RADS: Acc=0.0000, Prec=0.0000, Rec=0.0000, F1=0.0000, AUC=0.0000
Testing on ThyroidXL...
  ThyroidXL - Dice: 0.8480, HD95: 9.2594
  ThyroidXL - BM: Acc=0.7828, Prec=0.7048, Rec=0.9155, F1=0.7964, AUROC=0.8870, AUPRC=0.8639
  ThyroidXL - TI-RADS: Acc=0.0000, Prec=0.0000, Rec=0.0000, F1=0.0000, AUC=0.0000
Testing on PKTN...
  PKTN - Dice: 0.8044, HD95: 13.5767
  PKTN - BM: Acc=0.0000, Prec=0.0000, Rec=0.0000, F1=0.0000, AUROC=0.0000, AUPRC=0.0000
  PKTN - TI-RADS: Acc=0.0000, Prec=0.0000, Rec=0.0000, F1=0.0000, AUC=0.0000
Testing on TN5K...
  TN5K - Dice: 0.7899, HD95: 13.8019
  TN5K - BM: Acc=0.7820, Prec=0.8691, Rec=0.8263, F1=0.8471, AUROC=0.8347, AUPRC=0.9270
  TN5K - TI-RADS: Acc=0.0000, Prec=0.0000, Rec=0.0000, F1=0.0000, AUC=0.0000
Epoch:41: seg_loss(avg):0.3089, bm_loss(avg):0.0149, tirads_loss(avg):0.0000
Epoch:42: seg_loss(avg):0.3070, bm_loss(avg):0.0143, tirads_loss(avg):0.0000
Epoch:43: seg_loss(avg):0.3030, bm_loss(avg):0.0188, tirads_loss(avg):0.0000
Epoch:44: seg_loss(avg):0.2963, bm_loss(avg):0.0123, tirads_loss(avg):0.0000
Epoch:45: seg_loss(avg):0.2947, bm_loss(avg):0.0110, tirads_loss(avg):0.0000
Saved checkpoint at epoch 45

Validating epoch 45 on all test datasets...
Testing on TN3K...
  TN3K - Dice: 0.8802, HD95: 10.7313
  TN3K - BM: Acc=0.7150, Prec=0.6117, Rec=0.7076, F1=0.6562, AUROC=0.7683, AUPRC=0.7144
  TN3K - TI-RADS: Acc=0.0000, Prec=0.0000, Rec=0.0000, F1=0.0000, AUC=0.0000
Testing on DDTI...
  DDTI - Dice: 0.7994, HD95: 18.8861
  DDTI - BM: Acc=0.0000, Prec=0.0000, Rec=0.0000, F1=0.0000, AUROC=0.0000, AUPRC=0.0000
  DDTI - TI-RADS: Acc=0.0000, Prec=0.0000, Rec=0.0000, F1=0.0000, AUC=0.0000
Testing on ThyroidXL...
  ThyroidXL - Dice: 0.8461, HD95: 9.3191
  ThyroidXL - BM: Acc=0.7928, Prec=0.7247, Rec=0.8928, F1=0.8000, AUROC=0.8865, AUPRC=0.8648
  ThyroidXL - TI-RADS: Acc=0.0000, Prec=0.0000, Rec=0.0000, F1=0.0000, AUC=0.0000
Testing on PKTN...
  PKTN - Dice: 0.8057, HD95: 13.3998
  PKTN - BM: Acc=0.0000, Prec=0.0000, Rec=0.0000, F1=0.0000, AUROC=0.0000, AUPRC=0.0000
  PKTN - TI-RADS: Acc=0.0000, Prec=0.0000, Rec=0.0000, F1=0.0000, AUC=0.0000
Testing on TN5K...
  TN5K - Dice: 0.7931, HD95: 13.5974
  TN5K - BM: Acc=0.7810, Prec=0.8855, Rec=0.8044, F1=0.8430, AUROC=0.8381, AUPRC=0.9278
  TN5K - TI-RADS: Acc=0.0000, Prec=0.0000, Rec=0.0000, F1=0.0000, AUC=0.0000
Epoch:46: seg_loss(avg):0.2996, bm_loss(avg):0.0132, tirads_loss(avg):0.0000
Epoch:47: seg_loss(avg):0.2965, bm_loss(avg):0.0102, tirads_loss(avg):0.0000
Epoch:48: seg_loss(avg):0.2946, bm_loss(avg):0.0163, tirads_loss(avg):0.0000
Epoch:49: seg_loss(avg):0.2987, bm_loss(avg):0.0147, tirads_loss(avg):0.0000
Epoch:50: seg_loss(avg):0.2935, bm_loss(avg):0.0100, tirads_loss(avg):0.0000
Saved checkpoint at epoch 50

Validating epoch 50 on all test datasets...
Testing on TN3K...
  TN3K - Dice: 0.8804, HD95: 10.6699
  TN3K - BM: Acc=0.7052, Prec=0.5972, Rec=0.7161, F1=0.6513, AUROC=0.7656, AUPRC=0.7118
  TN3K - TI-RADS: Acc=0.0000, Prec=0.0000, Rec=0.0000, F1=0.0000, AUC=0.0000
Testing on DDTI...
  DDTI - Dice: 0.7990, HD95: 18.9711
  DDTI - BM: Acc=0.0000, Prec=0.0000, Rec=0.0000, F1=0.0000, AUROC=0.0000, AUPRC=0.0000
  DDTI - TI-RADS: Acc=0.0000, Prec=0.0000, Rec=0.0000, F1=0.0000, AUC=0.0000
Testing on ThyroidXL...
  ThyroidXL - Dice: 0.8470, HD95: 9.2886
  ThyroidXL - BM: Acc=0.7885, Prec=0.7157, Rec=0.9031, F1=0.7985, AUROC=0.8867, AUPRC=0.8625
  ThyroidXL - TI-RADS: Acc=0.0000, Prec=0.0000, Rec=0.0000, F1=0.0000, AUC=0.0000
Testing on PKTN...
  PKTN - Dice: 0.8047, HD95: 13.6113
  PKTN - BM: Acc=0.0000, Prec=0.0000, Rec=0.0000, F1=0.0000, AUROC=0.0000, AUPRC=0.0000
  PKTN - TI-RADS: Acc=0.0000, Prec=0.0000, Rec=0.0000, F1=0.0000, AUC=0.0000
Testing on TN5K...
  TN5K - Dice: 0.7901, HD95: 14.0472
  TN5K - BM: Acc=0.7830, Prec=0.8791, Rec=0.8153, F1=0.8460, AUROC=0.8362, AUPRC=0.9268
  TN5K - TI-RADS: Acc=0.0000, Prec=0.0000, Rec=0.0000, F1=0.0000, AUC=0.0000

========== Evaluation Summary (All Test Records) ==========

Dataset: TN3K
Eval epochs: [5, 10, 15, 20, 25, 30, 35, 40, 45, 50]
Dice per eval: [0.8711, 0.8608, 0.8685, 0.8745, 0.8788, 0.8756, 0.8742, 0.8795, 0.8802, 0.8804]
HD95 per eval: [np.float64(13.3134), np.float64(13.3589), np.float64(12.9355), np.float64(12.1892), np.float64(10.9643), np.float64(11.4064), np.float64(11.4623), np.float64(10.5787), np.float64(10.7313), np.float64(10.6699)]
Best Dice: 0.8804 at epoch 50
Best HD95: 10.5787 at epoch 40

BM metrics per eval:
  Acc:  [np.float64(0.7378), np.float64(0.7036), np.float64(0.7231), np.float64(0.7394), np.float64(0.7003), np.float64(0.7557), np.float64(0.7313), np.float64(0.7052), np.float64(0.715), np.float64(0.7052)]
  Prec: [0.6459, 0.5918, 0.6375, 0.6727, 0.5935, 0.7622, 0.6414, 0.5965, 0.6117, 0.5972]
  Rec:  [0.7034, 0.7373, 0.6483, 0.6271, 0.6992, 0.5297, 0.6822, 0.7203, 0.7076, 0.7161]
  F1:   [0.6734, 0.6566, 0.6429, 0.6491, 0.642, 0.625, 0.6612, 0.6526, 0.6562, 0.6513]
  AUROC:[0.8094, 0.7835, 0.7541, 0.777, 0.7743, 0.7688, 0.7812, 0.7736, 0.7683, 0.7656]
  AUPRC:[0.7307, 0.7049, 0.6965, 0.7197, 0.7091, 0.7245, 0.7201, 0.7144, 0.7144, 0.7118]
Best BM F1: 0.6734 at epoch 5

TI-RADS metrics per eval:
  Acc:  [0.0, 0.0, 0.0, 0.0, 0.0, 0.0, 0.0, 0.0, 0.0, 0.0]
  Prec: [0.0, 0.0, 0.0, 0.0, 0.0, 0.0, 0.0, 0.0, 0.0, 0.0]
  Rec:  [0.0, 0.0, 0.0, 0.0, 0.0, 0.0, 0.0, 0.0, 0.0, 0.0]
  F1:   [0.0, 0.0, 0.0, 0.0, 0.0, 0.0, 0.0, 0.0, 0.0, 0.0]
  AUC:  [0.0, 0.0, 0.0, 0.0, 0.0, 0.0, 0.0, 0.0, 0.0, 0.0]
Best TI-RADS F1: 0.0000 at epoch 5

Dataset: DDTI
Eval epochs: [5, 10, 15, 20, 25, 30, 35, 40, 45, 50]
Dice per eval: [0.7801, 0.7779, 0.8055, 0.7709, 0.7895, 0.7883, 0.7953, 0.7963, 0.7994, 0.799]
HD95 per eval: [np.float64(20.8931), np.float64(21.381), np.float64(17.948), np.float64(22.4872), np.float64(20.0778), np.float64(19.7621), np.float64(19.4676), np.float64(19.496), np.float64(18.8861), np.float64(18.9711)]
Best Dice: 0.8055 at epoch 15
Best HD95: 17.9480 at epoch 15

BM metrics per eval:
  Acc:  [0.0, 0.0, 0.0, 0.0, 0.0, 0.0, 0.0, 0.0, 0.0, 0.0]
  Prec: [0.0, 0.0, 0.0, 0.0, 0.0, 0.0, 0.0, 0.0, 0.0, 0.0]
  Rec:  [0.0, 0.0, 0.0, 0.0, 0.0, 0.0, 0.0, 0.0, 0.0, 0.0]
  F1:   [0.0, 0.0, 0.0, 0.0, 0.0, 0.0, 0.0, 0.0, 0.0, 0.0]
  AUROC:[0.0, 0.0, 0.0, 0.0, 0.0, 0.0, 0.0, 0.0, 0.0, 0.0]
  AUPRC:[0.0, 0.0, 0.0, 0.0, 0.0, 0.0, 0.0, 0.0, 0.0, 0.0]
Best BM F1: 0.0000 at epoch 5

TI-RADS metrics per eval:
  Acc:  [0.0, 0.0, 0.0, 0.0, 0.0, 0.0, 0.0, 0.0, 0.0, 0.0]
  Prec: [0.0, 0.0, 0.0, 0.0, 0.0, 0.0, 0.0, 0.0, 0.0, 0.0]
  Rec:  [0.0, 0.0, 0.0, 0.0, 0.0, 0.0, 0.0, 0.0, 0.0, 0.0]
  F1:   [0.0, 0.0, 0.0, 0.0, 0.0, 0.0, 0.0, 0.0, 0.0, 0.0]
  AUC:  [0.0, 0.0, 0.0, 0.0, 0.0, 0.0, 0.0, 0.0, 0.0, 0.0]
Best TI-RADS F1: 0.0000 at epoch 5

Dataset: ThyroidXL
Eval epochs: [5, 10, 15, 20, 25, 30, 35, 40, 45, 50]
Dice per eval: [0.8258, 0.8358, 0.8388, 0.8488, 0.8361, 0.8427, 0.849, 0.848, 0.8461, 0.847]
HD95 per eval: [np.float64(11.5194), np.float64(10.2782), np.float64(10.768), np.float64(9.2896), np.float64(10.0193), np.float64(9.3523), np.float64(9.7078), np.float64(9.2594), np.float64(9.3191), np.float64(9.2886)]
Best Dice: 0.8490 at epoch 35
Best HD95: 9.2594 at epoch 40

BM metrics per eval:
  Acc:  [np.float64(0.7646), np.float64(0.7507), np.float64(0.7876), np.float64(0.7957), np.float64(0.7895), np.float64(0.7919), np.float64(0.8072), np.float64(0.7828), np.float64(0.7928), np.float64(0.7885)]
  Prec: [0.6833, 0.6589, 0.7792, 0.7479, 0.7151, 0.8219, 0.7566, 0.7048, 0.7247, 0.7157]
  Rec:  [0.9186, 0.9598, 0.7567, 0.8443, 0.9082, 0.7041, 0.8619, 0.9155, 0.8928, 0.9031]
  F1:   [0.7836, 0.7814, 0.7678, 0.7932, 0.8002, 0.7585, 0.8058, 0.7964, 0.8, 0.7985]
  AUROC:[0.8821, 0.8798, 0.8725, 0.8794, 0.8844, 0.88, 0.89, 0.887, 0.8865, 0.8867]
  AUPRC:[0.8426, 0.8505, 0.842, 0.8412, 0.8545, 0.8552, 0.8665, 0.8639, 0.8648, 0.8625]
Best BM F1: 0.8058 at epoch 35

TI-RADS metrics per eval:
  Acc:  [0.0, 0.0, 0.0, 0.0, 0.0, 0.0, 0.0, 0.0, 0.0, 0.0]
  Prec: [0.0, 0.0, 0.0, 0.0, 0.0, 0.0, 0.0, 0.0, 0.0, 0.0]
  Rec:  [0.0, 0.0, 0.0, 0.0, 0.0, 0.0, 0.0, 0.0, 0.0, 0.0]
  F1:   [0.0, 0.0, 0.0, 0.0, 0.0, 0.0, 0.0, 0.0, 0.0, 0.0]
  AUC:  [0.0, 0.0, 0.0, 0.0, 0.0, 0.0, 0.0, 0.0, 0.0, 0.0]
Best TI-RADS F1: 0.0000 at epoch 5

Dataset: PKTN
Eval epochs: [5, 10, 15, 20, 25, 30, 35, 40, 45, 50]
Dice per eval: [0.7874, 0.7942, 0.7735, 0.7916, 0.8023, 0.8059, 0.7943, 0.8044, 0.8057, 0.8047]
HD95 per eval: [np.float64(16.7698), np.float64(15.4867), np.float64(15.8899), np.float64(15.1641), np.float64(13.6563), np.float64(13.4523), np.float64(14.6684), np.float64(13.5767), np.float64(13.3998), np.float64(13.6113)]
Best Dice: 0.8059 at epoch 30
Best HD95: 13.3998 at epoch 45

BM metrics per eval:
  Acc:  [0.0, 0.0, 0.0, 0.0, 0.0, 0.0, 0.0, 0.0, 0.0, 0.0]
  Prec: [0.0, 0.0, 0.0, 0.0, 0.0, 0.0, 0.0, 0.0, 0.0, 0.0]
  Rec:  [0.0, 0.0, 0.0, 0.0, 0.0, 0.0, 0.0, 0.0, 0.0, 0.0]
  F1:   [0.0, 0.0, 0.0, 0.0, 0.0, 0.0, 0.0, 0.0, 0.0, 0.0]
  AUROC:[0.0, 0.0, 0.0, 0.0, 0.0, 0.0, 0.0, 0.0, 0.0, 0.0]
  AUPRC:[0.0, 0.0, 0.0, 0.0, 0.0, 0.0, 0.0, 0.0, 0.0, 0.0]
Best BM F1: 0.0000 at epoch 5

TI-RADS metrics per eval:
  Acc:  [0.0, 0.0, 0.0, 0.0, 0.0, 0.0, 0.0, 0.0, 0.0, 0.0]
  Prec: [0.0, 0.0, 0.0, 0.0, 0.0, 0.0, 0.0, 0.0, 0.0, 0.0]
  Rec:  [0.0, 0.0, 0.0, 0.0, 0.0, 0.0, 0.0, 0.0, 0.0, 0.0]
  F1:   [0.0, 0.0, 0.0, 0.0, 0.0, 0.0, 0.0, 0.0, 0.0, 0.0]
  AUC:  [0.0, 0.0, 0.0, 0.0, 0.0, 0.0, 0.0, 0.0, 0.0, 0.0]
Best TI-RADS F1: 0.0000 at epoch 5

Dataset: TN5K
Eval epochs: [5, 10, 15, 20, 25, 30, 35, 40, 45, 50]
Dice per eval: [0.7641, 0.7758, 0.7623, 0.7648, 0.778, 0.7844, 0.7719, 0.7899, 0.7931, 0.7901]
HD95 per eval: [np.float64(16.9439), np.float64(15.0558), np.float64(15.724), np.float64(15.8046), np.float64(15.2403), np.float64(14.5471), np.float64(15.1193), np.float64(13.8019), np.float64(13.5974), np.float64(14.0472)]
Best Dice: 0.7931 at epoch 45
Best HD95: 13.5974 at epoch 45

BM metrics per eval:
  Acc:  [np.float64(0.803), np.float64(0.767), np.float64(0.753), np.float64(0.788), np.float64(0.785), np.float64(0.704), np.float64(0.785), np.float64(0.782), np.float64(0.781), np.float64(0.783)]
  Prec: [0.8803, 0.875, 0.8667, 0.9074, 0.8377, 0.9324, 0.8981, 0.8691, 0.8855, 0.8791]
  Rec:  [0.8454, 0.7948, 0.7825, 0.7907, 0.8755, 0.6416, 0.7962, 0.8263, 0.8044, 0.8153]
  F1:   [0.8625, 0.833, 0.8224, 0.845, 0.8562, 0.7601, 0.8441, 0.8471, 0.843, 0.846]
  AUROC:[0.8375, 0.8199, 0.8075, 0.8369, 0.8371, 0.8452, 0.8438, 0.8347, 0.8381, 0.8362]
  AUPRC:[0.9211, 0.9213, 0.9157, 0.9231, 0.9315, 0.9339, 0.9322, 0.927, 0.9278, 0.9268]
Best BM F1: 0.8625 at epoch 5

TI-RADS metrics per eval:
  Acc:  [0.0, 0.0, 0.0, 0.0, 0.0, 0.0, 0.0, 0.0, 0.0, 0.0]
  Prec: [0.0, 0.0, 0.0, 0.0, 0.0, 0.0, 0.0, 0.0, 0.0, 0.0]
  Rec:  [0.0, 0.0, 0.0, 0.0, 0.0, 0.0, 0.0, 0.0, 0.0, 0.0]
  F1:   [0.0, 0.0, 0.0, 0.0, 0.0, 0.0, 0.0, 0.0, 0.0, 0.0]
  AUC:  [0.0, 0.0, 0.0, 0.0, 0.0, 0.0, 0.0, 0.0, 0.0, 0.0]
Best TI-RADS F1: 0.0000 at epoch 5

==========================================================

========== Training Completed ==========
Training completed at Fri Dec 26 17:41:58 2025
