Training started at Wed Jan 14 12:29:51 2026
Method: dino_unet
Dataset: 
Epochs: 50
LR: 0.0001
Batch Size: 12
Image Size: 448 x 448
DINO pretrained: True
Use Dilation: False
Training set - Benign/Malignant: Benign=10415 (58.60%), Malignant=7359 (41.40%)
Auto-adjusted tau=0.50 (imbalance_ratio=1.42)
GLA parameters: p_benign=0.5860, p_malignant=0.4140, tau=0.50
Logit adjustment magnitude: 0.1737
Training set - TI-RADS distribution (1-5): [0, 0, 0, 0, 0]
TI-RADS probabilities: [0.20000000298023224, 0.20000000298023224, 0.20000000298023224, 0.20000000298023224, 0.20000000298023224]
Loss weights: seg=1.0, bm=1.0, tirads=1.0
GA-MTL schedule per optimizer step: ['seg', 'bm']
steps_per_epoch (optimizer steps): 740
Epoch:1: seg_loss(avg):0.5700, bm_loss(avg):0.5569, tirads_loss(avg):0.0000
Epoch:2: seg_loss(avg):0.4589, bm_loss(avg):0.3968, tirads_loss(avg):0.0000
Epoch:3: seg_loss(avg):0.4352, bm_loss(avg):0.3714, tirads_loss(avg):0.0000
Epoch:4: seg_loss(avg):0.4245, bm_loss(avg):0.3472, tirads_loss(avg):0.0000
Epoch:5: seg_loss(avg):0.4160, bm_loss(avg):0.3286, tirads_loss(avg):0.0000
Saved checkpoint at epoch 5

Validating epoch 5 on all test datasets...
Testing on TN3K...
  TN3K - Dice: 0.8310, HD95: 23.7954
  TN3K - BM: Acc=0.7488, Prec=0.6515, Rec=0.7455, F1=0.6949, AUROC=0.8262, AUPRC=0.7666
  TN3K - TI-RADS: Acc=0.0000, Prec=0.0000, Rec=0.0000, F1=0.0000, AUC=0.0000
Testing on DDTI...
  DDTI - Dice: 0.7749, HD95: 34.2061
  DDTI - BM: Acc=0.0000, Prec=0.0000, Rec=0.0000, F1=0.0000, AUROC=0.0000, AUPRC=0.0000
  DDTI - TI-RADS: Acc=0.0000, Prec=0.0000, Rec=0.0000, F1=0.0000, AUC=0.0000
Testing on ThyroidXL...
  ThyroidXL - Dice: 0.8687, HD95: 12.2070
  ThyroidXL - BM: Acc=0.8386, Prec=0.8763, Rec=0.7596, F1=0.8137, AUROC=0.9347, AUPRC=0.9170
  ThyroidXL - TI-RADS: Acc=0.0000, Prec=0.0000, Rec=0.0000, F1=0.0000, AUC=0.0000
Testing on PKTN...
  PKTN - Dice: 0.8113, HD95: 23.0157
  PKTN - BM: Acc=0.0000, Prec=0.0000, Rec=0.0000, F1=0.0000, AUROC=0.0000, AUPRC=0.0000
  PKTN - TI-RADS: Acc=0.0000, Prec=0.0000, Rec=0.0000, F1=0.0000, AUC=0.0000
Testing on TN5K...
  TN5K - Dice: 0.8296, HD95: 18.4300
  TN5K - BM: Acc=0.8838, Prec=0.8884, Rec=0.9618, F1=0.9236, AUROC=0.9502, AUPRC=0.9787
  TN5K - TI-RADS: Acc=0.0000, Prec=0.0000, Rec=0.0000, F1=0.0000, AUC=0.0000
Epoch:6: seg_loss(avg):0.4124, bm_loss(avg):0.3079, tirads_loss(avg):0.0000
Epoch:7: seg_loss(avg):0.4028, bm_loss(avg):0.2924, tirads_loss(avg):0.0000
Epoch:8: seg_loss(avg):0.4028, bm_loss(avg):0.2796, tirads_loss(avg):0.0000
Epoch:9: seg_loss(avg):0.3968, bm_loss(avg):0.2680, tirads_loss(avg):0.0000
Epoch:10: seg_loss(avg):0.3904, bm_loss(avg):0.2484, tirads_loss(avg):0.0000
Saved checkpoint at epoch 10

Validating epoch 10 on all test datasets...
Testing on TN3K...
  TN3K - Dice: 0.8512, HD95: 20.4927
  TN3K - BM: Acc=0.7540, Prec=0.6526, Rec=0.7704, F1=0.7062, AUROC=0.8436, AUPRC=0.7915
  TN3K - TI-RADS: Acc=0.0000, Prec=0.0000, Rec=0.0000, F1=0.0000, AUC=0.0000
Testing on DDTI...
  DDTI - Dice: 0.7772, HD95: 34.7030
  DDTI - BM: Acc=0.0000, Prec=0.0000, Rec=0.0000, F1=0.0000, AUROC=0.0000, AUPRC=0.0000
  DDTI - TI-RADS: Acc=0.0000, Prec=0.0000, Rec=0.0000, F1=0.0000, AUC=0.0000
Testing on ThyroidXL...
  ThyroidXL - Dice: 0.8746, HD95: 11.6785
  ThyroidXL - BM: Acc=0.8605, Prec=0.8638, Rec=0.8306, F1=0.8468, AUROC=0.9407, AUPRC=0.9263
  ThyroidXL - TI-RADS: Acc=0.0000, Prec=0.0000, Rec=0.0000, F1=0.0000, AUC=0.0000
Testing on PKTN...
  PKTN - Dice: 0.8194, HD95: 24.2501
  PKTN - BM: Acc=0.0000, Prec=0.0000, Rec=0.0000, F1=0.0000, AUROC=0.0000, AUPRC=0.0000
  PKTN - TI-RADS: Acc=0.0000, Prec=0.0000, Rec=0.0000, F1=0.0000, AUC=0.0000
Testing on TN5K...
  TN5K - Dice: 0.8457, HD95: 16.2997
  TN5K - BM: Acc=0.8950, Prec=0.9334, Rec=0.9221, F1=0.9277, AUROC=0.9562, AUPRC=0.9818
  TN5K - TI-RADS: Acc=0.0000, Prec=0.0000, Rec=0.0000, F1=0.0000, AUC=0.0000
Epoch:11: seg_loss(avg):0.3880, bm_loss(avg):0.2353, tirads_loss(avg):0.0000
Epoch:12: seg_loss(avg):0.3803, bm_loss(avg):0.2339, tirads_loss(avg):0.0000
Epoch:13: seg_loss(avg):0.3825, bm_loss(avg):0.2196, tirads_loss(avg):0.0000
Epoch:14: seg_loss(avg):0.3783, bm_loss(avg):0.2081, tirads_loss(avg):0.0000
Epoch:15: seg_loss(avg):0.3713, bm_loss(avg):0.1929, tirads_loss(avg):0.0000
Saved checkpoint at epoch 15

Validating epoch 15 on all test datasets...
Testing on TN3K...
  TN3K - Dice: 0.8452, HD95: 21.5028
  TN3K - BM: Acc=0.7722, Prec=0.6940, Rec=0.7289, F1=0.7106, AUROC=0.8357, AUPRC=0.7766
  TN3K - TI-RADS: Acc=0.0000, Prec=0.0000, Rec=0.0000, F1=0.0000, AUC=0.0000
Testing on DDTI...
  DDTI - Dice: 0.7479, HD95: 38.5593
  DDTI - BM: Acc=0.0000, Prec=0.0000, Rec=0.0000, F1=0.0000, AUROC=0.0000, AUPRC=0.0000
  DDTI - TI-RADS: Acc=0.0000, Prec=0.0000, Rec=0.0000, F1=0.0000, AUC=0.0000
Testing on ThyroidXL...
  ThyroidXL - Dice: 0.8786, HD95: 11.0705
  ThyroidXL - BM: Acc=0.8479, Prec=0.8766, Rec=0.7827, F1=0.8269, AUROC=0.9352, AUPRC=0.9186
  ThyroidXL - TI-RADS: Acc=0.0000, Prec=0.0000, Rec=0.0000, F1=0.0000, AUC=0.0000
Testing on PKTN...
  PKTN - Dice: 0.8051, HD95: 25.5729
  PKTN - BM: Acc=0.0000, Prec=0.0000, Rec=0.0000, F1=0.0000, AUROC=0.0000, AUPRC=0.0000
  PKTN - TI-RADS: Acc=0.0000, Prec=0.0000, Rec=0.0000, F1=0.0000, AUC=0.0000
Testing on TN5K...
  TN5K - Dice: 0.8403, HD95: 17.2605
  TN5K - BM: Acc=0.8871, Prec=0.9377, Rec=0.9057, F1=0.9214, AUROC=0.9518, AUPRC=0.9815
  TN5K - TI-RADS: Acc=0.0000, Prec=0.0000, Rec=0.0000, F1=0.0000, AUC=0.0000
Epoch:16: seg_loss(avg):0.3703, bm_loss(avg):0.1782, tirads_loss(avg):0.0000
Epoch:17: seg_loss(avg):0.3672, bm_loss(avg):0.1674, tirads_loss(avg):0.0000
Epoch:18: seg_loss(avg):0.3615, bm_loss(avg):0.1541, tirads_loss(avg):0.0000
Epoch:19: seg_loss(avg):0.3602, bm_loss(avg):0.1500, tirads_loss(avg):0.0000
Epoch:20: seg_loss(avg):0.3605, bm_loss(avg):0.1446, tirads_loss(avg):0.0000
Saved checkpoint at epoch 20

Validating epoch 20 on all test datasets...
Testing on TN3K...
  TN3K - Dice: 0.8522, HD95: 24.2115
  TN3K - BM: Acc=0.6903, Prec=0.5636, Rec=0.8636, F1=0.6816, AUROC=0.8294, AUPRC=0.7708
  TN3K - TI-RADS: Acc=0.0000, Prec=0.0000, Rec=0.0000, F1=0.0000, AUC=0.0000
Testing on DDTI...
  DDTI - Dice: 0.7639, HD95: 35.4938
  DDTI - BM: Acc=0.0000, Prec=0.0000, Rec=0.0000, F1=0.0000, AUROC=0.0000, AUPRC=0.0000
  DDTI - TI-RADS: Acc=0.0000, Prec=0.0000, Rec=0.0000, F1=0.0000, AUC=0.0000
Testing on ThyroidXL...
  ThyroidXL - Dice: 0.8824, HD95: 10.3122
  ThyroidXL - BM: Acc=0.8658, Prec=0.8478, Rec=0.8665, F1=0.8570, AUROC=0.9385, AUPRC=0.9250
  ThyroidXL - TI-RADS: Acc=0.0000, Prec=0.0000, Rec=0.0000, F1=0.0000, AUC=0.0000
Testing on PKTN...
  PKTN - Dice: 0.8178, HD95: 23.9276
  PKTN - BM: Acc=0.0000, Prec=0.0000, Rec=0.0000, F1=0.0000, AUROC=0.0000, AUPRC=0.0000
  PKTN - TI-RADS: Acc=0.0000, Prec=0.0000, Rec=0.0000, F1=0.0000, AUC=0.0000
Testing on TN5K...
  TN5K - Dice: 0.8422, HD95: 16.7379
  TN5K - BM: Acc=0.9089, Prec=0.9175, Rec=0.9618, F1=0.9391, AUROC=0.9568, AUPRC=0.9807
  TN5K - TI-RADS: Acc=0.0000, Prec=0.0000, Rec=0.0000, F1=0.0000, AUC=0.0000
Epoch:21: seg_loss(avg):0.3559, bm_loss(avg):0.1230, tirads_loss(avg):0.0000
Epoch:22: seg_loss(avg):0.3561, bm_loss(avg):0.1132, tirads_loss(avg):0.0000
Epoch:23: seg_loss(avg):0.3521, bm_loss(avg):0.1154, tirads_loss(avg):0.0000
Epoch:24: seg_loss(avg):0.3503, bm_loss(avg):0.1023, tirads_loss(avg):0.0000
Epoch:25: seg_loss(avg):0.3458, bm_loss(avg):0.0915, tirads_loss(avg):0.0000
Saved checkpoint at epoch 25

Validating epoch 25 on all test datasets...
Testing on TN3K...
  TN3K - Dice: 0.8538, HD95: 21.9752
  TN3K - BM: Acc=0.7637, Prec=0.6681, Rec=0.7664, F1=0.7134, AUROC=0.8477, AUPRC=0.7951
  TN3K - TI-RADS: Acc=0.0000, Prec=0.0000, Rec=0.0000, F1=0.0000, AUC=0.0000
Testing on DDTI...
  DDTI - Dice: 0.7683, HD95: 33.0639
  DDTI - BM: Acc=0.0000, Prec=0.0000, Rec=0.0000, F1=0.0000, AUROC=0.0000, AUPRC=0.0000
  DDTI - TI-RADS: Acc=0.0000, Prec=0.0000, Rec=0.0000, F1=0.0000, AUC=0.0000
Testing on ThyroidXL...
  ThyroidXL - Dice: 0.8801, HD95: 10.7112
  ThyroidXL - BM: Acc=0.8525, Prec=0.8921, Rec=0.7762, F1=0.8301, AUROC=0.9390, AUPRC=0.9260
  ThyroidXL - TI-RADS: Acc=0.0000, Prec=0.0000, Rec=0.0000, F1=0.0000, AUC=0.0000
Testing on PKTN...
  PKTN - Dice: 0.8252, HD95: 21.8790
  PKTN - BM: Acc=0.0000, Prec=0.0000, Rec=0.0000, F1=0.0000, AUROC=0.0000, AUPRC=0.0000
  PKTN - TI-RADS: Acc=0.0000, Prec=0.0000, Rec=0.0000, F1=0.0000, AUC=0.0000
Testing on TN5K...
  TN5K - Dice: 0.8457, HD95: 15.6696
  TN5K - BM: Acc=0.9119, Prec=0.9458, Rec=0.9330, F1=0.9393, AUROC=0.9567, AUPRC=0.9791
  TN5K - TI-RADS: Acc=0.0000, Prec=0.0000, Rec=0.0000, F1=0.0000, AUC=0.0000
Epoch:26: seg_loss(avg):0.3419, bm_loss(avg):0.0798, tirads_loss(avg):0.0000
Epoch:27: seg_loss(avg):0.3410, bm_loss(avg):0.0745, tirads_loss(avg):0.0000
Epoch:28: seg_loss(avg):0.3371, bm_loss(avg):0.0720, tirads_loss(avg):0.0000
Epoch:29: seg_loss(avg):0.3332, bm_loss(avg):0.0652, tirads_loss(avg):0.0000
Epoch:30: seg_loss(avg):0.3305, bm_loss(avg):0.0559, tirads_loss(avg):0.0000
Saved checkpoint at epoch 30

Validating epoch 30 on all test datasets...
Testing on TN3K...
  TN3K - Dice: 0.8537, HD95: 20.4865
  TN3K - BM: Acc=0.7603, Prec=0.6691, Rec=0.7453, F1=0.7047, AUROC=0.8292, AUPRC=0.7680
  TN3K - TI-RADS: Acc=0.0000, Prec=0.0000, Rec=0.0000, F1=0.0000, AUC=0.0000
Testing on DDTI...
  DDTI - Dice: 0.7747, HD95: 33.1696
  DDTI - BM: Acc=0.0000, Prec=0.0000, Rec=0.0000, F1=0.0000, AUROC=0.0000, AUPRC=0.0000
  DDTI - TI-RADS: Acc=0.0000, Prec=0.0000, Rec=0.0000, F1=0.0000, AUC=0.0000
Testing on ThyroidXL...
  ThyroidXL - Dice: 0.8797, HD95: 10.5551
  ThyroidXL - BM: Acc=0.8419, Prec=0.8827, Rec=0.7606, F1=0.8171, AUROC=0.9320, AUPRC=0.9154
  ThyroidXL - TI-RADS: Acc=0.0000, Prec=0.0000, Rec=0.0000, F1=0.0000, AUC=0.0000
Testing on PKTN...
  PKTN - Dice: 0.8202, HD95: 22.5778
  PKTN - BM: Acc=0.0000, Prec=0.0000, Rec=0.0000, F1=0.0000, AUROC=0.0000, AUPRC=0.0000
  PKTN - TI-RADS: Acc=0.0000, Prec=0.0000, Rec=0.0000, F1=0.0000, AUC=0.0000
Testing on TN5K...
  TN5K - Dice: 0.8494, HD95: 15.2225
  TN5K - BM: Acc=0.8939, Prec=0.9296, Rec=0.9248, F1=0.9272, AUROC=0.9503, AUPRC=0.9778
  TN5K - TI-RADS: Acc=0.0000, Prec=0.0000, Rec=0.0000, F1=0.0000, AUC=0.0000
Epoch:31: seg_loss(avg):0.3256, bm_loss(avg):0.0493, tirads_loss(avg):0.0000
Epoch:32: seg_loss(avg):0.3267, bm_loss(avg):0.0436, tirads_loss(avg):0.0000
Epoch:33: seg_loss(avg):0.3225, bm_loss(avg):0.0445, tirads_loss(avg):0.0000
Epoch:34: seg_loss(avg):0.3187, bm_loss(avg):0.0393, tirads_loss(avg):0.0000
Epoch:35: seg_loss(avg):0.3176, bm_loss(avg):0.0367, tirads_loss(avg):0.0000
Saved checkpoint at epoch 35

Validating epoch 35 on all test datasets...
Testing on TN3K...
  TN3K - Dice: 0.8569, HD95: 21.3177
  TN3K - BM: Acc=0.7376, Prec=0.6239, Rec=0.7999, F1=0.7006, AUROC=0.8198, AUPRC=0.7419
  TN3K - TI-RADS: Acc=0.0000, Prec=0.0000, Rec=0.0000, F1=0.0000, AUC=0.0000
Testing on DDTI...
  DDTI - Dice: 0.7575, HD95: 34.5288
  DDTI - BM: Acc=0.0000, Prec=0.0000, Rec=0.0000, F1=0.0000, AUROC=0.0000, AUPRC=0.0000
  DDTI - TI-RADS: Acc=0.0000, Prec=0.0000, Rec=0.0000, F1=0.0000, AUC=0.0000
Testing on ThyroidXL...
  ThyroidXL - Dice: 0.8825, HD95: 10.1835
  ThyroidXL - BM: Acc=0.8480, Prec=0.8906, Rec=0.7670, F1=0.8241, AUROC=0.9317, AUPRC=0.9170
  ThyroidXL - TI-RADS: Acc=0.0000, Prec=0.0000, Rec=0.0000, F1=0.0000, AUC=0.0000
Testing on PKTN...
  PKTN - Dice: 0.8235, HD95: 21.6193
  PKTN - BM: Acc=0.0000, Prec=0.0000, Rec=0.0000, F1=0.0000, AUROC=0.0000, AUPRC=0.0000
  PKTN - TI-RADS: Acc=0.0000, Prec=0.0000, Rec=0.0000, F1=0.0000, AUC=0.0000
Testing on TN5K...
  TN5K - Dice: 0.8501, HD95: 14.9576
  TN5K - BM: Acc=0.8901, Prec=0.9480, Rec=0.8989, F1=0.9228, AUROC=0.9526, AUPRC=0.9778
  TN5K - TI-RADS: Acc=0.0000, Prec=0.0000, Rec=0.0000, F1=0.0000, AUC=0.0000
Epoch:36: seg_loss(avg):0.3136, bm_loss(avg):0.0303, tirads_loss(avg):0.0000
Epoch:37: seg_loss(avg):0.3145, bm_loss(avg):0.0249, tirads_loss(avg):0.0000
Epoch:38: seg_loss(avg):0.3087, bm_loss(avg):0.0220, tirads_loss(avg):0.0000
Epoch:39: seg_loss(avg):0.3066, bm_loss(avg):0.0216, tirads_loss(avg):0.0000
Epoch:40: seg_loss(avg):0.3059, bm_loss(avg):0.0194, tirads_loss(avg):0.0000
Saved checkpoint at epoch 40

Validating epoch 40 on all test datasets...
Testing on TN3K...
  TN3K - Dice: 0.8533, HD95: 21.8675
  TN3K - BM: Acc=0.7471, Prec=0.6362, Rec=0.7999, F1=0.7083, AUROC=0.8220, AUPRC=0.7426
  TN3K - TI-RADS: Acc=0.0000, Prec=0.0000, Rec=0.0000, F1=0.0000, AUC=0.0000
Testing on DDTI...
  DDTI - Dice: 0.7678, HD95: 33.0467
  DDTI - BM: Acc=0.0000, Prec=0.0000, Rec=0.0000, F1=0.0000, AUROC=0.0000, AUPRC=0.0000
  DDTI - TI-RADS: Acc=0.0000, Prec=0.0000, Rec=0.0000, F1=0.0000, AUC=0.0000
Testing on ThyroidXL...
  ThyroidXL - Dice: 0.8823, HD95: 10.1333
  ThyroidXL - BM: Acc=0.8451, Prec=0.8881, Rec=0.7624, F1=0.8204, AUROC=0.9313, AUPRC=0.9199
  ThyroidXL - TI-RADS: Acc=0.0000, Prec=0.0000, Rec=0.0000, F1=0.0000, AUC=0.0000
Testing on PKTN...
  PKTN - Dice: 0.8262, HD95: 21.1602
  PKTN - BM: Acc=0.0000, Prec=0.0000, Rec=0.0000, F1=0.0000, AUROC=0.0000, AUPRC=0.0000
  PKTN - TI-RADS: Acc=0.0000, Prec=0.0000, Rec=0.0000, F1=0.0000, AUC=0.0000
Testing on TN5K...
  TN5K - Dice: 0.8506, HD95: 15.1235
  TN5K - BM: Acc=0.9009, Prec=0.9387, Rec=0.9248, F1=0.9316, AUROC=0.9492, AUPRC=0.9746
  TN5K - TI-RADS: Acc=0.0000, Prec=0.0000, Rec=0.0000, F1=0.0000, AUC=0.0000
Epoch:41: seg_loss(avg):0.3047, bm_loss(avg):0.0187, tirads_loss(avg):0.0000
Epoch:42: seg_loss(avg):0.3019, bm_loss(avg):0.0150, tirads_loss(avg):0.0000
Epoch:43: seg_loss(avg):0.2994, bm_loss(avg):0.0144, tirads_loss(avg):0.0000
Epoch:44: seg_loss(avg):0.2978, bm_loss(avg):0.0171, tirads_loss(avg):0.0000
Epoch:45: seg_loss(avg):0.2974, bm_loss(avg):0.0135, tirads_loss(avg):0.0000
Saved checkpoint at epoch 45

Validating epoch 45 on all test datasets...
Testing on TN3K...
  TN3K - Dice: 0.8541, HD95: 21.4226
  TN3K - BM: Acc=0.7733, Prec=0.6714, Rec=0.8039, F1=0.7313, AUROC=0.8286, AUPRC=0.7623
  TN3K - TI-RADS: Acc=0.0000, Prec=0.0000, Rec=0.0000, F1=0.0000, AUC=0.0000
Testing on DDTI...
  DDTI - Dice: 0.7775, HD95: 31.8497
  DDTI - BM: Acc=0.0000, Prec=0.0000, Rec=0.0000, F1=0.0000, AUROC=0.0000, AUPRC=0.0000
  DDTI - TI-RADS: Acc=0.0000, Prec=0.0000, Rec=0.0000, F1=0.0000, AUC=0.0000
Testing on ThyroidXL...
  ThyroidXL - Dice: 0.8839, HD95: 9.8481
  ThyroidXL - BM: Acc=0.8495, Prec=0.8978, Rec=0.7628, F1=0.8247, AUROC=0.9293, AUPRC=0.9175
  ThyroidXL - TI-RADS: Acc=0.0000, Prec=0.0000, Rec=0.0000, F1=0.0000, AUC=0.0000
Testing on PKTN...
  PKTN - Dice: 0.8274, HD95: 20.4273
  PKTN - BM: Acc=0.0000, Prec=0.0000, Rec=0.0000, F1=0.0000, AUROC=0.0000, AUPRC=0.0000
  PKTN - TI-RADS: Acc=0.0000, Prec=0.0000, Rec=0.0000, F1=0.0000, AUC=0.0000
Testing on TN5K...
  TN5K - Dice: 0.8517, HD95: 15.2035
  TN5K - BM: Acc=0.8969, Prec=0.9460, Rec=0.9111, F1=0.9281, AUROC=0.9514, AUPRC=0.9756
  TN5K - TI-RADS: Acc=0.0000, Prec=0.0000, Rec=0.0000, F1=0.0000, AUC=0.0000
Epoch:46: seg_loss(avg):0.2970, bm_loss(avg):0.0115, tirads_loss(avg):0.0000
Epoch:47: seg_loss(avg):0.2954, bm_loss(avg):0.0134, tirads_loss(avg):0.0000
Epoch:48: seg_loss(avg):0.2949, bm_loss(avg):0.0080, tirads_loss(avg):0.0000
Epoch:49: seg_loss(avg):0.2956, bm_loss(avg):0.0082, tirads_loss(avg):0.0000
Epoch:50: seg_loss(avg):0.2974, bm_loss(avg):0.0111, tirads_loss(avg):0.0000
Saved checkpoint at epoch 50

Validating epoch 50 on all test datasets...
Testing on TN3K...
  TN3K - Dice: 0.8524, HD95: 21.7879
  TN3K - BM: Acc=0.7651, Prec=0.6596, Rec=0.8039, F1=0.7243, AUROC=0.8265, AUPRC=0.7556
  TN3K - TI-RADS: Acc=0.0000, Prec=0.0000, Rec=0.0000, F1=0.0000, AUC=0.0000
Testing on DDTI...
  DDTI - Dice: 0.7761, HD95: 32.1434
  DDTI - BM: Acc=0.0000, Prec=0.0000, Rec=0.0000, F1=0.0000, AUROC=0.0000, AUPRC=0.0000
  DDTI - TI-RADS: Acc=0.0000, Prec=0.0000, Rec=0.0000, F1=0.0000, AUC=0.0000
Testing on ThyroidXL...
  ThyroidXL - Dice: 0.8842, HD95: 9.8384
  ThyroidXL - BM: Acc=0.8505, Prec=0.8886, Rec=0.7752, F1=0.8280, AUROC=0.9286, AUPRC=0.9162
  ThyroidXL - TI-RADS: Acc=0.0000, Prec=0.0000, Rec=0.0000, F1=0.0000, AUC=0.0000
Testing on PKTN...
  PKTN - Dice: 0.8274, HD95: 20.7679
  PKTN - BM: Acc=0.0000, Prec=0.0000, Rec=0.0000, F1=0.0000, AUROC=0.0000, AUPRC=0.0000
  PKTN - TI-RADS: Acc=0.0000, Prec=0.0000, Rec=0.0000, F1=0.0000, AUC=0.0000
Testing on TN5K...
  TN5K - Dice: 0.8511, HD95: 15.1421
  TN5K - BM: Acc=0.8969, Prec=0.9485, Rec=0.9084, F1=0.9280, AUROC=0.9509, AUPRC=0.9753
  TN5K - TI-RADS: Acc=0.0000, Prec=0.0000, Rec=0.0000, F1=0.0000, AUC=0.0000

========== Evaluation Summary (All Test Records) ==========

Dataset: TN3K
Eval epochs: [5, 10, 15, 20, 25, 30, 35, 40, 45, 50]
Dice per eval: [0.8309999704360962, 0.8511999845504761, 0.8452000021934509, 0.8521999716758728, 0.8537999987602234, 0.8536999821662903, 0.8568999767303467, 0.8532999753952026, 0.8540999889373779, 0.852400004863739]
HD95 per eval: [23.795400619506836, 20.492700576782227, 21.50279998779297, 24.21150016784668, 21.975200653076172, 20.486499786376953, 21.317699432373047, 21.86750030517578, 21.42259979248047, 21.787900924682617]
Best Dice: 0.8569 at epoch 35
Best HD95: 20.4865 at epoch 30

BM metrics per eval:
  Acc:  [0.7488, 0.754, 0.7722, 0.6903, 0.7637, 0.7603, 0.7376, 0.7471, 0.7733, 0.7651]
  Prec: [0.6515, 0.6526, 0.694, 0.5636, 0.6681, 0.6691, 0.6239, 0.6362, 0.6714, 0.6596]
  Rec:  [0.7455, 0.7704, 0.7289, 0.8636, 0.7664, 0.7453, 0.7999, 0.7999, 0.8039, 0.8039]
  F1:   [0.6949, 0.7062, 0.7106, 0.6816, 0.7134, 0.7047, 0.7006, 0.7083, 0.7313, 0.7243]
  AUROC:[0.8262, 0.8436, 0.8357, 0.8294, 0.8477, 0.8292, 0.8198, 0.822, 0.8286, 0.8265]
  AUPRC:[0.7666, 0.7915, 0.7766, 0.7708, 0.7951, 0.768, 0.7419, 0.7426, 0.7623, 0.7556]
Best BM F1: 0.7313 at epoch 45

TI-RADS metrics per eval:
  Acc:  [0.0, 0.0, 0.0, 0.0, 0.0, 0.0, 0.0, 0.0, 0.0, 0.0]
  Prec: [0.0, 0.0, 0.0, 0.0, 0.0, 0.0, 0.0, 0.0, 0.0, 0.0]
  Rec:  [0.0, 0.0, 0.0, 0.0, 0.0, 0.0, 0.0, 0.0, 0.0, 0.0]
  F1:   [0.0, 0.0, 0.0, 0.0, 0.0, 0.0, 0.0, 0.0, 0.0, 0.0]
  AUC:  [0.0, 0.0, 0.0, 0.0, 0.0, 0.0, 0.0, 0.0, 0.0, 0.0]
Best TI-RADS F1: 0.0000 at epoch 5

Dataset: DDTI
Eval epochs: [5, 10, 15, 20, 25, 30, 35, 40, 45, 50]
Dice per eval: [0.7749000191688538, 0.7771999835968018, 0.7479000091552734, 0.7638999819755554, 0.7682999968528748, 0.7746999859809875, 0.7574999928474426, 0.767799973487854, 0.7774999737739563, 0.7760999798774719]
HD95 per eval: [34.20610046386719, 34.702999114990234, 38.55929946899414, 35.49380111694336, 33.063899993896484, 33.16960144042969, 34.52880096435547, 33.04669952392578, 31.849700927734375, 32.14339828491211]
Best Dice: 0.7775 at epoch 45
Best HD95: 31.8497 at epoch 45

BM metrics per eval:
  Acc:  [0.0, 0.0, 0.0, 0.0, 0.0, 0.0, 0.0, 0.0, 0.0, 0.0]
  Prec: [0.0, 0.0, 0.0, 0.0, 0.0, 0.0, 0.0, 0.0, 0.0, 0.0]
  Rec:  [0.0, 0.0, 0.0, 0.0, 0.0, 0.0, 0.0, 0.0, 0.0, 0.0]
  F1:   [0.0, 0.0, 0.0, 0.0, 0.0, 0.0, 0.0, 0.0, 0.0, 0.0]
  AUROC:[0.0, 0.0, 0.0, 0.0, 0.0, 0.0, 0.0, 0.0, 0.0, 0.0]
  AUPRC:[0.0, 0.0, 0.0, 0.0, 0.0, 0.0, 0.0, 0.0, 0.0, 0.0]
Best BM F1: 0.0000 at epoch 5

TI-RADS metrics per eval:
  Acc:  [0.0, 0.0, 0.0, 0.0, 0.0, 0.0, 0.0, 0.0, 0.0, 0.0]
  Prec: [0.0, 0.0, 0.0, 0.0, 0.0, 0.0, 0.0, 0.0, 0.0, 0.0]
  Rec:  [0.0, 0.0, 0.0, 0.0, 0.0, 0.0, 0.0, 0.0, 0.0, 0.0]
  F1:   [0.0, 0.0, 0.0, 0.0, 0.0, 0.0, 0.0, 0.0, 0.0, 0.0]
  AUC:  [0.0, 0.0, 0.0, 0.0, 0.0, 0.0, 0.0, 0.0, 0.0, 0.0]
Best TI-RADS F1: 0.0000 at epoch 5

Dataset: ThyroidXL
Eval epochs: [5, 10, 15, 20, 25, 30, 35, 40, 45, 50]
Dice per eval: [0.8687000274658203, 0.8745999932289124, 0.878600001335144, 0.8823999762535095, 0.8801000118255615, 0.8797000050544739, 0.8824999928474426, 0.8823000192642212, 0.883899986743927, 0.8841999769210815]
HD95 per eval: [12.206999778747559, 11.678500175476074, 11.070500373840332, 10.312199592590332, 10.711199760437012, 10.555100440979004, 10.183500289916992, 10.133299827575684, 9.848099708557129, 9.838399887084961]
Best Dice: 0.8842 at epoch 50
Best HD95: 9.8384 at epoch 50

BM metrics per eval:
  Acc:  [0.8386, 0.8605, 0.8479, 0.8658, 0.8525, 0.8419, 0.848, 0.8451, 0.8495, 0.8505]
  Prec: [0.8763, 0.8638, 0.8766, 0.8478, 0.8921, 0.8827, 0.8906, 0.8881, 0.8978, 0.8886]
  Rec:  [0.7596, 0.8306, 0.7827, 0.8665, 0.7762, 0.7606, 0.767, 0.7624, 0.7628, 0.7752]
  F1:   [0.8137, 0.8468, 0.8269, 0.857, 0.8301, 0.8171, 0.8241, 0.8204, 0.8247, 0.828]
  AUROC:[0.9347, 0.9407, 0.9352, 0.9385, 0.939, 0.932, 0.9317, 0.9313, 0.9293, 0.9286]
  AUPRC:[0.917, 0.9263, 0.9186, 0.925, 0.926, 0.9154, 0.917, 0.9199, 0.9175, 0.9162]
Best BM F1: 0.8570 at epoch 20

TI-RADS metrics per eval:
  Acc:  [0.0, 0.0, 0.0, 0.0, 0.0, 0.0, 0.0, 0.0, 0.0, 0.0]
  Prec: [0.0, 0.0, 0.0, 0.0, 0.0, 0.0, 0.0, 0.0, 0.0, 0.0]
  Rec:  [0.0, 0.0, 0.0, 0.0, 0.0, 0.0, 0.0, 0.0, 0.0, 0.0]
  F1:   [0.0, 0.0, 0.0, 0.0, 0.0, 0.0, 0.0, 0.0, 0.0, 0.0]
  AUC:  [0.0, 0.0, 0.0, 0.0, 0.0, 0.0, 0.0, 0.0, 0.0, 0.0]
Best TI-RADS F1: 0.0000 at epoch 5

Dataset: PKTN
Eval epochs: [5, 10, 15, 20, 25, 30, 35, 40, 45, 50]
Dice per eval: [0.8112999796867371, 0.8194000124931335, 0.8051000237464905, 0.817799985408783, 0.8252000212669373, 0.8202000260353088, 0.8234999775886536, 0.826200008392334, 0.8274000287055969, 0.8274000287055969]
HD95 per eval: [23.01569938659668, 24.250099182128906, 25.572900772094727, 23.927600860595703, 21.878999710083008, 22.577800750732422, 21.619300842285156, 21.160200119018555, 20.42729949951172, 20.767900466918945]
Best Dice: 0.8274 at epoch 45
Best HD95: 20.4273 at epoch 45

BM metrics per eval:
  Acc:  [0.0, 0.0, 0.0, 0.0, 0.0, 0.0, 0.0, 0.0, 0.0, 0.0]
  Prec: [0.0, 0.0, 0.0, 0.0, 0.0, 0.0, 0.0, 0.0, 0.0, 0.0]
  Rec:  [0.0, 0.0, 0.0, 0.0, 0.0, 0.0, 0.0, 0.0, 0.0, 0.0]
  F1:   [0.0, 0.0, 0.0, 0.0, 0.0, 0.0, 0.0, 0.0, 0.0, 0.0]
  AUROC:[0.0, 0.0, 0.0, 0.0, 0.0, 0.0, 0.0, 0.0, 0.0, 0.0]
  AUPRC:[0.0, 0.0, 0.0, 0.0, 0.0, 0.0, 0.0, 0.0, 0.0, 0.0]
Best BM F1: 0.0000 at epoch 5

TI-RADS metrics per eval:
  Acc:  [0.0, 0.0, 0.0, 0.0, 0.0, 0.0, 0.0, 0.0, 0.0, 0.0]
  Prec: [0.0, 0.0, 0.0, 0.0, 0.0, 0.0, 0.0, 0.0, 0.0, 0.0]
  Rec:  [0.0, 0.0, 0.0, 0.0, 0.0, 0.0, 0.0, 0.0, 0.0, 0.0]
  F1:   [0.0, 0.0, 0.0, 0.0, 0.0, 0.0, 0.0, 0.0, 0.0, 0.0]
  AUC:  [0.0, 0.0, 0.0, 0.0, 0.0, 0.0, 0.0, 0.0, 0.0, 0.0]
Best TI-RADS F1: 0.0000 at epoch 5

Dataset: TN5K
Eval epochs: [5, 10, 15, 20, 25, 30, 35, 40, 45, 50]
Dice per eval: [0.8295999765396118, 0.8457000255584717, 0.8403000235557556, 0.842199981212616, 0.8457000255584717, 0.849399983882904, 0.8500999808311462, 0.850600004196167, 0.8517000079154968, 0.8511000275611877]
HD95 per eval: [18.43000030517578, 16.299699783325195, 17.260499954223633, 16.737899780273438, 15.669599533081055, 15.22249984741211, 14.957599639892578, 15.123499870300293, 15.203499794006348, 15.14210033416748]
Best Dice: 0.8517 at epoch 45
Best HD95: 14.9576 at epoch 35

BM metrics per eval:
  Acc:  [0.8838, 0.895, 0.8871, 0.9089, 0.9119, 0.8939, 0.8901, 0.9009, 0.8969, 0.8969]
  Prec: [0.8884, 0.9334, 0.9377, 0.9175, 0.9458, 0.9296, 0.948, 0.9387, 0.946, 0.9485]
  Rec:  [0.9618, 0.9221, 0.9057, 0.9618, 0.933, 0.9248, 0.8989, 0.9248, 0.9111, 0.9084]
  F1:   [0.9236, 0.9277, 0.9214, 0.9391, 0.9393, 0.9272, 0.9228, 0.9316, 0.9281, 0.928]
  AUROC:[0.9502, 0.9562, 0.9518, 0.9568, 0.9567, 0.9503, 0.9526, 0.9492, 0.9514, 0.9509]
  AUPRC:[0.9787, 0.9818, 0.9815, 0.9807, 0.9791, 0.9778, 0.9778, 0.9746, 0.9756, 0.9753]
Best BM F1: 0.9393 at epoch 25

TI-RADS metrics per eval:
  Acc:  [0.0, 0.0, 0.0, 0.0, 0.0, 0.0, 0.0, 0.0, 0.0, 0.0]
  Prec: [0.0, 0.0, 0.0, 0.0, 0.0, 0.0, 0.0, 0.0, 0.0, 0.0]
  Rec:  [0.0, 0.0, 0.0, 0.0, 0.0, 0.0, 0.0, 0.0, 0.0, 0.0]
  F1:   [0.0, 0.0, 0.0, 0.0, 0.0, 0.0, 0.0, 0.0, 0.0, 0.0]
  AUC:  [0.0, 0.0, 0.0, 0.0, 0.0, 0.0, 0.0, 0.0, 0.0, 0.0]
Best TI-RADS F1: 0.0000 at epoch 5

==========================================================

========== Training Completed ==========
Training completed at Wed Jan 14 18:56:35 2026
