Training started at Thu Dec 25 23:10:13 2025
Method: dino_unet
Dataset: nopretrained_train_multitask_dataset3
Epochs: 50
LR: 0.0001
Batch Size: 12
Image Size: 224 x 224
DINO pretrained: False
Training set - Benign/Malignant: Benign=10415 (58.60%), Malignant=7359 (41.40%)
Auto-adjusted tau=0.50 (imbalance_ratio=1.42)
GLA parameters: p_benign=0.5860, p_malignant=0.4140, tau=0.50
Logit adjustment magnitude: 0.1737
Training set - TI-RADS distribution (1-5): [0, 0, 0, 0, 0]
TI-RADS probabilities: [0.20000000298023224, 0.20000000298023224, 0.20000000298023224, 0.20000000298023224, 0.20000000298023224]
Loss weights: seg=1.0, bm=1.0, tirads=1.0
GA-MTL schedule per optimizer step: ['seg', 'bm']
steps_per_epoch (optimizer steps): 740
Epoch:1: seg_loss(avg):1.0263, bm_loss(avg):0.6811, tirads_loss(avg):0.0000
Epoch:2: seg_loss(avg):0.8329, bm_loss(avg):0.6361, tirads_loss(avg):0.0000
Epoch:3: seg_loss(avg):0.7777, bm_loss(avg):0.6161, tirads_loss(avg):0.0000
Epoch:4: seg_loss(avg):0.7332, bm_loss(avg):0.6074, tirads_loss(avg):0.0000
Epoch:5: seg_loss(avg):0.7042, bm_loss(avg):0.5924, tirads_loss(avg):0.0000
Saved checkpoint at epoch 5

Validating epoch 5 on all test datasets...
Testing on TN3K...
  TN3K - Dice: 0.7224, HD95: 27.9116
  TN3K - BM: Acc=0.5700, Prec=0.4677, Rec=0.8602, F1=0.6060, AUROC=0.6810, AUPRC=0.5471
  TN3K - TI-RADS: Acc=0.0000, Prec=0.0000, Rec=0.0000, F1=0.0000, AUC=0.0000
Testing on DDTI...
  DDTI - Dice: 0.6398, HD95: 28.9690
  DDTI - BM: Acc=0.0000, Prec=0.0000, Rec=0.0000, F1=0.0000, AUROC=0.0000, AUPRC=0.0000
  DDTI - TI-RADS: Acc=0.0000, Prec=0.0000, Rec=0.0000, F1=0.0000, AUC=0.0000
Testing on ThyroidXL...
  ThyroidXL - Dice: 0.7620, HD95: 16.2940
  ThyroidXL - BM: Acc=0.6584, Prec=0.7336, Rec=0.4144, F1=0.5296, AUROC=0.7539, AUPRC=0.7045
  ThyroidXL - TI-RADS: Acc=0.0000, Prec=0.0000, Rec=0.0000, F1=0.0000, AUC=0.0000
Testing on PKTN...
  PKTN - Dice: 0.6465, HD95: 31.5149
  PKTN - BM: Acc=0.0000, Prec=0.0000, Rec=0.0000, F1=0.0000, AUROC=0.0000, AUPRC=0.0000
  PKTN - TI-RADS: Acc=0.0000, Prec=0.0000, Rec=0.0000, F1=0.0000, AUC=0.0000
Testing on TN5K...
  TN5K - Dice: 0.6123, HD95: 30.9487
  TN5K - BM: Acc=0.7260, Prec=0.7444, Rec=0.9521, F1=0.8355, AUROC=0.6102, AUPRC=0.7922
  TN5K - TI-RADS: Acc=0.0000, Prec=0.0000, Rec=0.0000, F1=0.0000, AUC=0.0000
Epoch:6: seg_loss(avg):0.6728, bm_loss(avg):0.5839, tirads_loss(avg):0.0000
Epoch:7: seg_loss(avg):0.6621, bm_loss(avg):0.5662, tirads_loss(avg):0.0000
Epoch:8: seg_loss(avg):0.6358, bm_loss(avg):0.5619, tirads_loss(avg):0.0000
Epoch:9: seg_loss(avg):0.6235, bm_loss(avg):0.5430, tirads_loss(avg):0.0000
Epoch:10: seg_loss(avg):0.6076, bm_loss(avg):0.5372, tirads_loss(avg):0.0000
Saved checkpoint at epoch 10

Validating epoch 10 on all test datasets...
Testing on TN3K...
  TN3K - Dice: 0.7638, HD95: 23.5028
  TN3K - BM: Acc=0.5326, Prec=0.4489, Rec=0.9492, F1=0.6095, AUROC=0.7051, AUPRC=0.5696
  TN3K - TI-RADS: Acc=0.0000, Prec=0.0000, Rec=0.0000, F1=0.0000, AUC=0.0000
Testing on DDTI...
  DDTI - Dice: 0.7054, HD95: 25.2611
  DDTI - BM: Acc=0.0000, Prec=0.0000, Rec=0.0000, F1=0.0000, AUROC=0.0000, AUPRC=0.0000
  DDTI - TI-RADS: Acc=0.0000, Prec=0.0000, Rec=0.0000, F1=0.0000, AUC=0.0000
Testing on ThyroidXL...
  ThyroidXL - Dice: 0.8063, HD95: 13.4190
  ThyroidXL - BM: Acc=0.7268, Prec=0.6689, Rec=0.8144, F1=0.7345, AUROC=0.8096, AUPRC=0.7661
  ThyroidXL - TI-RADS: Acc=0.0000, Prec=0.0000, Rec=0.0000, F1=0.0000, AUC=0.0000
Testing on PKTN...
  PKTN - Dice: 0.6792, HD95: 26.4792
  PKTN - BM: Acc=0.0000, Prec=0.0000, Rec=0.0000, F1=0.0000, AUROC=0.0000, AUPRC=0.0000
  PKTN - TI-RADS: Acc=0.0000, Prec=0.0000, Rec=0.0000, F1=0.0000, AUC=0.0000
Testing on TN5K...
  TN5K - Dice: 0.6670, HD95: 24.7880
  TN5K - BM: Acc=0.7430, Prec=0.7443, Rec=0.9877, F1=0.8489, AUROC=0.6837, AUPRC=0.8338
  TN5K - TI-RADS: Acc=0.0000, Prec=0.0000, Rec=0.0000, F1=0.0000, AUC=0.0000
Epoch:11: seg_loss(avg):0.5981, bm_loss(avg):0.5291, tirads_loss(avg):0.0000
Epoch:12: seg_loss(avg):0.5886, bm_loss(avg):0.5189, tirads_loss(avg):0.0000
Epoch:13: seg_loss(avg):0.5825, bm_loss(avg):0.5057, tirads_loss(avg):0.0000
Epoch:14: seg_loss(avg):0.5740, bm_loss(avg):0.5016, tirads_loss(avg):0.0000
Epoch:15: seg_loss(avg):0.5654, bm_loss(avg):0.5004, tirads_loss(avg):0.0000
Saved checkpoint at epoch 15

Validating epoch 15 on all test datasets...
Testing on TN3K...
  TN3K - Dice: 0.7807, HD95: 24.4559
  TN3K - BM: Acc=0.5945, Prec=0.4844, Rec=0.8559, F1=0.6187, AUROC=0.7171, AUPRC=0.5922
  TN3K - TI-RADS: Acc=0.0000, Prec=0.0000, Rec=0.0000, F1=0.0000, AUC=0.0000
Testing on DDTI...
  DDTI - Dice: 0.7260, HD95: 27.0054
  DDTI - BM: Acc=0.0000, Prec=0.0000, Rec=0.0000, F1=0.0000, AUROC=0.0000, AUPRC=0.0000
  DDTI - TI-RADS: Acc=0.0000, Prec=0.0000, Rec=0.0000, F1=0.0000, AUC=0.0000
Testing on ThyroidXL...
  ThyroidXL - Dice: 0.8126, HD95: 13.7941
  ThyroidXL - BM: Acc=0.7268, Prec=0.7767, Rec=0.5773, F1=0.6623, AUROC=0.8269, AUPRC=0.7865
  ThyroidXL - TI-RADS: Acc=0.0000, Prec=0.0000, Rec=0.0000, F1=0.0000, AUC=0.0000
Testing on PKTN...
  PKTN - Dice: 0.6834, HD95: 29.3040
  PKTN - BM: Acc=0.0000, Prec=0.0000, Rec=0.0000, F1=0.0000, AUROC=0.0000, AUPRC=0.0000
  PKTN - TI-RADS: Acc=0.0000, Prec=0.0000, Rec=0.0000, F1=0.0000, AUC=0.0000
Testing on TN5K...
  TN5K - Dice: 0.6725, HD95: 26.1899
  TN5K - BM: Acc=0.7490, Prec=0.7570, Rec=0.9672, F1=0.8492, AUROC=0.7338, AUPRC=0.8749
  TN5K - TI-RADS: Acc=0.0000, Prec=0.0000, Rec=0.0000, F1=0.0000, AUC=0.0000
Epoch:16: seg_loss(avg):0.5580, bm_loss(avg):0.4780, tirads_loss(avg):0.0000
Epoch:17: seg_loss(avg):0.5524, bm_loss(avg):0.4747, tirads_loss(avg):0.0000
Epoch:18: seg_loss(avg):0.5439, bm_loss(avg):0.4722, tirads_loss(avg):0.0000
Epoch:19: seg_loss(avg):0.5461, bm_loss(avg):0.4615, tirads_loss(avg):0.0000
Epoch:20: seg_loss(avg):0.5372, bm_loss(avg):0.4503, tirads_loss(avg):0.0000
Saved checkpoint at epoch 20

Validating epoch 20 on all test datasets...
Testing on TN3K...
  TN3K - Dice: 0.7808, HD95: 23.0129
  TN3K - BM: Acc=0.6564, Prec=0.5461, Rec=0.6271, F1=0.5838, AUROC=0.7298, AUPRC=0.6052
  TN3K - TI-RADS: Acc=0.0000, Prec=0.0000, Rec=0.0000, F1=0.0000, AUC=0.0000
Testing on DDTI...
  DDTI - Dice: 0.7467, HD95: 23.6243
  DDTI - BM: Acc=0.0000, Prec=0.0000, Rec=0.0000, F1=0.0000, AUROC=0.0000, AUPRC=0.0000
  DDTI - TI-RADS: Acc=0.0000, Prec=0.0000, Rec=0.0000, F1=0.0000, AUC=0.0000
Testing on ThyroidXL...
  ThyroidXL - Dice: 0.8269, HD95: 11.0373
  ThyroidXL - BM: Acc=0.7144, Prec=0.8348, Rec=0.4794, F1=0.6090, AUROC=0.8360, AUPRC=0.8016
  ThyroidXL - TI-RADS: Acc=0.0000, Prec=0.0000, Rec=0.0000, F1=0.0000, AUC=0.0000
Testing on PKTN...
  PKTN - Dice: 0.6728, HD95: 27.7803
  PKTN - BM: Acc=0.0000, Prec=0.0000, Rec=0.0000, F1=0.0000, AUROC=0.0000, AUPRC=0.0000
  PKTN - TI-RADS: Acc=0.0000, Prec=0.0000, Rec=0.0000, F1=0.0000, AUC=0.0000
Testing on TN5K...
  TN5K - Dice: 0.7077, HD95: 21.4526
  TN5K - BM: Acc=0.7510, Prec=0.8130, Rec=0.8564, F1=0.8341, AUROC=0.7491, AUPRC=0.8742
  TN5K - TI-RADS: Acc=0.0000, Prec=0.0000, Rec=0.0000, F1=0.0000, AUC=0.0000
Epoch:21: seg_loss(avg):0.5298, bm_loss(avg):0.4454, tirads_loss(avg):0.0000
Epoch:22: seg_loss(avg):0.5329, bm_loss(avg):0.4293, tirads_loss(avg):0.0000
Epoch:23: seg_loss(avg):0.5233, bm_loss(avg):0.4328, tirads_loss(avg):0.0000
Epoch:24: seg_loss(avg):0.5199, bm_loss(avg):0.4152, tirads_loss(avg):0.0000
Epoch:25: seg_loss(avg):0.5131, bm_loss(avg):0.4083, tirads_loss(avg):0.0000
Saved checkpoint at epoch 25

Validating epoch 25 on all test datasets...
Testing on TN3K...
  TN3K - Dice: 0.8096, HD95: 20.7236
  TN3K - BM: Acc=0.5831, Prec=0.4766, Rec=0.8644, F1=0.6145, AUROC=0.7140, AUPRC=0.6047
  TN3K - TI-RADS: Acc=0.0000, Prec=0.0000, Rec=0.0000, F1=0.0000, AUC=0.0000
Testing on DDTI...
  DDTI - Dice: 0.7531, HD95: 24.5064
  DDTI - BM: Acc=0.0000, Prec=0.0000, Rec=0.0000, F1=0.0000, AUROC=0.0000, AUPRC=0.0000
  DDTI - TI-RADS: Acc=0.0000, Prec=0.0000, Rec=0.0000, F1=0.0000, AUC=0.0000
Testing on ThyroidXL...
  ThyroidXL - Dice: 0.8371, HD95: 10.5634
  ThyroidXL - BM: Acc=0.7502, Prec=0.7995, Rec=0.6165, F1=0.6962, AUROC=0.8426, AUPRC=0.8033
  ThyroidXL - TI-RADS: Acc=0.0000, Prec=0.0000, Rec=0.0000, F1=0.0000, AUC=0.0000
Testing on PKTN...
  PKTN - Dice: 0.6942, HD95: 27.4447
  PKTN - BM: Acc=0.0000, Prec=0.0000, Rec=0.0000, F1=0.0000, AUROC=0.0000, AUPRC=0.0000
  PKTN - TI-RADS: Acc=0.0000, Prec=0.0000, Rec=0.0000, F1=0.0000, AUC=0.0000
Testing on TN5K...
  TN5K - Dice: 0.7199, HD95: 21.4474
  TN5K - BM: Acc=0.7740, Prec=0.7866, Rec=0.9480, F1=0.8598, AUROC=0.7772, AUPRC=0.8953
  TN5K - TI-RADS: Acc=0.0000, Prec=0.0000, Rec=0.0000, F1=0.0000, AUC=0.0000
Epoch:26: seg_loss(avg):0.5073, bm_loss(avg):0.3959, tirads_loss(avg):0.0000
Epoch:27: seg_loss(avg):0.5073, bm_loss(avg):0.3948, tirads_loss(avg):0.0000
Epoch:28: seg_loss(avg):0.5033, bm_loss(avg):0.3837, tirads_loss(avg):0.0000
Epoch:29: seg_loss(avg):0.4996, bm_loss(avg):0.3708, tirads_loss(avg):0.0000
Epoch:30: seg_loss(avg):0.4951, bm_loss(avg):0.3614, tirads_loss(avg):0.0000
Saved checkpoint at epoch 30

Validating epoch 30 on all test datasets...
Testing on TN3K...
  TN3K - Dice: 0.8189, HD95: 19.8588
  TN3K - BM: Acc=0.6547, Prec=0.5417, Rec=0.6610, F1=0.5954, AUROC=0.7173, AUPRC=0.6010
  TN3K - TI-RADS: Acc=0.0000, Prec=0.0000, Rec=0.0000, F1=0.0000, AUC=0.0000
Testing on DDTI...
  DDTI - Dice: 0.7698, HD95: 22.8955
  DDTI - BM: Acc=0.0000, Prec=0.0000, Rec=0.0000, F1=0.0000, AUROC=0.0000, AUPRC=0.0000
  DDTI - TI-RADS: Acc=0.0000, Prec=0.0000, Rec=0.0000, F1=0.0000, AUC=0.0000
Testing on ThyroidXL...
  ThyroidXL - Dice: 0.8394, HD95: 10.5278
  ThyroidXL - BM: Acc=0.7536, Prec=0.7655, Rec=0.6763, F1=0.7181, AUROC=0.8384, AUPRC=0.8013
  ThyroidXL - TI-RADS: Acc=0.0000, Prec=0.0000, Rec=0.0000, F1=0.0000, AUC=0.0000
Testing on PKTN...
  PKTN - Dice: 0.7057, HD95: 25.8460
  PKTN - BM: Acc=0.0000, Prec=0.0000, Rec=0.0000, F1=0.0000, AUROC=0.0000, AUPRC=0.0000
  PKTN - TI-RADS: Acc=0.0000, Prec=0.0000, Rec=0.0000, F1=0.0000, AUC=0.0000
Testing on TN5K...
  TN5K - Dice: 0.7227, HD95: 20.7098
  TN5K - BM: Acc=0.7470, Prec=0.8096, Rec=0.8550, F1=0.8317, AUROC=0.7669, AUPRC=0.8935
  TN5K - TI-RADS: Acc=0.0000, Prec=0.0000, Rec=0.0000, F1=0.0000, AUC=0.0000
Epoch:31: seg_loss(avg):0.4858, bm_loss(avg):0.3460, tirads_loss(avg):0.0000
Epoch:32: seg_loss(avg):0.4883, bm_loss(avg):0.3465, tirads_loss(avg):0.0000
Epoch:33: seg_loss(avg):0.4849, bm_loss(avg):0.3305, tirads_loss(avg):0.0000
Epoch:34: seg_loss(avg):0.4802, bm_loss(avg):0.3238, tirads_loss(avg):0.0000
Epoch:35: seg_loss(avg):0.4827, bm_loss(avg):0.3120, tirads_loss(avg):0.0000
Saved checkpoint at epoch 35

Validating epoch 35 on all test datasets...
Testing on TN3K...
  TN3K - Dice: 0.8237, HD95: 19.7553
  TN3K - BM: Acc=0.6596, Prec=0.5487, Rec=0.6441, F1=0.5926, AUROC=0.7237, AUPRC=0.5994
  TN3K - TI-RADS: Acc=0.0000, Prec=0.0000, Rec=0.0000, F1=0.0000, AUC=0.0000
Testing on DDTI...
  DDTI - Dice: 0.7621, HD95: 23.3119
  DDTI - BM: Acc=0.0000, Prec=0.0000, Rec=0.0000, F1=0.0000, AUROC=0.0000, AUPRC=0.0000
  DDTI - TI-RADS: Acc=0.0000, Prec=0.0000, Rec=0.0000, F1=0.0000, AUC=0.0000
Testing on ThyroidXL...
  ThyroidXL - Dice: 0.8490, HD95: 9.5677
  ThyroidXL - BM: Acc=0.7211, Prec=0.8177, Rec=0.5134, F1=0.6308, AUROC=0.8330, AUPRC=0.7994
  ThyroidXL - TI-RADS: Acc=0.0000, Prec=0.0000, Rec=0.0000, F1=0.0000, AUC=0.0000
Testing on PKTN...
  PKTN - Dice: 0.7251, HD95: 23.8793
  PKTN - BM: Acc=0.0000, Prec=0.0000, Rec=0.0000, F1=0.0000, AUROC=0.0000, AUPRC=0.0000
  PKTN - TI-RADS: Acc=0.0000, Prec=0.0000, Rec=0.0000, F1=0.0000, AUC=0.0000
Testing on TN5K...
  TN5K - Dice: 0.7424, HD95: 18.8300
  TN5K - BM: Acc=0.7540, Prec=0.8255, Rec=0.8413, F1=0.8333, AUROC=0.7820, AUPRC=0.9016
  TN5K - TI-RADS: Acc=0.0000, Prec=0.0000, Rec=0.0000, F1=0.0000, AUC=0.0000
Epoch:36: seg_loss(avg):0.4756, bm_loss(avg):0.3003, tirads_loss(avg):0.0000
Epoch:37: seg_loss(avg):0.4714, bm_loss(avg):0.2990, tirads_loss(avg):0.0000
Epoch:38: seg_loss(avg):0.4697, bm_loss(avg):0.2853, tirads_loss(avg):0.0000
Epoch:39: seg_loss(avg):0.4666, bm_loss(avg):0.2788, tirads_loss(avg):0.0000
Epoch:40: seg_loss(avg):0.4643, bm_loss(avg):0.2641, tirads_loss(avg):0.0000
Saved checkpoint at epoch 40

Validating epoch 40 on all test datasets...
Testing on TN3K...
  TN3K - Dice: 0.8233, HD95: 19.5362
  TN3K - BM: Acc=0.6401, Prec=0.5237, Rec=0.7034, F1=0.6004, AUROC=0.7305, AUPRC=0.6069
  TN3K - TI-RADS: Acc=0.0000, Prec=0.0000, Rec=0.0000, F1=0.0000, AUC=0.0000
Testing on DDTI...
  DDTI - Dice: 0.7715, HD95: 22.8069
  DDTI - BM: Acc=0.0000, Prec=0.0000, Rec=0.0000, F1=0.0000, AUROC=0.0000, AUPRC=0.0000
  DDTI - TI-RADS: Acc=0.0000, Prec=0.0000, Rec=0.0000, F1=0.0000, AUC=0.0000
Testing on ThyroidXL...
  ThyroidXL - Dice: 0.8486, HD95: 9.5196
  ThyroidXL - BM: Acc=0.7507, Prec=0.7875, Rec=0.6340, F1=0.7025, AUROC=0.8329, AUPRC=0.8008
  ThyroidXL - TI-RADS: Acc=0.0000, Prec=0.0000, Rec=0.0000, F1=0.0000, AUC=0.0000
Testing on PKTN...
  PKTN - Dice: 0.7130, HD95: 24.9190
  PKTN - BM: Acc=0.0000, Prec=0.0000, Rec=0.0000, F1=0.0000, AUROC=0.0000, AUPRC=0.0000
  PKTN - TI-RADS: Acc=0.0000, Prec=0.0000, Rec=0.0000, F1=0.0000, AUC=0.0000
Testing on TN5K...
  TN5K - Dice: 0.7453, HD95: 19.0633
  TN5K - BM: Acc=0.7640, Prec=0.8121, Rec=0.8810, F1=0.8451, AUROC=0.7848, AUPRC=0.9011
  TN5K - TI-RADS: Acc=0.0000, Prec=0.0000, Rec=0.0000, F1=0.0000, AUC=0.0000
Epoch:41: seg_loss(avg):0.4622, bm_loss(avg):0.2579, tirads_loss(avg):0.0000
Epoch:42: seg_loss(avg):0.4563, bm_loss(avg):0.2617, tirads_loss(avg):0.0000
Epoch:43: seg_loss(avg):0.4578, bm_loss(avg):0.2445, tirads_loss(avg):0.0000
Epoch:44: seg_loss(avg):0.4573, bm_loss(avg):0.2485, tirads_loss(avg):0.0000
Epoch:45: seg_loss(avg):0.4544, bm_loss(avg):0.2455, tirads_loss(avg):0.0000
Saved checkpoint at epoch 45

Validating epoch 45 on all test datasets...
Testing on TN3K...
  TN3K - Dice: 0.8278, HD95: 19.1159
  TN3K - BM: Acc=0.6303, Prec=0.5138, Rec=0.7119, F1=0.5968, AUROC=0.7194, AUPRC=0.5951
  TN3K - TI-RADS: Acc=0.0000, Prec=0.0000, Rec=0.0000, F1=0.0000, AUC=0.0000
Testing on DDTI...
  DDTI - Dice: 0.7684, HD95: 22.3854
  DDTI - BM: Acc=0.0000, Prec=0.0000, Rec=0.0000, F1=0.0000, AUROC=0.0000, AUPRC=0.0000
  DDTI - TI-RADS: Acc=0.0000, Prec=0.0000, Rec=0.0000, F1=0.0000, AUC=0.0000
Testing on ThyroidXL...
  ThyroidXL - Dice: 0.8519, HD95: 9.1602
  ThyroidXL - BM: Acc=0.7373, Prec=0.7903, Rec=0.5907, F1=0.6761, AUROC=0.8324, AUPRC=0.8023
  ThyroidXL - TI-RADS: Acc=0.0000, Prec=0.0000, Rec=0.0000, F1=0.0000, AUC=0.0000
Testing on PKTN...
  PKTN - Dice: 0.7241, HD95: 23.6275
  PKTN - BM: Acc=0.0000, Prec=0.0000, Rec=0.0000, F1=0.0000, AUROC=0.0000, AUPRC=0.0000
  PKTN - TI-RADS: Acc=0.0000, Prec=0.0000, Rec=0.0000, F1=0.0000, AUC=0.0000
Testing on TN5K...
  TN5K - Dice: 0.7475, HD95: 18.4188
  TN5K - BM: Acc=0.7680, Prec=0.8253, Rec=0.8659, F1=0.8451, AUROC=0.7905, AUPRC=0.9058
  TN5K - TI-RADS: Acc=0.0000, Prec=0.0000, Rec=0.0000, F1=0.0000, AUC=0.0000
Epoch:46: seg_loss(avg):0.4541, bm_loss(avg):0.2345, tirads_loss(avg):0.0000
Epoch:47: seg_loss(avg):0.4507, bm_loss(avg):0.2336, tirads_loss(avg):0.0000
Epoch:48: seg_loss(avg):0.4558, bm_loss(avg):0.2369, tirads_loss(avg):0.0000
Epoch:49: seg_loss(avg):0.4501, bm_loss(avg):0.2348, tirads_loss(avg):0.0000
Epoch:50: seg_loss(avg):0.4544, bm_loss(avg):0.2316, tirads_loss(avg):0.0000
Saved checkpoint at epoch 50

Validating epoch 50 on all test datasets...
Testing on TN3K...
  TN3K - Dice: 0.8291, HD95: 19.0227
  TN3K - BM: Acc=0.6254, Prec=0.5093, Rec=0.6949, F1=0.5878, AUROC=0.7226, AUPRC=0.6001
  TN3K - TI-RADS: Acc=0.0000, Prec=0.0000, Rec=0.0000, F1=0.0000, AUC=0.0000
Testing on DDTI...
  DDTI - Dice: 0.7692, HD95: 22.3816
  DDTI - BM: Acc=0.0000, Prec=0.0000, Rec=0.0000, F1=0.0000, AUROC=0.0000, AUPRC=0.0000
  DDTI - TI-RADS: Acc=0.0000, Prec=0.0000, Rec=0.0000, F1=0.0000, AUC=0.0000
Testing on ThyroidXL...
  ThyroidXL - Dice: 0.8527, HD95: 9.0309
  ThyroidXL - BM: Acc=0.7335, Prec=0.7904, Rec=0.5794, F1=0.6686, AUROC=0.8309, AUPRC=0.8010
  ThyroidXL - TI-RADS: Acc=0.0000, Prec=0.0000, Rec=0.0000, F1=0.0000, AUC=0.0000
Testing on PKTN...
  PKTN - Dice: 0.7252, HD95: 23.1992
  PKTN - BM: Acc=0.0000, Prec=0.0000, Rec=0.0000, F1=0.0000, AUROC=0.0000, AUPRC=0.0000
  PKTN - TI-RADS: Acc=0.0000, Prec=0.0000, Rec=0.0000, F1=0.0000, AUC=0.0000
Testing on TN5K...
  TN5K - Dice: 0.7471, HD95: 18.3563
  TN5K - BM: Acc=0.7710, Prec=0.8260, Rec=0.8700, F1=0.8474, AUROC=0.7900, AUPRC=0.9058
  TN5K - TI-RADS: Acc=0.0000, Prec=0.0000, Rec=0.0000, F1=0.0000, AUC=0.0000

========== Evaluation Summary (All Test Records) ==========

Dataset: TN3K
Eval epochs: [5, 10, 15, 20, 25, 30, 35, 40, 45, 50]
Dice per eval: [0.7224, 0.7638, 0.7807, 0.7808, 0.8096, 0.8189, 0.8237, 0.8233, 0.8278, 0.8291]
HD95 per eval: [np.float64(27.9116), np.float64(23.5028), np.float64(24.4559), np.float64(23.0129), np.float64(20.7236), np.float64(19.8588), np.float64(19.7553), np.float64(19.5362), np.float64(19.1159), np.float64(19.0227)]
Best Dice: 0.8291 at epoch 50
Best HD95: 19.0227 at epoch 50

BM metrics per eval:
  Acc:  [np.float64(0.57), np.float64(0.5326), np.float64(0.5945), np.float64(0.6564), np.float64(0.5831), np.float64(0.6547), np.float64(0.6596), np.float64(0.6401), np.float64(0.6303), np.float64(0.6254)]
  Prec: [0.4677, 0.4489, 0.4844, 0.5461, 0.4766, 0.5417, 0.5487, 0.5237, 0.5138, 0.5093]
  Rec:  [0.8602, 0.9492, 0.8559, 0.6271, 0.8644, 0.661, 0.6441, 0.7034, 0.7119, 0.6949]
  F1:   [0.606, 0.6095, 0.6187, 0.5838, 0.6145, 0.5954, 0.5926, 0.6004, 0.5968, 0.5878]
  AUROC:[0.681, 0.7051, 0.7171, 0.7298, 0.714, 0.7173, 0.7237, 0.7305, 0.7194, 0.7226]
  AUPRC:[0.5471, 0.5696, 0.5922, 0.6052, 0.6047, 0.601, 0.5994, 0.6069, 0.5951, 0.6001]
Best BM F1: 0.6187 at epoch 15

TI-RADS metrics per eval:
  Acc:  [0.0, 0.0, 0.0, 0.0, 0.0, 0.0, 0.0, 0.0, 0.0, 0.0]
  Prec: [0.0, 0.0, 0.0, 0.0, 0.0, 0.0, 0.0, 0.0, 0.0, 0.0]
  Rec:  [0.0, 0.0, 0.0, 0.0, 0.0, 0.0, 0.0, 0.0, 0.0, 0.0]
  F1:   [0.0, 0.0, 0.0, 0.0, 0.0, 0.0, 0.0, 0.0, 0.0, 0.0]
  AUC:  [0.0, 0.0, 0.0, 0.0, 0.0, 0.0, 0.0, 0.0, 0.0, 0.0]
Best TI-RADS F1: 0.0000 at epoch 5

Dataset: DDTI
Eval epochs: [5, 10, 15, 20, 25, 30, 35, 40, 45, 50]
Dice per eval: [0.6398, 0.7054, 0.726, 0.7467, 0.7531, 0.7698, 0.7621, 0.7715, 0.7684, 0.7692]
HD95 per eval: [np.float64(28.969), np.float64(25.2611), np.float64(27.0054), np.float64(23.6243), np.float64(24.5064), np.float64(22.8955), np.float64(23.3119), np.float64(22.8069), np.float64(22.3854), np.float64(22.3816)]
Best Dice: 0.7715 at epoch 40
Best HD95: 22.3816 at epoch 50

BM metrics per eval:
  Acc:  [0.0, 0.0, 0.0, 0.0, 0.0, 0.0, 0.0, 0.0, 0.0, 0.0]
  Prec: [0.0, 0.0, 0.0, 0.0, 0.0, 0.0, 0.0, 0.0, 0.0, 0.0]
  Rec:  [0.0, 0.0, 0.0, 0.0, 0.0, 0.0, 0.0, 0.0, 0.0, 0.0]
  F1:   [0.0, 0.0, 0.0, 0.0, 0.0, 0.0, 0.0, 0.0, 0.0, 0.0]
  AUROC:[0.0, 0.0, 0.0, 0.0, 0.0, 0.0, 0.0, 0.0, 0.0, 0.0]
  AUPRC:[0.0, 0.0, 0.0, 0.0, 0.0, 0.0, 0.0, 0.0, 0.0, 0.0]
Best BM F1: 0.0000 at epoch 5

TI-RADS metrics per eval:
  Acc:  [0.0, 0.0, 0.0, 0.0, 0.0, 0.0, 0.0, 0.0, 0.0, 0.0]
  Prec: [0.0, 0.0, 0.0, 0.0, 0.0, 0.0, 0.0, 0.0, 0.0, 0.0]
  Rec:  [0.0, 0.0, 0.0, 0.0, 0.0, 0.0, 0.0, 0.0, 0.0, 0.0]
  F1:   [0.0, 0.0, 0.0, 0.0, 0.0, 0.0, 0.0, 0.0, 0.0, 0.0]
  AUC:  [0.0, 0.0, 0.0, 0.0, 0.0, 0.0, 0.0, 0.0, 0.0, 0.0]
Best TI-RADS F1: 0.0000 at epoch 5

Dataset: ThyroidXL
Eval epochs: [5, 10, 15, 20, 25, 30, 35, 40, 45, 50]
Dice per eval: [0.762, 0.8063, 0.8126, 0.8269, 0.8371, 0.8394, 0.849, 0.8486, 0.8519, 0.8527]
HD95 per eval: [np.float64(16.294), np.float64(13.419), np.float64(13.7941), np.float64(11.0373), np.float64(10.5634), np.float64(10.5278), np.float64(9.5677), np.float64(9.5196), np.float64(9.1602), np.float64(9.0309)]
Best Dice: 0.8527 at epoch 50
Best HD95: 9.0309 at epoch 50

BM metrics per eval:
  Acc:  [np.float64(0.6584), np.float64(0.7268), np.float64(0.7268), np.float64(0.7144), np.float64(0.7502), np.float64(0.7536), np.float64(0.7211), np.float64(0.7507), np.float64(0.7373), np.float64(0.7335)]
  Prec: [0.7336, 0.6689, 0.7767, 0.8348, 0.7995, 0.7655, 0.8177, 0.7875, 0.7903, 0.7904]
  Rec:  [0.4144, 0.8144, 0.5773, 0.4794, 0.6165, 0.6763, 0.5134, 0.634, 0.5907, 0.5794]
  F1:   [0.5296, 0.7345, 0.6623, 0.609, 0.6962, 0.7181, 0.6308, 0.7025, 0.6761, 0.6686]
  AUROC:[0.7539, 0.8096, 0.8269, 0.836, 0.8426, 0.8384, 0.833, 0.8329, 0.8324, 0.8309]
  AUPRC:[0.7045, 0.7661, 0.7865, 0.8016, 0.8033, 0.8013, 0.7994, 0.8008, 0.8023, 0.801]
Best BM F1: 0.7345 at epoch 10

TI-RADS metrics per eval:
  Acc:  [0.0, 0.0, 0.0, 0.0, 0.0, 0.0, 0.0, 0.0, 0.0, 0.0]
  Prec: [0.0, 0.0, 0.0, 0.0, 0.0, 0.0, 0.0, 0.0, 0.0, 0.0]
  Rec:  [0.0, 0.0, 0.0, 0.0, 0.0, 0.0, 0.0, 0.0, 0.0, 0.0]
  F1:   [0.0, 0.0, 0.0, 0.0, 0.0, 0.0, 0.0, 0.0, 0.0, 0.0]
  AUC:  [0.0, 0.0, 0.0, 0.0, 0.0, 0.0, 0.0, 0.0, 0.0, 0.0]
Best TI-RADS F1: 0.0000 at epoch 5

Dataset: PKTN
Eval epochs: [5, 10, 15, 20, 25, 30, 35, 40, 45, 50]
Dice per eval: [0.6465, 0.6792, 0.6834, 0.6728, 0.6942, 0.7057, 0.7251, 0.713, 0.7241, 0.7252]
HD95 per eval: [np.float64(31.5149), np.float64(26.4792), np.float64(29.304), np.float64(27.7803), np.float64(27.4447), np.float64(25.846), np.float64(23.8793), np.float64(24.919), np.float64(23.6275), np.float64(23.1992)]
Best Dice: 0.7252 at epoch 50
Best HD95: 23.1992 at epoch 50

BM metrics per eval:
  Acc:  [0.0, 0.0, 0.0, 0.0, 0.0, 0.0, 0.0, 0.0, 0.0, 0.0]
  Prec: [0.0, 0.0, 0.0, 0.0, 0.0, 0.0, 0.0, 0.0, 0.0, 0.0]
  Rec:  [0.0, 0.0, 0.0, 0.0, 0.0, 0.0, 0.0, 0.0, 0.0, 0.0]
  F1:   [0.0, 0.0, 0.0, 0.0, 0.0, 0.0, 0.0, 0.0, 0.0, 0.0]
  AUROC:[0.0, 0.0, 0.0, 0.0, 0.0, 0.0, 0.0, 0.0, 0.0, 0.0]
  AUPRC:[0.0, 0.0, 0.0, 0.0, 0.0, 0.0, 0.0, 0.0, 0.0, 0.0]
Best BM F1: 0.0000 at epoch 5

TI-RADS metrics per eval:
  Acc:  [0.0, 0.0, 0.0, 0.0, 0.0, 0.0, 0.0, 0.0, 0.0, 0.0]
  Prec: [0.0, 0.0, 0.0, 0.0, 0.0, 0.0, 0.0, 0.0, 0.0, 0.0]
  Rec:  [0.0, 0.0, 0.0, 0.0, 0.0, 0.0, 0.0, 0.0, 0.0, 0.0]
  F1:   [0.0, 0.0, 0.0, 0.0, 0.0, 0.0, 0.0, 0.0, 0.0, 0.0]
  AUC:  [0.0, 0.0, 0.0, 0.0, 0.0, 0.0, 0.0, 0.0, 0.0, 0.0]
Best TI-RADS F1: 0.0000 at epoch 5

Dataset: TN5K
Eval epochs: [5, 10, 15, 20, 25, 30, 35, 40, 45, 50]
Dice per eval: [0.6123, 0.667, 0.6725, 0.7077, 0.7199, 0.7227, 0.7424, 0.7453, 0.7475, 0.7471]
HD95 per eval: [np.float64(30.9487), np.float64(24.788), np.float64(26.1899), np.float64(21.4526), np.float64(21.4474), np.float64(20.7098), np.float64(18.83), np.float64(19.0633), np.float64(18.4188), np.float64(18.3563)]
Best Dice: 0.7475 at epoch 45
Best HD95: 18.3563 at epoch 50

BM metrics per eval:
  Acc:  [np.float64(0.726), np.float64(0.743), np.float64(0.749), np.float64(0.751), np.float64(0.774), np.float64(0.747), np.float64(0.754), np.float64(0.764), np.float64(0.768), np.float64(0.771)]
  Prec: [0.7444, 0.7443, 0.757, 0.813, 0.7866, 0.8096, 0.8255, 0.8121, 0.8253, 0.826]
  Rec:  [0.9521, 0.9877, 0.9672, 0.8564, 0.948, 0.855, 0.8413, 0.881, 0.8659, 0.87]
  F1:   [0.8355, 0.8489, 0.8492, 0.8341, 0.8598, 0.8317, 0.8333, 0.8451, 0.8451, 0.8474]
  AUROC:[0.6102, 0.6837, 0.7338, 0.7491, 0.7772, 0.7669, 0.782, 0.7848, 0.7905, 0.79]
  AUPRC:[0.7922, 0.8338, 0.8749, 0.8742, 0.8953, 0.8935, 0.9016, 0.9011, 0.9058, 0.9058]
Best BM F1: 0.8598 at epoch 25

TI-RADS metrics per eval:
  Acc:  [0.0, 0.0, 0.0, 0.0, 0.0, 0.0, 0.0, 0.0, 0.0, 0.0]
  Prec: [0.0, 0.0, 0.0, 0.0, 0.0, 0.0, 0.0, 0.0, 0.0, 0.0]
  Rec:  [0.0, 0.0, 0.0, 0.0, 0.0, 0.0, 0.0, 0.0, 0.0, 0.0]
  F1:   [0.0, 0.0, 0.0, 0.0, 0.0, 0.0, 0.0, 0.0, 0.0, 0.0]
  AUC:  [0.0, 0.0, 0.0, 0.0, 0.0, 0.0, 0.0, 0.0, 0.0, 0.0]
Best TI-RADS F1: 0.0000 at epoch 5

==========================================================

========== Training Completed ==========
Training completed at Fri Dec 26 04:28:24 2025
