Training started at Thu May  7 20:58:59 2026
Method: dino_unet
Dataset: train_multitask_FTCPTC_segcls
Epochs: 30
Target Key: FTCPTC
LR: 1e-05
Batch Size: 12
Image Size: 224 x 224
DINO pretrained: True
Use Dilation: False
Training label stats for FTCPTC: Negative=1000, Positive=1000, Missing=0, Valid=2000
Using DataLoader shuffle=True, dataset_size=2000, batch_size=12, drop_last=True
First sample: filename=2023/杨胜坤/杨胜坤_01_0016_0016.jpg, image=/mnt/wangbd8/workspace/DataSets/ThyroidAgent/Classifaction_Data/Malignant_ultrasound_images_cropped/2023/杨胜坤/杨胜坤_01_0016_0016.jpg, mask=/mnt/wangbd8/workspace/DataSets/ThyroidAgent/Classifaction_Data/Malignant_ultrasound_images_cropped_predictions/2023/杨胜坤/杨胜坤_01_0016_0016.png, target=0
Loss weights: seg=1.0, cls=1.0
Classification pos_weight: 1.0
GA-MTL schedule per optimizer step: ['seg', 'cls']
steps_per_epoch (optimizer steps): 83
Epoch:1: seg_loss(avg):1.2007, cls_loss(avg):0.6971
Epoch:2: seg_loss(avg):0.9615, cls_loss(avg):0.6932

Validating epoch 2 on all test datasets...
Testing on FTCPTC...
  FTCPTC - Dice: 0.6030, HD95: 28.2215
  FTCPTC - FTCPTC: Acc=0.4337, Prec=0.2270, Rec=0.3064, F1=0.2603, AUROC=0.3810, AUPRC=0.2695, ECE=0.1805
Epoch:3: seg_loss(avg):0.8451, cls_loss(avg):0.6936
Epoch:4: seg_loss(avg):0.7867, cls_loss(avg):0.6934

Validating epoch 4 on all test datasets...
Testing on FTCPTC...
  FTCPTC - Dice: 0.6983, HD95: 20.8421
  FTCPTC - FTCPTC: Acc=0.4659, Prec=0.2522, Rec=0.3249, F1=0.2834, AUROC=0.4063, AUPRC=0.2706, ECE=0.1954
Epoch:5: seg_loss(avg):0.7499, cls_loss(avg):0.6806
Saved checkpoint at epoch 5
Epoch:6: seg_loss(avg):0.7171, cls_loss(avg):0.6675

Validating epoch 6 on all test datasets...
Testing on FTCPTC...
  FTCPTC - Dice: 0.7055, HD95: 20.4398
  FTCPTC - FTCPTC: Acc=0.3723, Prec=0.3031, Rec=0.7123, F1=0.4248, AUROC=0.4549, AUPRC=0.3109, ECE=0.2400
Epoch:7: seg_loss(avg):0.6871, cls_loss(avg):0.6553
Epoch:8: seg_loss(avg):0.6694, cls_loss(avg):0.6370

Validating epoch 8 on all test datasets...
Testing on FTCPTC...
  FTCPTC - Dice: 0.7481, HD95: 16.8102
  FTCPTC - FTCPTC: Acc=0.5913, Prec=0.2961, Rec=0.1843, F1=0.2265, AUROC=0.4518, AUPRC=0.3208, ECE=0.1516
Epoch:9: seg_loss(avg):0.6536, cls_loss(avg):0.6213
Epoch:10: seg_loss(avg):0.6449, cls_loss(avg):0.6136
Saved checkpoint at epoch 10

Validating epoch 10 on all test datasets...
Testing on FTCPTC...
  FTCPTC - Dice: 0.7474, HD95: 16.8148
  FTCPTC - FTCPTC: Acc=0.4254, Prec=0.3118, Rec=0.6320, F1=0.4171, AUROC=0.5120, AUPRC=0.3786, ECE=0.2687
Epoch:11: seg_loss(avg):0.6356, cls_loss(avg):0.5641
Epoch:12: seg_loss(avg):0.6331, cls_loss(avg):0.5550

Validating epoch 12 on all test datasets...
Testing on FTCPTC...
  FTCPTC - Dice: 0.7566, HD95: 15.3611
  FTCPTC - FTCPTC: Acc=0.5715, Prec=0.3409, Rec=0.3368, F1=0.3382, AUROC=0.4917, AUPRC=0.3405, ECE=0.1943
Epoch:13: seg_loss(avg):0.6171, cls_loss(avg):0.5171
Epoch:14: seg_loss(avg):0.5991, cls_loss(avg):0.4702

Validating epoch 14 on all test datasets...
Testing on FTCPTC...
  FTCPTC - Dice: 0.7586, HD95: 14.8896
  FTCPTC - FTCPTC: Acc=0.5815, Prec=0.3276, Rec=0.2696, F1=0.2950, AUROC=0.4917, AUPRC=0.3233, ECE=0.2278
Epoch:15: seg_loss(avg):0.6008, cls_loss(avg):0.4693
Saved checkpoint at epoch 15
Epoch:16: seg_loss(avg):0.6004, cls_loss(avg):0.4487

Validating epoch 16 on all test datasets...
Testing on FTCPTC...
  FTCPTC - Dice: 0.7660, HD95: 14.1406
  FTCPTC - FTCPTC: Acc=0.6072, Prec=0.2775, Rec=0.1280, F1=0.1746, AUROC=0.5054, AUPRC=0.3339, ECE=0.2080
Epoch:17: seg_loss(avg):0.5882, cls_loss(avg):0.3819
Epoch:18: seg_loss(avg):0.5828, cls_loss(avg):0.3689

Validating epoch 18 on all test datasets...
Testing on FTCPTC...
  FTCPTC - Dice: 0.7691, HD95: 14.2387
  FTCPTC - FTCPTC: Acc=0.5518, Prec=0.3255, Rec=0.3498, F1=0.3366, AUROC=0.5070, AUPRC=0.3228, ECE=0.2751
Epoch:19: seg_loss(avg):0.5837, cls_loss(avg):0.3339
Epoch:20: seg_loss(avg):0.5827, cls_loss(avg):0.3204
Saved checkpoint at epoch 20

Validating epoch 20 on all test datasets...
Testing on FTCPTC...
  FTCPTC - Dice: 0.7698, HD95: 13.9459
  FTCPTC - FTCPTC: Acc=0.5373, Prec=0.3343, Rec=0.4233, F1=0.3730, AUROC=0.5303, AUPRC=0.3362, ECE=0.2978
Epoch:21: seg_loss(avg):0.5595, cls_loss(avg):0.3266
Epoch:22: seg_loss(avg):0.5751, cls_loss(avg):0.2727

Validating epoch 22 on all test datasets...
Testing on FTCPTC...
  FTCPTC - Dice: 0.7691, HD95: 13.8190
  FTCPTC - FTCPTC: Acc=0.5378, Prec=0.3246, Rec=0.3867, F1=0.3523, AUROC=0.4992, AUPRC=0.3228, ECE=0.3484
Epoch:23: seg_loss(avg):0.5697, cls_loss(avg):0.2492
Epoch:24: seg_loss(avg):0.5640, cls_loss(avg):0.2632

Validating epoch 24 on all test datasets...
Testing on FTCPTC...
  FTCPTC - Dice: 0.7694, HD95: 13.9484
  FTCPTC - FTCPTC: Acc=0.5712, Prec=0.3175, Rec=0.2746, F1=0.2938, AUROC=0.5110, AUPRC=0.3236, ECE=0.3233
Epoch:25: seg_loss(avg):0.5673, cls_loss(avg):0.2426
Saved checkpoint at epoch 25
Epoch:26: seg_loss(avg):0.5726, cls_loss(avg):0.2334

Validating epoch 26 on all test datasets...
Testing on FTCPTC...
  FTCPTC - Dice: 0.7700, HD95: 13.7587
  FTCPTC - FTCPTC: Acc=0.5756, Prec=0.2861, Rec=0.2022, F1=0.2363, AUROC=0.5216, AUPRC=0.3286, ECE=0.3144
Epoch:27: seg_loss(avg):0.5592, cls_loss(avg):0.2473
Epoch:28: seg_loss(avg):0.5687, cls_loss(avg):0.2142

Validating epoch 28 on all test datasets...
Testing on FTCPTC...
  FTCPTC - Dice: 0.7698, HD95: 13.8465
  FTCPTC - FTCPTC: Acc=0.5773, Prec=0.2920, Rec=0.2084, F1=0.2425, AUROC=0.5221, AUPRC=0.3292, ECE=0.3114
Epoch:29: seg_loss(avg):0.5694, cls_loss(avg):0.2436
Epoch:30: seg_loss(avg):0.5691, cls_loss(avg):0.2390
Saved checkpoint at epoch 30

Validating epoch 30 on all test datasets...
Testing on FTCPTC...
  FTCPTC - Dice: 0.7699, HD95: 13.8802
  FTCPTC - FTCPTC: Acc=0.5773, Prec=0.3141, Rec=0.2509, F1=0.2783, AUROC=0.5212, AUPRC=0.3301, ECE=0.3178

========== Evaluation Summary (All Test Records) ==========


Dataset: FTCPTC
Eval epochs: [2, 4, 6, 8, 10, 12, 14, 16, 18, 20, 22, 24, 26, 28, 30]
Dice per eval: [0.6029999852180481, 0.6983000040054321, 0.7055000066757202, 0.7480999827384949, 0.7473999857902527, 0.756600022315979, 0.7585999965667725, 0.765999972820282, 0.76910001039505, 0.7698000073432922, 0.76910001039505, 0.7694000005722046, 0.7699999809265137, 0.7698000073432922, 0.7699000239372253]
HD95 per eval: [28.221500396728516, 20.842100143432617, 20.439800262451172, 16.810199737548828, 16.814800262451172, 15.361100196838379, 14.889599800109863, 14.140600204467773, 14.238699913024902, 13.945899963378906, 13.819000244140625, 13.948399543762207, 13.758700370788574, 13.846500396728516, 13.880200386047363]
Best Dice: 0.7700 at epoch 26
Best HD95: 13.7587 at epoch 26

FTCPTC metrics per eval:
  Acc:  [0.4337, 0.4659, 0.3723, 0.5913, 0.4254, 0.5715, 0.5815, 0.6072, 0.5518, 0.5373, 0.5378, 0.5712, 0.5756, 0.5773, 0.5773]
  Prec: [0.227, 0.2522, 0.3031, 0.2961, 0.3118, 0.3409, 0.3276, 0.2775, 0.3255, 0.3343, 0.3246, 0.3175, 0.2861, 0.292, 0.3141]
  Rec:  [0.3064, 0.3249, 0.7123, 0.1843, 0.632, 0.3368, 0.2696, 0.128, 0.3498, 0.4233, 0.3867, 0.2746, 0.2022, 0.2084, 0.2509]
  F1:   [0.2603, 0.2834, 0.4248, 0.2265, 0.4171, 0.3382, 0.295, 0.1746, 0.3366, 0.373, 0.3523, 0.2938, 0.2363, 0.2425, 0.2783]
  AUROC:[0.381, 0.4063, 0.4549, 0.4518, 0.512, 0.4917, 0.4917, 0.5054, 0.507, 0.5303, 0.4992, 0.511, 0.5216, 0.5221, 0.5212]
  AUPRC:[0.2695, 0.2706, 0.3109, 0.3208, 0.3786, 0.3405, 0.3233, 0.3339, 0.3228, 0.3362, 0.3228, 0.3236, 0.3286, 0.3292, 0.3301]
  ECE:  [0.1805, 0.1954, 0.24, 0.1516, 0.2687, 0.1943, 0.2278, 0.208, 0.2751, 0.2978, 0.3484, 0.3233, 0.3144, 0.3114, 0.3178]
Best FTCPTC F1: 0.4248 at epoch 6

==========================================================

========== Training Completed ==========
Training completed at Thu May  7 21:09:21 2026
