Training started at Sat Feb  7 15:52:06 2026
Method: dino_unet
Dataset: gamtl_train_multitask_dataset_3
Epochs: 50
LR: 0.0001
Batch Size: 12
Image Size: 224 x 224
DINO pretrained: False
Use Dilation: False
Training set - Benign/Malignant: Benign=8848 (58.56%), Malignant=6261 (41.44%)
Auto-adjusted tau=0.50 (imbalance_ratio=1.41)
GLA parameters: p_benign=0.5856, p_malignant=0.4144, tau=0.50
Logit adjustment magnitude: 0.1729
Training set - TI-RADS distribution (1-5): [0, 0, 0, 0, 0]
TI-RADS probabilities: [0.20000000298023224, 0.20000000298023224, 0.20000000298023224, 0.20000000298023224, 0.20000000298023224]
Loss weights: seg=1.0, bm=1.0, tirads=1.0
GA-MTL schedule per optimizer step: ['seg', 'bm']
steps_per_epoch (optimizer steps): 629
Error occurred: CUDA out of memory. Tried to allocate 74.00 MiB. GPU 1 has a total capacity of 23.64 GiB of which 66.00 MiB is free. Process 2922758 has 7.47 GiB memory in use. Process 3182890 has 10.78 GiB memory in use. Process 1606771 has 3.22 GiB memory in use. Process 1610318 has 2.07 GiB memory in use. Of the allocated memory 1.49 GiB is allocated by PyTorch, and 135.58 MiB is reserved by PyTorch but unallocated. If reserved but unallocated memory is large try setting PYTORCH_CUDA_ALLOC_CONF=expandable_segments:True to avoid fragmentation.  See documentation for Memory Management  (https://pytorch.org/docs/stable/notes/cuda.html#environment-variables)
Traceback (most recent call last):
  File "/mnt/wangbd8/workspace/ThyroidAgent/dino_unet_multitask/train_multitask_gamtl.py", line 301, in main
    pred_seg, pred_bm, pred_ti = model(x)
                                 ^^^^^^^^
  File "/root/miniconda3/envs/dinov3/lib/python3.11/site-packages/torch/nn/modules/module.py", line 1553, in _wrapped_call_impl
    return self._call_impl(*args, **kwargs)
           ^^^^^^^^^^^^^^^^^^^^^^^^^^^^^^^^
  File "/root/miniconda3/envs/dinov3/lib/python3.11/site-packages/torch/nn/modules/module.py", line 1562, in _call_impl
    return forward_call(*args, **kwargs)
           ^^^^^^^^^^^^^^^^^^^^^^^^^^^^^
  File "/mnt/wangbd8/workspace/ThyroidAgent/dino_unet_multitask/dino_unet_multitask.py", line 156, in forward
    x = self.up1(x, x1)
        ^^^^^^^^^^^^^^^
  File "/root/miniconda3/envs/dinov3/lib/python3.11/site-packages/torch/nn/modules/module.py", line 1553, in _wrapped_call_impl
    return self._call_impl(*args, **kwargs)
           ^^^^^^^^^^^^^^^^^^^^^^^^^^^^^^^^
  File "/root/miniconda3/envs/dinov3/lib/python3.11/site-packages/torch/nn/modules/module.py", line 1562, in _call_impl
    return forward_call(*args, **kwargs)
           ^^^^^^^^^^^^^^^^^^^^^^^^^^^^^
  File "/mnt/wangbd8/workspace/ThyroidAgent/dino_unet_multitask/dino_unet_multitask.py", line 66, in forward
    return self.conv(x)
           ^^^^^^^^^^^^
  File "/root/miniconda3/envs/dinov3/lib/python3.11/site-packages/torch/nn/modules/module.py", line 1553, in _wrapped_call_impl
    return self._call_impl(*args, **kwargs)
           ^^^^^^^^^^^^^^^^^^^^^^^^^^^^^^^^
  File "/root/miniconda3/envs/dinov3/lib/python3.11/site-packages/torch/nn/modules/module.py", line 1562, in _call_impl
    return forward_call(*args, **kwargs)
           ^^^^^^^^^^^^^^^^^^^^^^^^^^^^^
  File "/mnt/wangbd8/workspace/ThyroidAgent/dino_unet_multitask/dino_unet_multitask.py", line 44, in forward
    return self.double_conv(x)
           ^^^^^^^^^^^^^^^^^^^
  File "/root/miniconda3/envs/dinov3/lib/python3.11/site-packages/torch/nn/modules/module.py", line 1553, in _wrapped_call_impl
    return self._call_impl(*args, **kwargs)
           ^^^^^^^^^^^^^^^^^^^^^^^^^^^^^^^^
  File "/root/miniconda3/envs/dinov3/lib/python3.11/site-packages/torch/nn/modules/module.py", line 1562, in _call_impl
    return forward_call(*args, **kwargs)
           ^^^^^^^^^^^^^^^^^^^^^^^^^^^^^
  File "/root/miniconda3/envs/dinov3/lib/python3.11/site-packages/torch/nn/modules/container.py", line 219, in forward
    input = module(input)
            ^^^^^^^^^^^^^
  File "/root/miniconda3/envs/dinov3/lib/python3.11/site-packages/torch/nn/modules/module.py", line 1553, in _wrapped_call_impl
    return self._call_impl(*args, **kwargs)
           ^^^^^^^^^^^^^^^^^^^^^^^^^^^^^^^^
  File "/root/miniconda3/envs/dinov3/lib/python3.11/site-packages/torch/nn/modules/module.py", line 1562, in _call_impl
    return forward_call(*args, **kwargs)
           ^^^^^^^^^^^^^^^^^^^^^^^^^^^^^
  File "/root/miniconda3/envs/dinov3/lib/python3.11/site-packages/torch/nn/modules/normalization.py", line 288, in forward
    return F.group_norm(
           ^^^^^^^^^^^^^
  File "/root/miniconda3/envs/dinov3/lib/python3.11/site-packages/torch/nn/functional.py", line 2606, in group_norm
    return torch.group_norm(input, num_groups, weight, bias, eps, torch.backends.cudnn.enabled)
           ^^^^^^^^^^^^^^^^^^^^^^^^^^^^^^^^^^^^^^^^^^^^^^^^^^^^^^^^^^^^^^^^^^^^^^^^^^^^^^^^^^^^
torch.OutOfMemoryError: CUDA out of memory. Tried to allocate 74.00 MiB. GPU 1 has a total capacity of 23.64 GiB of which 66.00 MiB is free. Process 2922758 has 7.47 GiB memory in use. Process 3182890 has 10.78 GiB memory in use. Process 1606771 has 3.22 GiB memory in use. Process 1610318 has 2.07 GiB memory in use. Of the allocated memory 1.49 GiB is allocated by PyTorch, and 135.58 MiB is reserved by PyTorch but unallocated. If reserved but unallocated memory is large try setting PYTORCH_CUDA_ALLOC_CONF=expandable_segments:True to avoid fragmentation.  See documentation for Memory Management  (https://pytorch.org/docs/stable/notes/cuda.html#environment-variables)

