Training started at Mon Jan 12 20:22:28 2026
Method: dino_unet
Dataset: train_multitask_dataset4
Epochs: 50
LR: 0.0001
Batch Size: 12
Image Size: 224 x 224
DINO pretrained: True
Use Dilation: False
Training set - Benign/Malignant: Benign=25859 (73.49%), Malignant=9327 (26.51%)
Auto-adjusted tau=1.00 (imbalance_ratio=2.77)
GLA parameters: p_benign=0.7349, p_malignant=0.2651, tau=1.00
Logit adjustment magnitude: 1.0197
Training set - TI-RADS distribution (1-5): [52, 892, 4931, 7230, 4307]
TI-RADS probabilities: [0.0029864460229873657, 0.05122903734445572, 0.28319549560546875, 0.4152308702468872, 0.24735814332962036]
Loss weights: seg=1.0, bm=1.0, tirads=1.0
GA-MTL schedule per optimizer step: ['seg', 'bm', 'tirads']
steps_per_epoch (optimizer steps): 977
Epoch:1: seg_loss(avg):0.6673, bm_loss(avg):0.6199, tirads_loss(avg):1.0517
Epoch:2: seg_loss(avg):0.5105, bm_loss(avg):0.4223, tirads_loss(avg):0.5051
Epoch:3: seg_loss(avg):0.4812, bm_loss(avg):0.3452, tirads_loss(avg):0.2528
Epoch:4: seg_loss(avg):0.4573, bm_loss(avg):0.2798, tirads_loss(avg):0.1383
Epoch:5: seg_loss(avg):0.4438, bm_loss(avg):0.2667, tirads_loss(avg):0.1106
Saved checkpoint at epoch 5

Validating epoch 5 on all test datasets...
Testing on TN3K...
  TN3K - Dice: 0.8055, HD95: 14.6430
  TN3K - BM: Acc=0.7537, Prec=0.6448, Rec=0.8008, F1=0.7139, AUROC=0.8287, AUPRC=0.7327
  TN3K - TI-RADS: Acc=0.0000, Prec=0.0000, Rec=0.0000, F1=0.0000, AUC=0.0000
Testing on DDTI...
  DDTI - Dice: 0.7406, HD95: 20.8695
  DDTI - BM: Acc=0.0000, Prec=0.0000, Rec=0.0000, F1=0.0000, AUROC=0.0000, AUPRC=0.0000
  DDTI - TI-RADS: Acc=0.0000, Prec=0.0000, Rec=0.0000, F1=0.0000, AUC=0.0000
Testing on ThyroidXL...
  ThyroidXL - Dice: 0.8458, HD95: 7.9038
  ThyroidXL - BM: Acc=0.8295, Prec=0.8470, Rec=0.7723, F1=0.8079, AUROC=0.9173, AUPRC=0.8868
  ThyroidXL - TI-RADS: Acc=0.0000, Prec=0.0000, Rec=0.0000, F1=0.0000, AUC=0.0000
Testing on PKTN...
  PKTN - Dice: 0.7681, HD95: 15.1589
  PKTN - BM: Acc=0.0000, Prec=0.0000, Rec=0.0000, F1=0.0000, AUROC=0.0000, AUPRC=0.0000
  PKTN - TI-RADS: Acc=0.0000, Prec=0.0000, Rec=0.0000, F1=0.0000, AUC=0.0000
Testing on TN5K...
  TN5K - Dice: 0.7626, HD95: 12.3523
  TN5K - BM: Acc=0.8779, Prec=0.8917, Rec=0.9481, F1=0.9190, AUROC=0.9191, AUPRC=0.9652
  TN5K - TI-RADS: Acc=0.0000, Prec=0.0000, Rec=0.0000, F1=0.0000, AUC=0.0000
Epoch:6: seg_loss(avg):0.4337, bm_loss(avg):0.2517, tirads_loss(avg):0.0725
Epoch:7: seg_loss(avg):0.4206, bm_loss(avg):0.2457, tirads_loss(avg):0.0715
Epoch:8: seg_loss(avg):0.4098, bm_loss(avg):0.2300, tirads_loss(avg):0.0646
Epoch:9: seg_loss(avg):0.4012, bm_loss(avg):0.2160, tirads_loss(avg):0.0357
Epoch:10: seg_loss(avg):0.3921, bm_loss(avg):0.2123, tirads_loss(avg):0.0350
Saved checkpoint at epoch 10

Validating epoch 10 on all test datasets...
Testing on TN3K...
  TN3K - Dice: 0.8158, HD95: 14.0820
  TN3K - BM: Acc=0.7555, Prec=0.6718, Rec=0.7120, F1=0.6909, AUROC=0.8186, AUPRC=0.7449
  TN3K - TI-RADS: Acc=0.0000, Prec=0.0000, Rec=0.0000, F1=0.0000, AUC=0.0000
Testing on DDTI...
  DDTI - Dice: 0.6959, HD95: 23.9423
  DDTI - BM: Acc=0.0000, Prec=0.0000, Rec=0.0000, F1=0.0000, AUROC=0.0000, AUPRC=0.0000
  DDTI - TI-RADS: Acc=0.0000, Prec=0.0000, Rec=0.0000, F1=0.0000, AUC=0.0000
Testing on ThyroidXL...
  ThyroidXL - Dice: 0.8491, HD95: 7.7698
  ThyroidXL - BM: Acc=0.7788, Prec=0.9248, Rec=0.5701, F1=0.7052, AUROC=0.9255, AUPRC=0.9049
  ThyroidXL - TI-RADS: Acc=0.0000, Prec=0.0000, Rec=0.0000, F1=0.0000, AUC=0.0000
Testing on PKTN...
  PKTN - Dice: 0.7669, HD95: 14.9355
  PKTN - BM: Acc=0.0000, Prec=0.0000, Rec=0.0000, F1=0.0000, AUROC=0.0000, AUPRC=0.0000
  PKTN - TI-RADS: Acc=0.0000, Prec=0.0000, Rec=0.0000, F1=0.0000, AUC=0.0000
Testing on TN5K...
  TN5K - Dice: 0.7821, HD95: 11.9248
  TN5K - BM: Acc=0.8589, Prec=0.9402, Rec=0.8618, F1=0.8992, AUROC=0.9272, AUPRC=0.9681
  TN5K - TI-RADS: Acc=0.0000, Prec=0.0000, Rec=0.0000, F1=0.0000, AUC=0.0000
Epoch:11: seg_loss(avg):0.3907, bm_loss(avg):0.2132, tirads_loss(avg):0.0567
Epoch:12: seg_loss(avg):0.3759, bm_loss(avg):0.1946, tirads_loss(avg):0.0254
Epoch:13: seg_loss(avg):0.3924, bm_loss(avg):0.2122, tirads_loss(avg):0.0478
Epoch:14: seg_loss(avg):0.3609, bm_loss(avg):0.1828, tirads_loss(avg):0.0253
Epoch:15: seg_loss(avg):0.3516, bm_loss(avg):0.1807, tirads_loss(avg):0.0062
Saved checkpoint at epoch 15

Validating epoch 15 on all test datasets...
Testing on TN3K...
  TN3K - Dice: 0.8158, HD95: 12.8186
  TN3K - BM: Acc=0.6646, Prec=0.5410, Rec=0.8433, F1=0.6588, AUROC=0.8084, AUPRC=0.7364
  TN3K - TI-RADS: Acc=0.0000, Prec=0.0000, Rec=0.0000, F1=0.0000, AUC=0.0000
Testing on DDTI...
  DDTI - Dice: 0.7313, HD95: 20.6795
  DDTI - BM: Acc=0.0000, Prec=0.0000, Rec=0.0000, F1=0.0000, AUROC=0.0000, AUPRC=0.0000
  DDTI - TI-RADS: Acc=0.0000, Prec=0.0000, Rec=0.0000, F1=0.0000, AUC=0.0000
Testing on ThyroidXL...
  ThyroidXL - Dice: 0.8550, HD95: 6.7413
  ThyroidXL - BM: Acc=0.8482, Prec=0.8118, Rec=0.8762, F1=0.8427, AUROC=0.9229, AUPRC=0.9007
  ThyroidXL - TI-RADS: Acc=0.0000, Prec=0.0000, Rec=0.0000, F1=0.0000, AUC=0.0000
Testing on PKTN...
  PKTN - Dice: 0.7806, HD95: 13.5840
  PKTN - BM: Acc=0.0000, Prec=0.0000, Rec=0.0000, F1=0.0000, AUROC=0.0000, AUPRC=0.0000
  PKTN - TI-RADS: Acc=0.0000, Prec=0.0000, Rec=0.0000, F1=0.0000, AUC=0.0000
Testing on TN5K...
  TN5K - Dice: 0.7937, HD95: 10.0169
  TN5K - BM: Acc=0.8715, Prec=0.8632, Rec=0.9794, F1=0.9176, AUROC=0.9413, AUPRC=0.9763
  TN5K - TI-RADS: Acc=0.0000, Prec=0.0000, Rec=0.0000, F1=0.0000, AUC=0.0000
Epoch:16: seg_loss(avg):0.3557, bm_loss(avg):0.1712, tirads_loss(avg):0.0227
Epoch:17: seg_loss(avg):0.3471, bm_loss(avg):0.1638, tirads_loss(avg):0.0182
Epoch:18: seg_loss(avg):0.3379, bm_loss(avg):0.1634, tirads_loss(avg):0.0123
Epoch:19: seg_loss(avg):0.3328, bm_loss(avg):0.1583, tirads_loss(avg):0.0161
Epoch:20: seg_loss(avg):0.3365, bm_loss(avg):0.1371, tirads_loss(avg):0.0184
Saved checkpoint at epoch 20

Validating epoch 20 on all test datasets...
Testing on TN3K...
  TN3K - Dice: 0.8253, HD95: 12.3143
  TN3K - BM: Acc=0.6562, Prec=0.5339, Rec=0.8346, F1=0.6508, AUROC=0.7985, AUPRC=0.7182
  TN3K - TI-RADS: Acc=0.0000, Prec=0.0000, Rec=0.0000, F1=0.0000, AUC=0.0000
Testing on DDTI...
  DDTI - Dice: 0.6918, HD95: 24.4264
  DDTI - BM: Acc=0.0000, Prec=0.0000, Rec=0.0000, F1=0.0000, AUROC=0.0000, AUPRC=0.0000
  DDTI - TI-RADS: Acc=0.0000, Prec=0.0000, Rec=0.0000, F1=0.0000, AUC=0.0000
Testing on ThyroidXL...
  ThyroidXL - Dice: 0.8601, HD95: 6.4480
  ThyroidXL - BM: Acc=0.8449, Prec=0.8466, Rec=0.8133, F1=0.8296, AUROC=0.9316, AUPRC=0.9112
  ThyroidXL - TI-RADS: Acc=0.0000, Prec=0.0000, Rec=0.0000, F1=0.0000, AUC=0.0000
Testing on PKTN...
  PKTN - Dice: 0.7856, HD95: 13.4119
  PKTN - BM: Acc=0.0000, Prec=0.0000, Rec=0.0000, F1=0.0000, AUROC=0.0000, AUPRC=0.0000
  PKTN - TI-RADS: Acc=0.0000, Prec=0.0000, Rec=0.0000, F1=0.0000, AUC=0.0000
Testing on TN5K...
  TN5K - Dice: 0.7915, HD95: 10.6339
  TN5K - BM: Acc=0.8897, Prec=0.8963, Rec=0.9602, F1=0.9271, AUROC=0.9389, AUPRC=0.9759
  TN5K - TI-RADS: Acc=0.0000, Prec=0.0000, Rec=0.0000, F1=0.0000, AUC=0.0000
Epoch:21: seg_loss(avg):0.3176, bm_loss(avg):0.1254, tirads_loss(avg):0.0032
Epoch:22: seg_loss(avg):0.3212, bm_loss(avg):0.1374, tirads_loss(avg):0.0151
Epoch:23: seg_loss(avg):0.3110, bm_loss(avg):0.1165, tirads_loss(avg):0.0022
Epoch:24: seg_loss(avg):0.3044, bm_loss(avg):0.1097, tirads_loss(avg):0.0015
Epoch:25: seg_loss(avg):0.3009, bm_loss(avg):0.1128, tirads_loss(avg):0.0087
Saved checkpoint at epoch 25

Validating epoch 25 on all test datasets...
Testing on TN3K...
  TN3K - Dice: 0.8213, HD95: 12.1396
  TN3K - BM: Acc=0.6873, Prec=0.5649, Rec=0.8138, F1=0.6665, AUROC=0.7891, AUPRC=0.7150
  TN3K - TI-RADS: Acc=0.0000, Prec=0.0000, Rec=0.0000, F1=0.0000, AUC=0.0000
Testing on DDTI...
  DDTI - Dice: 0.7251, HD95: 22.7085
  DDTI - BM: Acc=0.0000, Prec=0.0000, Rec=0.0000, F1=0.0000, AUROC=0.0000, AUPRC=0.0000
  DDTI - TI-RADS: Acc=0.0000, Prec=0.0000, Rec=0.0000, F1=0.0000, AUC=0.0000
Testing on ThyroidXL...
  ThyroidXL - Dice: 0.8649, HD95: 6.2376
  ThyroidXL - BM: Acc=0.8405, Prec=0.8120, Rec=0.8545, F1=0.8326, AUROC=0.9206, AUPRC=0.8927
  ThyroidXL - TI-RADS: Acc=0.0000, Prec=0.0000, Rec=0.0000, F1=0.0000, AUC=0.0000
Testing on PKTN...
  PKTN - Dice: 0.7853, HD95: 13.0064
  PKTN - BM: Acc=0.0000, Prec=0.0000, Rec=0.0000, F1=0.0000, AUROC=0.0000, AUPRC=0.0000
  PKTN - TI-RADS: Acc=0.0000, Prec=0.0000, Rec=0.0000, F1=0.0000, AUC=0.0000
Testing on TN5K...
  TN5K - Dice: 0.8026, HD95: 9.6817
  TN5K - BM: Acc=0.8885, Prec=0.8971, Rec=0.9574, F1=0.9262, AUROC=0.9357, AUPRC=0.9736
  TN5K - TI-RADS: Acc=0.0000, Prec=0.0000, Rec=0.0000, F1=0.0000, AUC=0.0000
Epoch:26: seg_loss(avg):0.2954, bm_loss(avg):0.1035, tirads_loss(avg):0.0048
Epoch:27: seg_loss(avg):0.2922, bm_loss(avg):0.0999, tirads_loss(avg):0.0006
Epoch:28: seg_loss(avg):0.2889, bm_loss(avg):0.0941, tirads_loss(avg):0.0045
Epoch:29: seg_loss(avg):0.2837, bm_loss(avg):0.0820, tirads_loss(avg):0.0015
Epoch:30: seg_loss(avg):0.2804, bm_loss(avg):0.0802, tirads_loss(avg):0.0024
Saved checkpoint at epoch 30

Validating epoch 30 on all test datasets...
Testing on TN3K...
  TN3K - Dice: 0.8296, HD95: 12.0547
  TN3K - BM: Acc=0.7187, Prec=0.6075, Rec=0.7585, F1=0.6742, AUROC=0.7910, AUPRC=0.7290
  TN3K - TI-RADS: Acc=0.0000, Prec=0.0000, Rec=0.0000, F1=0.0000, AUC=0.0000
Testing on DDTI...
  DDTI - Dice: 0.7306, HD95: 20.6694
  DDTI - BM: Acc=0.0000, Prec=0.0000, Rec=0.0000, F1=0.0000, AUROC=0.0000, AUPRC=0.0000
  DDTI - TI-RADS: Acc=0.0000, Prec=0.0000, Rec=0.0000, F1=0.0000, AUC=0.0000
Testing on ThyroidXL...
  ThyroidXL - Dice: 0.8682, HD95: 5.9423
  ThyroidXL - BM: Acc=0.8368, Prec=0.8697, Rec=0.7627, F1=0.8126, AUROC=0.9287, AUPRC=0.9111
  ThyroidXL - TI-RADS: Acc=0.0000, Prec=0.0000, Rec=0.0000, F1=0.0000, AUC=0.0000
Testing on PKTN...
  PKTN - Dice: 0.7944, HD95: 12.2577
  PKTN - BM: Acc=0.0000, Prec=0.0000, Rec=0.0000, F1=0.0000, AUROC=0.0000, AUPRC=0.0000
  PKTN - TI-RADS: Acc=0.0000, Prec=0.0000, Rec=0.0000, F1=0.0000, AUC=0.0000
Testing on TN5K...
  TN5K - Dice: 0.8012, HD95: 9.7525
  TN5K - BM: Acc=0.8878, Prec=0.8980, Rec=0.9550, F1=0.9256, AUROC=0.9428, AUPRC=0.9773
  TN5K - TI-RADS: Acc=0.0000, Prec=0.0000, Rec=0.0000, F1=0.0000, AUC=0.0000
Epoch:31: seg_loss(avg):0.2726, bm_loss(avg):0.0666, tirads_loss(avg):0.0010
Epoch:32: seg_loss(avg):0.2706, bm_loss(avg):0.0664, tirads_loss(avg):0.0014
Epoch:33: seg_loss(avg):0.2651, bm_loss(avg):0.0634, tirads_loss(avg):0.0021
Epoch:34: seg_loss(avg):0.2649, bm_loss(avg):0.0545, tirads_loss(avg):0.0029
Epoch:35: seg_loss(avg):0.2609, bm_loss(avg):0.0442, tirads_loss(avg):0.0010
Saved checkpoint at epoch 35

Validating epoch 35 on all test datasets...
Testing on TN3K...
  TN3K - Dice: 0.8273, HD95: 12.1476
  TN3K - BM: Acc=0.6973, Prec=0.5800, Rec=0.7711, F1=0.6617, AUROC=0.7848, AUPRC=0.7194
  TN3K - TI-RADS: Acc=0.0000, Prec=0.0000, Rec=0.0000, F1=0.0000, AUC=0.0000
Testing on DDTI...
  DDTI - Dice: 0.7222, HD95: 22.6737
  DDTI - BM: Acc=0.0000, Prec=0.0000, Rec=0.0000, F1=0.0000, AUROC=0.0000, AUPRC=0.0000
  DDTI - TI-RADS: Acc=0.0000, Prec=0.0000, Rec=0.0000, F1=0.0000, AUC=0.0000
Testing on ThyroidXL...
  ThyroidXL - Dice: 0.8671, HD95: 6.0945
  ThyroidXL - BM: Acc=0.8401, Prec=0.8759, Rec=0.7639, F1=0.8160, AUROC=0.9273, AUPRC=0.9088
  ThyroidXL - TI-RADS: Acc=0.0000, Prec=0.0000, Rec=0.0000, F1=0.0000, AUC=0.0000
Testing on PKTN...
  PKTN - Dice: 0.7912, HD95: 13.2416
  PKTN - BM: Acc=0.0000, Prec=0.0000, Rec=0.0000, F1=0.0000, AUROC=0.0000, AUPRC=0.0000
  PKTN - TI-RADS: Acc=0.0000, Prec=0.0000, Rec=0.0000, F1=0.0000, AUC=0.0000
Testing on TN5K...
  TN5K - Dice: 0.8057, HD95: 9.4199
  TN5K - BM: Acc=0.8919, Prec=0.9295, Rec=0.9222, F1=0.9258, AUROC=0.9450, AUPRC=0.9791
  TN5K - TI-RADS: Acc=0.0000, Prec=0.0000, Rec=0.0000, F1=0.0000, AUC=0.0000
Epoch:36: seg_loss(avg):0.2570, bm_loss(avg):0.0439, tirads_loss(avg):0.0029
Epoch:37: seg_loss(avg):0.2538, bm_loss(avg):0.0365, tirads_loss(avg):0.0019
Epoch:38: seg_loss(avg):0.2513, bm_loss(avg):0.0392, tirads_loss(avg):0.0026
Epoch:39: seg_loss(avg):0.2471, bm_loss(avg):0.0320, tirads_loss(avg):0.0006
Epoch:40: seg_loss(avg):0.2446, bm_loss(avg):0.0345, tirads_loss(avg):0.0021
Saved checkpoint at epoch 40

Validating epoch 40 on all test datasets...
Testing on TN3K...
  TN3K - Dice: 0.8279, HD95: 12.3038
  TN3K - BM: Acc=0.7085, Prec=0.5975, Rec=0.7414, F1=0.6613, AUROC=0.7726, AUPRC=0.7088
  TN3K - TI-RADS: Acc=0.0000, Prec=0.0000, Rec=0.0000, F1=0.0000, AUC=0.0000
Testing on DDTI...
  DDTI - Dice: 0.7324, HD95: 21.2818
  DDTI - BM: Acc=0.0000, Prec=0.0000, Rec=0.0000, F1=0.0000, AUROC=0.0000, AUPRC=0.0000
  DDTI - TI-RADS: Acc=0.0000, Prec=0.0000, Rec=0.0000, F1=0.0000, AUC=0.0000
Testing on ThyroidXL...
  ThyroidXL - Dice: 0.8684, HD95: 5.9072
  ThyroidXL - BM: Acc=0.8410, Prec=0.8727, Rec=0.7700, F1=0.8181, AUROC=0.9277, AUPRC=0.9052
  ThyroidXL - TI-RADS: Acc=0.0000, Prec=0.0000, Rec=0.0000, F1=0.0000, AUC=0.0000
Testing on PKTN...
  PKTN - Dice: 0.7939, HD95: 12.6847
  PKTN - BM: Acc=0.0000, Prec=0.0000, Rec=0.0000, F1=0.0000, AUROC=0.0000, AUPRC=0.0000
  PKTN - TI-RADS: Acc=0.0000, Prec=0.0000, Rec=0.0000, F1=0.0000, AUC=0.0000
Testing on TN5K...
  TN5K - Dice: 0.8096, HD95: 9.6048
  TN5K - BM: Acc=0.8901, Prec=0.9281, Rec=0.9210, F1=0.9245, AUROC=0.9458, AUPRC=0.9791
  TN5K - TI-RADS: Acc=0.0000, Prec=0.0000, Rec=0.0000, F1=0.0000, AUC=0.0000
Epoch:41: seg_loss(avg):0.2398, bm_loss(avg):0.0311, tirads_loss(avg):0.0015
Epoch:42: seg_loss(avg):0.2399, bm_loss(avg):0.0317, tirads_loss(avg):0.0015
Epoch:43: seg_loss(avg):0.2380, bm_loss(avg):0.0286, tirads_loss(avg):0.0004
Epoch:44: seg_loss(avg):0.2369, bm_loss(avg):0.0216, tirads_loss(avg):0.0011
Epoch:45: seg_loss(avg):0.2339, bm_loss(avg):0.0233, tirads_loss(avg):0.0002
Saved checkpoint at epoch 45

Validating epoch 45 on all test datasets...
Testing on TN3K...
  TN3K - Dice: 0.8297, HD95: 11.7885
  TN3K - BM: Acc=0.6987, Prec=0.5827, Rec=0.7624, F1=0.6601, AUROC=0.7810, AUPRC=0.7088
  TN3K - TI-RADS: Acc=0.0000, Prec=0.0000, Rec=0.0000, F1=0.0000, AUC=0.0000
Testing on DDTI...
  DDTI - Dice: 0.7246, HD95: 21.5033
  DDTI - BM: Acc=0.0000, Prec=0.0000, Rec=0.0000, F1=0.0000, AUROC=0.0000, AUPRC=0.0000
  DDTI - TI-RADS: Acc=0.0000, Prec=0.0000, Rec=0.0000, F1=0.0000, AUC=0.0000
Testing on ThyroidXL...
  ThyroidXL - Dice: 0.8696, HD95: 5.7877
  ThyroidXL - BM: Acc=0.8520, Prec=0.8725, Rec=0.7980, F1=0.8335, AUROC=0.9294, AUPRC=0.9067
  ThyroidXL - TI-RADS: Acc=0.0000, Prec=0.0000, Rec=0.0000, F1=0.0000, AUC=0.0000
Testing on PKTN...
  PKTN - Dice: 0.7962, HD95: 12.3929
  PKTN - BM: Acc=0.0000, Prec=0.0000, Rec=0.0000, F1=0.0000, AUROC=0.0000, AUPRC=0.0000
  PKTN - TI-RADS: Acc=0.0000, Prec=0.0000, Rec=0.0000, F1=0.0000, AUC=0.0000
Testing on TN5K...
  TN5K - Dice: 0.8097, HD95: 9.6254
  TN5K - BM: Acc=0.8948, Prec=0.9182, Rec=0.9399, F1=0.9289, AUROC=0.9451, AUPRC=0.9787
  TN5K - TI-RADS: Acc=0.0000, Prec=0.0000, Rec=0.0000, F1=0.0000, AUC=0.0000
Epoch:46: seg_loss(avg):0.2339, bm_loss(avg):0.0194, tirads_loss(avg):0.0002
Epoch:47: seg_loss(avg):0.2379, bm_loss(avg):0.0201, tirads_loss(avg):0.0007
Epoch:48: seg_loss(avg):0.2334, bm_loss(avg):0.0189, tirads_loss(avg):0.0011
Epoch:49: seg_loss(avg):0.2329, bm_loss(avg):0.0168, tirads_loss(avg):0.0007
Epoch:50: seg_loss(avg):0.2358, bm_loss(avg):0.0168, tirads_loss(avg):0.0014
Saved checkpoint at epoch 50

Validating epoch 50 on all test datasets...
Testing on TN3K...
  TN3K - Dice: 0.8294, HD95: 11.7654
  TN3K - BM: Acc=0.6988, Prec=0.5850, Rec=0.7456, F1=0.6552, AUROC=0.7747, AUPRC=0.6996
  TN3K - TI-RADS: Acc=0.0000, Prec=0.0000, Rec=0.0000, F1=0.0000, AUC=0.0000
Testing on DDTI...
  DDTI - Dice: 0.7281, HD95: 21.2234
  DDTI - BM: Acc=0.0000, Prec=0.0000, Rec=0.0000, F1=0.0000, AUROC=0.0000, AUPRC=0.0000
  DDTI - TI-RADS: Acc=0.0000, Prec=0.0000, Rec=0.0000, F1=0.0000, AUC=0.0000
Testing on ThyroidXL...
  ThyroidXL - Dice: 0.8696, HD95: 5.7907
  ThyroidXL - BM: Acc=0.8420, Prec=0.8746, Rec=0.7701, F1=0.8189, AUROC=0.9292, AUPRC=0.9068
  ThyroidXL - TI-RADS: Acc=0.0000, Prec=0.0000, Rec=0.0000, F1=0.0000, AUC=0.0000
Testing on PKTN...
  PKTN - Dice: 0.7956, HD95: 12.5118
  PKTN - BM: Acc=0.0000, Prec=0.0000, Rec=0.0000, F1=0.0000, AUROC=0.0000, AUPRC=0.0000
  PKTN - TI-RADS: Acc=0.0000, Prec=0.0000, Rec=0.0000, F1=0.0000, AUC=0.0000
Testing on TN5K...
  TN5K - Dice: 0.8109, HD95: 9.4333
  TN5K - BM: Acc=0.8900, Prec=0.9246, Rec=0.9250, F1=0.9247, AUROC=0.9441, AUPRC=0.9780
  TN5K - TI-RADS: Acc=0.0000, Prec=0.0000, Rec=0.0000, F1=0.0000, AUC=0.0000

========== Evaluation Summary (All Test Records) ==========

Dataset: TN3K
Eval epochs: [5, 10, 15, 20, 25, 30, 35, 40, 45, 50]
Dice per eval: [0.8054999709129333, 0.8158000111579895, 0.8158000111579895, 0.8252999782562256, 0.8213000297546387, 0.8295999765396118, 0.8273000121116638, 0.8278999924659729, 0.8296999931335449, 0.8294000029563904]
HD95 per eval: [14.642999649047852, 14.081999778747559, 12.818599700927734, 12.314299583435059, 12.139599800109863, 12.054699897766113, 12.147600173950195, 12.303799629211426, 11.78849983215332, 11.765399932861328]
Best Dice: 0.8297 at epoch 45
Best HD95: 11.7654 at epoch 50

BM metrics per eval:
  Acc:  [0.7537, 0.7555, 0.6646, 0.6562, 0.6873, 0.7187, 0.6973, 0.7085, 0.6987, 0.6988]
  Prec: [0.6448, 0.6718, 0.541, 0.5339, 0.5649, 0.6075, 0.58, 0.5975, 0.5827, 0.585]
  Rec:  [0.8008, 0.712, 0.8433, 0.8346, 0.8138, 0.7585, 0.7711, 0.7414, 0.7624, 0.7456]
  F1:   [0.7139, 0.6909, 0.6588, 0.6508, 0.6665, 0.6742, 0.6617, 0.6613, 0.6601, 0.6552]
  AUROC:[0.8287, 0.8186, 0.8084, 0.7985, 0.7891, 0.791, 0.7848, 0.7726, 0.781, 0.7747]
  AUPRC:[0.7327, 0.7449, 0.7364, 0.7182, 0.715, 0.729, 0.7194, 0.7088, 0.7088, 0.6996]
Best BM F1: 0.7139 at epoch 5

TI-RADS metrics per eval:
  Acc:  [0.0, 0.0, 0.0, 0.0, 0.0, 0.0, 0.0, 0.0, 0.0, 0.0]
  Prec: [0.0, 0.0, 0.0, 0.0, 0.0, 0.0, 0.0, 0.0, 0.0, 0.0]
  Rec:  [0.0, 0.0, 0.0, 0.0, 0.0, 0.0, 0.0, 0.0, 0.0, 0.0]
  F1:   [0.0, 0.0, 0.0, 0.0, 0.0, 0.0, 0.0, 0.0, 0.0, 0.0]
  AUC:  [0.0, 0.0, 0.0, 0.0, 0.0, 0.0, 0.0, 0.0, 0.0, 0.0]
Best TI-RADS F1: 0.0000 at epoch 5

Dataset: DDTI
Eval epochs: [5, 10, 15, 20, 25, 30, 35, 40, 45, 50]
Dice per eval: [0.7405999898910522, 0.695900022983551, 0.7312999963760376, 0.6917999982833862, 0.7250999808311462, 0.7305999994277954, 0.7221999764442444, 0.7324000000953674, 0.7246000170707703, 0.7281000018119812]
HD95 per eval: [20.86949920654297, 23.94230079650879, 20.679500579833984, 24.42639923095703, 22.708499908447266, 20.66939926147461, 22.6737003326416, 21.28179931640625, 21.503299713134766, 21.223400115966797]
Best Dice: 0.7406 at epoch 5
Best HD95: 20.6694 at epoch 30

BM metrics per eval:
  Acc:  [0.0, 0.0, 0.0, 0.0, 0.0, 0.0, 0.0, 0.0, 0.0, 0.0]
  Prec: [0.0, 0.0, 0.0, 0.0, 0.0, 0.0, 0.0, 0.0, 0.0, 0.0]
  Rec:  [0.0, 0.0, 0.0, 0.0, 0.0, 0.0, 0.0, 0.0, 0.0, 0.0]
  F1:   [0.0, 0.0, 0.0, 0.0, 0.0, 0.0, 0.0, 0.0, 0.0, 0.0]
  AUROC:[0.0, 0.0, 0.0, 0.0, 0.0, 0.0, 0.0, 0.0, 0.0, 0.0]
  AUPRC:[0.0, 0.0, 0.0, 0.0, 0.0, 0.0, 0.0, 0.0, 0.0, 0.0]
Best BM F1: 0.0000 at epoch 5

TI-RADS metrics per eval:
  Acc:  [0.0, 0.0, 0.0, 0.0, 0.0, 0.0, 0.0, 0.0, 0.0, 0.0]
  Prec: [0.0, 0.0, 0.0, 0.0, 0.0, 0.0, 0.0, 0.0, 0.0, 0.0]
  Rec:  [0.0, 0.0, 0.0, 0.0, 0.0, 0.0, 0.0, 0.0, 0.0, 0.0]
  F1:   [0.0, 0.0, 0.0, 0.0, 0.0, 0.0, 0.0, 0.0, 0.0, 0.0]
  AUC:  [0.0, 0.0, 0.0, 0.0, 0.0, 0.0, 0.0, 0.0, 0.0, 0.0]
Best TI-RADS F1: 0.0000 at epoch 5

Dataset: ThyroidXL
Eval epochs: [5, 10, 15, 20, 25, 30, 35, 40, 45, 50]
Dice per eval: [0.84579998254776, 0.8490999937057495, 0.8550000190734863, 0.8600999712944031, 0.8648999929428101, 0.8682000041007996, 0.8671000003814697, 0.868399977684021, 0.8695999979972839, 0.8695999979972839]
HD95 per eval: [7.903800010681152, 7.769800186157227, 6.741300106048584, 6.447999954223633, 6.237599849700928, 5.942299842834473, 6.0945000648498535, 5.907199859619141, 5.787700176239014, 5.7906999588012695]
Best Dice: 0.8696 at epoch 45
Best HD95: 5.7877 at epoch 45

BM metrics per eval:
  Acc:  [0.8295, 0.7788, 0.8482, 0.8449, 0.8405, 0.8368, 0.8401, 0.841, 0.852, 0.842]
  Prec: [0.847, 0.9248, 0.8118, 0.8466, 0.812, 0.8697, 0.8759, 0.8727, 0.8725, 0.8746]
  Rec:  [0.7723, 0.5701, 0.8762, 0.8133, 0.8545, 0.7627, 0.7639, 0.77, 0.798, 0.7701]
  F1:   [0.8079, 0.7052, 0.8427, 0.8296, 0.8326, 0.8126, 0.816, 0.8181, 0.8335, 0.8189]
  AUROC:[0.9173, 0.9255, 0.9229, 0.9316, 0.9206, 0.9287, 0.9273, 0.9277, 0.9294, 0.9292]
  AUPRC:[0.8868, 0.9049, 0.9007, 0.9112, 0.8927, 0.9111, 0.9088, 0.9052, 0.9067, 0.9068]
Best BM F1: 0.8427 at epoch 15

TI-RADS metrics per eval:
  Acc:  [0.0, 0.0, 0.0, 0.0, 0.0, 0.0, 0.0, 0.0, 0.0, 0.0]
  Prec: [0.0, 0.0, 0.0, 0.0, 0.0, 0.0, 0.0, 0.0, 0.0, 0.0]
  Rec:  [0.0, 0.0, 0.0, 0.0, 0.0, 0.0, 0.0, 0.0, 0.0, 0.0]
  F1:   [0.0, 0.0, 0.0, 0.0, 0.0, 0.0, 0.0, 0.0, 0.0, 0.0]
  AUC:  [0.0, 0.0, 0.0, 0.0, 0.0, 0.0, 0.0, 0.0, 0.0, 0.0]
Best TI-RADS F1: 0.0000 at epoch 5

Dataset: PKTN
Eval epochs: [5, 10, 15, 20, 25, 30, 35, 40, 45, 50]
Dice per eval: [0.7681000232696533, 0.7669000029563904, 0.7806000113487244, 0.7856000065803528, 0.7853000164031982, 0.7943999767303467, 0.7911999821662903, 0.7939000129699707, 0.7961999773979187, 0.7955999970436096]
HD95 per eval: [15.158900260925293, 14.935500144958496, 13.583999633789062, 13.41189956665039, 13.006400108337402, 12.257699966430664, 13.241600036621094, 12.684700012207031, 12.392900466918945, 12.511799812316895]
Best Dice: 0.7962 at epoch 45
Best HD95: 12.2577 at epoch 30

BM metrics per eval:
  Acc:  [0.0, 0.0, 0.0, 0.0, 0.0, 0.0, 0.0, 0.0, 0.0, 0.0]
  Prec: [0.0, 0.0, 0.0, 0.0, 0.0, 0.0, 0.0, 0.0, 0.0, 0.0]
  Rec:  [0.0, 0.0, 0.0, 0.0, 0.0, 0.0, 0.0, 0.0, 0.0, 0.0]
  F1:   [0.0, 0.0, 0.0, 0.0, 0.0, 0.0, 0.0, 0.0, 0.0, 0.0]
  AUROC:[0.0, 0.0, 0.0, 0.0, 0.0, 0.0, 0.0, 0.0, 0.0, 0.0]
  AUPRC:[0.0, 0.0, 0.0, 0.0, 0.0, 0.0, 0.0, 0.0, 0.0, 0.0]
Best BM F1: 0.0000 at epoch 5

TI-RADS metrics per eval:
  Acc:  [0.0, 0.0, 0.0, 0.0, 0.0, 0.0, 0.0, 0.0, 0.0, 0.0]
  Prec: [0.0, 0.0, 0.0, 0.0, 0.0, 0.0, 0.0, 0.0, 0.0, 0.0]
  Rec:  [0.0, 0.0, 0.0, 0.0, 0.0, 0.0, 0.0, 0.0, 0.0, 0.0]
  F1:   [0.0, 0.0, 0.0, 0.0, 0.0, 0.0, 0.0, 0.0, 0.0, 0.0]
  AUC:  [0.0, 0.0, 0.0, 0.0, 0.0, 0.0, 0.0, 0.0, 0.0, 0.0]
Best TI-RADS F1: 0.0000 at epoch 5

Dataset: TN5K
Eval epochs: [5, 10, 15, 20, 25, 30, 35, 40, 45, 50]
Dice per eval: [0.7626000046730042, 0.7821000218391418, 0.7936999797821045, 0.7914999723434448, 0.8026000261306763, 0.8011999726295471, 0.8057000041007996, 0.8095999956130981, 0.8097000122070312, 0.8108999729156494]
HD95 per eval: [12.352299690246582, 11.924799919128418, 10.016900062561035, 10.633899688720703, 9.681699752807617, 9.7524995803833, 9.419899940490723, 9.6048002243042, 9.625399589538574, 9.433300018310547]
Best Dice: 0.8109 at epoch 50
Best HD95: 9.4199 at epoch 35

BM metrics per eval:
  Acc:  [0.8779, 0.8589, 0.8715, 0.8897, 0.8885, 0.8878, 0.8919, 0.8901, 0.8948, 0.89]
  Prec: [0.8917, 0.9402, 0.8632, 0.8963, 0.8971, 0.898, 0.9295, 0.9281, 0.9182, 0.9246]
  Rec:  [0.9481, 0.8618, 0.9794, 0.9602, 0.9574, 0.955, 0.9222, 0.921, 0.9399, 0.925]
  F1:   [0.919, 0.8992, 0.9176, 0.9271, 0.9262, 0.9256, 0.9258, 0.9245, 0.9289, 0.9247]
  AUROC:[0.9191, 0.9272, 0.9413, 0.9389, 0.9357, 0.9428, 0.945, 0.9458, 0.9451, 0.9441]
  AUPRC:[0.9652, 0.9681, 0.9763, 0.9759, 0.9736, 0.9773, 0.9791, 0.9791, 0.9787, 0.978]
Best BM F1: 0.9289 at epoch 45

TI-RADS metrics per eval:
  Acc:  [0.0, 0.0, 0.0, 0.0, 0.0, 0.0, 0.0, 0.0, 0.0, 0.0]
  Prec: [0.0, 0.0, 0.0, 0.0, 0.0, 0.0, 0.0, 0.0, 0.0, 0.0]
  Rec:  [0.0, 0.0, 0.0, 0.0, 0.0, 0.0, 0.0, 0.0, 0.0, 0.0]
  F1:   [0.0, 0.0, 0.0, 0.0, 0.0, 0.0, 0.0, 0.0, 0.0, 0.0]
  AUC:  [0.0, 0.0, 0.0, 0.0, 0.0, 0.0, 0.0, 0.0, 0.0, 0.0]
Best TI-RADS F1: 0.0000 at epoch 5

==========================================================

========== Training Completed ==========
Training completed at Mon Jan 12 23:04:04 2026
