Training started at Sat Feb  7 15:53:15 2026
Method: dino_unet
Dataset: gamtl_train_multitask_dataset_4
Epochs: 50
LR: 0.0001
Batch Size: 12
Image Size: 224 x 224
DINO pretrained: False
Use Dilation: False
Training set - Benign/Malignant: Benign=18138 (70.97%), Malignant=7419 (29.03%)
Auto-adjusted tau=0.70 (imbalance_ratio=2.44)
GLA parameters: p_benign=0.7097, p_malignant=0.2903, tau=0.70
Logit adjustment magnitude: 0.6258
Training set - TI-RADS distribution (1-5): [30, 544, 3013, 4304, 2557]
TI-RADS probabilities: [0.0028713629581034184, 0.05206738039851189, 0.28838056325912476, 0.4119448661804199, 0.24473583698272705]
Loss weights: seg=1.0, bm=1.0, tirads=1.0
GA-MTL schedule per optimizer step: ['seg', 'bm', 'tirads']
steps_per_epoch (optimizer steps): 709
Epoch:1: seg_loss(avg):1.0269, bm_loss(avg):0.7006, tirads_loss(avg):1.2539
Epoch:2: seg_loss(avg):0.8790, bm_loss(avg):0.6398, tirads_loss(avg):1.2365
Epoch:3: seg_loss(avg):0.8255, bm_loss(avg):0.6292, tirads_loss(avg):1.1797
Epoch:4: seg_loss(avg):0.7911, bm_loss(avg):0.6165, tirads_loss(avg):1.0261
Epoch:5: seg_loss(avg):0.7681, bm_loss(avg):0.5953, tirads_loss(avg):0.8790
Saved checkpoint at epoch 5
Epoch:6: seg_loss(avg):0.7542, bm_loss(avg):0.5909, tirads_loss(avg):0.8245
Epoch:7: seg_loss(avg):0.7243, bm_loss(avg):0.5738, tirads_loss(avg):0.6566
Epoch:8: seg_loss(avg):0.7123, bm_loss(avg):0.5744, tirads_loss(avg):0.5785
Epoch:9: seg_loss(avg):0.6942, bm_loss(avg):0.5599, tirads_loss(avg):0.4748
Epoch:10: seg_loss(avg):0.6831, bm_loss(avg):0.5540, tirads_loss(avg):0.4265
Saved checkpoint at epoch 10
Epoch:11: seg_loss(avg):0.6711, bm_loss(avg):0.5421, tirads_loss(avg):0.3422
Epoch:12: seg_loss(avg):0.6592, bm_loss(avg):0.5336, tirads_loss(avg):0.2983
Epoch:13: seg_loss(avg):0.6531, bm_loss(avg):0.5232, tirads_loss(avg):0.2575
Epoch:14: seg_loss(avg):0.6378, bm_loss(avg):0.5086, tirads_loss(avg):0.2192
Epoch:15: seg_loss(avg):0.6254, bm_loss(avg):0.5052, tirads_loss(avg):0.1792
Saved checkpoint at epoch 15
Epoch:16: seg_loss(avg):0.6194, bm_loss(avg):0.4826, tirads_loss(avg):0.1766
Epoch:17: seg_loss(avg):0.6018, bm_loss(avg):0.4664, tirads_loss(avg):0.1437
Epoch:18: seg_loss(avg):0.5993, bm_loss(avg):0.4639, tirads_loss(avg):0.1194
Epoch:19: seg_loss(avg):0.5944, bm_loss(avg):0.4420, tirads_loss(avg):0.1059
Epoch:20: seg_loss(avg):0.5852, bm_loss(avg):0.4280, tirads_loss(avg):0.1101
Saved checkpoint at epoch 20
Epoch:21: seg_loss(avg):0.5698, bm_loss(avg):0.4260, tirads_loss(avg):0.0672
Epoch:22: seg_loss(avg):0.5695, bm_loss(avg):0.4199, tirads_loss(avg):0.0727
Epoch:23: seg_loss(avg):0.5600, bm_loss(avg):0.4126, tirads_loss(avg):0.0715
Epoch:24: seg_loss(avg):0.5598, bm_loss(avg):0.4064, tirads_loss(avg):0.0729
Epoch:25: seg_loss(avg):0.5465, bm_loss(avg):0.3878, tirads_loss(avg):0.0428
Saved checkpoint at epoch 25
Epoch:26: seg_loss(avg):0.5425, bm_loss(avg):0.3903, tirads_loss(avg):0.0401
Epoch:27: seg_loss(avg):0.5358, bm_loss(avg):0.3724, tirads_loss(avg):0.0448
Epoch:28: seg_loss(avg):0.5310, bm_loss(avg):0.3812, tirads_loss(avg):0.0309
Epoch:29: seg_loss(avg):0.5181, bm_loss(avg):0.3613, tirads_loss(avg):0.0189
Epoch:30: seg_loss(avg):0.5213, bm_loss(avg):0.3480, tirads_loss(avg):0.0209
Saved checkpoint at epoch 30
Epoch:31: seg_loss(avg):0.5129, bm_loss(avg):0.3464, tirads_loss(avg):0.0237
Epoch:32: seg_loss(avg):0.5112, bm_loss(avg):0.3362, tirads_loss(avg):0.0218
Epoch:33: seg_loss(avg):0.5029, bm_loss(avg):0.3413, tirads_loss(avg):0.0107
Epoch:34: seg_loss(avg):0.5024, bm_loss(avg):0.3309, tirads_loss(avg):0.0123
Epoch:35: seg_loss(avg):0.4892, bm_loss(avg):0.3339, tirads_loss(avg):0.0086
Saved checkpoint at epoch 35
Epoch:36: seg_loss(avg):0.4877, bm_loss(avg):0.3323, tirads_loss(avg):0.0048
Epoch:37: seg_loss(avg):0.4802, bm_loss(avg):0.3178, tirads_loss(avg):0.0148
Epoch:38: seg_loss(avg):0.4797, bm_loss(avg):0.3169, tirads_loss(avg):0.0040
Epoch:39: seg_loss(avg):0.4759, bm_loss(avg):0.3181, tirads_loss(avg):0.0104
Epoch:40: seg_loss(avg):0.4702, bm_loss(avg):0.3020, tirads_loss(avg):0.0041
Saved checkpoint at epoch 40
Epoch:41: seg_loss(avg):0.4701, bm_loss(avg):0.3147, tirads_loss(avg):0.0046
Epoch:42: seg_loss(avg):0.4650, bm_loss(avg):0.3003, tirads_loss(avg):0.0055
Epoch:43: seg_loss(avg):0.4619, bm_loss(avg):0.2970, tirads_loss(avg):0.0041
Epoch:44: seg_loss(avg):0.4631, bm_loss(avg):0.3000, tirads_loss(avg):0.0039
Epoch:45: seg_loss(avg):0.4586, bm_loss(avg):0.2962, tirads_loss(avg):0.0022
Saved checkpoint at epoch 45
Epoch:46: seg_loss(avg):0.4553, bm_loss(avg):0.2959, tirads_loss(avg):0.0046
Epoch:47: seg_loss(avg):0.4530, bm_loss(avg):0.2970, tirads_loss(avg):0.0026
Epoch:48: seg_loss(avg):0.4577, bm_loss(avg):0.2895, tirads_loss(avg):0.0023
Epoch:49: seg_loss(avg):0.4586, bm_loss(avg):0.2835, tirads_loss(avg):0.0015
Epoch:50: seg_loss(avg):0.4555, bm_loss(avg):0.2786, tirads_loss(avg):0.0020
Saved checkpoint at epoch 50

Validating epoch 50 on all test datasets...
Testing on TN3K...
  TN3K - Dice: 0.6925, HD95: 27.1260
  TN3K - BM: Acc=0.6833, Prec=0.6304, Rec=0.8339, F1=0.7178, AUROC=0.7805, AUPRC=0.7637
  TN3K - TI-RADS: Acc=0.0000, Prec=0.0000, Rec=0.0000, F1=0.0000, AUC=0.0000
Testing on DDTI...
  DDTI - Dice: 0.7183, HD95: 24.2964
  DDTI - BM: Acc=0.0000, Prec=0.0000, Rec=0.0000, F1=0.0000, AUROC=0.0000, AUPRC=0.0000
  DDTI - TI-RADS: Acc=0.0000, Prec=0.0000, Rec=0.0000, F1=0.0000, AUC=0.0000
Testing on ThyroidXL...
  ThyroidXL - Dice: 0.8155, HD95: 10.5924
  ThyroidXL - BM: Acc=0.7618, Prec=0.5510, Rec=0.6209, F1=0.5836, AUROC=0.8189, AUPRC=0.6160
  ThyroidXL - TI-RADS: Acc=0.0000, Prec=0.0000, Rec=0.0000, F1=0.0000, AUC=0.0000
Testing on PKTN...
  PKTN - Dice: 0.6867, HD95: 27.9447
  PKTN - BM: Acc=0.0000, Prec=0.0000, Rec=0.0000, F1=0.0000, AUROC=0.0000, AUPRC=0.0000
  PKTN - TI-RADS: Acc=0.0000, Prec=0.0000, Rec=0.0000, F1=0.0000, AUC=0.0000
Testing on TN5K...
  TN5K - Dice: 0.6721, HD95: 20.0756
  TN5K - BM: Acc=0.7320, Prec=0.7521, Rec=0.9245, F1=0.8292, AUROC=0.6819, AUPRC=0.8150
  TN5K - TI-RADS: Acc=0.0000, Prec=0.0000, Rec=0.0000, F1=0.0000, AUC=0.0000
Testing on Cine-Clip...
  Cine-Clip - Dice: 0.8528, HD95: 6.7348
  Cine-Clip - BM: Acc=0.9997, Prec=1.0000, Rec=0.9975, F1=0.9987, AUROC=1.0000, AUPRC=1.0000
  Cine-Clip - TI-RADS: Acc=0.9974, Prec=0.9802, Rec=0.9984, F1=0.9886, AUC=1.0000

========== Evaluation Summary (All Test Records) ==========

Dataset: TN3K
Eval epochs: [50]
Dice per eval: [0.6924999952316284]
HD95 per eval: [27.125999450683594]
Best Dice: 0.6925 at epoch 50
Best HD95: 27.1260 at epoch 50

BM metrics per eval:
  Acc:  [0.6833]
  Prec: [0.6304]
  Rec:  [0.8339]
  F1:   [0.7178]
  AUROC:[0.7805]
  AUPRC:[0.7637]
Best BM F1: 0.7178 at epoch 50

TI-RADS metrics per eval:
  Acc:  [0.0]
  Prec: [0.0]
  Rec:  [0.0]
  F1:   [0.0]
  AUC:  [0.0]
Best TI-RADS F1: 0.0000 at epoch 50

Dataset: DDTI
Eval epochs: [50]
Dice per eval: [0.7182999849319458]
HD95 per eval: [24.29640007019043]
Best Dice: 0.7183 at epoch 50
Best HD95: 24.2964 at epoch 50

BM metrics per eval:
  Acc:  [0.0]
  Prec: [0.0]
  Rec:  [0.0]
  F1:   [0.0]
  AUROC:[0.0]
  AUPRC:[0.0]
Best BM F1: 0.0000 at epoch 50

TI-RADS metrics per eval:
  Acc:  [0.0]
  Prec: [0.0]
  Rec:  [0.0]
  F1:   [0.0]
  AUC:  [0.0]
Best TI-RADS F1: 0.0000 at epoch 50

Dataset: ThyroidXL
Eval epochs: [50]
Dice per eval: [0.815500020980835]
HD95 per eval: [10.592399597167969]
Best Dice: 0.8155 at epoch 50
Best HD95: 10.5924 at epoch 50

BM metrics per eval:
  Acc:  [0.7618]
  Prec: [0.551]
  Rec:  [0.6209]
  F1:   [0.5836]
  AUROC:[0.8189]
  AUPRC:[0.616]
Best BM F1: 0.5836 at epoch 50

TI-RADS metrics per eval:
  Acc:  [0.0]
  Prec: [0.0]
  Rec:  [0.0]
  F1:   [0.0]
  AUC:  [0.0]
Best TI-RADS F1: 0.0000 at epoch 50

Dataset: PKTN
Eval epochs: [50]
Dice per eval: [0.6866999864578247]
HD95 per eval: [27.944700241088867]
Best Dice: 0.6867 at epoch 50
Best HD95: 27.9447 at epoch 50

BM metrics per eval:
  Acc:  [0.0]
  Prec: [0.0]
  Rec:  [0.0]
  F1:   [0.0]
  AUROC:[0.0]
  AUPRC:[0.0]
Best BM F1: 0.0000 at epoch 50

TI-RADS metrics per eval:
  Acc:  [0.0]
  Prec: [0.0]
  Rec:  [0.0]
  F1:   [0.0]
  AUC:  [0.0]
Best TI-RADS F1: 0.0000 at epoch 50

Dataset: TN5K
Eval epochs: [50]
Dice per eval: [0.6721000075340271]
HD95 per eval: [20.075599670410156]
Best Dice: 0.6721 at epoch 50
Best HD95: 20.0756 at epoch 50

BM metrics per eval:
  Acc:  [0.732]
  Prec: [0.7521]
  Rec:  [0.9245]
  F1:   [0.8292]
  AUROC:[0.6819]
  AUPRC:[0.815]
Best BM F1: 0.8292 at epoch 50

TI-RADS metrics per eval:
  Acc:  [0.0]
  Prec: [0.0]
  Rec:  [0.0]
  F1:   [0.0]
  AUC:  [0.0]
Best TI-RADS F1: 0.0000 at epoch 50

Dataset: Cine-Clip
Eval epochs: [50]
Dice per eval: [0.8528000116348267]
HD95 per eval: [6.734799861907959]
Best Dice: 0.8528 at epoch 50
Best HD95: 6.7348 at epoch 50

BM metrics per eval:
  Acc:  [0.9997]
  Prec: [1.0]
  Rec:  [0.9975]
  F1:   [0.9987]
  AUROC:[1.0]
  AUPRC:[1.0]
Best BM F1: 0.9987 at epoch 50

TI-RADS metrics per eval:
  Acc:  [0.9974]
  Prec: [0.9802]
  Rec:  [0.9984]
  F1:   [0.9886]
  AUC:  [1.0]
Best TI-RADS F1: 0.9886 at epoch 50

==========================================================

========== Training Completed ==========
Training completed at Sat Feb  7 17:36:40 2026
