Training started at Sun Dec 28 14:40:35 2025
Method: dino_unet
Dataset: diff_size_train_multitask_dataset1
Epochs: 50
LR: 0.0001
Batch Size: 12
Image Size: 128 x 128
DINO pretrained: True
Use Dilation: False
Training set - Benign/Malignant: Benign=2331 (49.25%), Malignant=2402 (50.75%)
Auto-adjusted tau=0.30 (imbalance_ratio=1.03)
GLA parameters: p_benign=0.4925, p_malignant=0.5075, tau=0.30
Logit adjustment magnitude: 0.0090
Training set - TI-RADS distribution (1-5): [0, 0, 0, 0, 0]
TI-RADS probabilities: [0.20000000298023224, 0.20000000298023224, 0.20000000298023224, 0.20000000298023224, 0.20000000298023224]
Loss weights: seg=1.0, bm=1.0, tirads=1.0
GA-MTL schedule per optimizer step: ['seg', 'bm']
steps_per_epoch (optimizer steps): 197
Epoch:1: seg_loss(avg):0.8882, bm_loss(avg):0.6376, tirads_loss(avg):0.0000
Epoch:2: seg_loss(avg):0.6931, bm_loss(avg):0.5364, tirads_loss(avg):0.0000
Epoch:3: seg_loss(avg):0.6348, bm_loss(avg):0.4634, tirads_loss(avg):0.0000
Epoch:4: seg_loss(avg):0.6072, bm_loss(avg):0.4328, tirads_loss(avg):0.0000
Epoch:5: seg_loss(avg):0.5752, bm_loss(avg):0.4007, tirads_loss(avg):0.0000
Saved checkpoint at epoch 5

Validating epoch 5 on all test datasets...
Testing on TN3K...
  TN3K - Dice: 0.8314, HD95: 9.8392
  TN3K - BM: Acc=0.7378, Prec=0.7863, Rec=0.4364, F1=0.5613, AUROC=0.8036, AUPRC=0.7172
  TN3K - TI-RADS: Acc=0.0000, Prec=0.0000, Rec=0.0000, F1=0.0000, AUC=0.0000
Testing on DDTI...
  DDTI - Dice: 0.7355, HD95: 16.3442
  DDTI - BM: Acc=0.0000, Prec=0.0000, Rec=0.0000, F1=0.0000, AUROC=0.0000, AUPRC=0.0000
  DDTI - TI-RADS: Acc=0.0000, Prec=0.0000, Rec=0.0000, F1=0.0000, AUC=0.0000
Testing on ThyroidXL...
  ThyroidXL - Dice: 0.7860, HD95: 8.9395
  ThyroidXL - BM: Acc=0.7713, Prec=0.7639, Rec=0.7340, F1=0.7487, AUROC=0.8468, AUPRC=0.8063
  ThyroidXL - TI-RADS: Acc=0.0000, Prec=0.0000, Rec=0.0000, F1=0.0000, AUC=0.0000
Testing on PKTN...
  PKTN - Dice: 0.6887, HD95: 15.0213
  PKTN - BM: Acc=0.0000, Prec=0.0000, Rec=0.0000, F1=0.0000, AUROC=0.0000, AUPRC=0.0000
  PKTN - TI-RADS: Acc=0.0000, Prec=0.0000, Rec=0.0000, F1=0.0000, AUC=0.0000
Testing on TN5K...
  TN5K - Dice: 0.6752, HD95: 13.2032
  TN5K - BM: Acc=0.6200, Prec=0.9270, Rec=0.5212, F1=0.6673, AUROC=0.8085, AUPRC=0.9133
  TN5K - TI-RADS: Acc=0.0000, Prec=0.0000, Rec=0.0000, F1=0.0000, AUC=0.0000
Epoch:6: seg_loss(avg):0.5692, bm_loss(avg):0.3655, tirads_loss(avg):0.0000
Epoch:7: seg_loss(avg):0.5400, bm_loss(avg):0.3400, tirads_loss(avg):0.0000
Epoch:8: seg_loss(avg):0.5356, bm_loss(avg):0.3049, tirads_loss(avg):0.0000
Epoch:9: seg_loss(avg):0.5310, bm_loss(avg):0.2973, tirads_loss(avg):0.0000
Epoch:10: seg_loss(avg):0.5100, bm_loss(avg):0.2857, tirads_loss(avg):0.0000
Saved checkpoint at epoch 10

Validating epoch 10 on all test datasets...
Testing on TN3K...
  TN3K - Dice: 0.8207, HD95: 10.5210
  TN3K - BM: Acc=0.6743, Prec=0.5506, Rec=0.8305, F1=0.6622, AUROC=0.7714, AUPRC=0.6471
  TN3K - TI-RADS: Acc=0.0000, Prec=0.0000, Rec=0.0000, F1=0.0000, AUC=0.0000
Testing on DDTI...
  DDTI - Dice: 0.7726, HD95: 12.7453
  DDTI - BM: Acc=0.0000, Prec=0.0000, Rec=0.0000, F1=0.0000, AUROC=0.0000, AUPRC=0.0000
  DDTI - TI-RADS: Acc=0.0000, Prec=0.0000, Rec=0.0000, F1=0.0000, AUC=0.0000
Testing on ThyroidXL...
  ThyroidXL - Dice: 0.7902, HD95: 8.1144
  ThyroidXL - BM: Acc=0.6230, Prec=0.5538, Rec=0.9660, F1=0.7040, AUROC=0.8090, AUPRC=0.7543
  ThyroidXL - TI-RADS: Acc=0.0000, Prec=0.0000, Rec=0.0000, F1=0.0000, AUC=0.0000
Testing on PKTN...
  PKTN - Dice: 0.7163, HD95: 12.6597
  PKTN - BM: Acc=0.0000, Prec=0.0000, Rec=0.0000, F1=0.0000, AUROC=0.0000, AUPRC=0.0000
  PKTN - TI-RADS: Acc=0.0000, Prec=0.0000, Rec=0.0000, F1=0.0000, AUC=0.0000
Testing on TN5K...
  TN5K - Dice: 0.6760, HD95: 12.5972
  TN5K - BM: Acc=0.7800, Prec=0.7927, Rec=0.9466, F1=0.8628, AUROC=0.8284, AUPRC=0.9230
  TN5K - TI-RADS: Acc=0.0000, Prec=0.0000, Rec=0.0000, F1=0.0000, AUC=0.0000
Epoch:11: seg_loss(avg):0.5050, bm_loss(avg):0.2661, tirads_loss(avg):0.0000
Epoch:12: seg_loss(avg):0.4942, bm_loss(avg):0.2387, tirads_loss(avg):0.0000
Epoch:13: seg_loss(avg):0.4858, bm_loss(avg):0.2239, tirads_loss(avg):0.0000
Epoch:14: seg_loss(avg):0.4806, bm_loss(avg):0.2032, tirads_loss(avg):0.0000
Epoch:15: seg_loss(avg):0.4785, bm_loss(avg):0.1869, tirads_loss(avg):0.0000
Saved checkpoint at epoch 15

Validating epoch 15 on all test datasets...
Testing on TN3K...
  TN3K - Dice: 0.8426, HD95: 9.1594
  TN3K - BM: Acc=0.7248, Prec=0.6236, Rec=0.7161, F1=0.6667, AUROC=0.8011, AUPRC=0.6982
  TN3K - TI-RADS: Acc=0.0000, Prec=0.0000, Rec=0.0000, F1=0.0000, AUC=0.0000
Testing on DDTI...
  DDTI - Dice: 0.7798, HD95: 12.7359
  DDTI - BM: Acc=0.0000, Prec=0.0000, Rec=0.0000, F1=0.0000, AUROC=0.0000, AUPRC=0.0000
  DDTI - TI-RADS: Acc=0.0000, Prec=0.0000, Rec=0.0000, F1=0.0000, AUC=0.0000
Testing on ThyroidXL...
  ThyroidXL - Dice: 0.8178, HD95: 6.5369
  ThyroidXL - BM: Acc=0.7373, Prec=0.6549, Rec=0.9175, F1=0.7643, AUROC=0.8551, AUPRC=0.8101
  ThyroidXL - TI-RADS: Acc=0.0000, Prec=0.0000, Rec=0.0000, F1=0.0000, AUC=0.0000
Testing on PKTN...
  PKTN - Dice: 0.7516, HD95: 11.0897
  PKTN - BM: Acc=0.0000, Prec=0.0000, Rec=0.0000, F1=0.0000, AUROC=0.0000, AUPRC=0.0000
  PKTN - TI-RADS: Acc=0.0000, Prec=0.0000, Rec=0.0000, F1=0.0000, AUC=0.0000
Testing on TN5K...
  TN5K - Dice: 0.7091, HD95: 10.8098
  TN5K - BM: Acc=0.7550, Prec=0.8501, Rec=0.8071, F1=0.8281, AUROC=0.7836, AUPRC=0.8998
  TN5K - TI-RADS: Acc=0.0000, Prec=0.0000, Rec=0.0000, F1=0.0000, AUC=0.0000
Epoch:16: seg_loss(avg):0.4532, bm_loss(avg):0.1712, tirads_loss(avg):0.0000
Epoch:17: seg_loss(avg):0.4540, bm_loss(avg):0.1761, tirads_loss(avg):0.0000
Epoch:18: seg_loss(avg):0.4436, bm_loss(avg):0.1383, tirads_loss(avg):0.0000
Epoch:19: seg_loss(avg):0.4454, bm_loss(avg):0.1510, tirads_loss(avg):0.0000
Epoch:20: seg_loss(avg):0.4348, bm_loss(avg):0.1405, tirads_loss(avg):0.0000
Saved checkpoint at epoch 20

Validating epoch 20 on all test datasets...
Testing on TN3K...
  TN3K - Dice: 0.8447, HD95: 8.6969
  TN3K - BM: Acc=0.7134, Prec=0.5987, Rec=0.7712, F1=0.6741, AUROC=0.7902, AUPRC=0.7123
  TN3K - TI-RADS: Acc=0.0000, Prec=0.0000, Rec=0.0000, F1=0.0000, AUC=0.0000
Testing on DDTI...
  DDTI - Dice: 0.7897, HD95: 11.4039
  DDTI - BM: Acc=0.0000, Prec=0.0000, Rec=0.0000, F1=0.0000, AUROC=0.0000, AUPRC=0.0000
  DDTI - TI-RADS: Acc=0.0000, Prec=0.0000, Rec=0.0000, F1=0.0000, AUC=0.0000
Testing on ThyroidXL...
  ThyroidXL - Dice: 0.8290, HD95: 5.9868
  ThyroidXL - BM: Acc=0.7536, Prec=0.6699, Rec=0.9247, F1=0.7770, AUROC=0.8584, AUPRC=0.8103
  ThyroidXL - TI-RADS: Acc=0.0000, Prec=0.0000, Rec=0.0000, F1=0.0000, AUC=0.0000
Testing on PKTN...
  PKTN - Dice: 0.7592, HD95: 10.6016
  PKTN - BM: Acc=0.0000, Prec=0.0000, Rec=0.0000, F1=0.0000, AUROC=0.0000, AUPRC=0.0000
  PKTN - TI-RADS: Acc=0.0000, Prec=0.0000, Rec=0.0000, F1=0.0000, AUC=0.0000
Testing on TN5K...
  TN5K - Dice: 0.7077, HD95: 10.8224
  TN5K - BM: Acc=0.7740, Prec=0.8492, Rec=0.8399, F1=0.8446, AUROC=0.8110, AUPRC=0.9122
  TN5K - TI-RADS: Acc=0.0000, Prec=0.0000, Rec=0.0000, F1=0.0000, AUC=0.0000
Epoch:21: seg_loss(avg):0.4250, bm_loss(avg):0.1310, tirads_loss(avg):0.0000
Epoch:22: seg_loss(avg):0.4107, bm_loss(avg):0.0975, tirads_loss(avg):0.0000
Epoch:23: seg_loss(avg):0.4172, bm_loss(avg):0.0895, tirads_loss(avg):0.0000
Epoch:24: seg_loss(avg):0.4072, bm_loss(avg):0.1006, tirads_loss(avg):0.0000
Epoch:25: seg_loss(avg):0.3976, bm_loss(avg):0.0886, tirads_loss(avg):0.0000
Saved checkpoint at epoch 25

Validating epoch 25 on all test datasets...
Testing on TN3K...
  TN3K - Dice: 0.8542, HD95: 8.0649
  TN3K - BM: Acc=0.7085, Prec=0.5966, Rec=0.7458, F1=0.6629, AUROC=0.8041, AUPRC=0.7053
  TN3K - TI-RADS: Acc=0.0000, Prec=0.0000, Rec=0.0000, F1=0.0000, AUC=0.0000
Testing on DDTI...
  DDTI - Dice: 0.7806, HD95: 12.0710
  DDTI - BM: Acc=0.0000, Prec=0.0000, Rec=0.0000, F1=0.0000, AUROC=0.0000, AUPRC=0.0000
  DDTI - TI-RADS: Acc=0.0000, Prec=0.0000, Rec=0.0000, F1=0.0000, AUC=0.0000
Testing on ThyroidXL...
  ThyroidXL - Dice: 0.8175, HD95: 6.4276
  ThyroidXL - BM: Acc=0.7129, Prec=0.6257, Rec=0.9495, F1=0.7543, AUROC=0.8487, AUPRC=0.7945
  ThyroidXL - TI-RADS: Acc=0.0000, Prec=0.0000, Rec=0.0000, F1=0.0000, AUC=0.0000
Testing on PKTN...
  PKTN - Dice: 0.7718, HD95: 9.9594
  PKTN - BM: Acc=0.0000, Prec=0.0000, Rec=0.0000, F1=0.0000, AUROC=0.0000, AUPRC=0.0000
  PKTN - TI-RADS: Acc=0.0000, Prec=0.0000, Rec=0.0000, F1=0.0000, AUC=0.0000
Testing on TN5K...
  TN5K - Dice: 0.7231, HD95: 10.6255
  TN5K - BM: Acc=0.8050, Prec=0.8592, Rec=0.8769, F1=0.8680, AUROC=0.8107, AUPRC=0.9097
  TN5K - TI-RADS: Acc=0.0000, Prec=0.0000, Rec=0.0000, F1=0.0000, AUC=0.0000
Epoch:26: seg_loss(avg):0.3871, bm_loss(avg):0.0750, tirads_loss(avg):0.0000
Epoch:27: seg_loss(avg):0.3850, bm_loss(avg):0.0662, tirads_loss(avg):0.0000
Epoch:28: seg_loss(avg):0.3720, bm_loss(avg):0.0408, tirads_loss(avg):0.0000
Epoch:29: seg_loss(avg):0.3645, bm_loss(avg):0.0512, tirads_loss(avg):0.0000
Epoch:30: seg_loss(avg):0.3607, bm_loss(avg):0.0526, tirads_loss(avg):0.0000
Saved checkpoint at epoch 30

Validating epoch 30 on all test datasets...
Testing on TN3K...
  TN3K - Dice: 0.8583, HD95: 7.6341
  TN3K - BM: Acc=0.7052, Prec=0.5914, Rec=0.7542, F1=0.6629, AUROC=0.7782, AUPRC=0.6935
  TN3K - TI-RADS: Acc=0.0000, Prec=0.0000, Rec=0.0000, F1=0.0000, AUC=0.0000
Testing on DDTI...
  DDTI - Dice: 0.7739, HD95: 12.4951
  DDTI - BM: Acc=0.0000, Prec=0.0000, Rec=0.0000, F1=0.0000, AUROC=0.0000, AUPRC=0.0000
  DDTI - TI-RADS: Acc=0.0000, Prec=0.0000, Rec=0.0000, F1=0.0000, AUC=0.0000
Testing on ThyroidXL...
  ThyroidXL - Dice: 0.8218, HD95: 6.3488
  ThyroidXL - BM: Acc=0.7579, Prec=0.6930, Rec=0.8588, F1=0.7670, AUROC=0.8482, AUPRC=0.8050
  ThyroidXL - TI-RADS: Acc=0.0000, Prec=0.0000, Rec=0.0000, F1=0.0000, AUC=0.0000
Testing on PKTN...
  PKTN - Dice: 0.7724, HD95: 9.8003
  PKTN - BM: Acc=0.0000, Prec=0.0000, Rec=0.0000, F1=0.0000, AUROC=0.0000, AUPRC=0.0000
  PKTN - TI-RADS: Acc=0.0000, Prec=0.0000, Rec=0.0000, F1=0.0000, AUC=0.0000
Testing on TN5K...
  TN5K - Dice: 0.7293, HD95: 10.0319
  TN5K - BM: Acc=0.7600, Prec=0.8659, Rec=0.7948, F1=0.8288, AUROC=0.8049, AUPRC=0.9071
  TN5K - TI-RADS: Acc=0.0000, Prec=0.0000, Rec=0.0000, F1=0.0000, AUC=0.0000
Epoch:31: seg_loss(avg):0.3627, bm_loss(avg):0.0449, tirads_loss(avg):0.0000
Epoch:32: seg_loss(avg):0.3473, bm_loss(avg):0.0311, tirads_loss(avg):0.0000
Epoch:33: seg_loss(avg):0.3496, bm_loss(avg):0.0404, tirads_loss(avg):0.0000
Epoch:34: seg_loss(avg):0.3363, bm_loss(avg):0.0367, tirads_loss(avg):0.0000
Epoch:35: seg_loss(avg):0.3313, bm_loss(avg):0.0319, tirads_loss(avg):0.0000
Saved checkpoint at epoch 35

Validating epoch 35 on all test datasets...
Testing on TN3K...
  TN3K - Dice: 0.8585, HD95: 8.1120
  TN3K - BM: Acc=0.6922, Prec=0.5746, Rec=0.7669, F1=0.6570, AUROC=0.7767, AUPRC=0.6559
  TN3K - TI-RADS: Acc=0.0000, Prec=0.0000, Rec=0.0000, F1=0.0000, AUC=0.0000
Testing on DDTI...
  DDTI - Dice: 0.7869, HD95: 11.6494
  DDTI - BM: Acc=0.0000, Prec=0.0000, Rec=0.0000, F1=0.0000, AUROC=0.0000, AUPRC=0.0000
  DDTI - TI-RADS: Acc=0.0000, Prec=0.0000, Rec=0.0000, F1=0.0000, AUC=0.0000
Testing on ThyroidXL...
  ThyroidXL - Dice: 0.8279, HD95: 5.9882
  ThyroidXL - BM: Acc=0.7435, Prec=0.6634, Rec=0.9082, F1=0.7668, AUROC=0.8458, AUPRC=0.7970
  ThyroidXL - TI-RADS: Acc=0.0000, Prec=0.0000, Rec=0.0000, F1=0.0000, AUC=0.0000
Testing on PKTN...
  PKTN - Dice: 0.7723, HD95: 10.0625
  PKTN - BM: Acc=0.0000, Prec=0.0000, Rec=0.0000, F1=0.0000, AUROC=0.0000, AUPRC=0.0000
  PKTN - TI-RADS: Acc=0.0000, Prec=0.0000, Rec=0.0000, F1=0.0000, AUC=0.0000
Testing on TN5K...
  TN5K - Dice: 0.7360, HD95: 10.1008
  TN5K - BM: Acc=0.7740, Prec=0.8502, Rec=0.8386, F1=0.8444, AUROC=0.7977, AUPRC=0.8958
  TN5K - TI-RADS: Acc=0.0000, Prec=0.0000, Rec=0.0000, F1=0.0000, AUC=0.0000
Epoch:36: seg_loss(avg):0.3224, bm_loss(avg):0.0291, tirads_loss(avg):0.0000
Epoch:37: seg_loss(avg):0.3141, bm_loss(avg):0.0176, tirads_loss(avg):0.0000
Epoch:38: seg_loss(avg):0.3237, bm_loss(avg):0.0272, tirads_loss(avg):0.0000
Epoch:39: seg_loss(avg):0.3042, bm_loss(avg):0.0251, tirads_loss(avg):0.0000
Epoch:40: seg_loss(avg):0.3077, bm_loss(avg):0.0322, tirads_loss(avg):0.0000
Saved checkpoint at epoch 40

Validating epoch 40 on all test datasets...
Testing on TN3K...
  TN3K - Dice: 0.8583, HD95: 8.0785
  TN3K - BM: Acc=0.6938, Prec=0.5811, Rec=0.7288, F1=0.6466, AUROC=0.7749, AUPRC=0.6820
  TN3K - TI-RADS: Acc=0.0000, Prec=0.0000, Rec=0.0000, F1=0.0000, AUC=0.0000
Testing on DDTI...
  DDTI - Dice: 0.7882, HD95: 11.3862
  DDTI - BM: Acc=0.0000, Prec=0.0000, Rec=0.0000, F1=0.0000, AUROC=0.0000, AUPRC=0.0000
  DDTI - TI-RADS: Acc=0.0000, Prec=0.0000, Rec=0.0000, F1=0.0000, AUC=0.0000
Testing on ThyroidXL...
  ThyroidXL - Dice: 0.8312, HD95: 5.8314
  ThyroidXL - BM: Acc=0.7411, Prec=0.6600, Rec=0.9124, F1=0.7659, AUROC=0.8460, AUPRC=0.7998
  ThyroidXL - TI-RADS: Acc=0.0000, Prec=0.0000, Rec=0.0000, F1=0.0000, AUC=0.0000
Testing on PKTN...
  PKTN - Dice: 0.7744, HD95: 9.7939
  PKTN - BM: Acc=0.0000, Prec=0.0000, Rec=0.0000, F1=0.0000, AUROC=0.0000, AUPRC=0.0000
  PKTN - TI-RADS: Acc=0.0000, Prec=0.0000, Rec=0.0000, F1=0.0000, AUC=0.0000
Testing on TN5K...
  TN5K - Dice: 0.7333, HD95: 10.3651
  TN5K - BM: Acc=0.7640, Prec=0.8561, Rec=0.8140, F1=0.8345, AUROC=0.7992, AUPRC=0.9074
  TN5K - TI-RADS: Acc=0.0000, Prec=0.0000, Rec=0.0000, F1=0.0000, AUC=0.0000
Epoch:41: seg_loss(avg):0.3022, bm_loss(avg):0.0193, tirads_loss(avg):0.0000
Epoch:42: seg_loss(avg):0.3025, bm_loss(avg):0.0200, tirads_loss(avg):0.0000
Epoch:43: seg_loss(avg):0.2982, bm_loss(avg):0.0220, tirads_loss(avg):0.0000
Epoch:44: seg_loss(avg):0.3024, bm_loss(avg):0.0213, tirads_loss(avg):0.0000
Epoch:45: seg_loss(avg):0.2963, bm_loss(avg):0.0111, tirads_loss(avg):0.0000
Saved checkpoint at epoch 45

Validating epoch 45 on all test datasets...
Testing on TN3K...
  TN3K - Dice: 0.8578, HD95: 8.0322
  TN3K - BM: Acc=0.7003, Prec=0.5909, Rec=0.7161, F1=0.6475, AUROC=0.7698, AUPRC=0.6704
  TN3K - TI-RADS: Acc=0.0000, Prec=0.0000, Rec=0.0000, F1=0.0000, AUC=0.0000
Testing on DDTI...
  DDTI - Dice: 0.7884, HD95: 11.2790
  DDTI - BM: Acc=0.0000, Prec=0.0000, Rec=0.0000, F1=0.0000, AUROC=0.0000, AUPRC=0.0000
  DDTI - TI-RADS: Acc=0.0000, Prec=0.0000, Rec=0.0000, F1=0.0000, AUC=0.0000
Testing on ThyroidXL...
  ThyroidXL - Dice: 0.8311, HD95: 5.8869
  ThyroidXL - BM: Acc=0.7416, Prec=0.6649, Rec=0.8938, F1=0.7625, AUROC=0.8451, AUPRC=0.8026
  ThyroidXL - TI-RADS: Acc=0.0000, Prec=0.0000, Rec=0.0000, F1=0.0000, AUC=0.0000
Testing on PKTN...
  PKTN - Dice: 0.7767, HD95: 9.6464
  PKTN - BM: Acc=0.0000, Prec=0.0000, Rec=0.0000, F1=0.0000, AUROC=0.0000, AUPRC=0.0000
  PKTN - TI-RADS: Acc=0.0000, Prec=0.0000, Rec=0.0000, F1=0.0000, AUC=0.0000
Testing on TN5K...
  TN5K - Dice: 0.7358, HD95: 9.9642
  TN5K - BM: Acc=0.7600, Prec=0.8584, Rec=0.8044, F1=0.8305, AUROC=0.7968, AUPRC=0.9050
  TN5K - TI-RADS: Acc=0.0000, Prec=0.0000, Rec=0.0000, F1=0.0000, AUC=0.0000
Epoch:46: seg_loss(avg):0.2916, bm_loss(avg):0.0136, tirads_loss(avg):0.0000
Epoch:47: seg_loss(avg):0.2869, bm_loss(avg):0.0115, tirads_loss(avg):0.0000
Epoch:48: seg_loss(avg):0.2887, bm_loss(avg):0.0132, tirads_loss(avg):0.0000
Epoch:49: seg_loss(avg):0.2923, bm_loss(avg):0.0195, tirads_loss(avg):0.0000
Epoch:50: seg_loss(avg):0.2905, bm_loss(avg):0.0167, tirads_loss(avg):0.0000
Saved checkpoint at epoch 50

Validating epoch 50 on all test datasets...
Testing on TN3K...
  TN3K - Dice: 0.8582, HD95: 8.0406
  TN3K - BM: Acc=0.6922, Prec=0.5781, Rec=0.7373, F1=0.6480, AUROC=0.7702, AUPRC=0.6695
  TN3K - TI-RADS: Acc=0.0000, Prec=0.0000, Rec=0.0000, F1=0.0000, AUC=0.0000
Testing on DDTI...
  DDTI - Dice: 0.7879, HD95: 11.3438
  DDTI - BM: Acc=0.0000, Prec=0.0000, Rec=0.0000, F1=0.0000, AUROC=0.0000, AUPRC=0.0000
  DDTI - TI-RADS: Acc=0.0000, Prec=0.0000, Rec=0.0000, F1=0.0000, AUC=0.0000
Testing on ThyroidXL...
  ThyroidXL - Dice: 0.8302, HD95: 5.8963
  ThyroidXL - BM: Acc=0.7330, Prec=0.6535, Rec=0.9041, F1=0.7587, AUROC=0.8447, AUPRC=0.8025
  ThyroidXL - TI-RADS: Acc=0.0000, Prec=0.0000, Rec=0.0000, F1=0.0000, AUC=0.0000
Testing on PKTN...
  PKTN - Dice: 0.7770, HD95: 9.6774
  PKTN - BM: Acc=0.0000, Prec=0.0000, Rec=0.0000, F1=0.0000, AUROC=0.0000, AUPRC=0.0000
  PKTN - TI-RADS: Acc=0.0000, Prec=0.0000, Rec=0.0000, F1=0.0000, AUC=0.0000
Testing on TN5K...
  TN5K - Dice: 0.7377, HD95: 9.9032
  TN5K - BM: Acc=0.7680, Prec=0.8559, Rec=0.8208, F1=0.8380, AUROC=0.7967, AUPRC=0.9043
  TN5K - TI-RADS: Acc=0.0000, Prec=0.0000, Rec=0.0000, F1=0.0000, AUC=0.0000

========== Evaluation Summary (All Test Records) ==========

Dataset: TN3K
Eval epochs: [5, 10, 15, 20, 25, 30, 35, 40, 45, 50]
Dice per eval: [0.8314, 0.8207, 0.8426, 0.8447, 0.8542, 0.8583, 0.8585, 0.8583, 0.8578, 0.8582]
HD95 per eval: [np.float64(9.8392), np.float64(10.521), np.float64(9.1594), np.float64(8.6969), np.float64(8.0649), np.float64(7.6341), np.float64(8.112), np.float64(8.0785), np.float64(8.0322), np.float64(8.0406)]
Best Dice: 0.8585 at epoch 35
Best HD95: 7.6341 at epoch 30

BM metrics per eval:
  Acc:  [np.float64(0.7378), np.float64(0.6743), np.float64(0.7248), np.float64(0.7134), np.float64(0.7085), np.float64(0.7052), np.float64(0.6922), np.float64(0.6938), np.float64(0.7003), np.float64(0.6922)]
  Prec: [0.7863, 0.5506, 0.6236, 0.5987, 0.5966, 0.5914, 0.5746, 0.5811, 0.5909, 0.5781]
  Rec:  [0.4364, 0.8305, 0.7161, 0.7712, 0.7458, 0.7542, 0.7669, 0.7288, 0.7161, 0.7373]
  F1:   [0.5613, 0.6622, 0.6667, 0.6741, 0.6629, 0.6629, 0.657, 0.6466, 0.6475, 0.648]
  AUROC:[0.8036, 0.7714, 0.8011, 0.7902, 0.8041, 0.7782, 0.7767, 0.7749, 0.7698, 0.7702]
  AUPRC:[0.7172, 0.6471, 0.6982, 0.7123, 0.7053, 0.6935, 0.6559, 0.682, 0.6704, 0.6695]
Best BM F1: 0.6741 at epoch 20

TI-RADS metrics per eval:
  Acc:  [0.0, 0.0, 0.0, 0.0, 0.0, 0.0, 0.0, 0.0, 0.0, 0.0]
  Prec: [0.0, 0.0, 0.0, 0.0, 0.0, 0.0, 0.0, 0.0, 0.0, 0.0]
  Rec:  [0.0, 0.0, 0.0, 0.0, 0.0, 0.0, 0.0, 0.0, 0.0, 0.0]
  F1:   [0.0, 0.0, 0.0, 0.0, 0.0, 0.0, 0.0, 0.0, 0.0, 0.0]
  AUC:  [0.0, 0.0, 0.0, 0.0, 0.0, 0.0, 0.0, 0.0, 0.0, 0.0]
Best TI-RADS F1: 0.0000 at epoch 5

Dataset: DDTI
Eval epochs: [5, 10, 15, 20, 25, 30, 35, 40, 45, 50]
Dice per eval: [0.7355, 0.7726, 0.7798, 0.7897, 0.7806, 0.7739, 0.7869, 0.7882, 0.7884, 0.7879]
HD95 per eval: [np.float64(16.3442), np.float64(12.7453), np.float64(12.7359), np.float64(11.4039), np.float64(12.071), np.float64(12.4951), np.float64(11.6494), np.float64(11.3862), np.float64(11.279), np.float64(11.3438)]
Best Dice: 0.7897 at epoch 20
Best HD95: 11.2790 at epoch 45

BM metrics per eval:
  Acc:  [0.0, 0.0, 0.0, 0.0, 0.0, 0.0, 0.0, 0.0, 0.0, 0.0]
  Prec: [0.0, 0.0, 0.0, 0.0, 0.0, 0.0, 0.0, 0.0, 0.0, 0.0]
  Rec:  [0.0, 0.0, 0.0, 0.0, 0.0, 0.0, 0.0, 0.0, 0.0, 0.0]
  F1:   [0.0, 0.0, 0.0, 0.0, 0.0, 0.0, 0.0, 0.0, 0.0, 0.0]
  AUROC:[0.0, 0.0, 0.0, 0.0, 0.0, 0.0, 0.0, 0.0, 0.0, 0.0]
  AUPRC:[0.0, 0.0, 0.0, 0.0, 0.0, 0.0, 0.0, 0.0, 0.0, 0.0]
Best BM F1: 0.0000 at epoch 5

TI-RADS metrics per eval:
  Acc:  [0.0, 0.0, 0.0, 0.0, 0.0, 0.0, 0.0, 0.0, 0.0, 0.0]
  Prec: [0.0, 0.0, 0.0, 0.0, 0.0, 0.0, 0.0, 0.0, 0.0, 0.0]
  Rec:  [0.0, 0.0, 0.0, 0.0, 0.0, 0.0, 0.0, 0.0, 0.0, 0.0]
  F1:   [0.0, 0.0, 0.0, 0.0, 0.0, 0.0, 0.0, 0.0, 0.0, 0.0]
  AUC:  [0.0, 0.0, 0.0, 0.0, 0.0, 0.0, 0.0, 0.0, 0.0, 0.0]
Best TI-RADS F1: 0.0000 at epoch 5

Dataset: ThyroidXL
Eval epochs: [5, 10, 15, 20, 25, 30, 35, 40, 45, 50]
Dice per eval: [0.786, 0.7902, 0.8178, 0.829, 0.8175, 0.8218, 0.8279, 0.8312, 0.8311, 0.8302]
HD95 per eval: [np.float64(8.9395), np.float64(8.1144), np.float64(6.5369), np.float64(5.9868), np.float64(6.4276), np.float64(6.3488), np.float64(5.9882), np.float64(5.8314), np.float64(5.8869), np.float64(5.8963)]
Best Dice: 0.8312 at epoch 40
Best HD95: 5.8314 at epoch 40

BM metrics per eval:
  Acc:  [np.float64(0.7713), np.float64(0.623), np.float64(0.7373), np.float64(0.7536), np.float64(0.7129), np.float64(0.7579), np.float64(0.7435), np.float64(0.7411), np.float64(0.7416), np.float64(0.733)]
  Prec: [0.7639, 0.5538, 0.6549, 0.6699, 0.6257, 0.693, 0.6634, 0.66, 0.6649, 0.6535]
  Rec:  [0.734, 0.966, 0.9175, 0.9247, 0.9495, 0.8588, 0.9082, 0.9124, 0.8938, 0.9041]
  F1:   [0.7487, 0.704, 0.7643, 0.777, 0.7543, 0.767, 0.7668, 0.7659, 0.7625, 0.7587]
  AUROC:[0.8468, 0.809, 0.8551, 0.8584, 0.8487, 0.8482, 0.8458, 0.846, 0.8451, 0.8447]
  AUPRC:[0.8063, 0.7543, 0.8101, 0.8103, 0.7945, 0.805, 0.797, 0.7998, 0.8026, 0.8025]
Best BM F1: 0.7770 at epoch 20

TI-RADS metrics per eval:
  Acc:  [0.0, 0.0, 0.0, 0.0, 0.0, 0.0, 0.0, 0.0, 0.0, 0.0]
  Prec: [0.0, 0.0, 0.0, 0.0, 0.0, 0.0, 0.0, 0.0, 0.0, 0.0]
  Rec:  [0.0, 0.0, 0.0, 0.0, 0.0, 0.0, 0.0, 0.0, 0.0, 0.0]
  F1:   [0.0, 0.0, 0.0, 0.0, 0.0, 0.0, 0.0, 0.0, 0.0, 0.0]
  AUC:  [0.0, 0.0, 0.0, 0.0, 0.0, 0.0, 0.0, 0.0, 0.0, 0.0]
Best TI-RADS F1: 0.0000 at epoch 5

Dataset: PKTN
Eval epochs: [5, 10, 15, 20, 25, 30, 35, 40, 45, 50]
Dice per eval: [0.6887, 0.7163, 0.7516, 0.7592, 0.7718, 0.7724, 0.7723, 0.7744, 0.7767, 0.777]
HD95 per eval: [np.float64(15.0213), np.float64(12.6597), np.float64(11.0897), np.float64(10.6016), np.float64(9.9594), np.float64(9.8003), np.float64(10.0625), np.float64(9.7939), np.float64(9.6464), np.float64(9.6774)]
Best Dice: 0.7770 at epoch 50
Best HD95: 9.6464 at epoch 45

BM metrics per eval:
  Acc:  [0.0, 0.0, 0.0, 0.0, 0.0, 0.0, 0.0, 0.0, 0.0, 0.0]
  Prec: [0.0, 0.0, 0.0, 0.0, 0.0, 0.0, 0.0, 0.0, 0.0, 0.0]
  Rec:  [0.0, 0.0, 0.0, 0.0, 0.0, 0.0, 0.0, 0.0, 0.0, 0.0]
  F1:   [0.0, 0.0, 0.0, 0.0, 0.0, 0.0, 0.0, 0.0, 0.0, 0.0]
  AUROC:[0.0, 0.0, 0.0, 0.0, 0.0, 0.0, 0.0, 0.0, 0.0, 0.0]
  AUPRC:[0.0, 0.0, 0.0, 0.0, 0.0, 0.0, 0.0, 0.0, 0.0, 0.0]
Best BM F1: 0.0000 at epoch 5

TI-RADS metrics per eval:
  Acc:  [0.0, 0.0, 0.0, 0.0, 0.0, 0.0, 0.0, 0.0, 0.0, 0.0]
  Prec: [0.0, 0.0, 0.0, 0.0, 0.0, 0.0, 0.0, 0.0, 0.0, 0.0]
  Rec:  [0.0, 0.0, 0.0, 0.0, 0.0, 0.0, 0.0, 0.0, 0.0, 0.0]
  F1:   [0.0, 0.0, 0.0, 0.0, 0.0, 0.0, 0.0, 0.0, 0.0, 0.0]
  AUC:  [0.0, 0.0, 0.0, 0.0, 0.0, 0.0, 0.0, 0.0, 0.0, 0.0]
Best TI-RADS F1: 0.0000 at epoch 5

Dataset: TN5K
Eval epochs: [5, 10, 15, 20, 25, 30, 35, 40, 45, 50]
Dice per eval: [0.6752, 0.676, 0.7091, 0.7077, 0.7231, 0.7293, 0.736, 0.7333, 0.7358, 0.7377]
HD95 per eval: [np.float64(13.2032), np.float64(12.5972), np.float64(10.8098), np.float64(10.8224), np.float64(10.6255), np.float64(10.0319), np.float64(10.1008), np.float64(10.3651), np.float64(9.9642), np.float64(9.9032)]
Best Dice: 0.7377 at epoch 50
Best HD95: 9.9032 at epoch 50

BM metrics per eval:
  Acc:  [np.float64(0.62), np.float64(0.78), np.float64(0.755), np.float64(0.774), np.float64(0.805), np.float64(0.76), np.float64(0.774), np.float64(0.764), np.float64(0.76), np.float64(0.768)]
  Prec: [0.927, 0.7927, 0.8501, 0.8492, 0.8592, 0.8659, 0.8502, 0.8561, 0.8584, 0.8559]
  Rec:  [0.5212, 0.9466, 0.8071, 0.8399, 0.8769, 0.7948, 0.8386, 0.814, 0.8044, 0.8208]
  F1:   [0.6673, 0.8628, 0.8281, 0.8446, 0.868, 0.8288, 0.8444, 0.8345, 0.8305, 0.838]
  AUROC:[0.8085, 0.8284, 0.7836, 0.811, 0.8107, 0.8049, 0.7977, 0.7992, 0.7968, 0.7967]
  AUPRC:[0.9133, 0.923, 0.8998, 0.9122, 0.9097, 0.9071, 0.8958, 0.9074, 0.905, 0.9043]
Best BM F1: 0.8680 at epoch 25

TI-RADS metrics per eval:
  Acc:  [0.0, 0.0, 0.0, 0.0, 0.0, 0.0, 0.0, 0.0, 0.0, 0.0]
  Prec: [0.0, 0.0, 0.0, 0.0, 0.0, 0.0, 0.0, 0.0, 0.0, 0.0]
  Rec:  [0.0, 0.0, 0.0, 0.0, 0.0, 0.0, 0.0, 0.0, 0.0, 0.0]
  F1:   [0.0, 0.0, 0.0, 0.0, 0.0, 0.0, 0.0, 0.0, 0.0, 0.0]
  AUC:  [0.0, 0.0, 0.0, 0.0, 0.0, 0.0, 0.0, 0.0, 0.0, 0.0]
Best TI-RADS F1: 0.0000 at epoch 5

==========================================================

========== Training Completed ==========
Training completed at Sun Dec 28 15:04:24 2025
