Training started at Sat Mar 14 22:24:46 2026
Method: dino_unet
Dataset: train_all_datasets
Epochs: 40
LR: 0.0001
Batch Size: 12
Image Size: 224 x 224
DINO pretrained: True
Use Dilation: False
Training set - Benign/Malignant: Benign=22471 (71.78%), Malignant=8833 (28.22%)
Auto-adjusted tau=1.00 (imbalance_ratio=2.54)
GLA parameters: p_benign=0.7178, p_malignant=0.2822, tau=1.00
Logit adjustment magnitude: 0.9337
Training set - TI-RADS distribution (1-5): [41, 710, 3956, 5710, 3413]
TI-RADS probabilities: [0.0029645697213709354, 0.05133767053484917, 0.2860448360443115, 0.4128705859184265, 0.2467823624610901]
Loss weights: seg=1.0, bm=1.0, tirads=1.0
GA-MTL schedule per optimizer step: ['seg', 'bm']
steps_per_epoch (optimizer steps): 1304
Epoch:1: seg_loss(avg):0.6141, bm_loss(avg):0.5605, tirads_loss(avg):0.0000
Epoch:2: seg_loss(avg):0.4693, bm_loss(avg):0.3304, tirads_loss(avg):0.0000
Epoch:3: seg_loss(avg):0.4372, bm_loss(avg):0.2765, tirads_loss(avg):0.0000
Epoch:4: seg_loss(avg):0.4196, bm_loss(avg):0.2459, tirads_loss(avg):0.0000
Epoch:5: seg_loss(avg):0.4057, bm_loss(avg):0.2272, tirads_loss(avg):0.0000
Saved checkpoint at epoch 5

Validating epoch 5 on all test datasets...
Testing on TN3K...
  TN3K - Dice: 0.8200, HD95: 13.4193
  TN3K - BM: Acc=0.6606, Prec=0.5369, Rec=0.8548, F1=0.6592, AUROC=0.7983, AUPRC=0.7490, ECE=0.2648
  TN3K - TI-RADS: Acc=0.0000, Prec=0.0000, Rec=0.0000, F1=0.0000, AUC=0.0000, ECE=0.0000
Testing on DDTI_Classification...
  DDTI_Classification - Dice: 0.0313, HD95: 89.7828
  DDTI_Classification - BM: Acc=0.3217, Prec=0.1034, Rec=0.8074, F1=0.1802, AUROC=0.6874, AUPRC=0.3934, ECE=0.6238
  DDTI_Classification - TI-RADS: Acc=0.8104, Prec=0.2712, Rec=0.3346, F1=0.2993, AUC=0.0000, ECE=0.4999
Testing on ThyroidXL...
  ThyroidXL - Dice: 0.8618, HD95: 6.5838
  ThyroidXL - BM: Acc=0.8468, Prec=0.7881, Rec=0.9166, F1=0.8475, AUROC=0.9300, AUPRC=0.9125, ECE=0.0846
  ThyroidXL - TI-RADS: Acc=0.0000, Prec=0.0000, Rec=0.0000, F1=0.0000, AUC=0.0000, ECE=0.0000
Testing on TN5K...
  TN5K - Dice: 0.7826, HD95: 11.1740
  TN5K - BM: Acc=0.8937, Prec=0.9029, Rec=0.9576, F1=0.9294, AUROC=0.9350, AUPRC=0.9721, ECE=0.0574
  TN5K - TI-RADS: Acc=0.0000, Prec=0.0000, Rec=0.0000, F1=0.0000, AUC=0.0000, ECE=0.0000
Testing on Cine-Clip...
  Cine-Clip - Dice: 0.8421, HD95: 7.5655
  Cine-Clip - BM: Acc=0.9980, Prec=1.0000, Rec=0.9824, F1=0.9911, AUROC=1.0000, AUPRC=0.9997, ECE=0.0018
  Cine-Clip - TI-RADS: Acc=0.4269, Prec=0.1834, Rec=0.2099, F1=0.1550, AUC=0.5511, ECE=0.1287
Epoch:6: seg_loss(avg):0.3920, bm_loss(avg):0.2081, tirads_loss(avg):0.0000
Epoch:7: seg_loss(avg):0.3840, bm_loss(avg):0.1991, tirads_loss(avg):0.0000
Epoch:8: seg_loss(avg):0.3720, bm_loss(avg):0.1906, tirads_loss(avg):0.0000
Epoch:9: seg_loss(avg):0.3619, bm_loss(avg):0.1826, tirads_loss(avg):0.0000
Epoch:10: seg_loss(avg):0.3587, bm_loss(avg):0.1713, tirads_loss(avg):0.0000
Saved checkpoint at epoch 10

Validating epoch 10 on all test datasets...
Testing on TN3K...
  TN3K - Dice: 0.8305, HD95: 12.1230
  TN3K - BM: Acc=0.6430, Prec=0.5225, Rec=0.8340, F1=0.6421, AUROC=0.7783, AUPRC=0.7189, ECE=0.2827
  TN3K - TI-RADS: Acc=0.0000, Prec=0.0000, Rec=0.0000, F1=0.0000, AUC=0.0000, ECE=0.0000
Testing on DDTI_Classification...
  DDTI_Classification - Dice: 0.0282, HD95: 90.1018
  DDTI_Classification - BM: Acc=0.6972, Prec=0.2113, Rec=0.8074, F1=0.3261, AUROC=0.7073, AUPRC=0.2847, ECE=0.2940
  DDTI_Classification - TI-RADS: Acc=0.8104, Prec=0.2712, Rec=0.3346, F1=0.2993, AUC=0.0000, ECE=0.5006
Testing on ThyroidXL...
  ThyroidXL - Dice: 0.8649, HD95: 6.2373
  ThyroidXL - BM: Acc=0.8325, Prec=0.7877, Rec=0.8752, F1=0.8291, AUROC=0.9199, AUPRC=0.8984, ECE=0.0769
  ThyroidXL - TI-RADS: Acc=0.0000, Prec=0.0000, Rec=0.0000, F1=0.0000, AUC=0.0000, ECE=0.0000
Testing on TN5K...
  TN5K - Dice: 0.8011, HD95: 10.7275
  TN5K - BM: Acc=0.8828, Prec=0.8844, Rec=0.9660, F1=0.9234, AUROC=0.9270, AUPRC=0.9686, ECE=0.0844
  TN5K - TI-RADS: Acc=0.0000, Prec=0.0000, Rec=0.0000, F1=0.0000, AUC=0.0000, ECE=0.0000
Testing on Cine-Clip...
  Cine-Clip - Dice: 0.8782, HD95: 5.0131
  Cine-Clip - BM: Acc=0.9994, Prec=1.0000, Rec=0.9950, F1=0.9975, AUROC=1.0000, AUPRC=1.0000, ECE=0.0010
  Cine-Clip - TI-RADS: Acc=0.1905, Prec=0.2033, Rec=0.2275, F1=0.1359, AUC=0.5075, ECE=0.1546
Epoch:11: seg_loss(avg):0.3464, bm_loss(avg):0.1552, tirads_loss(avg):0.0000
Epoch:12: seg_loss(avg):0.3374, bm_loss(avg):0.1465, tirads_loss(avg):0.0000
Epoch:13: seg_loss(avg):0.3324, bm_loss(avg):0.1404, tirads_loss(avg):0.0000
Epoch:14: seg_loss(avg):0.3281, bm_loss(avg):0.1226, tirads_loss(avg):0.0000
Epoch:15: seg_loss(avg):0.3220, bm_loss(avg):0.1097, tirads_loss(avg):0.0000
Saved checkpoint at epoch 15

Validating epoch 15 on all test datasets...
Testing on TN3K...
  TN3K - Dice: 0.8269, HD95: 12.7130
  TN3K - BM: Acc=0.7004, Prec=0.5853, Rec=0.7581, F1=0.6602, AUROC=0.7809, AUPRC=0.7166, ECE=0.2032
  TN3K - TI-RADS: Acc=0.0000, Prec=0.0000, Rec=0.0000, F1=0.0000, AUC=0.0000, ECE=0.0000
Testing on DDTI_Classification...
  DDTI_Classification - Dice: 0.0335, HD95: 88.3027
  DDTI_Classification - BM: Acc=0.7543, Prec=0.2150, Rec=0.6021, F1=0.3060, AUROC=0.7314, AUPRC=0.4179, ECE=0.2560
  DDTI_Classification - TI-RADS: Acc=0.8107, Prec=0.4075, Rec=0.3309, F1=0.3319, AUC=0.0000, ECE=0.5045
Testing on ThyroidXL...
  ThyroidXL - Dice: 0.8640, HD95: 6.2807
  ThyroidXL - BM: Acc=0.8449, Prec=0.8686, Rec=0.7846, F1=0.8244, AUROC=0.9290, AUPRC=0.9114, ECE=0.0858
  ThyroidXL - TI-RADS: Acc=0.0000, Prec=0.0000, Rec=0.0000, F1=0.0000, AUC=0.0000, ECE=0.0000
Testing on TN5K...
  TN5K - Dice: 0.7984, HD95: 10.5457
  TN5K - BM: Acc=0.8929, Prec=0.9072, Rec=0.9508, F1=0.9285, AUROC=0.9362, AUPRC=0.9730, ECE=0.0580
  TN5K - TI-RADS: Acc=0.0000, Prec=0.0000, Rec=0.0000, F1=0.0000, AUC=0.0000, ECE=0.0000
Testing on Cine-Clip...
  Cine-Clip - Dice: 0.8972, HD95: 3.4832
  Cine-Clip - BM: Acc=0.9992, Prec=1.0000, Rec=0.9925, F1=0.9962, AUROC=1.0000, AUPRC=1.0000, ECE=0.0008
  Cine-Clip - TI-RADS: Acc=0.0787, Prec=0.1505, Rec=0.2184, F1=0.0565, AUC=0.5018, ECE=0.2324
Epoch:16: seg_loss(avg):0.3135, bm_loss(avg):0.1061, tirads_loss(avg):0.0000
Epoch:17: seg_loss(avg):0.3105, bm_loss(avg):0.0986, tirads_loss(avg):0.0000
Epoch:18: seg_loss(avg):0.3008, bm_loss(avg):0.0882, tirads_loss(avg):0.0000
Epoch:19: seg_loss(avg):0.2973, bm_loss(avg):0.0805, tirads_loss(avg):0.0000
Epoch:20: seg_loss(avg):0.2901, bm_loss(avg):0.0678, tirads_loss(avg):0.0000
Saved checkpoint at epoch 20

Validating epoch 20 on all test datasets...
Testing on TN3K...
  TN3K - Dice: 0.8324, HD95: 12.4472
  TN3K - BM: Acc=0.6596, Prec=0.5418, Rec=0.7454, F1=0.6270, AUROC=0.7607, AUPRC=0.6869, ECE=0.2656
  TN3K - TI-RADS: Acc=0.0000, Prec=0.0000, Rec=0.0000, F1=0.0000, AUC=0.0000, ECE=0.0000
Testing on DDTI_Classification...
  DDTI_Classification - Dice: 0.0271, HD95: 91.0203
  DDTI_Classification - BM: Acc=0.8291, Prec=0.2991, Rec=0.6021, F1=0.3837, AUROC=0.6793, AUPRC=0.3745, ECE=0.1973
  DDTI_Classification - TI-RADS: Acc=0.6778, Prec=0.4516, Rec=0.3967, F1=0.3952, AUC=0.0000, ECE=0.4013
Testing on ThyroidXL...
  ThyroidXL - Dice: 0.8675, HD95: 5.8696
  ThyroidXL - BM: Acc=0.8396, Prec=0.8696, Rec=0.7701, F1=0.8167, AUROC=0.9308, AUPRC=0.9138, ECE=0.1079
  ThyroidXL - TI-RADS: Acc=0.0000, Prec=0.0000, Rec=0.0000, F1=0.0000, AUC=0.0000, ECE=0.0000
Testing on TN5K...
  TN5K - Dice: 0.8050, HD95: 10.3526
  TN5K - BM: Acc=0.9029, Prec=0.9159, Rec=0.9549, F1=0.9349, AUROC=0.9512, AUPRC=0.9801, ECE=0.0693
  TN5K - TI-RADS: Acc=0.0000, Prec=0.0000, Rec=0.0000, F1=0.0000, AUC=0.0000, ECE=0.0000
Testing on Cine-Clip...
  Cine-Clip - Dice: 0.9158, HD95: 2.4225
  Cine-Clip - BM: Acc=0.9997, Prec=1.0000, Rec=0.9975, F1=0.9987, AUROC=1.0000, AUPRC=1.0000, ECE=0.0003
  Cine-Clip - TI-RADS: Acc=0.0534, Prec=0.2090, Rec=0.2009, F1=0.0241, AUC=0.4934, ECE=0.2421
Epoch:21: seg_loss(avg):0.2855, bm_loss(avg):0.0661, tirads_loss(avg):0.0000
Epoch:22: seg_loss(avg):0.2782, bm_loss(avg):0.0592, tirads_loss(avg):0.0000
Epoch:23: seg_loss(avg):0.2761, bm_loss(avg):0.0533, tirads_loss(avg):0.0000
Epoch:24: seg_loss(avg):0.2693, bm_loss(avg):0.0445, tirads_loss(avg):0.0000
Epoch:25: seg_loss(avg):0.2637, bm_loss(avg):0.0419, tirads_loss(avg):0.0000
Saved checkpoint at epoch 25

Validating epoch 25 on all test datasets...
Testing on TN3K...
  TN3K - Dice: 0.8427, HD95: 11.5179
  TN3K - BM: Acc=0.6891, Prec=0.5705, Rec=0.7749, F1=0.6567, AUROC=0.7685, AUPRC=0.6786, ECE=0.2442
  TN3K - TI-RADS: Acc=0.0000, Prec=0.0000, Rec=0.0000, F1=0.0000, AUC=0.0000, ECE=0.0000
Testing on DDTI_Classification...
  DDTI_Classification - Dice: 0.0285, HD95: 88.9386
  DDTI_Classification - BM: Acc=0.8298, Prec=0.3001, Rec=0.6029, F1=0.3849, AUROC=0.7533, AUPRC=0.4341, ECE=0.1601
  DDTI_Classification - TI-RADS: Acc=0.7173, Prec=0.2637, Rec=0.2682, F1=0.2614, AUC=0.0000, ECE=0.4465
Testing on ThyroidXL...
  ThyroidXL - Dice: 0.8706, HD95: 5.9604
  ThyroidXL - BM: Acc=0.8491, Prec=0.8700, Rec=0.7935, F1=0.8299, AUROC=0.9301, AUPRC=0.9120, ECE=0.1089
  ThyroidXL - TI-RADS: Acc=0.0000, Prec=0.0000, Rec=0.0000, F1=0.0000, AUC=0.0000, ECE=0.0000
Testing on TN5K...
  TN5K - Dice: 0.8102, HD95: 9.8320
  TN5K - BM: Acc=0.9132, Prec=0.9294, Rec=0.9536, F1=0.9413, AUROC=0.9545, AUPRC=0.9811, ECE=0.0626
  TN5K - TI-RADS: Acc=0.0000, Prec=0.0000, Rec=0.0000, F1=0.0000, AUC=0.0000, ECE=0.0000
Testing on Cine-Clip...
  Cine-Clip - Dice: 0.9295, HD95: 1.7887
  Cine-Clip - BM: Acc=0.9997, Prec=0.9975, Rec=1.0000, F1=0.9988, AUROC=1.0000, AUPRC=1.0000, ECE=0.0002
  Cine-Clip - TI-RADS: Acc=0.0520, Prec=0.0118, Rec=0.1989, F1=0.0222, AUC=0.5301, ECE=0.2505
Epoch:26: seg_loss(avg):0.2578, bm_loss(avg):0.0339, tirads_loss(avg):0.0000
Epoch:27: seg_loss(avg):0.2542, bm_loss(avg):0.0305, tirads_loss(avg):0.0000
Epoch:28: seg_loss(avg):0.2495, bm_loss(avg):0.0282, tirads_loss(avg):0.0000
Epoch:29: seg_loss(avg):0.2454, bm_loss(avg):0.0200, tirads_loss(avg):0.0000
Epoch:30: seg_loss(avg):0.2429, bm_loss(avg):0.0225, tirads_loss(avg):0.0000
Saved checkpoint at epoch 30

Validating epoch 30 on all test datasets...
Testing on TN3K...
  TN3K - Dice: 0.8415, HD95: 11.1381
  TN3K - BM: Acc=0.6943, Prec=0.5787, Rec=0.7540, F1=0.6544, AUROC=0.7652, AUPRC=0.6921, ECE=0.2718
  TN3K - TI-RADS: Acc=0.0000, Prec=0.0000, Rec=0.0000, F1=0.0000, AUC=0.0000, ECE=0.0000
Testing on DDTI_Classification...
  DDTI_Classification - Dice: 0.0294, HD95: 92.5251
  DDTI_Classification - BM: Acc=0.8298, Prec=0.3346, Rec=0.8074, F1=0.4585, AUROC=0.7405, AUPRC=0.3524, ECE=0.1850
  DDTI_Classification - TI-RADS: Acc=0.6044, Prec=0.4319, Rec=0.3634, F1=0.3333, AUC=0.0000, ECE=0.3497
Testing on ThyroidXL...
  ThyroidXL - Dice: 0.8724, HD95: 5.7763
  ThyroidXL - BM: Acc=0.8362, Prec=0.8784, Rec=0.7514, F1=0.8099, AUROC=0.9306, AUPRC=0.9154, ECE=0.1318
  ThyroidXL - TI-RADS: Acc=0.0000, Prec=0.0000, Rec=0.0000, F1=0.0000, AUC=0.0000, ECE=0.0000
Testing on TN5K...
  TN5K - Dice: 0.8095, HD95: 9.8029
  TN5K - BM: Acc=0.9109, Prec=0.9349, Rec=0.9439, F1=0.9393, AUROC=0.9525, AUPRC=0.9798, ECE=0.0683
  TN5K - TI-RADS: Acc=0.0000, Prec=0.0000, Rec=0.0000, F1=0.0000, AUC=0.0000, ECE=0.0000
Testing on Cine-Clip...
  Cine-Clip - Dice: 0.9368, HD95: 1.4657
  Cine-Clip - BM: Acc=0.9997, Prec=1.0000, Rec=0.9975, F1=0.9987, AUROC=1.0000, AUPRC=1.0000, ECE=0.0003
  Cine-Clip - TI-RADS: Acc=0.0523, Prec=0.0118, Rec=0.2000, F1=0.0223, AUC=0.5222, ECE=0.2602
Epoch:31: seg_loss(avg):0.2380, bm_loss(avg):0.0179, tirads_loss(avg):0.0000
Epoch:32: seg_loss(avg):0.2347, bm_loss(avg):0.0157, tirads_loss(avg):0.0000
Epoch:33: seg_loss(avg):0.2315, bm_loss(avg):0.0153, tirads_loss(avg):0.0000
Epoch:34: seg_loss(avg):0.2297, bm_loss(avg):0.0115, tirads_loss(avg):0.0000
Epoch:35: seg_loss(avg):0.2279, bm_loss(avg):0.0101, tirads_loss(avg):0.0000
Saved checkpoint at epoch 35

Validating epoch 35 on all test datasets...
Testing on TN3K...
  TN3K - Dice: 0.8401, HD95: 11.4005
  TN3K - BM: Acc=0.6829, Prec=0.5642, Rec=0.7715, F1=0.6513, AUROC=0.7762, AUPRC=0.6926, ECE=0.2899
  TN3K - TI-RADS: Acc=0.0000, Prec=0.0000, Rec=0.0000, F1=0.0000, AUC=0.0000, ECE=0.0000
Testing on DDTI_Classification...
  DDTI_Classification - Dice: 0.0276, HD95: 92.1735
  DDTI_Classification - BM: Acc=0.8679, Prec=0.4020, Rec=0.8074, F1=0.5196, AUROC=0.7534, AUPRC=0.4169, ECE=0.1543
  DDTI_Classification - TI-RADS: Acc=0.4167, Prec=0.2537, Rec=0.3057, F1=0.2042, AUC=0.0000, ECE=0.1813
Testing on ThyroidXL...
  ThyroidXL - Dice: 0.8712, HD95: 5.8472
  ThyroidXL - BM: Acc=0.8472, Prec=0.8557, Rec=0.8070, F1=0.8306, AUROC=0.9289, AUPRC=0.9075, ECE=0.1246
  ThyroidXL - TI-RADS: Acc=0.0000, Prec=0.0000, Rec=0.0000, F1=0.0000, AUC=0.0000, ECE=0.0000
Testing on TN5K...
  TN5K - Dice: 0.8141, HD95: 9.4805
  TN5K - BM: Acc=0.9151, Prec=0.9217, Rec=0.9659, F1=0.9433, AUROC=0.9538, AUPRC=0.9810, ECE=0.0716
  TN5K - TI-RADS: Acc=0.0000, Prec=0.0000, Rec=0.0000, F1=0.0000, AUC=0.0000, ECE=0.0000
Testing on Cine-Clip...
  Cine-Clip - Dice: 0.9429, HD95: 1.2200
  Cine-Clip - BM: Acc=1.0000, Prec=1.0000, Rec=1.0000, F1=1.0000, AUROC=1.0000, AUPRC=1.0000, ECE=0.0001
  Cine-Clip - TI-RADS: Acc=0.0526, Prec=0.1350, Rec=0.2002, F1=0.0227, AUC=0.5250, ECE=0.2604
Epoch:36: seg_loss(avg):0.2248, bm_loss(avg):0.0108, tirads_loss(avg):0.0000
Epoch:37: seg_loss(avg):0.2255, bm_loss(avg):0.0069, tirads_loss(avg):0.0000
Epoch:38: seg_loss(avg):0.2217, bm_loss(avg):0.0080, tirads_loss(avg):0.0000
Epoch:39: seg_loss(avg):0.2224, bm_loss(avg):0.0070, tirads_loss(avg):0.0000
Epoch:40: seg_loss(avg):0.2228, bm_loss(avg):0.0077, tirads_loss(avg):0.0000
Saved checkpoint at epoch 40

Validating epoch 40 on all test datasets...
Testing on TN3K...
  TN3K - Dice: 0.8436, HD95: 11.0491
  TN3K - BM: Acc=0.6991, Prec=0.5849, Rec=0.7500, F1=0.6568, AUROC=0.7698, AUPRC=0.6871, ECE=0.2781
  TN3K - TI-RADS: Acc=0.0000, Prec=0.0000, Rec=0.0000, F1=0.0000, AUC=0.0000, ECE=0.0000
Testing on DDTI_Classification...
  DDTI_Classification - Dice: 0.0289, HD95: 92.3706
  DDTI_Classification - BM: Acc=0.8489, Prec=0.2854, Rec=0.3976, F1=0.3135, AUROC=0.7575, AUPRC=0.4172, ECE=0.1570
  DDTI_Classification - TI-RADS: Acc=0.4360, Prec=0.3868, Rec=0.3577, F1=0.2708, AUC=0.0000, ECE=0.2002
Testing on ThyroidXL...
  ThyroidXL - Dice: 0.8718, HD95: 5.8582
  ThyroidXL - BM: Acc=0.8400, Prec=0.8722, Rec=0.7678, F1=0.8166, AUROC=0.9286, AUPRC=0.9077, ECE=0.1361
  ThyroidXL - TI-RADS: Acc=0.0000, Prec=0.0000, Rec=0.0000, F1=0.0000, AUC=0.0000, ECE=0.0000
Testing on TN5K...
  TN5K - Dice: 0.8162, HD95: 9.3439
  TN5K - BM: Acc=0.9182, Prec=0.9344, Rec=0.9551, F1=0.9446, AUROC=0.9545, AUPRC=0.9814, ECE=0.0742
  TN5K - TI-RADS: Acc=0.0000, Prec=0.0000, Rec=0.0000, F1=0.0000, AUC=0.0000, ECE=0.0000
Testing on Cine-Clip...
  Cine-Clip - Dice: 0.9441, HD95: 1.1733
  Cine-Clip - BM: Acc=0.9997, Prec=1.0000, Rec=0.9975, F1=0.9987, AUROC=1.0000, AUPRC=1.0000, ECE=0.0002
  Cine-Clip - TI-RADS: Acc=0.0523, Prec=0.0118, Rec=0.2000, F1=0.0223, AUC=0.5281, ECE=0.2609

========== Evaluation Summary (All Test Records) ==========

Dataset: TN3K
Eval epochs: [5, 10, 15, 20, 25, 30, 35, 40]
Dice per eval: [0.8199999928474426, 0.8305000066757202, 0.8269000053405762, 0.8324000239372253, 0.8427000045776367, 0.8414999842643738, 0.8400999903678894, 0.8435999751091003]
HD95 per eval: [13.419300079345703, 12.123000144958496, 12.713000297546387, 12.447199821472168, 11.517900466918945, 11.138099670410156, 11.400500297546387, 11.049099922180176]
Best Dice: 0.8436 at epoch 40
Best HD95: 11.0491 at epoch 40

BM metrics per eval:
  Acc:  [0.6606, 0.643, 0.7004, 0.6596, 0.6891, 0.6943, 0.6829, 0.6991]
  Prec: [0.5369, 0.5225, 0.5853, 0.5418, 0.5705, 0.5787, 0.5642, 0.5849]
  Rec:  [0.8548, 0.834, 0.7581, 0.7454, 0.7749, 0.754, 0.7715, 0.75]
  F1:   [0.6592, 0.6421, 0.6602, 0.627, 0.6567, 0.6544, 0.6513, 0.6568]
  AUROC:[0.7983, 0.7783, 0.7809, 0.7607, 0.7685, 0.7652, 0.7762, 0.7698]
  AUPRC:[0.749, 0.7189, 0.7166, 0.6869, 0.6786, 0.6921, 0.6926, 0.6871]
  ECE:  [0.2648, 0.2827, 0.2032, 0.2656, 0.2442, 0.2718, 0.2899, 0.2781]
Best BM F1: 0.6602 at epoch 15

TI-RADS metrics per eval:
  Acc:  [0.0, 0.0, 0.0, 0.0, 0.0, 0.0, 0.0, 0.0]
  Prec: [0.0, 0.0, 0.0, 0.0, 0.0, 0.0, 0.0, 0.0]
  Rec:  [0.0, 0.0, 0.0, 0.0, 0.0, 0.0, 0.0, 0.0]
  F1:   [0.0, 0.0, 0.0, 0.0, 0.0, 0.0, 0.0, 0.0]
  AUC:  [0.0, 0.0, 0.0, 0.0, 0.0, 0.0, 0.0, 0.0]
  ECE:  [0.0, 0.0, 0.0, 0.0, 0.0, 0.0, 0.0, 0.0]
Best TI-RADS F1: 0.0000 at epoch 5

Dataset: DDTI_Classification
Eval epochs: [5, 10, 15, 20, 25, 30, 35, 40]
Dice per eval: [0.031300000846385956, 0.028200000524520874, 0.03350000083446503, 0.02710000053048134, 0.02850000001490116, 0.029400000348687172, 0.02759999968111515, 0.02889999933540821]
HD95 per eval: [89.78279876708984, 90.10179901123047, 88.30269622802734, 91.02030181884766, 88.9385986328125, 92.52510070800781, 92.17350006103516, 92.37059783935547]
Best Dice: 0.0335 at epoch 15
Best HD95: 88.3027 at epoch 15

BM metrics per eval:
  Acc:  [0.3217, 0.6972, 0.7543, 0.8291, 0.8298, 0.8298, 0.8679, 0.8489]
  Prec: [0.1034, 0.2113, 0.215, 0.2991, 0.3001, 0.3346, 0.402, 0.2854]
  Rec:  [0.8074, 0.8074, 0.6021, 0.6021, 0.6029, 0.8074, 0.8074, 0.3976]
  F1:   [0.1802, 0.3261, 0.306, 0.3837, 0.3849, 0.4585, 0.5196, 0.3135]
  AUROC:[0.6874, 0.7073, 0.7314, 0.6793, 0.7533, 0.7405, 0.7534, 0.7575]
  AUPRC:[0.3934, 0.2847, 0.4179, 0.3745, 0.4341, 0.3524, 0.4169, 0.4172]
  ECE:  [0.6238, 0.294, 0.256, 0.1973, 0.1601, 0.185, 0.1543, 0.157]
Best BM F1: 0.5196 at epoch 35

TI-RADS metrics per eval:
  Acc:  [0.8104, 0.8104, 0.8107, 0.6778, 0.7173, 0.6044, 0.4167, 0.436]
  Prec: [0.2712, 0.2712, 0.4075, 0.4516, 0.2637, 0.4319, 0.2537, 0.3868]
  Rec:  [0.3346, 0.3346, 0.3309, 0.3967, 0.2682, 0.3634, 0.3057, 0.3577]
  F1:   [0.2993, 0.2993, 0.3319, 0.3952, 0.2614, 0.3333, 0.2042, 0.2708]
  AUC:  [0.0, 0.0, 0.0, 0.0, 0.0, 0.0, 0.0, 0.0]
  ECE:  [0.4999, 0.5006, 0.5045, 0.4013, 0.4465, 0.3497, 0.1813, 0.2002]
Best TI-RADS F1: 0.3952 at epoch 20

Dataset: ThyroidXL
Eval epochs: [5, 10, 15, 20, 25, 30, 35, 40]
Dice per eval: [0.8618000149726868, 0.8648999929428101, 0.8640000224113464, 0.8675000071525574, 0.8705999851226807, 0.8723999857902527, 0.8712000250816345, 0.8718000054359436]
HD95 per eval: [6.583799839019775, 6.237299919128418, 6.280700206756592, 5.86959981918335, 5.960400104522705, 5.776299953460693, 5.8471999168396, 5.8582000732421875]
Best Dice: 0.8724 at epoch 30
Best HD95: 5.7763 at epoch 30

BM metrics per eval:
  Acc:  [0.8468, 0.8325, 0.8449, 0.8396, 0.8491, 0.8362, 0.8472, 0.84]
  Prec: [0.7881, 0.7877, 0.8686, 0.8696, 0.87, 0.8784, 0.8557, 0.8722]
  Rec:  [0.9166, 0.8752, 0.7846, 0.7701, 0.7935, 0.7514, 0.807, 0.7678]
  F1:   [0.8475, 0.8291, 0.8244, 0.8167, 0.8299, 0.8099, 0.8306, 0.8166]
  AUROC:[0.93, 0.9199, 0.929, 0.9308, 0.9301, 0.9306, 0.9289, 0.9286]
  AUPRC:[0.9125, 0.8984, 0.9114, 0.9138, 0.912, 0.9154, 0.9075, 0.9077]
  ECE:  [0.0846, 0.0769, 0.0858, 0.1079, 0.1089, 0.1318, 0.1246, 0.1361]
Best BM F1: 0.8475 at epoch 5

TI-RADS metrics per eval:
  Acc:  [0.0, 0.0, 0.0, 0.0, 0.0, 0.0, 0.0, 0.0]
  Prec: [0.0, 0.0, 0.0, 0.0, 0.0, 0.0, 0.0, 0.0]
  Rec:  [0.0, 0.0, 0.0, 0.0, 0.0, 0.0, 0.0, 0.0]
  F1:   [0.0, 0.0, 0.0, 0.0, 0.0, 0.0, 0.0, 0.0]
  AUC:  [0.0, 0.0, 0.0, 0.0, 0.0, 0.0, 0.0, 0.0]
  ECE:  [0.0, 0.0, 0.0, 0.0, 0.0, 0.0, 0.0, 0.0]
Best TI-RADS F1: 0.0000 at epoch 5

Dataset: TN5K
Eval epochs: [5, 10, 15, 20, 25, 30, 35, 40]
Dice per eval: [0.7825999855995178, 0.8011000156402588, 0.7983999848365784, 0.8050000071525574, 0.8101999759674072, 0.809499979019165, 0.8141000270843506, 0.8162000179290771]
HD95 per eval: [11.173999786376953, 10.727499961853027, 10.545700073242188, 10.35260009765625, 9.831999778747559, 9.802900314331055, 9.480500221252441, 9.343899726867676]
Best Dice: 0.8162 at epoch 40
Best HD95: 9.3439 at epoch 40

BM metrics per eval:
  Acc:  [0.8937, 0.8828, 0.8929, 0.9029, 0.9132, 0.9109, 0.9151, 0.9182]
  Prec: [0.9029, 0.8844, 0.9072, 0.9159, 0.9294, 0.9349, 0.9217, 0.9344]
  Rec:  [0.9576, 0.966, 0.9508, 0.9549, 0.9536, 0.9439, 0.9659, 0.9551]
  F1:   [0.9294, 0.9234, 0.9285, 0.9349, 0.9413, 0.9393, 0.9433, 0.9446]
  AUROC:[0.935, 0.927, 0.9362, 0.9512, 0.9545, 0.9525, 0.9538, 0.9545]
  AUPRC:[0.9721, 0.9686, 0.973, 0.9801, 0.9811, 0.9798, 0.981, 0.9814]
  ECE:  [0.0574, 0.0844, 0.058, 0.0693, 0.0626, 0.0683, 0.0716, 0.0742]
Best BM F1: 0.9446 at epoch 40

TI-RADS metrics per eval:
  Acc:  [0.0, 0.0, 0.0, 0.0, 0.0, 0.0, 0.0, 0.0]
  Prec: [0.0, 0.0, 0.0, 0.0, 0.0, 0.0, 0.0, 0.0]
  Rec:  [0.0, 0.0, 0.0, 0.0, 0.0, 0.0, 0.0, 0.0]
  F1:   [0.0, 0.0, 0.0, 0.0, 0.0, 0.0, 0.0, 0.0]
  AUC:  [0.0, 0.0, 0.0, 0.0, 0.0, 0.0, 0.0, 0.0]
  ECE:  [0.0, 0.0, 0.0, 0.0, 0.0, 0.0, 0.0, 0.0]
Best TI-RADS F1: 0.0000 at epoch 5

Dataset: Cine-Clip
Eval epochs: [5, 10, 15, 20, 25, 30, 35, 40]
Dice per eval: [0.8421000242233276, 0.8781999945640564, 0.8971999883651733, 0.9157999753952026, 0.9294999837875366, 0.9368000030517578, 0.9429000020027161, 0.944100022315979]
HD95 per eval: [7.565499782562256, 5.0131001472473145, 3.4832000732421875, 2.422499895095825, 1.788699984550476, 1.4657000303268433, 1.2200000286102295, 1.17330002784729]
Best Dice: 0.9441 at epoch 40
Best HD95: 1.1733 at epoch 40

BM metrics per eval:
  Acc:  [0.998, 0.9994, 0.9992, 0.9997, 0.9997, 0.9997, 1.0, 0.9997]
  Prec: [1.0, 1.0, 1.0, 1.0, 0.9975, 1.0, 1.0, 1.0]
  Rec:  [0.9824, 0.995, 0.9925, 0.9975, 1.0, 0.9975, 1.0, 0.9975]
  F1:   [0.9911, 0.9975, 0.9962, 0.9987, 0.9988, 0.9987, 1.0, 0.9987]
  AUROC:[1.0, 1.0, 1.0, 1.0, 1.0, 1.0, 1.0, 1.0]
  AUPRC:[0.9997, 1.0, 1.0, 1.0, 1.0, 1.0, 1.0, 1.0]
  ECE:  [0.0018, 0.001, 0.0008, 0.0003, 0.0002, 0.0003, 0.0001, 0.0002]
Best BM F1: 1.0000 at epoch 35

TI-RADS metrics per eval:
  Acc:  [0.4269, 0.1905, 0.0787, 0.0534, 0.052, 0.0523, 0.0526, 0.0523]
  Prec: [0.1834, 0.2033, 0.1505, 0.209, 0.0118, 0.0118, 0.135, 0.0118]
  Rec:  [0.2099, 0.2275, 0.2184, 0.2009, 0.1989, 0.2, 0.2002, 0.2]
  F1:   [0.155, 0.1359, 0.0565, 0.0241, 0.0222, 0.0223, 0.0227, 0.0223]
  AUC:  [0.5511, 0.5075, 0.5018, 0.4934, 0.5301, 0.5222, 0.525, 0.5281]
  ECE:  [0.1287, 0.1546, 0.2324, 0.2421, 0.2505, 0.2602, 0.2604, 0.2609]
Best TI-RADS F1: 0.1550 at epoch 5

==========================================================

========== Training Completed ==========
Training completed at Sun Mar 15 00:23:39 2026
