Training started at Sun Dec  7 21:36:16 2025
Method: dino_unet
Dataset: train_multitask_dataset1
Epochs: 50
Learning Rate: 0.0001
Batch Size: 12
Train Image Path: /mnt/wangbd8/workspace/DataSets/ThyroidAgent/Superimposed_multitask/dataset_1/images/
Train Mask Path: /mnt/wangbd8/workspace/DataSets/ThyroidAgent/Superimposed_multitask/dataset_1/masks/
Number of test datasets: 1
Test Dataset 1: TN3K
  Image path: /mnt/wangbd8/workspace/DataSets/ThyroidAgent/TN3K/test-image/
  Mask path: /mnt/wangbd8/workspace/DataSets/ThyroidAgent/TN3K/test-mask/
Using device: cuda
Seg Weight: 1.0
Benign Malignant Weight: 2.0
TIRADS Weight: 1.0
Epoch:1: loss:2.276323, seg_loss:0.7714, bm_loss:0.5066, ti_loss:0.0000
Saved checkpoint at epoch 1

Validating epoch 1 on all test datasets...
Testing on TN3K...
  TN3K - Dice: 0.7382, HD95: 91.7203
  TN3K - Benign/Malignant Accuracy: 0.6596, TI-RADS Accuracy: 0.0000
Epoch:2: loss:1.712265, seg_loss:0.7585, bm_loss:0.8705, ti_loss:0.0000
Saved checkpoint at epoch 2

Validating epoch 2 on all test datasets...
Testing on TN3K...
  TN3K - Dice: 0.8330, HD95: 73.1707
  TN3K - Benign/Malignant Accuracy: 0.6840, TI-RADS Accuracy: 0.0000
Epoch:3: loss:1.461587, seg_loss:0.5587, bm_loss:0.2874, ti_loss:0.0000
Saved checkpoint at epoch 3

Validating epoch 3 on all test datasets...
Testing on TN3K...
  TN3K - Dice: 0.8247, HD95: 85.7570
  TN3K - Benign/Malignant Accuracy: 0.6906, TI-RADS Accuracy: 0.0000
Epoch:4: loss:1.311680, seg_loss:0.5821, bm_loss:0.1834, ti_loss:0.0000
Saved checkpoint at epoch 4

Validating epoch 4 on all test datasets...
Testing on TN3K...
  TN3K - Dice: 0.8343, HD95: 70.7873
  TN3K - Benign/Malignant Accuracy: 0.7101, TI-RADS Accuracy: 0.0000
Epoch:5: loss:1.228288, seg_loss:0.4991, bm_loss:0.2432, ti_loss:0.0000
Saved checkpoint at epoch 5

Validating epoch 5 on all test datasets...
Testing on TN3K...
  TN3K - Dice: 0.8379, HD95: 71.7620
  TN3K - Benign/Malignant Accuracy: 0.7248, TI-RADS Accuracy: 0.0000
Epoch:6: loss:1.179575, seg_loss:0.5616, bm_loss:0.3062, ti_loss:0.0000
Saved checkpoint at epoch 6

Validating epoch 6 on all test datasets...
Testing on TN3K...
  TN3K - Dice: 0.8614, HD95: 70.3827
  TN3K - Benign/Malignant Accuracy: 0.7264, TI-RADS Accuracy: 0.0000
Epoch:7: loss:1.081591, seg_loss:0.5563, bm_loss:0.1156, ti_loss:0.0000
Saved checkpoint at epoch 7

Validating epoch 7 on all test datasets...
Testing on TN3K...
  TN3K - Dice: 0.8630, HD95: 61.7948
  TN3K - Benign/Malignant Accuracy: 0.7199, TI-RADS Accuracy: 0.0000
Epoch:8: loss:1.010048, seg_loss:0.4661, bm_loss:0.2110, ti_loss:0.0000
Saved checkpoint at epoch 8

Validating epoch 8 on all test datasets...
Testing on TN3K...
  TN3K - Dice: 0.8674, HD95: 62.9675
  TN3K - Benign/Malignant Accuracy: 0.6906, TI-RADS Accuracy: 0.0000
Epoch:9: loss:0.921857, seg_loss:0.5242, bm_loss:0.3320, ti_loss:0.0000
Saved checkpoint at epoch 9

Validating epoch 9 on all test datasets...
Testing on TN3K...
  TN3K - Dice: 0.8440, HD95: 60.3124
  TN3K - Benign/Malignant Accuracy: 0.7199, TI-RADS Accuracy: 0.0000
Epoch:10: loss:0.914730, seg_loss:0.5036, bm_loss:0.1140, ti_loss:0.0000
Saved checkpoint at epoch 10

Validating epoch 10 on all test datasets...
Testing on TN3K...
  TN3K - Dice: 0.8543, HD95: 67.0356
  TN3K - Benign/Malignant Accuracy: 0.7280, TI-RADS Accuracy: 0.0000
Epoch:11: loss:0.866075, seg_loss:0.5625, bm_loss:0.0493, ti_loss:0.0000
Saved checkpoint at epoch 11

Validating epoch 11 on all test datasets...
Testing on TN3K...
  TN3K - Dice: 0.8666, HD95: 63.5801
  TN3K - Benign/Malignant Accuracy: 0.7264, TI-RADS Accuracy: 0.0000
Epoch:12: loss:0.794798, seg_loss:0.5507, bm_loss:0.5582, ti_loss:0.0000
Saved checkpoint at epoch 12

Validating epoch 12 on all test datasets...
Testing on TN3K...
  TN3K - Dice: 0.8683, HD95: 61.3767
  TN3K - Benign/Malignant Accuracy: 0.7085, TI-RADS Accuracy: 0.0000
Epoch:13: loss:0.746669, seg_loss:0.5041, bm_loss:0.0472, ti_loss:0.0000
Saved checkpoint at epoch 13

Validating epoch 13 on all test datasets...
Testing on TN3K...
  TN3K - Dice: 0.8649, HD95: 70.4195
  TN3K - Benign/Malignant Accuracy: 0.6498, TI-RADS Accuracy: 0.0000
Epoch:14: loss:0.712433, seg_loss:0.4789, bm_loss:0.1282, ti_loss:0.0000
Saved checkpoint at epoch 14

Validating epoch 14 on all test datasets...
Testing on TN3K...
  TN3K - Dice: 0.8715, HD95: 66.2815
  TN3K - Benign/Malignant Accuracy: 0.7410, TI-RADS Accuracy: 0.0000
Epoch:15: loss:0.670621, seg_loss:0.4673, bm_loss:0.0689, ti_loss:0.0000
Saved checkpoint at epoch 15

Validating epoch 15 on all test datasets...
Testing on TN3K...
  TN3K - Dice: 0.8723, HD95: 55.2016
  TN3K - Benign/Malignant Accuracy: 0.7280, TI-RADS Accuracy: 0.0000
Epoch:16: loss:0.633197, seg_loss:0.4448, bm_loss:0.0141, ti_loss:0.0000
Saved checkpoint at epoch 16

Validating epoch 16 on all test datasets...
Testing on TN3K...
  TN3K - Dice: 0.8600, HD95: 63.2129
  TN3K - Benign/Malignant Accuracy: 0.7003, TI-RADS Accuracy: 0.0000
Epoch:17: loss:0.647959, seg_loss:0.3691, bm_loss:0.0104, ti_loss:0.0000
Saved checkpoint at epoch 17

Validating epoch 17 on all test datasets...
Testing on TN3K...
  TN3K - Dice: 0.8632, HD95: 59.7678
  TN3K - Benign/Malignant Accuracy: 0.6824, TI-RADS Accuracy: 0.0000
Epoch:18: loss:0.610140, seg_loss:0.3675, bm_loss:0.0310, ti_loss:0.0000
Saved checkpoint at epoch 18

Validating epoch 18 on all test datasets...
Testing on TN3K...
  TN3K - Dice: 0.8729, HD95: 56.7186
  TN3K - Benign/Malignant Accuracy: 0.6840, TI-RADS Accuracy: 0.0000
Epoch:19: loss:0.594862, seg_loss:0.4855, bm_loss:0.0322, ti_loss:0.0000
Saved checkpoint at epoch 19

Validating epoch 19 on all test datasets...
Testing on TN3K...
  TN3K - Dice: 0.8672, HD95: 61.7740
  TN3K - Benign/Malignant Accuracy: 0.6954, TI-RADS Accuracy: 0.0000
Epoch:20: loss:0.535289, seg_loss:0.4666, bm_loss:0.0109, ti_loss:0.0000
Saved checkpoint at epoch 20

Validating epoch 20 on all test datasets...
Testing on TN3K...
  TN3K - Dice: 0.8698, HD95: 55.7300
  TN3K - Benign/Malignant Accuracy: 0.7020, TI-RADS Accuracy: 0.0000
Epoch:21: loss:0.522951, seg_loss:0.3367, bm_loss:0.0845, ti_loss:0.0000
Saved checkpoint at epoch 21

Validating epoch 21 on all test datasets...
Testing on TN3K...
  TN3K - Dice: 0.8744, HD95: 55.3896
  TN3K - Benign/Malignant Accuracy: 0.7231, TI-RADS Accuracy: 0.0000
Epoch:22: loss:0.505441, seg_loss:0.3902, bm_loss:0.0152, ti_loss:0.0000
Saved checkpoint at epoch 22

Validating epoch 22 on all test datasets...
Testing on TN3K...
  TN3K - Dice: 0.8643, HD95: 64.4994
  TN3K - Benign/Malignant Accuracy: 0.7362, TI-RADS Accuracy: 0.0000
Epoch:23: loss:0.494269, seg_loss:0.3560, bm_loss:0.1136, ti_loss:0.0000
Saved checkpoint at epoch 23

Validating epoch 23 on all test datasets...
Testing on TN3K...
  TN3K - Dice: 0.8710, HD95: 56.8463
  TN3K - Benign/Malignant Accuracy: 0.7410, TI-RADS Accuracy: 0.0000
Epoch:24: loss:0.458617, seg_loss:0.4059, bm_loss:0.0333, ti_loss:0.0000
Saved checkpoint at epoch 24

Validating epoch 24 on all test datasets...
Testing on TN3K...
  TN3K - Dice: 0.8724, HD95: 53.6058
  TN3K - Benign/Malignant Accuracy: 0.7199, TI-RADS Accuracy: 0.0000
Epoch:25: loss:0.475126, seg_loss:0.3762, bm_loss:0.0808, ti_loss:0.0000
Saved checkpoint at epoch 25

Validating epoch 25 on all test datasets...
Testing on TN3K...
  TN3K - Dice: 0.8692, HD95: 48.0484
  TN3K - Benign/Malignant Accuracy: 0.7215, TI-RADS Accuracy: 0.0000
Epoch:26: loss:0.416548, seg_loss:0.3804, bm_loss:0.0535, ti_loss:0.0000
Saved checkpoint at epoch 26

Validating epoch 26 on all test datasets...
Testing on TN3K...
  TN3K - Dice: 0.8743, HD95: 54.4068
  TN3K - Benign/Malignant Accuracy: 0.7134, TI-RADS Accuracy: 0.0000
Epoch:27: loss:0.422883, seg_loss:0.3027, bm_loss:0.0019, ti_loss:0.0000
Saved checkpoint at epoch 27

Validating epoch 27 on all test datasets...
Testing on TN3K...
  TN3K - Dice: 0.8700, HD95: 58.1900
  TN3K - Benign/Malignant Accuracy: 0.7003, TI-RADS Accuracy: 0.0000
Epoch:28: loss:0.421980, seg_loss:0.3777, bm_loss:0.0018, ti_loss:0.0000
Saved checkpoint at epoch 28

Validating epoch 28 on all test datasets...
Testing on TN3K...
  TN3K - Dice: 0.8686, HD95: 53.4419
  TN3K - Benign/Malignant Accuracy: 0.6629, TI-RADS Accuracy: 0.0000
Epoch:29: loss:0.382601, seg_loss:0.4259, bm_loss:0.0022, ti_loss:0.0000
Saved checkpoint at epoch 29

Validating epoch 29 on all test datasets...
Testing on TN3K...
  TN3K - Dice: 0.8709, HD95: 57.6843
  TN3K - Benign/Malignant Accuracy: 0.7182, TI-RADS Accuracy: 0.0000
Epoch:30: loss:0.379484, seg_loss:0.2651, bm_loss:0.0009, ti_loss:0.0000
Saved checkpoint at epoch 30

Validating epoch 30 on all test datasets...
Testing on TN3K...
  TN3K - Dice: 0.8709, HD95: 59.3830
  TN3K - Benign/Malignant Accuracy: 0.7052, TI-RADS Accuracy: 0.0000
Epoch:31: loss:0.366427, seg_loss:0.3029, bm_loss:0.0022, ti_loss:0.0000
Saved checkpoint at epoch 31

Validating epoch 31 on all test datasets...
Testing on TN3K...
  TN3K - Dice: 0.8726, HD95: 54.3878
  TN3K - Benign/Malignant Accuracy: 0.7166, TI-RADS Accuracy: 0.0000
Epoch:32: loss:0.361364, seg_loss:0.3830, bm_loss:0.4208, ti_loss:0.0000
Saved checkpoint at epoch 32

Validating epoch 32 on all test datasets...
Testing on TN3K...
  TN3K - Dice: 0.8699, HD95: 52.5099
  TN3K - Benign/Malignant Accuracy: 0.6873, TI-RADS Accuracy: 0.0000
Epoch:33: loss:0.333520, seg_loss:0.2735, bm_loss:0.0006, ti_loss:0.0000
Saved checkpoint at epoch 33

Validating epoch 33 on all test datasets...
Testing on TN3K...
  TN3K - Dice: 0.8728, HD95: 56.0130
  TN3K - Benign/Malignant Accuracy: 0.6743, TI-RADS Accuracy: 0.0000
Epoch:34: loss:0.337611, seg_loss:0.3438, bm_loss:0.0006, ti_loss:0.0000
Saved checkpoint at epoch 34

Validating epoch 34 on all test datasets...
Testing on TN3K...
  TN3K - Dice: 0.8738, HD95: 56.9205
  TN3K - Benign/Malignant Accuracy: 0.7329, TI-RADS Accuracy: 0.0000
Epoch:35: loss:0.315809, seg_loss:0.3178, bm_loss:0.0061, ti_loss:0.0000
Saved checkpoint at epoch 35

Validating epoch 35 on all test datasets...
Testing on TN3K...
  TN3K - Dice: 0.8757, HD95: 55.5749
  TN3K - Benign/Malignant Accuracy: 0.6922, TI-RADS Accuracy: 0.0000
Epoch:36: loss:0.312198, seg_loss:0.3347, bm_loss:0.0018, ti_loss:0.0000
Saved checkpoint at epoch 36

Validating epoch 36 on all test datasets...
Testing on TN3K...
  TN3K - Dice: 0.8747, HD95: 58.4952
  TN3K - Benign/Malignant Accuracy: 0.6922, TI-RADS Accuracy: 0.0000
Epoch:37: loss:0.302677, seg_loss:0.2943, bm_loss:0.0006, ti_loss:0.0000
Saved checkpoint at epoch 37

Validating epoch 37 on all test datasets...
Testing on TN3K...
  TN3K - Dice: 0.8774, HD95: 55.3674
  TN3K - Benign/Malignant Accuracy: 0.6987, TI-RADS Accuracy: 0.0000
Epoch:38: loss:0.293444, seg_loss:0.2827, bm_loss:0.0014, ti_loss:0.0000
Saved checkpoint at epoch 38

Validating epoch 38 on all test datasets...
Testing on TN3K...
  TN3K - Dice: 0.8742, HD95: 55.1993
  TN3K - Benign/Malignant Accuracy: 0.7134, TI-RADS Accuracy: 0.0000
Epoch:39: loss:0.293274, seg_loss:0.2799, bm_loss:0.0007, ti_loss:0.0000
Saved checkpoint at epoch 39

Validating epoch 39 on all test datasets...
Testing on TN3K...
  TN3K - Dice: 0.8764, HD95: 55.1122
  TN3K - Benign/Malignant Accuracy: 0.7020, TI-RADS Accuracy: 0.0000
Epoch:40: loss:0.282409, seg_loss:0.2328, bm_loss:0.0004, ti_loss:0.0000
Saved checkpoint at epoch 40

Validating epoch 40 on all test datasets...
Testing on TN3K...
  TN3K - Dice: 0.8754, HD95: 55.1110
  TN3K - Benign/Malignant Accuracy: 0.7101, TI-RADS Accuracy: 0.0000
Epoch:41: loss:0.294328, seg_loss:0.3111, bm_loss:0.0003, ti_loss:0.0000
Saved checkpoint at epoch 41

Validating epoch 41 on all test datasets...
Testing on TN3K...
  TN3K - Dice: 0.8768, HD95: 53.4471
  TN3K - Benign/Malignant Accuracy: 0.7134, TI-RADS Accuracy: 0.0000
Epoch:42: loss:0.276072, seg_loss:0.1873, bm_loss:0.0030, ti_loss:0.0000
Saved checkpoint at epoch 42

Validating epoch 42 on all test datasets...
Testing on TN3K...
  TN3K - Dice: 0.8754, HD95: 54.7334
  TN3K - Benign/Malignant Accuracy: 0.6954, TI-RADS Accuracy: 0.0000
Epoch:43: loss:0.271118, seg_loss:0.2188, bm_loss:0.0003, ti_loss:0.0000
Saved checkpoint at epoch 43

Validating epoch 43 on all test datasets...
Testing on TN3K...
  TN3K - Dice: 0.8764, HD95: 53.7289
  TN3K - Benign/Malignant Accuracy: 0.6971, TI-RADS Accuracy: 0.0000
Epoch:44: loss:0.281559, seg_loss:0.2975, bm_loss:0.0092, ti_loss:0.0000
Saved checkpoint at epoch 44

Validating epoch 44 on all test datasets...
Testing on TN3K...
  TN3K - Dice: 0.8749, HD95: 55.7853
  TN3K - Benign/Malignant Accuracy: 0.7068, TI-RADS Accuracy: 0.0000
Epoch:45: loss:0.274306, seg_loss:0.2746, bm_loss:0.0007, ti_loss:0.0000
Saved checkpoint at epoch 45

Validating epoch 45 on all test datasets...
Testing on TN3K...
  TN3K - Dice: 0.8760, HD95: 53.9992
  TN3K - Benign/Malignant Accuracy: 0.6987, TI-RADS Accuracy: 0.0000
Epoch:46: loss:0.263635, seg_loss:0.2381, bm_loss:0.0005, ti_loss:0.0000
Saved checkpoint at epoch 46

Validating epoch 46 on all test datasets...
Testing on TN3K...
  TN3K - Dice: 0.8758, HD95: 53.2566
  TN3K - Benign/Malignant Accuracy: 0.6971, TI-RADS Accuracy: 0.0000
Epoch:47: loss:0.262686, seg_loss:0.2607, bm_loss:0.0014, ti_loss:0.0000
Saved checkpoint at epoch 47

Validating epoch 47 on all test datasets...
Testing on TN3K...
  TN3K - Dice: 0.8758, HD95: 53.5322
  TN3K - Benign/Malignant Accuracy: 0.6954, TI-RADS Accuracy: 0.0000
Epoch:48: loss:0.266960, seg_loss:0.2557, bm_loss:0.0024, ti_loss:0.0000
Saved checkpoint at epoch 48

Validating epoch 48 on all test datasets...
Testing on TN3K...
  TN3K - Dice: 0.8760, HD95: 54.8441
  TN3K - Benign/Malignant Accuracy: 0.6987, TI-RADS Accuracy: 0.0000
Epoch:49: loss:0.260846, seg_loss:0.2285, bm_loss:0.0003, ti_loss:0.0000
Saved checkpoint at epoch 49

Validating epoch 49 on all test datasets...
Testing on TN3K...
  TN3K - Dice: 0.8756, HD95: 53.5355
  TN3K - Benign/Malignant Accuracy: 0.6938, TI-RADS Accuracy: 0.0000
Epoch:50: loss:0.271660, seg_loss:0.2493, bm_loss:0.0010, ti_loss:0.0000
Saved checkpoint at epoch 50

Validating epoch 50 on all test datasets...
Testing on TN3K...
  TN3K - Dice: 0.8758, HD95: 53.5159
  TN3K - Benign/Malignant Accuracy: 0.6938, TI-RADS Accuracy: 0.0000

========== Training Completed ==========
Training completed at Sun Dec  7 23:11:02 2025

===== Dice Scores Summary =====
Dataset: TN3K
Dice scores per epoch: [0.7382, 0.833, 0.8247, 0.8343, 0.8379, 0.8614, 0.863, 0.8674, 0.844, 0.8543, 0.8666, 0.8683, 0.8649, 0.8715, 0.8723, 0.86, 0.8632, 0.8729, 0.8672, 0.8698, 0.8744, 0.8643, 0.871, 0.8724, 0.8692, 0.8743, 0.87, 0.8686, 0.8709, 0.8709, 0.8726, 0.8699, 0.8728, 0.8738, 0.8757, 0.8747, 0.8774, 0.8742, 0.8764, 0.8754, 0.8768, 0.8754, 0.8764, 0.8749, 0.876, 0.8758, 0.8758, 0.876, 0.8756, 0.8758]
Best Dice: 0.8774 at epoch 37

===== HD95 Scores Summary =====
Dataset: TN3K
HD95 scores per epoch: [91.7203, 73.1707, 85.757, 70.7873, 71.762, 70.3827, 61.7948, 62.9675, 60.3124, 67.0356, 63.5801, 61.3767, 70.4195, 66.2815, 55.2016, 63.2129, 59.7678, 56.7186, 61.774, 55.73, 55.3896, 64.4994, 56.8463, 53.6058, 48.0484, 54.4068, 58.19, 53.4419, 57.6843, 59.383, 54.3878, 52.5099, 56.013, 56.9205, 55.5749, 58.4952, 55.3674, 55.1993, 55.1122, 55.111, 53.4471, 54.7334, 53.7289, 55.7853, 53.9992, 53.2566, 53.5322, 54.8441, 53.5355, 53.5159]
Best HD95: 48.0484 at epoch 25


===== Benign/Malignant Accuracy Summary =====
Dataset: TN3K
Accuracy scores per epoch: [0.6596, 0.684, 0.6906, 0.7101, 0.7248, 0.7264, 0.7199, 0.6906, 0.7199, 0.728, 0.7264, 0.7085, 0.6498, 0.741, 0.728, 0.7003, 0.6824, 0.684, 0.6954, 0.702, 0.7231, 0.7362, 0.741, 0.7199, 0.7215, 0.7134, 0.7003, 0.6629, 0.7182, 0.7052, 0.7166, 0.6873, 0.6743, 0.7329, 0.6922, 0.6922, 0.6987, 0.7134, 0.702, 0.7101, 0.7134, 0.6954, 0.6971, 0.7068, 0.6987, 0.6971, 0.6954, 0.6987, 0.6938, 0.6938]
Best Accuracy: 0.7410 at epoch 14

===== TI-RADS Accuracy Summary =====
Dataset: TN3K
Accuracy scores per epoch: [0.0, 0.0, 0.0, 0.0, 0.0, 0.0, 0.0, 0.0, 0.0, 0.0, 0.0, 0.0, 0.0, 0.0, 0.0, 0.0, 0.0, 0.0, 0.0, 0.0, 0.0, 0.0, 0.0, 0.0, 0.0, 0.0, 0.0, 0.0, 0.0, 0.0, 0.0, 0.0, 0.0, 0.0, 0.0, 0.0, 0.0, 0.0, 0.0, 0.0, 0.0, 0.0, 0.0, 0.0, 0.0, 0.0, 0.0, 0.0, 0.0, 0.0]
Best Accuracy: 0.0000 at epoch 1
