Training started at Sat May 16 21:57:09 2026
Method: dino_unet
Dataset: train_multitask_FTCPTC_sampler
Epochs: 20
Target Key: FTCPTC
LR: 1e-05
Batch Size: 12
Image Size: 224 x 224
DINO pretrained: True
Use Dilation: False
Training label stats for FTCPTC: Negative=298, Positive=149, Missing=0, Valid=447
Using DataLoader shuffle=True, dataset_size=447, batch_size=12, drop_last=True
First sample: filename=2023/郭少婷/郭少婷_01_0008_0008.jpg, image=/mnt/wangbd8/workspace/DataSets/ThyroidAgent/Classifaction_Data/Malignant_ultrasound_images_cropped/2023/郭少婷/郭少婷_01_0008_0008.jpg, mask=/mnt/wangbd8/workspace/DataSets/ThyroidAgent/Classifaction_Data/Malignant_ultrasound_images_cropped_predictions/2023/郭少婷/郭少婷_01_0008_0008.png, target=0
Loss weights: seg=1.0, cls=1.0
Classification pos_weight: None
GA-MTL schedule per optimizer step: ['seg', 'cls']
steps_per_epoch (optimizer steps): 18
Epoch:1: seg_loss(avg):1.3627, cls_loss(avg):0.7148
Epoch:2: seg_loss(avg):1.2592, cls_loss(avg):0.6562
Saved checkpoint at epoch 2

Validating epoch 2 on all test datasets...
Testing on FTCPTC...
  FTCPTC - Dice: 0.1070, HD95: 127.8734
  FTCPTC - FTCPTC: Acc=0.6351, Prec=0.0000, Rec=0.0000, F1=0.0000, AUROC=0.5091, AUPRC=0.3947, ECE=0.0727
Epoch:3: seg_loss(avg):1.1515, cls_loss(avg):0.6744
Epoch:4: seg_loss(avg):1.0251, cls_loss(avg):0.6581
Saved checkpoint at epoch 4

Validating epoch 4 on all test datasets...
Testing on FTCPTC...
  FTCPTC - Dice: 0.6341, HD95: 28.0584
  FTCPTC - FTCPTC: Acc=0.6351, Prec=0.0000, Rec=0.0000, F1=0.0000, AUROC=0.4468, AUPRC=0.3826, ECE=0.0582
Epoch:5: seg_loss(avg):0.9448, cls_loss(avg):0.6392
Epoch:6: seg_loss(avg):0.8769, cls_loss(avg):0.6213
Saved checkpoint at epoch 6

Validating epoch 6 on all test datasets...
Testing on FTCPTC...
  FTCPTC - Dice: 0.7106, HD95: 21.5604
  FTCPTC - FTCPTC: Acc=0.6351, Prec=0.0000, Rec=0.0000, F1=0.0000, AUROC=0.4247, AUPRC=0.3619, ECE=0.0899
Epoch:7: seg_loss(avg):0.8624, cls_loss(avg):0.6265
Epoch:8: seg_loss(avg):0.8140, cls_loss(avg):0.6415
Saved checkpoint at epoch 8

Validating epoch 8 on all test datasets...
Testing on FTCPTC...
  FTCPTC - Dice: 0.7421, HD95: 18.2716
  FTCPTC - FTCPTC: Acc=0.6351, Prec=0.0000, Rec=0.0000, F1=0.0000, AUROC=0.4646, AUPRC=0.4104, ECE=0.0828
Epoch:9: seg_loss(avg):0.7710, cls_loss(avg):0.5950
Epoch:10: seg_loss(avg):0.7600, cls_loss(avg):0.6171
Saved checkpoint at epoch 10

Validating epoch 10 on all test datasets...
Testing on FTCPTC...
  FTCPTC - Dice: 0.7604, HD95: 17.1852
  FTCPTC - FTCPTC: Acc=0.6351, Prec=0.0000, Rec=0.0000, F1=0.0000, AUROC=0.4886, AUPRC=0.4566, ECE=0.0773
Epoch:11: seg_loss(avg):0.7412, cls_loss(avg):0.6431
Epoch:12: seg_loss(avg):0.7019, cls_loss(avg):0.6519
Saved checkpoint at epoch 12

Validating epoch 12 on all test datasets...
Testing on FTCPTC...
  FTCPTC - Dice: 0.7635, HD95: 17.2061
  FTCPTC - FTCPTC: Acc=0.6351, Prec=0.0000, Rec=0.0000, F1=0.0000, AUROC=0.4727, AUPRC=0.4583, ECE=0.0719
Epoch:13: seg_loss(avg):0.7165, cls_loss(avg):0.6223
Epoch:14: seg_loss(avg):0.7089, cls_loss(avg):0.6467
Saved checkpoint at epoch 14

Validating epoch 14 on all test datasets...
Testing on FTCPTC...
  FTCPTC - Dice: 0.7712, HD95: 16.8589
  FTCPTC - FTCPTC: Acc=0.6351, Prec=0.0000, Rec=0.0000, F1=0.0000, AUROC=0.4746, AUPRC=0.4708, ECE=0.0830
Epoch:15: seg_loss(avg):0.6816, cls_loss(avg):0.5672
Epoch:16: seg_loss(avg):0.6822, cls_loss(avg):0.6236
Saved checkpoint at epoch 16

Validating epoch 16 on all test datasets...
Testing on FTCPTC...
  FTCPTC - Dice: 0.7746, HD95: 16.6228
  FTCPTC - FTCPTC: Acc=0.6351, Prec=0.0000, Rec=0.0000, F1=0.0000, AUROC=0.4648, AUPRC=0.4561, ECE=0.1138
Epoch:17: seg_loss(avg):0.6836, cls_loss(avg):0.6422
Epoch:18: seg_loss(avg):0.6953, cls_loss(avg):0.5816
Saved checkpoint at epoch 18

Validating epoch 18 on all test datasets...
Testing on FTCPTC...
  FTCPTC - Dice: 0.7745, HD95: 16.9203
  FTCPTC - FTCPTC: Acc=0.6351, Prec=0.0000, Rec=0.0000, F1=0.0000, AUROC=0.4668, AUPRC=0.4553, ECE=0.1104
Epoch:19: seg_loss(avg):0.6947, cls_loss(avg):0.6369
Epoch:20: seg_loss(avg):0.6862, cls_loss(avg):0.6389
Saved checkpoint at epoch 20

Validating epoch 20 on all test datasets...
Testing on FTCPTC...
  FTCPTC - Dice: 0.7754, HD95: 16.5906
  FTCPTC - FTCPTC: Acc=0.6351, Prec=0.0000, Rec=0.0000, F1=0.0000, AUROC=0.4694, AUPRC=0.4584, ECE=0.1104

========== Evaluation Summary (All Test Records) ==========


Dataset: FTCPTC
Eval epochs: [2, 4, 6, 8, 10, 12, 14, 16, 18, 20]
Dice per eval: [0.10700000077486038, 0.6341000199317932, 0.7106000185012817, 0.7421000003814697, 0.7603999972343445, 0.7634999752044678, 0.7712000012397766, 0.7746000289916992, 0.7745000123977661, 0.7753999829292297]
HD95 per eval: [127.87339782714844, 28.058399200439453, 21.560400009155273, 18.2716007232666, 17.185199737548828, 17.206100463867188, 16.85890007019043, 16.622800827026367, 16.920299530029297, 16.590599060058594]
Best Dice: 0.7754 at epoch 20
Best HD95: 16.5906 at epoch 20

FTCPTC metrics per eval:
  Acc:  [0.6351, 0.6351, 0.6351, 0.6351, 0.6351, 0.6351, 0.6351, 0.6351, 0.6351, 0.6351]
  Prec: [0.0, 0.0, 0.0, 0.0, 0.0, 0.0, 0.0, 0.0, 0.0, 0.0]
  Rec:  [0.0, 0.0, 0.0, 0.0, 0.0, 0.0, 0.0, 0.0, 0.0, 0.0]
  F1:   [0.0, 0.0, 0.0, 0.0, 0.0, 0.0, 0.0, 0.0, 0.0, 0.0]
  AUROC:[0.5091, 0.4468, 0.4247, 0.4646, 0.4886, 0.4727, 0.4746, 0.4648, 0.4668, 0.4694]
  AUPRC:[0.3947, 0.3826, 0.3619, 0.4104, 0.4566, 0.4583, 0.4708, 0.4561, 0.4553, 0.4584]
  ECE:  [0.0727, 0.0582, 0.0899, 0.0828, 0.0773, 0.0719, 0.083, 0.1138, 0.1104, 0.1104]
Best FTCPTC F1: 0.0000 at epoch 2

==========================================================

========== Training Completed ==========
Training completed at Sat May 16 22:00:07 2026
