Training started at Sat May  9 00:05:17 2026
Method: dino_unet
Dataset: train_multitask_LNM_CN01_LymphUs
Epochs: 20
Target Key: LNM_CN01
LR: 0.0001
Batch Size: 12
Image Size: 224 x 224
DINO pretrained: True
Use Dilation: False
First sample: filename=10_Benign.png, image=/mnt/wangbd8/workspace/DataSets/ThyroidAgent/Classifaction_Data/Lymph_Node_Metastasis/center1/images/10_Benign.png, mask=/mnt/wangbd8/workspace/DataSets/ThyroidAgent/Classifaction_Data/Lymph_Node_Metastasis/center1/masks/10_Benign.png, target=0
Training set - LNM_CN01: Negative=99 (55.00%), Positive=81 (45.00%), Missing=0
Auto-adjusted tau=0.50 (imbalance_ratio=1.22)
GLA parameters for LNM_CN01: p_neg=0.5500, p_pos=0.4500, tau=0.50
Logit adjustment magnitude: 0.1003
Loss weights: seg=1.0, cls=1.0
GA-MTL schedule per optimizer step: ['seg', 'cls']
steps_per_epoch (optimizer steps): 7
Epoch:1: seg_loss(avg):1.3443, cls_loss(avg):0.7385
Epoch:2: seg_loss(avg):1.2374, cls_loss(avg):0.6459
Saved checkpoint at epoch 2

Validating epoch 2 on all test datasets...
Testing on LNM_CN01_LymphUs...
  LNM_CN01_LymphUs - Dice: 0.2225, HD95: 119.7728
  LNM_CN01_LymphUs - LNM_CN01: Acc=0.5639, Prec=0.5447, Rec=0.9754, F1=0.6982, AUROC=0.6974, AUPRC=0.7470, ECE=0.1966
Epoch:3: seg_loss(avg):1.1011, cls_loss(avg):0.5502
Epoch:4: seg_loss(avg):0.9854, cls_loss(avg):0.5508
Saved checkpoint at epoch 4

Validating epoch 4 on all test datasets...
Testing on LNM_CN01_LymphUs...
  LNM_CN01_LymphUs - Dice: 0.6480, HD95: 41.6867
  LNM_CN01_LymphUs - LNM_CN01: Acc=0.6075, Prec=0.5759, Rec=0.9265, F1=0.7093, AUROC=0.6534, AUPRC=0.6324, ECE=0.2025
Epoch:5: seg_loss(avg):0.8627, cls_loss(avg):0.3623
Epoch:6: seg_loss(avg):0.7604, cls_loss(avg):0.3891
Saved checkpoint at epoch 6

Validating epoch 6 on all test datasets...
Testing on LNM_CN01_LymphUs...
  LNM_CN01_LymphUs - Dice: 0.7900, HD95: 26.0588
  LNM_CN01_LymphUs - LNM_CN01: Acc=0.5193, Prec=0.5193, Rec=1.0000, F1=0.6827, AUROC=0.6477, AUPRC=0.6481, ECE=0.4394
Epoch:7: seg_loss(avg):0.7259, cls_loss(avg):0.3422
Epoch:8: seg_loss(avg):0.6402, cls_loss(avg):0.3024
Saved checkpoint at epoch 8

Validating epoch 8 on all test datasets...
Testing on LNM_CN01_LymphUs...
  LNM_CN01_LymphUs - Dice: 0.8245, HD95: 19.2931
  LNM_CN01_LymphUs - LNM_CN01: Acc=0.6843, Prec=0.6412, Rec=0.8903, F1=0.7445, AUROC=0.7349, AUPRC=0.7368, ECE=0.2472
Epoch:9: seg_loss(avg):0.5967, cls_loss(avg):0.1495
Epoch:10: seg_loss(avg):0.5766, cls_loss(avg):0.1213
Saved checkpoint at epoch 10

Validating epoch 10 on all test datasets...
Testing on LNM_CN01_LymphUs...
  LNM_CN01_LymphUs - Dice: 0.7834, HD95: 14.8159
  LNM_CN01_LymphUs - LNM_CN01: Acc=0.5257, Prec=0.5226, Rec=1.0000, F1=0.6856, AUROC=0.7433, AUPRC=0.7793, ECE=0.4334
Epoch:11: seg_loss(avg):0.5920, cls_loss(avg):0.1655
Epoch:12: seg_loss(avg):0.5755, cls_loss(avg):0.1593
Saved checkpoint at epoch 12

Validating epoch 12 on all test datasets...
Testing on LNM_CN01_LymphUs...
  LNM_CN01_LymphUs - Dice: 0.8419, HD95: 14.0928
  LNM_CN01_LymphUs - LNM_CN01: Acc=0.7036, Prec=0.6707, Rec=0.8430, F1=0.7461, AUROC=0.7377, AUPRC=0.7237, ECE=0.2274
Epoch:13: seg_loss(avg):0.5612, cls_loss(avg):0.2753
Epoch:14: seg_loss(avg):0.5272, cls_loss(avg):0.0882
Saved checkpoint at epoch 14

Validating epoch 14 on all test datasets...
Testing on LNM_CN01_LymphUs...
  LNM_CN01_LymphUs - Dice: 0.8438, HD95: 14.7638
  LNM_CN01_LymphUs - LNM_CN01: Acc=0.5570, Prec=0.5424, Rec=0.9390, F1=0.6867, AUROC=0.7270, AUPRC=0.7213, ECE=0.3910
Epoch:15: seg_loss(avg):0.5300, cls_loss(avg):0.1180
Epoch:16: seg_loss(avg):0.5385, cls_loss(avg):0.0992
Saved checkpoint at epoch 16

Validating epoch 16 on all test datasets...
Testing on LNM_CN01_LymphUs...
  LNM_CN01_LymphUs - Dice: 0.8490, HD95: 14.2784
  LNM_CN01_LymphUs - LNM_CN01: Acc=0.6017, Prec=0.5709, Rec=0.9388, F1=0.7091, AUROC=0.7319, AUPRC=0.7235, ECE=0.3665
Epoch:17: seg_loss(avg):0.4994, cls_loss(avg):0.1050
Epoch:18: seg_loss(avg):0.5089, cls_loss(avg):0.0834
Saved checkpoint at epoch 18

Validating epoch 18 on all test datasets...
Testing on LNM_CN01_LymphUs...
  LNM_CN01_LymphUs - Dice: 0.8500, HD95: 13.2109
  LNM_CN01_LymphUs - LNM_CN01: Acc=0.6776, Prec=0.6353, Rec=0.8907, F1=0.7406, AUROC=0.7349, AUPRC=0.7255, ECE=0.2775
Epoch:19: seg_loss(avg):0.5167, cls_loss(avg):0.0697
Epoch:20: seg_loss(avg):0.4942, cls_loss(avg):0.1082
Saved checkpoint at epoch 20

Validating epoch 20 on all test datasets...
Testing on LNM_CN01_LymphUs...
  LNM_CN01_LymphUs - Dice: 0.8502, HD95: 12.6925
  LNM_CN01_LymphUs - LNM_CN01: Acc=0.6714, Prec=0.6299, Rec=0.8907, F1=0.7369, AUROC=0.7352, AUPRC=0.7258, ECE=0.2850

========== Evaluation Summary (All Test Records) ==========


Dataset: LNM_CN01_LymphUs
Eval epochs: [2, 4, 6, 8, 10, 12, 14, 16, 18, 20]
Dice per eval: [0.2224999964237213, 0.6480000019073486, 0.7900000214576721, 0.8245000243186951, 0.7833999991416931, 0.8418999910354614, 0.8438000082969666, 0.8489999771118164, 0.8500000238418579, 0.8501999974250793]
HD95 per eval: [119.77279663085938, 41.68669891357422, 26.058799743652344, 19.293100357055664, 14.815899848937988, 14.09280014038086, 14.763799667358398, 14.278400421142578, 13.21090030670166, 12.692500114440918]
Best Dice: 0.8502 at epoch 20
Best HD95: 12.6925 at epoch 20

LNM_CN01 metrics per eval:
  Acc:  [0.5639, 0.6075, 0.5193, 0.6843, 0.5257, 0.7036, 0.557, 0.6017, 0.6776, 0.6714]
  Prec: [0.5447, 0.5759, 0.5193, 0.6412, 0.5226, 0.6707, 0.5424, 0.5709, 0.6353, 0.6299]
  Rec:  [0.9754, 0.9265, 1.0, 0.8903, 1.0, 0.843, 0.939, 0.9388, 0.8907, 0.8907]
  F1:   [0.6982, 0.7093, 0.6827, 0.7445, 0.6856, 0.7461, 0.6867, 0.7091, 0.7406, 0.7369]
  AUROC:[0.6974, 0.6534, 0.6477, 0.7349, 0.7433, 0.7377, 0.727, 0.7319, 0.7349, 0.7352]
  AUPRC:[0.747, 0.6324, 0.6481, 0.7368, 0.7793, 0.7237, 0.7213, 0.7235, 0.7255, 0.7258]
  ECE:  [0.1966, 0.2025, 0.4394, 0.2472, 0.4334, 0.2274, 0.391, 0.3665, 0.2775, 0.285]
Best LNM_CN01 F1: 0.7461 at epoch 12

==========================================================

========== Training Completed ==========
Training completed at Sat May  9 00:08:01 2026
