Training started at Mon Dec  8 12:08:49 2025
Method: dino_unet
Dataset: train_multitask_dataset2
Epochs: 50
Learning Rate: 0.0001
Batch Size: 12
Train Image Path: /mnt/wangbd8/workspace/DataSets/ThyroidAgent/Superimposed_multitask/dataset_2/images/
Train Mask Path: /mnt/wangbd8/workspace/DataSets/ThyroidAgent/Superimposed_multitask/dataset_2/masks/
Number of test datasets: 5
Test Dataset 1: TN3K
  Image path: /mnt/wangbd8/workspace/DataSets/ThyroidAgent/TN3K/test-image/
  Mask path: /mnt/wangbd8/workspace/DataSets/ThyroidAgent/TN3K/test-mask/
Test Dataset 2: DDTI
  Image path: /mnt/wangbd8/workspace/DataSets/ThyroidAgent/DDTI/2_preprocessed_data/stage1/p_image/
  Mask path: /mnt/wangbd8/workspace/DataSets/ThyroidAgent/DDTI/2_preprocessed_data/stage1/p_mask/
Test Dataset 3: ThyroidXL
  Image path: /mnt/wangbd8/workspace/DataSets/ThyroidAgent/ThyroidXL/test/images/
  Mask path: /mnt/wangbd8/workspace/DataSets/ThyroidAgent/ThyroidXL/test/masks/
Test Dataset 4: PKTN
  Image path: /mnt/wangbd8/workspace/DataSets/ThyroidAgent/PKTN_processed/images/
  Mask path: /mnt/wangbd8/workspace/DataSets/ThyroidAgent/PKTN_processed/masks/
Test Dataset 5: TN5K
  Image path: /mnt/wangbd8/workspace/DataSets/ThyroidAgent/TN5K_processed/test/images/
  Mask path: /mnt/wangbd8/workspace/DataSets/ThyroidAgent/TN5K_processed/test/masks/
Using device: cuda
Seg Weight: 1.0
Benign Malignant Weight: 2.0
TIRADS Weight: 1.0
Epoch:1: loss:2.297821, seg_loss:0.8429, bm_loss:0.8101, ti_loss:0.0000
Epoch:2: loss:2.065701, seg_loss:0.9716, bm_loss:0.5843, ti_loss:0.0000
Epoch:3: loss:1.767853, seg_loss:0.5891, bm_loss:0.5346, ti_loss:0.0000
Epoch:4: loss:1.374062, seg_loss:0.5424, bm_loss:0.7820, ti_loss:0.0000
Epoch:5: loss:1.248070, seg_loss:0.4813, bm_loss:0.7772, ti_loss:0.0000
Saved checkpoint at epoch 5

Validating epoch 5 on all test datasets...
Testing on TN3K...
  TN3K - Dice: 0.8354, HD95: 76.7212
  TN3K - Benign/Malignant Accuracy: 0.7117, TI-RADS Accuracy: 0.0000
Testing on DDTI...
  DDTI - Dice: 0.7419, HD95: 76.7338
  DDTI - Benign/Malignant Accuracy: 0.0000, TI-RADS Accuracy: 0.0000
Testing on ThyroidXL...
  ThyroidXL - Dice: 0.8523, HD95: 39.1303
  ThyroidXL - Benign/Malignant Accuracy: 0.8172, TI-RADS Accuracy: 0.0000
Testing on PKTN...
  PKTN - Dice: 0.7515, HD95: 82.7214
  PKTN - Benign/Malignant Accuracy: 0.0000, TI-RADS Accuracy: 0.0000
Testing on TN5K...
  TN5K - Dice: 0.7452, HD95: 84.3571
  TN5K - Benign/Malignant Accuracy: 0.7890, TI-RADS Accuracy: 0.0000
Epoch:6: loss:1.177710, seg_loss:0.4831, bm_loss:0.2969, ti_loss:0.0000
Epoch:7: loss:1.092605, seg_loss:0.3716, bm_loss:0.1840, ti_loss:0.0000
Epoch:8: loss:1.039121, seg_loss:0.3872, bm_loss:0.2502, ti_loss:0.0000
Epoch:9: loss:0.985464, seg_loss:0.4185, bm_loss:0.1991, ti_loss:0.0000
Epoch:10: loss:0.944314, seg_loss:0.3555, bm_loss:0.1315, ti_loss:0.0000
Saved checkpoint at epoch 10

Validating epoch 10 on all test datasets...
Testing on TN3K...
  TN3K - Dice: 0.8528, HD95: 65.1421
  TN3K - Benign/Malignant Accuracy: 0.7329, TI-RADS Accuracy: 0.0000
Testing on DDTI...
  DDTI - Dice: 0.7940, HD95: 67.2432
  DDTI - Benign/Malignant Accuracy: 0.0000, TI-RADS Accuracy: 0.0000
Testing on ThyroidXL...
  ThyroidXL - Dice: 0.8612, HD95: 37.6134
  ThyroidXL - Benign/Malignant Accuracy: 0.8187, TI-RADS Accuracy: 0.0000
Testing on PKTN...
  PKTN - Dice: 0.7701, HD95: 83.1976
  PKTN - Benign/Malignant Accuracy: 0.0000, TI-RADS Accuracy: 0.0000
Testing on TN5K...
  TN5K - Dice: 0.7415, HD95: 80.5405
  TN5K - Benign/Malignant Accuracy: 0.7870, TI-RADS Accuracy: 0.0000
Epoch:11: loss:0.877350, seg_loss:0.4138, bm_loss:0.1716, ti_loss:0.0000
Epoch:12: loss:0.840253, seg_loss:0.3863, bm_loss:0.1714, ti_loss:0.0000
Epoch:13: loss:0.774932, seg_loss:0.3674, bm_loss:0.2132, ti_loss:0.0000
Epoch:14: loss:0.752761, seg_loss:0.3500, bm_loss:0.0740, ti_loss:0.0000
Epoch:15: loss:0.696660, seg_loss:0.3796, bm_loss:0.2365, ti_loss:0.0000
Saved checkpoint at epoch 15

Validating epoch 15 on all test datasets...
Testing on TN3K...
  TN3K - Dice: 0.8614, HD95: 55.4044
  TN3K - Benign/Malignant Accuracy: 0.6678, TI-RADS Accuracy: 0.0000
Testing on DDTI...
  DDTI - Dice: 0.7911, HD95: 66.6648
  DDTI - Benign/Malignant Accuracy: 0.0000, TI-RADS Accuracy: 0.0000
Testing on ThyroidXL...
  ThyroidXL - Dice: 0.8728, HD95: 25.5362
  ThyroidXL - Benign/Malignant Accuracy: 0.8431, TI-RADS Accuracy: 0.0000
Testing on PKTN...
  PKTN - Dice: 0.8004, HD95: 65.1832
  PKTN - Benign/Malignant Accuracy: 0.0000, TI-RADS Accuracy: 0.0000
Testing on TN5K...
  TN5K - Dice: 0.7623, HD95: 76.0199
  TN5K - Benign/Malignant Accuracy: 0.7850, TI-RADS Accuracy: 0.0000
Epoch:16: loss:0.677323, seg_loss:0.4596, bm_loss:0.0398, ti_loss:0.0000
Epoch:17: loss:0.634933, seg_loss:0.4074, bm_loss:0.0610, ti_loss:0.0000
Epoch:18: loss:0.598821, seg_loss:0.4793, bm_loss:0.0544, ti_loss:0.0000
Epoch:19: loss:0.575553, seg_loss:0.3081, bm_loss:0.0213, ti_loss:0.0000
Epoch:20: loss:0.532498, seg_loss:0.4100, bm_loss:0.2053, ti_loss:0.0000
Saved checkpoint at epoch 20

Validating epoch 20 on all test datasets...
Testing on TN3K...
  TN3K - Dice: 0.8639, HD95: 61.4991
  TN3K - Benign/Malignant Accuracy: 0.7134, TI-RADS Accuracy: 0.0000
Testing on DDTI...
  DDTI - Dice: 0.7942, HD95: 71.8901
  DDTI - Benign/Malignant Accuracy: 0.0000, TI-RADS Accuracy: 0.0000
Testing on ThyroidXL...
  ThyroidXL - Dice: 0.8811, HD95: 21.0083
  ThyroidXL - Benign/Malignant Accuracy: 0.8196, TI-RADS Accuracy: 0.0000
Testing on PKTN...
  PKTN - Dice: 0.7964, HD95: 68.7235
  PKTN - Benign/Malignant Accuracy: 0.0000, TI-RADS Accuracy: 0.0000
Testing on TN5K...
  TN5K - Dice: 0.7732, HD95: 79.6994
  TN5K - Benign/Malignant Accuracy: 0.7390, TI-RADS Accuracy: 0.0000
Epoch:21: loss:0.515893, seg_loss:0.4041, bm_loss:0.0106, ti_loss:0.0000
Epoch:22: loss:0.504701, seg_loss:0.3581, bm_loss:0.0680, ti_loss:0.0000
Epoch:23: loss:0.487227, seg_loss:0.3110, bm_loss:0.0206, ti_loss:0.0000
Epoch:24: loss:0.460177, seg_loss:0.3407, bm_loss:0.0074, ti_loss:0.0000
Epoch:25: loss:0.455636, seg_loss:0.4059, bm_loss:0.0089, ti_loss:0.0000
Saved checkpoint at epoch 25

Validating epoch 25 on all test datasets...
Testing on TN3K...
  TN3K - Dice: 0.8638, HD95: 57.0947
  TN3K - Benign/Malignant Accuracy: 0.6694, TI-RADS Accuracy: 0.0000
Testing on DDTI...
  DDTI - Dice: 0.7998, HD95: 71.3716
  DDTI - Benign/Malignant Accuracy: 0.0000, TI-RADS Accuracy: 0.0000
Testing on ThyroidXL...
  ThyroidXL - Dice: 0.8798, HD95: 23.4912
  ThyroidXL - Benign/Malignant Accuracy: 0.8124, TI-RADS Accuracy: 0.0000
Testing on PKTN...
  PKTN - Dice: 0.7779, HD95: 74.8000
  PKTN - Benign/Malignant Accuracy: 0.0000, TI-RADS Accuracy: 0.0000
Testing on TN5K...
  TN5K - Dice: 0.7618, HD95: 85.6874
  TN5K - Benign/Malignant Accuracy: 0.7770, TI-RADS Accuracy: 0.0000
Epoch:26: loss:0.424049, seg_loss:0.3595, bm_loss:0.0151, ti_loss:0.0000
Epoch:27: loss:0.419451, seg_loss:0.2684, bm_loss:0.1534, ti_loss:0.0000
Epoch:28: loss:0.410260, seg_loss:0.3823, bm_loss:0.0052, ti_loss:0.0000
Epoch:29: loss:0.383455, seg_loss:0.3090, bm_loss:0.0026, ti_loss:0.0000
Epoch:30: loss:0.384224, seg_loss:0.3312, bm_loss:0.0057, ti_loss:0.0000
Saved checkpoint at epoch 30

Validating epoch 30 on all test datasets...
Testing on TN3K...
  TN3K - Dice: 0.8669, HD95: 65.1834
  TN3K - Benign/Malignant Accuracy: 0.7003, TI-RADS Accuracy: 0.0000
Testing on DDTI...
  DDTI - Dice: 0.7767, HD95: 81.3842
  DDTI - Benign/Malignant Accuracy: 0.0000, TI-RADS Accuracy: 0.0000
Testing on ThyroidXL...
  ThyroidXL - Dice: 0.8837, HD95: 21.0114
  ThyroidXL - Benign/Malignant Accuracy: 0.8115, TI-RADS Accuracy: 0.0000
Testing on PKTN...
  PKTN - Dice: 0.7856, HD95: 78.1478
  PKTN - Benign/Malignant Accuracy: 0.0000, TI-RADS Accuracy: 0.0000
Testing on TN5K...
  TN5K - Dice: 0.7755, HD95: 80.3940
  TN5K - Benign/Malignant Accuracy: 0.7480, TI-RADS Accuracy: 0.0000
Epoch:31: loss:0.368570, seg_loss:0.2978, bm_loss:0.1132, ti_loss:0.0000
Epoch:32: loss:0.357142, seg_loss:0.3365, bm_loss:0.0010, ti_loss:0.0000
Epoch:33: loss:0.347246, seg_loss:0.3110, bm_loss:0.0070, ti_loss:0.0000
Epoch:34: loss:0.342284, seg_loss:0.3371, bm_loss:0.0021, ti_loss:0.0000
Epoch:35: loss:0.336439, seg_loss:0.3245, bm_loss:0.0015, ti_loss:0.0000
Saved checkpoint at epoch 35

Validating epoch 35 on all test datasets...
Testing on TN3K...
  TN3K - Dice: 0.8634, HD95: 62.8969
  TN3K - Benign/Malignant Accuracy: 0.7134, TI-RADS Accuracy: 0.0000
Testing on DDTI...
  DDTI - Dice: 0.7734, HD95: 80.6613
  DDTI - Benign/Malignant Accuracy: 0.0000, TI-RADS Accuracy: 0.0000
Testing on ThyroidXL...
  ThyroidXL - Dice: 0.8824, HD95: 21.3857
  ThyroidXL - Benign/Malignant Accuracy: 0.8239, TI-RADS Accuracy: 0.0000
Testing on PKTN...
  PKTN - Dice: 0.7974, HD95: 70.9956
  PKTN - Benign/Malignant Accuracy: 0.0000, TI-RADS Accuracy: 0.0000
Testing on TN5K...
  TN5K - Dice: 0.7765, HD95: 79.9086
  TN5K - Benign/Malignant Accuracy: 0.8010, TI-RADS Accuracy: 0.0000
Epoch:36: loss:0.327514, seg_loss:0.3091, bm_loss:0.0010, ti_loss:0.0000
Epoch:37: loss:0.330168, seg_loss:0.3145, bm_loss:0.0071, ti_loss:0.0000
Epoch:38: loss:0.314882, seg_loss:0.2454, bm_loss:0.0025, ti_loss:0.0000
Epoch:39: loss:0.307602, seg_loss:0.2528, bm_loss:0.0001, ti_loss:0.0000
Epoch:40: loss:0.300775, seg_loss:0.3587, bm_loss:0.0012, ti_loss:0.0000
Saved checkpoint at epoch 40

Validating epoch 40 on all test datasets...
Testing on TN3K...
  TN3K - Dice: 0.8702, HD95: 56.4465
  TN3K - Benign/Malignant Accuracy: 0.7215, TI-RADS Accuracy: 0.0000
Testing on DDTI...
  DDTI - Dice: 0.7823, HD95: 79.2990
  DDTI - Benign/Malignant Accuracy: 0.0000, TI-RADS Accuracy: 0.0000
Testing on ThyroidXL...
  ThyroidXL - Dice: 0.8840, HD95: 21.0067
  ThyroidXL - Benign/Malignant Accuracy: 0.8120, TI-RADS Accuracy: 0.0000
Testing on PKTN...
  PKTN - Dice: 0.8004, HD95: 70.9732
  PKTN - Benign/Malignant Accuracy: 0.0000, TI-RADS Accuracy: 0.0000
Testing on TN5K...
  TN5K - Dice: 0.7841, HD95: 72.2270
  TN5K - Benign/Malignant Accuracy: 0.7830, TI-RADS Accuracy: 0.0000
Epoch:41: loss:0.297882, seg_loss:0.2722, bm_loss:0.0001, ti_loss:0.0000
Epoch:42: loss:0.292622, seg_loss:0.2910, bm_loss:0.0002, ti_loss:0.0000
Epoch:43: loss:0.289578, seg_loss:0.3490, bm_loss:0.0003, ti_loss:0.0000
Epoch:44: loss:0.286020, seg_loss:0.4481, bm_loss:0.0019, ti_loss:0.0000
Epoch:45: loss:0.285075, seg_loss:0.3680, bm_loss:0.0001, ti_loss:0.0000
Saved checkpoint at epoch 45

Validating epoch 45 on all test datasets...
Testing on TN3K...
  TN3K - Dice: 0.8695, HD95: 55.8586
  TN3K - Benign/Malignant Accuracy: 0.7182, TI-RADS Accuracy: 0.0000
Testing on DDTI...
  DDTI - Dice: 0.7745, HD95: 84.4655
  DDTI - Benign/Malignant Accuracy: 0.0000, TI-RADS Accuracy: 0.0000
Testing on ThyroidXL...
  ThyroidXL - Dice: 0.8838, HD95: 20.2298
  ThyroidXL - Benign/Malignant Accuracy: 0.8254, TI-RADS Accuracy: 0.0000
Testing on PKTN...
  PKTN - Dice: 0.8030, HD95: 70.1511
  PKTN - Benign/Malignant Accuracy: 0.0000, TI-RADS Accuracy: 0.0000
Testing on TN5K...
  TN5K - Dice: 0.7879, HD95: 75.0469
  TN5K - Benign/Malignant Accuracy: 0.7950, TI-RADS Accuracy: 0.0000
Epoch:46: loss:0.282018, seg_loss:0.2706, bm_loss:0.0001, ti_loss:0.0000
Epoch:47: loss:0.280626, seg_loss:0.3752, bm_loss:0.0164, ti_loss:0.0000
Epoch:48: loss:0.279496, seg_loss:0.2448, bm_loss:0.0004, ti_loss:0.0000
Epoch:49: loss:0.278304, seg_loss:0.2406, bm_loss:0.0019, ti_loss:0.0000
Epoch:50: loss:0.277784, seg_loss:0.3142, bm_loss:0.0002, ti_loss:0.0000
Saved checkpoint at epoch 50

Validating epoch 50 on all test datasets...
Testing on TN3K...
  TN3K - Dice: 0.8710, HD95: 56.5468
  TN3K - Benign/Malignant Accuracy: 0.7117, TI-RADS Accuracy: 0.0000
Testing on DDTI...
  DDTI - Dice: 0.7758, HD95: 87.1420
  DDTI - Benign/Malignant Accuracy: 0.0000, TI-RADS Accuracy: 0.0000
Testing on ThyroidXL...
  ThyroidXL - Dice: 0.8839, HD95: 20.5523
  ThyroidXL - Benign/Malignant Accuracy: 0.8167, TI-RADS Accuracy: 0.0000
Testing on PKTN...
  PKTN - Dice: 0.8031, HD95: 70.9782
  PKTN - Benign/Malignant Accuracy: 0.0000, TI-RADS Accuracy: 0.0000
Testing on TN5K...
  TN5K - Dice: 0.7882, HD95: 74.1442
  TN5K - Benign/Malignant Accuracy: 0.7870, TI-RADS Accuracy: 0.0000

========== Training Completed ==========
Training completed at Mon Dec  8 15:41:51 2025

===== Dice Scores Summary =====
Dataset: TN3K
Dice scores per epoch: [0.8354, 0.8528, 0.8614, 0.8639, 0.8638, 0.8669, 0.8634, 0.8702, 0.8695, 0.871]
Best Dice: 0.8710 at epoch 10

Dataset: DDTI
Dice scores per epoch: [0.7419, 0.794, 0.7911, 0.7942, 0.7998, 0.7767, 0.7734, 0.7823, 0.7745, 0.7758]
Best Dice: 0.7998 at epoch 5

Dataset: ThyroidXL
Dice scores per epoch: [0.8523, 0.8612, 0.8728, 0.8811, 0.8798, 0.8837, 0.8824, 0.884, 0.8838, 0.8839]
Best Dice: 0.8840 at epoch 8

Dataset: PKTN
Dice scores per epoch: [0.7515, 0.7701, 0.8004, 0.7964, 0.7779, 0.7856, 0.7974, 0.8004, 0.803, 0.8031]
Best Dice: 0.8031 at epoch 10

Dataset: TN5K
Dice scores per epoch: [0.7452, 0.7415, 0.7623, 0.7732, 0.7618, 0.7755, 0.7765, 0.7841, 0.7879, 0.7882]
Best Dice: 0.7882 at epoch 10

===== HD95 Scores Summary =====
Dataset: TN3K
HD95 scores per epoch: [76.7212, 65.1421, 55.4044, 61.4991, 57.0947, 65.1834, 62.8969, 56.4465, 55.8586, 56.5468]
Best HD95: 55.4044 at epoch 3

Dataset: DDTI
HD95 scores per epoch: [76.7338, 67.2432, 66.6648, 71.8901, 71.3716, 81.3842, 80.6613, 79.299, 84.4655, 87.142]
Best HD95: 66.6648 at epoch 3

Dataset: ThyroidXL
HD95 scores per epoch: [39.1303, 37.6134, 25.5362, 21.0083, 23.4912, 21.0114, 21.3857, 21.0067, 20.2298, 20.5523]
Best HD95: 20.2298 at epoch 9

Dataset: PKTN
HD95 scores per epoch: [82.7214, 83.1976, 65.1832, 68.7235, 74.8, 78.1478, 70.9956, 70.9732, 70.1511, 70.9782]
Best HD95: 65.1832 at epoch 3

Dataset: TN5K
HD95 scores per epoch: [84.3571, 80.5405, 76.0199, 79.6994, 85.6874, 80.394, 79.9086, 72.227, 75.0469, 74.1442]
Best HD95: 72.2270 at epoch 8


===== Benign/Malignant Accuracy Summary =====
Dataset: TN3K
Accuracy scores per epoch: [0.7117, 0.7329, 0.6678, 0.7134, 0.6694, 0.7003, 0.7134, 0.7215, 0.7182, 0.7117]
Best Accuracy: 0.7329 at epoch 2
Dataset: DDTI
Accuracy scores per epoch: [0.0, 0.0, 0.0, 0.0, 0.0, 0.0, 0.0, 0.0, 0.0, 0.0]
Best Accuracy: 0.0000 at epoch 1
Dataset: ThyroidXL
Accuracy scores per epoch: [0.8172, 0.8187, 0.8431, 0.8196, 0.8124, 0.8115, 0.8239, 0.812, 0.8254, 0.8167]
Best Accuracy: 0.8431 at epoch 3
Dataset: PKTN
Accuracy scores per epoch: [0.0, 0.0, 0.0, 0.0, 0.0, 0.0, 0.0, 0.0, 0.0, 0.0]
Best Accuracy: 0.0000 at epoch 1
Dataset: TN5K
Accuracy scores per epoch: [0.789, 0.787, 0.785, 0.739, 0.777, 0.748, 0.801, 0.783, 0.795, 0.787]
Best Accuracy: 0.8010 at epoch 7

===== TI-RADS Accuracy Summary =====
Dataset: TN3K
Accuracy scores per epoch: [0.0, 0.0, 0.0, 0.0, 0.0, 0.0, 0.0, 0.0, 0.0, 0.0]
Best Accuracy: 0.0000 at epoch 1
Dataset: DDTI
Accuracy scores per epoch: [0.0, 0.0, 0.0, 0.0, 0.0, 0.0, 0.0, 0.0, 0.0, 0.0]
Best Accuracy: 0.0000 at epoch 1
Dataset: ThyroidXL
Accuracy scores per epoch: [0.0, 0.0, 0.0, 0.0, 0.0, 0.0, 0.0, 0.0, 0.0, 0.0]
Best Accuracy: 0.0000 at epoch 1
Dataset: PKTN
Accuracy scores per epoch: [0.0, 0.0, 0.0, 0.0, 0.0, 0.0, 0.0, 0.0, 0.0, 0.0]
Best Accuracy: 0.0000 at epoch 1
Dataset: TN5K
Accuracy scores per epoch: [0.0, 0.0, 0.0, 0.0, 0.0, 0.0, 0.0, 0.0, 0.0, 0.0]
Best Accuracy: 0.0000 at epoch 1
