Training started at Sat Dec 27 10:49:45 2025
Method: dino_unet
Dataset: noseg_train_multitask_dataset1
Epochs: 50
LR: 0.0001
Batch Size: 12
Image Size: 224 x 224
DINO pretrained: True
Use Dilation: False
Training set - Benign/Malignant: Benign=2331 (49.25%), Malignant=2402 (50.75%)
Auto-adjusted tau=0.30 (imbalance_ratio=1.03)
GLA parameters: p_benign=0.4925, p_malignant=0.5075, tau=0.30
Logit adjustment magnitude: 0.0090
Training set - TI-RADS distribution (1-5): [0, 0, 0, 0, 0]
TI-RADS probabilities: [0.20000000298023224, 0.20000000298023224, 0.20000000298023224, 0.20000000298023224, 0.20000000298023224]
Loss weights: seg=1.0, bm=1.0, tirads=1.0
GA-MTL schedule per optimizer step: ['bm']
steps_per_epoch (optimizer steps): 394
Epoch:1: seg_loss(avg):0.0000, bm_loss(avg):0.7000, tirads_loss(avg):0.0000
Epoch:2: seg_loss(avg):0.0000, bm_loss(avg):0.6946, tirads_loss(avg):0.0000
Epoch:3: seg_loss(avg):0.0000, bm_loss(avg):0.6911, tirads_loss(avg):0.0000
Epoch:4: seg_loss(avg):0.0000, bm_loss(avg):0.6873, tirads_loss(avg):0.0000
Epoch:5: seg_loss(avg):0.0000, bm_loss(avg):0.6870, tirads_loss(avg):0.0000
Saved checkpoint at epoch 5

Validating epoch 5 on all test datasets...
Testing on TN3K...
  TN3K - Dice: 0.2117, HD95: 120.6749
  TN3K - BM: Acc=0.3844, Prec=0.3844, Rec=1.0000, F1=0.5553, AUROC=0.5455, AUPRC=0.4109
  TN3K - TI-RADS: Acc=0.0000, Prec=0.0000, Rec=0.0000, F1=0.0000, AUC=0.0000
Testing on DDTI...
  DDTI - Dice: 0.2584, HD95: 103.8273
  DDTI - BM: Acc=0.0000, Prec=0.0000, Rec=0.0000, F1=0.0000, AUROC=0.0000, AUPRC=0.0000
  DDTI - TI-RADS: Acc=0.0000, Prec=0.0000, Rec=0.0000, F1=0.0000, AUC=0.0000
Testing on ThyroidXL...
  ThyroidXL - Dice: 0.1381, HD95: 123.2224
  ThyroidXL - BM: Acc=0.4641, Prec=0.4641, Rec=1.0000, F1=0.6340, AUROC=0.4841, AUPRC=0.4667
  ThyroidXL - TI-RADS: Acc=0.0000, Prec=0.0000, Rec=0.0000, F1=0.0000, AUC=0.0000
Testing on PKTN...
  PKTN - Dice: 0.1373, HD95: 124.8760
  PKTN - BM: Acc=0.0000, Prec=0.0000, Rec=0.0000, F1=0.0000, AUROC=0.0000, AUPRC=0.0000
  PKTN - TI-RADS: Acc=0.0000, Prec=0.0000, Rec=0.0000, F1=0.0000, AUC=0.0000
Testing on TN5K...
  TN5K - Dice: 0.0847, HD95: 132.6719
  TN5K - BM: Acc=0.7310, Prec=0.7310, Rec=1.0000, F1=0.8446, AUROC=0.4961, AUPRC=0.7338
  TN5K - TI-RADS: Acc=0.0000, Prec=0.0000, Rec=0.0000, F1=0.0000, AUC=0.0000
Epoch:6: seg_loss(avg):0.0000, bm_loss(avg):0.6851, tirads_loss(avg):0.0000
Epoch:7: seg_loss(avg):0.0000, bm_loss(avg):0.6876, tirads_loss(avg):0.0000
Epoch:8: seg_loss(avg):0.0000, bm_loss(avg):0.6766, tirads_loss(avg):0.0000
Epoch:9: seg_loss(avg):0.0000, bm_loss(avg):0.6722, tirads_loss(avg):0.0000
Epoch:10: seg_loss(avg):0.0000, bm_loss(avg):0.6649, tirads_loss(avg):0.0000
Saved checkpoint at epoch 10

Validating epoch 10 on all test datasets...
Testing on TN3K...
  TN3K - Dice: 0.2091, HD95: 120.5689
  TN3K - BM: Acc=0.5261, Prec=0.4362, Rec=0.7966, F1=0.5637, AUROC=0.5945, AUPRC=0.4564
  TN3K - TI-RADS: Acc=0.0000, Prec=0.0000, Rec=0.0000, F1=0.0000, AUC=0.0000
Testing on DDTI...
  DDTI - Dice: 0.2608, HD95: 103.5774
  DDTI - BM: Acc=0.0000, Prec=0.0000, Rec=0.0000, F1=0.0000, AUROC=0.0000, AUPRC=0.0000
  DDTI - TI-RADS: Acc=0.0000, Prec=0.0000, Rec=0.0000, F1=0.0000, AUC=0.0000
Testing on ThyroidXL...
  ThyroidXL - Dice: 0.1376, HD95: 123.3049
  ThyroidXL - BM: Acc=0.5646, Prec=0.5229, Rec=0.7062, F1=0.6009, AUROC=0.6197, AUPRC=0.5765
  ThyroidXL - TI-RADS: Acc=0.0000, Prec=0.0000, Rec=0.0000, F1=0.0000, AUC=0.0000
Testing on PKTN...
  PKTN - Dice: 0.1358, HD95: 124.5707
  PKTN - BM: Acc=0.0000, Prec=0.0000, Rec=0.0000, F1=0.0000, AUROC=0.0000, AUPRC=0.0000
  PKTN - TI-RADS: Acc=0.0000, Prec=0.0000, Rec=0.0000, F1=0.0000, AUC=0.0000
Testing on TN5K...
  TN5K - Dice: 0.0834, HD95: 132.5216
  TN5K - BM: Acc=0.6930, Prec=0.7437, Rec=0.8851, F1=0.8082, AUROC=0.5666, AUPRC=0.7591
  TN5K - TI-RADS: Acc=0.0000, Prec=0.0000, Rec=0.0000, F1=0.0000, AUC=0.0000
Epoch:11: seg_loss(avg):0.0000, bm_loss(avg):0.6485, tirads_loss(avg):0.0000
Epoch:12: seg_loss(avg):0.0000, bm_loss(avg):0.6354, tirads_loss(avg):0.0000
Epoch:13: seg_loss(avg):0.0000, bm_loss(avg):0.6192, tirads_loss(avg):0.0000
Epoch:14: seg_loss(avg):0.0000, bm_loss(avg):0.6068, tirads_loss(avg):0.0000
Epoch:15: seg_loss(avg):0.0000, bm_loss(avg):0.6047, tirads_loss(avg):0.0000
Saved checkpoint at epoch 15

Validating epoch 15 on all test datasets...
Testing on TN3K...
  TN3K - Dice: 0.2088, HD95: 120.5144
  TN3K - BM: Acc=0.5358, Prec=0.4501, Rec=0.9364, F1=0.6080, AUROC=0.6678, AUPRC=0.4996
  TN3K - TI-RADS: Acc=0.0000, Prec=0.0000, Rec=0.0000, F1=0.0000, AUC=0.0000
Testing on DDTI...
  DDTI - Dice: 0.2634, HD95: 103.8767
  DDTI - BM: Acc=0.0000, Prec=0.0000, Rec=0.0000, F1=0.0000, AUROC=0.0000, AUPRC=0.0000
  DDTI - TI-RADS: Acc=0.0000, Prec=0.0000, Rec=0.0000, F1=0.0000, AUC=0.0000
Testing on ThyroidXL...
  ThyroidXL - Dice: 0.1398, HD95: 123.6503
  ThyroidXL - BM: Acc=0.5110, Prec=0.4862, Rec=0.9454, F1=0.6422, AUROC=0.5889, AUPRC=0.5193
  ThyroidXL - TI-RADS: Acc=0.0000, Prec=0.0000, Rec=0.0000, F1=0.0000, AUC=0.0000
Testing on PKTN...
  PKTN - Dice: 0.1362, HD95: 124.5596
  PKTN - BM: Acc=0.0000, Prec=0.0000, Rec=0.0000, F1=0.0000, AUROC=0.0000, AUPRC=0.0000
  PKTN - TI-RADS: Acc=0.0000, Prec=0.0000, Rec=0.0000, F1=0.0000, AUC=0.0000
Testing on TN5K...
  TN5K - Dice: 0.0838, HD95: 132.3393
  TN5K - BM: Acc=0.7170, Prec=0.7378, Rec=0.9508, F1=0.8308, AUROC=0.5591, AUPRC=0.7655
  TN5K - TI-RADS: Acc=0.0000, Prec=0.0000, Rec=0.0000, F1=0.0000, AUC=0.0000
Epoch:16: seg_loss(avg):0.0000, bm_loss(avg):0.5905, tirads_loss(avg):0.0000
Epoch:17: seg_loss(avg):0.0000, bm_loss(avg):0.5804, tirads_loss(avg):0.0000
Epoch:18: seg_loss(avg):0.0000, bm_loss(avg):0.5578, tirads_loss(avg):0.0000
Epoch:19: seg_loss(avg):0.0000, bm_loss(avg):0.5520, tirads_loss(avg):0.0000
Epoch:20: seg_loss(avg):0.0000, bm_loss(avg):0.5422, tirads_loss(avg):0.0000
Saved checkpoint at epoch 20

Validating epoch 20 on all test datasets...
Testing on TN3K...
  TN3K - Dice: 0.2087, HD95: 120.5263
  TN3K - BM: Acc=0.6075, Prec=0.4931, Rec=0.7542, F1=0.5963, AUROC=0.6920, AUPRC=0.5352
  TN3K - TI-RADS: Acc=0.0000, Prec=0.0000, Rec=0.0000, F1=0.0000, AUC=0.0000
Testing on DDTI...
  DDTI - Dice: 0.2609, HD95: 103.5671
  DDTI - BM: Acc=0.0000, Prec=0.0000, Rec=0.0000, F1=0.0000, AUROC=0.0000, AUPRC=0.0000
  DDTI - TI-RADS: Acc=0.0000, Prec=0.0000, Rec=0.0000, F1=0.0000, AUC=0.0000
Testing on ThyroidXL...
  ThyroidXL - Dice: 0.1356, HD95: 123.7885
  ThyroidXL - BM: Acc=0.5612, Prec=0.5193, Rec=0.7340, F1=0.6083, AUROC=0.6322, AUPRC=0.5806
  ThyroidXL - TI-RADS: Acc=0.0000, Prec=0.0000, Rec=0.0000, F1=0.0000, AUC=0.0000
Testing on PKTN...
  PKTN - Dice: 0.1357, HD95: 124.5237
  PKTN - BM: Acc=0.0000, Prec=0.0000, Rec=0.0000, F1=0.0000, AUROC=0.0000, AUPRC=0.0000
  PKTN - TI-RADS: Acc=0.0000, Prec=0.0000, Rec=0.0000, F1=0.0000, AUC=0.0000
Testing on TN5K...
  TN5K - Dice: 0.0838, HD95: 132.4251
  TN5K - BM: Acc=0.6400, Prec=0.7470, Rec=0.7674, F1=0.7571, AUROC=0.5593, AUPRC=0.7699
  TN5K - TI-RADS: Acc=0.0000, Prec=0.0000, Rec=0.0000, F1=0.0000, AUC=0.0000
Epoch:21: seg_loss(avg):0.0000, bm_loss(avg):0.5237, tirads_loss(avg):0.0000
Epoch:22: seg_loss(avg):0.0000, bm_loss(avg):0.5124, tirads_loss(avg):0.0000
Epoch:23: seg_loss(avg):0.0000, bm_loss(avg):0.4998, tirads_loss(avg):0.0000
Epoch:24: seg_loss(avg):0.0000, bm_loss(avg):0.4830, tirads_loss(avg):0.0000
Epoch:25: seg_loss(avg):0.0000, bm_loss(avg):0.4665, tirads_loss(avg):0.0000
Saved checkpoint at epoch 25

Validating epoch 25 on all test datasets...
Testing on TN3K...
  TN3K - Dice: 0.2077, HD95: 120.6075
  TN3K - BM: Acc=0.5831, Prec=0.4719, Rec=0.7119, F1=0.5676, AUROC=0.6741, AUPRC=0.5170
  TN3K - TI-RADS: Acc=0.0000, Prec=0.0000, Rec=0.0000, F1=0.0000, AUC=0.0000
Testing on DDTI...
  DDTI - Dice: 0.2640, HD95: 103.6834
  DDTI - BM: Acc=0.0000, Prec=0.0000, Rec=0.0000, F1=0.0000, AUROC=0.0000, AUPRC=0.0000
  DDTI - TI-RADS: Acc=0.0000, Prec=0.0000, Rec=0.0000, F1=0.0000, AUC=0.0000
Testing on ThyroidXL...
  ThyroidXL - Dice: 0.1341, HD95: 124.5779
  ThyroidXL - BM: Acc=0.5411, Prec=0.5034, Rec=0.8505, F1=0.6324, AUROC=0.6128, AUPRC=0.5694
  ThyroidXL - TI-RADS: Acc=0.0000, Prec=0.0000, Rec=0.0000, F1=0.0000, AUC=0.0000
Testing on PKTN...
  PKTN - Dice: 0.1356, HD95: 124.4969
  PKTN - BM: Acc=0.0000, Prec=0.0000, Rec=0.0000, F1=0.0000, AUROC=0.0000, AUPRC=0.0000
  PKTN - TI-RADS: Acc=0.0000, Prec=0.0000, Rec=0.0000, F1=0.0000, AUC=0.0000
Testing on TN5K...
  TN5K - Dice: 0.0841, HD95: 132.2565
  TN5K - BM: Acc=0.6530, Prec=0.7507, Rec=0.7866, F1=0.7682, AUROC=0.5492, AUPRC=0.7658
  TN5K - TI-RADS: Acc=0.0000, Prec=0.0000, Rec=0.0000, F1=0.0000, AUC=0.0000
Epoch:26: seg_loss(avg):0.0000, bm_loss(avg):0.4421, tirads_loss(avg):0.0000
Epoch:27: seg_loss(avg):0.0000, bm_loss(avg):0.4313, tirads_loss(avg):0.0000
Epoch:28: seg_loss(avg):0.0000, bm_loss(avg):0.4140, tirads_loss(avg):0.0000
Epoch:29: seg_loss(avg):0.0000, bm_loss(avg):0.3869, tirads_loss(avg):0.0000
Epoch:30: seg_loss(avg):0.0000, bm_loss(avg):0.3718, tirads_loss(avg):0.0000
Saved checkpoint at epoch 30

Validating epoch 30 on all test datasets...
Testing on TN3K...
  TN3K - Dice: 0.2090, HD95: 120.7898
  TN3K - BM: Acc=0.6010, Prec=0.4869, Rec=0.7076, F1=0.5769, AUROC=0.6563, AUPRC=0.5028
  TN3K - TI-RADS: Acc=0.0000, Prec=0.0000, Rec=0.0000, F1=0.0000, AUC=0.0000
Testing on DDTI...
  DDTI - Dice: 0.2627, HD95: 103.7550
  DDTI - BM: Acc=0.0000, Prec=0.0000, Rec=0.0000, F1=0.0000, AUROC=0.0000, AUPRC=0.0000
  DDTI - TI-RADS: Acc=0.0000, Prec=0.0000, Rec=0.0000, F1=0.0000, AUC=0.0000
Testing on ThyroidXL...
  ThyroidXL - Dice: 0.1407, HD95: 124.2342
  ThyroidXL - BM: Acc=0.5569, Prec=0.5152, Rec=0.7701, F1=0.6174, AUROC=0.6244, AUPRC=0.5744
  ThyroidXL - TI-RADS: Acc=0.0000, Prec=0.0000, Rec=0.0000, F1=0.0000, AUC=0.0000
Testing on PKTN...
  PKTN - Dice: 0.1355, HD95: 124.4956
  PKTN - BM: Acc=0.0000, Prec=0.0000, Rec=0.0000, F1=0.0000, AUROC=0.0000, AUPRC=0.0000
  PKTN - TI-RADS: Acc=0.0000, Prec=0.0000, Rec=0.0000, F1=0.0000, AUC=0.0000
Testing on TN5K...
  TN5K - Dice: 0.0838, HD95: 132.4240
  TN5K - BM: Acc=0.6210, Prec=0.7529, Rec=0.7168, F1=0.7344, AUROC=0.5722, AUPRC=0.7874
  TN5K - TI-RADS: Acc=0.0000, Prec=0.0000, Rec=0.0000, F1=0.0000, AUC=0.0000
Epoch:31: seg_loss(avg):0.0000, bm_loss(avg):0.3402, tirads_loss(avg):0.0000
Epoch:32: seg_loss(avg):0.0000, bm_loss(avg):0.3218, tirads_loss(avg):0.0000
Epoch:33: seg_loss(avg):0.0000, bm_loss(avg):0.3103, tirads_loss(avg):0.0000
Epoch:34: seg_loss(avg):0.0000, bm_loss(avg):0.2839, tirads_loss(avg):0.0000
Epoch:35: seg_loss(avg):0.0000, bm_loss(avg):0.2545, tirads_loss(avg):0.0000
Saved checkpoint at epoch 35

Validating epoch 35 on all test datasets...
Testing on TN3K...
  TN3K - Dice: 0.2087, HD95: 120.7433
  TN3K - BM: Acc=0.6010, Prec=0.4852, Rec=0.6271, F1=0.5471, AUROC=0.6491, AUPRC=0.4848
  TN3K - TI-RADS: Acc=0.0000, Prec=0.0000, Rec=0.0000, F1=0.0000, AUC=0.0000
Testing on DDTI...
  DDTI - Dice: 0.2613, HD95: 103.7800
  DDTI - BM: Acc=0.0000, Prec=0.0000, Rec=0.0000, F1=0.0000, AUROC=0.0000, AUPRC=0.0000
  DDTI - TI-RADS: Acc=0.0000, Prec=0.0000, Rec=0.0000, F1=0.0000, AUC=0.0000
Testing on ThyroidXL...
  ThyroidXL - Dice: 0.1397, HD95: 124.1953
  ThyroidXL - BM: Acc=0.5622, Prec=0.5221, Rec=0.6701, F1=0.5869, AUROC=0.6069, AUPRC=0.5682
  ThyroidXL - TI-RADS: Acc=0.0000, Prec=0.0000, Rec=0.0000, F1=0.0000, AUC=0.0000
Testing on PKTN...
  PKTN - Dice: 0.1355, HD95: 124.5196
  PKTN - BM: Acc=0.0000, Prec=0.0000, Rec=0.0000, F1=0.0000, AUROC=0.0000, AUPRC=0.0000
  PKTN - TI-RADS: Acc=0.0000, Prec=0.0000, Rec=0.0000, F1=0.0000, AUC=0.0000
Testing on TN5K...
  TN5K - Dice: 0.0834, HD95: 132.6785
  TN5K - BM: Acc=0.5920, Prec=0.7535, Rec=0.6566, F1=0.7018, AUROC=0.5566, AUPRC=0.7713
  TN5K - TI-RADS: Acc=0.0000, Prec=0.0000, Rec=0.0000, F1=0.0000, AUC=0.0000
Epoch:36: seg_loss(avg):0.0000, bm_loss(avg):0.2277, tirads_loss(avg):0.0000
Epoch:37: seg_loss(avg):0.0000, bm_loss(avg):0.2114, tirads_loss(avg):0.0000
Epoch:38: seg_loss(avg):0.0000, bm_loss(avg):0.2018, tirads_loss(avg):0.0000
Epoch:39: seg_loss(avg):0.0000, bm_loss(avg):0.1881, tirads_loss(avg):0.0000
Epoch:40: seg_loss(avg):0.0000, bm_loss(avg):0.1698, tirads_loss(avg):0.0000
Saved checkpoint at epoch 40

Validating epoch 40 on all test datasets...
Testing on TN3K...
  TN3K - Dice: 0.2090, HD95: 121.0091
  TN3K - BM: Acc=0.5977, Prec=0.4848, Rec=0.7458, F1=0.5876, AUROC=0.6487, AUPRC=0.4988
  TN3K - TI-RADS: Acc=0.0000, Prec=0.0000, Rec=0.0000, F1=0.0000, AUC=0.0000
Testing on DDTI...
  DDTI - Dice: 0.2576, HD95: 104.5234
  DDTI - BM: Acc=0.0000, Prec=0.0000, Rec=0.0000, F1=0.0000, AUROC=0.0000, AUPRC=0.0000
  DDTI - TI-RADS: Acc=0.0000, Prec=0.0000, Rec=0.0000, F1=0.0000, AUC=0.0000
Testing on ThyroidXL...
  ThyroidXL - Dice: 0.1404, HD95: 124.6876
  ThyroidXL - BM: Acc=0.5373, Prec=0.5010, Rec=0.7546, F1=0.6022, AUROC=0.5990, AUPRC=0.5627
  ThyroidXL - TI-RADS: Acc=0.0000, Prec=0.0000, Rec=0.0000, F1=0.0000, AUC=0.0000
Testing on PKTN...
  PKTN - Dice: 0.1356, HD95: 124.5106
  PKTN - BM: Acc=0.0000, Prec=0.0000, Rec=0.0000, F1=0.0000, AUROC=0.0000, AUPRC=0.0000
  PKTN - TI-RADS: Acc=0.0000, Prec=0.0000, Rec=0.0000, F1=0.0000, AUC=0.0000
Testing on TN5K...
  TN5K - Dice: 0.0825, HD95: 132.9778
  TN5K - BM: Acc=0.6300, Prec=0.7510, Rec=0.7387, F1=0.7448, AUROC=0.5554, AUPRC=0.7732
  TN5K - TI-RADS: Acc=0.0000, Prec=0.0000, Rec=0.0000, F1=0.0000, AUC=0.0000
Epoch:41: seg_loss(avg):0.0000, bm_loss(avg):0.1519, tirads_loss(avg):0.0000
Epoch:42: seg_loss(avg):0.0000, bm_loss(avg):0.1558, tirads_loss(avg):0.0000
Epoch:43: seg_loss(avg):0.0000, bm_loss(avg):0.1281, tirads_loss(avg):0.0000
Epoch:44: seg_loss(avg):0.0000, bm_loss(avg):0.1293, tirads_loss(avg):0.0000
Epoch:45: seg_loss(avg):0.0000, bm_loss(avg):0.1213, tirads_loss(avg):0.0000
Saved checkpoint at epoch 45

Validating epoch 45 on all test datasets...
Testing on TN3K...
  TN3K - Dice: 0.2088, HD95: 121.0200
  TN3K - BM: Acc=0.6059, Prec=0.4901, Rec=0.6271, F1=0.5502, AUROC=0.6497, AUPRC=0.5022
  TN3K - TI-RADS: Acc=0.0000, Prec=0.0000, Rec=0.0000, F1=0.0000, AUC=0.0000
Testing on DDTI...
  DDTI - Dice: 0.2575, HD95: 104.7340
  DDTI - BM: Acc=0.0000, Prec=0.0000, Rec=0.0000, F1=0.0000, AUROC=0.0000, AUPRC=0.0000
  DDTI - TI-RADS: Acc=0.0000, Prec=0.0000, Rec=0.0000, F1=0.0000, AUC=0.0000
Testing on ThyroidXL...
  ThyroidXL - Dice: 0.1406, HD95: 124.4488
  ThyroidXL - BM: Acc=0.5512, Prec=0.5129, Rec=0.6557, F1=0.5756, AUROC=0.6041, AUPRC=0.5627
  ThyroidXL - TI-RADS: Acc=0.0000, Prec=0.0000, Rec=0.0000, F1=0.0000, AUC=0.0000
Testing on PKTN...
  PKTN - Dice: 0.1356, HD95: 124.4939
  PKTN - BM: Acc=0.0000, Prec=0.0000, Rec=0.0000, F1=0.0000, AUROC=0.0000, AUPRC=0.0000
  PKTN - TI-RADS: Acc=0.0000, Prec=0.0000, Rec=0.0000, F1=0.0000, AUC=0.0000
Testing on TN5K...
  TN5K - Dice: 0.0826, HD95: 132.8561
  TN5K - BM: Acc=0.6060, Prec=0.7573, Rec=0.6785, F1=0.7157, AUROC=0.5657, AUPRC=0.7827
  TN5K - TI-RADS: Acc=0.0000, Prec=0.0000, Rec=0.0000, F1=0.0000, AUC=0.0000
Epoch:46: seg_loss(avg):0.0000, bm_loss(avg):0.1145, tirads_loss(avg):0.0000
Epoch:47: seg_loss(avg):0.0000, bm_loss(avg):0.1106, tirads_loss(avg):0.0000
Epoch:48: seg_loss(avg):0.0000, bm_loss(avg):0.0969, tirads_loss(avg):0.0000
Epoch:49: seg_loss(avg):0.0000, bm_loss(avg):0.0944, tirads_loss(avg):0.0000
Epoch:50: seg_loss(avg):0.0000, bm_loss(avg):0.0954, tirads_loss(avg):0.0000
Saved checkpoint at epoch 50

Validating epoch 50 on all test datasets...
Testing on TN3K...
  TN3K - Dice: 0.2089, HD95: 121.0809
  TN3K - BM: Acc=0.6026, Prec=0.4873, Rec=0.6525, F1=0.5580, AUROC=0.6438, AUPRC=0.5052
  TN3K - TI-RADS: Acc=0.0000, Prec=0.0000, Rec=0.0000, F1=0.0000, AUC=0.0000
Testing on DDTI...
  DDTI - Dice: 0.2566, HD95: 104.5823
  DDTI - BM: Acc=0.0000, Prec=0.0000, Rec=0.0000, F1=0.0000, AUROC=0.0000, AUPRC=0.0000
  DDTI - TI-RADS: Acc=0.0000, Prec=0.0000, Rec=0.0000, F1=0.0000, AUC=0.0000
Testing on ThyroidXL...
  ThyroidXL - Dice: 0.1404, HD95: 124.6354
  ThyroidXL - BM: Acc=0.5526, Prec=0.5136, Rec=0.6814, F1=0.5857, AUROC=0.6040, AUPRC=0.5638
  ThyroidXL - TI-RADS: Acc=0.0000, Prec=0.0000, Rec=0.0000, F1=0.0000, AUC=0.0000
Testing on PKTN...
  PKTN - Dice: 0.1356, HD95: 124.5003
  PKTN - BM: Acc=0.0000, Prec=0.0000, Rec=0.0000, F1=0.0000, AUROC=0.0000, AUPRC=0.0000
  PKTN - TI-RADS: Acc=0.0000, Prec=0.0000, Rec=0.0000, F1=0.0000, AUC=0.0000
Testing on TN5K...
  TN5K - Dice: 0.0827, HD95: 133.0197
  TN5K - BM: Acc=0.5950, Prec=0.7485, Rec=0.6717, F1=0.7080, AUROC=0.5552, AUPRC=0.7770
  TN5K - TI-RADS: Acc=0.0000, Prec=0.0000, Rec=0.0000, F1=0.0000, AUC=0.0000

========== Evaluation Summary (All Test Records) ==========

Dataset: TN3K
Eval epochs: [5, 10, 15, 20, 25, 30, 35, 40, 45, 50]
Dice per eval: [0.2117, 0.2091, 0.2088, 0.2087, 0.2077, 0.209, 0.2087, 0.209, 0.2088, 0.2089]
HD95 per eval: [np.float64(120.6749), np.float64(120.5689), np.float64(120.5144), np.float64(120.5263), np.float64(120.6075), np.float64(120.7898), np.float64(120.7433), np.float64(121.0091), np.float64(121.02), np.float64(121.0809)]
Best Dice: 0.2117 at epoch 5
Best HD95: 120.5144 at epoch 15

BM metrics per eval:
  Acc:  [np.float64(0.3844), np.float64(0.5261), np.float64(0.5358), np.float64(0.6075), np.float64(0.5831), np.float64(0.601), np.float64(0.601), np.float64(0.5977), np.float64(0.6059), np.float64(0.6026)]
  Prec: [0.3844, 0.4362, 0.4501, 0.4931, 0.4719, 0.4869, 0.4852, 0.4848, 0.4901, 0.4873]
  Rec:  [1.0, 0.7966, 0.9364, 0.7542, 0.7119, 0.7076, 0.6271, 0.7458, 0.6271, 0.6525]
  F1:   [0.5553, 0.5637, 0.608, 0.5963, 0.5676, 0.5769, 0.5471, 0.5876, 0.5502, 0.558]
  AUROC:[0.5455, 0.5945, 0.6678, 0.692, 0.6741, 0.6563, 0.6491, 0.6487, 0.6497, 0.6438]
  AUPRC:[0.4109, 0.4564, 0.4996, 0.5352, 0.517, 0.5028, 0.4848, 0.4988, 0.5022, 0.5052]
Best BM F1: 0.6080 at epoch 15

TI-RADS metrics per eval:
  Acc:  [0.0, 0.0, 0.0, 0.0, 0.0, 0.0, 0.0, 0.0, 0.0, 0.0]
  Prec: [0.0, 0.0, 0.0, 0.0, 0.0, 0.0, 0.0, 0.0, 0.0, 0.0]
  Rec:  [0.0, 0.0, 0.0, 0.0, 0.0, 0.0, 0.0, 0.0, 0.0, 0.0]
  F1:   [0.0, 0.0, 0.0, 0.0, 0.0, 0.0, 0.0, 0.0, 0.0, 0.0]
  AUC:  [0.0, 0.0, 0.0, 0.0, 0.0, 0.0, 0.0, 0.0, 0.0, 0.0]
Best TI-RADS F1: 0.0000 at epoch 5

Dataset: DDTI
Eval epochs: [5, 10, 15, 20, 25, 30, 35, 40, 45, 50]
Dice per eval: [0.2584, 0.2608, 0.2634, 0.2609, 0.264, 0.2627, 0.2613, 0.2576, 0.2575, 0.2566]
HD95 per eval: [np.float64(103.8273), np.float64(103.5774), np.float64(103.8767), np.float64(103.5671), np.float64(103.6834), np.float64(103.755), np.float64(103.78), np.float64(104.5234), np.float64(104.734), np.float64(104.5823)]
Best Dice: 0.2640 at epoch 25
Best HD95: 103.5671 at epoch 20

BM metrics per eval:
  Acc:  [0.0, 0.0, 0.0, 0.0, 0.0, 0.0, 0.0, 0.0, 0.0, 0.0]
  Prec: [0.0, 0.0, 0.0, 0.0, 0.0, 0.0, 0.0, 0.0, 0.0, 0.0]
  Rec:  [0.0, 0.0, 0.0, 0.0, 0.0, 0.0, 0.0, 0.0, 0.0, 0.0]
  F1:   [0.0, 0.0, 0.0, 0.0, 0.0, 0.0, 0.0, 0.0, 0.0, 0.0]
  AUROC:[0.0, 0.0, 0.0, 0.0, 0.0, 0.0, 0.0, 0.0, 0.0, 0.0]
  AUPRC:[0.0, 0.0, 0.0, 0.0, 0.0, 0.0, 0.0, 0.0, 0.0, 0.0]
Best BM F1: 0.0000 at epoch 5

TI-RADS metrics per eval:
  Acc:  [0.0, 0.0, 0.0, 0.0, 0.0, 0.0, 0.0, 0.0, 0.0, 0.0]
  Prec: [0.0, 0.0, 0.0, 0.0, 0.0, 0.0, 0.0, 0.0, 0.0, 0.0]
  Rec:  [0.0, 0.0, 0.0, 0.0, 0.0, 0.0, 0.0, 0.0, 0.0, 0.0]
  F1:   [0.0, 0.0, 0.0, 0.0, 0.0, 0.0, 0.0, 0.0, 0.0, 0.0]
  AUC:  [0.0, 0.0, 0.0, 0.0, 0.0, 0.0, 0.0, 0.0, 0.0, 0.0]
Best TI-RADS F1: 0.0000 at epoch 5

Dataset: ThyroidXL
Eval epochs: [5, 10, 15, 20, 25, 30, 35, 40, 45, 50]
Dice per eval: [0.1381, 0.1376, 0.1398, 0.1356, 0.1341, 0.1407, 0.1397, 0.1404, 0.1406, 0.1404]
HD95 per eval: [np.float64(123.2224), np.float64(123.3049), np.float64(123.6503), np.float64(123.7885), np.float64(124.5779), np.float64(124.2342), np.float64(124.1953), np.float64(124.6876), np.float64(124.4488), np.float64(124.6354)]
Best Dice: 0.1407 at epoch 30
Best HD95: 123.2224 at epoch 5

BM metrics per eval:
  Acc:  [np.float64(0.4641), np.float64(0.5646), np.float64(0.511), np.float64(0.5612), np.float64(0.5411), np.float64(0.5569), np.float64(0.5622), np.float64(0.5373), np.float64(0.5512), np.float64(0.5526)]
  Prec: [0.4641, 0.5229, 0.4862, 0.5193, 0.5034, 0.5152, 0.5221, 0.501, 0.5129, 0.5136]
  Rec:  [1.0, 0.7062, 0.9454, 0.734, 0.8505, 0.7701, 0.6701, 0.7546, 0.6557, 0.6814]
  F1:   [0.634, 0.6009, 0.6422, 0.6083, 0.6324, 0.6174, 0.5869, 0.6022, 0.5756, 0.5857]
  AUROC:[0.4841, 0.6197, 0.5889, 0.6322, 0.6128, 0.6244, 0.6069, 0.599, 0.6041, 0.604]
  AUPRC:[0.4667, 0.5765, 0.5193, 0.5806, 0.5694, 0.5744, 0.5682, 0.5627, 0.5627, 0.5638]
Best BM F1: 0.6422 at epoch 15

TI-RADS metrics per eval:
  Acc:  [0.0, 0.0, 0.0, 0.0, 0.0, 0.0, 0.0, 0.0, 0.0, 0.0]
  Prec: [0.0, 0.0, 0.0, 0.0, 0.0, 0.0, 0.0, 0.0, 0.0, 0.0]
  Rec:  [0.0, 0.0, 0.0, 0.0, 0.0, 0.0, 0.0, 0.0, 0.0, 0.0]
  F1:   [0.0, 0.0, 0.0, 0.0, 0.0, 0.0, 0.0, 0.0, 0.0, 0.0]
  AUC:  [0.0, 0.0, 0.0, 0.0, 0.0, 0.0, 0.0, 0.0, 0.0, 0.0]
Best TI-RADS F1: 0.0000 at epoch 5

Dataset: PKTN
Eval epochs: [5, 10, 15, 20, 25, 30, 35, 40, 45, 50]
Dice per eval: [0.1373, 0.1358, 0.1362, 0.1357, 0.1356, 0.1355, 0.1355, 0.1356, 0.1356, 0.1356]
HD95 per eval: [np.float64(124.876), np.float64(124.5707), np.float64(124.5596), np.float64(124.5237), np.float64(124.4969), np.float64(124.4956), np.float64(124.5196), np.float64(124.5106), np.float64(124.4939), np.float64(124.5003)]
Best Dice: 0.1373 at epoch 5
Best HD95: 124.4939 at epoch 45

BM metrics per eval:
  Acc:  [0.0, 0.0, 0.0, 0.0, 0.0, 0.0, 0.0, 0.0, 0.0, 0.0]
  Prec: [0.0, 0.0, 0.0, 0.0, 0.0, 0.0, 0.0, 0.0, 0.0, 0.0]
  Rec:  [0.0, 0.0, 0.0, 0.0, 0.0, 0.0, 0.0, 0.0, 0.0, 0.0]
  F1:   [0.0, 0.0, 0.0, 0.0, 0.0, 0.0, 0.0, 0.0, 0.0, 0.0]
  AUROC:[0.0, 0.0, 0.0, 0.0, 0.0, 0.0, 0.0, 0.0, 0.0, 0.0]
  AUPRC:[0.0, 0.0, 0.0, 0.0, 0.0, 0.0, 0.0, 0.0, 0.0, 0.0]
Best BM F1: 0.0000 at epoch 5

TI-RADS metrics per eval:
  Acc:  [0.0, 0.0, 0.0, 0.0, 0.0, 0.0, 0.0, 0.0, 0.0, 0.0]
  Prec: [0.0, 0.0, 0.0, 0.0, 0.0, 0.0, 0.0, 0.0, 0.0, 0.0]
  Rec:  [0.0, 0.0, 0.0, 0.0, 0.0, 0.0, 0.0, 0.0, 0.0, 0.0]
  F1:   [0.0, 0.0, 0.0, 0.0, 0.0, 0.0, 0.0, 0.0, 0.0, 0.0]
  AUC:  [0.0, 0.0, 0.0, 0.0, 0.0, 0.0, 0.0, 0.0, 0.0, 0.0]
Best TI-RADS F1: 0.0000 at epoch 5

Dataset: TN5K
Eval epochs: [5, 10, 15, 20, 25, 30, 35, 40, 45, 50]
Dice per eval: [0.0847, 0.0834, 0.0838, 0.0838, 0.0841, 0.0838, 0.0834, 0.0825, 0.0826, 0.0827]
HD95 per eval: [np.float64(132.6719), np.float64(132.5216), np.float64(132.3393), np.float64(132.4251), np.float64(132.2565), np.float64(132.424), np.float64(132.6785), np.float64(132.9778), np.float64(132.8561), np.float64(133.0197)]
Best Dice: 0.0847 at epoch 5
Best HD95: 132.2565 at epoch 25

BM metrics per eval:
  Acc:  [np.float64(0.731), np.float64(0.693), np.float64(0.717), np.float64(0.64), np.float64(0.653), np.float64(0.621), np.float64(0.592), np.float64(0.63), np.float64(0.606), np.float64(0.595)]
  Prec: [0.731, 0.7437, 0.7378, 0.747, 0.7507, 0.7529, 0.7535, 0.751, 0.7573, 0.7485]
  Rec:  [1.0, 0.8851, 0.9508, 0.7674, 0.7866, 0.7168, 0.6566, 0.7387, 0.6785, 0.6717]
  F1:   [0.8446, 0.8082, 0.8308, 0.7571, 0.7682, 0.7344, 0.7018, 0.7448, 0.7157, 0.708]
  AUROC:[0.4961, 0.5666, 0.5591, 0.5593, 0.5492, 0.5722, 0.5566, 0.5554, 0.5657, 0.5552]
  AUPRC:[0.7338, 0.7591, 0.7655, 0.7699, 0.7658, 0.7874, 0.7713, 0.7732, 0.7827, 0.777]
Best BM F1: 0.8446 at epoch 5

TI-RADS metrics per eval:
  Acc:  [0.0, 0.0, 0.0, 0.0, 0.0, 0.0, 0.0, 0.0, 0.0, 0.0]
  Prec: [0.0, 0.0, 0.0, 0.0, 0.0, 0.0, 0.0, 0.0, 0.0, 0.0]
  Rec:  [0.0, 0.0, 0.0, 0.0, 0.0, 0.0, 0.0, 0.0, 0.0, 0.0]
  F1:   [0.0, 0.0, 0.0, 0.0, 0.0, 0.0, 0.0, 0.0, 0.0, 0.0]
  AUC:  [0.0, 0.0, 0.0, 0.0, 0.0, 0.0, 0.0, 0.0, 0.0, 0.0]
Best TI-RADS F1: 0.0000 at epoch 5

==========================================================

========== Training Completed ==========
Training completed at Sat Dec 27 12:45:17 2025
