Training started at Fri Dec 19 16:43:38 2025
Method: dino_unet
Dataset: train_multitask_dataset2
Epochs: 50
LR: 0.0001
Batch Size: 12
Training set - Benign/Malignant: Benign=9383 (65.73%), Malignant=4891 (34.27%)
Auto-adjusted tau=0.70 (imbalance_ratio=1.92)
GLA parameters: p_benign=0.6573, p_malignant=0.3427, tau=0.70
Logit adjustment magnitude: 0.4561
Training set - TI-RADS distribution: [0, 0, 0, 0, 0]
TI-RADS probabilities: [0.20000000298023224, 0.20000000298023224, 0.20000000298023224, 0.20000000298023224, 0.20000000298023224]
Loss weights: seg=1.0, bm=1.0, tirads=1.0
GA-MTL schedule per optimizer step: ['seg', 'bm']
steps_per_epoch (optimizer steps): 594
Epoch:1: seg_loss(avg):0.6338, bm_loss(avg):0.6505, tirads_loss(avg):0.0000
Epoch:2: seg_loss(avg):0.4760, bm_loss(avg):0.4598, tirads_loss(avg):0.0000
Epoch:3: seg_loss(avg):0.4497, bm_loss(avg):0.4068, tirads_loss(avg):0.0000
Epoch:4: seg_loss(avg):0.4374, bm_loss(avg):0.3728, tirads_loss(avg):0.0000
Epoch:5: seg_loss(avg):0.4266, bm_loss(avg):0.3587, tirads_loss(avg):0.0000
Saved checkpoint at epoch 5

Validating epoch 5 on all test datasets...
Testing on TN3K...
  TN3K - Dice: 0.8689, HD95: 13.1347
  TN3K - BM: Acc=0.7231, Prec=0.6422, Rec=0.6314, F1=0.6368, AUROC=0.7609, AUPRC=0.6896
  TN3K - TI-RADS: Acc=0.0000, Prec=0.0000, Rec=0.0000, F1=0.0000, AUC=0.0000
Testing on DDTI...
  DDTI - Dice: 0.7752, HD95: 21.4268
  DDTI - BM: Acc=0.0000, Prec=0.0000, Rec=0.0000, F1=0.0000, AUROC=0.0000, AUPRC=0.0000
  DDTI - TI-RADS: Acc=0.0000, Prec=0.0000, Rec=0.0000, F1=0.0000, AUC=0.0000
Testing on ThyroidXL...
  ThyroidXL - Dice: 0.8758, HD95: 6.5142
  ThyroidXL - BM: Acc=0.8120, Prec=0.8821, Rec=0.6866, F1=0.7722, AUROC=0.9259, AUPRC=0.9030
  ThyroidXL - TI-RADS: Acc=0.0000, Prec=0.0000, Rec=0.0000, F1=0.0000, AUC=0.0000
Testing on PKTN...
  PKTN - Dice: 0.7856, HD95: 16.0036
  PKTN - BM: Acc=0.0000, Prec=0.0000, Rec=0.0000, F1=0.0000, AUROC=0.0000, AUPRC=0.0000
  PKTN - TI-RADS: Acc=0.0000, Prec=0.0000, Rec=0.0000, F1=0.0000, AUC=0.0000
Testing on TN5K...
  TN5K - Dice: 0.7628, HD95: 15.9838
  TN5K - BM: Acc=0.7840, Prec=0.8896, Rec=0.8044, F1=0.8448, AUROC=0.8595, AUPRC=0.9445
  TN5K - TI-RADS: Acc=0.0000, Prec=0.0000, Rec=0.0000, F1=0.0000, AUC=0.0000
Epoch:6: seg_loss(avg):0.4202, bm_loss(avg):0.3242, tirads_loss(avg):0.0000
Epoch:7: seg_loss(avg):0.4122, bm_loss(avg):0.3120, tirads_loss(avg):0.0000
Epoch:8: seg_loss(avg):0.4073, bm_loss(avg):0.2989, tirads_loss(avg):0.0000
Epoch:9: seg_loss(avg):0.4032, bm_loss(avg):0.2685, tirads_loss(avg):0.0000
Epoch:10: seg_loss(avg):0.3988, bm_loss(avg):0.2651, tirads_loss(avg):0.0000
Saved checkpoint at epoch 10

Validating epoch 10 on all test datasets...
Testing on TN3K...
  TN3K - Dice: 0.8689, HD95: 12.5644
  TN3K - BM: Acc=0.7150, Prec=0.5987, Rec=0.7839, F1=0.6789, AUROC=0.8036, AUPRC=0.7397
  TN3K - TI-RADS: Acc=0.0000, Prec=0.0000, Rec=0.0000, F1=0.0000, AUC=0.0000
Testing on DDTI...
  DDTI - Dice: 0.7958, HD95: 18.7338
  DDTI - BM: Acc=0.0000, Prec=0.0000, Rec=0.0000, F1=0.0000, AUROC=0.0000, AUPRC=0.0000
  DDTI - TI-RADS: Acc=0.0000, Prec=0.0000, Rec=0.0000, F1=0.0000, AUC=0.0000
Testing on ThyroidXL...
  ThyroidXL - Dice: 0.8797, HD95: 6.2976
  ThyroidXL - BM: Acc=0.8455, Prec=0.8219, Rec=0.8515, F1=0.8365, AUROC=0.9282, AUPRC=0.9121
  ThyroidXL - TI-RADS: Acc=0.0000, Prec=0.0000, Rec=0.0000, F1=0.0000, AUC=0.0000
Testing on PKTN...
  PKTN - Dice: 0.8014, HD95: 14.3555
  PKTN - BM: Acc=0.0000, Prec=0.0000, Rec=0.0000, F1=0.0000, AUROC=0.0000, AUPRC=0.0000
  PKTN - TI-RADS: Acc=0.0000, Prec=0.0000, Rec=0.0000, F1=0.0000, AUC=0.0000
Testing on TN5K...
  TN5K - Dice: 0.7803, HD95: 13.5879
  TN5K - BM: Acc=0.8070, Prec=0.8736, Rec=0.8605, F1=0.8670, AUROC=0.8563, AUPRC=0.9423
  TN5K - TI-RADS: Acc=0.0000, Prec=0.0000, Rec=0.0000, F1=0.0000, AUC=0.0000
Epoch:11: seg_loss(avg):0.3930, bm_loss(avg):0.2472, tirads_loss(avg):0.0000
Epoch:12: seg_loss(avg):0.3874, bm_loss(avg):0.2239, tirads_loss(avg):0.0000
Epoch:13: seg_loss(avg):0.3867, bm_loss(avg):0.2162, tirads_loss(avg):0.0000
Epoch:14: seg_loss(avg):0.3800, bm_loss(avg):0.2042, tirads_loss(avg):0.0000
Epoch:15: seg_loss(avg):0.3812, bm_loss(avg):0.1947, tirads_loss(avg):0.0000
Saved checkpoint at epoch 15

Validating epoch 15 on all test datasets...
Testing on TN3K...
  TN3K - Dice: 0.8625, HD95: 13.3011
  TN3K - BM: Acc=0.6922, Prec=0.5737, Rec=0.7754, F1=0.6595, AUROC=0.7818, AUPRC=0.7118
  TN3K - TI-RADS: Acc=0.0000, Prec=0.0000, Rec=0.0000, F1=0.0000, AUC=0.0000
Testing on DDTI...
  DDTI - Dice: 0.7872, HD95: 22.5962
  DDTI - BM: Acc=0.0000, Prec=0.0000, Rec=0.0000, F1=0.0000, AUROC=0.0000, AUPRC=0.0000
  DDTI - TI-RADS: Acc=0.0000, Prec=0.0000, Rec=0.0000, F1=0.0000, AUC=0.0000
Testing on ThyroidXL...
  ThyroidXL - Dice: 0.8815, HD95: 6.2600
  ThyroidXL - BM: Acc=0.8455, Prec=0.8543, Rec=0.8041, F1=0.8285, AUROC=0.9260, AUPRC=0.9052
  ThyroidXL - TI-RADS: Acc=0.0000, Prec=0.0000, Rec=0.0000, F1=0.0000, AUC=0.0000
Testing on PKTN...
  PKTN - Dice: 0.7664, HD95: 19.0491
  PKTN - BM: Acc=0.0000, Prec=0.0000, Rec=0.0000, F1=0.0000, AUROC=0.0000, AUPRC=0.0000
  PKTN - TI-RADS: Acc=0.0000, Prec=0.0000, Rec=0.0000, F1=0.0000, AUC=0.0000
Testing on TN5K...
  TN5K - Dice: 0.7490, HD95: 17.2942
  TN5K - BM: Acc=0.7430, Prec=0.8635, Rec=0.7702, F1=0.8142, AUROC=0.7997, AUPRC=0.9223
  TN5K - TI-RADS: Acc=0.0000, Prec=0.0000, Rec=0.0000, F1=0.0000, AUC=0.0000
Epoch:16: seg_loss(avg):0.3736, bm_loss(avg):0.1782, tirads_loss(avg):0.0000
Epoch:17: seg_loss(avg):0.3709, bm_loss(avg):0.1728, tirads_loss(avg):0.0000
Epoch:18: seg_loss(avg):0.3672, bm_loss(avg):0.1573, tirads_loss(avg):0.0000
Epoch:19: seg_loss(avg):0.3641, bm_loss(avg):0.1408, tirads_loss(avg):0.0000
Epoch:20: seg_loss(avg):0.3616, bm_loss(avg):0.1303, tirads_loss(avg):0.0000
Saved checkpoint at epoch 20

Validating epoch 20 on all test datasets...
Testing on TN3K...
  TN3K - Dice: 0.8672, HD95: 13.0927
  TN3K - BM: Acc=0.7296, Prec=0.6471, Rec=0.6525, F1=0.6498, AUROC=0.7842, AUPRC=0.7167
  TN3K - TI-RADS: Acc=0.0000, Prec=0.0000, Rec=0.0000, F1=0.0000, AUC=0.0000
Testing on DDTI...
  DDTI - Dice: 0.7627, HD95: 23.5427
  DDTI - BM: Acc=0.0000, Prec=0.0000, Rec=0.0000, F1=0.0000, AUROC=0.0000, AUPRC=0.0000
  DDTI - TI-RADS: Acc=0.0000, Prec=0.0000, Rec=0.0000, F1=0.0000, AUC=0.0000
Testing on ThyroidXL...
  ThyroidXL - Dice: 0.8817, HD95: 6.2554
  ThyroidXL - BM: Acc=0.8225, Prec=0.8845, Rec=0.7103, F1=0.7879, AUROC=0.9186, AUPRC=0.8960
  ThyroidXL - TI-RADS: Acc=0.0000, Prec=0.0000, Rec=0.0000, F1=0.0000, AUC=0.0000
Testing on PKTN...
  PKTN - Dice: 0.8001, HD95: 15.0143
  PKTN - BM: Acc=0.0000, Prec=0.0000, Rec=0.0000, F1=0.0000, AUROC=0.0000, AUPRC=0.0000
  PKTN - TI-RADS: Acc=0.0000, Prec=0.0000, Rec=0.0000, F1=0.0000, AUC=0.0000
Testing on TN5K...
  TN5K - Dice: 0.7712, HD95: 14.6310
  TN5K - BM: Acc=0.7880, Prec=0.9011, Rec=0.7975, F1=0.8462, AUROC=0.8555, AUPRC=0.9308
  TN5K - TI-RADS: Acc=0.0000, Prec=0.0000, Rec=0.0000, F1=0.0000, AUC=0.0000
Epoch:21: seg_loss(avg):0.3576, bm_loss(avg):0.1214, tirads_loss(avg):0.0000
Epoch:22: seg_loss(avg):0.3543, bm_loss(avg):0.1110, tirads_loss(avg):0.0000
Epoch:23: seg_loss(avg):0.3483, bm_loss(avg):0.0973, tirads_loss(avg):0.0000
Epoch:24: seg_loss(avg):0.3472, bm_loss(avg):0.0902, tirads_loss(avg):0.0000
Epoch:25: seg_loss(avg):0.3464, bm_loss(avg):0.0876, tirads_loss(avg):0.0000
Saved checkpoint at epoch 25

Validating epoch 25 on all test datasets...
Testing on TN3K...
  TN3K - Dice: 0.8722, HD95: 12.3966
  TN3K - BM: Acc=0.7150, Prec=0.6178, Rec=0.6780, F1=0.6465, AUROC=0.7568, AUPRC=0.6817
  TN3K - TI-RADS: Acc=0.0000, Prec=0.0000, Rec=0.0000, F1=0.0000, AUC=0.0000
Testing on DDTI...
  DDTI - Dice: 0.7909, HD95: 19.8013
  DDTI - BM: Acc=0.0000, Prec=0.0000, Rec=0.0000, F1=0.0000, AUROC=0.0000, AUPRC=0.0000
  DDTI - TI-RADS: Acc=0.0000, Prec=0.0000, Rec=0.0000, F1=0.0000, AUC=0.0000
Testing on ThyroidXL...
  ThyroidXL - Dice: 0.8819, HD95: 6.2817
  ThyroidXL - BM: Acc=0.8105, Prec=0.8942, Rec=0.6711, F1=0.7668, AUROC=0.9247, AUPRC=0.9134
  ThyroidXL - TI-RADS: Acc=0.0000, Prec=0.0000, Rec=0.0000, F1=0.0000, AUC=0.0000
Testing on PKTN...
  PKTN - Dice: 0.8002, HD95: 15.8621
  PKTN - BM: Acc=0.0000, Prec=0.0000, Rec=0.0000, F1=0.0000, AUROC=0.0000, AUPRC=0.0000
  PKTN - TI-RADS: Acc=0.0000, Prec=0.0000, Rec=0.0000, F1=0.0000, AUC=0.0000
Testing on TN5K...
  TN5K - Dice: 0.7827, HD95: 15.1603
  TN5K - BM: Acc=0.7090, Prec=0.8929, Rec=0.6840, F1=0.7746, AUROC=0.7919, AUPRC=0.9006
  TN5K - TI-RADS: Acc=0.0000, Prec=0.0000, Rec=0.0000, F1=0.0000, AUC=0.0000
Epoch:26: seg_loss(avg):0.3362, bm_loss(avg):0.0720, tirads_loss(avg):0.0000
Epoch:27: seg_loss(avg):0.3350, bm_loss(avg):0.0696, tirads_loss(avg):0.0000
Epoch:28: seg_loss(avg):0.3312, bm_loss(avg):0.0597, tirads_loss(avg):0.0000
Epoch:29: seg_loss(avg):0.3304, bm_loss(avg):0.0545, tirads_loss(avg):0.0000
Epoch:30: seg_loss(avg):0.3266, bm_loss(avg):0.0448, tirads_loss(avg):0.0000
Saved checkpoint at epoch 30

Validating epoch 30 on all test datasets...
Testing on TN3K...
  TN3K - Dice: 0.8690, HD95: 13.3645
  TN3K - BM: Acc=0.7199, Prec=0.6103, Rec=0.7500, F1=0.6730, AUROC=0.7745, AUPRC=0.6839
  TN3K - TI-RADS: Acc=0.0000, Prec=0.0000, Rec=0.0000, F1=0.0000, AUC=0.0000
Testing on DDTI...
  DDTI - Dice: 0.7848, HD95: 19.8267
  DDTI - BM: Acc=0.0000, Prec=0.0000, Rec=0.0000, F1=0.0000, AUROC=0.0000, AUPRC=0.0000
  DDTI - TI-RADS: Acc=0.0000, Prec=0.0000, Rec=0.0000, F1=0.0000, AUC=0.0000
Testing on ThyroidXL...
  ThyroidXL - Dice: 0.8860, HD95: 5.8678
  ThyroidXL - BM: Acc=0.8426, Prec=0.8655, Rec=0.7825, F1=0.8219, AUROC=0.9276, AUPRC=0.9174
  ThyroidXL - TI-RADS: Acc=0.0000, Prec=0.0000, Rec=0.0000, F1=0.0000, AUC=0.0000
Testing on PKTN...
  PKTN - Dice: 0.8045, HD95: 14.6328
  PKTN - BM: Acc=0.0000, Prec=0.0000, Rec=0.0000, F1=0.0000, AUROC=0.0000, AUPRC=0.0000
  PKTN - TI-RADS: Acc=0.0000, Prec=0.0000, Rec=0.0000, F1=0.0000, AUC=0.0000
Testing on TN5K...
  TN5K - Dice: 0.7684, HD95: 15.1640
  TN5K - BM: Acc=0.7690, Prec=0.8463, Rec=0.8358, F1=0.8410, AUROC=0.8064, AUPRC=0.9150
  TN5K - TI-RADS: Acc=0.0000, Prec=0.0000, Rec=0.0000, F1=0.0000, AUC=0.0000
Epoch:31: seg_loss(avg):0.3169, bm_loss(avg):0.0521, tirads_loss(avg):0.0000
Epoch:32: seg_loss(avg):0.3204, bm_loss(avg):0.0330, tirads_loss(avg):0.0000
Epoch:33: seg_loss(avg):0.3141, bm_loss(avg):0.0377, tirads_loss(avg):0.0000
Epoch:34: seg_loss(avg):0.3109, bm_loss(avg):0.0359, tirads_loss(avg):0.0000
Epoch:35: seg_loss(avg):0.3081, bm_loss(avg):0.0282, tirads_loss(avg):0.0000
Saved checkpoint at epoch 35

Validating epoch 35 on all test datasets...
Testing on TN3K...
  TN3K - Dice: 0.8779, HD95: 11.8019
  TN3K - BM: Acc=0.6906, Prec=0.5697, Rec=0.7966, F1=0.6643, AUROC=0.7660, AUPRC=0.6828
  TN3K - TI-RADS: Acc=0.0000, Prec=0.0000, Rec=0.0000, F1=0.0000, AUC=0.0000
Testing on DDTI...
  DDTI - Dice: 0.7848, HD95: 20.2311
  DDTI - BM: Acc=0.0000, Prec=0.0000, Rec=0.0000, F1=0.0000, AUROC=0.0000, AUPRC=0.0000
  DDTI - TI-RADS: Acc=0.0000, Prec=0.0000, Rec=0.0000, F1=0.0000, AUC=0.0000
Testing on ThyroidXL...
  ThyroidXL - Dice: 0.8878, HD95: 5.7408
  ThyroidXL - BM: Acc=0.8431, Prec=0.8599, Rec=0.7907, F1=0.8238, AUROC=0.9288, AUPRC=0.9162
  ThyroidXL - TI-RADS: Acc=0.0000, Prec=0.0000, Rec=0.0000, F1=0.0000, AUC=0.0000
Testing on PKTN...
  PKTN - Dice: 0.8173, HD95: 13.5211
  PKTN - BM: Acc=0.0000, Prec=0.0000, Rec=0.0000, F1=0.0000, AUROC=0.0000, AUPRC=0.0000
  PKTN - TI-RADS: Acc=0.0000, Prec=0.0000, Rec=0.0000, F1=0.0000, AUC=0.0000
Testing on TN5K...
  TN5K - Dice: 0.7922, HD95: 13.2901
  TN5K - BM: Acc=0.7840, Prec=0.8247, Rec=0.8947, F1=0.8583, AUROC=0.8081, AUPRC=0.9059
  TN5K - TI-RADS: Acc=0.0000, Prec=0.0000, Rec=0.0000, F1=0.0000, AUC=0.0000
Epoch:36: seg_loss(avg):0.3022, bm_loss(avg):0.0304, tirads_loss(avg):0.0000
Epoch:37: seg_loss(avg):0.3028, bm_loss(avg):0.0256, tirads_loss(avg):0.0000
Epoch:38: seg_loss(avg):0.2964, bm_loss(avg):0.0271, tirads_loss(avg):0.0000
Epoch:39: seg_loss(avg):0.2937, bm_loss(avg):0.0167, tirads_loss(avg):0.0000
Epoch:40: seg_loss(avg):0.2933, bm_loss(avg):0.0193, tirads_loss(avg):0.0000
Saved checkpoint at epoch 40

Validating epoch 40 on all test datasets...
Testing on TN3K...
  TN3K - Dice: 0.8776, HD95: 11.8625
  TN3K - BM: Acc=0.6906, Prec=0.5777, Rec=0.7246, F1=0.6429, AUROC=0.7610, AUPRC=0.6882
  TN3K - TI-RADS: Acc=0.0000, Prec=0.0000, Rec=0.0000, F1=0.0000, AUC=0.0000
Testing on DDTI...
  DDTI - Dice: 0.7873, HD95: 20.0099
  DDTI - BM: Acc=0.0000, Prec=0.0000, Rec=0.0000, F1=0.0000, AUROC=0.0000, AUPRC=0.0000
  DDTI - TI-RADS: Acc=0.0000, Prec=0.0000, Rec=0.0000, F1=0.0000, AUC=0.0000
Testing on ThyroidXL...
  ThyroidXL - Dice: 0.8887, HD95: 5.7237
  ThyroidXL - BM: Acc=0.8474, Prec=0.8843, Rec=0.7722, F1=0.8244, AUROC=0.9283, AUPRC=0.9141
  ThyroidXL - TI-RADS: Acc=0.0000, Prec=0.0000, Rec=0.0000, F1=0.0000, AUC=0.0000
Testing on PKTN...
  PKTN - Dice: 0.8129, HD95: 13.7626
  PKTN - BM: Acc=0.0000, Prec=0.0000, Rec=0.0000, F1=0.0000, AUROC=0.0000, AUPRC=0.0000
  PKTN - TI-RADS: Acc=0.0000, Prec=0.0000, Rec=0.0000, F1=0.0000, AUC=0.0000
Testing on TN5K...
  TN5K - Dice: 0.7907, HD95: 13.5828
  TN5K - BM: Acc=0.7830, Prec=0.8630, Rec=0.8358, F1=0.8492, AUROC=0.7976, AUPRC=0.8892
  TN5K - TI-RADS: Acc=0.0000, Prec=0.0000, Rec=0.0000, F1=0.0000, AUC=0.0000
Epoch:41: seg_loss(avg):0.2886, bm_loss(avg):0.0157, tirads_loss(avg):0.0000
Epoch:42: seg_loss(avg):0.2884, bm_loss(avg):0.0170, tirads_loss(avg):0.0000
Epoch:43: seg_loss(avg):0.2860, bm_loss(avg):0.0178, tirads_loss(avg):0.0000
Epoch:44: seg_loss(avg):0.2808, bm_loss(avg):0.0125, tirads_loss(avg):0.0000
Epoch:45: seg_loss(avg):0.2836, bm_loss(avg):0.0151, tirads_loss(avg):0.0000
Saved checkpoint at epoch 45

Validating epoch 45 on all test datasets...
Testing on TN3K...
  TN3K - Dice: 0.8758, HD95: 11.8540
  TN3K - BM: Acc=0.6857, Prec=0.5705, Rec=0.7373, F1=0.6433, AUROC=0.7587, AUPRC=0.6884
  TN3K - TI-RADS: Acc=0.0000, Prec=0.0000, Rec=0.0000, F1=0.0000, AUC=0.0000
Testing on DDTI...
  DDTI - Dice: 0.7873, HD95: 19.7493
  DDTI - BM: Acc=0.0000, Prec=0.0000, Rec=0.0000, F1=0.0000, AUROC=0.0000, AUPRC=0.0000
  DDTI - TI-RADS: Acc=0.0000, Prec=0.0000, Rec=0.0000, F1=0.0000, AUC=0.0000
Testing on ThyroidXL...
  ThyroidXL - Dice: 0.8893, HD95: 5.6505
  ThyroidXL - BM: Acc=0.8483, Prec=0.8920, Rec=0.7660, F1=0.8242, AUROC=0.9279, AUPRC=0.9147
  ThyroidXL - TI-RADS: Acc=0.0000, Prec=0.0000, Rec=0.0000, F1=0.0000, AUC=0.0000
Testing on PKTN...
  PKTN - Dice: 0.8150, HD95: 13.6527
  PKTN - BM: Acc=0.0000, Prec=0.0000, Rec=0.0000, F1=0.0000, AUROC=0.0000, AUPRC=0.0000
  PKTN - TI-RADS: Acc=0.0000, Prec=0.0000, Rec=0.0000, F1=0.0000, AUC=0.0000
Testing on TN5K...
  TN5K - Dice: 0.7912, HD95: 13.7295
  TN5K - BM: Acc=0.7830, Prec=0.8651, Rec=0.8331, F1=0.8488, AUROC=0.8074, AUPRC=0.8986
  TN5K - TI-RADS: Acc=0.0000, Prec=0.0000, Rec=0.0000, F1=0.0000, AUC=0.0000
Epoch:46: seg_loss(avg):0.2793, bm_loss(avg):0.0135, tirads_loss(avg):0.0000
Epoch:47: seg_loss(avg):0.2801, bm_loss(avg):0.0135, tirads_loss(avg):0.0000
Epoch:48: seg_loss(avg):0.2779, bm_loss(avg):0.0079, tirads_loss(avg):0.0000
Epoch:49: seg_loss(avg):0.2798, bm_loss(avg):0.0168, tirads_loss(avg):0.0000
Epoch:50: seg_loss(avg):0.2810, bm_loss(avg):0.0123, tirads_loss(avg):0.0000
Saved checkpoint at epoch 50

Validating epoch 50 on all test datasets...
Testing on TN3K...
  TN3K - Dice: 0.8762, HD95: 11.7694
  TN3K - BM: Acc=0.6873, Prec=0.5710, Rec=0.7500, F1=0.6484, AUROC=0.7575, AUPRC=0.6860
  TN3K - TI-RADS: Acc=0.0000, Prec=0.0000, Rec=0.0000, F1=0.0000, AUC=0.0000
Testing on DDTI...
  DDTI - Dice: 0.7893, HD95: 19.4541
  DDTI - BM: Acc=0.0000, Prec=0.0000, Rec=0.0000, F1=0.0000, AUROC=0.0000, AUPRC=0.0000
  DDTI - TI-RADS: Acc=0.0000, Prec=0.0000, Rec=0.0000, F1=0.0000, AUC=0.0000
Testing on ThyroidXL...
  ThyroidXL - Dice: 0.8895, HD95: 5.6273
  ThyroidXL - BM: Acc=0.8435, Prec=0.8935, Rec=0.7526, F1=0.8170, AUROC=0.9284, AUPRC=0.9154
  ThyroidXL - TI-RADS: Acc=0.0000, Prec=0.0000, Rec=0.0000, F1=0.0000, AUC=0.0000
Testing on PKTN...
  PKTN - Dice: 0.8153, HD95: 13.5258
  PKTN - BM: Acc=0.0000, Prec=0.0000, Rec=0.0000, F1=0.0000, AUROC=0.0000, AUPRC=0.0000
  PKTN - TI-RADS: Acc=0.0000, Prec=0.0000, Rec=0.0000, F1=0.0000, AUC=0.0000
Testing on TN5K...
  TN5K - Dice: 0.7932, HD95: 13.5079
  TN5K - BM: Acc=0.7840, Prec=0.8642, Rec=0.8358, F1=0.8498, AUROC=0.8074, AUPRC=0.8999
  TN5K - TI-RADS: Acc=0.0000, Prec=0.0000, Rec=0.0000, F1=0.0000, AUC=0.0000

========== Evaluation Summary (All Test Records) ==========

Dataset: TN3K
Eval epochs: [5, 10, 15, 20, 25, 30, 35, 40, 45, 50]
Dice per eval: [0.8689, 0.8689, 0.8625, 0.8672, 0.8722, 0.869, 0.8779, 0.8776, 0.8758, 0.8762]
HD95 per eval: [13.1347, 12.5644, 13.3011, 13.0927, 12.3966, 13.3645, 11.8019, 11.8625, 11.854, 11.7694]
Best Dice: 0.8779 at epoch 35
Best HD95: 11.7694 at epoch 50

BM metrics per eval:
  Acc:  [0.7231, 0.715, 0.6922, 0.7296, 0.715, 0.7199, 0.6906, 0.6906, 0.6857, 0.6873]
  Prec: [0.6422, 0.5987, 0.5737, 0.6471, 0.6178, 0.6103, 0.5697, 0.5777, 0.5705, 0.571]
  Rec:  [0.6314, 0.7839, 0.7754, 0.6525, 0.678, 0.75, 0.7966, 0.7246, 0.7373, 0.75]
  F1:   [0.6368, 0.6789, 0.6595, 0.6498, 0.6465, 0.673, 0.6643, 0.6429, 0.6433, 0.6484]
  AUROC:[0.7609, 0.8036, 0.7818, 0.7842, 0.7568, 0.7745, 0.766, 0.761, 0.7587, 0.7575]
  AUPRC:[0.6896, 0.7397, 0.7118, 0.7167, 0.6817, 0.6839, 0.6828, 0.6882, 0.6884, 0.686]
Best BM F1: 0.6789 at epoch 10

TI-RADS metrics per eval:
  Acc:  [0.0, 0.0, 0.0, 0.0, 0.0, 0.0, 0.0, 0.0, 0.0, 0.0]
  Prec: [0.0, 0.0, 0.0, 0.0, 0.0, 0.0, 0.0, 0.0, 0.0, 0.0]
  Rec:  [0.0, 0.0, 0.0, 0.0, 0.0, 0.0, 0.0, 0.0, 0.0, 0.0]
  F1:   [0.0, 0.0, 0.0, 0.0, 0.0, 0.0, 0.0, 0.0, 0.0, 0.0]
  AUC:  [0.0, 0.0, 0.0, 0.0, 0.0, 0.0, 0.0, 0.0, 0.0, 0.0]
Best TI-RADS F1: 0.0000 at epoch 5

Dataset: DDTI
Eval epochs: [5, 10, 15, 20, 25, 30, 35, 40, 45, 50]
Dice per eval: [0.7752, 0.7958, 0.7872, 0.7627, 0.7909, 0.7848, 0.7848, 0.7873, 0.7873, 0.7893]
HD95 per eval: [21.4268, 18.7338, 22.5962, 23.5427, 19.8013, 19.8267, 20.2311, 20.0099, 19.7493, 19.4541]
Best Dice: 0.7958 at epoch 10
Best HD95: 18.7338 at epoch 10

BM metrics per eval:
  Acc:  [0.0, 0.0, 0.0, 0.0, 0.0, 0.0, 0.0, 0.0, 0.0, 0.0]
  Prec: [0.0, 0.0, 0.0, 0.0, 0.0, 0.0, 0.0, 0.0, 0.0, 0.0]
  Rec:  [0.0, 0.0, 0.0, 0.0, 0.0, 0.0, 0.0, 0.0, 0.0, 0.0]
  F1:   [0.0, 0.0, 0.0, 0.0, 0.0, 0.0, 0.0, 0.0, 0.0, 0.0]
  AUROC:[0.0, 0.0, 0.0, 0.0, 0.0, 0.0, 0.0, 0.0, 0.0, 0.0]
  AUPRC:[0.0, 0.0, 0.0, 0.0, 0.0, 0.0, 0.0, 0.0, 0.0, 0.0]
Best BM F1: 0.0000 at epoch 5

TI-RADS metrics per eval:
  Acc:  [0.0, 0.0, 0.0, 0.0, 0.0, 0.0, 0.0, 0.0, 0.0, 0.0]
  Prec: [0.0, 0.0, 0.0, 0.0, 0.0, 0.0, 0.0, 0.0, 0.0, 0.0]
  Rec:  [0.0, 0.0, 0.0, 0.0, 0.0, 0.0, 0.0, 0.0, 0.0, 0.0]
  F1:   [0.0, 0.0, 0.0, 0.0, 0.0, 0.0, 0.0, 0.0, 0.0, 0.0]
  AUC:  [0.0, 0.0, 0.0, 0.0, 0.0, 0.0, 0.0, 0.0, 0.0, 0.0]
Best TI-RADS F1: 0.0000 at epoch 5

Dataset: ThyroidXL
Eval epochs: [5, 10, 15, 20, 25, 30, 35, 40, 45, 50]
Dice per eval: [0.8758, 0.8797, 0.8815, 0.8817, 0.8819, 0.886, 0.8878, 0.8887, 0.8893, 0.8895]
HD95 per eval: [6.5142, 6.2976, 6.26, 6.2554, 6.2817, 5.8678, 5.7408, 5.7237, 5.6505, 5.6273]
Best Dice: 0.8895 at epoch 50
Best HD95: 5.6273 at epoch 50

BM metrics per eval:
  Acc:  [0.812, 0.8455, 0.8455, 0.8225, 0.8105, 0.8426, 0.8431, 0.8474, 0.8483, 0.8435]
  Prec: [0.8821, 0.8219, 0.8543, 0.8845, 0.8942, 0.8655, 0.8599, 0.8843, 0.892, 0.8935]
  Rec:  [0.6866, 0.8515, 0.8041, 0.7103, 0.6711, 0.7825, 0.7907, 0.7722, 0.766, 0.7526]
  F1:   [0.7722, 0.8365, 0.8285, 0.7879, 0.7668, 0.8219, 0.8238, 0.8244, 0.8242, 0.817]
  AUROC:[0.9259, 0.9282, 0.926, 0.9186, 0.9247, 0.9276, 0.9288, 0.9283, 0.9279, 0.9284]
  AUPRC:[0.903, 0.9121, 0.9052, 0.896, 0.9134, 0.9174, 0.9162, 0.9141, 0.9147, 0.9154]
Best BM F1: 0.8365 at epoch 10

TI-RADS metrics per eval:
  Acc:  [0.0, 0.0, 0.0, 0.0, 0.0, 0.0, 0.0, 0.0, 0.0, 0.0]
  Prec: [0.0, 0.0, 0.0, 0.0, 0.0, 0.0, 0.0, 0.0, 0.0, 0.0]
  Rec:  [0.0, 0.0, 0.0, 0.0, 0.0, 0.0, 0.0, 0.0, 0.0, 0.0]
  F1:   [0.0, 0.0, 0.0, 0.0, 0.0, 0.0, 0.0, 0.0, 0.0, 0.0]
  AUC:  [0.0, 0.0, 0.0, 0.0, 0.0, 0.0, 0.0, 0.0, 0.0, 0.0]
Best TI-RADS F1: 0.0000 at epoch 5

Dataset: PKTN
Eval epochs: [5, 10, 15, 20, 25, 30, 35, 40, 45, 50]
Dice per eval: [0.7856, 0.8014, 0.7664, 0.8001, 0.8002, 0.8045, 0.8173, 0.8129, 0.815, 0.8153]
HD95 per eval: [16.0036, 14.3555, 19.0491, 15.0143, 15.8621, 14.6328, 13.5211, 13.7626, 13.6527, 13.5258]
Best Dice: 0.8173 at epoch 35
Best HD95: 13.5211 at epoch 35

BM metrics per eval:
  Acc:  [0.0, 0.0, 0.0, 0.0, 0.0, 0.0, 0.0, 0.0, 0.0, 0.0]
  Prec: [0.0, 0.0, 0.0, 0.0, 0.0, 0.0, 0.0, 0.0, 0.0, 0.0]
  Rec:  [0.0, 0.0, 0.0, 0.0, 0.0, 0.0, 0.0, 0.0, 0.0, 0.0]
  F1:   [0.0, 0.0, 0.0, 0.0, 0.0, 0.0, 0.0, 0.0, 0.0, 0.0]
  AUROC:[0.0, 0.0, 0.0, 0.0, 0.0, 0.0, 0.0, 0.0, 0.0, 0.0]
  AUPRC:[0.0, 0.0, 0.0, 0.0, 0.0, 0.0, 0.0, 0.0, 0.0, 0.0]
Best BM F1: 0.0000 at epoch 5

TI-RADS metrics per eval:
  Acc:  [0.0, 0.0, 0.0, 0.0, 0.0, 0.0, 0.0, 0.0, 0.0, 0.0]
  Prec: [0.0, 0.0, 0.0, 0.0, 0.0, 0.0, 0.0, 0.0, 0.0, 0.0]
  Rec:  [0.0, 0.0, 0.0, 0.0, 0.0, 0.0, 0.0, 0.0, 0.0, 0.0]
  F1:   [0.0, 0.0, 0.0, 0.0, 0.0, 0.0, 0.0, 0.0, 0.0, 0.0]
  AUC:  [0.0, 0.0, 0.0, 0.0, 0.0, 0.0, 0.0, 0.0, 0.0, 0.0]
Best TI-RADS F1: 0.0000 at epoch 5

Dataset: TN5K
Eval epochs: [5, 10, 15, 20, 25, 30, 35, 40, 45, 50]
Dice per eval: [0.7628, 0.7803, 0.749, 0.7712, 0.7827, 0.7684, 0.7922, 0.7907, 0.7912, 0.7932]
HD95 per eval: [15.9838, 13.5879, 17.2942, 14.631, 15.1603, 15.164, 13.2901, 13.5828, 13.7295, 13.5079]
Best Dice: 0.7932 at epoch 50
Best HD95: 13.2901 at epoch 35

BM metrics per eval:
  Acc:  [0.784, 0.807, 0.743, 0.788, 0.709, 0.769, 0.784, 0.783, 0.783, 0.784]
  Prec: [0.8896, 0.8736, 0.8635, 0.9011, 0.8929, 0.8463, 0.8247, 0.863, 0.8651, 0.8642]
  Rec:  [0.8044, 0.8605, 0.7702, 0.7975, 0.684, 0.8358, 0.8947, 0.8358, 0.8331, 0.8358]
  F1:   [0.8448, 0.867, 0.8142, 0.8462, 0.7746, 0.841, 0.8583, 0.8492, 0.8488, 0.8498]
  AUROC:[0.8595, 0.8563, 0.7997, 0.8555, 0.7919, 0.8064, 0.8081, 0.7976, 0.8074, 0.8074]
  AUPRC:[0.9445, 0.9423, 0.9223, 0.9308, 0.9006, 0.915, 0.9059, 0.8892, 0.8986, 0.8999]
Best BM F1: 0.8670 at epoch 10

TI-RADS metrics per eval:
  Acc:  [0.0, 0.0, 0.0, 0.0, 0.0, 0.0, 0.0, 0.0, 0.0, 0.0]
  Prec: [0.0, 0.0, 0.0, 0.0, 0.0, 0.0, 0.0, 0.0, 0.0, 0.0]
  Rec:  [0.0, 0.0, 0.0, 0.0, 0.0, 0.0, 0.0, 0.0, 0.0, 0.0]
  F1:   [0.0, 0.0, 0.0, 0.0, 0.0, 0.0, 0.0, 0.0, 0.0, 0.0]
  AUC:  [0.0, 0.0, 0.0, 0.0, 0.0, 0.0, 0.0, 0.0, 0.0, 0.0]
Best TI-RADS F1: 0.0000 at epoch 5

==========================================================

========== Training Completed ==========
Training completed at Fri Dec 19 20:14:43 2025
