Training started at Thu May  7 18:58:11 2026
Method: dino_unet
Dataset: train_multitask_FTCPTC_sampler
Epochs: 50
Target Key: FTCPTC
LR: 0.0001
Batch Size: 12
Image Size: 224 x 224
DINO pretrained: True
Use Dilation: False
Using DataLoader shuffle=True, dataset_size=11480, batch_size=12, drop_last=True
First sample: filename=2016/刘惠银/刘惠银_01_0001_0001.jpg, image=/mnt/wangbd8/workspace/DataSets/ThyroidAgent/Classifaction_Data/Malignant_ultrasound_images_cropped/2016/刘惠银/刘惠银_01_0001_0001.jpg, mask=/mnt/wangbd8/workspace/DataSets/ThyroidAgent/Classifaction_Data/Malignant_ultrasound_images_cropped_predictions/2016/刘惠银/刘惠银_01_0001_0001.png, target=-1
Loss weights: seg=1.0, cls=1.0
Classification pos_weight: None
GA-MTL schedule per optimizer step: ['seg', 'cls']
steps_per_epoch (optimizer steps): 478
Epoch:1: seg_loss(avg):0.7128, cls_loss(avg):0.2547
Epoch:2: seg_loss(avg):0.5311, cls_loss(avg):0.2579
Epoch:3: seg_loss(avg):0.4882, cls_loss(avg):0.2541
Epoch:4: seg_loss(avg):0.4608, cls_loss(avg):0.2578
Epoch:5: seg_loss(avg):0.4406, cls_loss(avg):0.2486
Saved checkpoint at epoch 5
Epoch:6: seg_loss(avg):0.4237, cls_loss(avg):0.2524
Epoch:7: seg_loss(avg):0.4142, cls_loss(avg):0.2457
Epoch:8: seg_loss(avg):0.4070, cls_loss(avg):0.2393
Epoch:9: seg_loss(avg):0.4048, cls_loss(avg):0.2286
Epoch:10: seg_loss(avg):0.3855, cls_loss(avg):0.2100
Saved checkpoint at epoch 10
Epoch:11: seg_loss(avg):0.3779, cls_loss(avg):0.2040
Epoch:12: seg_loss(avg):0.3769, cls_loss(avg):0.1812
