Training started at Sun Dec 28 14:51:46 2025
Method: dino_unet
Dataset: diff_size_train_multitask_dataset3
Epochs: 50
LR: 0.0001
Batch Size: 12
Image Size: 128 x 128
DINO pretrained: True
Use Dilation: False
Training set - Benign/Malignant: Benign=10415 (58.60%), Malignant=7359 (41.40%)
Auto-adjusted tau=0.50 (imbalance_ratio=1.42)
GLA parameters: p_benign=0.5860, p_malignant=0.4140, tau=0.50
Logit adjustment magnitude: 0.1737
Training set - TI-RADS distribution (1-5): [0, 0, 0, 0, 0]
TI-RADS probabilities: [0.20000000298023224, 0.20000000298023224, 0.20000000298023224, 0.20000000298023224, 0.20000000298023224]
Loss weights: seg=1.0, bm=1.0, tirads=1.0
GA-MTL schedule per optimizer step: ['seg', 'bm']
steps_per_epoch (optimizer steps): 740
Epoch:1: seg_loss(avg):0.6384, bm_loss(avg):0.5789, tirads_loss(avg):0.0000
Epoch:2: seg_loss(avg):0.5025, bm_loss(avg):0.4529, tirads_loss(avg):0.0000
Epoch:3: seg_loss(avg):0.4650, bm_loss(avg):0.4045, tirads_loss(avg):0.0000
Epoch:4: seg_loss(avg):0.4456, bm_loss(avg):0.3880, tirads_loss(avg):0.0000
Epoch:5: seg_loss(avg):0.4361, bm_loss(avg):0.3583, tirads_loss(avg):0.0000
Saved checkpoint at epoch 5

Validating epoch 5 on all test datasets...
Testing on TN3K...
  TN3K - Dice: 0.8327, HD95: 8.9048
  TN3K - BM: Acc=0.7329, Prec=0.6417, Rec=0.6907, F1=0.6653, AUROC=0.8118, AUPRC=0.7394
  TN3K - TI-RADS: Acc=0.0000, Prec=0.0000, Rec=0.0000, F1=0.0000, AUC=0.0000
Testing on DDTI...
  DDTI - Dice: 0.7948, HD95: 11.2336
  DDTI - BM: Acc=0.0000, Prec=0.0000, Rec=0.0000, F1=0.0000, AUROC=0.0000, AUPRC=0.0000
  DDTI - TI-RADS: Acc=0.0000, Prec=0.0000, Rec=0.0000, F1=0.0000, AUC=0.0000
Testing on ThyroidXL...
  ThyroidXL - Dice: 0.8530, HD95: 4.6687
  ThyroidXL - BM: Acc=0.7943, Prec=0.8668, Rec=0.6577, F1=0.7479, AUROC=0.9106, AUPRC=0.8869
  ThyroidXL - TI-RADS: Acc=0.0000, Prec=0.0000, Rec=0.0000, F1=0.0000, AUC=0.0000
Testing on PKTN...
  PKTN - Dice: 0.7614, HD95: 9.7916
  PKTN - BM: Acc=0.0000, Prec=0.0000, Rec=0.0000, F1=0.0000, AUROC=0.0000, AUPRC=0.0000
  PKTN - TI-RADS: Acc=0.0000, Prec=0.0000, Rec=0.0000, F1=0.0000, AUC=0.0000
Testing on TN5K...
  TN5K - Dice: 0.7463, HD95: 8.6146
  TN5K - BM: Acc=0.8510, Prec=0.8769, Rec=0.9261, F1=0.9009, AUROC=0.9000, AUPRC=0.9546
  TN5K - TI-RADS: Acc=0.0000, Prec=0.0000, Rec=0.0000, F1=0.0000, AUC=0.0000
Epoch:6: seg_loss(avg):0.4203, bm_loss(avg):0.3307, tirads_loss(avg):0.0000
Epoch:7: seg_loss(avg):0.4227, bm_loss(avg):0.3209, tirads_loss(avg):0.0000
Epoch:8: seg_loss(avg):0.4075, bm_loss(avg):0.3001, tirads_loss(avg):0.0000
Epoch:9: seg_loss(avg):0.3993, bm_loss(avg):0.2828, tirads_loss(avg):0.0000
Epoch:10: seg_loss(avg):0.3903, bm_loss(avg):0.2578, tirads_loss(avg):0.0000
Saved checkpoint at epoch 10

Validating epoch 10 on all test datasets...
Testing on TN3K...
  TN3K - Dice: 0.8560, HD95: 8.5013
  TN3K - BM: Acc=0.7150, Prec=0.6070, Rec=0.7331, F1=0.6641, AUROC=0.8088, AUPRC=0.7389
  TN3K - TI-RADS: Acc=0.0000, Prec=0.0000, Rec=0.0000, F1=0.0000, AUC=0.0000
Testing on DDTI...
  DDTI - Dice: 0.7917, HD95: 11.2489
  DDTI - BM: Acc=0.0000, Prec=0.0000, Rec=0.0000, F1=0.0000, AUROC=0.0000, AUPRC=0.0000
  DDTI - TI-RADS: Acc=0.0000, Prec=0.0000, Rec=0.0000, F1=0.0000, AUC=0.0000
Testing on ThyroidXL...
  ThyroidXL - Dice: 0.8618, HD95: 4.4683
  ThyroidXL - BM: Acc=0.8287, Prec=0.8652, Rec=0.7474, F1=0.8020, AUROC=0.9160, AUPRC=0.8912
  ThyroidXL - TI-RADS: Acc=0.0000, Prec=0.0000, Rec=0.0000, F1=0.0000, AUC=0.0000
Testing on PKTN...
  PKTN - Dice: 0.7898, HD95: 8.8269
  PKTN - BM: Acc=0.0000, Prec=0.0000, Rec=0.0000, F1=0.0000, AUROC=0.0000, AUPRC=0.0000
  PKTN - TI-RADS: Acc=0.0000, Prec=0.0000, Rec=0.0000, F1=0.0000, AUC=0.0000
Testing on TN5K...
  TN5K - Dice: 0.7847, HD95: 7.6150
  TN5K - BM: Acc=0.8450, Prec=0.8934, Rec=0.8947, F1=0.8941, AUROC=0.9035, AUPRC=0.9573
  TN5K - TI-RADS: Acc=0.0000, Prec=0.0000, Rec=0.0000, F1=0.0000, AUC=0.0000
Epoch:11: seg_loss(avg):0.3866, bm_loss(avg):0.2437, tirads_loss(avg):0.0000
Epoch:12: seg_loss(avg):0.3821, bm_loss(avg):0.2419, tirads_loss(avg):0.0000
Epoch:13: seg_loss(avg):0.3804, bm_loss(avg):0.2223, tirads_loss(avg):0.0000
Epoch:14: seg_loss(avg):0.3723, bm_loss(avg):0.2070, tirads_loss(avg):0.0000
Epoch:15: seg_loss(avg):0.3649, bm_loss(avg):0.1887, tirads_loss(avg):0.0000
Saved checkpoint at epoch 15

Validating epoch 15 on all test datasets...
Testing on TN3K...
  TN3K - Dice: 0.8473, HD95: 8.7584
  TN3K - BM: Acc=0.7117, Prec=0.5955, Rec=0.7797, F1=0.6752, AUROC=0.8009, AUPRC=0.7354
  TN3K - TI-RADS: Acc=0.0000, Prec=0.0000, Rec=0.0000, F1=0.0000, AUC=0.0000
Testing on DDTI...
  DDTI - Dice: 0.7733, HD95: 12.3204
  DDTI - BM: Acc=0.0000, Prec=0.0000, Rec=0.0000, F1=0.0000, AUROC=0.0000, AUPRC=0.0000
  DDTI - TI-RADS: Acc=0.0000, Prec=0.0000, Rec=0.0000, F1=0.0000, AUC=0.0000
Testing on ThyroidXL...
  ThyroidXL - Dice: 0.8630, HD95: 4.3119
  ThyroidXL - BM: Acc=0.8100, Prec=0.8846, Rec=0.6794, F1=0.7685, AUROC=0.9170, AUPRC=0.8992
  ThyroidXL - TI-RADS: Acc=0.0000, Prec=0.0000, Rec=0.0000, F1=0.0000, AUC=0.0000
Testing on PKTN...
  PKTN - Dice: 0.7884, HD95: 8.7278
  PKTN - BM: Acc=0.0000, Prec=0.0000, Rec=0.0000, F1=0.0000, AUROC=0.0000, AUPRC=0.0000
  PKTN - TI-RADS: Acc=0.0000, Prec=0.0000, Rec=0.0000, F1=0.0000, AUC=0.0000
Testing on TN5K...
  TN5K - Dice: 0.7976, HD95: 6.5351
  TN5K - BM: Acc=0.8650, Prec=0.9038, Rec=0.9124, F1=0.9081, AUROC=0.9174, AUPRC=0.9631
  TN5K - TI-RADS: Acc=0.0000, Prec=0.0000, Rec=0.0000, F1=0.0000, AUC=0.0000
Epoch:16: seg_loss(avg):0.3582, bm_loss(avg):0.1706, tirads_loss(avg):0.0000
Epoch:17: seg_loss(avg):0.3582, bm_loss(avg):0.1681, tirads_loss(avg):0.0000
Epoch:18: seg_loss(avg):0.3535, bm_loss(avg):0.1498, tirads_loss(avg):0.0000
Epoch:19: seg_loss(avg):0.3501, bm_loss(avg):0.1403, tirads_loss(avg):0.0000
Epoch:20: seg_loss(avg):0.3465, bm_loss(avg):0.1334, tirads_loss(avg):0.0000
Saved checkpoint at epoch 20

Validating epoch 20 on all test datasets...
Testing on TN3K...
  TN3K - Dice: 0.8595, HD95: 8.0354
  TN3K - BM: Acc=0.7248, Prec=0.6192, Rec=0.7373, F1=0.6731, AUROC=0.7924, AUPRC=0.7275
  TN3K - TI-RADS: Acc=0.0000, Prec=0.0000, Rec=0.0000, F1=0.0000, AUC=0.0000
Testing on DDTI...
  DDTI - Dice: 0.7876, HD95: 11.5026
  DDTI - BM: Acc=0.0000, Prec=0.0000, Rec=0.0000, F1=0.0000, AUROC=0.0000, AUPRC=0.0000
  DDTI - TI-RADS: Acc=0.0000, Prec=0.0000, Rec=0.0000, F1=0.0000, AUC=0.0000
Testing on ThyroidXL...
  ThyroidXL - Dice: 0.8654, HD95: 4.2424
  ThyroidXL - BM: Acc=0.7928, Prec=0.8920, Rec=0.6299, F1=0.7384, AUROC=0.9173, AUPRC=0.8989
  ThyroidXL - TI-RADS: Acc=0.0000, Prec=0.0000, Rec=0.0000, F1=0.0000, AUC=0.0000
Testing on PKTN...
  PKTN - Dice: 0.7881, HD95: 8.8073
  PKTN - BM: Acc=0.0000, Prec=0.0000, Rec=0.0000, F1=0.0000, AUROC=0.0000, AUPRC=0.0000
  PKTN - TI-RADS: Acc=0.0000, Prec=0.0000, Rec=0.0000, F1=0.0000, AUC=0.0000
Testing on TN5K...
  TN5K - Dice: 0.8029, HD95: 6.6925
  TN5K - BM: Acc=0.8610, Prec=0.9193, Rec=0.8878, F1=0.9033, AUROC=0.9146, AUPRC=0.9637
  TN5K - TI-RADS: Acc=0.0000, Prec=0.0000, Rec=0.0000, F1=0.0000, AUC=0.0000
Epoch:21: seg_loss(avg):0.3410, bm_loss(avg):0.1120, tirads_loss(avg):0.0000
Epoch:22: seg_loss(avg):0.3391, bm_loss(avg):0.1100, tirads_loss(avg):0.0000
Epoch:23: seg_loss(avg):0.3315, bm_loss(avg):0.1039, tirads_loss(avg):0.0000
Epoch:24: seg_loss(avg):0.3280, bm_loss(avg):0.0978, tirads_loss(avg):0.0000
Epoch:25: seg_loss(avg):0.3210, bm_loss(avg):0.0855, tirads_loss(avg):0.0000
Saved checkpoint at epoch 25

Validating epoch 25 on all test datasets...
Testing on TN3K...
  TN3K - Dice: 0.8590, HD95: 8.1728
  TN3K - BM: Acc=0.7068, Prec=0.5903, Rec=0.7754, F1=0.6703, AUROC=0.7911, AUPRC=0.7205
  TN3K - TI-RADS: Acc=0.0000, Prec=0.0000, Rec=0.0000, F1=0.0000, AUC=0.0000
Testing on DDTI...
  DDTI - Dice: 0.7933, HD95: 10.5216
  DDTI - BM: Acc=0.0000, Prec=0.0000, Rec=0.0000, F1=0.0000, AUROC=0.0000, AUPRC=0.0000
  DDTI - TI-RADS: Acc=0.0000, Prec=0.0000, Rec=0.0000, F1=0.0000, AUC=0.0000
Testing on ThyroidXL...
  ThyroidXL - Dice: 0.8689, HD95: 4.1232
  ThyroidXL - BM: Acc=0.8411, Prec=0.8483, Rec=0.8010, F1=0.8240, AUROC=0.9161, AUPRC=0.8957
  ThyroidXL - TI-RADS: Acc=0.0000, Prec=0.0000, Rec=0.0000, F1=0.0000, AUC=0.0000
Testing on PKTN...
  PKTN - Dice: 0.7835, HD95: 9.1635
  PKTN - BM: Acc=0.0000, Prec=0.0000, Rec=0.0000, F1=0.0000, AUROC=0.0000, AUPRC=0.0000
  PKTN - TI-RADS: Acc=0.0000, Prec=0.0000, Rec=0.0000, F1=0.0000, AUC=0.0000
Testing on TN5K...
  TN5K - Dice: 0.7966, HD95: 7.2432
  TN5K - BM: Acc=0.8570, Prec=0.9095, Rec=0.8933, F1=0.9013, AUROC=0.9212, AUPRC=0.9657
  TN5K - TI-RADS: Acc=0.0000, Prec=0.0000, Rec=0.0000, F1=0.0000, AUC=0.0000
Epoch:26: seg_loss(avg):0.3211, bm_loss(avg):0.0821, tirads_loss(avg):0.0000
Epoch:27: seg_loss(avg):0.3188, bm_loss(avg):0.0788, tirads_loss(avg):0.0000
Epoch:28: seg_loss(avg):0.3126, bm_loss(avg):0.0618, tirads_loss(avg):0.0000
Epoch:29: seg_loss(avg):0.3076, bm_loss(avg):0.0659, tirads_loss(avg):0.0000
Epoch:30: seg_loss(avg):0.3013, bm_loss(avg):0.0542, tirads_loss(avg):0.0000
Saved checkpoint at epoch 30

Validating epoch 30 on all test datasets...
Testing on TN3K...
  TN3K - Dice: 0.8583, HD95: 8.0467
  TN3K - BM: Acc=0.7215, Prec=0.6208, Rec=0.7076, F1=0.6614, AUROC=0.8009, AUPRC=0.7522
  TN3K - TI-RADS: Acc=0.0000, Prec=0.0000, Rec=0.0000, F1=0.0000, AUC=0.0000
Testing on DDTI...
  DDTI - Dice: 0.7822, HD95: 11.4374
  DDTI - BM: Acc=0.0000, Prec=0.0000, Rec=0.0000, F1=0.0000, AUROC=0.0000, AUPRC=0.0000
  DDTI - TI-RADS: Acc=0.0000, Prec=0.0000, Rec=0.0000, F1=0.0000, AUC=0.0000
Testing on ThyroidXL...
  ThyroidXL - Dice: 0.8717, HD95: 4.0449
  ThyroidXL - BM: Acc=0.8311, Prec=0.8608, Rec=0.7588, F1=0.8066, AUROC=0.9149, AUPRC=0.8950
  ThyroidXL - TI-RADS: Acc=0.0000, Prec=0.0000, Rec=0.0000, F1=0.0000, AUC=0.0000
Testing on PKTN...
  PKTN - Dice: 0.7971, HD95: 8.5891
  PKTN - BM: Acc=0.0000, Prec=0.0000, Rec=0.0000, F1=0.0000, AUROC=0.0000, AUPRC=0.0000
  PKTN - TI-RADS: Acc=0.0000, Prec=0.0000, Rec=0.0000, F1=0.0000, AUC=0.0000
Testing on TN5K...
  TN5K - Dice: 0.7947, HD95: 7.0938
  TN5K - BM: Acc=0.8740, Prec=0.9071, Rec=0.9220, F1=0.9145, AUROC=0.9255, AUPRC=0.9682
  TN5K - TI-RADS: Acc=0.0000, Prec=0.0000, Rec=0.0000, F1=0.0000, AUC=0.0000
Epoch:31: seg_loss(avg):0.2977, bm_loss(avg):0.0501, tirads_loss(avg):0.0000
Epoch:32: seg_loss(avg):0.2959, bm_loss(avg):0.0418, tirads_loss(avg):0.0000
Epoch:33: seg_loss(avg):0.2908, bm_loss(avg):0.0378, tirads_loss(avg):0.0000
Epoch:34: seg_loss(avg):0.2844, bm_loss(avg):0.0404, tirads_loss(avg):0.0000
Epoch:35: seg_loss(avg):0.2828, bm_loss(avg):0.0260, tirads_loss(avg):0.0000
Saved checkpoint at epoch 35

Validating epoch 35 on all test datasets...
Testing on TN3K...
  TN3K - Dice: 0.8640, HD95: 7.6223
  TN3K - BM: Acc=0.7134, Prec=0.6014, Rec=0.7542, F1=0.6692, AUROC=0.7808, AUPRC=0.7323
  TN3K - TI-RADS: Acc=0.0000, Prec=0.0000, Rec=0.0000, F1=0.0000, AUC=0.0000
Testing on DDTI...
  DDTI - Dice: 0.7889, HD95: 10.9243
  DDTI - BM: Acc=0.0000, Prec=0.0000, Rec=0.0000, F1=0.0000, AUROC=0.0000, AUPRC=0.0000
  DDTI - TI-RADS: Acc=0.0000, Prec=0.0000, Rec=0.0000, F1=0.0000, AUC=0.0000
Testing on ThyroidXL...
  ThyroidXL - Dice: 0.8726, HD95: 4.0036
  ThyroidXL - BM: Acc=0.8024, Prec=0.8939, Rec=0.6515, F1=0.7537, AUROC=0.9093, AUPRC=0.8968
  ThyroidXL - TI-RADS: Acc=0.0000, Prec=0.0000, Rec=0.0000, F1=0.0000, AUC=0.0000
Testing on PKTN...
  PKTN - Dice: 0.7946, HD95: 8.8414
  PKTN - BM: Acc=0.0000, Prec=0.0000, Rec=0.0000, F1=0.0000, AUROC=0.0000, AUPRC=0.0000
  PKTN - TI-RADS: Acc=0.0000, Prec=0.0000, Rec=0.0000, F1=0.0000, AUC=0.0000
Testing on TN5K...
  TN5K - Dice: 0.7999, HD95: 7.0151
  TN5K - BM: Acc=0.8650, Prec=0.9319, Rec=0.8796, F1=0.9050, AUROC=0.9243, AUPRC=0.9691
  TN5K - TI-RADS: Acc=0.0000, Prec=0.0000, Rec=0.0000, F1=0.0000, AUC=0.0000
Epoch:36: seg_loss(avg):0.2786, bm_loss(avg):0.0260, tirads_loss(avg):0.0000
Epoch:37: seg_loss(avg):0.2773, bm_loss(avg):0.0275, tirads_loss(avg):0.0000
Epoch:38: seg_loss(avg):0.2716, bm_loss(avg):0.0228, tirads_loss(avg):0.0000
Epoch:39: seg_loss(avg):0.2663, bm_loss(avg):0.0218, tirads_loss(avg):0.0000
Epoch:40: seg_loss(avg):0.2661, bm_loss(avg):0.0164, tirads_loss(avg):0.0000
Saved checkpoint at epoch 40

Validating epoch 40 on all test datasets...
Testing on TN3K...
  TN3K - Dice: 0.8641, HD95: 7.4395
  TN3K - BM: Acc=0.7378, Prec=0.6415, Rec=0.7203, F1=0.6786, AUROC=0.7918, AUPRC=0.7332
  TN3K - TI-RADS: Acc=0.0000, Prec=0.0000, Rec=0.0000, F1=0.0000, AUC=0.0000
Testing on DDTI...
  DDTI - Dice: 0.7926, HD95: 10.8155
  DDTI - BM: Acc=0.0000, Prec=0.0000, Rec=0.0000, F1=0.0000, AUROC=0.0000, AUPRC=0.0000
  DDTI - TI-RADS: Acc=0.0000, Prec=0.0000, Rec=0.0000, F1=0.0000, AUC=0.0000
Testing on ThyroidXL...
  ThyroidXL - Dice: 0.8731, HD95: 3.9399
  ThyroidXL - BM: Acc=0.8354, Prec=0.8845, Rec=0.7423, F1=0.8072, AUROC=0.9195, AUPRC=0.9020
  ThyroidXL - TI-RADS: Acc=0.0000, Prec=0.0000, Rec=0.0000, F1=0.0000, AUC=0.0000
Testing on PKTN...
  PKTN - Dice: 0.7996, HD95: 8.4450
  PKTN - BM: Acc=0.0000, Prec=0.0000, Rec=0.0000, F1=0.0000, AUROC=0.0000, AUPRC=0.0000
  PKTN - TI-RADS: Acc=0.0000, Prec=0.0000, Rec=0.0000, F1=0.0000, AUC=0.0000
Testing on TN5K...
  TN5K - Dice: 0.7992, HD95: 6.8130
  TN5K - BM: Acc=0.8710, Prec=0.9251, Rec=0.8960, F1=0.9104, AUROC=0.9301, AUPRC=0.9705
  TN5K - TI-RADS: Acc=0.0000, Prec=0.0000, Rec=0.0000, F1=0.0000, AUC=0.0000
Epoch:41: seg_loss(avg):0.2642, bm_loss(avg):0.0164, tirads_loss(avg):0.0000
Epoch:42: seg_loss(avg):0.2591, bm_loss(avg):0.0092, tirads_loss(avg):0.0000
Epoch:43: seg_loss(avg):0.2571, bm_loss(avg):0.0153, tirads_loss(avg):0.0000
Epoch:44: seg_loss(avg):0.2558, bm_loss(avg):0.0097, tirads_loss(avg):0.0000
Epoch:45: seg_loss(avg):0.2558, bm_loss(avg):0.0090, tirads_loss(avg):0.0000
Saved checkpoint at epoch 45

Validating epoch 45 on all test datasets...
Testing on TN3K...
  TN3K - Dice: 0.8682, HD95: 7.5028
  TN3K - BM: Acc=0.7231, Prec=0.6138, Rec=0.7542, F1=0.6768, AUROC=0.7845, AUPRC=0.7269
  TN3K - TI-RADS: Acc=0.0000, Prec=0.0000, Rec=0.0000, F1=0.0000, AUC=0.0000
Testing on DDTI...
  DDTI - Dice: 0.7943, HD95: 10.6850
  DDTI - BM: Acc=0.0000, Prec=0.0000, Rec=0.0000, F1=0.0000, AUROC=0.0000, AUPRC=0.0000
  DDTI - TI-RADS: Acc=0.0000, Prec=0.0000, Rec=0.0000, F1=0.0000, AUC=0.0000
Testing on ThyroidXL...
  ThyroidXL - Dice: 0.8744, HD95: 3.8631
  ThyroidXL - BM: Acc=0.8359, Prec=0.8782, Rec=0.7505, F1=0.8093, AUROC=0.9187, AUPRC=0.9030
  ThyroidXL - TI-RADS: Acc=0.0000, Prec=0.0000, Rec=0.0000, F1=0.0000, AUC=0.0000
Testing on PKTN...
  PKTN - Dice: 0.8010, HD95: 8.2991
  PKTN - BM: Acc=0.0000, Prec=0.0000, Rec=0.0000, F1=0.0000, AUROC=0.0000, AUPRC=0.0000
  PKTN - TI-RADS: Acc=0.0000, Prec=0.0000, Rec=0.0000, F1=0.0000, AUC=0.0000
Testing on TN5K...
  TN5K - Dice: 0.8022, HD95: 6.7702
  TN5K - BM: Acc=0.8820, Prec=0.9228, Rec=0.9152, F1=0.9190, AUROC=0.9324, AUPRC=0.9716
  TN5K - TI-RADS: Acc=0.0000, Prec=0.0000, Rec=0.0000, F1=0.0000, AUC=0.0000
Epoch:46: seg_loss(avg):0.2537, bm_loss(avg):0.0104, tirads_loss(avg):0.0000
Epoch:47: seg_loss(avg):0.2519, bm_loss(avg):0.0083, tirads_loss(avg):0.0000
Epoch:48: seg_loss(avg):0.2530, bm_loss(avg):0.0091, tirads_loss(avg):0.0000
Epoch:49: seg_loss(avg):0.2516, bm_loss(avg):0.0071, tirads_loss(avg):0.0000
Epoch:50: seg_loss(avg):0.2537, bm_loss(avg):0.0064, tirads_loss(avg):0.0000
Saved checkpoint at epoch 50

Validating epoch 50 on all test datasets...
Testing on TN3K...
  TN3K - Dice: 0.8676, HD95: 7.5884
  TN3K - BM: Acc=0.7313, Prec=0.6263, Rec=0.7458, F1=0.6809, AUROC=0.7866, AUPRC=0.7299
  TN3K - TI-RADS: Acc=0.0000, Prec=0.0000, Rec=0.0000, F1=0.0000, AUC=0.0000
Testing on DDTI...
  DDTI - Dice: 0.7960, HD95: 10.6413
  DDTI - BM: Acc=0.0000, Prec=0.0000, Rec=0.0000, F1=0.0000, AUROC=0.0000, AUPRC=0.0000
  DDTI - TI-RADS: Acc=0.0000, Prec=0.0000, Rec=0.0000, F1=0.0000, AUC=0.0000
Testing on ThyroidXL...
  ThyroidXL - Dice: 0.8741, HD95: 3.8916
  ThyroidXL - BM: Acc=0.8349, Prec=0.8844, Rec=0.7412, F1=0.8065, AUROC=0.9178, AUPRC=0.9021
  ThyroidXL - TI-RADS: Acc=0.0000, Prec=0.0000, Rec=0.0000, F1=0.0000, AUC=0.0000
Testing on PKTN...
  PKTN - Dice: 0.8011, HD95: 8.4156
  PKTN - BM: Acc=0.0000, Prec=0.0000, Rec=0.0000, F1=0.0000, AUROC=0.0000, AUPRC=0.0000
  PKTN - TI-RADS: Acc=0.0000, Prec=0.0000, Rec=0.0000, F1=0.0000, AUC=0.0000
Testing on TN5K...
  TN5K - Dice: 0.8028, HD95: 6.5833
  TN5K - BM: Acc=0.8750, Prec=0.9268, Rec=0.9001, F1=0.9133, AUROC=0.9326, AUPRC=0.9718
  TN5K - TI-RADS: Acc=0.0000, Prec=0.0000, Rec=0.0000, F1=0.0000, AUC=0.0000

========== Evaluation Summary (All Test Records) ==========

Dataset: TN3K
Eval epochs: [5, 10, 15, 20, 25, 30, 35, 40, 45, 50]
Dice per eval: [0.8327, 0.856, 0.8473, 0.8595, 0.859, 0.8583, 0.864, 0.8641, 0.8682, 0.8676]
HD95 per eval: [np.float64(8.9048), np.float64(8.5013), np.float64(8.7584), np.float64(8.0354), np.float64(8.1728), np.float64(8.0467), np.float64(7.6223), np.float64(7.4395), np.float64(7.5028), np.float64(7.5884)]
Best Dice: 0.8682 at epoch 45
Best HD95: 7.4395 at epoch 40

BM metrics per eval:
  Acc:  [np.float64(0.7329), np.float64(0.715), np.float64(0.7117), np.float64(0.7248), np.float64(0.7068), np.float64(0.7215), np.float64(0.7134), np.float64(0.7378), np.float64(0.7231), np.float64(0.7313)]
  Prec: [0.6417, 0.607, 0.5955, 0.6192, 0.5903, 0.6208, 0.6014, 0.6415, 0.6138, 0.6263]
  Rec:  [0.6907, 0.7331, 0.7797, 0.7373, 0.7754, 0.7076, 0.7542, 0.7203, 0.7542, 0.7458]
  F1:   [0.6653, 0.6641, 0.6752, 0.6731, 0.6703, 0.6614, 0.6692, 0.6786, 0.6768, 0.6809]
  AUROC:[0.8118, 0.8088, 0.8009, 0.7924, 0.7911, 0.8009, 0.7808, 0.7918, 0.7845, 0.7866]
  AUPRC:[0.7394, 0.7389, 0.7354, 0.7275, 0.7205, 0.7522, 0.7323, 0.7332, 0.7269, 0.7299]
Best BM F1: 0.6809 at epoch 50

TI-RADS metrics per eval:
  Acc:  [0.0, 0.0, 0.0, 0.0, 0.0, 0.0, 0.0, 0.0, 0.0, 0.0]
  Prec: [0.0, 0.0, 0.0, 0.0, 0.0, 0.0, 0.0, 0.0, 0.0, 0.0]
  Rec:  [0.0, 0.0, 0.0, 0.0, 0.0, 0.0, 0.0, 0.0, 0.0, 0.0]
  F1:   [0.0, 0.0, 0.0, 0.0, 0.0, 0.0, 0.0, 0.0, 0.0, 0.0]
  AUC:  [0.0, 0.0, 0.0, 0.0, 0.0, 0.0, 0.0, 0.0, 0.0, 0.0]
Best TI-RADS F1: 0.0000 at epoch 5

Dataset: DDTI
Eval epochs: [5, 10, 15, 20, 25, 30, 35, 40, 45, 50]
Dice per eval: [0.7948, 0.7917, 0.7733, 0.7876, 0.7933, 0.7822, 0.7889, 0.7926, 0.7943, 0.796]
HD95 per eval: [np.float64(11.2336), np.float64(11.2489), np.float64(12.3204), np.float64(11.5026), np.float64(10.5216), np.float64(11.4374), np.float64(10.9243), np.float64(10.8155), np.float64(10.685), np.float64(10.6413)]
Best Dice: 0.7960 at epoch 50
Best HD95: 10.5216 at epoch 25

BM metrics per eval:
  Acc:  [0.0, 0.0, 0.0, 0.0, 0.0, 0.0, 0.0, 0.0, 0.0, 0.0]
  Prec: [0.0, 0.0, 0.0, 0.0, 0.0, 0.0, 0.0, 0.0, 0.0, 0.0]
  Rec:  [0.0, 0.0, 0.0, 0.0, 0.0, 0.0, 0.0, 0.0, 0.0, 0.0]
  F1:   [0.0, 0.0, 0.0, 0.0, 0.0, 0.0, 0.0, 0.0, 0.0, 0.0]
  AUROC:[0.0, 0.0, 0.0, 0.0, 0.0, 0.0, 0.0, 0.0, 0.0, 0.0]
  AUPRC:[0.0, 0.0, 0.0, 0.0, 0.0, 0.0, 0.0, 0.0, 0.0, 0.0]
Best BM F1: 0.0000 at epoch 5

TI-RADS metrics per eval:
  Acc:  [0.0, 0.0, 0.0, 0.0, 0.0, 0.0, 0.0, 0.0, 0.0, 0.0]
  Prec: [0.0, 0.0, 0.0, 0.0, 0.0, 0.0, 0.0, 0.0, 0.0, 0.0]
  Rec:  [0.0, 0.0, 0.0, 0.0, 0.0, 0.0, 0.0, 0.0, 0.0, 0.0]
  F1:   [0.0, 0.0, 0.0, 0.0, 0.0, 0.0, 0.0, 0.0, 0.0, 0.0]
  AUC:  [0.0, 0.0, 0.0, 0.0, 0.0, 0.0, 0.0, 0.0, 0.0, 0.0]
Best TI-RADS F1: 0.0000 at epoch 5

Dataset: ThyroidXL
Eval epochs: [5, 10, 15, 20, 25, 30, 35, 40, 45, 50]
Dice per eval: [0.853, 0.8618, 0.863, 0.8654, 0.8689, 0.8717, 0.8726, 0.8731, 0.8744, 0.8741]
HD95 per eval: [np.float64(4.6687), np.float64(4.4683), np.float64(4.3119), np.float64(4.2424), np.float64(4.1232), np.float64(4.0449), np.float64(4.0036), np.float64(3.9399), np.float64(3.8631), np.float64(3.8916)]
Best Dice: 0.8744 at epoch 45
Best HD95: 3.8631 at epoch 45

BM metrics per eval:
  Acc:  [np.float64(0.7943), np.float64(0.8287), np.float64(0.81), np.float64(0.7928), np.float64(0.8411), np.float64(0.8311), np.float64(0.8024), np.float64(0.8354), np.float64(0.8359), np.float64(0.8349)]
  Prec: [0.8668, 0.8652, 0.8846, 0.892, 0.8483, 0.8608, 0.8939, 0.8845, 0.8782, 0.8844]
  Rec:  [0.6577, 0.7474, 0.6794, 0.6299, 0.801, 0.7588, 0.6515, 0.7423, 0.7505, 0.7412]
  F1:   [0.7479, 0.802, 0.7685, 0.7384, 0.824, 0.8066, 0.7537, 0.8072, 0.8093, 0.8065]
  AUROC:[0.9106, 0.916, 0.917, 0.9173, 0.9161, 0.9149, 0.9093, 0.9195, 0.9187, 0.9178]
  AUPRC:[0.8869, 0.8912, 0.8992, 0.8989, 0.8957, 0.895, 0.8968, 0.902, 0.903, 0.9021]
Best BM F1: 0.8240 at epoch 25

TI-RADS metrics per eval:
  Acc:  [0.0, 0.0, 0.0, 0.0, 0.0, 0.0, 0.0, 0.0, 0.0, 0.0]
  Prec: [0.0, 0.0, 0.0, 0.0, 0.0, 0.0, 0.0, 0.0, 0.0, 0.0]
  Rec:  [0.0, 0.0, 0.0, 0.0, 0.0, 0.0, 0.0, 0.0, 0.0, 0.0]
  F1:   [0.0, 0.0, 0.0, 0.0, 0.0, 0.0, 0.0, 0.0, 0.0, 0.0]
  AUC:  [0.0, 0.0, 0.0, 0.0, 0.0, 0.0, 0.0, 0.0, 0.0, 0.0]
Best TI-RADS F1: 0.0000 at epoch 5

Dataset: PKTN
Eval epochs: [5, 10, 15, 20, 25, 30, 35, 40, 45, 50]
Dice per eval: [0.7614, 0.7898, 0.7884, 0.7881, 0.7835, 0.7971, 0.7946, 0.7996, 0.801, 0.8011]
HD95 per eval: [np.float64(9.7916), np.float64(8.8269), np.float64(8.7278), np.float64(8.8073), np.float64(9.1635), np.float64(8.5891), np.float64(8.8414), np.float64(8.445), np.float64(8.2991), np.float64(8.4156)]
Best Dice: 0.8011 at epoch 50
Best HD95: 8.2991 at epoch 45

BM metrics per eval:
  Acc:  [0.0, 0.0, 0.0, 0.0, 0.0, 0.0, 0.0, 0.0, 0.0, 0.0]
  Prec: [0.0, 0.0, 0.0, 0.0, 0.0, 0.0, 0.0, 0.0, 0.0, 0.0]
  Rec:  [0.0, 0.0, 0.0, 0.0, 0.0, 0.0, 0.0, 0.0, 0.0, 0.0]
  F1:   [0.0, 0.0, 0.0, 0.0, 0.0, 0.0, 0.0, 0.0, 0.0, 0.0]
  AUROC:[0.0, 0.0, 0.0, 0.0, 0.0, 0.0, 0.0, 0.0, 0.0, 0.0]
  AUPRC:[0.0, 0.0, 0.0, 0.0, 0.0, 0.0, 0.0, 0.0, 0.0, 0.0]
Best BM F1: 0.0000 at epoch 5

TI-RADS metrics per eval:
  Acc:  [0.0, 0.0, 0.0, 0.0, 0.0, 0.0, 0.0, 0.0, 0.0, 0.0]
  Prec: [0.0, 0.0, 0.0, 0.0, 0.0, 0.0, 0.0, 0.0, 0.0, 0.0]
  Rec:  [0.0, 0.0, 0.0, 0.0, 0.0, 0.0, 0.0, 0.0, 0.0, 0.0]
  F1:   [0.0, 0.0, 0.0, 0.0, 0.0, 0.0, 0.0, 0.0, 0.0, 0.0]
  AUC:  [0.0, 0.0, 0.0, 0.0, 0.0, 0.0, 0.0, 0.0, 0.0, 0.0]
Best TI-RADS F1: 0.0000 at epoch 5

Dataset: TN5K
Eval epochs: [5, 10, 15, 20, 25, 30, 35, 40, 45, 50]
Dice per eval: [0.7463, 0.7847, 0.7976, 0.8029, 0.7966, 0.7947, 0.7999, 0.7992, 0.8022, 0.8028]
HD95 per eval: [np.float64(8.6146), np.float64(7.615), np.float64(6.5351), np.float64(6.6925), np.float64(7.2432), np.float64(7.0938), np.float64(7.0151), np.float64(6.813), np.float64(6.7702), np.float64(6.5833)]
Best Dice: 0.8029 at epoch 20
Best HD95: 6.5351 at epoch 15

BM metrics per eval:
  Acc:  [np.float64(0.851), np.float64(0.845), np.float64(0.865), np.float64(0.861), np.float64(0.857), np.float64(0.874), np.float64(0.865), np.float64(0.871), np.float64(0.882), np.float64(0.875)]
  Prec: [0.8769, 0.8934, 0.9038, 0.9193, 0.9095, 0.9071, 0.9319, 0.9251, 0.9228, 0.9268]
  Rec:  [0.9261, 0.8947, 0.9124, 0.8878, 0.8933, 0.922, 0.8796, 0.896, 0.9152, 0.9001]
  F1:   [0.9009, 0.8941, 0.9081, 0.9033, 0.9013, 0.9145, 0.905, 0.9104, 0.919, 0.9133]
  AUROC:[0.9, 0.9035, 0.9174, 0.9146, 0.9212, 0.9255, 0.9243, 0.9301, 0.9324, 0.9326]
  AUPRC:[0.9546, 0.9573, 0.9631, 0.9637, 0.9657, 0.9682, 0.9691, 0.9705, 0.9716, 0.9718]
Best BM F1: 0.9190 at epoch 45

TI-RADS metrics per eval:
  Acc:  [0.0, 0.0, 0.0, 0.0, 0.0, 0.0, 0.0, 0.0, 0.0, 0.0]
  Prec: [0.0, 0.0, 0.0, 0.0, 0.0, 0.0, 0.0, 0.0, 0.0, 0.0]
  Rec:  [0.0, 0.0, 0.0, 0.0, 0.0, 0.0, 0.0, 0.0, 0.0, 0.0]
  F1:   [0.0, 0.0, 0.0, 0.0, 0.0, 0.0, 0.0, 0.0, 0.0, 0.0]
  AUC:  [0.0, 0.0, 0.0, 0.0, 0.0, 0.0, 0.0, 0.0, 0.0, 0.0]
Best TI-RADS F1: 0.0000 at epoch 5

==========================================================

========== Training Completed ==========
Training completed at Sun Dec 28 16:09:01 2025
