Training started at Thu May  7 19:29:04 2026
Method: dino_unet
Dataset: train_multitask_FTCPTC_segcls
Epochs: 30
Target Key: FTCPTC
LR: 2e-05
Batch Size: 12
Image Size: 224 x 224
DINO pretrained: True
Use Dilation: False
Training label stats for FTCPTC: Negative=3000, Positive=1000, Missing=0, Valid=4000
Using DataLoader shuffle=True, dataset_size=4000, batch_size=12, drop_last=True
First sample: filename=2023/连月平/连月平_01_0001_0001.jpg, image=/mnt/wangbd8/workspace/DataSets/ThyroidAgent/Classifaction_Data/Malignant_ultrasound_images_cropped/2023/连月平/连月平_01_0001_0001.jpg, mask=/mnt/wangbd8/workspace/DataSets/ThyroidAgent/Classifaction_Data/Malignant_ultrasound_images_cropped_predictions/2023/连月平/连月平_01_0001_0001.png, target=0
Loss weights: seg=1.0, cls=1.0
Classification pos_weight: 1.0
GA-MTL schedule per optimizer step: ['seg', 'cls']
steps_per_epoch (optimizer steps): 166
Epoch:1: seg_loss(avg):0.9756, cls_loss(avg):0.5916
Epoch:2: seg_loss(avg):0.7312, cls_loss(avg):0.5703

Validating epoch 2 on all test datasets...
Testing on FTCPTC...
  FTCPTC - Dice: 0.7656, HD95: 14.8262
  FTCPTC - FTCPTC: Acc=0.6740, Prec=0.0000, Rec=0.0000, F1=0.0000, AUROC=0.3825, AUPRC=0.2627, ECE=0.1050
Epoch:3: seg_loss(avg):0.6591, cls_loss(avg):0.5494
Epoch:4: seg_loss(avg):0.6137, cls_loss(avg):0.5470

Validating epoch 4 on all test datasets...
Testing on FTCPTC...
  FTCPTC - Dice: 0.7857, HD95: 12.5687
  FTCPTC - FTCPTC: Acc=0.6740, Prec=0.0000, Rec=0.0000, F1=0.0000, AUROC=0.4503, AUPRC=0.2910, ECE=0.2026
Epoch:5: seg_loss(avg):0.5779, cls_loss(avg):0.5279
Saved checkpoint at epoch 5
Epoch:6: seg_loss(avg):0.5475, cls_loss(avg):0.5021

Validating epoch 6 on all test datasets...
Testing on FTCPTC...
  FTCPTC - Dice: 0.8207, HD95: 9.9150
  FTCPTC - FTCPTC: Acc=0.6640, Prec=0.1368, Rec=0.0058, F1=0.0111, AUROC=0.5210, AUPRC=0.3367, ECE=0.1466
Epoch:7: seg_loss(avg):0.5269, cls_loss(avg):0.4751
Epoch:8: seg_loss(avg):0.5100, cls_loss(avg):0.4392

Validating epoch 8 on all test datasets...
Testing on FTCPTC...
  FTCPTC - Dice: 0.8243, HD95: 9.8769
  FTCPTC - FTCPTC: Acc=0.6701, Prec=0.4845, Rec=0.1898, F1=0.2719, AUROC=0.5906, AUPRC=0.4073, ECE=0.1913
Epoch:9: seg_loss(avg):0.4915, cls_loss(avg):0.4004
Epoch:10: seg_loss(avg):0.4768, cls_loss(avg):0.3668
Saved checkpoint at epoch 10

Validating epoch 10 on all test datasets...
Testing on FTCPTC...
  FTCPTC - Dice: 0.8256, HD95: 9.6996
  FTCPTC - FTCPTC: Acc=0.6579, Prec=0.2960, Rec=0.0362, F1=0.0642, AUROC=0.4872, AUPRC=0.3273, ECE=0.2752
Epoch:11: seg_loss(avg):0.4670, cls_loss(avg):0.3340
Epoch:12: seg_loss(avg):0.4666, cls_loss(avg):0.2965

Validating epoch 12 on all test datasets...
Testing on FTCPTC...
  FTCPTC - Dice: 0.8313, HD95: 9.1817
  FTCPTC - FTCPTC: Acc=0.6345, Prec=0.3761, Rec=0.1845, F1=0.2468, AUROC=0.5336, AUPRC=0.3598, ECE=0.2687
Epoch:13: seg_loss(avg):0.4448, cls_loss(avg):0.2376
Epoch:14: seg_loss(avg):0.4427, cls_loss(avg):0.2217

Validating epoch 14 on all test datasets...
Testing on FTCPTC...
  FTCPTC - Dice: 0.8327, HD95: 9.5113
  FTCPTC - FTCPTC: Acc=0.6301, Prec=0.3592, Rec=0.1721, F1=0.2320, AUROC=0.5153, AUPRC=0.3596, ECE=0.2991
Epoch:15: seg_loss(avg):0.4259, cls_loss(avg):0.1886
Saved checkpoint at epoch 15
Epoch:16: seg_loss(avg):0.4226, cls_loss(avg):0.1813

Validating epoch 16 on all test datasets...
Testing on FTCPTC...
  FTCPTC - Dice: 0.8356, HD95: 9.3087
  FTCPTC - FTCPTC: Acc=0.6497, Prec=0.2815, Rec=0.0482, F1=0.0819, AUROC=0.5429, AUPRC=0.3685, ECE=0.3204
Epoch:17: seg_loss(avg):0.4133, cls_loss(avg):0.1453
Epoch:18: seg_loss(avg):0.4144, cls_loss(avg):0.1297

Validating epoch 18 on all test datasets...
Testing on FTCPTC...
  FTCPTC - Dice: 0.8384, HD95: 9.2638
  FTCPTC - FTCPTC: Acc=0.6399, Prec=0.3797, Rec=0.1655, F1=0.2297, AUROC=0.5273, AUPRC=0.3564, ECE=0.3155
Epoch:19: seg_loss(avg):0.4111, cls_loss(avg):0.1137
Epoch:20: seg_loss(avg):0.4068, cls_loss(avg):0.1067
Saved checkpoint at epoch 20

Validating epoch 20 on all test datasets...
Testing on FTCPTC...
  FTCPTC - Dice: 0.8360, HD95: 9.2752
  FTCPTC - FTCPTC: Acc=0.6398, Prec=0.3796, Rec=0.1656, F1=0.2299, AUROC=0.5049, AUPRC=0.3375, ECE=0.3358
Epoch:21: seg_loss(avg):0.4052, cls_loss(avg):0.0914
Epoch:22: seg_loss(avg):0.3948, cls_loss(avg):0.0852

Validating epoch 22 on all test datasets...
Testing on FTCPTC...
  FTCPTC - Dice: 0.8382, HD95: 9.0956
  FTCPTC - FTCPTC: Acc=0.6439, Prec=0.3237, Rec=0.0849, F1=0.1340, AUROC=0.5170, AUPRC=0.3491, ECE=0.3321
Epoch:23: seg_loss(avg):0.3974, cls_loss(avg):0.0828
Epoch:24: seg_loss(avg):0.3909, cls_loss(avg):0.0670

Validating epoch 24 on all test datasets...
Testing on FTCPTC...
  FTCPTC - Dice: 0.8392, HD95: 9.1396
  FTCPTC - FTCPTC: Acc=0.6400, Prec=0.3255, Rec=0.0975, F1=0.1494, AUROC=0.5314, AUPRC=0.3569, ECE=0.3341
Epoch:25: seg_loss(avg):0.3849, cls_loss(avg):0.0784
Saved checkpoint at epoch 25
Epoch:26: seg_loss(avg):0.3868, cls_loss(avg):0.0670

Validating epoch 26 on all test datasets...
Testing on FTCPTC...
  FTCPTC - Dice: 0.8397, HD95: 9.1450
  FTCPTC - FTCPTC: Acc=0.6380, Prec=0.3322, Rec=0.1097, F1=0.1643, AUROC=0.5203, AUPRC=0.3485, ECE=0.3354
Epoch:27: seg_loss(avg):0.3887, cls_loss(avg):0.0575
Epoch:28: seg_loss(avg):0.3852, cls_loss(avg):0.0658

Validating epoch 28 on all test datasets...
Testing on FTCPTC...
  FTCPTC - Dice: 0.8392, HD95: 8.9552
  FTCPTC - FTCPTC: Acc=0.6401, Prec=0.3449, Rec=0.1161, F1=0.1731, AUROC=0.5188, AUPRC=0.3486, ECE=0.3376
Epoch:29: seg_loss(avg):0.3893, cls_loss(avg):0.0513
Epoch:30: seg_loss(avg):0.3876, cls_loss(avg):0.0560
Saved checkpoint at epoch 30

Validating epoch 30 on all test datasets...
Testing on FTCPTC...
  FTCPTC - Dice: 0.8396, HD95: 8.9622
  FTCPTC - FTCPTC: Acc=0.6380, Prec=0.3188, Rec=0.0973, F1=0.1485, AUROC=0.5188, AUPRC=0.3483, ECE=0.3362

========== Evaluation Summary (All Test Records) ==========


Dataset: FTCPTC
Eval epochs: [2, 4, 6, 8, 10, 12, 14, 16, 18, 20, 22, 24, 26, 28, 30]
Dice per eval: [0.7656000256538391, 0.7857000231742859, 0.8206999897956848, 0.8242999911308289, 0.8256000280380249, 0.8313000202178955, 0.8327000141143799, 0.8356000185012817, 0.8384000062942505, 0.8360000252723694, 0.8381999731063843, 0.8392000198364258, 0.8396999835968018, 0.8392000198364258, 0.8396000266075134]
HD95 per eval: [14.826199531555176, 12.568699836730957, 9.914999961853027, 9.876899719238281, 9.699600219726562, 9.181699752807617, 9.511300086975098, 9.308699607849121, 9.263799667358398, 9.275199890136719, 9.095600128173828, 9.139599800109863, 9.145000457763672, 8.9552001953125, 8.962200164794922]
Best Dice: 0.8397 at epoch 26
Best HD95: 8.9552 at epoch 28

FTCPTC metrics per eval:
  Acc:  [0.674, 0.674, 0.664, 0.6701, 0.6579, 0.6345, 0.6301, 0.6497, 0.6399, 0.6398, 0.6439, 0.64, 0.638, 0.6401, 0.638]
  Prec: [0.0, 0.0, 0.1368, 0.4845, 0.296, 0.3761, 0.3592, 0.2815, 0.3797, 0.3796, 0.3237, 0.3255, 0.3322, 0.3449, 0.3188]
  Rec:  [0.0, 0.0, 0.0058, 0.1898, 0.0362, 0.1845, 0.1721, 0.0482, 0.1655, 0.1656, 0.0849, 0.0975, 0.1097, 0.1161, 0.0973]
  F1:   [0.0, 0.0, 0.0111, 0.2719, 0.0642, 0.2468, 0.232, 0.0819, 0.2297, 0.2299, 0.134, 0.1494, 0.1643, 0.1731, 0.1485]
  AUROC:[0.3825, 0.4503, 0.521, 0.5906, 0.4872, 0.5336, 0.5153, 0.5429, 0.5273, 0.5049, 0.517, 0.5314, 0.5203, 0.5188, 0.5188]
  AUPRC:[0.2627, 0.291, 0.3367, 0.4073, 0.3273, 0.3598, 0.3596, 0.3685, 0.3564, 0.3375, 0.3491, 0.3569, 0.3485, 0.3486, 0.3483]
  ECE:  [0.105, 0.2026, 0.1466, 0.1913, 0.2752, 0.2687, 0.2991, 0.3204, 0.3155, 0.3358, 0.3321, 0.3341, 0.3354, 0.3376, 0.3362]
Best FTCPTC F1: 0.2719 at epoch 8

==========================================================

========== Training Completed ==========
Training completed at Thu May  7 19:45:17 2026
