Training started at Thu Dec 11 09:59:31 2025
Method: dino_unet
Dataset: train_multitask_dataset1
Epochs: 50
Learning Rate: 0.0001
Batch Size: 12
Train Image Path: /mnt/wangbd8/workspace/DataSets/ThyroidAgent/Superimposed_multitask/dataset_1/images/
Train Mask Path: /mnt/wangbd8/workspace/DataSets/ThyroidAgent/Superimposed_multitask/dataset_1/masks/
Number of test datasets: 5
Test Dataset 1: TN3K
  Image path: /mnt/wangbd8/workspace/DataSets/ThyroidAgent/TN3K/test-image/
  Mask path: /mnt/wangbd8/workspace/DataSets/ThyroidAgent/TN3K/test-mask/
Test Dataset 2: DDTI
  Image path: /mnt/wangbd8/workspace/DataSets/ThyroidAgent/DDTI/2_preprocessed_data/stage1/p_image/
  Mask path: /mnt/wangbd8/workspace/DataSets/ThyroidAgent/DDTI/2_preprocessed_data/stage1/p_mask/
Test Dataset 3: ThyroidXL
  Image path: /mnt/wangbd8/workspace/DataSets/ThyroidAgent/ThyroidXL/test/images/
  Mask path: /mnt/wangbd8/workspace/DataSets/ThyroidAgent/ThyroidXL/test/masks/
Test Dataset 4: PKTN
  Image path: /mnt/wangbd8/workspace/DataSets/ThyroidAgent/PKTN_processed/images/
  Mask path: /mnt/wangbd8/workspace/DataSets/ThyroidAgent/PKTN_processed/masks/
Test Dataset 5: TN5K
  Image path: /mnt/wangbd8/workspace/DataSets/ThyroidAgent/TN5K_processed/test/images/
  Mask path: /mnt/wangbd8/workspace/DataSets/ThyroidAgent/TN5K_processed/test/masks/
Using device: cuda
Training set: Benign=2331, Malignant=2402
Malignancy pos_weight: 1.4557 (to improve Recall)
Seg Weight: 1.0
Benign Malignant Weight: 1.0
TIRADS Weight: 1.0
Epoch:1: loss:1.771216, seg_loss:0.8482, bm_loss:0.4991, ti_loss:0.0000
Epoch:2: loss:1.326858, seg_loss:0.5829, bm_loss:0.6384, ti_loss:0.0000
Epoch:3: loss:1.146736, seg_loss:0.6371, bm_loss:0.3602, ti_loss:0.0000
Epoch:4: loss:1.055165, seg_loss:0.5571, bm_loss:0.4272, ti_loss:0.0000
Epoch:5: loss:0.968551, seg_loss:0.5334, bm_loss:0.2183, ti_loss:0.0000
Saved checkpoint at epoch 5

Validating epoch 5 on all test datasets...
Testing on TN3K...
  TN3K - Dice: 0.8629, HD95: 14.2207
  TN3K - Benign/Malignant: Acc=0.7638, Prec=0.5198, Rec=0.4023, F1=0.4500, AUC=0.8184
  TN3K - TI-RADS: Acc=0.0000, Prec=0.0000, Rec=0.0000, F1=0.0000, AUC=0.0000
Testing on DDTI...
  DDTI - Dice: 0.7786, HD95: 22.6049
  DDTI - Benign/Malignant: Acc=0.0000, Prec=0.0000, Rec=0.0000, F1=0.0000, AUC=0.0000
  DDTI - TI-RADS: Acc=0.0000, Prec=0.0000, Rec=0.0000, F1=0.0000, AUC=0.0000
Testing on ThyroidXL...
  ThyroidXL - Dice: 0.8308, HD95: 11.4185
  ThyroidXL - Benign/Malignant: Acc=0.7579, Prec=0.7055, Rec=0.6629, F1=0.6437, AUC=0.8871
  ThyroidXL - TI-RADS: Acc=0.0000, Prec=0.0000, Rec=0.0000, F1=0.0000, AUC=0.0000
Testing on PKTN...
  PKTN - Dice: 0.7775, HD95: 17.5067
  PKTN - Benign/Malignant: Acc=0.0000, Prec=0.0000, Rec=0.0000, F1=0.0000, AUC=0.0000
  PKTN - TI-RADS: Acc=0.0000, Prec=0.0000, Rec=0.0000, F1=0.0000, AUC=0.0000
Testing on TN5K...
  TN5K - Dice: 0.7517, HD95: 17.7293
  TN5K - Benign/Malignant: Acc=0.7480, Prec=0.5764, Rec=0.5134, F1=0.5215, AUC=0.7972
  TN5K - TI-RADS: Acc=0.0000, Prec=0.0000, Rec=0.0000, F1=0.0000, AUC=0.0000
Epoch:6: loss:0.922307, seg_loss:0.4708, bm_loss:0.3456, ti_loss:0.0000
Epoch:7: loss:0.870491, seg_loss:0.4718, bm_loss:0.1899, ti_loss:0.0000
Epoch:8: loss:0.828690, seg_loss:0.5205, bm_loss:0.4995, ti_loss:0.0000
Epoch:9: loss:0.785984, seg_loss:0.5149, bm_loss:0.5226, ti_loss:0.0000
Epoch:10: loss:0.754320, seg_loss:0.4463, bm_loss:0.1763, ti_loss:0.0000
Saved checkpoint at epoch 10

Validating epoch 10 on all test datasets...
Testing on TN3K...
  TN3K - Dice: 0.8622, HD95: 13.8403
  TN3K - Benign/Malignant: Acc=0.6906, Prec=0.5100, Rec=0.3559, F1=0.4144, AUC=0.7736
  TN3K - TI-RADS: Acc=0.0000, Prec=0.0000, Rec=0.0000, F1=0.0000, AUC=0.0000
Testing on DDTI...
  DDTI - Dice: 0.7996, HD95: 20.0630
  DDTI - Benign/Malignant: Acc=0.0000, Prec=0.0000, Rec=0.0000, F1=0.0000, AUC=0.0000
  DDTI - TI-RADS: Acc=0.0000, Prec=0.0000, Rec=0.0000, F1=0.0000, AUC=0.0000
Testing on ThyroidXL...
  ThyroidXL - Dice: 0.8344, HD95: 11.6033
  ThyroidXL - Benign/Malignant: Acc=0.7555, Prec=0.7240, Rec=0.6764, F1=0.6570, AUC=0.8872
  ThyroidXL - TI-RADS: Acc=0.0000, Prec=0.0000, Rec=0.0000, F1=0.0000, AUC=0.0000
Testing on PKTN...
  PKTN - Dice: 0.7836, HD95: 17.4698
  PKTN - Benign/Malignant: Acc=0.0000, Prec=0.0000, Rec=0.0000, F1=0.0000, AUC=0.0000
  PKTN - TI-RADS: Acc=0.0000, Prec=0.0000, Rec=0.0000, F1=0.0000, AUC=0.0000
Testing on TN5K...
  TN5K - Dice: 0.7530, HD95: 16.2498
  TN5K - Benign/Malignant: Acc=0.7520, Prec=0.5727, Rec=0.5115, F1=0.5189, AUC=0.8022
  TN5K - TI-RADS: Acc=0.0000, Prec=0.0000, Rec=0.0000, F1=0.0000, AUC=0.0000
Epoch:11: loss:0.696829, seg_loss:0.4966, bm_loss:0.0957, ti_loss:0.0000
Epoch:12: loss:0.671578, seg_loss:0.5655, bm_loss:0.4891, ti_loss:0.0000
Epoch:13: loss:0.630104, seg_loss:0.3880, bm_loss:0.0465, ti_loss:0.0000
Epoch:14: loss:0.617482, seg_loss:0.4006, bm_loss:0.3205, ti_loss:0.0000
Epoch:15: loss:0.564540, seg_loss:0.4985, bm_loss:0.0903, ti_loss:0.0000
Saved checkpoint at epoch 15

Validating epoch 15 on all test datasets...
Testing on TN3K...
  TN3K - Dice: 0.8468, HD95: 15.5159
  TN3K - Benign/Malignant: Acc=0.6645, Prec=0.5187, Rec=0.3518, F1=0.4124, AUC=0.7836
  TN3K - TI-RADS: Acc=0.0000, Prec=0.0000, Rec=0.0000, F1=0.0000, AUC=0.0000
Testing on DDTI...
  DDTI - Dice: 0.7550, HD95: 25.5977
  DDTI - Benign/Malignant: Acc=0.0000, Prec=0.0000, Rec=0.0000, F1=0.0000, AUC=0.0000
  DDTI - TI-RADS: Acc=0.0000, Prec=0.0000, Rec=0.0000, F1=0.0000, AUC=0.0000
Testing on ThyroidXL...
  ThyroidXL - Dice: 0.8348, HD95: 11.5573
  ThyroidXL - Benign/Malignant: Acc=0.7656, Prec=0.7182, Rec=0.6737, F1=0.6573, AUC=0.8831
  ThyroidXL - TI-RADS: Acc=0.0000, Prec=0.0000, Rec=0.0000, F1=0.0000, AUC=0.0000
Testing on PKTN...
  PKTN - Dice: 0.7461, HD95: 20.6035
  PKTN - Benign/Malignant: Acc=0.0000, Prec=0.0000, Rec=0.0000, F1=0.0000, AUC=0.0000
  PKTN - TI-RADS: Acc=0.0000, Prec=0.0000, Rec=0.0000, F1=0.0000, AUC=0.0000
Testing on TN5K...
  TN5K - Dice: 0.7359, HD95: 17.7545
  TN5K - Benign/Malignant: Acc=0.7520, Prec=0.5931, Rec=0.5236, F1=0.5350, AUC=0.7812
  TN5K - TI-RADS: Acc=0.0000, Prec=0.0000, Rec=0.0000, F1=0.0000, AUC=0.0000
Epoch:16: loss:0.555698, seg_loss:0.4654, bm_loss:0.3981, ti_loss:0.0000
Epoch:17: loss:0.545959, seg_loss:0.3888, bm_loss:0.0114, ti_loss:0.0000
Epoch:18: loss:0.543053, seg_loss:0.4340, bm_loss:0.0387, ti_loss:0.0000
Epoch:19: loss:0.493543, seg_loss:0.3399, bm_loss:0.0406, ti_loss:0.0000
Epoch:20: loss:0.467917, seg_loss:0.4871, bm_loss:0.0392, ti_loss:0.0000
Saved checkpoint at epoch 20

Validating epoch 20 on all test datasets...
Testing on TN3K...
  TN3K - Dice: 0.8832, HD95: 11.3874
  TN3K - Benign/Malignant: Acc=0.7345, Prec=0.5472, Rec=0.4161, F1=0.4667, AUC=0.7692
  TN3K - TI-RADS: Acc=0.0000, Prec=0.0000, Rec=0.0000, F1=0.0000, AUC=0.0000
Testing on DDTI...
  DDTI - Dice: 0.7672, HD95: 23.7719
  DDTI - Benign/Malignant: Acc=0.0000, Prec=0.0000, Rec=0.0000, F1=0.0000, AUC=0.0000
  DDTI - TI-RADS: Acc=0.0000, Prec=0.0000, Rec=0.0000, F1=0.0000, AUC=0.0000
Testing on ThyroidXL...
  ThyroidXL - Dice: 0.8242, HD95: 10.6955
  ThyroidXL - Benign/Malignant: Acc=0.8091, Prec=0.7126, Rec=0.6939, F1=0.6806, AUC=0.8754
  ThyroidXL - TI-RADS: Acc=0.0000, Prec=0.0000, Rec=0.0000, F1=0.0000, AUC=0.0000
Testing on PKTN...
  PKTN - Dice: 0.8101, HD95: 14.2257
  PKTN - Benign/Malignant: Acc=0.0000, Prec=0.0000, Rec=0.0000, F1=0.0000, AUC=0.0000
  PKTN - TI-RADS: Acc=0.0000, Prec=0.0000, Rec=0.0000, F1=0.0000, AUC=0.0000
Testing on TN5K...
  TN5K - Dice: 0.7988, HD95: 13.3206
  TN5K - Benign/Malignant: Acc=0.6540, Prec=0.5525, Rec=0.4512, F1=0.4632, AUC=0.7814
  TN5K - TI-RADS: Acc=0.0000, Prec=0.0000, Rec=0.0000, F1=0.0000, AUC=0.0000
Epoch:21: loss:0.455321, seg_loss:0.5069, bm_loss:0.0038, ti_loss:0.0000
Epoch:22: loss:0.441848, seg_loss:0.4124, bm_loss:0.2105, ti_loss:0.0000
Epoch:23: loss:0.443641, seg_loss:0.4423, bm_loss:0.0550, ti_loss:0.0000
Epoch:24: loss:0.420229, seg_loss:0.3568, bm_loss:0.0025, ti_loss:0.0000
Epoch:25: loss:0.412061, seg_loss:0.3493, bm_loss:0.0066, ti_loss:0.0000
Saved checkpoint at epoch 25

Validating epoch 25 on all test datasets...
Testing on TN3K...
  TN3K - Dice: 0.8741, HD95: 12.6558
  TN3K - Benign/Malignant: Acc=0.7215, Prec=0.5277, Rec=0.3901, F1=0.4440, AUC=0.7901
  TN3K - TI-RADS: Acc=0.0000, Prec=0.0000, Rec=0.0000, F1=0.0000, AUC=0.0000
Testing on DDTI...
  DDTI - Dice: 0.7970, HD95: 18.5167
  DDTI - Benign/Malignant: Acc=0.0000, Prec=0.0000, Rec=0.0000, F1=0.0000, AUC=0.0000
  DDTI - TI-RADS: Acc=0.0000, Prec=0.0000, Rec=0.0000, F1=0.0000, AUC=0.0000
Testing on ThyroidXL...
  ThyroidXL - Dice: 0.8348, HD95: 10.4032
  ThyroidXL - Benign/Malignant: Acc=0.7325, Prec=0.6911, Rec=0.6357, F1=0.6167, AUC=0.8244
  ThyroidXL - TI-RADS: Acc=0.0000, Prec=0.0000, Rec=0.0000, F1=0.0000, AUC=0.0000
Testing on PKTN...
  PKTN - Dice: 0.8145, HD95: 13.3952
  PKTN - Benign/Malignant: Acc=0.0000, Prec=0.0000, Rec=0.0000, F1=0.0000, AUC=0.0000
  PKTN - TI-RADS: Acc=0.0000, Prec=0.0000, Rec=0.0000, F1=0.0000, AUC=0.0000
Testing on TN5K...
  TN5K - Dice: 0.7887, HD95: 13.5537
  TN5K - Benign/Malignant: Acc=0.7130, Prec=0.5772, Rec=0.5033, F1=0.5093, AUC=0.7619
  TN5K - TI-RADS: Acc=0.0000, Prec=0.0000, Rec=0.0000, F1=0.0000, AUC=0.0000
Epoch:26: loss:0.388697, seg_loss:0.4460, bm_loss:0.0015, ti_loss:0.0000
Epoch:27: loss:0.389996, seg_loss:0.3325, bm_loss:0.0101, ti_loss:0.0000
Epoch:28: loss:0.356003, seg_loss:0.3369, bm_loss:0.0012, ti_loss:0.0000
Epoch:29: loss:0.352814, seg_loss:0.3896, bm_loss:0.0136, ti_loss:0.0000
Epoch:30: loss:0.354528, seg_loss:0.3495, bm_loss:0.0068, ti_loss:0.0000
Saved checkpoint at epoch 30

Validating epoch 30 on all test datasets...
Testing on TN3K...
  TN3K - Dice: 0.8748, HD95: 12.5899
  TN3K - Benign/Malignant: Acc=0.7134, Prec=0.5100, Rec=0.3673, F1=0.4216, AUC=0.7894
  TN3K - TI-RADS: Acc=0.0000, Prec=0.0000, Rec=0.0000, F1=0.0000, AUC=0.0000
Testing on DDTI...
  DDTI - Dice: 0.8105, HD95: 17.5738
  DDTI - Benign/Malignant: Acc=0.0000, Prec=0.0000, Rec=0.0000, F1=0.0000, AUC=0.0000
  DDTI - TI-RADS: Acc=0.0000, Prec=0.0000, Rec=0.0000, F1=0.0000, AUC=0.0000
Testing on ThyroidXL...
  ThyroidXL - Dice: 0.8394, HD95: 9.9708
  ThyroidXL - Benign/Malignant: Acc=0.7789, Prec=0.7154, Rec=0.6745, F1=0.6610, AUC=0.8769
  ThyroidXL - TI-RADS: Acc=0.0000, Prec=0.0000, Rec=0.0000, F1=0.0000, AUC=0.0000
Testing on PKTN...
  PKTN - Dice: 0.8090, HD95: 14.2340
  PKTN - Benign/Malignant: Acc=0.0000, Prec=0.0000, Rec=0.0000, F1=0.0000, AUC=0.0000
  PKTN - TI-RADS: Acc=0.0000, Prec=0.0000, Rec=0.0000, F1=0.0000, AUC=0.0000
Testing on TN5K...
  TN5K - Dice: 0.7863, HD95: 13.6449
  TN5K - Benign/Malignant: Acc=0.7580, Prec=0.5930, Rec=0.5390, F1=0.5390, AUC=0.8007
  TN5K - TI-RADS: Acc=0.0000, Prec=0.0000, Rec=0.0000, F1=0.0000, AUC=0.0000
Epoch:31: loss:0.352491, seg_loss:0.3106, bm_loss:0.0005, ti_loss:0.0000
Epoch:32: loss:0.348428, seg_loss:0.3401, bm_loss:0.0900, ti_loss:0.0000
Epoch:33: loss:0.337913, seg_loss:0.2354, bm_loss:0.0058, ti_loss:0.0000
Epoch:34: loss:0.316967, seg_loss:0.2739, bm_loss:0.0004, ti_loss:0.0000
Epoch:35: loss:0.302498, seg_loss:0.2891, bm_loss:0.0010, ti_loss:0.0000
Saved checkpoint at epoch 35

Validating epoch 35 on all test datasets...
Testing on TN3K...
  TN3K - Dice: 0.8777, HD95: 12.2717
  TN3K - Benign/Malignant: Acc=0.6954, Prec=0.5100, Rec=0.3583, F1=0.4161, AUC=0.7871
  TN3K - TI-RADS: Acc=0.0000, Prec=0.0000, Rec=0.0000, F1=0.0000, AUC=0.0000
Testing on DDTI...
  DDTI - Dice: 0.8075, HD95: 18.5263
  DDTI - Benign/Malignant: Acc=0.0000, Prec=0.0000, Rec=0.0000, F1=0.0000, AUC=0.0000
  DDTI - TI-RADS: Acc=0.0000, Prec=0.0000, Rec=0.0000, F1=0.0000, AUC=0.0000
Testing on ThyroidXL...
  ThyroidXL - Dice: 0.8406, HD95: 9.7150
  ThyroidXL - Benign/Malignant: Acc=0.7909, Prec=0.7302, Rec=0.6958, F1=0.6817, AUC=0.8822
  ThyroidXL - TI-RADS: Acc=0.0000, Prec=0.0000, Rec=0.0000, F1=0.0000, AUC=0.0000
Testing on PKTN...
  PKTN - Dice: 0.8177, HD95: 12.6736
  PKTN - Benign/Malignant: Acc=0.0000, Prec=0.0000, Rec=0.0000, F1=0.0000, AUC=0.0000
  PKTN - TI-RADS: Acc=0.0000, Prec=0.0000, Rec=0.0000, F1=0.0000, AUC=0.0000
Testing on TN5K...
  TN5K - Dice: 0.7899, HD95: 13.9031
  TN5K - Benign/Malignant: Acc=0.7650, Prec=0.5990, Rec=0.5461, F1=0.5483, AUC=0.8013
  TN5K - TI-RADS: Acc=0.0000, Prec=0.0000, Rec=0.0000, F1=0.0000, AUC=0.0000
Epoch:36: loss:0.295454, seg_loss:0.3994, bm_loss:0.0028, ti_loss:0.0000
Epoch:37: loss:0.298890, seg_loss:0.3473, bm_loss:0.0032, ti_loss:0.0000
Epoch:38: loss:0.285770, seg_loss:0.2528, bm_loss:0.0015, ti_loss:0.0000
Epoch:39: loss:0.278910, seg_loss:0.2443, bm_loss:0.0005, ti_loss:0.0000
Epoch:40: loss:0.273328, seg_loss:0.4526, bm_loss:0.0011, ti_loss:0.0000
Saved checkpoint at epoch 40

Validating epoch 40 on all test datasets...
Testing on TN3K...
  TN3K - Dice: 0.8776, HD95: 11.5277
  TN3K - Benign/Malignant: Acc=0.7215, Prec=0.5100, Rec=0.3713, F1=0.4261, AUC=0.7990
  TN3K - TI-RADS: Acc=0.0000, Prec=0.0000, Rec=0.0000, F1=0.0000, AUC=0.0000
Testing on DDTI...
  DDTI - Dice: 0.7996, HD95: 19.7807
  DDTI - Benign/Malignant: Acc=0.0000, Prec=0.0000, Rec=0.0000, F1=0.0000, AUC=0.0000
  DDTI - TI-RADS: Acc=0.0000, Prec=0.0000, Rec=0.0000, F1=0.0000, AUC=0.0000
Testing on ThyroidXL...
  ThyroidXL - Dice: 0.8403, HD95: 9.8071
  ThyroidXL - Benign/Malignant: Acc=0.7933, Prec=0.7243, Rec=0.6898, F1=0.6759, AUC=0.8844
  ThyroidXL - TI-RADS: Acc=0.0000, Prec=0.0000, Rec=0.0000, F1=0.0000, AUC=0.0000
Testing on PKTN...
  PKTN - Dice: 0.8177, HD95: 12.5133
  PKTN - Benign/Malignant: Acc=0.0000, Prec=0.0000, Rec=0.0000, F1=0.0000, AUC=0.0000
  PKTN - TI-RADS: Acc=0.0000, Prec=0.0000, Rec=0.0000, F1=0.0000, AUC=0.0000
Testing on TN5K...
  TN5K - Dice: 0.7988, HD95: 13.1009
  TN5K - Benign/Malignant: Acc=0.7550, Prec=0.5842, Rec=0.5277, F1=0.5307, AUC=0.8128
  TN5K - TI-RADS: Acc=0.0000, Prec=0.0000, Rec=0.0000, F1=0.0000, AUC=0.0000
