Training started at Mon May 11 15:35:11 2026
Method: dino_unet
Dataset: train_multitask_LNMCN01_LymphUs
Epochs: 40
Target Key: LNM_CN01
LR: 5e-05
Batch Size: 12
Image Size: 224 x 224
DINO pretrained: True
Use Dilation: False
First sample: filename=10_Benign_center1.png, image=/mnt/wangbd8/workspace/DataSets/ThyroidAgent/Classifaction_Data/Lymph_Node_Metastasis_fake/images/10_Benign_center1.png, mask=/mnt/wangbd8/workspace/DataSets/ThyroidAgent/Classifaction_Data/Lymph_Node_Metastasis_fake/masks/10_Benign_center1.png, target=0
Training set - LNM_CN01: Negative=114 (54.29%), Positive=96 (45.71%), Missing=0
Auto-adjusted tau=0.30 (imbalance_ratio=1.19)
GLA parameters for LNM_CN01: p_neg=0.5429, p_pos=0.4571, tau=0.30
Logit adjustment magnitude: 0.0516
Loss weights: seg=1.0, cls=1.0
GA-MTL schedule per optimizer step: ['seg', 'cls']
steps_per_epoch (optimizer steps): 8
Epoch:1: seg_loss(avg):1.3689, cls_loss(avg):0.7194
Epoch:2: seg_loss(avg):1.3038, cls_loss(avg):0.6856
Saved checkpoint at epoch 2

Validating epoch 2 on all test datasets...
Testing on LNM_CN01_LymphUs...
  LNM_CN01_LymphUs - Dice: 0.0032, HD95: 190.1036
  LNM_CN01_LymphUs - LNM_CN01: Acc=0.5193, Prec=0.5193, Rec=1.0000, F1=0.6827, AUROC=0.7402, AUPRC=0.7767, ECE=0.1363
Epoch:3: seg_loss(avg):1.1669, cls_loss(avg):0.6071
Epoch:4: seg_loss(avg):0.9679, cls_loss(avg):0.4759
Saved checkpoint at epoch 4

Validating epoch 4 on all test datasets...
Testing on LNM_CN01_LymphUs...
  LNM_CN01_LymphUs - Dice: 0.7464, HD95: 33.4459
  LNM_CN01_LymphUs - LNM_CN01: Acc=0.6583, Prec=0.6188, Rec=0.8908, F1=0.7294, AUROC=0.7801, AUPRC=0.8133, ECE=0.1581
Epoch:5: seg_loss(avg):0.8246, cls_loss(avg):0.3923
Epoch:6: seg_loss(avg):0.7461, cls_loss(avg):0.3118
Saved checkpoint at epoch 6

Validating epoch 6 on all test datasets...
Testing on LNM_CN01_LymphUs...
  LNM_CN01_LymphUs - Dice: 0.8238, HD95: 21.2375
  LNM_CN01_LymphUs - LNM_CN01: Acc=0.7030, Prec=0.7285, Rec=0.6827, F1=0.7034, AUROC=0.7671, AUPRC=0.8110, ECE=0.1437
Epoch:7: seg_loss(avg):0.9088, cls_loss(avg):0.4493
Epoch:8: seg_loss(avg):0.7913, cls_loss(avg):0.3139
Saved checkpoint at epoch 8

Validating epoch 8 on all test datasets...
Testing on LNM_CN01_LymphUs...
  LNM_CN01_LymphUs - Dice: 0.7855, HD95: 22.8472
  LNM_CN01_LymphUs - LNM_CN01: Acc=0.6967, Prec=0.7309, Rec=0.6585, F1=0.6915, AUROC=0.7653, AUPRC=0.7777, ECE=0.1457
Epoch:9: seg_loss(avg):0.6361, cls_loss(avg):0.3381
Epoch:10: seg_loss(avg):0.6398, cls_loss(avg):0.2760
Saved checkpoint at epoch 10

Validating epoch 10 on all test datasets...
Testing on LNM_CN01_LymphUs...
  LNM_CN01_LymphUs - Dice: 0.8378, HD95: 17.2103
  LNM_CN01_LymphUs - LNM_CN01: Acc=0.6960, Prec=0.6701, Rec=0.8167, F1=0.7351, AUROC=0.7838, AUPRC=0.8147, ECE=0.1847
Epoch:11: seg_loss(avg):0.5803, cls_loss(avg):0.1873
Epoch:12: seg_loss(avg):0.5584, cls_loss(avg):0.2438
Saved checkpoint at epoch 12

Validating epoch 12 on all test datasets...
Testing on LNM_CN01_LymphUs...
  LNM_CN01_LymphUs - Dice: 0.8476, HD95: 14.1127
  LNM_CN01_LymphUs - LNM_CN01: Acc=0.7154, Prec=0.8256, Rec=0.5731, F1=0.6749, AUROC=0.7744, AUPRC=0.8052, ECE=0.2092
Epoch:13: seg_loss(avg):0.5470, cls_loss(avg):0.1773
Epoch:14: seg_loss(avg):0.5264, cls_loss(avg):0.1358
Saved checkpoint at epoch 14

Validating epoch 14 on all test datasets...
Testing on LNM_CN01_LymphUs...
  LNM_CN01_LymphUs - Dice: 0.8454, HD95: 14.1438
  LNM_CN01_LymphUs - LNM_CN01: Acc=0.6964, Prec=0.8551, Rec=0.5004, F1=0.6295, AUROC=0.7708, AUPRC=0.7960, ECE=0.2581
Epoch:15: seg_loss(avg):0.5130, cls_loss(avg):0.1098
Epoch:16: seg_loss(avg):0.5317, cls_loss(avg):0.1625
Saved checkpoint at epoch 16

Validating epoch 16 on all test datasets...
Testing on LNM_CN01_LymphUs...
  LNM_CN01_LymphUs - Dice: 0.8709, HD95: 12.3703
  LNM_CN01_LymphUs - LNM_CN01: Acc=0.7215, Prec=0.6761, Rec=0.8901, F1=0.7675, AUROC=0.8041, AUPRC=0.8254, ECE=0.2287
Epoch:17: seg_loss(avg):0.5078, cls_loss(avg):0.1213
Epoch:18: seg_loss(avg):0.4849, cls_loss(avg):0.0981
Saved checkpoint at epoch 18

Validating epoch 18 on all test datasets...
Testing on LNM_CN01_LymphUs...
  LNM_CN01_LymphUs - Dice: 0.8704, HD95: 12.5486
  LNM_CN01_LymphUs - LNM_CN01: Acc=0.6843, Prec=0.6437, Rec=0.8786, F1=0.7420, AUROC=0.8024, AUPRC=0.8272, ECE=0.2468
Epoch:19: seg_loss(avg):0.4802, cls_loss(avg):0.1321
Epoch:20: seg_loss(avg):0.4698, cls_loss(avg):0.0956
Saved checkpoint at epoch 20

Validating epoch 20 on all test datasets...
Testing on LNM_CN01_LymphUs...
  LNM_CN01_LymphUs - Dice: 0.8712, HD95: 10.7278
  LNM_CN01_LymphUs - LNM_CN01: Acc=0.7026, Prec=0.6701, Rec=0.8415, F1=0.7451, AUROC=0.8095, AUPRC=0.8383, ECE=0.2179
Epoch:21: seg_loss(avg):0.4648, cls_loss(avg):0.0528
Epoch:22: seg_loss(avg):0.4660, cls_loss(avg):0.0436
Saved checkpoint at epoch 22

Validating epoch 22 on all test datasets...
Testing on LNM_CN01_LymphUs...
  LNM_CN01_LymphUs - Dice: 0.8729, HD95: 10.5247
  LNM_CN01_LymphUs - LNM_CN01: Acc=0.7155, Prec=0.6994, Rec=0.7930, F1=0.7421, AUROC=0.8089, AUPRC=0.8266, ECE=0.2165
Epoch:23: seg_loss(avg):0.4413, cls_loss(avg):0.0377
Epoch:24: seg_loss(avg):0.4420, cls_loss(avg):0.0380
Saved checkpoint at epoch 24

Validating epoch 24 on all test datasets...
Testing on LNM_CN01_LymphUs...
  LNM_CN01_LymphUs - Dice: 0.8793, HD95: 10.1954
  LNM_CN01_LymphUs - LNM_CN01: Acc=0.7156, Prec=0.6954, Rec=0.8050, F1=0.7451, AUROC=0.8093, AUPRC=0.8242, ECE=0.2313
Epoch:25: seg_loss(avg):0.4358, cls_loss(avg):0.0320
Epoch:26: seg_loss(avg):0.4328, cls_loss(avg):0.0352
Saved checkpoint at epoch 26

Validating epoch 26 on all test datasets...
Testing on LNM_CN01_LymphUs...
  LNM_CN01_LymphUs - Dice: 0.8795, HD95: 10.2921
  LNM_CN01_LymphUs - LNM_CN01: Acc=0.7219, Prec=0.7070, Rec=0.7930, F1=0.7464, AUROC=0.8067, AUPRC=0.8180, ECE=0.2288
Epoch:27: seg_loss(avg):0.4280, cls_loss(avg):0.0295
Epoch:28: seg_loss(avg):0.4284, cls_loss(avg):0.0448
Saved checkpoint at epoch 28

Validating epoch 28 on all test datasets...
Testing on LNM_CN01_LymphUs...
  LNM_CN01_LymphUs - Dice: 0.8796, HD95: 9.7707
  LNM_CN01_LymphUs - LNM_CN01: Acc=0.7534, Prec=0.7596, Rec=0.7683, F1=0.7628, AUROC=0.8076, AUPRC=0.8193, ECE=0.1983
Epoch:29: seg_loss(avg):0.4183, cls_loss(avg):0.0312
Epoch:30: seg_loss(avg):0.4117, cls_loss(avg):0.0363
Saved checkpoint at epoch 30

Validating epoch 30 on all test datasets...
Testing on LNM_CN01_LymphUs...
  LNM_CN01_LymphUs - Dice: 0.8791, HD95: 9.9306
  LNM_CN01_LymphUs - LNM_CN01: Acc=0.7528, Prec=0.7867, Rec=0.7191, F1=0.7501, AUROC=0.8075, AUPRC=0.8166, ECE=0.2076
Epoch:31: seg_loss(avg):0.4216, cls_loss(avg):0.0292
Epoch:32: seg_loss(avg):0.4081, cls_loss(avg):0.0233
Saved checkpoint at epoch 32

Validating epoch 32 on all test datasets...
Testing on LNM_CN01_LymphUs...
  LNM_CN01_LymphUs - Dice: 0.8801, HD95: 9.6666
  LNM_CN01_LymphUs - LNM_CN01: Acc=0.7409, Prec=0.7420, Rec=0.7683, F1=0.7537, AUROC=0.8074, AUPRC=0.8118, ECE=0.2160
Epoch:33: seg_loss(avg):0.4091, cls_loss(avg):0.0256
Epoch:34: seg_loss(avg):0.4001, cls_loss(avg):0.0269
Saved checkpoint at epoch 34

Validating epoch 34 on all test datasets...
Testing on LNM_CN01_LymphUs...
  LNM_CN01_LymphUs - Dice: 0.8803, HD95: 9.6842
  LNM_CN01_LymphUs - LNM_CN01: Acc=0.7534, Prec=0.7596, Rec=0.7683, F1=0.7628, AUROC=0.8075, AUPRC=0.8133, ECE=0.2154
Epoch:35: seg_loss(avg):0.4147, cls_loss(avg):0.0439
Epoch:36: seg_loss(avg):0.3985, cls_loss(avg):0.0278
Saved checkpoint at epoch 36

Validating epoch 36 on all test datasets...
Testing on LNM_CN01_LymphUs...
  LNM_CN01_LymphUs - Dice: 0.8792, HD95: 9.6568
  LNM_CN01_LymphUs - LNM_CN01: Acc=0.7401, Prec=0.7732, Rec=0.7070, F1=0.7373, AUROC=0.8072, AUPRC=0.8162, ECE=0.2091
Epoch:37: seg_loss(avg):0.4137, cls_loss(avg):0.0288
Epoch:38: seg_loss(avg):0.4002, cls_loss(avg):0.0285
Saved checkpoint at epoch 38

Validating epoch 38 on all test datasets...
Testing on LNM_CN01_LymphUs...
  LNM_CN01_LymphUs - Dice: 0.8796, HD95: 9.6598
  LNM_CN01_LymphUs - LNM_CN01: Acc=0.7401, Prec=0.7732, Rec=0.7070, F1=0.7373, AUROC=0.8072, AUPRC=0.8162, ECE=0.2093
Epoch:39: seg_loss(avg):0.4099, cls_loss(avg):0.0256
Epoch:40: seg_loss(avg):0.4052, cls_loss(avg):0.0262
Saved checkpoint at epoch 40

Validating epoch 40 on all test datasets...
Testing on LNM_CN01_LymphUs...
  LNM_CN01_LymphUs - Dice: 0.8796, HD95: 9.6649
  LNM_CN01_LymphUs - LNM_CN01: Acc=0.7401, Prec=0.7732, Rec=0.7070, F1=0.7373, AUROC=0.8071, AUPRC=0.8158, ECE=0.2095

========== Evaluation Summary (All Test Records) ==========


Dataset: LNM_CN01_LymphUs
Eval epochs: [2, 4, 6, 8, 10, 12, 14, 16, 18, 20, 22, 24, 26, 28, 30, 32, 34, 36, 38, 40]
Dice per eval: [0.0031999999191612005, 0.746399998664856, 0.8238000273704529, 0.7854999899864197, 0.8378000259399414, 0.847599983215332, 0.8453999757766724, 0.8708999752998352, 0.8704000115394592, 0.8712000250816345, 0.8729000091552734, 0.8792999982833862, 0.8794999718666077, 0.8795999884605408, 0.8791000247001648, 0.8801000118255615, 0.880299985408783, 0.8791999816894531, 0.8795999884605408, 0.8795999884605408]
HD95 per eval: [190.10360717773438, 33.445899963378906, 21.237499237060547, 22.847200393676758, 17.21030044555664, 14.112700462341309, 14.143799781799316, 12.37030029296875, 12.548600196838379, 10.727800369262695, 10.524700164794922, 10.19540023803711, 10.292099952697754, 9.770700454711914, 9.9306001663208, 9.666600227355957, 9.684200286865234, 9.656800270080566, 9.659799575805664, 9.664899826049805]
Best Dice: 0.8803 at epoch 34
Best HD95: 9.6568 at epoch 36

LNM_CN01 metrics per eval:
  Acc:  [0.5193, 0.6583, 0.703, 0.6967, 0.696, 0.7154, 0.6964, 0.7215, 0.6843, 0.7026, 0.7155, 0.7156, 0.7219, 0.7534, 0.7528, 0.7409, 0.7534, 0.7401, 0.7401, 0.7401]
  Prec: [0.5193, 0.6188, 0.7285, 0.7309, 0.6701, 0.8256, 0.8551, 0.6761, 0.6437, 0.6701, 0.6994, 0.6954, 0.707, 0.7596, 0.7867, 0.742, 0.7596, 0.7732, 0.7732, 0.7732]
  Rec:  [1.0, 0.8908, 0.6827, 0.6585, 0.8167, 0.5731, 0.5004, 0.8901, 0.8786, 0.8415, 0.793, 0.805, 0.793, 0.7683, 0.7191, 0.7683, 0.7683, 0.707, 0.707, 0.707]
  F1:   [0.6827, 0.7294, 0.7034, 0.6915, 0.7351, 0.6749, 0.6295, 0.7675, 0.742, 0.7451, 0.7421, 0.7451, 0.7464, 0.7628, 0.7501, 0.7537, 0.7628, 0.7373, 0.7373, 0.7373]
  AUROC:[0.7402, 0.7801, 0.7671, 0.7653, 0.7838, 0.7744, 0.7708, 0.8041, 0.8024, 0.8095, 0.8089, 0.8093, 0.8067, 0.8076, 0.8075, 0.8074, 0.8075, 0.8072, 0.8072, 0.8071]
  AUPRC:[0.7767, 0.8133, 0.811, 0.7777, 0.8147, 0.8052, 0.796, 0.8254, 0.8272, 0.8383, 0.8266, 0.8242, 0.818, 0.8193, 0.8166, 0.8118, 0.8133, 0.8162, 0.8162, 0.8158]
  ECE:  [0.1363, 0.1581, 0.1437, 0.1457, 0.1847, 0.2092, 0.2581, 0.2287, 0.2468, 0.2179, 0.2165, 0.2313, 0.2288, 0.1983, 0.2076, 0.216, 0.2154, 0.2091, 0.2093, 0.2095]
Best LNM_CN01 F1: 0.7675 at epoch 16

==========================================================

========== Training Completed ==========
Training completed at Mon May 11 15:40:35 2026
