Training started at Sat Feb  7 15:52:40 2026
Method: dino_unet
Dataset: gamtl_train_multitask_dataset_2
Epochs: 50
LR: 0.0001
Batch Size: 12
Image Size: 224 x 224
DINO pretrained: False
Use Dilation: False
Training set - Benign/Malignant: Benign=7971 (65.69%), Malignant=4163 (34.31%)
Auto-adjusted tau=0.70 (imbalance_ratio=1.91)
GLA parameters: p_benign=0.6569, p_malignant=0.3431, tau=0.70
Logit adjustment magnitude: 0.4547
Training set - TI-RADS distribution (1-5): [0, 0, 0, 0, 0]
TI-RADS probabilities: [0.20000000298023224, 0.20000000298023224, 0.20000000298023224, 0.20000000298023224, 0.20000000298023224]
Loss weights: seg=1.0, bm=1.0, tirads=1.0
GA-MTL schedule per optimizer step: ['seg', 'bm']
steps_per_epoch (optimizer steps): 505
Epoch:1: seg_loss(avg):1.0594, bm_loss(avg):0.7340, tirads_loss(avg):0.0000
Epoch:2: seg_loss(avg):0.8756, bm_loss(avg):0.7257, tirads_loss(avg):0.0000
Epoch:3: seg_loss(avg):0.8070, bm_loss(avg):0.6972, tirads_loss(avg):0.0000
Epoch:4: seg_loss(avg):0.7700, bm_loss(avg):0.6781, tirads_loss(avg):0.0000
Epoch:5: seg_loss(avg):0.7407, bm_loss(avg):0.6528, tirads_loss(avg):0.0000
Saved checkpoint at epoch 5
Epoch:6: seg_loss(avg):0.7096, bm_loss(avg):0.6402, tirads_loss(avg):0.0000
Epoch:7: seg_loss(avg):0.6900, bm_loss(avg):0.6311, tirads_loss(avg):0.0000
Epoch:8: seg_loss(avg):0.6746, bm_loss(avg):0.6164, tirads_loss(avg):0.0000
Epoch:9: seg_loss(avg):0.6537, bm_loss(avg):0.6080, tirads_loss(avg):0.0000
Epoch:10: seg_loss(avg):0.6419, bm_loss(avg):0.5915, tirads_loss(avg):0.0000
Saved checkpoint at epoch 10
Epoch:11: seg_loss(avg):0.6319, bm_loss(avg):0.5967, tirads_loss(avg):0.0000
Epoch:12: seg_loss(avg):0.6194, bm_loss(avg):0.5783, tirads_loss(avg):0.0000
Epoch:13: seg_loss(avg):0.6088, bm_loss(avg):0.5645, tirads_loss(avg):0.0000
Epoch:14: seg_loss(avg):0.6032, bm_loss(avg):0.5722, tirads_loss(avg):0.0000
Epoch:15: seg_loss(avg):0.5899, bm_loss(avg):0.5456, tirads_loss(avg):0.0000
Saved checkpoint at epoch 15
Epoch:16: seg_loss(avg):0.5841, bm_loss(avg):0.5364, tirads_loss(avg):0.0000
Epoch:17: seg_loss(avg):0.5757, bm_loss(avg):0.5303, tirads_loss(avg):0.0000
Epoch:18: seg_loss(avg):0.5694, bm_loss(avg):0.5084, tirads_loss(avg):0.0000
Epoch:19: seg_loss(avg):0.5619, bm_loss(avg):0.5121, tirads_loss(avg):0.0000
Epoch:20: seg_loss(avg):0.5582, bm_loss(avg):0.4925, tirads_loss(avg):0.0000
Saved checkpoint at epoch 20
Epoch:21: seg_loss(avg):0.5552, bm_loss(avg):0.4842, tirads_loss(avg):0.0000
Epoch:22: seg_loss(avg):0.5462, bm_loss(avg):0.4680, tirads_loss(avg):0.0000
Epoch:23: seg_loss(avg):0.5390, bm_loss(avg):0.4559, tirads_loss(avg):0.0000
Epoch:24: seg_loss(avg):0.5380, bm_loss(avg):0.4565, tirads_loss(avg):0.0000
Epoch:25: seg_loss(avg):0.5366, bm_loss(avg):0.4518, tirads_loss(avg):0.0000
Saved checkpoint at epoch 25
Epoch:26: seg_loss(avg):0.5287, bm_loss(avg):0.4367, tirads_loss(avg):0.0000
Epoch:27: seg_loss(avg):0.5236, bm_loss(avg):0.4308, tirads_loss(avg):0.0000
Epoch:28: seg_loss(avg):0.5200, bm_loss(avg):0.4276, tirads_loss(avg):0.0000
Epoch:29: seg_loss(avg):0.5127, bm_loss(avg):0.4034, tirads_loss(avg):0.0000
Epoch:30: seg_loss(avg):0.5115, bm_loss(avg):0.3917, tirads_loss(avg):0.0000
Saved checkpoint at epoch 30
Epoch:31: seg_loss(avg):0.5062, bm_loss(avg):0.3913, tirads_loss(avg):0.0000
Epoch:32: seg_loss(avg):0.5041, bm_loss(avg):0.3769, tirads_loss(avg):0.0000
Epoch:33: seg_loss(avg):0.5002, bm_loss(avg):0.3593, tirads_loss(avg):0.0000
Epoch:34: seg_loss(avg):0.4990, bm_loss(avg):0.3605, tirads_loss(avg):0.0000
Epoch:35: seg_loss(avg):0.4934, bm_loss(avg):0.3432, tirads_loss(avg):0.0000
Saved checkpoint at epoch 35
Epoch:36: seg_loss(avg):0.4942, bm_loss(avg):0.3224, tirads_loss(avg):0.0000
Epoch:37: seg_loss(avg):0.4879, bm_loss(avg):0.3290, tirads_loss(avg):0.0000
Epoch:38: seg_loss(avg):0.4860, bm_loss(avg):0.3151, tirads_loss(avg):0.0000
Epoch:39: seg_loss(avg):0.4820, bm_loss(avg):0.3039, tirads_loss(avg):0.0000
Epoch:40: seg_loss(avg):0.4785, bm_loss(avg):0.2973, tirads_loss(avg):0.0000
Saved checkpoint at epoch 40
Epoch:41: seg_loss(avg):0.4815, bm_loss(avg):0.2909, tirads_loss(avg):0.0000
Epoch:42: seg_loss(avg):0.4756, bm_loss(avg):0.2782, tirads_loss(avg):0.0000
Epoch:43: seg_loss(avg):0.4771, bm_loss(avg):0.2759, tirads_loss(avg):0.0000
Epoch:44: seg_loss(avg):0.4741, bm_loss(avg):0.2654, tirads_loss(avg):0.0000
Epoch:45: seg_loss(avg):0.4764, bm_loss(avg):0.2724, tirads_loss(avg):0.0000
Saved checkpoint at epoch 45
Epoch:46: seg_loss(avg):0.4690, bm_loss(avg):0.2696, tirads_loss(avg):0.0000
Epoch:47: seg_loss(avg):0.4713, bm_loss(avg):0.2601, tirads_loss(avg):0.0000
Epoch:48: seg_loss(avg):0.4716, bm_loss(avg):0.2645, tirads_loss(avg):0.0000
Epoch:49: seg_loss(avg):0.4663, bm_loss(avg):0.2518, tirads_loss(avg):0.0000
Epoch:50: seg_loss(avg):0.4663, bm_loss(avg):0.2602, tirads_loss(avg):0.0000
Saved checkpoint at epoch 50

Validating epoch 50 on all test datasets...
Testing on TN3K...
  TN3K - Dice: 0.7163, HD95: 24.2573
  TN3K - BM: Acc=0.7602, Prec=0.7196, Rec=0.8258, F1=0.7688, AUROC=0.8403, AUPRC=0.8384
  TN3K - TI-RADS: Acc=0.0000, Prec=0.0000, Rec=0.0000, F1=0.0000, AUC=0.0000
Testing on DDTI...
  DDTI - Dice: 0.7323, HD95: 22.9171
  DDTI - BM: Acc=0.0000, Prec=0.0000, Rec=0.0000, F1=0.0000, AUROC=0.0000, AUPRC=0.0000
  DDTI - TI-RADS: Acc=0.0000, Prec=0.0000, Rec=0.0000, F1=0.0000, AUC=0.0000
Testing on ThyroidXL...
  ThyroidXL - Dice: 0.8292, HD95: 9.3938
  ThyroidXL - BM: Acc=0.7976, Prec=0.6360, Rec=0.5796, F1=0.6062, AUROC=0.8433, AUPRC=0.6588
  ThyroidXL - TI-RADS: Acc=0.0000, Prec=0.0000, Rec=0.0000, F1=0.0000, AUC=0.0000
Testing on PKTN...
  PKTN - Dice: 0.6791, HD95: 25.7048
  PKTN - BM: Acc=0.0000, Prec=0.0000, Rec=0.0000, F1=0.0000, AUROC=0.0000, AUPRC=0.0000
  PKTN - TI-RADS: Acc=0.0000, Prec=0.0000, Rec=0.0000, F1=0.0000, AUC=0.0000
Testing on TN5K...
  TN5K - Dice: 0.6258, HD95: 24.7454
  TN5K - BM: Acc=0.6266, Prec=0.7301, Rec=0.7459, F1=0.7376, AUROC=0.5582, AUPRC=0.7550
  TN5K - TI-RADS: Acc=0.0000, Prec=0.0000, Rec=0.0000, F1=0.0000, AUC=0.0000
Testing on Cine-Clip...
  Cine-Clip - Dice: 0.4965, HD95: 43.9224
  Cine-Clip - BM: Acc=0.8201, Prec=0.1052, Rec=0.0674, F1=0.0820, AUROC=0.5706, AUPRC=0.1371
  Cine-Clip - TI-RADS: Acc=0.4235, Prec=0.1787, Rec=0.2083, F1=0.1370, AUC=0.4892

========== Evaluation Summary (All Test Records) ==========

Dataset: TN3K
Eval epochs: [50]
Dice per eval: [0.7163000106811523]
HD95 per eval: [24.257299423217773]
Best Dice: 0.7163 at epoch 50
Best HD95: 24.2573 at epoch 50

BM metrics per eval:
  Acc:  [0.7602]
  Prec: [0.7196]
  Rec:  [0.8258]
  F1:   [0.7688]
  AUROC:[0.8403]
  AUPRC:[0.8384]
Best BM F1: 0.7688 at epoch 50

TI-RADS metrics per eval:
  Acc:  [0.0]
  Prec: [0.0]
  Rec:  [0.0]
  F1:   [0.0]
  AUC:  [0.0]
Best TI-RADS F1: 0.0000 at epoch 50

Dataset: DDTI
Eval epochs: [50]
Dice per eval: [0.7322999835014343]
HD95 per eval: [22.91710090637207]
Best Dice: 0.7323 at epoch 50
Best HD95: 22.9171 at epoch 50

BM metrics per eval:
  Acc:  [0.0]
  Prec: [0.0]
  Rec:  [0.0]
  F1:   [0.0]
  AUROC:[0.0]
  AUPRC:[0.0]
Best BM F1: 0.0000 at epoch 50

TI-RADS metrics per eval:
  Acc:  [0.0]
  Prec: [0.0]
  Rec:  [0.0]
  F1:   [0.0]
  AUC:  [0.0]
Best TI-RADS F1: 0.0000 at epoch 50

Dataset: ThyroidXL
Eval epochs: [50]
Dice per eval: [0.829200029373169]
HD95 per eval: [9.393799781799316]
Best Dice: 0.8292 at epoch 50
Best HD95: 9.3938 at epoch 50

BM metrics per eval:
  Acc:  [0.7976]
  Prec: [0.636]
  Rec:  [0.5796]
  F1:   [0.6062]
  AUROC:[0.8433]
  AUPRC:[0.6588]
Best BM F1: 0.6062 at epoch 50

TI-RADS metrics per eval:
  Acc:  [0.0]
  Prec: [0.0]
  Rec:  [0.0]
  F1:   [0.0]
  AUC:  [0.0]
Best TI-RADS F1: 0.0000 at epoch 50

Dataset: PKTN
Eval epochs: [50]
Dice per eval: [0.679099977016449]
HD95 per eval: [25.70479965209961]
Best Dice: 0.6791 at epoch 50
Best HD95: 25.7048 at epoch 50

BM metrics per eval:
  Acc:  [0.0]
  Prec: [0.0]
  Rec:  [0.0]
  F1:   [0.0]
  AUROC:[0.0]
  AUPRC:[0.0]
Best BM F1: 0.0000 at epoch 50

TI-RADS metrics per eval:
  Acc:  [0.0]
  Prec: [0.0]
  Rec:  [0.0]
  F1:   [0.0]
  AUC:  [0.0]
Best TI-RADS F1: 0.0000 at epoch 50

Dataset: TN5K
Eval epochs: [50]
Dice per eval: [0.6258000135421753]
HD95 per eval: [24.745399475097656]
Best Dice: 0.6258 at epoch 50
Best HD95: 24.7454 at epoch 50

BM metrics per eval:
  Acc:  [0.6266]
  Prec: [0.7301]
  Rec:  [0.7459]
  F1:   [0.7376]
  AUROC:[0.5582]
  AUPRC:[0.755]
Best BM F1: 0.7376 at epoch 50

TI-RADS metrics per eval:
  Acc:  [0.0]
  Prec: [0.0]
  Rec:  [0.0]
  F1:   [0.0]
  AUC:  [0.0]
Best TI-RADS F1: 0.0000 at epoch 50

Dataset: Cine-Clip
Eval epochs: [50]
Dice per eval: [0.4964999854564667]
HD95 per eval: [43.922401428222656]
Best Dice: 0.4965 at epoch 50
Best HD95: 43.9224 at epoch 50

BM metrics per eval:
  Acc:  [0.8201]
  Prec: [0.1052]
  Rec:  [0.0674]
  F1:   [0.082]
  AUROC:[0.5706]
  AUPRC:[0.1371]
Best BM F1: 0.0820 at epoch 50

TI-RADS metrics per eval:
  Acc:  [0.4235]
  Prec: [0.1787]
  Rec:  [0.2083]
  F1:   [0.137]
  AUC:  [0.4892]
Best TI-RADS F1: 0.1370 at epoch 50

==========================================================

========== Training Completed ==========
Training completed at Sat Feb  7 17:33:11 2026
