Training started at Wed Jan 14 23:02:22 2026
Method: dino_unet
Dataset: gamtl_train_multitask_dataset2
Epochs: 50
LR: 0.0001
Batch Size: 12
Image Size: 224 x 224
DINO pretrained: True
Use Dilation: False
Training set - Benign/Malignant: Benign=9383 (65.73%), Malignant=4891 (34.27%)
Auto-adjusted tau=0.70 (imbalance_ratio=1.92)
GLA parameters: p_benign=0.6573, p_malignant=0.3427, tau=0.70
Logit adjustment magnitude: 0.4561
Training set - TI-RADS distribution (1-5): [0, 0, 0, 0, 0]
TI-RADS probabilities: [0.20000000298023224, 0.20000000298023224, 0.20000000298023224, 0.20000000298023224, 0.20000000298023224]
Loss weights: seg=1.0, bm=1.0, tirads=1.0
GA-MTL schedule per optimizer step: ['seg', 'bm']
steps_per_epoch (optimizer steps): 594
Epoch:1: seg_loss(avg):0.6090, bm_loss(avg):0.5932, tirads_loss(avg):0.0000
Epoch:2: seg_loss(avg):0.4818, bm_loss(avg):0.4657, tirads_loss(avg):0.0000
Epoch:3: seg_loss(avg):0.4525, bm_loss(avg):0.4079, tirads_loss(avg):0.0000
Epoch:4: seg_loss(avg):0.4392, bm_loss(avg):0.3704, tirads_loss(avg):0.0000
Epoch:5: seg_loss(avg):0.4292, bm_loss(avg):0.3634, tirads_loss(avg):0.0000
Saved checkpoint at epoch 5

Validating epoch 5 on all test datasets...
Testing on TN3K...
  TN3K - Dice: 0.8146, HD95: 13.4604
  TN3K - BM: Acc=0.7069, Prec=0.6122, Rec=0.6486, F1=0.6294, AUROC=0.7670, AUPRC=0.6899
  TN3K - TI-RADS: Acc=0.0000, Prec=0.0000, Rec=0.0000, F1=0.0000, AUC=0.0000
Testing on DDTI...
  DDTI - Dice: 0.7704, HD95: 18.9121
  DDTI - BM: Acc=0.0000, Prec=0.0000, Rec=0.0000, F1=0.0000, AUROC=0.0000, AUPRC=0.0000
  DDTI - TI-RADS: Acc=0.0000, Prec=0.0000, Rec=0.0000, F1=0.0000, AUC=0.0000
Testing on ThyroidXL...
  ThyroidXL - Dice: 0.8567, HD95: 6.9353
  ThyroidXL - BM: Acc=0.8035, Prec=0.8978, Rec=0.6508, F1=0.7545, AUROC=0.9259, AUPRC=0.9026
  ThyroidXL - TI-RADS: Acc=0.0000, Prec=0.0000, Rec=0.0000, F1=0.0000, AUC=0.0000
Testing on PKTN...
  PKTN - Dice: 0.7568, HD95: 16.1908
  PKTN - BM: Acc=0.0000, Prec=0.0000, Rec=0.0000, F1=0.0000, AUROC=0.0000, AUPRC=0.0000
  PKTN - TI-RADS: Acc=0.0000, Prec=0.0000, Rec=0.0000, F1=0.0000, AUC=0.0000
Testing on TN5K...
  TN5K - Dice: 0.7059, HD95: 17.5665
  TN5K - BM: Acc=0.7525, Prec=0.8829, Rec=0.7626, F1=0.8182, AUROC=0.8275, AUPRC=0.9324
  TN5K - TI-RADS: Acc=0.0000, Prec=0.0000, Rec=0.0000, F1=0.0000, AUC=0.0000
Epoch:6: seg_loss(avg):0.4223, bm_loss(avg):0.3265, tirads_loss(avg):0.0000
Epoch:7: seg_loss(avg):0.4160, bm_loss(avg):0.3131, tirads_loss(avg):0.0000
Epoch:8: seg_loss(avg):0.4071, bm_loss(avg):0.2974, tirads_loss(avg):0.0000
Epoch:9: seg_loss(avg):0.4031, bm_loss(avg):0.2739, tirads_loss(avg):0.0000
Epoch:10: seg_loss(avg):0.3986, bm_loss(avg):0.2634, tirads_loss(avg):0.0000
Saved checkpoint at epoch 10

Validating epoch 10 on all test datasets...
Testing on TN3K...
  TN3K - Dice: 0.8156, HD95: 13.6923
  TN3K - BM: Acc=0.7213, Prec=0.6254, Rec=0.6864, F1=0.6540, AUROC=0.7893, AUPRC=0.7325
  TN3K - TI-RADS: Acc=0.0000, Prec=0.0000, Rec=0.0000, F1=0.0000, AUC=0.0000
Testing on DDTI...
  DDTI - Dice: 0.7620, HD95: 20.1339
  DDTI - BM: Acc=0.0000, Prec=0.0000, Rec=0.0000, F1=0.0000, AUROC=0.0000, AUPRC=0.0000
  DDTI - TI-RADS: Acc=0.0000, Prec=0.0000, Rec=0.0000, F1=0.0000, AUC=0.0000
Testing on ThyroidXL...
  ThyroidXL - Dice: 0.8583, HD95: 6.6192
  ThyroidXL - BM: Acc=0.8610, Prec=0.8541, Rec=0.8451, F1=0.8495, AUROC=0.9303, AUPRC=0.9156
  ThyroidXL - TI-RADS: Acc=0.0000, Prec=0.0000, Rec=0.0000, F1=0.0000, AUC=0.0000
Testing on PKTN...
  PKTN - Dice: 0.7778, HD95: 14.2413
  PKTN - BM: Acc=0.0000, Prec=0.0000, Rec=0.0000, F1=0.0000, AUROC=0.0000, AUPRC=0.0000
  PKTN - TI-RADS: Acc=0.0000, Prec=0.0000, Rec=0.0000, F1=0.0000, AUC=0.0000
Testing on TN5K...
  TN5K - Dice: 0.7230, HD95: 14.6946
  TN5K - BM: Acc=0.7801, Prec=0.9309, Rec=0.7552, F1=0.8338, AUROC=0.8819, AUPRC=0.9525
  TN5K - TI-RADS: Acc=0.0000, Prec=0.0000, Rec=0.0000, F1=0.0000, AUC=0.0000
Epoch:11: seg_loss(avg):0.3936, bm_loss(avg):0.2504, tirads_loss(avg):0.0000
Epoch:12: seg_loss(avg):0.3856, bm_loss(avg):0.2215, tirads_loss(avg):0.0000
Epoch:13: seg_loss(avg):0.3880, bm_loss(avg):0.2135, tirads_loss(avg):0.0000
Epoch:14: seg_loss(avg):0.3798, bm_loss(avg):0.2013, tirads_loss(avg):0.0000
Epoch:15: seg_loss(avg):0.3826, bm_loss(avg):0.1983, tirads_loss(avg):0.0000
Saved checkpoint at epoch 15

Validating epoch 15 on all test datasets...
Testing on TN3K...
  TN3K - Dice: 0.8136, HD95: 14.9060
  TN3K - BM: Acc=0.7182, Prec=0.6174, Rec=0.7028, F1=0.6568, AUROC=0.8030, AUPRC=0.7307
  TN3K - TI-RADS: Acc=0.0000, Prec=0.0000, Rec=0.0000, F1=0.0000, AUC=0.0000
Testing on DDTI...
  DDTI - Dice: 0.7424, HD95: 21.1515
  DDTI - BM: Acc=0.0000, Prec=0.0000, Rec=0.0000, F1=0.0000, AUROC=0.0000, AUPRC=0.0000
  DDTI - TI-RADS: Acc=0.0000, Prec=0.0000, Rec=0.0000, F1=0.0000, AUC=0.0000
Testing on ThyroidXL...
  ThyroidXL - Dice: 0.8601, HD95: 6.2366
  ThyroidXL - BM: Acc=0.8252, Prec=0.8823, Rec=0.7196, F1=0.7926, AUROC=0.9317, AUPRC=0.9162
  ThyroidXL - TI-RADS: Acc=0.0000, Prec=0.0000, Rec=0.0000, F1=0.0000, AUC=0.0000
Testing on PKTN...
  PKTN - Dice: 0.7684, HD95: 16.1871
  PKTN - BM: Acc=0.0000, Prec=0.0000, Rec=0.0000, F1=0.0000, AUROC=0.0000, AUPRC=0.0000
  PKTN - TI-RADS: Acc=0.0000, Prec=0.0000, Rec=0.0000, F1=0.0000, AUC=0.0000
Testing on TN5K...
  TN5K - Dice: 0.7006, HD95: 21.1217
  TN5K - BM: Acc=0.7932, Prec=0.9200, Rec=0.7853, F1=0.8473, AUROC=0.8607, AUPRC=0.9417
  TN5K - TI-RADS: Acc=0.0000, Prec=0.0000, Rec=0.0000, F1=0.0000, AUC=0.0000
Epoch:16: seg_loss(avg):0.3778, bm_loss(avg):0.1754, tirads_loss(avg):0.0000
Epoch:17: seg_loss(avg):0.3699, bm_loss(avg):0.1696, tirads_loss(avg):0.0000
Epoch:18: seg_loss(avg):0.3663, bm_loss(avg):0.1537, tirads_loss(avg):0.0000
Epoch:19: seg_loss(avg):0.3654, bm_loss(avg):0.1481, tirads_loss(avg):0.0000
Epoch:20: seg_loss(avg):0.3640, bm_loss(avg):0.1351, tirads_loss(avg):0.0000
Saved checkpoint at epoch 20

Validating epoch 20 on all test datasets...
Testing on TN3K...
  TN3K - Dice: 0.8177, HD95: 13.6592
  TN3K - BM: Acc=0.7248, Prec=0.6065, Rec=0.8097, F1=0.6931, AUROC=0.8148, AUPRC=0.7369
  TN3K - TI-RADS: Acc=0.0000, Prec=0.0000, Rec=0.0000, F1=0.0000, AUC=0.0000
Testing on DDTI...
  DDTI - Dice: 0.7276, HD95: 22.7049
  DDTI - BM: Acc=0.0000, Prec=0.0000, Rec=0.0000, F1=0.0000, AUROC=0.0000, AUPRC=0.0000
  DDTI - TI-RADS: Acc=0.0000, Prec=0.0000, Rec=0.0000, F1=0.0000, AUC=0.0000
Testing on ThyroidXL...
  ThyroidXL - Dice: 0.8650, HD95: 6.1545
  ThyroidXL - BM: Acc=0.8496, Prec=0.8281, Rec=0.8533, F1=0.8405, AUROC=0.9269, AUPRC=0.9153
  ThyroidXL - TI-RADS: Acc=0.0000, Prec=0.0000, Rec=0.0000, F1=0.0000, AUC=0.0000
Testing on PKTN...
  PKTN - Dice: 0.7873, HD95: 13.4483
  PKTN - BM: Acc=0.0000, Prec=0.0000, Rec=0.0000, F1=0.0000, AUROC=0.0000, AUPRC=0.0000
  PKTN - TI-RADS: Acc=0.0000, Prec=0.0000, Rec=0.0000, F1=0.0000, AUC=0.0000
Testing on TN5K...
  TN5K - Dice: 0.7233, HD95: 16.1671
  TN5K - BM: Acc=0.8050, Prec=0.8350, Rec=0.9139, F1=0.8726, AUROC=0.8423, AUPRC=0.9290
  TN5K - TI-RADS: Acc=0.0000, Prec=0.0000, Rec=0.0000, F1=0.0000, AUC=0.0000
Epoch:21: seg_loss(avg):0.3554, bm_loss(avg):0.1136, tirads_loss(avg):0.0000
Epoch:22: seg_loss(avg):0.3551, bm_loss(avg):0.1065, tirads_loss(avg):0.0000
Epoch:23: seg_loss(avg):0.3487, bm_loss(avg):0.1052, tirads_loss(avg):0.0000
Epoch:24: seg_loss(avg):0.3453, bm_loss(avg):0.0900, tirads_loss(avg):0.0000
Epoch:25: seg_loss(avg):0.3436, bm_loss(avg):0.0820, tirads_loss(avg):0.0000
Saved checkpoint at epoch 25

Validating epoch 25 on all test datasets...
Testing on TN3K...
  TN3K - Dice: 0.8212, HD95: 13.7438
  TN3K - BM: Acc=0.7084, Prec=0.6045, Rec=0.6996, F1=0.6481, AUROC=0.7857, AUPRC=0.7352
  TN3K - TI-RADS: Acc=0.0000, Prec=0.0000, Rec=0.0000, F1=0.0000, AUC=0.0000
Testing on DDTI...
  DDTI - Dice: 0.7481, HD95: 20.7730
  DDTI - BM: Acc=0.0000, Prec=0.0000, Rec=0.0000, F1=0.0000, AUROC=0.0000, AUPRC=0.0000
  DDTI - TI-RADS: Acc=0.0000, Prec=0.0000, Rec=0.0000, F1=0.0000, AUC=0.0000
Testing on ThyroidXL...
  ThyroidXL - Dice: 0.8664, HD95: 6.0568
  ThyroidXL - BM: Acc=0.8347, Prec=0.8938, Rec=0.7309, F1=0.8041, AUROC=0.9315, AUPRC=0.9186
  ThyroidXL - TI-RADS: Acc=0.0000, Prec=0.0000, Rec=0.0000, F1=0.0000, AUC=0.0000
Testing on PKTN...
  PKTN - Dice: 0.7856, HD95: 14.2560
  PKTN - BM: Acc=0.0000, Prec=0.0000, Rec=0.0000, F1=0.0000, AUROC=0.0000, AUPRC=0.0000
  PKTN - TI-RADS: Acc=0.0000, Prec=0.0000, Rec=0.0000, F1=0.0000, AUC=0.0000
Testing on TN5K...
  TN5K - Dice: 0.7307, HD95: 16.8779
  TN5K - BM: Acc=0.7801, Prec=0.9035, Rec=0.7829, F1=0.8388, AUROC=0.8503, AUPRC=0.9383
  TN5K - TI-RADS: Acc=0.0000, Prec=0.0000, Rec=0.0000, F1=0.0000, AUC=0.0000
Epoch:26: seg_loss(avg):0.3378, bm_loss(avg):0.0699, tirads_loss(avg):0.0000
Epoch:27: seg_loss(avg):0.3362, bm_loss(avg):0.0678, tirads_loss(avg):0.0000
Epoch:28: seg_loss(avg):0.3336, bm_loss(avg):0.0667, tirads_loss(avg):0.0000
Epoch:29: seg_loss(avg):0.3306, bm_loss(avg):0.0568, tirads_loss(avg):0.0000
Epoch:30: seg_loss(avg):0.3265, bm_loss(avg):0.0517, tirads_loss(avg):0.0000
Saved checkpoint at epoch 30

Validating epoch 30 on all test datasets...
Testing on TN3K...
  TN3K - Dice: 0.8235, HD95: 13.7886
  TN3K - BM: Acc=0.6905, Prec=0.5828, Rec=0.6866, F1=0.6300, AUROC=0.7507, AUPRC=0.6983
  TN3K - TI-RADS: Acc=0.0000, Prec=0.0000, Rec=0.0000, F1=0.0000, AUC=0.0000
Testing on DDTI...
  DDTI - Dice: 0.7681, HD95: 18.7644
  DDTI - BM: Acc=0.0000, Prec=0.0000, Rec=0.0000, F1=0.0000, AUROC=0.0000, AUPRC=0.0000
  DDTI - TI-RADS: Acc=0.0000, Prec=0.0000, Rec=0.0000, F1=0.0000, AUC=0.0000
Testing on ThyroidXL...
  ThyroidXL - Dice: 0.8659, HD95: 6.1267
  ThyroidXL - BM: Acc=0.8339, Prec=0.8823, Rec=0.7411, F1=0.8055, AUROC=0.9281, AUPRC=0.9127
  ThyroidXL - TI-RADS: Acc=0.0000, Prec=0.0000, Rec=0.0000, F1=0.0000, AUC=0.0000
Testing on PKTN...
  PKTN - Dice: 0.7861, HD95: 14.0289
  PKTN - BM: Acc=0.0000, Prec=0.0000, Rec=0.0000, F1=0.0000, AUROC=0.0000, AUPRC=0.0000
  PKTN - TI-RADS: Acc=0.0000, Prec=0.0000, Rec=0.0000, F1=0.0000, AUC=0.0000
Testing on TN5K...
  TN5K - Dice: 0.7345, HD95: 16.6226
  TN5K - BM: Acc=0.7525, Prec=0.8993, Rec=0.7448, F1=0.8147, AUROC=0.8304, AUPRC=0.9339
  TN5K - TI-RADS: Acc=0.0000, Prec=0.0000, Rec=0.0000, F1=0.0000, AUC=0.0000
Epoch:31: seg_loss(avg):0.3183, bm_loss(avg):0.0450, tirads_loss(avg):0.0000
Epoch:32: seg_loss(avg):0.3191, bm_loss(avg):0.0355, tirads_loss(avg):0.0000
Epoch:33: seg_loss(avg):0.3140, bm_loss(avg):0.0338, tirads_loss(avg):0.0000
Epoch:34: seg_loss(avg):0.3141, bm_loss(avg):0.0340, tirads_loss(avg):0.0000
Epoch:35: seg_loss(avg):0.3099, bm_loss(avg):0.0291, tirads_loss(avg):0.0000
Saved checkpoint at epoch 35

Validating epoch 35 on all test datasets...
Testing on TN3K...
  TN3K - Dice: 0.8346, HD95: 12.2693
  TN3K - BM: Acc=0.6324, Prec=0.5148, Rec=0.7673, F1=0.6157, AUROC=0.7476, AUPRC=0.6798
  TN3K - TI-RADS: Acc=0.0000, Prec=0.0000, Rec=0.0000, F1=0.0000, AUC=0.0000
Testing on DDTI...
  DDTI - Dice: 0.7616, HD95: 19.6123
  DDTI - BM: Acc=0.0000, Prec=0.0000, Rec=0.0000, F1=0.0000, AUROC=0.0000, AUPRC=0.0000
  DDTI - TI-RADS: Acc=0.0000, Prec=0.0000, Rec=0.0000, F1=0.0000, AUC=0.0000
Testing on ThyroidXL...
  ThyroidXL - Dice: 0.8707, HD95: 5.7018
  ThyroidXL - BM: Acc=0.8448, Prec=0.8756, Rec=0.7761, F1=0.8228, AUROC=0.9307, AUPRC=0.9154
  ThyroidXL - TI-RADS: Acc=0.0000, Prec=0.0000, Rec=0.0000, F1=0.0000, AUC=0.0000
Testing on PKTN...
  PKTN - Dice: 0.7954, HD95: 12.8313
  PKTN - BM: Acc=0.0000, Prec=0.0000, Rec=0.0000, F1=0.0000, AUROC=0.0000, AUPRC=0.0000
  PKTN - TI-RADS: Acc=0.0000, Prec=0.0000, Rec=0.0000, F1=0.0000, AUC=0.0000
Testing on TN5K...
  TN5K - Dice: 0.7530, HD95: 14.2271
  TN5K - BM: Acc=0.7915, Prec=0.8667, Rec=0.8446, F1=0.8554, AUROC=0.8365, AUPRC=0.9308
  TN5K - TI-RADS: Acc=0.0000, Prec=0.0000, Rec=0.0000, F1=0.0000, AUC=0.0000
Epoch:36: seg_loss(avg):0.3023, bm_loss(avg):0.0308, tirads_loss(avg):0.0000
Epoch:37: seg_loss(avg):0.3047, bm_loss(avg):0.0310, tirads_loss(avg):0.0000
Epoch:38: seg_loss(avg):0.2974, bm_loss(avg):0.0268, tirads_loss(avg):0.0000
Epoch:39: seg_loss(avg):0.2943, bm_loss(avg):0.0185, tirads_loss(avg):0.0000
Epoch:40: seg_loss(avg):0.2926, bm_loss(avg):0.0201, tirads_loss(avg):0.0000
Saved checkpoint at epoch 40

Validating epoch 40 on all test datasets...
Testing on TN3K...
  TN3K - Dice: 0.8348, HD95: 11.6023
  TN3K - BM: Acc=0.6662, Prec=0.5471, Rec=0.7669, F1=0.6382, AUROC=0.7624, AUPRC=0.6987
  TN3K - TI-RADS: Acc=0.0000, Prec=0.0000, Rec=0.0000, F1=0.0000, AUC=0.0000
Testing on DDTI...
  DDTI - Dice: 0.7554, HD95: 18.8401
  DDTI - BM: Acc=0.0000, Prec=0.0000, Rec=0.0000, F1=0.0000, AUROC=0.0000, AUPRC=0.0000
  DDTI - TI-RADS: Acc=0.0000, Prec=0.0000, Rec=0.0000, F1=0.0000, AUC=0.0000
Testing on ThyroidXL...
  ThyroidXL - Dice: 0.8720, HD95: 5.5196
  ThyroidXL - BM: Acc=0.8497, Prec=0.8704, Rec=0.7947, F1=0.8308, AUROC=0.9314, AUPRC=0.9197
  ThyroidXL - TI-RADS: Acc=0.0000, Prec=0.0000, Rec=0.0000, F1=0.0000, AUC=0.0000
Testing on PKTN...
  PKTN - Dice: 0.7985, HD95: 11.9383
  PKTN - BM: Acc=0.0000, Prec=0.0000, Rec=0.0000, F1=0.0000, AUROC=0.0000, AUPRC=0.0000
  PKTN - TI-RADS: Acc=0.0000, Prec=0.0000, Rec=0.0000, F1=0.0000, AUC=0.0000
Testing on TN5K...
  TN5K - Dice: 0.7583, HD95: 13.0247
  TN5K - BM: Acc=0.7813, Prec=0.8722, Rec=0.8212, F1=0.8458, AUROC=0.8313, AUPRC=0.9235
  TN5K - TI-RADS: Acc=0.0000, Prec=0.0000, Rec=0.0000, F1=0.0000, AUC=0.0000
Epoch:41: seg_loss(avg):0.2902, bm_loss(avg):0.0177, tirads_loss(avg):0.0000
Epoch:42: seg_loss(avg):0.2898, bm_loss(avg):0.0122, tirads_loss(avg):0.0000
Epoch:43: seg_loss(avg):0.2864, bm_loss(avg):0.0173, tirads_loss(avg):0.0000
Epoch:44: seg_loss(avg):0.2823, bm_loss(avg):0.0108, tirads_loss(avg):0.0000
Epoch:45: seg_loss(avg):0.2841, bm_loss(avg):0.0131, tirads_loss(avg):0.0000
Saved checkpoint at epoch 45

Validating epoch 45 on all test datasets...
Testing on TN3K...
  TN3K - Dice: 0.8354, HD95: 11.2026
  TN3K - BM: Acc=0.6874, Prec=0.5722, Rec=0.7416, F1=0.6455, AUROC=0.7739, AUPRC=0.7034
  TN3K - TI-RADS: Acc=0.0000, Prec=0.0000, Rec=0.0000, F1=0.0000, AUC=0.0000
Testing on DDTI...
  DDTI - Dice: 0.7600, HD95: 18.9045
  DDTI - BM: Acc=0.0000, Prec=0.0000, Rec=0.0000, F1=0.0000, AUROC=0.0000, AUPRC=0.0000
  DDTI - TI-RADS: Acc=0.0000, Prec=0.0000, Rec=0.0000, F1=0.0000, AUC=0.0000
Testing on ThyroidXL...
  ThyroidXL - Dice: 0.8723, HD95: 5.5670
  ThyroidXL - BM: Acc=0.8372, Prec=0.8833, Rec=0.7483, F1=0.8101, AUROC=0.9290, AUPRC=0.9170
  ThyroidXL - TI-RADS: Acc=0.0000, Prec=0.0000, Rec=0.0000, F1=0.0000, AUC=0.0000
Testing on PKTN...
  PKTN - Dice: 0.7979, HD95: 12.2207
  PKTN - BM: Acc=0.0000, Prec=0.0000, Rec=0.0000, F1=0.0000, AUROC=0.0000, AUPRC=0.0000
  PKTN - TI-RADS: Acc=0.0000, Prec=0.0000, Rec=0.0000, F1=0.0000, AUC=0.0000
Testing on TN5K...
  TN5K - Dice: 0.7573, HD95: 13.6012
  TN5K - BM: Acc=0.7934, Prec=0.8777, Rec=0.8335, F1=0.8550, AUROC=0.8395, AUPRC=0.9293
  TN5K - TI-RADS: Acc=0.0000, Prec=0.0000, Rec=0.0000, F1=0.0000, AUC=0.0000
Epoch:46: seg_loss(avg):0.2804, bm_loss(avg):0.0112, tirads_loss(avg):0.0000
Epoch:47: seg_loss(avg):0.2793, bm_loss(avg):0.0101, tirads_loss(avg):0.0000
Epoch:48: seg_loss(avg):0.2781, bm_loss(avg):0.0061, tirads_loss(avg):0.0000
Epoch:49: seg_loss(avg):0.2807, bm_loss(avg):0.0117, tirads_loss(avg):0.0000
Epoch:50: seg_loss(avg):0.2820, bm_loss(avg):0.0088, tirads_loss(avg):0.0000
Saved checkpoint at epoch 50

Validating epoch 50 on all test datasets...
Testing on TN3K...
  TN3K - Dice: 0.8349, HD95: 11.4125
  TN3K - BM: Acc=0.6859, Prec=0.5744, Rec=0.7080, F1=0.6337, AUROC=0.7750, AUPRC=0.7072
  TN3K - TI-RADS: Acc=0.0000, Prec=0.0000, Rec=0.0000, F1=0.0000, AUC=0.0000
Testing on DDTI...
  DDTI - Dice: 0.7612, HD95: 18.5809
  DDTI - BM: Acc=0.0000, Prec=0.0000, Rec=0.0000, F1=0.0000, AUROC=0.0000, AUPRC=0.0000
  DDTI - TI-RADS: Acc=0.0000, Prec=0.0000, Rec=0.0000, F1=0.0000, AUC=0.0000
Testing on ThyroidXL...
  ThyroidXL - Dice: 0.8723, HD95: 5.5711
  ThyroidXL - BM: Acc=0.8329, Prec=0.8887, Rec=0.7318, F1=0.8026, AUROC=0.9278, AUPRC=0.9163
  ThyroidXL - TI-RADS: Acc=0.0000, Prec=0.0000, Rec=0.0000, F1=0.0000, AUC=0.0000
Testing on PKTN...
  PKTN - Dice: 0.7979, HD95: 12.2966
  PKTN - BM: Acc=0.0000, Prec=0.0000, Rec=0.0000, F1=0.0000, AUROC=0.0000, AUPRC=0.0000
  PKTN - TI-RADS: Acc=0.0000, Prec=0.0000, Rec=0.0000, F1=0.0000, AUC=0.0000
Testing on TN5K...
  TN5K - Dice: 0.7576, HD95: 13.4975
  TN5K - BM: Acc=0.7895, Prec=0.8871, Rec=0.8159, F1=0.8499, AUROC=0.8423, AUPRC=0.9316
  TN5K - TI-RADS: Acc=0.0000, Prec=0.0000, Rec=0.0000, F1=0.0000, AUC=0.0000

========== Evaluation Summary (All Test Records) ==========

Dataset: TN3K
Eval epochs: [5, 10, 15, 20, 25, 30, 35, 40, 45, 50]
Dice per eval: [0.8145999908447266, 0.8155999779701233, 0.8136000037193298, 0.8177000284194946, 0.8212000131607056, 0.8234999775886536, 0.8345999717712402, 0.8348000049591064, 0.8353999853134155, 0.8349000215530396]
HD95 per eval: [13.460399627685547, 13.692299842834473, 14.906000137329102, 13.659199714660645, 13.743800163269043, 13.788599967956543, 12.26930046081543, 11.602299690246582, 11.20259952545166, 11.412500381469727]
Best Dice: 0.8354 at epoch 45
Best HD95: 11.2026 at epoch 45

BM metrics per eval:
  Acc:  [0.7069, 0.7213, 0.7182, 0.7248, 0.7084, 0.6905, 0.6324, 0.6662, 0.6874, 0.6859]
  Prec: [0.6122, 0.6254, 0.6174, 0.6065, 0.6045, 0.5828, 0.5148, 0.5471, 0.5722, 0.5744]
  Rec:  [0.6486, 0.6864, 0.7028, 0.8097, 0.6996, 0.6866, 0.7673, 0.7669, 0.7416, 0.708]
  F1:   [0.6294, 0.654, 0.6568, 0.6931, 0.6481, 0.63, 0.6157, 0.6382, 0.6455, 0.6337]
  AUROC:[0.767, 0.7893, 0.803, 0.8148, 0.7857, 0.7507, 0.7476, 0.7624, 0.7739, 0.775]
  AUPRC:[0.6899, 0.7325, 0.7307, 0.7369, 0.7352, 0.6983, 0.6798, 0.6987, 0.7034, 0.7072]
Best BM F1: 0.6931 at epoch 20

TI-RADS metrics per eval:
  Acc:  [0.0, 0.0, 0.0, 0.0, 0.0, 0.0, 0.0, 0.0, 0.0, 0.0]
  Prec: [0.0, 0.0, 0.0, 0.0, 0.0, 0.0, 0.0, 0.0, 0.0, 0.0]
  Rec:  [0.0, 0.0, 0.0, 0.0, 0.0, 0.0, 0.0, 0.0, 0.0, 0.0]
  F1:   [0.0, 0.0, 0.0, 0.0, 0.0, 0.0, 0.0, 0.0, 0.0, 0.0]
  AUC:  [0.0, 0.0, 0.0, 0.0, 0.0, 0.0, 0.0, 0.0, 0.0, 0.0]
Best TI-RADS F1: 0.0000 at epoch 5

Dataset: DDTI
Eval epochs: [5, 10, 15, 20, 25, 30, 35, 40, 45, 50]
Dice per eval: [0.7703999876976013, 0.7620000243186951, 0.7423999905586243, 0.7275999784469604, 0.7480999827384949, 0.7681000232696533, 0.7616000175476074, 0.7554000020027161, 0.7599999904632568, 0.7612000107765198]
HD95 per eval: [18.912099838256836, 20.133899688720703, 21.151500701904297, 22.70490074157715, 20.773000717163086, 18.764400482177734, 19.612300872802734, 18.840099334716797, 18.904499053955078, 18.580900192260742]
Best Dice: 0.7704 at epoch 5
Best HD95: 18.5809 at epoch 50

BM metrics per eval:
  Acc:  [0.0, 0.0, 0.0, 0.0, 0.0, 0.0, 0.0, 0.0, 0.0, 0.0]
  Prec: [0.0, 0.0, 0.0, 0.0, 0.0, 0.0, 0.0, 0.0, 0.0, 0.0]
  Rec:  [0.0, 0.0, 0.0, 0.0, 0.0, 0.0, 0.0, 0.0, 0.0, 0.0]
  F1:   [0.0, 0.0, 0.0, 0.0, 0.0, 0.0, 0.0, 0.0, 0.0, 0.0]
  AUROC:[0.0, 0.0, 0.0, 0.0, 0.0, 0.0, 0.0, 0.0, 0.0, 0.0]
  AUPRC:[0.0, 0.0, 0.0, 0.0, 0.0, 0.0, 0.0, 0.0, 0.0, 0.0]
Best BM F1: 0.0000 at epoch 5

TI-RADS metrics per eval:
  Acc:  [0.0, 0.0, 0.0, 0.0, 0.0, 0.0, 0.0, 0.0, 0.0, 0.0]
  Prec: [0.0, 0.0, 0.0, 0.0, 0.0, 0.0, 0.0, 0.0, 0.0, 0.0]
  Rec:  [0.0, 0.0, 0.0, 0.0, 0.0, 0.0, 0.0, 0.0, 0.0, 0.0]
  F1:   [0.0, 0.0, 0.0, 0.0, 0.0, 0.0, 0.0, 0.0, 0.0, 0.0]
  AUC:  [0.0, 0.0, 0.0, 0.0, 0.0, 0.0, 0.0, 0.0, 0.0, 0.0]
Best TI-RADS F1: 0.0000 at epoch 5

Dataset: ThyroidXL
Eval epochs: [5, 10, 15, 20, 25, 30, 35, 40, 45, 50]
Dice per eval: [0.8567000031471252, 0.858299970626831, 0.8600999712944031, 0.8650000095367432, 0.8664000034332275, 0.8658999800682068, 0.8707000017166138, 0.871999979019165, 0.8723000288009644, 0.8723000288009644]
HD95 per eval: [6.935299873352051, 6.619200229644775, 6.236599922180176, 6.1545000076293945, 6.05679988861084, 6.126699924468994, 5.7017998695373535, 5.519599914550781, 5.566999912261963, 5.571100234985352]
Best Dice: 0.8723 at epoch 45
Best HD95: 5.5196 at epoch 40

BM metrics per eval:
  Acc:  [0.8035, 0.861, 0.8252, 0.8496, 0.8347, 0.8339, 0.8448, 0.8497, 0.8372, 0.8329]
  Prec: [0.8978, 0.8541, 0.8823, 0.8281, 0.8938, 0.8823, 0.8756, 0.8704, 0.8833, 0.8887]
  Rec:  [0.6508, 0.8451, 0.7196, 0.8533, 0.7309, 0.7411, 0.7761, 0.7947, 0.7483, 0.7318]
  F1:   [0.7545, 0.8495, 0.7926, 0.8405, 0.8041, 0.8055, 0.8228, 0.8308, 0.8101, 0.8026]
  AUROC:[0.9259, 0.9303, 0.9317, 0.9269, 0.9315, 0.9281, 0.9307, 0.9314, 0.929, 0.9278]
  AUPRC:[0.9026, 0.9156, 0.9162, 0.9153, 0.9186, 0.9127, 0.9154, 0.9197, 0.917, 0.9163]
Best BM F1: 0.8495 at epoch 10

TI-RADS metrics per eval:
  Acc:  [0.0, 0.0, 0.0, 0.0, 0.0, 0.0, 0.0, 0.0, 0.0, 0.0]
  Prec: [0.0, 0.0, 0.0, 0.0, 0.0, 0.0, 0.0, 0.0, 0.0, 0.0]
  Rec:  [0.0, 0.0, 0.0, 0.0, 0.0, 0.0, 0.0, 0.0, 0.0, 0.0]
  F1:   [0.0, 0.0, 0.0, 0.0, 0.0, 0.0, 0.0, 0.0, 0.0, 0.0]
  AUC:  [0.0, 0.0, 0.0, 0.0, 0.0, 0.0, 0.0, 0.0, 0.0, 0.0]
Best TI-RADS F1: 0.0000 at epoch 5

Dataset: PKTN
Eval epochs: [5, 10, 15, 20, 25, 30, 35, 40, 45, 50]
Dice per eval: [0.7567999958992004, 0.7778000235557556, 0.7684000134468079, 0.7872999906539917, 0.7856000065803528, 0.7860999703407288, 0.7954000234603882, 0.7985000014305115, 0.7979000210762024, 0.7979000210762024]
HD95 per eval: [16.190799713134766, 14.241299629211426, 16.18709945678711, 13.4483003616333, 14.255999565124512, 14.028900146484375, 12.831299781799316, 11.938300132751465, 12.22070026397705, 12.296600341796875]
Best Dice: 0.7985 at epoch 40
Best HD95: 11.9383 at epoch 40

BM metrics per eval:
  Acc:  [0.0, 0.0, 0.0, 0.0, 0.0, 0.0, 0.0, 0.0, 0.0, 0.0]
  Prec: [0.0, 0.0, 0.0, 0.0, 0.0, 0.0, 0.0, 0.0, 0.0, 0.0]
  Rec:  [0.0, 0.0, 0.0, 0.0, 0.0, 0.0, 0.0, 0.0, 0.0, 0.0]
  F1:   [0.0, 0.0, 0.0, 0.0, 0.0, 0.0, 0.0, 0.0, 0.0, 0.0]
  AUROC:[0.0, 0.0, 0.0, 0.0, 0.0, 0.0, 0.0, 0.0, 0.0, 0.0]
  AUPRC:[0.0, 0.0, 0.0, 0.0, 0.0, 0.0, 0.0, 0.0, 0.0, 0.0]
Best BM F1: 0.0000 at epoch 5

TI-RADS metrics per eval:
  Acc:  [0.0, 0.0, 0.0, 0.0, 0.0, 0.0, 0.0, 0.0, 0.0, 0.0]
  Prec: [0.0, 0.0, 0.0, 0.0, 0.0, 0.0, 0.0, 0.0, 0.0, 0.0]
  Rec:  [0.0, 0.0, 0.0, 0.0, 0.0, 0.0, 0.0, 0.0, 0.0, 0.0]
  F1:   [0.0, 0.0, 0.0, 0.0, 0.0, 0.0, 0.0, 0.0, 0.0, 0.0]
  AUC:  [0.0, 0.0, 0.0, 0.0, 0.0, 0.0, 0.0, 0.0, 0.0, 0.0]
Best TI-RADS F1: 0.0000 at epoch 5

Dataset: TN5K
Eval epochs: [5, 10, 15, 20, 25, 30, 35, 40, 45, 50]
Dice per eval: [0.7059000134468079, 0.7229999899864197, 0.7006000280380249, 0.7232999801635742, 0.7307000160217285, 0.734499990940094, 0.753000020980835, 0.7583000063896179, 0.7573000192642212, 0.7576000094413757]
HD95 per eval: [17.566499710083008, 14.694600105285645, 21.121700286865234, 16.16710090637207, 16.877899169921875, 16.622600555419922, 14.227100372314453, 13.024700164794922, 13.601200103759766, 13.4975004196167]
Best Dice: 0.7583 at epoch 40
Best HD95: 13.0247 at epoch 40

BM metrics per eval:
  Acc:  [0.7525, 0.7801, 0.7932, 0.805, 0.7801, 0.7525, 0.7915, 0.7813, 0.7934, 0.7895]
  Prec: [0.8829, 0.9309, 0.92, 0.835, 0.9035, 0.8993, 0.8667, 0.8722, 0.8777, 0.8871]
  Rec:  [0.7626, 0.7552, 0.7853, 0.9139, 0.7829, 0.7448, 0.8446, 0.8212, 0.8335, 0.8159]
  F1:   [0.8182, 0.8338, 0.8473, 0.8726, 0.8388, 0.8147, 0.8554, 0.8458, 0.855, 0.8499]
  AUROC:[0.8275, 0.8819, 0.8607, 0.8423, 0.8503, 0.8304, 0.8365, 0.8313, 0.8395, 0.8423]
  AUPRC:[0.9324, 0.9525, 0.9417, 0.929, 0.9383, 0.9339, 0.9308, 0.9235, 0.9293, 0.9316]
Best BM F1: 0.8726 at epoch 20

TI-RADS metrics per eval:
  Acc:  [0.0, 0.0, 0.0, 0.0, 0.0, 0.0, 0.0, 0.0, 0.0, 0.0]
  Prec: [0.0, 0.0, 0.0, 0.0, 0.0, 0.0, 0.0, 0.0, 0.0, 0.0]
  Rec:  [0.0, 0.0, 0.0, 0.0, 0.0, 0.0, 0.0, 0.0, 0.0, 0.0]
  F1:   [0.0, 0.0, 0.0, 0.0, 0.0, 0.0, 0.0, 0.0, 0.0, 0.0]
  AUC:  [0.0, 0.0, 0.0, 0.0, 0.0, 0.0, 0.0, 0.0, 0.0, 0.0]
Best TI-RADS F1: 0.0000 at epoch 5

==========================================================

========== Training Completed ==========
Training completed at Thu Jan 15 01:18:47 2026
