Training started at Sat Mar  7 12:23:23 2026
Method: dino_unet
Dataset: train_all_datasets
Epochs: 40
LR: 0.0001
Batch Size: 12
Image Size: 224 x 224
DINO pretrained: True
Use Dilation: False
Training set - Benign/Malignant: Benign=27626 (71.04%), Malignant=11264 (28.96%)
Auto-adjusted tau=0.70 (imbalance_ratio=2.45)
GLA parameters: p_benign=0.7104, p_malignant=0.2896, tau=0.70
Logit adjustment magnitude: 0.6280
Training set - TI-RADS distribution (1-5): [52, 892, 4931, 7230, 4307]
TI-RADS probabilities: [0.0029864460229873657, 0.05122903734445572, 0.28319549560546875, 0.4152308702468872, 0.24735814332962036]
Loss weights: seg=1.0, bm=1.0, tirads=1.0
GA-MTL schedule per optimizer step: ['seg', 'bm']
steps_per_epoch (optimizer steps): 1620
Epoch:1: seg_loss(avg):0.5533, bm_loss(avg):0.4574, tirads_loss(avg):0.0000
Epoch:2: seg_loss(avg):0.4547, bm_loss(avg):0.2843, tirads_loss(avg):0.0000
Epoch:3: seg_loss(avg):0.4290, bm_loss(avg):0.2458, tirads_loss(avg):0.0000
Epoch:4: seg_loss(avg):0.4066, bm_loss(avg):0.2290, tirads_loss(avg):0.0000
Epoch:5: seg_loss(avg):0.3897, bm_loss(avg):0.2119, tirads_loss(avg):0.0000
Saved checkpoint at epoch 5

Validating epoch 5 on all test datasets...
Testing on TN3K...
  TN3K - Dice: 0.8232, HD95: 12.4985
  TN3K - BM: Acc=0.7946, Prec=0.6978, Rec=0.8217, F1=0.7544, AUROC=0.8787, AUPRC=0.8339
  TN3K - TI-RADS: Acc=0.0000, Prec=0.0000, Rec=0.0000, F1=0.0000, AUC=0.0000
Testing on DDTI_Classification...
  DDTI_Classification - Dice: 0.0311, HD95: 86.9950
  DDTI_Classification - BM: Acc=0.7735, Prec=0.2313, Rec=0.6021, F1=0.3224, AUROC=0.7152, AUPRC=0.4458
  DDTI_Classification - TI-RADS: Acc=0.0954, Prec=0.1405, Rec=0.2509, F1=0.1178, AUC=0.0000
Testing on ThyroidXL...
  ThyroidXL - Dice: 0.8683, HD95: 5.9752
  ThyroidXL - BM: Acc=0.8844, Prec=0.8768, Rec=0.8739, F1=0.8753, AUROC=0.9589, AUPRC=0.9494
  ThyroidXL - TI-RADS: Acc=0.0000, Prec=0.0000, Rec=0.0000, F1=0.0000, AUC=0.0000
Testing on TN5K...
  TN5K - Dice: 0.8052, HD95: 9.6252
  TN5K - BM: Acc=0.9190, Prec=0.9146, Rec=0.9809, F1=0.9465, AUROC=0.9622, AUPRC=0.9852
  TN5K - TI-RADS: Acc=0.0000, Prec=0.0000, Rec=0.0000, F1=0.0000, AUC=0.0000
Testing on Cine-Clip...
  Cine-Clip - Dice: 0.8599, HD95: 5.9669
  Cine-Clip - BM: Acc=0.9942, Prec=1.0000, Rec=0.9491, F1=0.9739, AUROC=1.0000, AUPRC=0.9999
  Cine-Clip - TI-RADS: Acc=0.0978, Prec=0.1326, Rec=0.2369, F1=0.0787, AUC=0.4469
Epoch:6: seg_loss(avg):0.3799, bm_loss(avg):0.2028, tirads_loss(avg):0.0000
Epoch:7: seg_loss(avg):0.3739, bm_loss(avg):0.1890, tirads_loss(avg):0.0000
Epoch:8: seg_loss(avg):0.3632, bm_loss(avg):0.1849, tirads_loss(avg):0.0000
Epoch:9: seg_loss(avg):0.3502, bm_loss(avg):0.1682, tirads_loss(avg):0.0000
Epoch:10: seg_loss(avg):0.3403, bm_loss(avg):0.1581, tirads_loss(avg):0.0000
Saved checkpoint at epoch 10

Validating epoch 10 on all test datasets...
Testing on TN3K...
  TN3K - Dice: 0.8445, HD95: 10.5432
  TN3K - BM: Acc=0.7722, Prec=0.6400, Rec=0.9318, F1=0.7585, AUROC=0.9256, AUPRC=0.9000
  TN3K - TI-RADS: Acc=0.0000, Prec=0.0000, Rec=0.0000, F1=0.0000, AUC=0.0000
Testing on DDTI_Classification...
  DDTI_Classification - Dice: 0.0288, HD95: 85.9711
  DDTI_Classification - BM: Acc=0.5833, Prec=0.1606, Rec=0.8074, F1=0.2618, AUROC=0.7168, AUPRC=0.4022
  DDTI_Classification - TI-RADS: Acc=0.0381, Prec=0.1010, Rec=0.1012, F1=0.0948, AUC=0.0000
Testing on ThyroidXL...
  ThyroidXL - Dice: 0.8735, HD95: 5.6315
  ThyroidXL - BM: Acc=0.8890, Prec=0.8139, Rec=0.9866, F1=0.8919, AUROC=0.9787, AUPRC=0.9744
  ThyroidXL - TI-RADS: Acc=0.0000, Prec=0.0000, Rec=0.0000, F1=0.0000, AUC=0.0000
Testing on TN5K...
  TN5K - Dice: 0.8202, HD95: 9.5207
  TN5K - BM: Acc=0.9317, Prec=0.9276, Rec=0.9834, F1=0.9546, AUROC=0.9840, AUPRC=0.9939
  TN5K - TI-RADS: Acc=0.0000, Prec=0.0000, Rec=0.0000, F1=0.0000, AUC=0.0000
Testing on Cine-Clip...
  Cine-Clip - Dice: 0.8858, HD95: 4.5350
  Cine-Clip - BM: Acc=0.9994, Prec=0.9974, Rec=0.9975, F1=0.9975, AUROC=1.0000, AUPRC=1.0000
  Cine-Clip - TI-RADS: Acc=0.1505, Prec=0.2334, Rec=0.2637, F1=0.1266, AUC=0.5650
Epoch:11: seg_loss(avg):0.3368, bm_loss(avg):0.1476, tirads_loss(avg):0.0000
Epoch:12: seg_loss(avg):0.3287, bm_loss(avg):0.1397, tirads_loss(avg):0.0000
Epoch:13: seg_loss(avg):0.3193, bm_loss(avg):0.1329, tirads_loss(avg):0.0000
Epoch:14: seg_loss(avg):0.3136, bm_loss(avg):0.1212, tirads_loss(avg):0.0000
Epoch:15: seg_loss(avg):0.3101, bm_loss(avg):0.1122, tirads_loss(avg):0.0000
Saved checkpoint at epoch 15

Validating epoch 15 on all test datasets...
Testing on TN3K...
  TN3K - Dice: 0.8436, HD95: 11.0546
  TN3K - BM: Acc=0.8676, Prec=0.7899, Rec=0.8934, F1=0.8382, AUROC=0.9543, AUPRC=0.9392
  TN3K - TI-RADS: Acc=0.0000, Prec=0.0000, Rec=0.0000, F1=0.0000, AUC=0.0000
Testing on DDTI_Classification...
  DDTI_Classification - Dice: 0.0342, HD95: 85.8212
  DDTI_Classification - BM: Acc=0.6962, Prec=0.2111, Rec=0.8074, F1=0.3257, AUROC=0.7697, AUPRC=0.4294
  DDTI_Classification - TI-RADS: Acc=0.0568, Prec=0.0271, Rec=0.1491, F1=0.0447, AUC=0.0000
Testing on ThyroidXL...
  ThyroidXL - Dice: 0.8742, HD95: 5.8649
  ThyroidXL - BM: Acc=0.9393, Prec=0.8998, Rec=0.9783, F1=0.9374, AUROC=0.9887, AUPRC=0.9859
  ThyroidXL - TI-RADS: Acc=0.0000, Prec=0.0000, Rec=0.0000, F1=0.0000, AUC=0.0000
Testing on TN5K...
  TN5K - Dice: 0.8065, HD95: 10.9001
  TN5K - BM: Acc=0.9599, Prec=0.9551, Rec=0.9917, F1=0.9730, AUROC=0.9899, AUPRC=0.9958
  TN5K - TI-RADS: Acc=0.0000, Prec=0.0000, Rec=0.0000, F1=0.0000, AUC=0.0000
Testing on Cine-Clip...
  Cine-Clip - Dice: 0.9053, HD95: 3.1335
  Cine-Clip - BM: Acc=0.9963, Prec=0.9680, Rec=1.0000, F1=0.9837, AUROC=1.0000, AUPRC=1.0000
  Cine-Clip - TI-RADS: Acc=0.0888, Prec=0.1242, Rec=0.2279, F1=0.0695, AUC=0.5250
Epoch:16: seg_loss(avg):0.3041, bm_loss(avg):0.1054, tirads_loss(avg):0.0000
Epoch:17: seg_loss(avg):0.2936, bm_loss(avg):0.0926, tirads_loss(avg):0.0000
Epoch:18: seg_loss(avg):0.2921, bm_loss(avg):0.0865, tirads_loss(avg):0.0000
Epoch:19: seg_loss(avg):0.2846, bm_loss(avg):0.0757, tirads_loss(avg):0.0000
Epoch:20: seg_loss(avg):0.2791, bm_loss(avg):0.0662, tirads_loss(avg):0.0000
Saved checkpoint at epoch 20

Validating epoch 20 on all test datasets...
Testing on TN3K...
  TN3K - Dice: 0.8664, HD95: 9.5118
  TN3K - BM: Acc=0.9398, Prec=0.9501, Rec=0.8901, F1=0.9190, AUROC=0.9840, AUPRC=0.9786
  TN3K - TI-RADS: Acc=0.0000, Prec=0.0000, Rec=0.0000, F1=0.0000, AUC=0.0000
Testing on DDTI_Classification...
  DDTI_Classification - Dice: 0.0286, HD95: 89.6360
  DDTI_Classification - BM: Acc=0.7715, Prec=0.2292, Rec=0.6021, F1=0.3203, AUROC=0.6630, AUPRC=0.3638
  DDTI_Classification - TI-RADS: Acc=0.1328, Prec=0.2720, Rec=0.3055, F1=0.1585, AUC=0.0000
Testing on ThyroidXL...
  ThyroidXL - Dice: 0.8872, HD95: 4.7067
  ThyroidXL - BM: Acc=0.9666, Prec=0.9555, Rec=0.9733, F1=0.9643, AUROC=0.9941, AUPRC=0.9934
  ThyroidXL - TI-RADS: Acc=0.0000, Prec=0.0000, Rec=0.0000, F1=0.0000, AUC=0.0000
Testing on TN5K...
  TN5K - Dice: 0.8434, HD95: 8.5222
  TN5K - BM: Acc=0.9782, Prec=0.9889, Rec=0.9811, F1=0.9850, AUROC=0.9980, AUPRC=0.9993
  TN5K - TI-RADS: Acc=0.0000, Prec=0.0000, Rec=0.0000, F1=0.0000, AUC=0.0000
Testing on Cine-Clip...
  Cine-Clip - Dice: 0.9334, HD95: 1.5704
  Cine-Clip - BM: Acc=1.0000, Prec=1.0000, Rec=1.0000, F1=1.0000, AUROC=1.0000, AUPRC=1.0000
  Cine-Clip - TI-RADS: Acc=0.1251, Prec=0.1426, Rec=0.2590, F1=0.1035, AUC=0.5371
Epoch:21: seg_loss(avg):0.2737, bm_loss(avg):0.0562, tirads_loss(avg):0.0000
Epoch:22: seg_loss(avg):0.2695, bm_loss(avg):0.0563, tirads_loss(avg):0.0000
Epoch:23: seg_loss(avg):0.2660, bm_loss(avg):0.0499, tirads_loss(avg):0.0000
Epoch:24: seg_loss(avg):0.2606, bm_loss(avg):0.0461, tirads_loss(avg):0.0000
Epoch:25: seg_loss(avg):0.2551, bm_loss(avg):0.0410, tirads_loss(avg):0.0000
Saved checkpoint at epoch 25

Validating epoch 25 on all test datasets...
Testing on TN3K...
  TN3K - Dice: 0.8759, HD95: 7.8572
  TN3K - BM: Acc=0.9609, Prec=0.9418, Rec=0.9574, F1=0.9494, AUROC=0.9932, AUPRC=0.9904
  TN3K - TI-RADS: Acc=0.0000, Prec=0.0000, Rec=0.0000, F1=0.0000, AUC=0.0000
Testing on DDTI_Classification...
  DDTI_Classification - Dice: 0.0251, HD95: 94.0878
  DDTI_Classification - BM: Acc=0.8866, Prec=0.4261, Rec=0.6021, F1=0.4783, AUROC=0.7194, AUPRC=0.4792
  DDTI_Classification - TI-RADS: Acc=0.1143, Prec=0.1496, Rec=0.3003, F1=0.1488, AUC=0.0000
Testing on ThyroidXL...
  ThyroidXL - Dice: 0.8952, HD95: 4.0639
  ThyroidXL - BM: Acc=0.9808, Prec=0.9697, Rec=0.9897, F1=0.9795, AUROC=0.9983, AUPRC=0.9982
  ThyroidXL - TI-RADS: Acc=0.0000, Prec=0.0000, Rec=0.0000, F1=0.0000, AUC=0.0000
Testing on TN5K...
  TN5K - Dice: 0.8499, HD95: 7.1340
  TN5K - BM: Acc=0.9890, Prec=0.9918, Rec=0.9931, F1=0.9925, AUROC=0.9990, AUPRC=0.9997
  TN5K - TI-RADS: Acc=0.0000, Prec=0.0000, Rec=0.0000, F1=0.0000, AUC=0.0000
Testing on Cine-Clip...
  Cine-Clip - Dice: 0.9444, HD95: 1.1014
  Cine-Clip - BM: Acc=1.0000, Prec=1.0000, Rec=1.0000, F1=1.0000, AUROC=1.0000, AUPRC=1.0000
  Cine-Clip - TI-RADS: Acc=0.1265, Prec=0.1435, Rec=0.2602, F1=0.1048, AUC=0.4350
Epoch:26: seg_loss(avg):0.2508, bm_loss(avg):0.0345, tirads_loss(avg):0.0000
Epoch:27: seg_loss(avg):0.2446, bm_loss(avg):0.0274, tirads_loss(avg):0.0000
Epoch:28: seg_loss(avg):0.2410, bm_loss(avg):0.0289, tirads_loss(avg):0.0000
Epoch:29: seg_loss(avg):0.2355, bm_loss(avg):0.0202, tirads_loss(avg):0.0000
Epoch:30: seg_loss(avg):0.2352, bm_loss(avg):0.0194, tirads_loss(avg):0.0000
Saved checkpoint at epoch 30

Validating epoch 30 on all test datasets...
Testing on TN3K...
  TN3K - Dice: 0.8902, HD95: 5.9134
  TN3K - BM: Acc=0.9871, Prec=0.9753, Rec=0.9916, F1=0.9833, AUROC=0.9988, AUPRC=0.9984
  TN3K - TI-RADS: Acc=0.0000, Prec=0.0000, Rec=0.0000, F1=0.0000, AUC=0.0000
Testing on DDTI_Classification...
  DDTI_Classification - Dice: 0.0288, HD95: 92.7390
  DDTI_Classification - BM: Acc=0.8291, Prec=0.2992, Rec=0.6021, F1=0.3841, AUROC=0.7414, AUPRC=0.4324
  DDTI_Classification - TI-RADS: Acc=0.1714, Prec=0.2999, Rec=0.4118, F1=0.1867, AUC=0.0000
Testing on ThyroidXL...
  ThyroidXL - Dice: 0.8993, HD95: 3.6001
  ThyroidXL - BM: Acc=0.9895, Prec=0.9800, Rec=0.9979, F1=0.9888, AUROC=0.9993, AUPRC=0.9994
  ThyroidXL - TI-RADS: Acc=0.0000, Prec=0.0000, Rec=0.0000, F1=0.0000, AUC=0.0000
Testing on TN5K...
  TN5K - Dice: 0.8610, HD95: 6.5459
  TN5K - BM: Acc=0.9950, Prec=0.9946, Rec=0.9986, F1=0.9966, AUROC=0.9997, AUPRC=0.9999
  TN5K - TI-RADS: Acc=0.0000, Prec=0.0000, Rec=0.0000, F1=0.0000, AUC=0.0000
Testing on Cine-Clip...
  Cine-Clip - Dice: 0.9547, HD95: 0.7451
  Cine-Clip - BM: Acc=1.0000, Prec=1.0000, Rec=1.0000, F1=1.0000, AUROC=1.0000, AUPRC=1.0000
  Cine-Clip - TI-RADS: Acc=0.1268, Prec=0.1436, Rec=0.2604, F1=0.1051, AUC=0.4422
Epoch:31: seg_loss(avg):0.2292, bm_loss(avg):0.0158, tirads_loss(avg):0.0000
Epoch:32: seg_loss(avg):0.2272, bm_loss(avg):0.0118, tirads_loss(avg):0.0000
Epoch:33: seg_loss(avg):0.2253, bm_loss(avg):0.0128, tirads_loss(avg):0.0000
Epoch:34: seg_loss(avg):0.2215, bm_loss(avg):0.0108, tirads_loss(avg):0.0000
Epoch:35: seg_loss(avg):0.2187, bm_loss(avg):0.0069, tirads_loss(avg):0.0000
Saved checkpoint at epoch 35

Validating epoch 35 on all test datasets...
Testing on TN3K...
  TN3K - Dice: 0.8949, HD95: 5.4547
  TN3K - BM: Acc=0.9952, Prec=0.9917, Rec=0.9958, F1=0.9937, AUROC=0.9997, AUPRC=0.9996
  TN3K - TI-RADS: Acc=0.0000, Prec=0.0000, Rec=0.0000, F1=0.0000, AUC=0.0000
Testing on DDTI_Classification...
  DDTI_Classification - Dice: 0.0294, HD95: 93.0746
  DDTI_Classification - BM: Acc=0.9057, Prec=0.4943, Rec=0.4020, F1=0.4164, AUROC=0.6769, AUPRC=0.3565
  DDTI_Classification - TI-RADS: Acc=0.1334, Prec=0.1683, Rec=0.3918, F1=0.1697, AUC=0.0000
Testing on ThyroidXL...
  ThyroidXL - Dice: 0.9034, HD95: 3.3964
  ThyroidXL - BM: Acc=0.9952, Prec=0.9970, Rec=0.9928, F1=0.9949, AUROC=0.9996, AUPRC=0.9996
  ThyroidXL - TI-RADS: Acc=0.0000, Prec=0.0000, Rec=0.0000, F1=0.0000, AUC=0.0000
Testing on TN5K...
  TN5K - Dice: 0.8638, HD95: 6.4396
  TN5K - BM: Acc=0.9980, Prec=0.9986, Rec=0.9986, F1=0.9986, AUROC=0.9996, AUPRC=0.9999
  TN5K - TI-RADS: Acc=0.0000, Prec=0.0000, Rec=0.0000, F1=0.0000, AUC=0.0000
Testing on Cine-Clip...
  Cine-Clip - Dice: 0.9597, HD95: 0.5608
  Cine-Clip - BM: Acc=1.0000, Prec=1.0000, Rec=1.0000, F1=1.0000, AUROC=1.0000, AUPRC=1.0000
  Cine-Clip - TI-RADS: Acc=0.1265, Prec=0.1435, Rec=0.2602, F1=0.1048, AUC=0.4343
Epoch:36: seg_loss(avg):0.2188, bm_loss(avg):0.0080, tirads_loss(avg):0.0000
Epoch:37: seg_loss(avg):0.2165, bm_loss(avg):0.0085, tirads_loss(avg):0.0000
Epoch:38: seg_loss(avg):0.2153, bm_loss(avg):0.0083, tirads_loss(avg):0.0000
Epoch:39: seg_loss(avg):0.2155, bm_loss(avg):0.0073, tirads_loss(avg):0.0000
Epoch:40: seg_loss(avg):0.2144, bm_loss(avg):0.0063, tirads_loss(avg):0.0000
Saved checkpoint at epoch 40

Validating epoch 40 on all test datasets...
Testing on TN3K...
  TN3K - Dice: 0.8977, HD95: 5.3416
  TN3K - BM: Acc=0.9968, Prec=0.9958, Rec=0.9958, F1=0.9958, AUROC=0.9999, AUPRC=0.9998
  TN3K - TI-RADS: Acc=0.0000, Prec=0.0000, Rec=0.0000, F1=0.0000, AUC=0.0000
Testing on DDTI_Classification...
  DDTI_Classification - Dice: 0.0291, HD95: 93.7698
  DDTI_Classification - BM: Acc=0.8675, Prec=0.3317, Rec=0.4020, F1=0.3437, AUROC=0.6681, AUPRC=0.3538
  DDTI_Classification - TI-RADS: Acc=0.1143, Prec=0.1466, Rec=0.3016, F1=0.1444, AUC=0.0000
Testing on ThyroidXL...
  ThyroidXL - Dice: 0.9044, HD95: 3.3124
  ThyroidXL - BM: Acc=0.9972, Prec=0.9960, Rec=0.9979, F1=0.9969, AUROC=0.9999, AUPRC=0.9999
  ThyroidXL - TI-RADS: Acc=0.0000, Prec=0.0000, Rec=0.0000, F1=0.0000, AUC=0.0000
Testing on TN5K...
  TN5K - Dice: 0.8651, HD95: 6.4009
  TN5K - BM: Acc=0.9980, Prec=0.9986, Rec=0.9986, F1=0.9986, AUROC=1.0000, AUPRC=1.0000
  TN5K - TI-RADS: Acc=0.0000, Prec=0.0000, Rec=0.0000, F1=0.0000, AUC=0.0000
Testing on Cine-Clip...
  Cine-Clip - Dice: 0.9608, HD95: 0.5184
  Cine-Clip - BM: Acc=1.0000, Prec=1.0000, Rec=1.0000, F1=1.0000, AUROC=1.0000, AUPRC=1.0000
  Cine-Clip - TI-RADS: Acc=0.1265, Prec=0.1435, Rec=0.2602, F1=0.1048, AUC=0.4349

========== Evaluation Summary (All Test Records) ==========

Dataset: TN3K
Eval epochs: [5, 10, 15, 20, 25, 30, 35, 40]
Dice per eval: [0.823199987411499, 0.8445000052452087, 0.8435999751091003, 0.8664000034332275, 0.8758999705314636, 0.8902000188827515, 0.8949000239372253, 0.8977000117301941]
HD95 per eval: [12.498499870300293, 10.54319953918457, 11.05459976196289, 9.511799812316895, 7.8572001457214355, 5.913400173187256, 5.454699993133545, 5.341599941253662]
Best Dice: 0.8977 at epoch 40
Best HD95: 5.3416 at epoch 40

BM metrics per eval:
  Acc:  [0.7946, 0.7722, 0.8676, 0.9398, 0.9609, 0.9871, 0.9952, 0.9968]
  Prec: [0.6978, 0.64, 0.7899, 0.9501, 0.9418, 0.9753, 0.9917, 0.9958]
  Rec:  [0.8217, 0.9318, 0.8934, 0.8901, 0.9574, 0.9916, 0.9958, 0.9958]
  F1:   [0.7544, 0.7585, 0.8382, 0.919, 0.9494, 0.9833, 0.9937, 0.9958]
  AUROC:[0.8787, 0.9256, 0.9543, 0.984, 0.9932, 0.9988, 0.9997, 0.9999]
  AUPRC:[0.8339, 0.9, 0.9392, 0.9786, 0.9904, 0.9984, 0.9996, 0.9998]
Best BM F1: 0.9958 at epoch 40

TI-RADS metrics per eval:
  Acc:  [0.0, 0.0, 0.0, 0.0, 0.0, 0.0, 0.0, 0.0]
  Prec: [0.0, 0.0, 0.0, 0.0, 0.0, 0.0, 0.0, 0.0]
  Rec:  [0.0, 0.0, 0.0, 0.0, 0.0, 0.0, 0.0, 0.0]
  F1:   [0.0, 0.0, 0.0, 0.0, 0.0, 0.0, 0.0, 0.0]
  AUC:  [0.0, 0.0, 0.0, 0.0, 0.0, 0.0, 0.0, 0.0]
Best TI-RADS F1: 0.0000 at epoch 5

Dataset: DDTI_Classification
Eval epochs: [5, 10, 15, 20, 25, 30, 35, 40]
Dice per eval: [0.031099999323487282, 0.02879999950528145, 0.03420000150799751, 0.028599999845027924, 0.025100000202655792, 0.02879999950528145, 0.029400000348687172, 0.029100000858306885]
HD95 per eval: [86.99500274658203, 85.97109985351562, 85.82119750976562, 89.63600158691406, 94.08779907226562, 92.73899841308594, 93.07460021972656, 93.7697982788086]
Best Dice: 0.0342 at epoch 15
Best HD95: 85.8212 at epoch 15

BM metrics per eval:
  Acc:  [0.7735, 0.5833, 0.6962, 0.7715, 0.8866, 0.8291, 0.9057, 0.8675]
  Prec: [0.2313, 0.1606, 0.2111, 0.2292, 0.4261, 0.2992, 0.4943, 0.3317]
  Rec:  [0.6021, 0.8074, 0.8074, 0.6021, 0.6021, 0.6021, 0.402, 0.402]
  F1:   [0.3224, 0.2618, 0.3257, 0.3203, 0.4783, 0.3841, 0.4164, 0.3437]
  AUROC:[0.7152, 0.7168, 0.7697, 0.663, 0.7194, 0.7414, 0.6769, 0.6681]
  AUPRC:[0.4458, 0.4022, 0.4294, 0.3638, 0.4792, 0.4324, 0.3565, 0.3538]
Best BM F1: 0.4783 at epoch 25

TI-RADS metrics per eval:
  Acc:  [0.0954, 0.0381, 0.0568, 0.1328, 0.1143, 0.1714, 0.1334, 0.1143]
  Prec: [0.1405, 0.101, 0.0271, 0.272, 0.1496, 0.2999, 0.1683, 0.1466]
  Rec:  [0.2509, 0.1012, 0.1491, 0.3055, 0.3003, 0.4118, 0.3918, 0.3016]
  F1:   [0.1178, 0.0948, 0.0447, 0.1585, 0.1488, 0.1867, 0.1697, 0.1444]
  AUC:  [0.0, 0.0, 0.0, 0.0, 0.0, 0.0, 0.0, 0.0]
Best TI-RADS F1: 0.1867 at epoch 30

Dataset: ThyroidXL
Eval epochs: [5, 10, 15, 20, 25, 30, 35, 40]
Dice per eval: [0.8683000206947327, 0.8734999895095825, 0.8741999864578247, 0.8871999979019165, 0.8952000141143799, 0.8992999792098999, 0.9034000039100647, 0.9043999910354614]
HD95 per eval: [5.975200176239014, 5.631499767303467, 5.8649001121521, 4.706699848175049, 4.063899993896484, 3.600100040435791, 3.396399974822998, 3.3124001026153564]
Best Dice: 0.9044 at epoch 40
Best HD95: 3.3124 at epoch 40

BM metrics per eval:
  Acc:  [0.8844, 0.889, 0.9393, 0.9666, 0.9808, 0.9895, 0.9952, 0.9972]
  Prec: [0.8768, 0.8139, 0.8998, 0.9555, 0.9697, 0.98, 0.997, 0.996]
  Rec:  [0.8739, 0.9866, 0.9783, 0.9733, 0.9897, 0.9979, 0.9928, 0.9979]
  F1:   [0.8753, 0.8919, 0.9374, 0.9643, 0.9795, 0.9888, 0.9949, 0.9969]
  AUROC:[0.9589, 0.9787, 0.9887, 0.9941, 0.9983, 0.9993, 0.9996, 0.9999]
  AUPRC:[0.9494, 0.9744, 0.9859, 0.9934, 0.9982, 0.9994, 0.9996, 0.9999]
Best BM F1: 0.9969 at epoch 40

TI-RADS metrics per eval:
  Acc:  [0.0, 0.0, 0.0, 0.0, 0.0, 0.0, 0.0, 0.0]
  Prec: [0.0, 0.0, 0.0, 0.0, 0.0, 0.0, 0.0, 0.0]
  Rec:  [0.0, 0.0, 0.0, 0.0, 0.0, 0.0, 0.0, 0.0]
  F1:   [0.0, 0.0, 0.0, 0.0, 0.0, 0.0, 0.0, 0.0]
  AUC:  [0.0, 0.0, 0.0, 0.0, 0.0, 0.0, 0.0, 0.0]
Best TI-RADS F1: 0.0000 at epoch 5

Dataset: TN5K
Eval epochs: [5, 10, 15, 20, 25, 30, 35, 40]
Dice per eval: [0.8051999807357788, 0.8202000260353088, 0.8065000176429749, 0.8434000015258789, 0.8499000072479248, 0.8610000014305115, 0.8637999892234802, 0.8651000261306763]
HD95 per eval: [9.625200271606445, 9.520700454711914, 10.900099754333496, 8.522199630737305, 7.133999824523926, 6.545899868011475, 6.439599990844727, 6.400899887084961]
Best Dice: 0.8651 at epoch 40
Best HD95: 6.4009 at epoch 40

BM metrics per eval:
  Acc:  [0.919, 0.9317, 0.9599, 0.9782, 0.989, 0.995, 0.998, 0.998]
  Prec: [0.9146, 0.9276, 0.9551, 0.9889, 0.9918, 0.9946, 0.9986, 0.9986]
  Rec:  [0.9809, 0.9834, 0.9917, 0.9811, 0.9931, 0.9986, 0.9986, 0.9986]
  F1:   [0.9465, 0.9546, 0.973, 0.985, 0.9925, 0.9966, 0.9986, 0.9986]
  AUROC:[0.9622, 0.984, 0.9899, 0.998, 0.999, 0.9997, 0.9996, 1.0]
  AUPRC:[0.9852, 0.9939, 0.9958, 0.9993, 0.9997, 0.9999, 0.9999, 1.0]
Best BM F1: 0.9986 at epoch 35

TI-RADS metrics per eval:
  Acc:  [0.0, 0.0, 0.0, 0.0, 0.0, 0.0, 0.0, 0.0]
  Prec: [0.0, 0.0, 0.0, 0.0, 0.0, 0.0, 0.0, 0.0]
  Rec:  [0.0, 0.0, 0.0, 0.0, 0.0, 0.0, 0.0, 0.0]
  F1:   [0.0, 0.0, 0.0, 0.0, 0.0, 0.0, 0.0, 0.0]
  AUC:  [0.0, 0.0, 0.0, 0.0, 0.0, 0.0, 0.0, 0.0]
Best TI-RADS F1: 0.0000 at epoch 5

Dataset: Cine-Clip
Eval epochs: [5, 10, 15, 20, 25, 30, 35, 40]
Dice per eval: [0.8598999977111816, 0.8858000040054321, 0.9053000211715698, 0.9333999752998352, 0.9444000124931335, 0.9546999931335449, 0.9596999883651733, 0.9607999920845032]
HD95 per eval: [5.966899871826172, 4.534999847412109, 3.133500099182129, 1.5703999996185303, 1.1014000177383423, 0.7451000213623047, 0.5608000159263611, 0.5184000134468079]
Best Dice: 0.9608 at epoch 40
Best HD95: 0.5184 at epoch 40

BM metrics per eval:
  Acc:  [0.9942, 0.9994, 0.9963, 1.0, 1.0, 1.0, 1.0, 1.0]
  Prec: [1.0, 0.9974, 0.968, 1.0, 1.0, 1.0, 1.0, 1.0]
  Rec:  [0.9491, 0.9975, 1.0, 1.0, 1.0, 1.0, 1.0, 1.0]
  F1:   [0.9739, 0.9975, 0.9837, 1.0, 1.0, 1.0, 1.0, 1.0]
  AUROC:[1.0, 1.0, 1.0, 1.0, 1.0, 1.0, 1.0, 1.0]
  AUPRC:[0.9999, 1.0, 1.0, 1.0, 1.0, 1.0, 1.0, 1.0]
Best BM F1: 1.0000 at epoch 20

TI-RADS metrics per eval:
  Acc:  [0.0978, 0.1505, 0.0888, 0.1251, 0.1265, 0.1268, 0.1265, 0.1265]
  Prec: [0.1326, 0.2334, 0.1242, 0.1426, 0.1435, 0.1436, 0.1435, 0.1435]
  Rec:  [0.2369, 0.2637, 0.2279, 0.259, 0.2602, 0.2604, 0.2602, 0.2602]
  F1:   [0.0787, 0.1266, 0.0695, 0.1035, 0.1048, 0.1051, 0.1048, 0.1048]
  AUC:  [0.4469, 0.565, 0.525, 0.5371, 0.435, 0.4422, 0.4343, 0.4349]
Best TI-RADS F1: 0.1266 at epoch 10

==========================================================

========== Training Completed ==========
Training completed at Sat Mar  7 15:28:16 2026
