Training started at Fri Dec 19 12:05:08 2025
Method: dino_unet
Dataset: train_multitask_dataset1
Epochs: 50
LR: 0.0001
Batch Size: 12
Training set - Benign/Malignant: Benign=2331 (49.25%), Malignant=2402 (50.75%)
Auto-adjusted tau=0.30 (imbalance_ratio=1.03)
GLA parameters: p_benign=0.4925, p_malignant=0.5075, tau=0.30
Logit adjustment magnitude: 0.0090
Training set - TI-RADS distribution: [0, 0, 0, 0, 0]
TI-RADS probabilities: [0.20000000298023224, 0.20000000298023224, 0.20000000298023224, 0.20000000298023224, 0.20000000298023224]
Loss weights: seg=1.0, bm=1.0, tirads=1.0
GA-MTL schedule per optimizer step: ['seg', 'bm']
steps_per_epoch (optimizer steps): 197
Epoch:1: seg_loss(avg):1.1954, bm_loss(avg):0.6960, tirads_loss(avg):0.0000
Epoch:2: seg_loss(avg):0.7945, bm_loss(avg):0.6155, tirads_loss(avg):0.0000
Epoch:3: seg_loss(avg):0.6259, bm_loss(avg):0.4718, tirads_loss(avg):0.0000
Epoch:4: seg_loss(avg):0.5882, bm_loss(avg):0.4223, tirads_loss(avg):0.0000
Epoch:5: seg_loss(avg):0.5470, bm_loss(avg):0.4020, tirads_loss(avg):0.0000
Saved checkpoint at epoch 5

Validating epoch 5 on all test datasets...
Testing on TN3K...
  TN3K - Dice: 0.8701, HD95: 13.5843
  TN3K - BM: Acc=0.7394, Prec=0.7639, Rec=0.4661, F1=0.5789, AUROC=0.7876, AUPRC=0.7130
  TN3K - TI-RADS: Acc=0.0000, Prec=0.0000, Rec=0.0000, F1=0.0000, AUC=0.0000
Testing on DDTI...
  DDTI - Dice: 0.7602, HD95: 25.2612
  DDTI - BM: Acc=0.0000, Prec=0.0000, Rec=0.0000, F1=0.0000, AUROC=0.0000, AUPRC=0.0000
  DDTI - TI-RADS: Acc=0.0000, Prec=0.0000, Rec=0.0000, F1=0.0000, AUC=0.0000
Testing on ThyroidXL...
  ThyroidXL - Dice: 0.7920, HD95: 14.4345
  ThyroidXL - BM: Acc=0.7818, Prec=0.7830, Rec=0.7330, F1=0.7572, AUROC=0.8729, AUPRC=0.8362
  ThyroidXL - TI-RADS: Acc=0.0000, Prec=0.0000, Rec=0.0000, F1=0.0000, AUC=0.0000
Testing on PKTN...
  PKTN - Dice: 0.7535, HD95: 18.5109
  PKTN - BM: Acc=0.0000, Prec=0.0000, Rec=0.0000, F1=0.0000, AUROC=0.0000, AUPRC=0.0000
  PKTN - TI-RADS: Acc=0.0000, Prec=0.0000, Rec=0.0000, F1=0.0000, AUC=0.0000
Testing on TN5K...
  TN5K - Dice: 0.7529, HD95: 18.2779
  TN5K - BM: Acc=0.6040, Prec=0.9443, Rec=0.4870, F1=0.6426, AUROC=0.8273, AUPRC=0.9237
  TN5K - TI-RADS: Acc=0.0000, Prec=0.0000, Rec=0.0000, F1=0.0000, AUC=0.0000
Epoch:6: seg_loss(avg):0.5457, bm_loss(avg):0.3516, tirads_loss(avg):0.0000
Epoch:7: seg_loss(avg):0.5224, bm_loss(avg):0.3350, tirads_loss(avg):0.0000
Epoch:8: seg_loss(avg):0.5103, bm_loss(avg):0.2985, tirads_loss(avg):0.0000
Epoch:9: seg_loss(avg):0.5041, bm_loss(avg):0.2906, tirads_loss(avg):0.0000
Epoch:10: seg_loss(avg):0.4867, bm_loss(avg):0.2755, tirads_loss(avg):0.0000
Saved checkpoint at epoch 10

Validating epoch 10 on all test datasets...
Testing on TN3K...
  TN3K - Dice: 0.8597, HD95: 13.5330
  TN3K - BM: Acc=0.7052, Prec=0.5879, Rec=0.7797, F1=0.6703, AUROC=0.8016, AUPRC=0.7264
  TN3K - TI-RADS: Acc=0.0000, Prec=0.0000, Rec=0.0000, F1=0.0000, AUC=0.0000
Testing on DDTI...
  DDTI - Dice: 0.7897, HD95: 21.0032
  DDTI - BM: Acc=0.0000, Prec=0.0000, Rec=0.0000, F1=0.0000, AUROC=0.0000, AUPRC=0.0000
  DDTI - TI-RADS: Acc=0.0000, Prec=0.0000, Rec=0.0000, F1=0.0000, AUC=0.0000
Testing on ThyroidXL...
  ThyroidXL - Dice: 0.8325, HD95: 11.2441
  ThyroidXL - BM: Acc=0.6914, Prec=0.6042, Rec=0.9711, F1=0.7450, AUROC=0.8629, AUPRC=0.8177
  ThyroidXL - TI-RADS: Acc=0.0000, Prec=0.0000, Rec=0.0000, F1=0.0000, AUC=0.0000
Testing on PKTN...
  PKTN - Dice: 0.7668, HD95: 16.8069
  PKTN - BM: Acc=0.0000, Prec=0.0000, Rec=0.0000, F1=0.0000, AUROC=0.0000, AUPRC=0.0000
  PKTN - TI-RADS: Acc=0.0000, Prec=0.0000, Rec=0.0000, F1=0.0000, AUC=0.0000
Testing on TN5K...
  TN5K - Dice: 0.7611, HD95: 15.6649
  TN5K - BM: Acc=0.8080, Prec=0.8589, Rec=0.8824, F1=0.8704, AUROC=0.8432, AUPRC=0.9262
  TN5K - TI-RADS: Acc=0.0000, Prec=0.0000, Rec=0.0000, F1=0.0000, AUC=0.0000
Epoch:11: seg_loss(avg):0.4865, bm_loss(avg):0.2405, tirads_loss(avg):0.0000
Epoch:12: seg_loss(avg):0.4806, bm_loss(avg):0.2270, tirads_loss(avg):0.0000
Epoch:13: seg_loss(avg):0.4707, bm_loss(avg):0.2134, tirads_loss(avg):0.0000
Epoch:14: seg_loss(avg):0.4681, bm_loss(avg):0.1861, tirads_loss(avg):0.0000
Epoch:15: seg_loss(avg):0.4575, bm_loss(avg):0.1809, tirads_loss(avg):0.0000
Saved checkpoint at epoch 15

Validating epoch 15 on all test datasets...
Testing on TN3K...
  TN3K - Dice: 0.8723, HD95: 12.6840
  TN3K - BM: Acc=0.7231, Prec=0.6269, Rec=0.6907, F1=0.6573, AUROC=0.7703, AUPRC=0.6877
  TN3K - TI-RADS: Acc=0.0000, Prec=0.0000, Rec=0.0000, F1=0.0000, AUC=0.0000
Testing on DDTI...
  DDTI - Dice: 0.7723, HD95: 22.1658
  DDTI - BM: Acc=0.0000, Prec=0.0000, Rec=0.0000, F1=0.0000, AUROC=0.0000, AUPRC=0.0000
  DDTI - TI-RADS: Acc=0.0000, Prec=0.0000, Rec=0.0000, F1=0.0000, AUC=0.0000
Testing on ThyroidXL...
  ThyroidXL - Dice: 0.8390, HD95: 10.1238
  ThyroidXL - BM: Acc=0.7675, Prec=0.7030, Rec=0.8639, F1=0.7752, AUROC=0.8540, AUPRC=0.7943
  ThyroidXL - TI-RADS: Acc=0.0000, Prec=0.0000, Rec=0.0000, F1=0.0000, AUC=0.0000
Testing on PKTN...
  PKTN - Dice: 0.7872, HD95: 15.4010
  PKTN - BM: Acc=0.0000, Prec=0.0000, Rec=0.0000, F1=0.0000, AUROC=0.0000, AUPRC=0.0000
  PKTN - TI-RADS: Acc=0.0000, Prec=0.0000, Rec=0.0000, F1=0.0000, AUC=0.0000
Testing on TN5K...
  TN5K - Dice: 0.7595, HD95: 15.3248
  TN5K - BM: Acc=0.7410, Prec=0.8831, Rec=0.7442, F1=0.8077, AUROC=0.8188, AUPRC=0.9156
  TN5K - TI-RADS: Acc=0.0000, Prec=0.0000, Rec=0.0000, F1=0.0000, AUC=0.0000
Epoch:16: seg_loss(avg):0.4456, bm_loss(avg):0.1677, tirads_loss(avg):0.0000
Epoch:17: seg_loss(avg):0.4364, bm_loss(avg):0.1512, tirads_loss(avg):0.0000
Epoch:18: seg_loss(avg):0.4401, bm_loss(avg):0.1378, tirads_loss(avg):0.0000
Epoch:19: seg_loss(avg):0.4335, bm_loss(avg):0.1393, tirads_loss(avg):0.0000
Epoch:20: seg_loss(avg):0.4268, bm_loss(avg):0.1307, tirads_loss(avg):0.0000
Saved checkpoint at epoch 20

Validating epoch 20 on all test datasets...
Testing on TN3K...
  TN3K - Dice: 0.8784, HD95: 11.3079
  TN3K - BM: Acc=0.6938, Prec=0.5774, Rec=0.7585, F1=0.6557, AUROC=0.7704, AUPRC=0.7076
  TN3K - TI-RADS: Acc=0.0000, Prec=0.0000, Rec=0.0000, F1=0.0000, AUC=0.0000
Testing on DDTI...
  DDTI - Dice: 0.7889, HD95: 20.0781
  DDTI - BM: Acc=0.0000, Prec=0.0000, Rec=0.0000, F1=0.0000, AUROC=0.0000, AUPRC=0.0000
  DDTI - TI-RADS: Acc=0.0000, Prec=0.0000, Rec=0.0000, F1=0.0000, AUC=0.0000
Testing on ThyroidXL...
  ThyroidXL - Dice: 0.8436, HD95: 9.6777
  ThyroidXL - BM: Acc=0.7569, Prec=0.6679, Rec=0.9474, F1=0.7835, AUROC=0.8728, AUPRC=0.8257
  ThyroidXL - TI-RADS: Acc=0.0000, Prec=0.0000, Rec=0.0000, F1=0.0000, AUC=0.0000
Testing on PKTN...
  PKTN - Dice: 0.8096, HD95: 13.4423
  PKTN - BM: Acc=0.0000, Prec=0.0000, Rec=0.0000, F1=0.0000, AUROC=0.0000, AUPRC=0.0000
  PKTN - TI-RADS: Acc=0.0000, Prec=0.0000, Rec=0.0000, F1=0.0000, AUC=0.0000
Testing on TN5K...
  TN5K - Dice: 0.7910, HD95: 12.4800
  TN5K - BM: Acc=0.7950, Prec=0.8879, Rec=0.8235, F1=0.8545, AUROC=0.8386, AUPRC=0.9145
  TN5K - TI-RADS: Acc=0.0000, Prec=0.0000, Rec=0.0000, F1=0.0000, AUC=0.0000
Epoch:21: seg_loss(avg):0.4155, bm_loss(avg):0.1172, tirads_loss(avg):0.0000
Epoch:22: seg_loss(avg):0.4100, bm_loss(avg):0.1178, tirads_loss(avg):0.0000
Epoch:23: seg_loss(avg):0.4074, bm_loss(avg):0.0979, tirads_loss(avg):0.0000
Epoch:24: seg_loss(avg):0.4016, bm_loss(avg):0.0760, tirads_loss(avg):0.0000
Epoch:25: seg_loss(avg):0.3944, bm_loss(avg):0.0787, tirads_loss(avg):0.0000
Saved checkpoint at epoch 25

Validating epoch 25 on all test datasets...
Testing on TN3K...
  TN3K - Dice: 0.8756, HD95: 11.6701
  TN3K - BM: Acc=0.6857, Prec=0.5653, Rec=0.7881, F1=0.6584, AUROC=0.7761, AUPRC=0.6923
  TN3K - TI-RADS: Acc=0.0000, Prec=0.0000, Rec=0.0000, F1=0.0000, AUC=0.0000
Testing on DDTI...
  DDTI - Dice: 0.7877, HD95: 19.4023
  DDTI - BM: Acc=0.0000, Prec=0.0000, Rec=0.0000, F1=0.0000, AUROC=0.0000, AUPRC=0.0000
  DDTI - TI-RADS: Acc=0.0000, Prec=0.0000, Rec=0.0000, F1=0.0000, AUC=0.0000
Testing on ThyroidXL...
  ThyroidXL - Dice: 0.8443, HD95: 9.5578
  ThyroidXL - BM: Acc=0.7344, Prec=0.6436, Rec=0.9588, F1=0.7702, AUROC=0.8691, AUPRC=0.8231
  ThyroidXL - TI-RADS: Acc=0.0000, Prec=0.0000, Rec=0.0000, F1=0.0000, AUC=0.0000
Testing on PKTN...
  PKTN - Dice: 0.8106, HD95: 13.6117
  PKTN - BM: Acc=0.0000, Prec=0.0000, Rec=0.0000, F1=0.0000, AUROC=0.0000, AUPRC=0.0000
  PKTN - TI-RADS: Acc=0.0000, Prec=0.0000, Rec=0.0000, F1=0.0000, AUC=0.0000
Testing on TN5K...
  TN5K - Dice: 0.7910, HD95: 13.4322
  TN5K - BM: Acc=0.8110, Prec=0.8623, Rec=0.8824, F1=0.8722, AUROC=0.8396, AUPRC=0.9192
  TN5K - TI-RADS: Acc=0.0000, Prec=0.0000, Rec=0.0000, F1=0.0000, AUC=0.0000
Epoch:26: seg_loss(avg):0.3869, bm_loss(avg):0.0840, tirads_loss(avg):0.0000
Epoch:27: seg_loss(avg):0.3823, bm_loss(avg):0.0681, tirads_loss(avg):0.0000
Epoch:28: seg_loss(avg):0.3655, bm_loss(avg):0.0478, tirads_loss(avg):0.0000
Epoch:29: seg_loss(avg):0.3604, bm_loss(avg):0.0581, tirads_loss(avg):0.0000
Epoch:30: seg_loss(avg):0.3590, bm_loss(avg):0.0454, tirads_loss(avg):0.0000
Saved checkpoint at epoch 30

Validating epoch 30 on all test datasets...
Testing on TN3K...
  TN3K - Dice: 0.8762, HD95: 11.7779
  TN3K - BM: Acc=0.7182, Prec=0.6245, Rec=0.6695, F1=0.6462, AUROC=0.7573, AUPRC=0.6998
  TN3K - TI-RADS: Acc=0.0000, Prec=0.0000, Rec=0.0000, F1=0.0000, AUC=0.0000
Testing on DDTI...
  DDTI - Dice: 0.7927, HD95: 19.7113
  DDTI - BM: Acc=0.0000, Prec=0.0000, Rec=0.0000, F1=0.0000, AUROC=0.0000, AUPRC=0.0000
  DDTI - TI-RADS: Acc=0.0000, Prec=0.0000, Rec=0.0000, F1=0.0000, AUC=0.0000
Testing on ThyroidXL...
  ThyroidXL - Dice: 0.8402, HD95: 9.7478
  ThyroidXL - BM: Acc=0.7665, Prec=0.6985, Rec=0.8742, F1=0.7766, AUROC=0.8630, AUPRC=0.8260
  ThyroidXL - TI-RADS: Acc=0.0000, Prec=0.0000, Rec=0.0000, F1=0.0000, AUC=0.0000
Testing on PKTN...
  PKTN - Dice: 0.8111, HD95: 13.6020
  PKTN - BM: Acc=0.0000, Prec=0.0000, Rec=0.0000, F1=0.0000, AUROC=0.0000, AUPRC=0.0000
  PKTN - TI-RADS: Acc=0.0000, Prec=0.0000, Rec=0.0000, F1=0.0000, AUC=0.0000
Testing on TN5K...
  TN5K - Dice: 0.7912, HD95: 13.9615
  TN5K - BM: Acc=0.7450, Prec=0.9007, Rec=0.7319, F1=0.8075, AUROC=0.8190, AUPRC=0.9195
  TN5K - TI-RADS: Acc=0.0000, Prec=0.0000, Rec=0.0000, F1=0.0000, AUC=0.0000
Epoch:31: seg_loss(avg):0.3614, bm_loss(avg):0.0334, tirads_loss(avg):0.0000
Epoch:32: seg_loss(avg):0.3550, bm_loss(avg):0.0479, tirads_loss(avg):0.0000
Epoch:33: seg_loss(avg):0.3507, bm_loss(avg):0.0479, tirads_loss(avg):0.0000
Epoch:34: seg_loss(avg):0.3424, bm_loss(avg):0.0271, tirads_loss(avg):0.0000
Epoch:35: seg_loss(avg):0.3358, bm_loss(avg):0.0349, tirads_loss(avg):0.0000
Saved checkpoint at epoch 35

Validating epoch 35 on all test datasets...
Testing on TN3K...
  TN3K - Dice: 0.8788, HD95: 11.8988
  TN3K - BM: Acc=0.7101, Prec=0.6107, Rec=0.6780, F1=0.6426, AUROC=0.7532, AUPRC=0.6750
  TN3K - TI-RADS: Acc=0.0000, Prec=0.0000, Rec=0.0000, F1=0.0000, AUC=0.0000
Testing on DDTI...
  DDTI - Dice: 0.7805, HD95: 20.7900
  DDTI - BM: Acc=0.0000, Prec=0.0000, Rec=0.0000, F1=0.0000, AUROC=0.0000, AUPRC=0.0000
  DDTI - TI-RADS: Acc=0.0000, Prec=0.0000, Rec=0.0000, F1=0.0000, AUC=0.0000
Testing on ThyroidXL...
  ThyroidXL - Dice: 0.8415, HD95: 9.5822
  ThyroidXL - BM: Acc=0.7871, Prec=0.7309, Rec=0.8567, F1=0.7888, AUROC=0.8750, AUPRC=0.8405
  ThyroidXL - TI-RADS: Acc=0.0000, Prec=0.0000, Rec=0.0000, F1=0.0000, AUC=0.0000
Testing on PKTN...
  PKTN - Dice: 0.8122, HD95: 13.7308
  PKTN - BM: Acc=0.0000, Prec=0.0000, Rec=0.0000, F1=0.0000, AUROC=0.0000, AUPRC=0.0000
  PKTN - TI-RADS: Acc=0.0000, Prec=0.0000, Rec=0.0000, F1=0.0000, AUC=0.0000
Testing on TN5K...
  TN5K - Dice: 0.7910, HD95: 13.7554
  TN5K - BM: Acc=0.7580, Prec=0.9015, Rec=0.7510, F1=0.8194, AUROC=0.8205, AUPRC=0.9178
  TN5K - TI-RADS: Acc=0.0000, Prec=0.0000, Rec=0.0000, F1=0.0000, AUC=0.0000
Epoch:36: seg_loss(avg):0.3362, bm_loss(avg):0.0319, tirads_loss(avg):0.0000
Epoch:37: seg_loss(avg):0.3263, bm_loss(avg):0.0130, tirads_loss(avg):0.0000
Epoch:38: seg_loss(avg):0.3271, bm_loss(avg):0.0212, tirads_loss(avg):0.0000
Epoch:39: seg_loss(avg):0.3100, bm_loss(avg):0.0259, tirads_loss(avg):0.0000
Epoch:40: seg_loss(avg):0.3157, bm_loss(avg):0.0297, tirads_loss(avg):0.0000
Saved checkpoint at epoch 40

Validating epoch 40 on all test datasets...
Testing on TN3K...
  TN3K - Dice: 0.8796, HD95: 11.3846
  TN3K - BM: Acc=0.6792, Prec=0.5593, Rec=0.7797, F1=0.6513, AUROC=0.7626, AUPRC=0.6820
  TN3K - TI-RADS: Acc=0.0000, Prec=0.0000, Rec=0.0000, F1=0.0000, AUC=0.0000
Testing on DDTI...
  DDTI - Dice: 0.7931, HD95: 19.3807
  DDTI - BM: Acc=0.0000, Prec=0.0000, Rec=0.0000, F1=0.0000, AUROC=0.0000, AUPRC=0.0000
  DDTI - TI-RADS: Acc=0.0000, Prec=0.0000, Rec=0.0000, F1=0.0000, AUC=0.0000
Testing on ThyroidXL...
  ThyroidXL - Dice: 0.8412, HD95: 9.3416
  ThyroidXL - BM: Acc=0.7665, Prec=0.6913, Rec=0.8979, F1=0.7812, AUROC=0.8731, AUPRC=0.8346
  ThyroidXL - TI-RADS: Acc=0.0000, Prec=0.0000, Rec=0.0000, F1=0.0000, AUC=0.0000
Testing on PKTN...
  PKTN - Dice: 0.8124, HD95: 13.5889
  PKTN - BM: Acc=0.0000, Prec=0.0000, Rec=0.0000, F1=0.0000, AUROC=0.0000, AUPRC=0.0000
  PKTN - TI-RADS: Acc=0.0000, Prec=0.0000, Rec=0.0000, F1=0.0000, AUC=0.0000
Testing on TN5K...
  TN5K - Dice: 0.7970, HD95: 13.3575
  TN5K - BM: Acc=0.7660, Prec=0.8748, Rec=0.7934, F1=0.8321, AUROC=0.8127, AUPRC=0.9158
  TN5K - TI-RADS: Acc=0.0000, Prec=0.0000, Rec=0.0000, F1=0.0000, AUC=0.0000
Epoch:41: seg_loss(avg):0.3128, bm_loss(avg):0.0267, tirads_loss(avg):0.0000
Epoch:42: seg_loss(avg):0.3112, bm_loss(avg):0.0211, tirads_loss(avg):0.0000
Epoch:43: seg_loss(avg):0.3055, bm_loss(avg):0.0279, tirads_loss(avg):0.0000
Epoch:44: seg_loss(avg):0.3079, bm_loss(avg):0.0199, tirads_loss(avg):0.0000
Epoch:45: seg_loss(avg):0.3048, bm_loss(avg):0.0179, tirads_loss(avg):0.0000
Saved checkpoint at epoch 45

Validating epoch 45 on all test datasets...
Testing on TN3K...
  TN3K - Dice: 0.8762, HD95: 11.7554
  TN3K - BM: Acc=0.6840, Prec=0.5656, Rec=0.7669, F1=0.6511, AUROC=0.7648, AUPRC=0.6804
  TN3K - TI-RADS: Acc=0.0000, Prec=0.0000, Rec=0.0000, F1=0.0000, AUC=0.0000
Testing on DDTI...
  DDTI - Dice: 0.7901, HD95: 19.8753
  DDTI - BM: Acc=0.0000, Prec=0.0000, Rec=0.0000, F1=0.0000, AUROC=0.0000, AUPRC=0.0000
  DDTI - TI-RADS: Acc=0.0000, Prec=0.0000, Rec=0.0000, F1=0.0000, AUC=0.0000
Testing on ThyroidXL...
  ThyroidXL - Dice: 0.8433, HD95: 9.2479
  ThyroidXL - BM: Acc=0.7670, Prec=0.6888, Rec=0.9082, F1=0.7835, AUROC=0.8712, AUPRC=0.8156
  ThyroidXL - TI-RADS: Acc=0.0000, Prec=0.0000, Rec=0.0000, F1=0.0000, AUC=0.0000
Testing on PKTN...
  PKTN - Dice: 0.8141, HD95: 13.1106
  PKTN - BM: Acc=0.0000, Prec=0.0000, Rec=0.0000, F1=0.0000, AUROC=0.0000, AUPRC=0.0000
  PKTN - TI-RADS: Acc=0.0000, Prec=0.0000, Rec=0.0000, F1=0.0000, AUC=0.0000
Testing on TN5K...
  TN5K - Dice: 0.7948, HD95: 13.2209
  TN5K - BM: Acc=0.7690, Prec=0.8811, Rec=0.7907, F1=0.8335, AUROC=0.8157, AUPRC=0.9230
  TN5K - TI-RADS: Acc=0.0000, Prec=0.0000, Rec=0.0000, F1=0.0000, AUC=0.0000
Epoch:46: seg_loss(avg):0.3039, bm_loss(avg):0.0162, tirads_loss(avg):0.0000
Epoch:47: seg_loss(avg):0.2983, bm_loss(avg):0.0141, tirads_loss(avg):0.0000
Epoch:48: seg_loss(avg):0.2985, bm_loss(avg):0.0224, tirads_loss(avg):0.0000
Epoch:49: seg_loss(avg):0.3036, bm_loss(avg):0.0178, tirads_loss(avg):0.0000
Epoch:50: seg_loss(avg):0.3009, bm_loss(avg):0.0190, tirads_loss(avg):0.0000
Saved checkpoint at epoch 50

Validating epoch 50 on all test datasets...
Testing on TN3K...
  TN3K - Dice: 0.8772, HD95: 11.5582
  TN3K - BM: Acc=0.6824, Prec=0.5631, Rec=0.7754, F1=0.6524, AUROC=0.7605, AUPRC=0.6722
  TN3K - TI-RADS: Acc=0.0000, Prec=0.0000, Rec=0.0000, F1=0.0000, AUC=0.0000
Testing on DDTI...
  DDTI - Dice: 0.7918, HD95: 19.7237
  DDTI - BM: Acc=0.0000, Prec=0.0000, Rec=0.0000, F1=0.0000, AUROC=0.0000, AUPRC=0.0000
  DDTI - TI-RADS: Acc=0.0000, Prec=0.0000, Rec=0.0000, F1=0.0000, AUC=0.0000
Testing on ThyroidXL...
  ThyroidXL - Dice: 0.8424, HD95: 9.3043
  ThyroidXL - BM: Acc=0.7622, Prec=0.6818, Rec=0.9144, F1=0.7812, AUROC=0.8687, AUPRC=0.8106
  ThyroidXL - TI-RADS: Acc=0.0000, Prec=0.0000, Rec=0.0000, F1=0.0000, AUC=0.0000
Testing on PKTN...
  PKTN - Dice: 0.8139, HD95: 13.1745
  PKTN - BM: Acc=0.0000, Prec=0.0000, Rec=0.0000, F1=0.0000, AUROC=0.0000, AUPRC=0.0000
  PKTN - TI-RADS: Acc=0.0000, Prec=0.0000, Rec=0.0000, F1=0.0000, AUC=0.0000
Testing on TN5K...
  TN5K - Dice: 0.7955, HD95: 13.2526
  TN5K - BM: Acc=0.7680, Prec=0.8786, Rec=0.7921, F1=0.8331, AUROC=0.8132, AUPRC=0.9222
  TN5K - TI-RADS: Acc=0.0000, Prec=0.0000, Rec=0.0000, F1=0.0000, AUC=0.0000

========== Training Completed ==========
Training completed at Fri Dec 19 13:02:02 2025
