Training started at Sat Jan 31 19:50:35 2026
Method: dino_unet
Dataset: 128size_train_multitask_dataset_1
Epochs: 50
LR: 0.0001
Batch Size: 12
Image Size: 128 x 128
DINO pretrained: True
Use Dilation: False
Training set - Benign/Malignant: Benign=1965 (48.83%), Malignant=2059 (51.17%)
Auto-adjusted tau=0.30 (imbalance_ratio=1.05)
GLA parameters: p_benign=0.4883, p_malignant=0.5117, tau=0.30
Logit adjustment magnitude: 0.0140
Training set - TI-RADS distribution (1-5): [0, 0, 0, 0, 0]
TI-RADS probabilities: [0.20000000298023224, 0.20000000298023224, 0.20000000298023224, 0.20000000298023224, 0.20000000298023224]
Loss weights: seg=1.0, bm=1.0, tirads=1.0
GA-MTL schedule per optimizer step: ['seg', 'bm']
steps_per_epoch (optimizer steps): 167
Epoch:1: seg_loss(avg):0.9220, bm_loss(avg):0.6600, tirads_loss(avg):0.0000
Epoch:2: seg_loss(avg):0.7157, bm_loss(avg):0.5520, tirads_loss(avg):0.0000
Epoch:3: seg_loss(avg):0.6630, bm_loss(avg):0.4915, tirads_loss(avg):0.0000
Epoch:4: seg_loss(avg):0.6172, bm_loss(avg):0.4252, tirads_loss(avg):0.0000
Epoch:5: seg_loss(avg):0.5932, bm_loss(avg):0.3988, tirads_loss(avg):0.0000
Saved checkpoint at epoch 5
Epoch:6: seg_loss(avg):0.5789, bm_loss(avg):0.3863, tirads_loss(avg):0.0000
Epoch:7: seg_loss(avg):0.5695, bm_loss(avg):0.3618, tirads_loss(avg):0.0000
Epoch:8: seg_loss(avg):0.5533, bm_loss(avg):0.3322, tirads_loss(avg):0.0000
Epoch:9: seg_loss(avg):0.5278, bm_loss(avg):0.3340, tirads_loss(avg):0.0000
Epoch:10: seg_loss(avg):0.5230, bm_loss(avg):0.2989, tirads_loss(avg):0.0000
Saved checkpoint at epoch 10
Epoch:11: seg_loss(avg):0.5127, bm_loss(avg):0.2830, tirads_loss(avg):0.0000
Epoch:12: seg_loss(avg):0.5055, bm_loss(avg):0.2588, tirads_loss(avg):0.0000
Epoch:13: seg_loss(avg):0.4870, bm_loss(avg):0.2448, tirads_loss(avg):0.0000
Epoch:14: seg_loss(avg):0.4895, bm_loss(avg):0.2266, tirads_loss(avg):0.0000
Epoch:15: seg_loss(avg):0.4735, bm_loss(avg):0.2042, tirads_loss(avg):0.0000
Saved checkpoint at epoch 15
Epoch:16: seg_loss(avg):0.4868, bm_loss(avg):0.2017, tirads_loss(avg):0.0000
Epoch:17: seg_loss(avg):0.4694, bm_loss(avg):0.1863, tirads_loss(avg):0.0000
Epoch:18: seg_loss(avg):0.4595, bm_loss(avg):0.1602, tirads_loss(avg):0.0000
Epoch:19: seg_loss(avg):0.4448, bm_loss(avg):0.1612, tirads_loss(avg):0.0000
Epoch:20: seg_loss(avg):0.4709, bm_loss(avg):0.1610, tirads_loss(avg):0.0000
Saved checkpoint at epoch 20
Epoch:21: seg_loss(avg):0.4440, bm_loss(avg):0.1419, tirads_loss(avg):0.0000
Epoch:22: seg_loss(avg):0.4192, bm_loss(avg):0.1192, tirads_loss(avg):0.0000
Epoch:23: seg_loss(avg):0.4195, bm_loss(avg):0.1021, tirads_loss(avg):0.0000
Epoch:24: seg_loss(avg):0.4026, bm_loss(avg):0.1181, tirads_loss(avg):0.0000
Epoch:25: seg_loss(avg):0.3998, bm_loss(avg):0.1007, tirads_loss(avg):0.0000
Saved checkpoint at epoch 25
Epoch:26: seg_loss(avg):0.3883, bm_loss(avg):0.0677, tirads_loss(avg):0.0000
Epoch:27: seg_loss(avg):0.3834, bm_loss(avg):0.0787, tirads_loss(avg):0.0000
Epoch:28: seg_loss(avg):0.3778, bm_loss(avg):0.0809, tirads_loss(avg):0.0000
Epoch:29: seg_loss(avg):0.3774, bm_loss(avg):0.0573, tirads_loss(avg):0.0000
Epoch:30: seg_loss(avg):0.3614, bm_loss(avg):0.0650, tirads_loss(avg):0.0000
Saved checkpoint at epoch 30
Epoch:31: seg_loss(avg):0.3545, bm_loss(avg):0.0482, tirads_loss(avg):0.0000
Epoch:32: seg_loss(avg):0.3546, bm_loss(avg):0.0368, tirads_loss(avg):0.0000
Epoch:33: seg_loss(avg):0.3524, bm_loss(avg):0.0488, tirads_loss(avg):0.0000
Epoch:34: seg_loss(avg):0.3382, bm_loss(avg):0.0386, tirads_loss(avg):0.0000
Epoch:35: seg_loss(avg):0.3348, bm_loss(avg):0.0313, tirads_loss(avg):0.0000
Saved checkpoint at epoch 35
Epoch:36: seg_loss(avg):0.3249, bm_loss(avg):0.0334, tirads_loss(avg):0.0000
Epoch:37: seg_loss(avg):0.3298, bm_loss(avg):0.0303, tirads_loss(avg):0.0000
Epoch:38: seg_loss(avg):0.3142, bm_loss(avg):0.0220, tirads_loss(avg):0.0000
Epoch:39: seg_loss(avg):0.3124, bm_loss(avg):0.0210, tirads_loss(avg):0.0000
Epoch:40: seg_loss(avg):0.3043, bm_loss(avg):0.0157, tirads_loss(avg):0.0000
Saved checkpoint at epoch 40
Epoch:41: seg_loss(avg):0.3113, bm_loss(avg):0.0126, tirads_loss(avg):0.0000
Epoch:42: seg_loss(avg):0.3020, bm_loss(avg):0.0186, tirads_loss(avg):0.0000
Epoch:43: seg_loss(avg):0.3057, bm_loss(avg):0.0100, tirads_loss(avg):0.0000
Epoch:44: seg_loss(avg):0.2954, bm_loss(avg):0.0188, tirads_loss(avg):0.0000
Epoch:45: seg_loss(avg):0.3007, bm_loss(avg):0.0175, tirads_loss(avg):0.0000
Saved checkpoint at epoch 45
Epoch:46: seg_loss(avg):0.2892, bm_loss(avg):0.0175, tirads_loss(avg):0.0000
Epoch:47: seg_loss(avg):0.2926, bm_loss(avg):0.0109, tirads_loss(avg):0.0000
Epoch:48: seg_loss(avg):0.2920, bm_loss(avg):0.0082, tirads_loss(avg):0.0000
Epoch:49: seg_loss(avg):0.2884, bm_loss(avg):0.0128, tirads_loss(avg):0.0000
Epoch:50: seg_loss(avg):0.2880, bm_loss(avg):0.0131, tirads_loss(avg):0.0000
Saved checkpoint at epoch 50

Validating epoch 50 on all test datasets...
Testing on TN3K...
  TN3K - Dice: 0.7783, HD95: 9.8035
  TN3K - BM: Acc=0.8431, Prec=0.8196, Rec=0.8661, F1=0.8420, AUROC=0.9180, AUPRC=0.9089
  TN3K - TI-RADS: Acc=0.0000, Prec=0.0000, Rec=0.0000, F1=0.0000, AUC=0.0000
Testing on DDTI...
  DDTI - Dice: 0.7440, HD95: 11.5607
  DDTI - BM: Acc=0.0000, Prec=0.0000, Rec=0.0000, F1=0.0000, AUROC=0.0000, AUPRC=0.0000
  DDTI - TI-RADS: Acc=0.0000, Prec=0.0000, Rec=0.0000, F1=0.0000, AUC=0.0000
Testing on ThyroidXL...
  ThyroidXL - Dice: 0.8052, HD95: 5.7096
  ThyroidXL - BM: Acc=0.6559, Prec=0.4317, Rec=0.8807, F1=0.5792, AUROC=0.8302, AUPRC=0.6360
  ThyroidXL - TI-RADS: Acc=0.0000, Prec=0.0000, Rec=0.0000, F1=0.0000, AUC=0.0000
Testing on PKTN...
  PKTN - Dice: 0.7315, HD95: 9.5169
  PKTN - BM: Acc=0.0000, Prec=0.0000, Rec=0.0000, F1=0.0000, AUROC=0.0000, AUPRC=0.0000
  PKTN - TI-RADS: Acc=0.0000, Prec=0.0000, Rec=0.0000, F1=0.0000, AUC=0.0000
Testing on TN5K...
  TN5K - Dice: 0.6632, HD95: 9.8727
  TN5K - BM: Acc=0.6713, Prec=0.8304, Rec=0.6706, F1=0.7417, AUROC=0.7594, AUPRC=0.8657
  TN5K - TI-RADS: Acc=0.0000, Prec=0.0000, Rec=0.0000, F1=0.0000, AUC=0.0000
Testing on Cine-Clip...
  Cine-Clip - Dice: 0.6368, HD95: 14.4960
  Cine-Clip - BM: Acc=0.8492, Prec=0.2804, Rec=0.1676, F1=0.2096, AUROC=0.6268, AUPRC=0.2345
  Cine-Clip - TI-RADS: Acc=0.3911, Prec=0.1238, Rec=0.1894, F1=0.1166, AUC=0.4994

========== Evaluation Summary (All Test Records) ==========

Dataset: TN3K
Eval epochs: [50]
Dice per eval: [0.7782999873161316]
HD95 per eval: [9.803500175476074]
Best Dice: 0.7783 at epoch 50
Best HD95: 9.8035 at epoch 50

BM metrics per eval:
  Acc:  [0.8431]
  Prec: [0.8196]
  Rec:  [0.8661]
  F1:   [0.842]
  AUROC:[0.918]
  AUPRC:[0.9089]
Best BM F1: 0.8420 at epoch 50

TI-RADS metrics per eval:
  Acc:  [0.0]
  Prec: [0.0]
  Rec:  [0.0]
  F1:   [0.0]
  AUC:  [0.0]
Best TI-RADS F1: 0.0000 at epoch 50

Dataset: DDTI
Eval epochs: [50]
Dice per eval: [0.7440000176429749]
HD95 per eval: [11.560700416564941]
Best Dice: 0.7440 at epoch 50
Best HD95: 11.5607 at epoch 50

BM metrics per eval:
  Acc:  [0.0]
  Prec: [0.0]
  Rec:  [0.0]
  F1:   [0.0]
  AUROC:[0.0]
  AUPRC:[0.0]
Best BM F1: 0.0000 at epoch 50

TI-RADS metrics per eval:
  Acc:  [0.0]
  Prec: [0.0]
  Rec:  [0.0]
  F1:   [0.0]
  AUC:  [0.0]
Best TI-RADS F1: 0.0000 at epoch 50

Dataset: ThyroidXL
Eval epochs: [50]
Dice per eval: [0.8051999807357788]
HD95 per eval: [5.70959997177124]
Best Dice: 0.8052 at epoch 50
Best HD95: 5.7096 at epoch 50

BM metrics per eval:
  Acc:  [0.6559]
  Prec: [0.4317]
  Rec:  [0.8807]
  F1:   [0.5792]
  AUROC:[0.8302]
  AUPRC:[0.636]
Best BM F1: 0.5792 at epoch 50

TI-RADS metrics per eval:
  Acc:  [0.0]
  Prec: [0.0]
  Rec:  [0.0]
  F1:   [0.0]
  AUC:  [0.0]
Best TI-RADS F1: 0.0000 at epoch 50

Dataset: PKTN
Eval epochs: [50]
Dice per eval: [0.7315000295639038]
HD95 per eval: [9.516900062561035]
Best Dice: 0.7315 at epoch 50
Best HD95: 9.5169 at epoch 50

BM metrics per eval:
  Acc:  [0.0]
  Prec: [0.0]
  Rec:  [0.0]
  F1:   [0.0]
  AUROC:[0.0]
  AUPRC:[0.0]
Best BM F1: 0.0000 at epoch 50

TI-RADS metrics per eval:
  Acc:  [0.0]
  Prec: [0.0]
  Rec:  [0.0]
  F1:   [0.0]
  AUC:  [0.0]
Best TI-RADS F1: 0.0000 at epoch 50

Dataset: TN5K
Eval epochs: [50]
Dice per eval: [0.6632000207901001]
HD95 per eval: [9.872699737548828]
Best Dice: 0.6632 at epoch 50
Best HD95: 9.8727 at epoch 50

BM metrics per eval:
  Acc:  [0.6713]
  Prec: [0.8304]
  Rec:  [0.6706]
  F1:   [0.7417]
  AUROC:[0.7594]
  AUPRC:[0.8657]
Best BM F1: 0.7417 at epoch 50

TI-RADS metrics per eval:
  Acc:  [0.0]
  Prec: [0.0]
  Rec:  [0.0]
  F1:   [0.0]
  AUC:  [0.0]
Best TI-RADS F1: 0.0000 at epoch 50

Dataset: Cine-Clip
Eval epochs: [50]
Dice per eval: [0.6367999911308289]
HD95 per eval: [14.496000289916992]
Best Dice: 0.6368 at epoch 50
Best HD95: 14.4960 at epoch 50

BM metrics per eval:
  Acc:  [0.8492]
  Prec: [0.2804]
  Rec:  [0.1676]
  F1:   [0.2096]
  AUROC:[0.6268]
  AUPRC:[0.2345]
Best BM F1: 0.2096 at epoch 50

TI-RADS metrics per eval:
  Acc:  [0.3911]
  Prec: [0.1238]
  Rec:  [0.1894]
  F1:   [0.1166]
  AUC:  [0.4994]
Best TI-RADS F1: 0.1166 at epoch 50

==========================================================

========== Training Completed ==========
Training completed at Sat Jan 31 20:22:21 2026
