Training started at Mon Jan 12 11:43:15 2026
Method: dino_unet
Dataset: train_multitask_dataset2
Epochs: 50
LR: 0.0001
Batch Size: 12
Image Size: 224 x 224
DINO pretrained: True
Use Dilation: False
Training set - Benign/Malignant: Benign=9383 (65.73%), Malignant=4891 (34.27%)
Auto-adjusted tau=0.70 (imbalance_ratio=1.92)
GLA parameters: p_benign=0.6573, p_malignant=0.3427, tau=0.70
Logit adjustment magnitude: 0.4561
Training set - TI-RADS distribution (1-5): [0, 0, 0, 0, 0]
TI-RADS probabilities: [0.20000000298023224, 0.20000000298023224, 0.20000000298023224, 0.20000000298023224, 0.20000000298023224]
Loss weights: seg=1.0, bm=1.0, tirads=1.0
GA-MTL schedule per optimizer step: ['seg', 'bm']
steps_per_epoch (optimizer steps): 594
Epoch:1: seg_loss(avg):0.6123, bm_loss(avg):0.6287, tirads_loss(avg):0.0000
Epoch:2: seg_loss(avg):0.4791, bm_loss(avg):0.4707, tirads_loss(avg):0.0000
Epoch:3: seg_loss(avg):0.4530, bm_loss(avg):0.4092, tirads_loss(avg):0.0000
Epoch:4: seg_loss(avg):0.4367, bm_loss(avg):0.3721, tirads_loss(avg):0.0000
Epoch:5: seg_loss(avg):0.4290, bm_loss(avg):0.3653, tirads_loss(avg):0.0000
Saved checkpoint at epoch 5

Validating epoch 5 on all test datasets...
Testing on TN3K...
  TN3K - Dice: 0.8133, HD95: 13.6157
  TN3K - BM: Acc=0.7229, Prec=0.6196, Rec=0.7240, F1=0.6673, AUROC=0.7881, AUPRC=0.7188
  TN3K - TI-RADS: Acc=0.0000, Prec=0.0000, Rec=0.0000, F1=0.0000, AUC=0.0000
Testing on DDTI...
  DDTI - Dice: 0.7700, HD95: 18.8921
  DDTI - BM: Acc=0.0000, Prec=0.0000, Rec=0.0000, F1=0.0000, AUROC=0.0000, AUPRC=0.0000
  DDTI - TI-RADS: Acc=0.0000, Prec=0.0000, Rec=0.0000, F1=0.0000, AUC=0.0000
Testing on ThyroidXL...
  ThyroidXL - Dice: 0.8538, HD95: 6.9122
  ThyroidXL - BM: Acc=0.8236, Prec=0.8727, Rec=0.7259, F1=0.7925, AUROC=0.9260, AUPRC=0.8988
  ThyroidXL - TI-RADS: Acc=0.0000, Prec=0.0000, Rec=0.0000, F1=0.0000, AUC=0.0000
Testing on PKTN...
  PKTN - Dice: 0.7664, HD95: 14.6999
  PKTN - BM: Acc=0.0000, Prec=0.0000, Rec=0.0000, F1=0.0000, AUROC=0.0000, AUPRC=0.0000
  PKTN - TI-RADS: Acc=0.0000, Prec=0.0000, Rec=0.0000, F1=0.0000, AUC=0.0000
Testing on TN5K...
  TN5K - Dice: 0.7104, HD95: 16.1167
  TN5K - BM: Acc=0.7952, Prec=0.8892, Rec=0.8224, F1=0.8544, AUROC=0.8610, AUPRC=0.9451
  TN5K - TI-RADS: Acc=0.0000, Prec=0.0000, Rec=0.0000, F1=0.0000, AUC=0.0000
Epoch:6: seg_loss(avg):0.4201, bm_loss(avg):0.3323, tirads_loss(avg):0.0000
Epoch:7: seg_loss(avg):0.4131, bm_loss(avg):0.3166, tirads_loss(avg):0.0000
Epoch:8: seg_loss(avg):0.4036, bm_loss(avg):0.2906, tirads_loss(avg):0.0000
Epoch:9: seg_loss(avg):0.4011, bm_loss(avg):0.2697, tirads_loss(avg):0.0000
Epoch:10: seg_loss(avg):0.3948, bm_loss(avg):0.2588, tirads_loss(avg):0.0000
Saved checkpoint at epoch 10

Validating epoch 10 on all test datasets...
Testing on TN3K...
  TN3K - Dice: 0.8207, HD95: 13.3894
  TN3K - BM: Acc=0.7113, Prec=0.5971, Rec=0.7665, F1=0.6708, AUROC=0.7949, AUPRC=0.7417
  TN3K - TI-RADS: Acc=0.0000, Prec=0.0000, Rec=0.0000, F1=0.0000, AUC=0.0000
Testing on DDTI...
  DDTI - Dice: 0.7698, HD95: 18.0194
  DDTI - BM: Acc=0.0000, Prec=0.0000, Rec=0.0000, F1=0.0000, AUROC=0.0000, AUPRC=0.0000
  DDTI - TI-RADS: Acc=0.0000, Prec=0.0000, Rec=0.0000, F1=0.0000, AUC=0.0000
Testing on ThyroidXL...
  ThyroidXL - Dice: 0.8602, HD95: 6.4926
  ThyroidXL - BM: Acc=0.8381, Prec=0.8211, Rec=0.8329, F1=0.8269, AUROC=0.9218, AUPRC=0.9050
  ThyroidXL - TI-RADS: Acc=0.0000, Prec=0.0000, Rec=0.0000, F1=0.0000, AUC=0.0000
Testing on PKTN...
  PKTN - Dice: 0.7860, HD95: 12.9367
  PKTN - BM: Acc=0.0000, Prec=0.0000, Rec=0.0000, F1=0.0000, AUROC=0.0000, AUPRC=0.0000
  PKTN - TI-RADS: Acc=0.0000, Prec=0.0000, Rec=0.0000, F1=0.0000, AUC=0.0000
Testing on TN5K...
  TN5K - Dice: 0.7459, HD95: 13.3910
  TN5K - BM: Acc=0.8032, Prec=0.8740, Rec=0.8538, F1=0.8637, AUROC=0.8518, AUPRC=0.9359
  TN5K - TI-RADS: Acc=0.0000, Prec=0.0000, Rec=0.0000, F1=0.0000, AUC=0.0000
Epoch:11: seg_loss(avg):0.3971, bm_loss(avg):0.2509, tirads_loss(avg):0.0000
Epoch:12: seg_loss(avg):0.3892, bm_loss(avg):0.2173, tirads_loss(avg):0.0000
Epoch:13: seg_loss(avg):0.3871, bm_loss(avg):0.2115, tirads_loss(avg):0.0000
Epoch:14: seg_loss(avg):0.3840, bm_loss(avg):0.2080, tirads_loss(avg):0.0000
Epoch:15: seg_loss(avg):0.3864, bm_loss(avg):0.1976, tirads_loss(avg):0.0000
Saved checkpoint at epoch 15

Validating epoch 15 on all test datasets...
Testing on TN3K...
  TN3K - Dice: 0.8189, HD95: 12.7266
  TN3K - BM: Acc=0.6671, Prec=0.5461, Rec=0.7961, F1=0.6474, AUROC=0.7724, AUPRC=0.6879
  TN3K - TI-RADS: Acc=0.0000, Prec=0.0000, Rec=0.0000, F1=0.0000, AUC=0.0000
Testing on DDTI...
  DDTI - Dice: 0.7408, HD95: 20.1727
  DDTI - BM: Acc=0.0000, Prec=0.0000, Rec=0.0000, F1=0.0000, AUROC=0.0000, AUPRC=0.0000
  DDTI - TI-RADS: Acc=0.0000, Prec=0.0000, Rec=0.0000, F1=0.0000, AUC=0.0000
Testing on ThyroidXL...
  ThyroidXL - Dice: 0.8619, HD95: 6.2415
  ThyroidXL - BM: Acc=0.8243, Prec=0.8871, Rec=0.7124, F1=0.7901, AUROC=0.9271, AUPRC=0.9075
  ThyroidXL - TI-RADS: Acc=0.0000, Prec=0.0000, Rec=0.0000, F1=0.0000, AUC=0.0000
Testing on PKTN...
  PKTN - Dice: 0.7670, HD95: 14.5434
  PKTN - BM: Acc=0.0000, Prec=0.0000, Rec=0.0000, F1=0.0000, AUROC=0.0000, AUPRC=0.0000
  PKTN - TI-RADS: Acc=0.0000, Prec=0.0000, Rec=0.0000, F1=0.0000, AUC=0.0000
Testing on TN5K...
  TN5K - Dice: 0.7169, HD95: 15.7661
  TN5K - BM: Acc=0.7722, Prec=0.8331, Rec=0.8608, F1=0.8467, AUROC=0.7967, AUPRC=0.9036
  TN5K - TI-RADS: Acc=0.0000, Prec=0.0000, Rec=0.0000, F1=0.0000, AUC=0.0000
Epoch:16: seg_loss(avg):0.3765, bm_loss(avg):0.1779, tirads_loss(avg):0.0000
Epoch:17: seg_loss(avg):0.3687, bm_loss(avg):0.1709, tirads_loss(avg):0.0000
Epoch:18: seg_loss(avg):0.3671, bm_loss(avg):0.1511, tirads_loss(avg):0.0000
Epoch:19: seg_loss(avg):0.3667, bm_loss(avg):0.1442, tirads_loss(avg):0.0000
Epoch:20: seg_loss(avg):0.3604, bm_loss(avg):0.1299, tirads_loss(avg):0.0000
Saved checkpoint at epoch 20

Validating epoch 20 on all test datasets...
Testing on TN3K...
  TN3K - Dice: 0.8234, HD95: 14.0272
  TN3K - BM: Acc=0.7247, Prec=0.6211, Rec=0.7289, F1=0.6703, AUROC=0.7891, AUPRC=0.7293
  TN3K - TI-RADS: Acc=0.0000, Prec=0.0000, Rec=0.0000, F1=0.0000, AUC=0.0000
Testing on DDTI...
  DDTI - Dice: 0.7460, HD95: 22.1137
  DDTI - BM: Acc=0.0000, Prec=0.0000, Rec=0.0000, F1=0.0000, AUROC=0.0000, AUPRC=0.0000
  DDTI - TI-RADS: Acc=0.0000, Prec=0.0000, Rec=0.0000, F1=0.0000, AUC=0.0000
Testing on ThyroidXL...
  ThyroidXL - Dice: 0.8668, HD95: 6.1002
  ThyroidXL - BM: Acc=0.8401, Prec=0.8326, Rec=0.8205, F1=0.8265, AUROC=0.9233, AUPRC=0.9132
  ThyroidXL - TI-RADS: Acc=0.0000, Prec=0.0000, Rec=0.0000, F1=0.0000, AUC=0.0000
Testing on PKTN...
  PKTN - Dice: 0.7814, HD95: 14.5889
  PKTN - BM: Acc=0.0000, Prec=0.0000, Rec=0.0000, F1=0.0000, AUROC=0.0000, AUPRC=0.0000
  PKTN - TI-RADS: Acc=0.0000, Prec=0.0000, Rec=0.0000, F1=0.0000, AUC=0.0000
Testing on TN5K...
  TN5K - Dice: 0.7297, HD95: 15.5514
  TN5K - BM: Acc=0.7702, Prec=0.8778, Rec=0.7965, F1=0.8351, AUROC=0.8241, AUPRC=0.9075
  TN5K - TI-RADS: Acc=0.0000, Prec=0.0000, Rec=0.0000, F1=0.0000, AUC=0.0000
Epoch:21: seg_loss(avg):0.3562, bm_loss(avg):0.1154, tirads_loss(avg):0.0000
Epoch:22: seg_loss(avg):0.3548, bm_loss(avg):0.1116, tirads_loss(avg):0.0000
Epoch:23: seg_loss(avg):0.3522, bm_loss(avg):0.0993, tirads_loss(avg):0.0000
Epoch:24: seg_loss(avg):0.3509, bm_loss(avg):0.0914, tirads_loss(avg):0.0000
Epoch:25: seg_loss(avg):0.3468, bm_loss(avg):0.0867, tirads_loss(avg):0.0000
Saved checkpoint at epoch 25

Validating epoch 25 on all test datasets...
Testing on TN3K...
  TN3K - Dice: 0.8112, HD95: 14.0721
  TN3K - BM: Acc=0.6464, Prec=0.5268, Rec=0.7928, F1=0.6326, AUROC=0.7439, AUPRC=0.6497
  TN3K - TI-RADS: Acc=0.0000, Prec=0.0000, Rec=0.0000, F1=0.0000, AUC=0.0000
Testing on DDTI...
  DDTI - Dice: 0.7617, HD95: 19.5745
  DDTI - BM: Acc=0.0000, Prec=0.0000, Rec=0.0000, F1=0.0000, AUROC=0.0000, AUPRC=0.0000
  DDTI - TI-RADS: Acc=0.0000, Prec=0.0000, Rec=0.0000, F1=0.0000, AUC=0.0000
Testing on ThyroidXL...
  ThyroidXL - Dice: 0.8632, HD95: 6.1941
  ThyroidXL - BM: Acc=0.8153, Prec=0.8935, Rec=0.6836, F1=0.7745, AUROC=0.9217, AUPRC=0.9082
  ThyroidXL - TI-RADS: Acc=0.0000, Prec=0.0000, Rec=0.0000, F1=0.0000, AUC=0.0000
Testing on PKTN...
  PKTN - Dice: 0.7806, HD95: 13.8923
  PKTN - BM: Acc=0.0000, Prec=0.0000, Rec=0.0000, F1=0.0000, AUROC=0.0000, AUPRC=0.0000
  PKTN - TI-RADS: Acc=0.0000, Prec=0.0000, Rec=0.0000, F1=0.0000, AUC=0.0000
Testing on TN5K...
  TN5K - Dice: 0.7192, HD95: 16.7051
  TN5K - BM: Acc=0.7940, Prec=0.8620, Rec=0.8551, F1=0.8585, AUROC=0.8187, AUPRC=0.9051
  TN5K - TI-RADS: Acc=0.0000, Prec=0.0000, Rec=0.0000, F1=0.0000, AUC=0.0000
Epoch:26: seg_loss(avg):0.3393, bm_loss(avg):0.0700, tirads_loss(avg):0.0000
Epoch:27: seg_loss(avg):0.3376, bm_loss(avg):0.0702, tirads_loss(avg):0.0000
Epoch:28: seg_loss(avg):0.3333, bm_loss(avg):0.0599, tirads_loss(avg):0.0000
Epoch:29: seg_loss(avg):0.3298, bm_loss(avg):0.0522, tirads_loss(avg):0.0000
Epoch:30: seg_loss(avg):0.3250, bm_loss(avg):0.0488, tirads_loss(avg):0.0000
Saved checkpoint at epoch 30

Validating epoch 30 on all test datasets...
Testing on TN3K...
  TN3K - Dice: 0.8305, HD95: 11.9668
  TN3K - BM: Acc=0.7038, Prec=0.5916, Rec=0.7417, F1=0.6578, AUROC=0.7558, AUPRC=0.6991
  TN3K - TI-RADS: Acc=0.0000, Prec=0.0000, Rec=0.0000, F1=0.0000, AUC=0.0000
Testing on DDTI...
  DDTI - Dice: 0.7583, HD95: 19.2490
  DDTI - BM: Acc=0.0000, Prec=0.0000, Rec=0.0000, F1=0.0000, AUROC=0.0000, AUPRC=0.0000
  DDTI - TI-RADS: Acc=0.0000, Prec=0.0000, Rec=0.0000, F1=0.0000, AUC=0.0000
Testing on ThyroidXL...
  ThyroidXL - Dice: 0.8674, HD95: 5.7871
  ThyroidXL - BM: Acc=0.8299, Prec=0.8753, Rec=0.7389, F1=0.8013, AUROC=0.9275, AUPRC=0.9138
  ThyroidXL - TI-RADS: Acc=0.0000, Prec=0.0000, Rec=0.0000, F1=0.0000, AUC=0.0000
Testing on PKTN...
  PKTN - Dice: 0.7907, HD95: 12.0690
  PKTN - BM: Acc=0.0000, Prec=0.0000, Rec=0.0000, F1=0.0000, AUROC=0.0000, AUPRC=0.0000
  PKTN - TI-RADS: Acc=0.0000, Prec=0.0000, Rec=0.0000, F1=0.0000, AUC=0.0000
Testing on TN5K...
  TN5K - Dice: 0.7447, HD95: 13.0389
  TN5K - BM: Acc=0.7595, Prec=0.8669, Rec=0.7927, F1=0.8281, AUROC=0.8156, AUPRC=0.9103
  TN5K - TI-RADS: Acc=0.0000, Prec=0.0000, Rec=0.0000, F1=0.0000, AUC=0.0000
Epoch:31: seg_loss(avg):0.3192, bm_loss(avg):0.0518, tirads_loss(avg):0.0000
Epoch:32: seg_loss(avg):0.3200, bm_loss(avg):0.0392, tirads_loss(avg):0.0000
Epoch:33: seg_loss(avg):0.3120, bm_loss(avg):0.0415, tirads_loss(avg):0.0000
Epoch:34: seg_loss(avg):0.3097, bm_loss(avg):0.0340, tirads_loss(avg):0.0000
Epoch:35: seg_loss(avg):0.3078, bm_loss(avg):0.0281, tirads_loss(avg):0.0000
Saved checkpoint at epoch 35

Validating epoch 35 on all test datasets...
Testing on TN3K...
  TN3K - Dice: 0.8366, HD95: 11.7902
  TN3K - BM: Acc=0.6675, Prec=0.5515, Rec=0.7246, F1=0.6258, AUROC=0.7433, AUPRC=0.6752
  TN3K - TI-RADS: Acc=0.0000, Prec=0.0000, Rec=0.0000, F1=0.0000, AUC=0.0000
Testing on DDTI...
  DDTI - Dice: 0.7698, HD95: 18.0429
  DDTI - BM: Acc=0.0000, Prec=0.0000, Rec=0.0000, F1=0.0000, AUROC=0.0000, AUPRC=0.0000
  DDTI - TI-RADS: Acc=0.0000, Prec=0.0000, Rec=0.0000, F1=0.0000, AUC=0.0000
Testing on ThyroidXL...
  ThyroidXL - Dice: 0.8702, HD95: 5.8620
  ThyroidXL - BM: Acc=0.8281, Prec=0.8861, Rec=0.7227, F1=0.7960, AUROC=0.9258, AUPRC=0.9142
  ThyroidXL - TI-RADS: Acc=0.0000, Prec=0.0000, Rec=0.0000, F1=0.0000, AUC=0.0000
Testing on PKTN...
  PKTN - Dice: 0.7949, HD95: 12.7392
  PKTN - BM: Acc=0.0000, Prec=0.0000, Rec=0.0000, F1=0.0000, AUROC=0.0000, AUPRC=0.0000
  PKTN - TI-RADS: Acc=0.0000, Prec=0.0000, Rec=0.0000, F1=0.0000, AUC=0.0000
Testing on TN5K...
  TN5K - Dice: 0.7509, HD95: 13.5664
  TN5K - BM: Acc=0.7792, Prec=0.8602, Rec=0.8335, F1=0.8465, AUROC=0.8080, AUPRC=0.8974
  TN5K - TI-RADS: Acc=0.0000, Prec=0.0000, Rec=0.0000, F1=0.0000, AUC=0.0000
Epoch:36: seg_loss(avg):0.3023, bm_loss(avg):0.0261, tirads_loss(avg):0.0000
Epoch:37: seg_loss(avg):0.3048, bm_loss(avg):0.0338, tirads_loss(avg):0.0000
Epoch:38: seg_loss(avg):0.2981, bm_loss(avg):0.0278, tirads_loss(avg):0.0000
Epoch:39: seg_loss(avg):0.2955, bm_loss(avg):0.0219, tirads_loss(avg):0.0000
Epoch:40: seg_loss(avg):0.2953, bm_loss(avg):0.0237, tirads_loss(avg):0.0000
Saved checkpoint at epoch 40

Validating epoch 40 on all test datasets...
Testing on TN3K...
  TN3K - Dice: 0.8349, HD95: 11.7190
  TN3K - BM: Acc=0.6762, Prec=0.5581, Rec=0.7588, F1=0.6427, AUROC=0.7689, AUPRC=0.6905
  TN3K - TI-RADS: Acc=0.0000, Prec=0.0000, Rec=0.0000, F1=0.0000, AUC=0.0000
Testing on DDTI...
  DDTI - Dice: 0.7592, HD95: 19.4080
  DDTI - BM: Acc=0.0000, Prec=0.0000, Rec=0.0000, F1=0.0000, AUROC=0.0000, AUPRC=0.0000
  DDTI - TI-RADS: Acc=0.0000, Prec=0.0000, Rec=0.0000, F1=0.0000, AUC=0.0000
Testing on ThyroidXL...
  ThyroidXL - Dice: 0.8726, HD95: 5.7405
  ThyroidXL - BM: Acc=0.8491, Prec=0.8618, Rec=0.8039, F1=0.8318, AUROC=0.9306, AUPRC=0.9188
  ThyroidXL - TI-RADS: Acc=0.0000, Prec=0.0000, Rec=0.0000, F1=0.0000, AUC=0.0000
Testing on PKTN...
  PKTN - Dice: 0.7971, HD95: 12.2132
  PKTN - BM: Acc=0.0000, Prec=0.0000, Rec=0.0000, F1=0.0000, AUROC=0.0000, AUPRC=0.0000
  PKTN - TI-RADS: Acc=0.0000, Prec=0.0000, Rec=0.0000, F1=0.0000, AUC=0.0000
Testing on TN5K...
  TN5K - Dice: 0.7555, HD95: 13.1000
  TN5K - BM: Acc=0.7973, Prec=0.8647, Rec=0.8568, F1=0.8607, AUROC=0.8340, AUPRC=0.9116
  TN5K - TI-RADS: Acc=0.0000, Prec=0.0000, Rec=0.0000, F1=0.0000, AUC=0.0000
Epoch:41: seg_loss(avg):0.2900, bm_loss(avg):0.0180, tirads_loss(avg):0.0000
Epoch:42: seg_loss(avg):0.2915, bm_loss(avg):0.0142, tirads_loss(avg):0.0000
Epoch:43: seg_loss(avg):0.2879, bm_loss(avg):0.0186, tirads_loss(avg):0.0000
Epoch:44: seg_loss(avg):0.2820, bm_loss(avg):0.0169, tirads_loss(avg):0.0000
Epoch:45: seg_loss(avg):0.2854, bm_loss(avg):0.0125, tirads_loss(avg):0.0000
Saved checkpoint at epoch 45

Validating epoch 45 on all test datasets...
Testing on TN3K...
  TN3K - Dice: 0.8345, HD95: 11.7842
  TN3K - BM: Acc=0.6922, Prec=0.5788, Rec=0.7332, F1=0.6465, AUROC=0.7543, AUPRC=0.6566
  TN3K - TI-RADS: Acc=0.0000, Prec=0.0000, Rec=0.0000, F1=0.0000, AUC=0.0000
Testing on DDTI...
  DDTI - Dice: 0.7645, HD95: 18.8276
  DDTI - BM: Acc=0.0000, Prec=0.0000, Rec=0.0000, F1=0.0000, AUROC=0.0000, AUPRC=0.0000
  DDTI - TI-RADS: Acc=0.0000, Prec=0.0000, Rec=0.0000, F1=0.0000, AUC=0.0000
Testing on ThyroidXL...
  ThyroidXL - Dice: 0.8721, HD95: 5.7413
  ThyroidXL - BM: Acc=0.8410, Prec=0.8788, Rec=0.7627, F1=0.8166, AUROC=0.9302, AUPRC=0.9173
  ThyroidXL - TI-RADS: Acc=0.0000, Prec=0.0000, Rec=0.0000, F1=0.0000, AUC=0.0000
Testing on PKTN...
  PKTN - Dice: 0.7959, HD95: 12.3556
  PKTN - BM: Acc=0.0000, Prec=0.0000, Rec=0.0000, F1=0.0000, AUROC=0.0000, AUPRC=0.0000
  PKTN - TI-RADS: Acc=0.0000, Prec=0.0000, Rec=0.0000, F1=0.0000, AUC=0.0000
Testing on TN5K...
  TN5K - Dice: 0.7530, HD95: 13.0352
  TN5K - BM: Acc=0.7831, Prec=0.8713, Rec=0.8253, F1=0.8476, AUROC=0.8257, AUPRC=0.8996
  TN5K - TI-RADS: Acc=0.0000, Prec=0.0000, Rec=0.0000, F1=0.0000, AUC=0.0000
Epoch:46: seg_loss(avg):0.2826, bm_loss(avg):0.0099, tirads_loss(avg):0.0000
Epoch:47: seg_loss(avg):0.2801, bm_loss(avg):0.0113, tirads_loss(avg):0.0000
Epoch:48: seg_loss(avg):0.2792, bm_loss(avg):0.0082, tirads_loss(avg):0.0000
Epoch:49: seg_loss(avg):0.2801, bm_loss(avg):0.0153, tirads_loss(avg):0.0000
Epoch:50: seg_loss(avg):0.2821, bm_loss(avg):0.0138, tirads_loss(avg):0.0000
Saved checkpoint at epoch 50

Validating epoch 50 on all test datasets...
Testing on TN3K...
  TN3K - Dice: 0.8352, HD95: 11.8407
  TN3K - BM: Acc=0.6938, Prec=0.5813, Rec=0.7289, F1=0.6463, AUROC=0.7541, AUPRC=0.6510
  TN3K - TI-RADS: Acc=0.0000, Prec=0.0000, Rec=0.0000, F1=0.0000, AUC=0.0000
Testing on DDTI...
  DDTI - Dice: 0.7607, HD95: 19.1680
  DDTI - BM: Acc=0.0000, Prec=0.0000, Rec=0.0000, F1=0.0000, AUROC=0.0000, AUPRC=0.0000
  DDTI - TI-RADS: Acc=0.0000, Prec=0.0000, Rec=0.0000, F1=0.0000, AUC=0.0000
Testing on ThyroidXL...
  ThyroidXL - Dice: 0.8725, HD95: 5.7210
  ThyroidXL - BM: Acc=0.8410, Prec=0.8824, Rec=0.7586, F1=0.8158, AUROC=0.9306, AUPRC=0.9174
  ThyroidXL - TI-RADS: Acc=0.0000, Prec=0.0000, Rec=0.0000, F1=0.0000, AUC=0.0000
Testing on PKTN...
  PKTN - Dice: 0.7964, HD95: 12.3927
  PKTN - BM: Acc=0.0000, Prec=0.0000, Rec=0.0000, F1=0.0000, AUROC=0.0000, AUPRC=0.0000
  PKTN - TI-RADS: Acc=0.0000, Prec=0.0000, Rec=0.0000, F1=0.0000, AUC=0.0000
Testing on TN5K...
  TN5K - Dice: 0.7548, HD95: 13.0191
  TN5K - BM: Acc=0.7851, Prec=0.8738, Rec=0.8253, F1=0.8488, AUROC=0.8258, AUPRC=0.8996
  TN5K - TI-RADS: Acc=0.0000, Prec=0.0000, Rec=0.0000, F1=0.0000, AUC=0.0000

========== Evaluation Summary (All Test Records) ==========

Dataset: TN3K
Eval epochs: [5, 10, 15, 20, 25, 30, 35, 40, 45, 50]
Dice per eval: [0.8133000135421753, 0.8206999897956848, 0.8188999891281128, 0.8234000205993652, 0.8112000226974487, 0.8305000066757202, 0.8366000056266785, 0.8349000215530396, 0.8345000147819519, 0.8352000117301941]
HD95 per eval: [13.615699768066406, 13.389399528503418, 12.72659969329834, 14.027199745178223, 14.072099685668945, 11.96679973602295, 11.790200233459473, 11.718999862670898, 11.784199714660645, 11.840700149536133]
Best Dice: 0.8366 at epoch 35
Best HD95: 11.7190 at epoch 40

BM metrics per eval:
  Acc:  [0.7229, 0.7113, 0.6671, 0.7247, 0.6464, 0.7038, 0.6675, 0.6762, 0.6922, 0.6938]
  Prec: [0.6196, 0.5971, 0.5461, 0.6211, 0.5268, 0.5916, 0.5515, 0.5581, 0.5788, 0.5813]
  Rec:  [0.724, 0.7665, 0.7961, 0.7289, 0.7928, 0.7417, 0.7246, 0.7588, 0.7332, 0.7289]
  F1:   [0.6673, 0.6708, 0.6474, 0.6703, 0.6326, 0.6578, 0.6258, 0.6427, 0.6465, 0.6463]
  AUROC:[0.7881, 0.7949, 0.7724, 0.7891, 0.7439, 0.7558, 0.7433, 0.7689, 0.7543, 0.7541]
  AUPRC:[0.7188, 0.7417, 0.6879, 0.7293, 0.6497, 0.6991, 0.6752, 0.6905, 0.6566, 0.651]
Best BM F1: 0.6708 at epoch 10

TI-RADS metrics per eval:
  Acc:  [0.0, 0.0, 0.0, 0.0, 0.0, 0.0, 0.0, 0.0, 0.0, 0.0]
  Prec: [0.0, 0.0, 0.0, 0.0, 0.0, 0.0, 0.0, 0.0, 0.0, 0.0]
  Rec:  [0.0, 0.0, 0.0, 0.0, 0.0, 0.0, 0.0, 0.0, 0.0, 0.0]
  F1:   [0.0, 0.0, 0.0, 0.0, 0.0, 0.0, 0.0, 0.0, 0.0, 0.0]
  AUC:  [0.0, 0.0, 0.0, 0.0, 0.0, 0.0, 0.0, 0.0, 0.0, 0.0]
Best TI-RADS F1: 0.0000 at epoch 5

Dataset: DDTI
Eval epochs: [5, 10, 15, 20, 25, 30, 35, 40, 45, 50]
Dice per eval: [0.7699999809265137, 0.7698000073432922, 0.7408000230789185, 0.7459999918937683, 0.7616999745368958, 0.7583000063896179, 0.7698000073432922, 0.7591999769210815, 0.7645000219345093, 0.760699987411499]
HD95 per eval: [18.892099380493164, 18.019399642944336, 20.172700881958008, 22.11370086669922, 19.574499130249023, 19.249000549316406, 18.04290008544922, 19.408000946044922, 18.827600479125977, 19.167999267578125]
Best Dice: 0.7700 at epoch 5
Best HD95: 18.0194 at epoch 10

BM metrics per eval:
  Acc:  [0.0, 0.0, 0.0, 0.0, 0.0, 0.0, 0.0, 0.0, 0.0, 0.0]
  Prec: [0.0, 0.0, 0.0, 0.0, 0.0, 0.0, 0.0, 0.0, 0.0, 0.0]
  Rec:  [0.0, 0.0, 0.0, 0.0, 0.0, 0.0, 0.0, 0.0, 0.0, 0.0]
  F1:   [0.0, 0.0, 0.0, 0.0, 0.0, 0.0, 0.0, 0.0, 0.0, 0.0]
  AUROC:[0.0, 0.0, 0.0, 0.0, 0.0, 0.0, 0.0, 0.0, 0.0, 0.0]
  AUPRC:[0.0, 0.0, 0.0, 0.0, 0.0, 0.0, 0.0, 0.0, 0.0, 0.0]
Best BM F1: 0.0000 at epoch 5

TI-RADS metrics per eval:
  Acc:  [0.0, 0.0, 0.0, 0.0, 0.0, 0.0, 0.0, 0.0, 0.0, 0.0]
  Prec: [0.0, 0.0, 0.0, 0.0, 0.0, 0.0, 0.0, 0.0, 0.0, 0.0]
  Rec:  [0.0, 0.0, 0.0, 0.0, 0.0, 0.0, 0.0, 0.0, 0.0, 0.0]
  F1:   [0.0, 0.0, 0.0, 0.0, 0.0, 0.0, 0.0, 0.0, 0.0, 0.0]
  AUC:  [0.0, 0.0, 0.0, 0.0, 0.0, 0.0, 0.0, 0.0, 0.0, 0.0]
Best TI-RADS F1: 0.0000 at epoch 5

Dataset: ThyroidXL
Eval epochs: [5, 10, 15, 20, 25, 30, 35, 40, 45, 50]
Dice per eval: [0.8537999987602234, 0.8601999878883362, 0.8618999719619751, 0.8668000102043152, 0.8632000088691711, 0.8673999905586243, 0.870199978351593, 0.8726000189781189, 0.8720999956130981, 0.8725000023841858]
HD95 per eval: [6.912199974060059, 6.492599964141846, 6.241499900817871, 6.100200176239014, 6.1940999031066895, 5.787099838256836, 5.861999988555908, 5.740499973297119, 5.741300106048584, 5.7210001945495605]
Best Dice: 0.8726 at epoch 40
Best HD95: 5.7210 at epoch 50

BM metrics per eval:
  Acc:  [0.8236, 0.8381, 0.8243, 0.8401, 0.8153, 0.8299, 0.8281, 0.8491, 0.841, 0.841]
  Prec: [0.8727, 0.8211, 0.8871, 0.8326, 0.8935, 0.8753, 0.8861, 0.8618, 0.8788, 0.8824]
  Rec:  [0.7259, 0.8329, 0.7124, 0.8205, 0.6836, 0.7389, 0.7227, 0.8039, 0.7627, 0.7586]
  F1:   [0.7925, 0.8269, 0.7901, 0.8265, 0.7745, 0.8013, 0.796, 0.8318, 0.8166, 0.8158]
  AUROC:[0.926, 0.9218, 0.9271, 0.9233, 0.9217, 0.9275, 0.9258, 0.9306, 0.9302, 0.9306]
  AUPRC:[0.8988, 0.905, 0.9075, 0.9132, 0.9082, 0.9138, 0.9142, 0.9188, 0.9173, 0.9174]
Best BM F1: 0.8318 at epoch 40

TI-RADS metrics per eval:
  Acc:  [0.0, 0.0, 0.0, 0.0, 0.0, 0.0, 0.0, 0.0, 0.0, 0.0]
  Prec: [0.0, 0.0, 0.0, 0.0, 0.0, 0.0, 0.0, 0.0, 0.0, 0.0]
  Rec:  [0.0, 0.0, 0.0, 0.0, 0.0, 0.0, 0.0, 0.0, 0.0, 0.0]
  F1:   [0.0, 0.0, 0.0, 0.0, 0.0, 0.0, 0.0, 0.0, 0.0, 0.0]
  AUC:  [0.0, 0.0, 0.0, 0.0, 0.0, 0.0, 0.0, 0.0, 0.0, 0.0]
Best TI-RADS F1: 0.0000 at epoch 5

Dataset: PKTN
Eval epochs: [5, 10, 15, 20, 25, 30, 35, 40, 45, 50]
Dice per eval: [0.7663999795913696, 0.7860000133514404, 0.7670000195503235, 0.7814000248908997, 0.7806000113487244, 0.7907000184059143, 0.7949000000953674, 0.7971000075340271, 0.7958999872207642, 0.7964000105857849]
HD95 per eval: [14.699899673461914, 12.936699867248535, 14.543399810791016, 14.588899612426758, 13.89229965209961, 12.069000244140625, 12.7391996383667, 12.213199615478516, 12.355600357055664, 12.3927001953125]
Best Dice: 0.7971 at epoch 40
Best HD95: 12.0690 at epoch 30

BM metrics per eval:
  Acc:  [0.0, 0.0, 0.0, 0.0, 0.0, 0.0, 0.0, 0.0, 0.0, 0.0]
  Prec: [0.0, 0.0, 0.0, 0.0, 0.0, 0.0, 0.0, 0.0, 0.0, 0.0]
  Rec:  [0.0, 0.0, 0.0, 0.0, 0.0, 0.0, 0.0, 0.0, 0.0, 0.0]
  F1:   [0.0, 0.0, 0.0, 0.0, 0.0, 0.0, 0.0, 0.0, 0.0, 0.0]
  AUROC:[0.0, 0.0, 0.0, 0.0, 0.0, 0.0, 0.0, 0.0, 0.0, 0.0]
  AUPRC:[0.0, 0.0, 0.0, 0.0, 0.0, 0.0, 0.0, 0.0, 0.0, 0.0]
Best BM F1: 0.0000 at epoch 5

TI-RADS metrics per eval:
  Acc:  [0.0, 0.0, 0.0, 0.0, 0.0, 0.0, 0.0, 0.0, 0.0, 0.0]
  Prec: [0.0, 0.0, 0.0, 0.0, 0.0, 0.0, 0.0, 0.0, 0.0, 0.0]
  Rec:  [0.0, 0.0, 0.0, 0.0, 0.0, 0.0, 0.0, 0.0, 0.0, 0.0]
  F1:   [0.0, 0.0, 0.0, 0.0, 0.0, 0.0, 0.0, 0.0, 0.0, 0.0]
  AUC:  [0.0, 0.0, 0.0, 0.0, 0.0, 0.0, 0.0, 0.0, 0.0, 0.0]
Best TI-RADS F1: 0.0000 at epoch 5

Dataset: TN5K
Eval epochs: [5, 10, 15, 20, 25, 30, 35, 40, 45, 50]
Dice per eval: [0.7103999853134155, 0.7458999752998352, 0.7168999910354614, 0.7297000288963318, 0.7192000150680542, 0.744700014591217, 0.7508999705314636, 0.7555000185966492, 0.753000020980835, 0.754800021648407]
HD95 per eval: [16.11669921875, 13.390999794006348, 15.76609992980957, 15.551400184631348, 16.70509910583496, 13.038900375366211, 13.566399574279785, 13.100000381469727, 13.035200119018555, 13.019100189208984]
Best Dice: 0.7555 at epoch 40
Best HD95: 13.0191 at epoch 50

BM metrics per eval:
  Acc:  [0.7952, 0.8032, 0.7722, 0.7702, 0.794, 0.7595, 0.7792, 0.7973, 0.7831, 0.7851]
  Prec: [0.8892, 0.874, 0.8331, 0.8778, 0.862, 0.8669, 0.8602, 0.8647, 0.8713, 0.8738]
  Rec:  [0.8224, 0.8538, 0.8608, 0.7965, 0.8551, 0.7927, 0.8335, 0.8568, 0.8253, 0.8253]
  F1:   [0.8544, 0.8637, 0.8467, 0.8351, 0.8585, 0.8281, 0.8465, 0.8607, 0.8476, 0.8488]
  AUROC:[0.861, 0.8518, 0.7967, 0.8241, 0.8187, 0.8156, 0.808, 0.834, 0.8257, 0.8258]
  AUPRC:[0.9451, 0.9359, 0.9036, 0.9075, 0.9051, 0.9103, 0.8974, 0.9116, 0.8996, 0.8996]
Best BM F1: 0.8637 at epoch 10

TI-RADS metrics per eval:
  Acc:  [0.0, 0.0, 0.0, 0.0, 0.0, 0.0, 0.0, 0.0, 0.0, 0.0]
  Prec: [0.0, 0.0, 0.0, 0.0, 0.0, 0.0, 0.0, 0.0, 0.0, 0.0]
  Rec:  [0.0, 0.0, 0.0, 0.0, 0.0, 0.0, 0.0, 0.0, 0.0, 0.0]
  F1:   [0.0, 0.0, 0.0, 0.0, 0.0, 0.0, 0.0, 0.0, 0.0, 0.0]
  AUC:  [0.0, 0.0, 0.0, 0.0, 0.0, 0.0, 0.0, 0.0, 0.0, 0.0]
Best TI-RADS F1: 0.0000 at epoch 5

==========================================================

========== Training Completed ==========
Training completed at Mon Jan 12 13:19:19 2026
