Training started at Wed Dec 17 16:38:33 2025
Method: dino_unet
Dataset: train_multitask_dataset1
Epochs: 50
Learning Rate: 0.0001
Batch Size: 12
Train Image Path: /mnt/wangbd8/workspace/DataSets/ThyroidAgent/Superimposed_multitask/dataset_1/images/
Train Mask Path: /mnt/wangbd8/workspace/DataSets/ThyroidAgent/Superimposed_multitask/dataset_1/masks/
Number of test datasets: 5
Test Dataset 1: TN3K
  Image path: /mnt/wangbd8/workspace/DataSets/ThyroidAgent/TN3K/test-image/
  Mask path: /mnt/wangbd8/workspace/DataSets/ThyroidAgent/TN3K/test-mask/
Test Dataset 2: DDTI
  Image path: /mnt/wangbd8/workspace/DataSets/ThyroidAgent/DDTI/2_preprocessed_data/stage1/p_image/
  Mask path: /mnt/wangbd8/workspace/DataSets/ThyroidAgent/DDTI/2_preprocessed_data/stage1/p_mask/
Test Dataset 3: ThyroidXL
  Image path: /mnt/wangbd8/workspace/DataSets/ThyroidAgent/ThyroidXL/test/images/
  Mask path: /mnt/wangbd8/workspace/DataSets/ThyroidAgent/ThyroidXL/test/masks/
Test Dataset 4: PKTN
  Image path: /mnt/wangbd8/workspace/DataSets/ThyroidAgent/PKTN_processed/images/
  Mask path: /mnt/wangbd8/workspace/DataSets/ThyroidAgent/PKTN_processed/masks/
Test Dataset 5: TN5K
  Image path: /mnt/wangbd8/workspace/DataSets/ThyroidAgent/TN5K_processed/test/images/
  Mask path: /mnt/wangbd8/workspace/DataSets/ThyroidAgent/TN5K_processed/test/masks/
Training set - Benign/Malignant: Benign=2331 (49.25%), Malignant=2402 (50.75%)
Auto-adjusted tau=0.30 (imbalance_ratio=1.03)
GLA parameters: p_benign=0.4925, p_malignant=0.5075, tau=0.30
Logit adjustment magnitude: 0.0090
Training set - TI-RADS distribution: [0, 0, 0, 0, 0]
TI-RADS probabilities: [0.20000000298023224, 0.20000000298023224, 0.20000000298023224, 0.20000000298023224, 0.20000000298023224]
Seg Weight: 1.0
Benign Malignant Weight: 1.0
TIRADS Weight: 1.0
Epoch:1: seg_loss:0.7197, bm_loss:0.3416, ti_loss:0.0000
Epoch:2: seg_loss:0.5907, bm_loss:0.7991, ti_loss:0.0000
Epoch:3: seg_loss:0.5684, bm_loss:0.2662, ti_loss:0.0000
Epoch:4: seg_loss:0.4464, bm_loss:0.3164, ti_loss:0.0000
Epoch:5: seg_loss:0.4734, bm_loss:0.1144, ti_loss:0.0000
Saved checkpoint at epoch 5

Validating epoch 5 on all test datasets...
Testing on TN3K...
  TN3K - Dice: 0.8730, HD95: 12.9488
  TN3K - Benign/Malignant: Acc=0.7215, Prec=0.6109, Rec=0.7585, F1=0.6767, AUROC=0.8101, AUPRC=0.7420
  TN3K - TI-RADS: Acc=0.0000, Prec=0.0000, Rec=0.0000, F1=0.0000, AUC=0.0000
Testing on DDTI...
  DDTI - Dice: 0.7707, HD95: 22.6173
  DDTI - Benign/Malignant: Acc=0.0000, Prec=0.0000, Rec=0.0000, F1=0.0000, AUROC=0.0000, AUPRC=0.0000
  DDTI - TI-RADS: Acc=0.0000, Prec=0.0000, Rec=0.0000, F1=0.0000, AUC=0.0000
Testing on ThyroidXL...
  ThyroidXL - Dice: 0.8278, HD95: 10.8153
  ThyroidXL - Benign/Malignant: Acc=0.7392, Prec=0.6475, Rec=0.9619, F1=0.7740, AUROC=0.8867, AUPRC=0.8527
  ThyroidXL - TI-RADS: Acc=0.0000, Prec=0.0000, Rec=0.0000, F1=0.0000, AUC=0.0000
Testing on PKTN...
  PKTN - Dice: 0.8005, HD95: 15.5964
  PKTN - Benign/Malignant: Acc=0.0000, Prec=0.0000, Rec=0.0000, F1=0.0000, AUROC=0.0000, AUPRC=0.0000
  PKTN - TI-RADS: Acc=0.0000, Prec=0.0000, Rec=0.0000, F1=0.0000, AUC=0.0000
Testing on TN5K...
  TN5K - Dice: 0.7740, HD95: 15.5916
  TN5K - Benign/Malignant: Acc=0.8090, Prec=0.8534, Rec=0.8919, F1=0.8722, AUROC=0.8496, AUPRC=0.9292
  TN5K - TI-RADS: Acc=0.0000, Prec=0.0000, Rec=0.0000, F1=0.0000, AUC=0.0000
Epoch:6: seg_loss:0.5587, bm_loss:0.5047, ti_loss:0.0000
Epoch:7: seg_loss:0.4636, bm_loss:0.1184, ti_loss:0.0000
Epoch:8: seg_loss:0.4664, bm_loss:0.5713, ti_loss:0.0000
Epoch:9: seg_loss:0.4243, bm_loss:0.4543, ti_loss:0.0000
Epoch:10: seg_loss:0.4006, bm_loss:0.0738, ti_loss:0.0000
Saved checkpoint at epoch 10

Validating epoch 10 on all test datasets...
Testing on TN3K...
  TN3K - Dice: 0.8608, HD95: 13.7287
  TN3K - Benign/Malignant: Acc=0.6889, Prec=0.5684, Rec=0.7924, F1=0.6619, AUROC=0.7660, AUPRC=0.6889
  TN3K - TI-RADS: Acc=0.0000, Prec=0.0000, Rec=0.0000, F1=0.0000, AUC=0.0000
Testing on DDTI...
  DDTI - Dice: 0.7780, HD95: 21.8146
  DDTI - Benign/Malignant: Acc=0.0000, Prec=0.0000, Rec=0.0000, F1=0.0000, AUROC=0.0000, AUPRC=0.0000
  DDTI - TI-RADS: Acc=0.0000, Prec=0.0000, Rec=0.0000, F1=0.0000, AUC=0.0000
Testing on ThyroidXL...
  ThyroidXL - Dice: 0.8412, HD95: 10.0467
  ThyroidXL - Benign/Malignant: Acc=0.7478, Prec=0.6616, Rec=0.9351, F1=0.7749, AUROC=0.8793, AUPRC=0.8474
  ThyroidXL - TI-RADS: Acc=0.0000, Prec=0.0000, Rec=0.0000, F1=0.0000, AUC=0.0000
Testing on PKTN...
  PKTN - Dice: 0.7828, HD95: 16.0133
  PKTN - Benign/Malignant: Acc=0.0000, Prec=0.0000, Rec=0.0000, F1=0.0000, AUROC=0.0000, AUPRC=0.0000
  PKTN - TI-RADS: Acc=0.0000, Prec=0.0000, Rec=0.0000, F1=0.0000, AUC=0.0000
Testing on TN5K...
  TN5K - Dice: 0.7558, HD95: 17.3705
  TN5K - Benign/Malignant: Acc=0.7840, Prec=0.8562, Rec=0.8468, F1=0.8514, AUROC=0.8265, AUPRC=0.9199
  TN5K - TI-RADS: Acc=0.0000, Prec=0.0000, Rec=0.0000, F1=0.0000, AUC=0.0000
Epoch:11: seg_loss:0.4927, bm_loss:0.0190, ti_loss:0.0000
Epoch:12: seg_loss:0.4136, bm_loss:0.4881, ti_loss:0.0000
Epoch:13: seg_loss:0.3887, bm_loss:0.0119, ti_loss:0.0000
Epoch:14: seg_loss:0.3560, bm_loss:0.0428, ti_loss:0.0000
Epoch:15: seg_loss:0.4284, bm_loss:0.2685, ti_loss:0.0000
Saved checkpoint at epoch 15

Validating epoch 15 on all test datasets...
Testing on TN3K...
  TN3K - Dice: 0.8676, HD95: 13.2874
  TN3K - Benign/Malignant: Acc=0.6938, Prec=0.5851, Rec=0.6992, F1=0.6371, AUROC=0.7425, AUPRC=0.6786
  TN3K - TI-RADS: Acc=0.0000, Prec=0.0000, Rec=0.0000, F1=0.0000, AUC=0.0000
Testing on DDTI...
  DDTI - Dice: 0.7997, HD95: 18.9545
  DDTI - Benign/Malignant: Acc=0.0000, Prec=0.0000, Rec=0.0000, F1=0.0000, AUROC=0.0000, AUPRC=0.0000
  DDTI - TI-RADS: Acc=0.0000, Prec=0.0000, Rec=0.0000, F1=0.0000, AUC=0.0000
Testing on ThyroidXL...
  ThyroidXL - Dice: 0.8409, HD95: 10.4004
  ThyroidXL - Benign/Malignant: Acc=0.7770, Prec=0.7111, Rec=0.8753, F1=0.7847, AUROC=0.8715, AUPRC=0.8408
  ThyroidXL - TI-RADS: Acc=0.0000, Prec=0.0000, Rec=0.0000, F1=0.0000, AUC=0.0000
Testing on PKTN...
  PKTN - Dice: 0.7770, HD95: 16.9023
  PKTN - Benign/Malignant: Acc=0.0000, Prec=0.0000, Rec=0.0000, F1=0.0000, AUROC=0.0000, AUPRC=0.0000
  PKTN - TI-RADS: Acc=0.0000, Prec=0.0000, Rec=0.0000, F1=0.0000, AUC=0.0000
Testing on TN5K...
  TN5K - Dice: 0.7684, HD95: 16.5814
  TN5K - Benign/Malignant: Acc=0.7480, Prec=0.8612, Rec=0.7811, F1=0.8192, AUROC=0.8031, AUPRC=0.9101
  TN5K - TI-RADS: Acc=0.0000, Prec=0.0000, Rec=0.0000, F1=0.0000, AUC=0.0000
Epoch:16: seg_loss:0.4125, bm_loss:0.7353, ti_loss:0.0000
Epoch:17: seg_loss:0.3931, bm_loss:0.0075, ti_loss:0.0000
Epoch:18: seg_loss:0.3358, bm_loss:0.0037, ti_loss:0.0000
Epoch:19: seg_loss:0.3106, bm_loss:0.0249, ti_loss:0.0000
Epoch:20: seg_loss:0.4672, bm_loss:0.0076, ti_loss:0.0000
Saved checkpoint at epoch 20

Validating epoch 20 on all test datasets...
Testing on TN3K...
  TN3K - Dice: 0.8804, HD95: 12.0360
  TN3K - Benign/Malignant: Acc=0.6775, Prec=0.5572, Rec=0.7839, F1=0.6514, AUROC=0.7454, AUPRC=0.6396
  TN3K - TI-RADS: Acc=0.0000, Prec=0.0000, Rec=0.0000, F1=0.0000, AUC=0.0000
Testing on DDTI...
  DDTI - Dice: 0.7942, HD95: 19.8912
  DDTI - Benign/Malignant: Acc=0.0000, Prec=0.0000, Rec=0.0000, F1=0.0000, AUROC=0.0000, AUPRC=0.0000
  DDTI - TI-RADS: Acc=0.0000, Prec=0.0000, Rec=0.0000, F1=0.0000, AUC=0.0000
Testing on ThyroidXL...
  ThyroidXL - Dice: 0.8428, HD95: 9.7417
  ThyroidXL - Benign/Malignant: Acc=0.6833, Prec=0.5985, Rec=0.9649, F1=0.7388, AUROC=0.8598, AUPRC=0.8143
  ThyroidXL - TI-RADS: Acc=0.0000, Prec=0.0000, Rec=0.0000, F1=0.0000, AUC=0.0000
Testing on PKTN...
  PKTN - Dice: 0.7903, HD95: 14.8800
  PKTN - Benign/Malignant: Acc=0.0000, Prec=0.0000, Rec=0.0000, F1=0.0000, AUROC=0.0000, AUPRC=0.0000
  PKTN - TI-RADS: Acc=0.0000, Prec=0.0000, Rec=0.0000, F1=0.0000, AUC=0.0000
Testing on TN5K...
  TN5K - Dice: 0.7963, HD95: 13.0834
  TN5K - Benign/Malignant: Acc=0.7720, Prec=0.8517, Rec=0.8331, F1=0.8423, AUROC=0.7996, AUPRC=0.9004
  TN5K - TI-RADS: Acc=0.0000, Prec=0.0000, Rec=0.0000, F1=0.0000, AUC=0.0000
Epoch:21: seg_loss:0.5132, bm_loss:0.0020, ti_loss:0.0000
Epoch:22: seg_loss:0.3749, bm_loss:0.1249, ti_loss:0.0000
Epoch:23: seg_loss:0.4563, bm_loss:0.0012, ti_loss:0.0000
Epoch:24: seg_loss:0.2702, bm_loss:0.0011, ti_loss:0.0000
Epoch:25: seg_loss:0.2505, bm_loss:0.0036, ti_loss:0.0000
Saved checkpoint at epoch 25

Validating epoch 25 on all test datasets...
Testing on TN3K...
  TN3K - Dice: 0.8782, HD95: 11.5890
  TN3K - Benign/Malignant: Acc=0.6840, Prec=0.5648, Rec=0.7754, F1=0.6536, AUROC=0.7773, AUPRC=0.6924
  TN3K - TI-RADS: Acc=0.0000, Prec=0.0000, Rec=0.0000, F1=0.0000, AUC=0.0000
Testing on DDTI...
  DDTI - Dice: 0.8014, HD95: 18.3240
  DDTI - Benign/Malignant: Acc=0.0000, Prec=0.0000, Rec=0.0000, F1=0.0000, AUROC=0.0000, AUPRC=0.0000
  DDTI - TI-RADS: Acc=0.0000, Prec=0.0000, Rec=0.0000, F1=0.0000, AUC=0.0000
Testing on ThyroidXL...
  ThyroidXL - Dice: 0.8466, HD95: 9.6884
  ThyroidXL - Benign/Malignant: Acc=0.7455, Prec=0.6594, Rec=0.9340, F1=0.7730, AUROC=0.8675, AUPRC=0.8317
  ThyroidXL - TI-RADS: Acc=0.0000, Prec=0.0000, Rec=0.0000, F1=0.0000, AUC=0.0000
Testing on PKTN...
  PKTN - Dice: 0.8118, HD95: 13.3845
  PKTN - Benign/Malignant: Acc=0.0000, Prec=0.0000, Rec=0.0000, F1=0.0000, AUROC=0.0000, AUPRC=0.0000
  PKTN - TI-RADS: Acc=0.0000, Prec=0.0000, Rec=0.0000, F1=0.0000, AUC=0.0000
Testing on TN5K...
  TN5K - Dice: 0.7875, HD95: 13.4287
  TN5K - Benign/Malignant: Acc=0.7970, Prec=0.8511, Rec=0.8755, F1=0.8631, AUROC=0.8297, AUPRC=0.9172
  TN5K - TI-RADS: Acc=0.0000, Prec=0.0000, Rec=0.0000, F1=0.0000, AUC=0.0000
Epoch:26: seg_loss:0.3558, bm_loss:0.0080, ti_loss:0.0000
Epoch:27: seg_loss:0.3116, bm_loss:0.0015, ti_loss:0.0000
Epoch:28: seg_loss:0.2756, bm_loss:0.0008, ti_loss:0.0000
Epoch:29: seg_loss:0.3304, bm_loss:0.0009, ti_loss:0.0000
Epoch:30: seg_loss:0.2777, bm_loss:0.0013, ti_loss:0.0000
Saved checkpoint at epoch 30

Validating epoch 30 on all test datasets...
Testing on TN3K...
  TN3K - Dice: 0.8801, HD95: 10.9810
  TN3K - Benign/Malignant: Acc=0.7036, Prec=0.6007, Rec=0.6822, F1=0.6389, AUROC=0.7622, AUPRC=0.6702
  TN3K - TI-RADS: Acc=0.0000, Prec=0.0000, Rec=0.0000, F1=0.0000, AUC=0.0000
Testing on DDTI...
  DDTI - Dice: 0.8117, HD95: 17.5657
  DDTI - Benign/Malignant: Acc=0.0000, Prec=0.0000, Rec=0.0000, F1=0.0000, AUROC=0.0000, AUPRC=0.0000
  DDTI - TI-RADS: Acc=0.0000, Prec=0.0000, Rec=0.0000, F1=0.0000, AUC=0.0000
Testing on ThyroidXL...
  ThyroidXL - Dice: 0.8481, HD95: 9.3580
  ThyroidXL - Benign/Malignant: Acc=0.7842, Prec=0.7122, Rec=0.8979, F1=0.7943, AUROC=0.8789, AUPRC=0.8444
  ThyroidXL - TI-RADS: Acc=0.0000, Prec=0.0000, Rec=0.0000, F1=0.0000, AUC=0.0000
Testing on PKTN...
  PKTN - Dice: 0.8106, HD95: 13.6195
  PKTN - Benign/Malignant: Acc=0.0000, Prec=0.0000, Rec=0.0000, F1=0.0000, AUROC=0.0000, AUPRC=0.0000
  PKTN - TI-RADS: Acc=0.0000, Prec=0.0000, Rec=0.0000, F1=0.0000, AUC=0.0000
Testing on TN5K...
  TN5K - Dice: 0.7911, HD95: 13.3171
  TN5K - Benign/Malignant: Acc=0.7680, Prec=0.8798, Rec=0.7907, F1=0.8329, AUROC=0.8321, AUPRC=0.9245
  TN5K - TI-RADS: Acc=0.0000, Prec=0.0000, Rec=0.0000, F1=0.0000, AUC=0.0000
Epoch:31: seg_loss:0.2468, bm_loss:0.0010, ti_loss:0.0000
Epoch:32: seg_loss:0.2863, bm_loss:0.0004, ti_loss:0.0000
Epoch:33: seg_loss:0.2155, bm_loss:0.0007, ti_loss:0.0000
Epoch:34: seg_loss:0.2309, bm_loss:0.0005, ti_loss:0.0000
Epoch:35: seg_loss:0.2397, bm_loss:0.0005, ti_loss:0.0000
Saved checkpoint at epoch 35

Validating epoch 35 on all test datasets...
Testing on TN3K...
  TN3K - Dice: 0.8816, HD95: 11.1194
  TN3K - Benign/Malignant: Acc=0.6954, Prec=0.5872, Rec=0.6992, F1=0.6383, AUROC=0.7635, AUPRC=0.6597
  TN3K - TI-RADS: Acc=0.0000, Prec=0.0000, Rec=0.0000, F1=0.0000, AUC=0.0000
Testing on DDTI...
  DDTI - Dice: 0.8105, HD95: 17.6479
  DDTI - Benign/Malignant: Acc=0.0000, Prec=0.0000, Rec=0.0000, F1=0.0000, AUROC=0.0000, AUPRC=0.0000
  DDTI - TI-RADS: Acc=0.0000, Prec=0.0000, Rec=0.0000, F1=0.0000, AUC=0.0000
Testing on ThyroidXL...
  ThyroidXL - Dice: 0.8466, HD95: 9.4524
  ThyroidXL - Benign/Malignant: Acc=0.7780, Prec=0.7034, Rec=0.9021, F1=0.7904, AUROC=0.8717, AUPRC=0.8198
  ThyroidXL - TI-RADS: Acc=0.0000, Prec=0.0000, Rec=0.0000, F1=0.0000, AUC=0.0000
Testing on PKTN...
  PKTN - Dice: 0.8159, HD95: 13.3964
  PKTN - Benign/Malignant: Acc=0.0000, Prec=0.0000, Rec=0.0000, F1=0.0000, AUROC=0.0000, AUPRC=0.0000
  PKTN - TI-RADS: Acc=0.0000, Prec=0.0000, Rec=0.0000, F1=0.0000, AUC=0.0000
Testing on TN5K...
  TN5K - Dice: 0.7934, HD95: 13.5499
  TN5K - Benign/Malignant: Acc=0.7850, Prec=0.8817, Rec=0.8153, F1=0.8472, AUROC=0.8295, AUPRC=0.9151
  TN5K - TI-RADS: Acc=0.0000, Prec=0.0000, Rec=0.0000, F1=0.0000, AUC=0.0000
Epoch:36: seg_loss:0.3355, bm_loss:0.0008, ti_loss:0.0000
Epoch:37: seg_loss:0.2797, bm_loss:0.0004, ti_loss:0.0000
Epoch:38: seg_loss:0.2117, bm_loss:0.0005, ti_loss:0.0000
Epoch:39: seg_loss:0.1896, bm_loss:0.0006, ti_loss:0.0000
Epoch:40: seg_loss:0.2608, bm_loss:0.0007, ti_loss:0.0000
Saved checkpoint at epoch 40

Validating epoch 40 on all test datasets...
Testing on TN3K...
  TN3K - Dice: 0.8814, HD95: 10.9504
  TN3K - Benign/Malignant: Acc=0.6906, Prec=0.5723, Rec=0.7712, F1=0.6570, AUROC=0.7644, AUPRC=0.6639
  TN3K - TI-RADS: Acc=0.0000, Prec=0.0000, Rec=0.0000, F1=0.0000, AUC=0.0000
Testing on DDTI...
  DDTI - Dice: 0.8065, HD95: 17.7976
  DDTI - Benign/Malignant: Acc=0.0000, Prec=0.0000, Rec=0.0000, F1=0.0000, AUROC=0.0000, AUPRC=0.0000
  DDTI - TI-RADS: Acc=0.0000, Prec=0.0000, Rec=0.0000, F1=0.0000, AUC=0.0000
Testing on ThyroidXL...
  ThyroidXL - Dice: 0.8445, HD95: 9.5808
  ThyroidXL - Benign/Malignant: Acc=0.7636, Prec=0.6798, Rec=0.9278, F1=0.7847, AUROC=0.8692, AUPRC=0.8077
  ThyroidXL - TI-RADS: Acc=0.0000, Prec=0.0000, Rec=0.0000, F1=0.0000, AUC=0.0000
Testing on PKTN...
  PKTN - Dice: 0.8185, HD95: 12.6862
  PKTN - Benign/Malignant: Acc=0.0000, Prec=0.0000, Rec=0.0000, F1=0.0000, AUROC=0.0000, AUPRC=0.0000
  PKTN - TI-RADS: Acc=0.0000, Prec=0.0000, Rec=0.0000, F1=0.0000, AUC=0.0000
Testing on TN5K...
  TN5K - Dice: 0.8002, HD95: 13.1784
  TN5K - Benign/Malignant: Acc=0.7960, Prec=0.8717, Rec=0.8454, F1=0.8583, AUROC=0.8308, AUPRC=0.9098
  TN5K - TI-RADS: Acc=0.0000, Prec=0.0000, Rec=0.0000, F1=0.0000, AUC=0.0000
Epoch:41: seg_loss:0.1988, bm_loss:0.0008, ti_loss:0.0000
Epoch:42: seg_loss:0.2307, bm_loss:0.0003, ti_loss:0.0000
Epoch:43: seg_loss:0.2300, bm_loss:0.0003, ti_loss:0.0000
Epoch:44: seg_loss:0.2172, bm_loss:0.0006, ti_loss:0.0000
Epoch:45: seg_loss:0.1531, bm_loss:0.0008, ti_loss:0.0000
Saved checkpoint at epoch 45

Validating epoch 45 on all test datasets...
Testing on TN3K...
  TN3K - Dice: 0.8809, HD95: 11.2835
  TN3K - Benign/Malignant: Acc=0.6938, Prec=0.5805, Rec=0.7331, F1=0.6479, AUROC=0.7681, AUPRC=0.6855
  TN3K - TI-RADS: Acc=0.0000, Prec=0.0000, Rec=0.0000, F1=0.0000, AUC=0.0000
Testing on DDTI...
  DDTI - Dice: 0.8033, HD95: 18.2179
  DDTI - Benign/Malignant: Acc=0.0000, Prec=0.0000, Rec=0.0000, F1=0.0000, AUROC=0.0000, AUPRC=0.0000
  DDTI - TI-RADS: Acc=0.0000, Prec=0.0000, Rec=0.0000, F1=0.0000, AUC=0.0000
Testing on ThyroidXL...
  ThyroidXL - Dice: 0.8453, HD95: 9.2780
  ThyroidXL - Benign/Malignant: Acc=0.7713, Prec=0.6919, Rec=0.9144, F1=0.7877, AUROC=0.8684, AUPRC=0.8011
  ThyroidXL - TI-RADS: Acc=0.0000, Prec=0.0000, Rec=0.0000, F1=0.0000, AUC=0.0000
Testing on PKTN...
  PKTN - Dice: 0.8187, HD95: 12.7032
  PKTN - Benign/Malignant: Acc=0.0000, Prec=0.0000, Rec=0.0000, F1=0.0000, AUROC=0.0000, AUPRC=0.0000
  PKTN - TI-RADS: Acc=0.0000, Prec=0.0000, Rec=0.0000, F1=0.0000, AUC=0.0000
Testing on TN5K...
  TN5K - Dice: 0.7999, HD95: 12.8211
  TN5K - Benign/Malignant: Acc=0.7910, Prec=0.8761, Rec=0.8317, F1=0.8533, AUROC=0.8320, AUPRC=0.9119
  TN5K - TI-RADS: Acc=0.0000, Prec=0.0000, Rec=0.0000, F1=0.0000, AUC=0.0000
Epoch:46: seg_loss:0.2070, bm_loss:0.0005, ti_loss:0.0000
Epoch:47: seg_loss:0.2126, bm_loss:0.0005, ti_loss:0.0000
Epoch:48: seg_loss:0.2069, bm_loss:0.0003, ti_loss:0.0000
Epoch:49: seg_loss:0.2408, bm_loss:0.0003, ti_loss:0.0000
Epoch:50: seg_loss:0.1967, bm_loss:0.0004, ti_loss:0.0000
Saved checkpoint at epoch 50

Validating epoch 50 on all test datasets...
Testing on TN3K...
  TN3K - Dice: 0.8816, HD95: 11.2797
  TN3K - Benign/Malignant: Acc=0.6971, Prec=0.5828, Rec=0.7458, F1=0.6543, AUROC=0.7667, AUPRC=0.6814
  TN3K - TI-RADS: Acc=0.0000, Prec=0.0000, Rec=0.0000, F1=0.0000, AUC=0.0000
Testing on DDTI...
  DDTI - Dice: 0.8052, HD95: 17.7966
  DDTI - Benign/Malignant: Acc=0.0000, Prec=0.0000, Rec=0.0000, F1=0.0000, AUROC=0.0000, AUPRC=0.0000
  DDTI - TI-RADS: Acc=0.0000, Prec=0.0000, Rec=0.0000, F1=0.0000, AUC=0.0000
Testing on ThyroidXL...
  ThyroidXL - Dice: 0.8458, HD95: 9.3198
  ThyroidXL - Benign/Malignant: Acc=0.7679, Prec=0.6873, Rec=0.9175, F1=0.7859, AUROC=0.8669, AUPRC=0.7962
  ThyroidXL - TI-RADS: Acc=0.0000, Prec=0.0000, Rec=0.0000, F1=0.0000, AUC=0.0000
Testing on PKTN...
  PKTN - Dice: 0.8182, HD95: 12.6828
  PKTN - Benign/Malignant: Acc=0.0000, Prec=0.0000, Rec=0.0000, F1=0.0000, AUROC=0.0000, AUPRC=0.0000
  PKTN - TI-RADS: Acc=0.0000, Prec=0.0000, Rec=0.0000, F1=0.0000, AUC=0.0000
Testing on TN5K...
  TN5K - Dice: 0.8007, HD95: 12.9534
  TN5K - Benign/Malignant: Acc=0.7890, Prec=0.8746, Rec=0.8304, F1=0.8519, AUROC=0.8310, AUPRC=0.9113
  TN5K - TI-RADS: Acc=0.0000, Prec=0.0000, Rec=0.0000, F1=0.0000, AUC=0.0000

========== Training Completed ==========
Training completed at Wed Dec 17 17:12:47 2025

===== Dice Scores Summary =====
Dataset: TN3K
Dice scores per epoch: [0.873, 0.8608, 0.8676, 0.8804, 0.8782, 0.8801, 0.8816, 0.8814, 0.8809, 0.8816]
Best Dice: 0.8816 at epoch 35

Dataset: DDTI
Dice scores per epoch: [0.7707, 0.778, 0.7997, 0.7942, 0.8014, 0.8117, 0.8105, 0.8065, 0.8033, 0.8052]
Best Dice: 0.8117 at epoch 30

Dataset: ThyroidXL
Dice scores per epoch: [0.8278, 0.8412, 0.8409, 0.8428, 0.8466, 0.8481, 0.8466, 0.8445, 0.8453, 0.8458]
Best Dice: 0.8481 at epoch 30

Dataset: PKTN
Dice scores per epoch: [0.8005, 0.7828, 0.777, 0.7903, 0.8118, 0.8106, 0.8159, 0.8185, 0.8187, 0.8182]
Best Dice: 0.8187 at epoch 45

Dataset: TN5K
Dice scores per epoch: [0.774, 0.7558, 0.7684, 0.7963, 0.7875, 0.7911, 0.7934, 0.8002, 0.7999, 0.8007]
Best Dice: 0.8007 at epoch 50

===== HD95 Scores Summary =====
Dataset: TN3K
HD95 scores per epoch: [np.float64(12.9488), np.float64(13.7287), np.float64(13.2874), np.float64(12.036), np.float64(11.589), np.float64(10.981), np.float64(11.1194), np.float64(10.9504), np.float64(11.2835), np.float64(11.2797)]
Best HD95: 10.9504 at epoch 40

Dataset: DDTI
HD95 scores per epoch: [np.float64(22.6173), np.float64(21.8146), np.float64(18.9545), np.float64(19.8912), np.float64(18.324), np.float64(17.5657), np.float64(17.6479), np.float64(17.7976), np.float64(18.2179), np.float64(17.7966)]
Best HD95: 17.5657 at epoch 30

Dataset: ThyroidXL
HD95 scores per epoch: [np.float64(10.8153), np.float64(10.0467), np.float64(10.4004), np.float64(9.7417), np.float64(9.6884), np.float64(9.358), np.float64(9.4524), np.float64(9.5808), np.float64(9.278), np.float64(9.3198)]
Best HD95: 9.2780 at epoch 45

Dataset: PKTN
HD95 scores per epoch: [np.float64(15.5964), np.float64(16.0133), np.float64(16.9023), np.float64(14.88), np.float64(13.3845), np.float64(13.6195), np.float64(13.3964), np.float64(12.6862), np.float64(12.7032), np.float64(12.6828)]
Best HD95: 12.6828 at epoch 50

Dataset: TN5K
HD95 scores per epoch: [np.float64(15.5916), np.float64(17.3705), np.float64(16.5814), np.float64(13.0834), np.float64(13.4287), np.float64(13.3171), np.float64(13.5499), np.float64(13.1784), np.float64(12.8211), np.float64(12.9534)]
Best HD95: 12.8211 at epoch 45


===== Benign/Malignant Classification Metrics Summary =====
Dataset: TN3K
Accuracy per epoch: [np.float64(0.7215), np.float64(0.6889), np.float64(0.6938), np.float64(0.6775), np.float64(0.684), np.float64(0.7036), np.float64(0.6954), np.float64(0.6906), np.float64(0.6938), np.float64(0.6971)]
Best Accuracy: 0.7215 at epoch 5
Precision per epoch: [0.6109, 0.5684, 0.5851, 0.5572, 0.5648, 0.6007, 0.5872, 0.5723, 0.5805, 0.5828]
Best Precision: 0.6109 at epoch 5
Recall per epoch: [0.7585, 0.7924, 0.6992, 0.7839, 0.7754, 0.6822, 0.6992, 0.7712, 0.7331, 0.7458]
Best Recall: 0.7924 at epoch 10
F1-Score per epoch: [0.6767, 0.6619, 0.6371, 0.6514, 0.6536, 0.6389, 0.6383, 0.657, 0.6479, 0.6543]
Best F1-Score: 0.6767 at epoch 5
AUROC per epoch: [0.8101, 0.766, 0.7425, 0.7454, 0.7773, 0.7622, 0.7635, 0.7644, 0.7681, 0.7667]
Best AUROC: 0.8101 at epoch 5
AUPRC per epoch: [0.742, 0.6889, 0.6786, 0.6396, 0.6924, 0.6702, 0.6597, 0.6639, 0.6855, 0.6814]
Best AUPRC: 0.7420 at epoch 5

Dataset: DDTI
Accuracy per epoch: [0.0, 0.0, 0.0, 0.0, 0.0, 0.0, 0.0, 0.0, 0.0, 0.0]
Best Accuracy: 0.0000 at epoch 5
Precision per epoch: [0.0, 0.0, 0.0, 0.0, 0.0, 0.0, 0.0, 0.0, 0.0, 0.0]
Best Precision: 0.0000 at epoch 5
Recall per epoch: [0.0, 0.0, 0.0, 0.0, 0.0, 0.0, 0.0, 0.0, 0.0, 0.0]
Best Recall: 0.0000 at epoch 5
F1-Score per epoch: [0.0, 0.0, 0.0, 0.0, 0.0, 0.0, 0.0, 0.0, 0.0, 0.0]
Best F1-Score: 0.0000 at epoch 5
AUROC per epoch: [0.0, 0.0, 0.0, 0.0, 0.0, 0.0, 0.0, 0.0, 0.0, 0.0]
Best AUROC: 0.0000 at epoch 5
AUPRC per epoch: [0.0, 0.0, 0.0, 0.0, 0.0, 0.0, 0.0, 0.0, 0.0, 0.0]
Best AUPRC: 0.0000 at epoch 5

Dataset: ThyroidXL
Accuracy per epoch: [np.float64(0.7392), np.float64(0.7478), np.float64(0.777), np.float64(0.6833), np.float64(0.7455), np.float64(0.7842), np.float64(0.778), np.float64(0.7636), np.float64(0.7713), np.float64(0.7679)]
Best Accuracy: 0.7842 at epoch 30
Precision per epoch: [0.6475, 0.6616, 0.7111, 0.5985, 0.6594, 0.7122, 0.7034, 0.6798, 0.6919, 0.6873]
Best Precision: 0.7122 at epoch 30
Recall per epoch: [0.9619, 0.9351, 0.8753, 0.9649, 0.934, 0.8979, 0.9021, 0.9278, 0.9144, 0.9175]
Best Recall: 0.9649 at epoch 20
F1-Score per epoch: [0.774, 0.7749, 0.7847, 0.7388, 0.773, 0.7943, 0.7904, 0.7847, 0.7877, 0.7859]
Best F1-Score: 0.7943 at epoch 30
AUROC per epoch: [0.8867, 0.8793, 0.8715, 0.8598, 0.8675, 0.8789, 0.8717, 0.8692, 0.8684, 0.8669]
Best AUROC: 0.8867 at epoch 5
AUPRC per epoch: [0.8527, 0.8474, 0.8408, 0.8143, 0.8317, 0.8444, 0.8198, 0.8077, 0.8011, 0.7962]
Best AUPRC: 0.8527 at epoch 5

Dataset: PKTN
Accuracy per epoch: [0.0, 0.0, 0.0, 0.0, 0.0, 0.0, 0.0, 0.0, 0.0, 0.0]
Best Accuracy: 0.0000 at epoch 5
Precision per epoch: [0.0, 0.0, 0.0, 0.0, 0.0, 0.0, 0.0, 0.0, 0.0, 0.0]
Best Precision: 0.0000 at epoch 5
Recall per epoch: [0.0, 0.0, 0.0, 0.0, 0.0, 0.0, 0.0, 0.0, 0.0, 0.0]
Best Recall: 0.0000 at epoch 5
F1-Score per epoch: [0.0, 0.0, 0.0, 0.0, 0.0, 0.0, 0.0, 0.0, 0.0, 0.0]
Best F1-Score: 0.0000 at epoch 5
AUROC per epoch: [0.0, 0.0, 0.0, 0.0, 0.0, 0.0, 0.0, 0.0, 0.0, 0.0]
Best AUROC: 0.0000 at epoch 5
AUPRC per epoch: [0.0, 0.0, 0.0, 0.0, 0.0, 0.0, 0.0, 0.0, 0.0, 0.0]
Best AUPRC: 0.0000 at epoch 5

Dataset: TN5K
Accuracy per epoch: [np.float64(0.809), np.float64(0.784), np.float64(0.748), np.float64(0.772), np.float64(0.797), np.float64(0.768), np.float64(0.785), np.float64(0.796), np.float64(0.791), np.float64(0.789)]
Best Accuracy: 0.8090 at epoch 5
Precision per epoch: [0.8534, 0.8562, 0.8612, 0.8517, 0.8511, 0.8798, 0.8817, 0.8717, 0.8761, 0.8746]
Best Precision: 0.8817 at epoch 35
Recall per epoch: [0.8919, 0.8468, 0.7811, 0.8331, 0.8755, 0.7907, 0.8153, 0.8454, 0.8317, 0.8304]
Best Recall: 0.8919 at epoch 5
F1-Score per epoch: [0.8722, 0.8514, 0.8192, 0.8423, 0.8631, 0.8329, 0.8472, 0.8583, 0.8533, 0.8519]
Best F1-Score: 0.8722 at epoch 5
AUROC per epoch: [0.8496, 0.8265, 0.8031, 0.7996, 0.8297, 0.8321, 0.8295, 0.8308, 0.832, 0.831]
Best AUROC: 0.8496 at epoch 5
AUPRC per epoch: [0.9292, 0.9199, 0.9101, 0.9004, 0.9172, 0.9245, 0.9151, 0.9098, 0.9119, 0.9113]
Best AUPRC: 0.9292 at epoch 5


===== TI-RADS Classification Metrics Summary =====
Dataset: TN3K
Accuracy per epoch: [0.0, 0.0, 0.0, 0.0, 0.0, 0.0, 0.0, 0.0, 0.0, 0.0]
Best Accuracy: 0.0000 at epoch 5
Precision per epoch: [0.0, 0.0, 0.0, 0.0, 0.0, 0.0, 0.0, 0.0, 0.0, 0.0]
Best Precision: 0.0000 at epoch 5
Recall per epoch: [0.0, 0.0, 0.0, 0.0, 0.0, 0.0, 0.0, 0.0, 0.0, 0.0]
Best Recall: 0.0000 at epoch 5
F1-Score per epoch: [0.0, 0.0, 0.0, 0.0, 0.0, 0.0, 0.0, 0.0, 0.0, 0.0]
Best F1-Score: 0.0000 at epoch 5
AUC per epoch: [0.0, 0.0, 0.0, 0.0, 0.0, 0.0, 0.0, 0.0, 0.0, 0.0]
Best AUC: 0.0000 at epoch 5

Dataset: DDTI
Accuracy per epoch: [0.0, 0.0, 0.0, 0.0, 0.0, 0.0, 0.0, 0.0, 0.0, 0.0]
Best Accuracy: 0.0000 at epoch 5
Precision per epoch: [0.0, 0.0, 0.0, 0.0, 0.0, 0.0, 0.0, 0.0, 0.0, 0.0]
Best Precision: 0.0000 at epoch 5
Recall per epoch: [0.0, 0.0, 0.0, 0.0, 0.0, 0.0, 0.0, 0.0, 0.0, 0.0]
Best Recall: 0.0000 at epoch 5
F1-Score per epoch: [0.0, 0.0, 0.0, 0.0, 0.0, 0.0, 0.0, 0.0, 0.0, 0.0]
Best F1-Score: 0.0000 at epoch 5
AUC per epoch: [0.0, 0.0, 0.0, 0.0, 0.0, 0.0, 0.0, 0.0, 0.0, 0.0]
Best AUC: 0.0000 at epoch 5

Dataset: ThyroidXL
Accuracy per epoch: [0.0, 0.0, 0.0, 0.0, 0.0, 0.0, 0.0, 0.0, 0.0, 0.0]
Best Accuracy: 0.0000 at epoch 5
Precision per epoch: [0.0, 0.0, 0.0, 0.0, 0.0, 0.0, 0.0, 0.0, 0.0, 0.0]
Best Precision: 0.0000 at epoch 5
Recall per epoch: [0.0, 0.0, 0.0, 0.0, 0.0, 0.0, 0.0, 0.0, 0.0, 0.0]
Best Recall: 0.0000 at epoch 5
F1-Score per epoch: [0.0, 0.0, 0.0, 0.0, 0.0, 0.0, 0.0, 0.0, 0.0, 0.0]
Best F1-Score: 0.0000 at epoch 5
AUC per epoch: [0.0, 0.0, 0.0, 0.0, 0.0, 0.0, 0.0, 0.0, 0.0, 0.0]
Best AUC: 0.0000 at epoch 5

Dataset: PKTN
Accuracy per epoch: [0.0, 0.0, 0.0, 0.0, 0.0, 0.0, 0.0, 0.0, 0.0, 0.0]
Best Accuracy: 0.0000 at epoch 5
Precision per epoch: [0.0, 0.0, 0.0, 0.0, 0.0, 0.0, 0.0, 0.0, 0.0, 0.0]
Best Precision: 0.0000 at epoch 5
Recall per epoch: [0.0, 0.0, 0.0, 0.0, 0.0, 0.0, 0.0, 0.0, 0.0, 0.0]
Best Recall: 0.0000 at epoch 5
F1-Score per epoch: [0.0, 0.0, 0.0, 0.0, 0.0, 0.0, 0.0, 0.0, 0.0, 0.0]
Best F1-Score: 0.0000 at epoch 5
AUC per epoch: [0.0, 0.0, 0.0, 0.0, 0.0, 0.0, 0.0, 0.0, 0.0, 0.0]
Best AUC: 0.0000 at epoch 5

Dataset: TN5K
Accuracy per epoch: [0.0, 0.0, 0.0, 0.0, 0.0, 0.0, 0.0, 0.0, 0.0, 0.0]
Best Accuracy: 0.0000 at epoch 5
Precision per epoch: [0.0, 0.0, 0.0, 0.0, 0.0, 0.0, 0.0, 0.0, 0.0, 0.0]
Best Precision: 0.0000 at epoch 5
Recall per epoch: [0.0, 0.0, 0.0, 0.0, 0.0, 0.0, 0.0, 0.0, 0.0, 0.0]
Best Recall: 0.0000 at epoch 5
F1-Score per epoch: [0.0, 0.0, 0.0, 0.0, 0.0, 0.0, 0.0, 0.0, 0.0, 0.0]
Best F1-Score: 0.0000 at epoch 5
AUC per epoch: [0.0, 0.0, 0.0, 0.0, 0.0, 0.0, 0.0, 0.0, 0.0, 0.0]
Best AUC: 0.0000 at epoch 5

