Training started at Fri Jan 30 12:56:00 2026
Method: dino_unet
Dataset: gamtl_train_multitask_dataset_4
Epochs: 50
LR: 0.0001
Batch Size: 12
Image Size: 224 x 224
DINO pretrained: True
Use Dilation: False
Training set - Benign/Malignant: Benign=18138 (70.97%), Malignant=7419 (29.03%)
Auto-adjusted tau=0.70 (imbalance_ratio=2.44)
GLA parameters: p_benign=0.7097, p_malignant=0.2903, tau=0.70
Logit adjustment magnitude: 0.6258
Training set - TI-RADS distribution (1-5): [30, 544, 3013, 4304, 2557]
TI-RADS probabilities: [0.0028713629581034184, 0.05206738039851189, 0.28838056325912476, 0.4119448661804199, 0.24473583698272705]
Loss weights: seg=1.0, bm=1.0, tirads=1.0
GA-MTL schedule per optimizer step: ['seg', 'bm', 'tirads']
steps_per_epoch (optimizer steps): 709
Epoch:1: seg_loss(avg):0.7043, bm_loss(avg):0.6299, tirads_loss(avg):1.1114
Epoch:2: seg_loss(avg):0.5264, bm_loss(avg):0.4587, tirads_loss(avg):0.8645
Epoch:3: seg_loss(avg):0.5052, bm_loss(avg):0.4106, tirads_loss(avg):0.6151
Epoch:4: seg_loss(avg):0.4841, bm_loss(avg):0.3731, tirads_loss(avg):0.4082
Epoch:5: seg_loss(avg):0.4714, bm_loss(avg):0.3207, tirads_loss(avg):0.2472
Saved checkpoint at epoch 5
Epoch:6: seg_loss(avg):0.4642, bm_loss(avg):0.2881, tirads_loss(avg):0.1804
Epoch:7: seg_loss(avg):0.4577, bm_loss(avg):0.2832, tirads_loss(avg):0.1608
Epoch:8: seg_loss(avg):0.4365, bm_loss(avg):0.2556, tirads_loss(avg):0.0823
Epoch:9: seg_loss(avg):0.4319, bm_loss(avg):0.2486, tirads_loss(avg):0.0862
Epoch:10: seg_loss(avg):0.4284, bm_loss(avg):0.2565, tirads_loss(avg):0.1322
Saved checkpoint at epoch 10
Epoch:11: seg_loss(avg):0.4113, bm_loss(avg):0.2434, tirads_loss(avg):0.0396
Epoch:12: seg_loss(avg):0.4058, bm_loss(avg):0.2223, tirads_loss(avg):0.0665
Epoch:13: seg_loss(avg):0.4179, bm_loss(avg):0.2229, tirads_loss(avg):0.0648
Epoch:14: seg_loss(avg):0.4014, bm_loss(avg):0.2005, tirads_loss(avg):0.0645
Epoch:15: seg_loss(avg):0.3979, bm_loss(avg):0.2123, tirads_loss(avg):0.0611
Saved checkpoint at epoch 15
Epoch:16: seg_loss(avg):0.3825, bm_loss(avg):0.1838, tirads_loss(avg):0.0150
Epoch:17: seg_loss(avg):0.4050, bm_loss(avg):0.2089, tirads_loss(avg):0.0810
Epoch:18: seg_loss(avg):0.3714, bm_loss(avg):0.1825, tirads_loss(avg):0.0276
Epoch:19: seg_loss(avg):0.3677, bm_loss(avg):0.1823, tirads_loss(avg):0.0490
Epoch:20: seg_loss(avg):0.3613, bm_loss(avg):0.1767, tirads_loss(avg):0.0145
Saved checkpoint at epoch 20
Epoch:21: seg_loss(avg):0.3538, bm_loss(avg):0.1621, tirads_loss(avg):0.0125
Epoch:22: seg_loss(avg):0.3561, bm_loss(avg):0.1599, tirads_loss(avg):0.0320
Epoch:23: seg_loss(avg):0.3447, bm_loss(avg):0.1400, tirads_loss(avg):0.0151
Epoch:24: seg_loss(avg):0.3471, bm_loss(avg):0.1472, tirads_loss(avg):0.0154
Epoch:25: seg_loss(avg):0.3425, bm_loss(avg):0.1379, tirads_loss(avg):0.0211
Saved checkpoint at epoch 25
Epoch:26: seg_loss(avg):0.3343, bm_loss(avg):0.1302, tirads_loss(avg):0.0077
Epoch:27: seg_loss(avg):0.3308, bm_loss(avg):0.1234, tirads_loss(avg):0.0062
Epoch:28: seg_loss(avg):0.3225, bm_loss(avg):0.1256, tirads_loss(avg):0.0018
Epoch:29: seg_loss(avg):0.3173, bm_loss(avg):0.1078, tirads_loss(avg):0.0008
Epoch:30: seg_loss(avg):0.3187, bm_loss(avg):0.0895, tirads_loss(avg):0.0023
Saved checkpoint at epoch 30
Epoch:31: seg_loss(avg):0.3135, bm_loss(avg):0.0878, tirads_loss(avg):0.0025
Epoch:32: seg_loss(avg):0.3086, bm_loss(avg):0.0858, tirads_loss(avg):0.0008
Epoch:33: seg_loss(avg):0.3030, bm_loss(avg):0.0855, tirads_loss(avg):0.0018
Epoch:34: seg_loss(avg):0.3027, bm_loss(avg):0.0730, tirads_loss(avg):0.0015
Epoch:35: seg_loss(avg):0.2930, bm_loss(avg):0.0678, tirads_loss(avg):0.0004
Saved checkpoint at epoch 35
Epoch:36: seg_loss(avg):0.2934, bm_loss(avg):0.0688, tirads_loss(avg):0.0016
Epoch:37: seg_loss(avg):0.2905, bm_loss(avg):0.0527, tirads_loss(avg):0.0029
Epoch:38: seg_loss(avg):0.2887, bm_loss(avg):0.0590, tirads_loss(avg):0.0003
Epoch:39: seg_loss(avg):0.2861, bm_loss(avg):0.0552, tirads_loss(avg):0.0038
Epoch:40: seg_loss(avg):0.2821, bm_loss(avg):0.0428, tirads_loss(avg):0.0014
Saved checkpoint at epoch 40
Epoch:41: seg_loss(avg):0.2759, bm_loss(avg):0.0374, tirads_loss(avg):0.0014
Epoch:42: seg_loss(avg):0.2760, bm_loss(avg):0.0435, tirads_loss(avg):0.0008
Epoch:43: seg_loss(avg):0.2739, bm_loss(avg):0.0328, tirads_loss(avg):0.0007
Epoch:44: seg_loss(avg):0.2738, bm_loss(avg):0.0311, tirads_loss(avg):0.0028
Epoch:45: seg_loss(avg):0.2709, bm_loss(avg):0.0363, tirads_loss(avg):0.0002
Saved checkpoint at epoch 45
Epoch:46: seg_loss(avg):0.2707, bm_loss(avg):0.0344, tirads_loss(avg):0.0015
Epoch:47: seg_loss(avg):0.2697, bm_loss(avg):0.0307, tirads_loss(avg):0.0003
Epoch:48: seg_loss(avg):0.2712, bm_loss(avg):0.0281, tirads_loss(avg):0.0005
Epoch:49: seg_loss(avg):0.2708, bm_loss(avg):0.0262, tirads_loss(avg):0.0002
Epoch:50: seg_loss(avg):0.2694, bm_loss(avg):0.0275, tirads_loss(avg):0.0003
Saved checkpoint at epoch 50

Validating epoch 50 on all test datasets...
Testing on TN3K...
  TN3K - Dice: 0.8129, HD95: 14.6982
  TN3K - BM: Acc=0.8234, Prec=0.8159, Rec=0.8195, F1=0.8175, AUROC=0.9015, AUPRC=0.9003
  TN3K - TI-RADS: Acc=0.0000, Prec=0.0000, Rec=0.0000, F1=0.0000, AUC=0.0000
Testing on DDTI...
Error occurred: [Errno 2] No such file or directory: '/mnt/wangbd8/workspace/DataSets/ThyroidAgent/train_val_test/DDTI/valid/DDTI_valid_label.json'
Traceback (most recent call last):
  File "/mnt/wangbd8/workspace/ThyroidAgent/dino_unet_multitask/train_multitask_gamtl.py", line 380, in main
    test_dataset = MultiTaskDataset(img_path, mask_path, test_label_path, args.img_size, mode='test')
                   ^^^^^^^^^^^^^^^^^^^^^^^^^^^^^^^^^^^^^^^^^^^^^^^^^^^^^^^^^^^^^^^^^^^^^^^^^^^^^^^^^^
  File "/mnt/wangbd8/workspace/ThyroidAgent/dino_unet_multitask/dataset.py", line 75, in __init__
    with open(label_json_path, 'r') as f:
         ^^^^^^^^^^^^^^^^^^^^^^^^^^
FileNotFoundError: [Errno 2] No such file or directory: '/mnt/wangbd8/workspace/DataSets/ThyroidAgent/train_val_test/DDTI/valid/DDTI_valid_label.json'

