Training started at Wed May  6 21:24:17 2026
Method: dino_unet
Dataset: train_multitask_FTCPTC_sampler_clsclsseg_pf02_ns6000
Epochs: 20
Target Key: FTCPTC
LR: 0.0001
Batch Size: 12
Image Size: 224 x 224
DINO pretrained: True
Use Dilation: False
Sampler stats for FTCPTC: Negative=10559, Positive=787, Missing=134, Valid=11346
Sampler config for FTCPTC: target_pos_fraction=0.4000, target_neg_fraction=0.6000
Sampler weights for FTCPTC: neg_weight=0.00005682, pos_weight=0.00050826, missing_weight=0.00000000
Expected sampled draws per default epoch for FTCPTC: Negative≈6807.6, Positive≈4538.4
Expected repeat factor per default epoch for FTCPTC: neg≈0.64x, pos≈5.77x
Using WeightedRandomSampler: replacement=True, num_samples=8000, pos_fraction=0.4000
First sample: filename=2016/刘惠银/刘惠银_01_0001_0001.jpg, image=/mnt/wangbd8/workspace/DataSets/ThyroidAgent/Classifaction_Data/Malignant_ultrasound_images_cropped/2016/刘惠银/刘惠银_01_0001_0001.jpg, mask=/mnt/wangbd8/workspace/DataSets/ThyroidAgent/Classifaction_Data/Malignant_ultrasound_images_cropped_predictions/2016/刘惠银/刘惠银_01_0001_0001.png, target=-1
Loss weights: seg=1.0, cls=1.0
GA-MTL schedule per optimizer step: ['cls', 'cls', 'seg']
steps_per_epoch (optimizer steps): 222
Epoch:1: seg_loss(avg):0.8210, cls_loss(avg):0.6779
Epoch:2: seg_loss(avg):0.5995, cls_loss(avg):0.6512
Saved checkpoint at epoch 2

Validating epoch 2 on all test datasets...
Testing on FTCPTC...
  FTCPTC - Dice: 0.7354, HD95: 13.4006
  FTCPTC - FTCPTC: Acc=0.6760, Prec=0.5450, Rec=0.0361, F1=0.0673, AUROC=0.5240, AUPRC=0.3581, ECE=0.0746
Epoch:3: seg_loss(avg):0.5596, cls_loss(avg):0.5885
Epoch:4: seg_loss(avg):0.5263, cls_loss(avg):0.4531
Saved checkpoint at epoch 4

Validating epoch 4 on all test datasets...
Testing on FTCPTC...
  FTCPTC - Dice: 0.8179, HD95: 10.1163
  FTCPTC - FTCPTC: Acc=0.6069, Prec=0.3475, Rec=0.2347, F1=0.2794, AUROC=0.5614, AUPRC=0.3512, ECE=0.1976
Epoch:5: seg_loss(avg):0.5095, cls_loss(avg):0.3524
Epoch:6: seg_loss(avg):0.4987, cls_loss(avg):0.2630
Saved checkpoint at epoch 6

Validating epoch 6 on all test datasets...
Testing on FTCPTC...
  FTCPTC - Dice: 0.8274, HD95: 9.1400
  FTCPTC - FTCPTC: Acc=0.5989, Prec=0.3041, Rec=0.1787, F1=0.2244, AUROC=0.5718, AUPRC=0.3791, ECE=0.3260
Epoch:7: seg_loss(avg):0.4739, cls_loss(avg):0.1930
Epoch:8: seg_loss(avg):0.4609, cls_loss(avg):0.1477
Saved checkpoint at epoch 8

Validating epoch 8 on all test datasets...
Testing on FTCPTC...
  FTCPTC - Dice: 0.8284, HD95: 9.8453
  FTCPTC - FTCPTC: Acc=0.6499, Prec=0.3227, Rec=0.0672, F1=0.1108, AUROC=0.5373, AUPRC=0.3596, ECE=0.3169
Epoch:9: seg_loss(avg):0.4467, cls_loss(avg):0.0909
Epoch:10: seg_loss(avg):0.4304, cls_loss(avg):0.0812
Saved checkpoint at epoch 10

Validating epoch 10 on all test datasets...
Testing on FTCPTC...
  FTCPTC - Dice: 0.8436, HD95: 8.8459
  FTCPTC - FTCPTC: Acc=0.6641, Prec=0.4363, Rec=0.1041, F1=0.1674, AUROC=0.5556, AUPRC=0.3833, ECE=0.3034
Epoch:11: seg_loss(avg):0.4246, cls_loss(avg):0.0609
Epoch:12: seg_loss(avg):0.4080, cls_loss(avg):0.0402
Saved checkpoint at epoch 12

Validating epoch 12 on all test datasets...
Testing on FTCPTC...
  FTCPTC - Dice: 0.8531, HD95: 8.1276
  FTCPTC - FTCPTC: Acc=0.6660, Prec=0.3998, Rec=0.0491, F1=0.0870, AUROC=0.5279, AUPRC=0.3573, ECE=0.3277
Epoch:13: seg_loss(avg):0.4006, cls_loss(avg):0.0276
Epoch:14: seg_loss(avg):0.4004, cls_loss(avg):0.0138
Saved checkpoint at epoch 14

Validating epoch 14 on all test datasets...
Testing on FTCPTC...
  FTCPTC - Dice: 0.8531, HD95: 8.2705
  FTCPTC - FTCPTC: Acc=0.6642, Prec=0.3702, Rec=0.0433, F1=0.0771, AUROC=0.5394, AUPRC=0.3707, ECE=0.3284
Epoch:15: seg_loss(avg):0.3880, cls_loss(avg):0.0125
Epoch:16: seg_loss(avg):0.3848, cls_loss(avg):0.0128
Saved checkpoint at epoch 16

Validating epoch 16 on all test datasets...
Testing on FTCPTC...
  FTCPTC - Dice: 0.8546, HD95: 8.4128
  FTCPTC - FTCPTC: Acc=0.6602, Prec=0.2686, Rec=0.0247, F1=0.0450, AUROC=0.5374, AUPRC=0.3644, ECE=0.3331
Epoch:17: seg_loss(avg):0.3700, cls_loss(avg):0.0083
Epoch:18: seg_loss(avg):0.3801, cls_loss(avg):0.0072
Saved checkpoint at epoch 18

Validating epoch 18 on all test datasets...
Testing on FTCPTC...
  FTCPTC - Dice: 0.8565, HD95: 8.2097
  FTCPTC - FTCPTC: Acc=0.6702, Prec=0.4020, Rec=0.0247, F1=0.0463, AUROC=0.5166, AUPRC=0.3590, ECE=0.3252
Epoch:19: seg_loss(avg):0.3672, cls_loss(avg):0.0073
Epoch:20: seg_loss(avg):0.3732, cls_loss(avg):0.0071
Saved checkpoint at epoch 20

Validating epoch 20 on all test datasets...
Testing on FTCPTC...
  FTCPTC - Dice: 0.8569, HD95: 8.1781
  FTCPTC - FTCPTC: Acc=0.6702, Prec=0.4020, Rec=0.0247, F1=0.0463, AUROC=0.5122, AUPRC=0.3575, ECE=0.3243

========== Evaluation Summary (All Test Records) ==========


Dataset: FTCPTC
Eval epochs: [2, 4, 6, 8, 10, 12, 14, 16, 18, 20]
Dice per eval: [0.7354000210762024, 0.8179000020027161, 0.8274000287055969, 0.8284000158309937, 0.8435999751091003, 0.8531000018119812, 0.8531000018119812, 0.8546000123023987, 0.8565000295639038, 0.8568999767303467]
HD95 per eval: [13.40060043334961, 10.116299629211426, 9.140000343322754, 9.84529972076416, 8.84589958190918, 8.127599716186523, 8.270500183105469, 8.412799835205078, 8.209699630737305, 8.178099632263184]
Best Dice: 0.8569 at epoch 20
Best HD95: 8.1276 at epoch 12

FTCPTC metrics per eval:
  Acc:  [0.676, 0.6069, 0.5989, 0.6499, 0.6641, 0.666, 0.6642, 0.6602, 0.6702, 0.6702]
  Prec: [0.545, 0.3475, 0.3041, 0.3227, 0.4363, 0.3998, 0.3702, 0.2686, 0.402, 0.402]
  Rec:  [0.0361, 0.2347, 0.1787, 0.0672, 0.1041, 0.0491, 0.0433, 0.0247, 0.0247, 0.0247]
  F1:   [0.0673, 0.2794, 0.2244, 0.1108, 0.1674, 0.087, 0.0771, 0.045, 0.0463, 0.0463]
  AUROC:[0.524, 0.5614, 0.5718, 0.5373, 0.5556, 0.5279, 0.5394, 0.5374, 0.5166, 0.5122]
  AUPRC:[0.3581, 0.3512, 0.3791, 0.3596, 0.3833, 0.3573, 0.3707, 0.3644, 0.359, 0.3575]
  ECE:  [0.0746, 0.1976, 0.326, 0.3169, 0.3034, 0.3277, 0.3284, 0.3331, 0.3252, 0.3243]
Best FTCPTC F1: 0.2794 at epoch 4

==========================================================

========== Training Completed ==========
Training completed at Wed May  6 21:46:06 2026
