Training started at Thu May  7 20:41:25 2026
Method: dino_unet
Dataset: train_multitask_FTCPTC_segcls
Epochs: 30
Target Key: FTCPTC
LR: 1e-05
Batch Size: 12
Image Size: 224 x 224
DINO pretrained: True
Use Dilation: False
Training label stats for FTCPTC: Negative=3000, Positive=1000, Missing=0, Valid=4000
Using DataLoader shuffle=True, dataset_size=4000, batch_size=12, drop_last=True
First sample: filename=2023/连月平/连月平_01_0001_0001.jpg, image=/mnt/wangbd8/workspace/DataSets/ThyroidAgent/Classifaction_Data/Malignant_ultrasound_images_cropped/2023/连月平/连月平_01_0001_0001.jpg, mask=/mnt/wangbd8/workspace/DataSets/ThyroidAgent/Classifaction_Data/Malignant_ultrasound_images_cropped_predictions/2023/连月平/连月平_01_0001_0001.png, target=0
Loss weights: seg=1.0, cls=1.0
Classification pos_weight: 1.0
GA-MTL schedule per optimizer step: ['seg', 'cls']
steps_per_epoch (optimizer steps): 166
Epoch:1: seg_loss(avg):1.0826, cls_loss(avg):0.5955
Epoch:2: seg_loss(avg):0.8149, cls_loss(avg):0.5712

Validating epoch 2 on all test datasets...
Testing on FTCPTC...
  FTCPTC - Dice: 0.7106, HD95: 20.3675
  FTCPTC - FTCPTC: Acc=0.6740, Prec=0.0000, Rec=0.0000, F1=0.0000, AUROC=0.3539, AUPRC=0.2526, ECE=0.1509
Epoch:3: seg_loss(avg):0.7396, cls_loss(avg):0.5500
Epoch:4: seg_loss(avg):0.6887, cls_loss(avg):0.5517

Validating epoch 4 on all test datasets...
Testing on FTCPTC...
  FTCPTC - Dice: 0.7549, HD95: 15.6699
  FTCPTC - FTCPTC: Acc=0.6740, Prec=0.0000, Rec=0.0000, F1=0.0000, AUROC=0.3775, AUPRC=0.2578, ECE=0.1964
Epoch:5: seg_loss(avg):0.6557, cls_loss(avg):0.5455
Saved checkpoint at epoch 5
Epoch:6: seg_loss(avg):0.6284, cls_loss(avg):0.5171

Validating epoch 6 on all test datasets...
Testing on FTCPTC...
  FTCPTC - Dice: 0.7792, HD95: 14.0126
  FTCPTC - FTCPTC: Acc=0.5822, Prec=0.1508, Rec=0.0608, F1=0.0863, AUROC=0.4103, AUPRC=0.2738, ECE=0.1975
Epoch:7: seg_loss(avg):0.6115, cls_loss(avg):0.4988
Epoch:8: seg_loss(avg):0.5939, cls_loss(avg):0.4880

Validating epoch 8 on all test datasets...
Testing on FTCPTC...
  FTCPTC - Dice: 0.7966, HD95: 12.4160
  FTCPTC - FTCPTC: Acc=0.6701, Prec=0.0000, Rec=0.0000, F1=0.0000, AUROC=0.5482, AUPRC=0.3556, ECE=0.2187
Epoch:9: seg_loss(avg):0.5810, cls_loss(avg):0.4816
Epoch:10: seg_loss(avg):0.5616, cls_loss(avg):0.4486
Saved checkpoint at epoch 10

Validating epoch 10 on all test datasets...
Testing on FTCPTC...
  FTCPTC - Dice: 0.7987, HD95: 11.4821
  FTCPTC - FTCPTC: Acc=0.6742, Prec=0.5005, Rec=0.0737, F1=0.1279, AUROC=0.5057, AUPRC=0.3468, ECE=0.2115
Epoch:11: seg_loss(avg):0.5536, cls_loss(avg):0.4345
Epoch:12: seg_loss(avg):0.5495, cls_loss(avg):0.3849

Validating epoch 12 on all test datasets...
Testing on FTCPTC...
  FTCPTC - Dice: 0.8073, HD95: 11.2332
  FTCPTC - FTCPTC: Acc=0.6404, Prec=0.3623, Rec=0.1356, F1=0.1966, AUROC=0.5359, AUPRC=0.3562, ECE=0.2187
Epoch:13: seg_loss(avg):0.5320, cls_loss(avg):0.3427
Epoch:14: seg_loss(avg):0.5294, cls_loss(avg):0.3501

Validating epoch 14 on all test datasets...
Testing on FTCPTC...
  FTCPTC - Dice: 0.8071, HD95: 11.1786
  FTCPTC - FTCPTC: Acc=0.6363, Prec=0.3398, Rec=0.1227, F1=0.1797, AUROC=0.5221, AUPRC=0.3633, ECE=0.2486
Epoch:15: seg_loss(avg):0.5190, cls_loss(avg):0.3083
Saved checkpoint at epoch 15
Epoch:16: seg_loss(avg):0.5161, cls_loss(avg):0.2845

Validating epoch 16 on all test datasets...
Testing on FTCPTC...
  FTCPTC - Dice: 0.8107, HD95: 11.2543
  FTCPTC - FTCPTC: Acc=0.6358, Prec=0.2551, Rec=0.0610, F1=0.0980, AUROC=0.4913, AUPRC=0.3297, ECE=0.2854
Epoch:17: seg_loss(avg):0.5037, cls_loss(avg):0.2504
Epoch:18: seg_loss(avg):0.5063, cls_loss(avg):0.2464

Validating epoch 18 on all test datasets...
Testing on FTCPTC...
  FTCPTC - Dice: 0.8127, HD95: 10.9390
  FTCPTC - FTCPTC: Acc=0.6300, Prec=0.3384, Rec=0.1415, F1=0.1988, AUROC=0.5125, AUPRC=0.3419, ECE=0.2676
Epoch:19: seg_loss(avg):0.4996, cls_loss(avg):0.2234
Epoch:20: seg_loss(avg):0.5001, cls_loss(avg):0.2112
Saved checkpoint at epoch 20

Validating epoch 20 on all test datasets...
Testing on FTCPTC...
  FTCPTC - Dice: 0.8134, HD95: 10.9128
  FTCPTC - FTCPTC: Acc=0.6399, Prec=0.2919, Rec=0.0735, F1=0.1169, AUROC=0.4794, AUPRC=0.3269, ECE=0.3066
Epoch:21: seg_loss(avg):0.4989, cls_loss(avg):0.1830
Epoch:22: seg_loss(avg):0.4887, cls_loss(avg):0.1799

Validating epoch 22 on all test datasets...
Testing on FTCPTC...
  FTCPTC - Dice: 0.8131, HD95: 10.7157
  FTCPTC - FTCPTC: Acc=0.6400, Prec=0.3020, Rec=0.0798, F1=0.1257, AUROC=0.5009, AUPRC=0.3379, ECE=0.3087
Epoch:23: seg_loss(avg):0.4983, cls_loss(avg):0.1573
Epoch:24: seg_loss(avg):0.4878, cls_loss(avg):0.1588

Validating epoch 24 on all test datasets...
Testing on FTCPTC...
  FTCPTC - Dice: 0.8131, HD95: 10.8750
  FTCPTC - FTCPTC: Acc=0.6281, Prec=0.2653, Rec=0.0798, F1=0.1221, AUROC=0.5042, AUPRC=0.3381, ECE=0.3138
Epoch:25: seg_loss(avg):0.4841, cls_loss(avg):0.1698
Saved checkpoint at epoch 25
Epoch:26: seg_loss(avg):0.4872, cls_loss(avg):0.1573

Validating epoch 26 on all test datasets...
Testing on FTCPTC...
  FTCPTC - Dice: 0.8145, HD95: 10.8973
  FTCPTC - FTCPTC: Acc=0.6380, Prec=0.3390, Rec=0.1167, F1=0.1730, AUROC=0.5023, AUPRC=0.3381, ECE=0.3072
Epoch:27: seg_loss(avg):0.4911, cls_loss(avg):0.1499
Epoch:28: seg_loss(avg):0.4901, cls_loss(avg):0.1423

Validating epoch 28 on all test datasets...
Testing on FTCPTC...
  FTCPTC - Dice: 0.8154, HD95: 10.6906
  FTCPTC - FTCPTC: Acc=0.6420, Prec=0.3395, Rec=0.1042, F1=0.1588, AUROC=0.5016, AUPRC=0.3362, ECE=0.3030
Epoch:29: seg_loss(avg):0.4919, cls_loss(avg):0.1463
Epoch:30: seg_loss(avg):0.4886, cls_loss(avg):0.1429
Saved checkpoint at epoch 30

Validating epoch 30 on all test datasets...
Testing on FTCPTC...
  FTCPTC - Dice: 0.8157, HD95: 10.6925
  FTCPTC - FTCPTC: Acc=0.6499, Prec=0.3686, Rec=0.1042, F1=0.1618, AUROC=0.5038, AUPRC=0.3380, ECE=0.3023

========== Evaluation Summary (All Test Records) ==========


Dataset: FTCPTC
Eval epochs: [2, 4, 6, 8, 10, 12, 14, 16, 18, 20, 22, 24, 26, 28, 30]
Dice per eval: [0.7106000185012817, 0.7548999786376953, 0.77920001745224, 0.7965999841690063, 0.7986999750137329, 0.8072999715805054, 0.8070999979972839, 0.810699999332428, 0.8126999735832214, 0.8133999705314636, 0.8130999803543091, 0.8130999803543091, 0.8144999742507935, 0.8154000043869019, 0.8156999945640564]
HD95 per eval: [20.36750030517578, 15.669899940490723, 14.01259994506836, 12.416000366210938, 11.482099533081055, 11.233200073242188, 11.178600311279297, 11.254300117492676, 10.939000129699707, 10.912799835205078, 10.715700149536133, 10.875, 10.897299766540527, 10.690600395202637, 10.692500114440918]
Best Dice: 0.8157 at epoch 30
Best HD95: 10.6906 at epoch 28

FTCPTC metrics per eval:
  Acc:  [0.674, 0.674, 0.5822, 0.6701, 0.6742, 0.6404, 0.6363, 0.6358, 0.63, 0.6399, 0.64, 0.6281, 0.638, 0.642, 0.6499]
  Prec: [0.0, 0.0, 0.1508, 0.0, 0.5005, 0.3623, 0.3398, 0.2551, 0.3384, 0.2919, 0.302, 0.2653, 0.339, 0.3395, 0.3686]
  Rec:  [0.0, 0.0, 0.0608, 0.0, 0.0737, 0.1356, 0.1227, 0.061, 0.1415, 0.0735, 0.0798, 0.0798, 0.1167, 0.1042, 0.1042]
  F1:   [0.0, 0.0, 0.0863, 0.0, 0.1279, 0.1966, 0.1797, 0.098, 0.1988, 0.1169, 0.1257, 0.1221, 0.173, 0.1588, 0.1618]
  AUROC:[0.3539, 0.3775, 0.4103, 0.5482, 0.5057, 0.5359, 0.5221, 0.4913, 0.5125, 0.4794, 0.5009, 0.5042, 0.5023, 0.5016, 0.5038]
  AUPRC:[0.2526, 0.2578, 0.2738, 0.3556, 0.3468, 0.3562, 0.3633, 0.3297, 0.3419, 0.3269, 0.3379, 0.3381, 0.3381, 0.3362, 0.338]
  ECE:  [0.1509, 0.1964, 0.1975, 0.2187, 0.2115, 0.2187, 0.2486, 0.2854, 0.2676, 0.3066, 0.3087, 0.3138, 0.3072, 0.303, 0.3023]
Best FTCPTC F1: 0.1988 at epoch 18

==========================================================

========== Training Completed ==========
Training completed at Thu May  7 20:57:23 2026
