Training started at Sat May 16 21:54:53 2026
Method: dino_unet
Dataset: train_multitask_FTCPTC_sampler
Epochs: 50
Target Key: FTCPTC
LR: 0.0001
Batch Size: 12
Image Size: 224 x 224
DINO pretrained: True
Use Dilation: False
Training label stats for FTCPTC: Negative=298, Positive=149, Missing=0, Valid=447
Using DataLoader shuffle=True, dataset_size=447, batch_size=12, drop_last=True
First sample: filename=2023/郭少婷/郭少婷_01_0008_0008.jpg, image=/mnt/wangbd8/workspace/DataSets/ThyroidAgent/Classifaction_Data/Malignant_ultrasound_images_cropped/2023/郭少婷/郭少婷_01_0008_0008.jpg, mask=/mnt/wangbd8/workspace/DataSets/ThyroidAgent/Classifaction_Data/Malignant_ultrasound_images_cropped_predictions/2023/郭少婷/郭少婷_01_0008_0008.png, target=0
Loss weights: seg=1.0, cls=1.0
Classification pos_weight: None
GA-MTL schedule per optimizer step: ['seg', 'cls']
steps_per_epoch (optimizer steps): 18
Epoch:1: seg_loss(avg):1.3579, cls_loss(avg):0.6886
Epoch:2: seg_loss(avg):1.3467, cls_loss(avg):0.6644
Epoch:3: seg_loss(avg):1.2978, cls_loss(avg):0.6891
Epoch:4: seg_loss(avg):1.2245, cls_loss(avg):0.6117
Epoch:5: seg_loss(avg):1.1509, cls_loss(avg):0.6509
Saved checkpoint at epoch 5
Epoch:6: seg_loss(avg):1.1094, cls_loss(avg):0.6584
Epoch:7: seg_loss(avg):1.0303, cls_loss(avg):0.6656
Epoch:8: seg_loss(avg):1.0161, cls_loss(avg):0.6292
Epoch:9: seg_loss(avg):0.9931, cls_loss(avg):0.6540
Epoch:10: seg_loss(avg):0.9959, cls_loss(avg):0.6733
Saved checkpoint at epoch 10
Epoch:11: seg_loss(avg):0.9941, cls_loss(avg):0.6178
