Training started at Mon Jan 12 11:45:30 2026
Method: dino_unet
Dataset: diff_size_train_multitask_dataset3
Epochs: 50
LR: 0.0001
Batch Size: 12
Image Size: 448 x 448
DINO pretrained: True
Use Dilation: False
Training set - Benign/Malignant: Benign=10415 (58.60%), Malignant=7359 (41.40%)
Auto-adjusted tau=0.50 (imbalance_ratio=1.42)
GLA parameters: p_benign=0.5860, p_malignant=0.4140, tau=0.50
Logit adjustment magnitude: 0.1737
Training set - TI-RADS distribution (1-5): [0, 0, 0, 0, 0]
TI-RADS probabilities: [0.20000000298023224, 0.20000000298023224, 0.20000000298023224, 0.20000000298023224, 0.20000000298023224]
Loss weights: seg=1.0, bm=1.0, tirads=1.0
GA-MTL schedule per optimizer step: ['seg', 'bm']
steps_per_epoch (optimizer steps): 740
Epoch:1: seg_loss(avg):0.5787, bm_loss(avg):0.5297, tirads_loss(avg):0.0000
Epoch:2: seg_loss(avg):0.4657, bm_loss(avg):0.3984, tirads_loss(avg):0.0000
Epoch:3: seg_loss(avg):0.4374, bm_loss(avg):0.3583, tirads_loss(avg):0.0000
Epoch:4: seg_loss(avg):0.4264, bm_loss(avg):0.3472, tirads_loss(avg):0.0000
Epoch:5: seg_loss(avg):0.4191, bm_loss(avg):0.3164, tirads_loss(avg):0.0000
Saved checkpoint at epoch 5

Validating epoch 5 on all test datasets...
Testing on TN3K...
  TN3K - Dice: 0.8358, HD95: 23.3026
  TN3K - BM: Acc=0.7653, Prec=0.6899, Rec=0.7075, F1=0.6982, AUROC=0.8209, AUPRC=0.7781
  TN3K - TI-RADS: Acc=0.0000, Prec=0.0000, Rec=0.0000, F1=0.0000, AUC=0.0000
Testing on DDTI...
  DDTI - Dice: 0.7747, HD95: 36.1899
  DDTI - BM: Acc=0.0000, Prec=0.0000, Rec=0.0000, F1=0.0000, AUROC=0.0000, AUPRC=0.0000
  DDTI - TI-RADS: Acc=0.0000, Prec=0.0000, Rec=0.0000, F1=0.0000, AUC=0.0000
Testing on ThyroidXL...
  ThyroidXL - Dice: 0.8712, HD95: 12.4406
  ThyroidXL - BM: Acc=0.8346, Prec=0.9013, Rec=0.7229, F1=0.8022, AUROC=0.9369, AUPRC=0.9203
  ThyroidXL - TI-RADS: Acc=0.0000, Prec=0.0000, Rec=0.0000, F1=0.0000, AUC=0.0000
Testing on PKTN...
  PKTN - Dice: 0.8088, HD95: 24.9017
  PKTN - BM: Acc=0.0000, Prec=0.0000, Rec=0.0000, F1=0.0000, AUROC=0.0000, AUPRC=0.0000
  PKTN - TI-RADS: Acc=0.0000, Prec=0.0000, Rec=0.0000, F1=0.0000, AUC=0.0000
Testing on TN5K...
  TN5K - Dice: 0.8270, HD95: 19.2476
  TN5K - BM: Acc=0.9089, Prec=0.9383, Rec=0.9371, F1=0.9376, AUROC=0.9567, AUPRC=0.9830
  TN5K - TI-RADS: Acc=0.0000, Prec=0.0000, Rec=0.0000, F1=0.0000, AUC=0.0000
Epoch:6: seg_loss(avg):0.4089, bm_loss(avg):0.3010, tirads_loss(avg):0.0000
Epoch:7: seg_loss(avg):0.4063, bm_loss(avg):0.2897, tirads_loss(avg):0.0000
Epoch:8: seg_loss(avg):0.4047, bm_loss(avg):0.2754, tirads_loss(avg):0.0000
Epoch:9: seg_loss(avg):0.4006, bm_loss(avg):0.2620, tirads_loss(avg):0.0000
Epoch:10: seg_loss(avg):0.3924, bm_loss(avg):0.2551, tirads_loss(avg):0.0000
Saved checkpoint at epoch 10

Validating epoch 10 on all test datasets...
Testing on TN3K...
  TN3K - Dice: 0.8445, HD95: 20.8420
  TN3K - BM: Acc=0.7424, Prec=0.6240, Rec=0.8305, F1=0.7122, AUROC=0.8441, AUPRC=0.7889
  TN3K - TI-RADS: Acc=0.0000, Prec=0.0000, Rec=0.0000, F1=0.0000, AUC=0.0000
Testing on DDTI...
  DDTI - Dice: 0.7526, HD95: 39.2873
  DDTI - BM: Acc=0.0000, Prec=0.0000, Rec=0.0000, F1=0.0000, AUROC=0.0000, AUPRC=0.0000
  DDTI - TI-RADS: Acc=0.0000, Prec=0.0000, Rec=0.0000, F1=0.0000, AUC=0.0000
Testing on ThyroidXL...
  ThyroidXL - Dice: 0.8746, HD95: 11.7834
  ThyroidXL - BM: Acc=0.8740, Prec=0.8724, Rec=0.8536, F1=0.8628, AUROC=0.9414, AUPRC=0.9257
  ThyroidXL - TI-RADS: Acc=0.0000, Prec=0.0000, Rec=0.0000, F1=0.0000, AUC=0.0000
Testing on PKTN...
  PKTN - Dice: 0.8174, HD95: 24.3768
  PKTN - BM: Acc=0.0000, Prec=0.0000, Rec=0.0000, F1=0.0000, AUROC=0.0000, AUPRC=0.0000
  PKTN - TI-RADS: Acc=0.0000, Prec=0.0000, Rec=0.0000, F1=0.0000, AUC=0.0000
Testing on TN5K...
  TN5K - Dice: 0.8407, HD95: 16.9765
  TN5K - BM: Acc=0.9009, Prec=0.9167, Rec=0.9508, F1=0.9334, AUROC=0.9576, AUPRC=0.9831
  TN5K - TI-RADS: Acc=0.0000, Prec=0.0000, Rec=0.0000, F1=0.0000, AUC=0.0000
Epoch:11: seg_loss(avg):0.3918, bm_loss(avg):0.2390, tirads_loss(avg):0.0000
Epoch:12: seg_loss(avg):0.3824, bm_loss(avg):0.2351, tirads_loss(avg):0.0000
Epoch:13: seg_loss(avg):0.3851, bm_loss(avg):0.2106, tirads_loss(avg):0.0000
Epoch:14: seg_loss(avg):0.3794, bm_loss(avg):0.1983, tirads_loss(avg):0.0000
Epoch:15: seg_loss(avg):0.3747, bm_loss(avg):0.1931, tirads_loss(avg):0.0000
Saved checkpoint at epoch 15

Validating epoch 15 on all test datasets...
Testing on TN3K...
  TN3K - Dice: 0.8496, HD95: 19.2564
  TN3K - BM: Acc=0.7800, Prec=0.7148, Rec=0.7118, F1=0.7129, AUROC=0.8381, AUPRC=0.7878
  TN3K - TI-RADS: Acc=0.0000, Prec=0.0000, Rec=0.0000, F1=0.0000, AUC=0.0000
Testing on DDTI...
  DDTI - Dice: 0.7450, HD95: 39.0826
  DDTI - BM: Acc=0.0000, Prec=0.0000, Rec=0.0000, F1=0.0000, AUROC=0.0000, AUPRC=0.0000
  DDTI - TI-RADS: Acc=0.0000, Prec=0.0000, Rec=0.0000, F1=0.0000, AUC=0.0000
Testing on ThyroidXL...
  ThyroidXL - Dice: 0.8769, HD95: 10.8475
  ThyroidXL - BM: Acc=0.8516, Prec=0.8986, Rec=0.7669, F1=0.8275, AUROC=0.9380, AUPRC=0.9212
  ThyroidXL - TI-RADS: Acc=0.0000, Prec=0.0000, Rec=0.0000, F1=0.0000, AUC=0.0000
Testing on PKTN...
  PKTN - Dice: 0.8183, HD95: 25.4412
  PKTN - BM: Acc=0.0000, Prec=0.0000, Rec=0.0000, F1=0.0000, AUROC=0.0000, AUPRC=0.0000
  PKTN - TI-RADS: Acc=0.0000, Prec=0.0000, Rec=0.0000, F1=0.0000, AUC=0.0000
Testing on TN5K...
  TN5K - Dice: 0.8377, HD95: 17.8831
  TN5K - BM: Acc=0.8908, Prec=0.9442, Rec=0.9040, F1=0.9236, AUROC=0.9530, AUPRC=0.9814
  TN5K - TI-RADS: Acc=0.0000, Prec=0.0000, Rec=0.0000, F1=0.0000, AUC=0.0000
Epoch:16: seg_loss(avg):0.3748, bm_loss(avg):0.1809, tirads_loss(avg):0.0000
Epoch:17: seg_loss(avg):0.3728, bm_loss(avg):0.1629, tirads_loss(avg):0.0000
Epoch:18: seg_loss(avg):0.3693, bm_loss(avg):0.1550, tirads_loss(avg):0.0000
Epoch:19: seg_loss(avg):0.3634, bm_loss(avg):0.1431, tirads_loss(avg):0.0000
Epoch:20: seg_loss(avg):0.3625, bm_loss(avg):0.1387, tirads_loss(avg):0.0000
Saved checkpoint at epoch 20

Validating epoch 20 on all test datasets...
Testing on TN3K...
  TN3K - Dice: 0.8506, HD95: 22.8215
  TN3K - BM: Acc=0.6677, Prec=0.5430, Rec=0.8594, F1=0.6651, AUROC=0.8211, AUPRC=0.7653
  TN3K - TI-RADS: Acc=0.0000, Prec=0.0000, Rec=0.0000, F1=0.0000, AUC=0.0000
Testing on DDTI...
  DDTI - Dice: 0.7728, HD95: 34.2930
  DDTI - BM: Acc=0.0000, Prec=0.0000, Rec=0.0000, F1=0.0000, AUROC=0.0000, AUPRC=0.0000
  DDTI - TI-RADS: Acc=0.0000, Prec=0.0000, Rec=0.0000, F1=0.0000, AUC=0.0000
Testing on ThyroidXL...
  ThyroidXL - Dice: 0.8798, HD95: 10.6017
  ThyroidXL - BM: Acc=0.8660, Prec=0.8727, Rec=0.8328, F1=0.8522, AUROC=0.9378, AUPRC=0.9225
  ThyroidXL - TI-RADS: Acc=0.0000, Prec=0.0000, Rec=0.0000, F1=0.0000, AUC=0.0000
Testing on PKTN...
  PKTN - Dice: 0.8217, HD95: 23.3384
  PKTN - BM: Acc=0.0000, Prec=0.0000, Rec=0.0000, F1=0.0000, AUROC=0.0000, AUPRC=0.0000
  PKTN - TI-RADS: Acc=0.0000, Prec=0.0000, Rec=0.0000, F1=0.0000, AUC=0.0000
Testing on TN5K...
  TN5K - Dice: 0.8467, HD95: 16.8282
  TN5K - BM: Acc=0.8998, Prec=0.9112, Rec=0.9561, F1=0.9331, AUROC=0.9536, AUPRC=0.9816
  TN5K - TI-RADS: Acc=0.0000, Prec=0.0000, Rec=0.0000, F1=0.0000, AUC=0.0000
Epoch:21: seg_loss(avg):0.3618, bm_loss(avg):0.1229, tirads_loss(avg):0.0000
Epoch:22: seg_loss(avg):0.3629, bm_loss(avg):0.1171, tirads_loss(avg):0.0000
Epoch:23: seg_loss(avg):0.3571, bm_loss(avg):0.1040, tirads_loss(avg):0.0000
Epoch:24: seg_loss(avg):0.3537, bm_loss(avg):0.0941, tirads_loss(avg):0.0000
Epoch:25: seg_loss(avg):0.3494, bm_loss(avg):0.0855, tirads_loss(avg):0.0000
Saved checkpoint at epoch 25

Validating epoch 25 on all test datasets...
Testing on TN3K...
  TN3K - Dice: 0.8550, HD95: 20.8514
  TN3K - BM: Acc=0.7493, Prec=0.6437, Rec=0.7796, F1=0.7047, AUROC=0.8311, AUPRC=0.7726
  TN3K - TI-RADS: Acc=0.0000, Prec=0.0000, Rec=0.0000, F1=0.0000, AUC=0.0000
Testing on DDTI...
  DDTI - Dice: 0.7818, HD95: 33.4717
  DDTI - BM: Acc=0.0000, Prec=0.0000, Rec=0.0000, F1=0.0000, AUROC=0.0000, AUPRC=0.0000
  DDTI - TI-RADS: Acc=0.0000, Prec=0.0000, Rec=0.0000, F1=0.0000, AUC=0.0000
Testing on ThyroidXL...
  ThyroidXL - Dice: 0.8808, HD95: 10.6983
  ThyroidXL - BM: Acc=0.8530, Prec=0.8870, Rec=0.7832, F1=0.8318, AUROC=0.9356, AUPRC=0.9185
  ThyroidXL - TI-RADS: Acc=0.0000, Prec=0.0000, Rec=0.0000, F1=0.0000, AUC=0.0000
Testing on PKTN...
  PKTN - Dice: 0.8214, HD95: 24.6184
  PKTN - BM: Acc=0.0000, Prec=0.0000, Rec=0.0000, F1=0.0000, AUROC=0.0000, AUPRC=0.0000
  PKTN - TI-RADS: Acc=0.0000, Prec=0.0000, Rec=0.0000, F1=0.0000, AUC=0.0000
Testing on TN5K...
  TN5K - Dice: 0.8452, HD95: 17.4072
  TN5K - BM: Acc=0.8938, Prec=0.9182, Rec=0.9383, F1=0.9281, AUROC=0.9497, AUPRC=0.9794
  TN5K - TI-RADS: Acc=0.0000, Prec=0.0000, Rec=0.0000, F1=0.0000, AUC=0.0000
Epoch:26: seg_loss(avg):0.3473, bm_loss(avg):0.0776, tirads_loss(avg):0.0000
Epoch:27: seg_loss(avg):0.3456, bm_loss(avg):0.0700, tirads_loss(avg):0.0000
Epoch:28: seg_loss(avg):0.3425, bm_loss(avg):0.0721, tirads_loss(avg):0.0000
Epoch:29: seg_loss(avg):0.3393, bm_loss(avg):0.0651, tirads_loss(avg):0.0000
Epoch:30: seg_loss(avg):0.3360, bm_loss(avg):0.0490, tirads_loss(avg):0.0000
Saved checkpoint at epoch 30

Validating epoch 30 on all test datasets...
Testing on TN3K...
  TN3K - Dice: 0.8539, HD95: 21.1940
  TN3K - BM: Acc=0.7604, Prec=0.6692, Rec=0.7457, F1=0.7049, AUROC=0.8231, AUPRC=0.7744
  TN3K - TI-RADS: Acc=0.0000, Prec=0.0000, Rec=0.0000, F1=0.0000, AUC=0.0000
Testing on DDTI...
  DDTI - Dice: 0.7946, HD95: 31.2061
  DDTI - BM: Acc=0.0000, Prec=0.0000, Rec=0.0000, F1=0.0000, AUROC=0.0000, AUPRC=0.0000
  DDTI - TI-RADS: Acc=0.0000, Prec=0.0000, Rec=0.0000, F1=0.0000, AUC=0.0000
Testing on ThyroidXL...
  ThyroidXL - Dice: 0.8803, HD95: 10.4526
  ThyroidXL - BM: Acc=0.8537, Prec=0.8876, Rec=0.7842, F1=0.8326, AUROC=0.9314, AUPRC=0.9131
  ThyroidXL - TI-RADS: Acc=0.0000, Prec=0.0000, Rec=0.0000, F1=0.0000, AUC=0.0000
Testing on PKTN...
  PKTN - Dice: 0.8202, HD95: 22.8234
  PKTN - BM: Acc=0.0000, Prec=0.0000, Rec=0.0000, F1=0.0000, AUROC=0.0000, AUPRC=0.0000
  PKTN - TI-RADS: Acc=0.0000, Prec=0.0000, Rec=0.0000, F1=0.0000, AUC=0.0000
Testing on TN5K...
  TN5K - Dice: 0.8466, HD95: 15.9591
  TN5K - BM: Acc=0.9011, Prec=0.9329, Rec=0.9317, F1=0.9323, AUROC=0.9553, AUPRC=0.9812
  TN5K - TI-RADS: Acc=0.0000, Prec=0.0000, Rec=0.0000, F1=0.0000, AUC=0.0000
Epoch:31: seg_loss(avg):0.3314, bm_loss(avg):0.0519, tirads_loss(avg):0.0000
Epoch:32: seg_loss(avg):0.3303, bm_loss(avg):0.0400, tirads_loss(avg):0.0000
Epoch:33: seg_loss(avg):0.3283, bm_loss(avg):0.0435, tirads_loss(avg):0.0000
Epoch:34: seg_loss(avg):0.3237, bm_loss(avg):0.0300, tirads_loss(avg):0.0000
Epoch:35: seg_loss(avg):0.3230, bm_loss(avg):0.0274, tirads_loss(avg):0.0000
Saved checkpoint at epoch 35

Validating epoch 35 on all test datasets...
Testing on TN3K...
  TN3K - Dice: 0.8582, HD95: 19.6917
  TN3K - BM: Acc=0.7717, Prec=0.6904, Rec=0.7366, F1=0.7123, AUROC=0.8115, AUPRC=0.7632
  TN3K - TI-RADS: Acc=0.0000, Prec=0.0000, Rec=0.0000, F1=0.0000, AUC=0.0000
Testing on DDTI...
  DDTI - Dice: 0.7840, HD95: 32.5963
  DDTI - BM: Acc=0.0000, Prec=0.0000, Rec=0.0000, F1=0.0000, AUROC=0.0000, AUPRC=0.0000
  DDTI - TI-RADS: Acc=0.0000, Prec=0.0000, Rec=0.0000, F1=0.0000, AUC=0.0000
Testing on ThyroidXL...
  ThyroidXL - Dice: 0.8830, HD95: 10.1222
  ThyroidXL - BM: Acc=0.8487, Prec=0.8882, Rec=0.7712, F1=0.8255, AUROC=0.9210, AUPRC=0.9028
  ThyroidXL - TI-RADS: Acc=0.0000, Prec=0.0000, Rec=0.0000, F1=0.0000, AUC=0.0000
Testing on PKTN...
  PKTN - Dice: 0.8269, HD95: 21.2262
  PKTN - BM: Acc=0.0000, Prec=0.0000, Rec=0.0000, F1=0.0000, AUROC=0.0000, AUPRC=0.0000
  PKTN - TI-RADS: Acc=0.0000, Prec=0.0000, Rec=0.0000, F1=0.0000, AUC=0.0000
Testing on TN5K...
  TN5K - Dice: 0.8518, HD95: 15.1994
  TN5K - BM: Acc=0.8880, Prec=0.9453, Rec=0.8988, F1=0.9214, AUROC=0.9506, AUPRC=0.9798
  TN5K - TI-RADS: Acc=0.0000, Prec=0.0000, Rec=0.0000, F1=0.0000, AUC=0.0000
Epoch:36: seg_loss(avg):0.3199, bm_loss(avg):0.0276, tirads_loss(avg):0.0000
Epoch:37: seg_loss(avg):0.3203, bm_loss(avg):0.0229, tirads_loss(avg):0.0000
Epoch:38: seg_loss(avg):0.3150, bm_loss(avg):0.0145, tirads_loss(avg):0.0000
Epoch:39: seg_loss(avg):0.3119, bm_loss(avg):0.0153, tirads_loss(avg):0.0000
Epoch:40: seg_loss(avg):0.3121, bm_loss(avg):0.0167, tirads_loss(avg):0.0000
Saved checkpoint at epoch 40

Validating epoch 40 on all test datasets...
Testing on TN3K...
  TN3K - Dice: 0.8541, HD95: 19.8600
  TN3K - BM: Acc=0.7377, Prec=0.6264, Rec=0.7880, F1=0.6975, AUROC=0.8177, AUPRC=0.7694
  TN3K - TI-RADS: Acc=0.0000, Prec=0.0000, Rec=0.0000, F1=0.0000, AUC=0.0000
Testing on DDTI...
  DDTI - Dice: 0.7799, HD95: 33.3358
  DDTI - BM: Acc=0.0000, Prec=0.0000, Rec=0.0000, F1=0.0000, AUROC=0.0000, AUPRC=0.0000
  DDTI - TI-RADS: Acc=0.0000, Prec=0.0000, Rec=0.0000, F1=0.0000, AUC=0.0000
Testing on ThyroidXL...
  ThyroidXL - Dice: 0.8826, HD95: 10.0636
  ThyroidXL - BM: Acc=0.8581, Prec=0.8990, Rec=0.7821, F1=0.8365, AUROC=0.9278, AUPRC=0.9148
  ThyroidXL - TI-RADS: Acc=0.0000, Prec=0.0000, Rec=0.0000, F1=0.0000, AUC=0.0000
Testing on PKTN...
  PKTN - Dice: 0.8294, HD95: 20.7778
  PKTN - BM: Acc=0.0000, Prec=0.0000, Rec=0.0000, F1=0.0000, AUROC=0.0000, AUPRC=0.0000
  PKTN - TI-RADS: Acc=0.0000, Prec=0.0000, Rec=0.0000, F1=0.0000, AUC=0.0000
Testing on TN5K...
  TN5K - Dice: 0.8475, HD95: 15.6200
  TN5K - BM: Acc=0.9079, Prec=0.9322, Rec=0.9425, F1=0.9373, AUROC=0.9543, AUPRC=0.9811
  TN5K - TI-RADS: Acc=0.0000, Prec=0.0000, Rec=0.0000, F1=0.0000, AUC=0.0000
Epoch:41: seg_loss(avg):0.3102, bm_loss(avg):0.0118, tirads_loss(avg):0.0000
Epoch:42: seg_loss(avg):0.3083, bm_loss(avg):0.0136, tirads_loss(avg):0.0000
Epoch:43: seg_loss(avg):0.3053, bm_loss(avg):0.0109, tirads_loss(avg):0.0000
Epoch:44: seg_loss(avg):0.3034, bm_loss(avg):0.0139, tirads_loss(avg):0.0000
Epoch:45: seg_loss(avg):0.3044, bm_loss(avg):0.0111, tirads_loss(avg):0.0000
Saved checkpoint at epoch 45

Validating epoch 45 on all test datasets...
Testing on TN3K...
  TN3K - Dice: 0.8572, HD95: 19.8130
  TN3K - BM: Acc=0.7506, Prec=0.6509, Rec=0.7581, F1=0.7000, AUROC=0.8183, AUPRC=0.7704
  TN3K - TI-RADS: Acc=0.0000, Prec=0.0000, Rec=0.0000, F1=0.0000, AUC=0.0000
Testing on DDTI...
  DDTI - Dice: 0.7825, HD95: 32.9988
  DDTI - BM: Acc=0.0000, Prec=0.0000, Rec=0.0000, F1=0.0000, AUROC=0.0000, AUPRC=0.0000
  DDTI - TI-RADS: Acc=0.0000, Prec=0.0000, Rec=0.0000, F1=0.0000, AUC=0.0000
Testing on ThyroidXL...
  ThyroidXL - Dice: 0.8852, HD95: 9.9180
  ThyroidXL - BM: Acc=0.8595, Prec=0.8985, Rec=0.7862, F1=0.8385, AUROC=0.9272, AUPRC=0.9108
  ThyroidXL - TI-RADS: Acc=0.0000, Prec=0.0000, Rec=0.0000, F1=0.0000, AUC=0.0000
Testing on PKTN...
  PKTN - Dice: 0.8318, HD95: 20.8555
  PKTN - BM: Acc=0.0000, Prec=0.0000, Rec=0.0000, F1=0.0000, AUROC=0.0000, AUPRC=0.0000
  PKTN - TI-RADS: Acc=0.0000, Prec=0.0000, Rec=0.0000, F1=0.0000, AUC=0.0000
Testing on TN5K...
  TN5K - Dice: 0.8519, HD95: 15.4388
  TN5K - BM: Acc=0.8930, Prec=0.9381, Rec=0.9138, F1=0.9258, AUROC=0.9532, AUPRC=0.9803
  TN5K - TI-RADS: Acc=0.0000, Prec=0.0000, Rec=0.0000, F1=0.0000, AUC=0.0000
Epoch:46: seg_loss(avg):0.3026, bm_loss(avg):0.0065, tirads_loss(avg):0.0000
Epoch:47: seg_loss(avg):0.3008, bm_loss(avg):0.0113, tirads_loss(avg):0.0000
Epoch:48: seg_loss(avg):0.3022, bm_loss(avg):0.0071, tirads_loss(avg):0.0000
Epoch:49: seg_loss(avg):0.3015, bm_loss(avg):0.0071, tirads_loss(avg):0.0000
Epoch:50: seg_loss(avg):0.3034, bm_loss(avg):0.0064, tirads_loss(avg):0.0000
Saved checkpoint at epoch 50

Validating epoch 50 on all test datasets...
Testing on TN3K...
  TN3K - Dice: 0.8571, HD95: 19.9423
  TN3K - BM: Acc=0.7507, Prec=0.6532, Rec=0.7497, F1=0.6977, AUROC=0.8192, AUPRC=0.7702
  TN3K - TI-RADS: Acc=0.0000, Prec=0.0000, Rec=0.0000, F1=0.0000, AUC=0.0000
Testing on DDTI...
  DDTI - Dice: 0.7840, HD95: 32.6064
  DDTI - BM: Acc=0.0000, Prec=0.0000, Rec=0.0000, F1=0.0000, AUROC=0.0000, AUPRC=0.0000
  DDTI - TI-RADS: Acc=0.0000, Prec=0.0000, Rec=0.0000, F1=0.0000, AUC=0.0000
Testing on ThyroidXL...
  ThyroidXL - Dice: 0.8850, HD95: 9.8727
  ThyroidXL - BM: Acc=0.8533, Prec=0.8949, Rec=0.7751, F1=0.8306, AUROC=0.9246, AUPRC=0.9099
  ThyroidXL - TI-RADS: Acc=0.0000, Prec=0.0000, Rec=0.0000, F1=0.0000, AUC=0.0000
Testing on PKTN...
  PKTN - Dice: 0.8320, HD95: 20.6435
  PKTN - BM: Acc=0.0000, Prec=0.0000, Rec=0.0000, F1=0.0000, AUROC=0.0000, AUPRC=0.0000
  PKTN - TI-RADS: Acc=0.0000, Prec=0.0000, Rec=0.0000, F1=0.0000, AUC=0.0000
Testing on TN5K...
  TN5K - Dice: 0.8520, HD95: 15.2704
  TN5K - BM: Acc=0.8918, Prec=0.9418, Rec=0.9082, F1=0.9246, AUROC=0.9528, AUPRC=0.9798
  TN5K - TI-RADS: Acc=0.0000, Prec=0.0000, Rec=0.0000, F1=0.0000, AUC=0.0000

========== Evaluation Summary (All Test Records) ==========

Dataset: TN3K
Eval epochs: [5, 10, 15, 20, 25, 30, 35, 40, 45, 50]
Dice per eval: [0.8357999920845032, 0.8445000052452087, 0.8496000170707703, 0.850600004196167, 0.8550000190734863, 0.8539000153541565, 0.8582000136375427, 0.8540999889373779, 0.857200026512146, 0.8571000099182129]
HD95 per eval: [23.302600860595703, 20.841999053955078, 19.256399154663086, 22.821500778198242, 20.85140037536621, 21.194000244140625, 19.691699981689453, 19.860000610351562, 19.812999725341797, 19.94230079650879]
Best Dice: 0.8582 at epoch 35
Best HD95: 19.2564 at epoch 15

BM metrics per eval:
  Acc:  [0.7653, 0.7424, 0.78, 0.6677, 0.7493, 0.7604, 0.7717, 0.7377, 0.7506, 0.7507]
  Prec: [0.6899, 0.624, 0.7148, 0.543, 0.6437, 0.6692, 0.6904, 0.6264, 0.6509, 0.6532]
  Rec:  [0.7075, 0.8305, 0.7118, 0.8594, 0.7796, 0.7457, 0.7366, 0.788, 0.7581, 0.7497]
  F1:   [0.6982, 0.7122, 0.7129, 0.6651, 0.7047, 0.7049, 0.7123, 0.6975, 0.7, 0.6977]
  AUROC:[0.8209, 0.8441, 0.8381, 0.8211, 0.8311, 0.8231, 0.8115, 0.8177, 0.8183, 0.8192]
  AUPRC:[0.7781, 0.7889, 0.7878, 0.7653, 0.7726, 0.7744, 0.7632, 0.7694, 0.7704, 0.7702]
Best BM F1: 0.7129 at epoch 15

TI-RADS metrics per eval:
  Acc:  [0.0, 0.0, 0.0, 0.0, 0.0, 0.0, 0.0, 0.0, 0.0, 0.0]
  Prec: [0.0, 0.0, 0.0, 0.0, 0.0, 0.0, 0.0, 0.0, 0.0, 0.0]
  Rec:  [0.0, 0.0, 0.0, 0.0, 0.0, 0.0, 0.0, 0.0, 0.0, 0.0]
  F1:   [0.0, 0.0, 0.0, 0.0, 0.0, 0.0, 0.0, 0.0, 0.0, 0.0]
  AUC:  [0.0, 0.0, 0.0, 0.0, 0.0, 0.0, 0.0, 0.0, 0.0, 0.0]
Best TI-RADS F1: 0.0000 at epoch 5

Dataset: DDTI
Eval epochs: [5, 10, 15, 20, 25, 30, 35, 40, 45, 50]
Dice per eval: [0.7746999859809875, 0.7526000142097473, 0.7450000047683716, 0.7728000283241272, 0.7817999720573425, 0.7946000099182129, 0.7839999794960022, 0.7799000144004822, 0.7825000286102295, 0.7839999794960022]
HD95 per eval: [36.18989944458008, 39.28730010986328, 39.08259963989258, 34.292999267578125, 33.47169876098633, 31.206100463867188, 32.59629821777344, 33.33580017089844, 32.99879837036133, 32.60639953613281]
Best Dice: 0.7946 at epoch 30
Best HD95: 31.2061 at epoch 30

BM metrics per eval:
  Acc:  [0.0, 0.0, 0.0, 0.0, 0.0, 0.0, 0.0, 0.0, 0.0, 0.0]
  Prec: [0.0, 0.0, 0.0, 0.0, 0.0, 0.0, 0.0, 0.0, 0.0, 0.0]
  Rec:  [0.0, 0.0, 0.0, 0.0, 0.0, 0.0, 0.0, 0.0, 0.0, 0.0]
  F1:   [0.0, 0.0, 0.0, 0.0, 0.0, 0.0, 0.0, 0.0, 0.0, 0.0]
  AUROC:[0.0, 0.0, 0.0, 0.0, 0.0, 0.0, 0.0, 0.0, 0.0, 0.0]
  AUPRC:[0.0, 0.0, 0.0, 0.0, 0.0, 0.0, 0.0, 0.0, 0.0, 0.0]
Best BM F1: 0.0000 at epoch 5

TI-RADS metrics per eval:
  Acc:  [0.0, 0.0, 0.0, 0.0, 0.0, 0.0, 0.0, 0.0, 0.0, 0.0]
  Prec: [0.0, 0.0, 0.0, 0.0, 0.0, 0.0, 0.0, 0.0, 0.0, 0.0]
  Rec:  [0.0, 0.0, 0.0, 0.0, 0.0, 0.0, 0.0, 0.0, 0.0, 0.0]
  F1:   [0.0, 0.0, 0.0, 0.0, 0.0, 0.0, 0.0, 0.0, 0.0, 0.0]
  AUC:  [0.0, 0.0, 0.0, 0.0, 0.0, 0.0, 0.0, 0.0, 0.0, 0.0]
Best TI-RADS F1: 0.0000 at epoch 5

Dataset: ThyroidXL
Eval epochs: [5, 10, 15, 20, 25, 30, 35, 40, 45, 50]
Dice per eval: [0.8712000250816345, 0.8745999932289124, 0.8769000172615051, 0.879800021648407, 0.8808000087738037, 0.880299985408783, 0.8830000162124634, 0.8826000094413757, 0.885200023651123, 0.8849999904632568]
HD95 per eval: [12.440600395202637, 11.78339958190918, 10.84749984741211, 10.601699829101562, 10.6983003616333, 10.45259952545166, 10.122200012207031, 10.063599586486816, 9.918000221252441, 9.872699737548828]
Best Dice: 0.8852 at epoch 45
Best HD95: 9.8727 at epoch 50

BM metrics per eval:
  Acc:  [0.8346, 0.874, 0.8516, 0.866, 0.853, 0.8537, 0.8487, 0.8581, 0.8595, 0.8533]
  Prec: [0.9013, 0.8724, 0.8986, 0.8727, 0.887, 0.8876, 0.8882, 0.899, 0.8985, 0.8949]
  Rec:  [0.7229, 0.8536, 0.7669, 0.8328, 0.7832, 0.7842, 0.7712, 0.7821, 0.7862, 0.7751]
  F1:   [0.8022, 0.8628, 0.8275, 0.8522, 0.8318, 0.8326, 0.8255, 0.8365, 0.8385, 0.8306]
  AUROC:[0.9369, 0.9414, 0.938, 0.9378, 0.9356, 0.9314, 0.921, 0.9278, 0.9272, 0.9246]
  AUPRC:[0.9203, 0.9257, 0.9212, 0.9225, 0.9185, 0.9131, 0.9028, 0.9148, 0.9108, 0.9099]
Best BM F1: 0.8628 at epoch 10

TI-RADS metrics per eval:
  Acc:  [0.0, 0.0, 0.0, 0.0, 0.0, 0.0, 0.0, 0.0, 0.0, 0.0]
  Prec: [0.0, 0.0, 0.0, 0.0, 0.0, 0.0, 0.0, 0.0, 0.0, 0.0]
  Rec:  [0.0, 0.0, 0.0, 0.0, 0.0, 0.0, 0.0, 0.0, 0.0, 0.0]
  F1:   [0.0, 0.0, 0.0, 0.0, 0.0, 0.0, 0.0, 0.0, 0.0, 0.0]
  AUC:  [0.0, 0.0, 0.0, 0.0, 0.0, 0.0, 0.0, 0.0, 0.0, 0.0]
Best TI-RADS F1: 0.0000 at epoch 5

Dataset: PKTN
Eval epochs: [5, 10, 15, 20, 25, 30, 35, 40, 45, 50]
Dice per eval: [0.8087999820709229, 0.8173999786376953, 0.8183000087738037, 0.8216999769210815, 0.821399986743927, 0.8202000260353088, 0.8269000053405762, 0.8294000029563904, 0.8317999839782715, 0.8320000171661377]
HD95 per eval: [24.90169906616211, 24.376800537109375, 25.441200256347656, 23.33839988708496, 24.61840057373047, 22.823400497436523, 21.226200103759766, 20.777799606323242, 20.855499267578125, 20.64349937438965]
Best Dice: 0.8320 at epoch 50
Best HD95: 20.6435 at epoch 50

BM metrics per eval:
  Acc:  [0.0, 0.0, 0.0, 0.0, 0.0, 0.0, 0.0, 0.0, 0.0, 0.0]
  Prec: [0.0, 0.0, 0.0, 0.0, 0.0, 0.0, 0.0, 0.0, 0.0, 0.0]
  Rec:  [0.0, 0.0, 0.0, 0.0, 0.0, 0.0, 0.0, 0.0, 0.0, 0.0]
  F1:   [0.0, 0.0, 0.0, 0.0, 0.0, 0.0, 0.0, 0.0, 0.0, 0.0]
  AUROC:[0.0, 0.0, 0.0, 0.0, 0.0, 0.0, 0.0, 0.0, 0.0, 0.0]
  AUPRC:[0.0, 0.0, 0.0, 0.0, 0.0, 0.0, 0.0, 0.0, 0.0, 0.0]
Best BM F1: 0.0000 at epoch 5

TI-RADS metrics per eval:
  Acc:  [0.0, 0.0, 0.0, 0.0, 0.0, 0.0, 0.0, 0.0, 0.0, 0.0]
  Prec: [0.0, 0.0, 0.0, 0.0, 0.0, 0.0, 0.0, 0.0, 0.0, 0.0]
  Rec:  [0.0, 0.0, 0.0, 0.0, 0.0, 0.0, 0.0, 0.0, 0.0, 0.0]
  F1:   [0.0, 0.0, 0.0, 0.0, 0.0, 0.0, 0.0, 0.0, 0.0, 0.0]
  AUC:  [0.0, 0.0, 0.0, 0.0, 0.0, 0.0, 0.0, 0.0, 0.0, 0.0]
Best TI-RADS F1: 0.0000 at epoch 5

Dataset: TN5K
Eval epochs: [5, 10, 15, 20, 25, 30, 35, 40, 45, 50]
Dice per eval: [0.8270000219345093, 0.8406999707221985, 0.8377000093460083, 0.8467000126838684, 0.8452000021934509, 0.8465999960899353, 0.8518000245094299, 0.8475000262260437, 0.8518999814987183, 0.8519999980926514]
HD95 per eval: [19.247600555419922, 16.976499557495117, 17.883100509643555, 16.82819938659668, 17.40719985961914, 15.959099769592285, 15.199399948120117, 15.619999885559082, 15.438799858093262, 15.270400047302246]
Best Dice: 0.8520 at epoch 50
Best HD95: 15.1994 at epoch 35

BM metrics per eval:
  Acc:  [0.9089, 0.9009, 0.8908, 0.8998, 0.8938, 0.9011, 0.888, 0.9079, 0.893, 0.8918]
  Prec: [0.9383, 0.9167, 0.9442, 0.9112, 0.9182, 0.9329, 0.9453, 0.9322, 0.9381, 0.9418]
  Rec:  [0.9371, 0.9508, 0.904, 0.9561, 0.9383, 0.9317, 0.8988, 0.9425, 0.9138, 0.9082]
  F1:   [0.9376, 0.9334, 0.9236, 0.9331, 0.9281, 0.9323, 0.9214, 0.9373, 0.9258, 0.9246]
  AUROC:[0.9567, 0.9576, 0.953, 0.9536, 0.9497, 0.9553, 0.9506, 0.9543, 0.9532, 0.9528]
  AUPRC:[0.983, 0.9831, 0.9814, 0.9816, 0.9794, 0.9812, 0.9798, 0.9811, 0.9803, 0.9798]
Best BM F1: 0.9376 at epoch 5

TI-RADS metrics per eval:
  Acc:  [0.0, 0.0, 0.0, 0.0, 0.0, 0.0, 0.0, 0.0, 0.0, 0.0]
  Prec: [0.0, 0.0, 0.0, 0.0, 0.0, 0.0, 0.0, 0.0, 0.0, 0.0]
  Rec:  [0.0, 0.0, 0.0, 0.0, 0.0, 0.0, 0.0, 0.0, 0.0, 0.0]
  F1:   [0.0, 0.0, 0.0, 0.0, 0.0, 0.0, 0.0, 0.0, 0.0, 0.0]
  AUC:  [0.0, 0.0, 0.0, 0.0, 0.0, 0.0, 0.0, 0.0, 0.0, 0.0]
Best TI-RADS F1: 0.0000 at epoch 5

==========================================================

========== Training Completed ==========
Training completed at Mon Jan 12 17:10:50 2026
