Training started at Sat May 16 21:38:44 2026
Method: dino_unet
Dataset: train_multitask_FTCPTC
Epochs: 20
Target Key: FTCPTC
LR: 0.0001
Batch Size: 12
Image Size: 224 x 224
DINO pretrained: True
Use Dilation: False
First sample: filename=2016/刘惠银/刘惠银_01_0001_0001.jpg, image=/mnt/wangbd8/workspace/DataSets/ThyroidAgent/Classifaction_Data/Malignant_ultrasound_images_cropped/2016/刘惠银/刘惠银_01_0001_0001.jpg, mask=/mnt/wangbd8/workspace/DataSets/ThyroidAgent/Classifaction_Data/Malignant_ultrasound_images_cropped_predictions/2016/刘惠银/刘惠银_01_0001_0001.png, target=-1
Training set - FTCPTC: Negative=1818 (92.43%), Positive=149 (7.57%), Missing=29
Auto-adjusted tau=1.00 (imbalance_ratio=12.20)
GLA parameters for FTCPTC: p_neg=0.9243, p_pos=0.0757, tau=1.00
Logit adjustment magnitude: 2.5015
Loss weights: seg=1.0, cls=1.0
GA-MTL schedule per optimizer step: ['cls']
steps_per_epoch (optimizer steps): 166
Epoch:1: seg_loss(avg):0.0000, cls_loss(avg):0.4661
Epoch:2: seg_loss(avg):0.0000, cls_loss(avg):0.4621

Validating epoch 2 on all test datasets...
Testing on FTCPTC...
  FTCPTC - Dice: 0.0108, HD95: 138.2543
  FTCPTC - FTCPTC: Acc=0.6351, Prec=0.0000, Rec=0.0000, F1=0.0000, AUROC=0.3715, AUPRC=0.3309, ECE=0.3087
Epoch:3: seg_loss(avg):0.0000, cls_loss(avg):0.4619
Epoch:4: seg_loss(avg):0.0000, cls_loss(avg):0.4562

Validating epoch 4 on all test datasets...
Testing on FTCPTC...
  FTCPTC - Dice: 0.1406, HD95: 110.1236
  FTCPTC - FTCPTC: Acc=0.6351, Prec=0.0000, Rec=0.0000, F1=0.0000, AUROC=0.6239, AUPRC=0.5098, ECE=0.2999
Epoch:5: seg_loss(avg):0.0000, cls_loss(avg):0.4593
Saved checkpoint at epoch 5
Epoch:6: seg_loss(avg):0.0000, cls_loss(avg):0.4588

Validating epoch 6 on all test datasets...
Testing on FTCPTC...
  FTCPTC - Dice: 0.0442, HD95: 124.4868
  FTCPTC - FTCPTC: Acc=0.6351, Prec=0.0000, Rec=0.0000, F1=0.0000, AUROC=0.4883, AUPRC=0.3553, ECE=0.3083
Epoch:7: seg_loss(avg):0.0000, cls_loss(avg):0.4596
Epoch:8: seg_loss(avg):0.0000, cls_loss(avg):0.4565

Validating epoch 8 on all test datasets...
Testing on FTCPTC...
  FTCPTC - Dice: 0.0422, HD95: 119.2518
  FTCPTC - FTCPTC: Acc=0.6351, Prec=0.0000, Rec=0.0000, F1=0.0000, AUROC=0.5424, AUPRC=0.3889, ECE=0.2810
Epoch:9: seg_loss(avg):0.0000, cls_loss(avg):0.4586
Epoch:10: seg_loss(avg):0.0000, cls_loss(avg):0.4527
Saved checkpoint at epoch 10

Validating epoch 10 on all test datasets...
Testing on FTCPTC...
  FTCPTC - Dice: 0.0634, HD95: 118.4763
  FTCPTC - FTCPTC: Acc=0.6351, Prec=0.0000, Rec=0.0000, F1=0.0000, AUROC=0.5008, AUPRC=0.3724, ECE=0.2931
Epoch:11: seg_loss(avg):0.0000, cls_loss(avg):0.4539
Epoch:12: seg_loss(avg):0.0000, cls_loss(avg):0.4562

Validating epoch 12 on all test datasets...
Testing on FTCPTC...
  FTCPTC - Dice: 0.0321, HD95: 124.7355
  FTCPTC - FTCPTC: Acc=0.6351, Prec=0.0000, Rec=0.0000, F1=0.0000, AUROC=0.4729, AUPRC=0.3507, ECE=0.2926
Epoch:13: seg_loss(avg):0.0000, cls_loss(avg):0.4516
Epoch:14: seg_loss(avg):0.0000, cls_loss(avg):0.4482

Validating epoch 14 on all test datasets...
Testing on FTCPTC...
  FTCPTC - Dice: 0.0230, HD95: 117.4311
  FTCPTC - FTCPTC: Acc=0.6351, Prec=0.0000, Rec=0.0000, F1=0.0000, AUROC=0.5519, AUPRC=0.4016, ECE=0.2946
Epoch:15: seg_loss(avg):0.0000, cls_loss(avg):0.4484
Saved checkpoint at epoch 15
Epoch:16: seg_loss(avg):0.0000, cls_loss(avg):0.4473

Validating epoch 16 on all test datasets...
Testing on FTCPTC...
  FTCPTC - Dice: 0.0362, HD95: 116.5812
  FTCPTC - FTCPTC: Acc=0.6351, Prec=0.0000, Rec=0.0000, F1=0.0000, AUROC=0.5828, AUPRC=0.4195, ECE=0.2636
Epoch:17: seg_loss(avg):0.0000, cls_loss(avg):0.4447
Epoch:18: seg_loss(avg):0.0000, cls_loss(avg):0.4379

Validating epoch 18 on all test datasets...
Testing on FTCPTC...
  FTCPTC - Dice: 0.0293, HD95: 111.6178
  FTCPTC - FTCPTC: Acc=0.6351, Prec=0.0000, Rec=0.0000, F1=0.0000, AUROC=0.5187, AUPRC=0.3931, ECE=0.2879
Epoch:19: seg_loss(avg):0.0000, cls_loss(avg):0.4273
Epoch:20: seg_loss(avg):0.0000, cls_loss(avg):0.4245
Saved checkpoint at epoch 20

Validating epoch 20 on all test datasets...
Testing on FTCPTC...
  FTCPTC - Dice: 0.0311, HD95: 112.6529
  FTCPTC - FTCPTC: Acc=0.6351, Prec=0.0000, Rec=0.0000, F1=0.0000, AUROC=0.5204, AUPRC=0.3967, ECE=0.2883

========== Evaluation Summary (All Test Records) ==========


Dataset: FTCPTC
Eval epochs: [2, 4, 6, 8, 10, 12, 14, 16, 18, 20]
Dice per eval: [0.01080000028014183, 0.14059999585151672, 0.044199999421834946, 0.0421999990940094, 0.06340000033378601, 0.032099999487400055, 0.023000000044703484, 0.03620000183582306, 0.02930000051856041, 0.031099999323487282]
HD95 per eval: [138.25430297851562, 110.12359619140625, 124.48680114746094, 119.25180053710938, 118.47630310058594, 124.7354965209961, 117.43109893798828, 116.5811996459961, 111.6177978515625, 112.65290069580078]
Best Dice: 0.1406 at epoch 4
Best HD95: 110.1236 at epoch 4

FTCPTC metrics per eval:
  Acc:  [0.6351, 0.6351, 0.6351, 0.6351, 0.6351, 0.6351, 0.6351, 0.6351, 0.6351, 0.6351]
  Prec: [0.0, 0.0, 0.0, 0.0, 0.0, 0.0, 0.0, 0.0, 0.0, 0.0]
  Rec:  [0.0, 0.0, 0.0, 0.0, 0.0, 0.0, 0.0, 0.0, 0.0, 0.0]
  F1:   [0.0, 0.0, 0.0, 0.0, 0.0, 0.0, 0.0, 0.0, 0.0, 0.0]
  AUROC:[0.3715, 0.6239, 0.4883, 0.5424, 0.5008, 0.4729, 0.5519, 0.5828, 0.5187, 0.5204]
  AUPRC:[0.3309, 0.5098, 0.3553, 0.3889, 0.3724, 0.3507, 0.4016, 0.4195, 0.3931, 0.3967]
  ECE:  [0.3087, 0.2999, 0.3083, 0.281, 0.2931, 0.2926, 0.2946, 0.2636, 0.2879, 0.2883]
Best FTCPTC F1: 0.0000 at epoch 2

==========================================================

========== Training Completed ==========
Training completed at Sat May 16 21:44:16 2026
