Training started at Sat Jan 31 19:52:15 2026
Method: dino_unet
Dataset: 128size_train_multitask_dataset_4
Epochs: 50
LR: 0.0001
Batch Size: 12
Image Size: 128 x 128
DINO pretrained: True
Use Dilation: False
Training set - Benign/Malignant: Benign=18138 (70.97%), Malignant=7419 (29.03%)
Auto-adjusted tau=0.70 (imbalance_ratio=2.44)
GLA parameters: p_benign=0.7097, p_malignant=0.2903, tau=0.70
Logit adjustment magnitude: 0.6258
Training set - TI-RADS distribution (1-5): [30, 544, 3013, 4304, 2557]
TI-RADS probabilities: [0.0028713629581034184, 0.05206738039851189, 0.28838056325912476, 0.4119448661804199, 0.24473583698272705]
Loss weights: seg=1.0, bm=1.0, tirads=1.0
GA-MTL schedule per optimizer step: ['seg', 'bm', 'tirads']
steps_per_epoch (optimizer steps): 709
Epoch:1: seg_loss(avg):0.8074, bm_loss(avg):0.6707, tirads_loss(avg):1.1686
Epoch:2: seg_loss(avg):0.6446, bm_loss(avg):0.5415, tirads_loss(avg):0.9654
Epoch:3: seg_loss(avg):0.6801, bm_loss(avg):0.5603, tirads_loss(avg):0.9339
Epoch:4: seg_loss(avg):0.5938, bm_loss(avg):0.4812, tirads_loss(avg):0.6492
Epoch:5: seg_loss(avg):0.5724, bm_loss(avg):0.4323, tirads_loss(avg):0.4435
Saved checkpoint at epoch 5
Epoch:6: seg_loss(avg):0.5668, bm_loss(avg):0.3958, tirads_loss(avg):0.3374
Epoch:7: seg_loss(avg):0.5400, bm_loss(avg):0.3555, tirads_loss(avg):0.2078
Epoch:8: seg_loss(avg):0.5218, bm_loss(avg):0.3324, tirads_loss(avg):0.1540
Epoch:9: seg_loss(avg):0.5091, bm_loss(avg):0.3102, tirads_loss(avg):0.1318
Epoch:10: seg_loss(avg):0.5059, bm_loss(avg):0.3062, tirads_loss(avg):0.1204
Saved checkpoint at epoch 10
Epoch:11: seg_loss(avg):0.4884, bm_loss(avg):0.2882, tirads_loss(avg):0.0978
Epoch:12: seg_loss(avg):0.4820, bm_loss(avg):0.2832, tirads_loss(avg):0.0814
Epoch:13: seg_loss(avg):0.4766, bm_loss(avg):0.2701, tirads_loss(avg):0.0702
Epoch:14: seg_loss(avg):0.4619, bm_loss(avg):0.2528, tirads_loss(avg):0.0449
Epoch:15: seg_loss(avg):0.4566, bm_loss(avg):0.2553, tirads_loss(avg):0.0593
Saved checkpoint at epoch 15
Epoch:16: seg_loss(avg):0.4429, bm_loss(avg):0.2258, tirads_loss(avg):0.0273
Epoch:17: seg_loss(avg):0.4391, bm_loss(avg):0.2310, tirads_loss(avg):0.0567
Epoch:18: seg_loss(avg):0.4296, bm_loss(avg):0.2330, tirads_loss(avg):0.0359
Epoch:19: seg_loss(avg):0.4260, bm_loss(avg):0.2178, tirads_loss(avg):0.0258
Epoch:20: seg_loss(avg):0.4086, bm_loss(avg):0.2086, tirads_loss(avg):0.0205
Saved checkpoint at epoch 20
Epoch:21: seg_loss(avg):0.4127, bm_loss(avg):0.2082, tirads_loss(avg):0.0313
Epoch:22: seg_loss(avg):0.4041, bm_loss(avg):0.1916, tirads_loss(avg):0.0186
Epoch:23: seg_loss(avg):0.3903, bm_loss(avg):0.1836, tirads_loss(avg):0.0121
Epoch:24: seg_loss(avg):0.3867, bm_loss(avg):0.1784, tirads_loss(avg):0.0073
Epoch:25: seg_loss(avg):0.3767, bm_loss(avg):0.1686, tirads_loss(avg):0.0067
Saved checkpoint at epoch 25
Epoch:26: seg_loss(avg):0.3816, bm_loss(avg):0.1688, tirads_loss(avg):0.0260
Epoch:27: seg_loss(avg):0.3786, bm_loss(avg):0.1464, tirads_loss(avg):0.0157
Epoch:28: seg_loss(avg):0.3631, bm_loss(avg):0.1431, tirads_loss(avg):0.0030
Epoch:29: seg_loss(avg):0.3534, bm_loss(avg):0.1290, tirads_loss(avg):0.0013
Epoch:30: seg_loss(avg):0.3563, bm_loss(avg):0.1219, tirads_loss(avg):0.0050
Saved checkpoint at epoch 30
Epoch:31: seg_loss(avg):0.3484, bm_loss(avg):0.1155, tirads_loss(avg):0.0024
Epoch:32: seg_loss(avg):0.3398, bm_loss(avg):0.1076, tirads_loss(avg):0.0032
Epoch:33: seg_loss(avg):0.3360, bm_loss(avg):0.1097, tirads_loss(avg):0.0023
Epoch:34: seg_loss(avg):0.3378, bm_loss(avg):0.0889, tirads_loss(avg):0.0022
Epoch:35: seg_loss(avg):0.3260, bm_loss(avg):0.0907, tirads_loss(avg):0.0019
Saved checkpoint at epoch 35
Epoch:36: seg_loss(avg):0.3246, bm_loss(avg):0.0938, tirads_loss(avg):0.0011
Epoch:37: seg_loss(avg):0.3179, bm_loss(avg):0.0681, tirads_loss(avg):0.0036
Epoch:38: seg_loss(avg):0.3180, bm_loss(avg):0.0699, tirads_loss(avg):0.0005
Epoch:39: seg_loss(avg):0.3120, bm_loss(avg):0.0690, tirads_loss(avg):0.0058
Epoch:40: seg_loss(avg):0.3079, bm_loss(avg):0.0635, tirads_loss(avg):0.0011
Saved checkpoint at epoch 40
Epoch:41: seg_loss(avg):0.3046, bm_loss(avg):0.0606, tirads_loss(avg):0.0019
Epoch:42: seg_loss(avg):0.3023, bm_loss(avg):0.0549, tirads_loss(avg):0.0012
Epoch:43: seg_loss(avg):0.2971, bm_loss(avg):0.0491, tirads_loss(avg):0.0005
Epoch:44: seg_loss(avg):0.2990, bm_loss(avg):0.0464, tirads_loss(avg):0.0018
Epoch:45: seg_loss(avg):0.2946, bm_loss(avg):0.0446, tirads_loss(avg):0.0004
Saved checkpoint at epoch 45
Epoch:46: seg_loss(avg):0.2943, bm_loss(avg):0.0472, tirads_loss(avg):0.0024
Epoch:47: seg_loss(avg):0.2917, bm_loss(avg):0.0387, tirads_loss(avg):0.0003
Epoch:48: seg_loss(avg):0.2946, bm_loss(avg):0.0343, tirads_loss(avg):0.0004
Epoch:49: seg_loss(avg):0.2936, bm_loss(avg):0.0375, tirads_loss(avg):0.0003
Epoch:50: seg_loss(avg):0.2936, bm_loss(avg):0.0403, tirads_loss(avg):0.0004
Saved checkpoint at epoch 50

Validating epoch 50 on all test datasets...
Testing on TN3K...
  TN3K - Dice: 0.7684, HD95: 9.8509
  TN3K - BM: Acc=0.7995, Prec=0.7872, Rec=0.8021, F1=0.7944, AUROC=0.8734, AUPRC=0.8813
  TN3K - TI-RADS: Acc=0.0000, Prec=0.0000, Rec=0.0000, F1=0.0000, AUC=0.0000
Testing on DDTI...
  DDTI - Dice: 0.7451, HD95: 10.9422
  DDTI - BM: Acc=0.0000, Prec=0.0000, Rec=0.0000, F1=0.0000, AUROC=0.0000, AUPRC=0.0000
  DDTI - TI-RADS: Acc=0.0000, Prec=0.0000, Rec=0.0000, F1=0.0000, AUC=0.0000
Testing on ThyroidXL...
  ThyroidXL - Dice: 0.8482, HD95: 3.9134
  ThyroidXL - BM: Acc=0.8752, Prec=0.7618, Rec=0.7800, F1=0.7706, AUROC=0.9322, AUPRC=0.8292
  ThyroidXL - TI-RADS: Acc=0.0000, Prec=0.0000, Rec=0.0000, F1=0.0000, AUC=0.0000
Testing on PKTN...
  PKTN - Dice: 0.7350, HD95: 9.1326
  PKTN - BM: Acc=0.0000, Prec=0.0000, Rec=0.0000, F1=0.0000, AUROC=0.0000, AUPRC=0.0000
  PKTN - TI-RADS: Acc=0.0000, Prec=0.0000, Rec=0.0000, F1=0.0000, AUC=0.0000
Testing on TN5K...
  TN5K - Dice: 0.7221, HD95: 6.7935
  TN5K - BM: Acc=0.8288, Prec=0.8726, Rec=0.8864, F1=0.8793, AUROC=0.9082, AUPRC=0.9599
  TN5K - TI-RADS: Acc=0.0000, Prec=0.0000, Rec=0.0000, F1=0.0000, AUC=0.0000
Testing on Cine-Clip...
  Cine-Clip - Dice: 0.9013, HD95: 1.9167
  Cine-Clip - BM: Acc=0.9997, Prec=1.0000, Rec=0.9975, F1=0.9987, AUROC=1.0000, AUPRC=0.9999
  Cine-Clip - TI-RADS: Acc=0.9997, Prec=0.9998, Rec=0.9998, F1=0.9998, AUC=0.9999

========== Evaluation Summary (All Test Records) ==========

Dataset: TN3K
Eval epochs: [50]
Dice per eval: [0.7684000134468079]
HD95 per eval: [9.850899696350098]
Best Dice: 0.7684 at epoch 50
Best HD95: 9.8509 at epoch 50

BM metrics per eval:
  Acc:  [0.7995]
  Prec: [0.7872]
  Rec:  [0.8021]
  F1:   [0.7944]
  AUROC:[0.8734]
  AUPRC:[0.8813]
Best BM F1: 0.7944 at epoch 50

TI-RADS metrics per eval:
  Acc:  [0.0]
  Prec: [0.0]
  Rec:  [0.0]
  F1:   [0.0]
  AUC:  [0.0]
Best TI-RADS F1: 0.0000 at epoch 50

Dataset: DDTI
Eval epochs: [50]
Dice per eval: [0.7451000213623047]
HD95 per eval: [10.94219970703125]
Best Dice: 0.7451 at epoch 50
Best HD95: 10.9422 at epoch 50

BM metrics per eval:
  Acc:  [0.0]
  Prec: [0.0]
  Rec:  [0.0]
  F1:   [0.0]
  AUROC:[0.0]
  AUPRC:[0.0]
Best BM F1: 0.0000 at epoch 50

TI-RADS metrics per eval:
  Acc:  [0.0]
  Prec: [0.0]
  Rec:  [0.0]
  F1:   [0.0]
  AUC:  [0.0]
Best TI-RADS F1: 0.0000 at epoch 50

Dataset: ThyroidXL
Eval epochs: [50]
Dice per eval: [0.8482000231742859]
HD95 per eval: [3.9133999347686768]
Best Dice: 0.8482 at epoch 50
Best HD95: 3.9134 at epoch 50

BM metrics per eval:
  Acc:  [0.8752]
  Prec: [0.7618]
  Rec:  [0.78]
  F1:   [0.7706]
  AUROC:[0.9322]
  AUPRC:[0.8292]
Best BM F1: 0.7706 at epoch 50

TI-RADS metrics per eval:
  Acc:  [0.0]
  Prec: [0.0]
  Rec:  [0.0]
  F1:   [0.0]
  AUC:  [0.0]
Best TI-RADS F1: 0.0000 at epoch 50

Dataset: PKTN
Eval epochs: [50]
Dice per eval: [0.7350000143051147]
HD95 per eval: [9.132599830627441]
Best Dice: 0.7350 at epoch 50
Best HD95: 9.1326 at epoch 50

BM metrics per eval:
  Acc:  [0.0]
  Prec: [0.0]
  Rec:  [0.0]
  F1:   [0.0]
  AUROC:[0.0]
  AUPRC:[0.0]
Best BM F1: 0.0000 at epoch 50

TI-RADS metrics per eval:
  Acc:  [0.0]
  Prec: [0.0]
  Rec:  [0.0]
  F1:   [0.0]
  AUC:  [0.0]
Best TI-RADS F1: 0.0000 at epoch 50

Dataset: TN5K
Eval epochs: [50]
Dice per eval: [0.722100019454956]
HD95 per eval: [6.793499946594238]
Best Dice: 0.7221 at epoch 50
Best HD95: 6.7935 at epoch 50

BM metrics per eval:
  Acc:  [0.8288]
  Prec: [0.8726]
  Rec:  [0.8864]
  F1:   [0.8793]
  AUROC:[0.9082]
  AUPRC:[0.9599]
Best BM F1: 0.8793 at epoch 50

TI-RADS metrics per eval:
  Acc:  [0.0]
  Prec: [0.0]
  Rec:  [0.0]
  F1:   [0.0]
  AUC:  [0.0]
Best TI-RADS F1: 0.0000 at epoch 50

Dataset: Cine-Clip
Eval epochs: [50]
Dice per eval: [0.9013000130653381]
HD95 per eval: [1.916700005531311]
Best Dice: 0.9013 at epoch 50
Best HD95: 1.9167 at epoch 50

BM metrics per eval:
  Acc:  [0.9997]
  Prec: [1.0]
  Rec:  [0.9975]
  F1:   [0.9987]
  AUROC:[1.0]
  AUPRC:[0.9999]
Best BM F1: 0.9987 at epoch 50

TI-RADS metrics per eval:
  Acc:  [0.9997]
  Prec: [0.9998]
  Rec:  [0.9998]
  F1:   [0.9998]
  AUC:  [0.9999]
Best TI-RADS F1: 0.9998 at epoch 50

==========================================================

========== Training Completed ==========
Training completed at Sat Jan 31 21:47:08 2026
