Training started at Fri Dec 19 15:04:58 2025
Method: dino_unet
Dataset: train_multitask_dataset4
Epochs: 30
LR: 0.0001
Batch Size: 12
Training set - Benign/Malignant: Benign=25859 (73.49%), Malignant=9327 (26.51%)
Auto-adjusted tau=1.00 (imbalance_ratio=2.77)
GLA parameters: p_benign=0.7349, p_malignant=0.2651, tau=1.00
Logit adjustment magnitude: 1.0197
Training set - TI-RADS distribution: [0, 52, 892, 4931, 7230]
TI-RADS probabilities: [7.630675063173553e-13, 0.00396795105189085, 0.06806562095880508, 0.376268595457077, 0.551697850227356]
Loss weights: seg=1.0, bm=1.0, tirads=1.0
GA-MTL schedule per optimizer step: ['seg', 'bm', 'tirads']
steps_per_epoch (optimizer steps): 977
Epoch:1: seg_loss(avg):0.6158, bm_loss(avg):0.5790, tirads_loss(avg):1.0717
Epoch:2: seg_loss(avg):0.5140, bm_loss(avg):0.3983, tirads_loss(avg):0.5655
Epoch:3: seg_loss(avg):0.4884, bm_loss(avg):0.3385, tirads_loss(avg):0.2901
Epoch:4: seg_loss(avg):0.4575, bm_loss(avg):0.2795, tirads_loss(avg):0.1663
Epoch:5: seg_loss(avg):0.4432, bm_loss(avg):0.2624, tirads_loss(avg):0.1052
Saved checkpoint at epoch 5

Validating epoch 5 on all test datasets...
Testing on TN3K...
  TN3K - Dice: 0.8387, HD95: 15.6514
  TN3K - BM: Acc=0.6889, Prec=0.5620, Rec=0.8644, F1=0.6811, AUROC=0.8045, AUPRC=0.7037
  TN3K - TI-RADS: Acc=0.0000, Prec=0.0000, Rec=0.0000, F1=0.0000, AUC=0.0000
Testing on DDTI...
  DDTI - Dice: 0.7568, HD95: 22.9679
  DDTI - BM: Acc=0.0000, Prec=0.0000, Rec=0.0000, F1=0.0000, AUROC=0.0000, AUPRC=0.0000
  DDTI - TI-RADS: Acc=0.0000, Prec=0.0000, Rec=0.0000, F1=0.0000, AUC=0.0000
Testing on ThyroidXL...
  ThyroidXL - Dice: 0.8625, HD95: 7.6755
  ThyroidXL - BM: Acc=0.8368, Prec=0.8129, Rec=0.8423, F1=0.8273, AUROC=0.9140, AUPRC=0.8827
  ThyroidXL - TI-RADS: Acc=0.0000, Prec=0.0000, Rec=0.0000, F1=0.0000, AUC=0.0000
Testing on PKTN...
  PKTN - Dice: 0.7662, HD95: 17.3466
  PKTN - BM: Acc=0.0000, Prec=0.0000, Rec=0.0000, F1=0.0000, AUROC=0.0000, AUPRC=0.0000
  PKTN - TI-RADS: Acc=0.0000, Prec=0.0000, Rec=0.0000, F1=0.0000, AUC=0.0000
Testing on TN5K...
  TN5K - Dice: 0.7867, HD95: 13.3025
  TN5K - BM: Acc=0.8530, Prec=0.8468, Rec=0.9754, F1=0.9065, AUROC=0.9083, AUPRC=0.9567
  TN5K - TI-RADS: Acc=0.0000, Prec=0.0000, Rec=0.0000, F1=0.0000, AUC=0.0000
Epoch:6: seg_loss(avg):0.4303, bm_loss(avg):0.2476, tirads_loss(avg):0.0787
Epoch:7: seg_loss(avg):0.4198, bm_loss(avg):0.2447, tirads_loss(avg):0.0908
Epoch:8: seg_loss(avg):0.4047, bm_loss(avg):0.2238, tirads_loss(avg):0.0561
Epoch:9: seg_loss(avg):0.4017, bm_loss(avg):0.2138, tirads_loss(avg):0.0489
Epoch:10: seg_loss(avg):0.3932, bm_loss(avg):0.2143, tirads_loss(avg):0.0442
Saved checkpoint at epoch 10

Validating epoch 10 on all test datasets...
Testing on TN3K...
  TN3K - Dice: 0.8586, HD95: 13.6401
  TN3K - BM: Acc=0.7296, Prec=0.6316, Rec=0.7119, F1=0.6693, AUROC=0.7774, AUPRC=0.7266
  TN3K - TI-RADS: Acc=0.0000, Prec=0.0000, Rec=0.0000, F1=0.0000, AUC=0.0000
Testing on DDTI...
  DDTI - Dice: 0.8015, HD95: 18.4302
  DDTI - BM: Acc=0.0000, Prec=0.0000, Rec=0.0000, F1=0.0000, AUROC=0.0000, AUPRC=0.0000
  DDTI - TI-RADS: Acc=0.0000, Prec=0.0000, Rec=0.0000, F1=0.0000, AUC=0.0000
Testing on ThyroidXL...
  ThyroidXL - Dice: 0.8687, HD95: 7.5118
  ThyroidXL - BM: Acc=0.7627, Prec=0.9263, Rec=0.5309, F1=0.6750, AUROC=0.9238, AUPRC=0.9079
  ThyroidXL - TI-RADS: Acc=0.0000, Prec=0.0000, Rec=0.0000, F1=0.0000, AUC=0.0000
Testing on PKTN...
  PKTN - Dice: 0.7927, HD95: 15.1780
  PKTN - BM: Acc=0.0000, Prec=0.0000, Rec=0.0000, F1=0.0000, AUROC=0.0000, AUPRC=0.0000
  PKTN - TI-RADS: Acc=0.0000, Prec=0.0000, Rec=0.0000, F1=0.0000, AUC=0.0000
Testing on TN5K...
  TN5K - Dice: 0.8146, HD95: 12.1387
  TN5K - BM: Acc=0.8740, Prec=0.9390, Rec=0.8851, F1=0.9113, AUROC=0.9354, AUPRC=0.9742
  TN5K - TI-RADS: Acc=0.0000, Prec=0.0000, Rec=0.0000, F1=0.0000, AUC=0.0000
Epoch:11: seg_loss(avg):0.3768, bm_loss(avg):0.2064, tirads_loss(avg):0.0309
Epoch:12: seg_loss(avg):0.3692, bm_loss(avg):0.1856, tirads_loss(avg):0.0202
Epoch:13: seg_loss(avg):0.3558, bm_loss(avg):0.1858, tirads_loss(avg):0.0122
Epoch:14: seg_loss(avg):0.3592, bm_loss(avg):0.1740, tirads_loss(avg):0.0224
Epoch:15: seg_loss(avg):0.3447, bm_loss(avg):0.1665, tirads_loss(avg):0.0100
Saved checkpoint at epoch 15

Validating epoch 15 on all test datasets...
Testing on TN3K...
  TN3K - Dice: 0.8691, HD95: 12.5304
  TN3K - BM: Acc=0.6482, Prec=0.5255, Rec=0.8729, F1=0.6561, AUROC=0.8094, AUPRC=0.7550
  TN3K - TI-RADS: Acc=0.0000, Prec=0.0000, Rec=0.0000, F1=0.0000, AUC=0.0000
Testing on DDTI...
  DDTI - Dice: 0.7816, HD95: 20.2158
  DDTI - BM: Acc=0.0000, Prec=0.0000, Rec=0.0000, F1=0.0000, AUROC=0.0000, AUPRC=0.0000
  DDTI - TI-RADS: Acc=0.0000, Prec=0.0000, Rec=0.0000, F1=0.0000, AUC=0.0000
Testing on ThyroidXL...
  ThyroidXL - Dice: 0.8754, HD95: 6.7111
  ThyroidXL - BM: Acc=0.8550, Prec=0.8421, Rec=0.8464, F1=0.8442, AUROC=0.9269, AUPRC=0.9059
  ThyroidXL - TI-RADS: Acc=0.0000, Prec=0.0000, Rec=0.0000, F1=0.0000, AUC=0.0000
Testing on PKTN...
  PKTN - Dice: 0.8032, HD95: 14.4982
  PKTN - BM: Acc=0.0000, Prec=0.0000, Rec=0.0000, F1=0.0000, AUROC=0.0000, AUPRC=0.0000
  PKTN - TI-RADS: Acc=0.0000, Prec=0.0000, Rec=0.0000, F1=0.0000, AUC=0.0000
Testing on TN5K...
  TN5K - Dice: 0.8316, HD95: 10.2140
  TN5K - BM: Acc=0.8680, Prec=0.8578, Rec=0.9822, F1=0.9158, AUROC=0.9392, AUPRC=0.9762
  TN5K - TI-RADS: Acc=0.0000, Prec=0.0000, Rec=0.0000, F1=0.0000, AUC=0.0000
Epoch:16: seg_loss(avg):0.3367, bm_loss(avg):0.1507, tirads_loss(avg):0.0070
Epoch:17: seg_loss(avg):0.3258, bm_loss(avg):0.1449, tirads_loss(avg):0.0111
Epoch:18: seg_loss(avg):0.3249, bm_loss(avg):0.1421, tirads_loss(avg):0.0062
Epoch:19: seg_loss(avg):0.3129, bm_loss(avg):0.1300, tirads_loss(avg):0.0015
Epoch:20: seg_loss(avg):0.3104, bm_loss(avg):0.1127, tirads_loss(avg):0.0031
Saved checkpoint at epoch 20

Validating epoch 20 on all test datasets...
Testing on TN3K...
  TN3K - Dice: 0.8723, HD95: 12.0693
  TN3K - BM: Acc=0.6629, Prec=0.5408, Rec=0.8136, F1=0.6497, AUROC=0.7868, AUPRC=0.7468
  TN3K - TI-RADS: Acc=0.0000, Prec=0.0000, Rec=0.0000, F1=0.0000, AUC=0.0000
Testing on DDTI...
  DDTI - Dice: 0.7790, HD95: 19.9103
  DDTI - BM: Acc=0.0000, Prec=0.0000, Rec=0.0000, F1=0.0000, AUROC=0.0000, AUPRC=0.0000
  DDTI - TI-RADS: Acc=0.0000, Prec=0.0000, Rec=0.0000, F1=0.0000, AUC=0.0000
Testing on ThyroidXL...
  ThyroidXL - Dice: 0.8825, HD95: 6.1617
  ThyroidXL - BM: Acc=0.8354, Prec=0.8836, Rec=0.7433, F1=0.8074, AUROC=0.9304, AUPRC=0.9139
  ThyroidXL - TI-RADS: Acc=0.0000, Prec=0.0000, Rec=0.0000, F1=0.0000, AUC=0.0000
Testing on PKTN...
  PKTN - Dice: 0.8145, HD95: 13.2365
  PKTN - BM: Acc=0.0000, Prec=0.0000, Rec=0.0000, F1=0.0000, AUROC=0.0000, AUPRC=0.0000
  PKTN - TI-RADS: Acc=0.0000, Prec=0.0000, Rec=0.0000, F1=0.0000, AUC=0.0000
Testing on TN5K...
  TN5K - Dice: 0.8391, HD95: 9.9063
  TN5K - BM: Acc=0.8860, Prec=0.9186, Rec=0.9261, F1=0.9223, AUROC=0.9376, AUPRC=0.9741
  TN5K - TI-RADS: Acc=0.0000, Prec=0.0000, Rec=0.0000, F1=0.0000, AUC=0.0000
Epoch:21: seg_loss(avg):0.3011, bm_loss(avg):0.1026, tirads_loss(avg):0.0021
Epoch:22: seg_loss(avg):0.2942, bm_loss(avg):0.1005, tirads_loss(avg):0.0038
Epoch:23: seg_loss(avg):0.2905, bm_loss(avg):0.0815, tirads_loss(avg):0.0016
Epoch:24: seg_loss(avg):0.2836, bm_loss(avg):0.0697, tirads_loss(avg):0.0015
Epoch:25: seg_loss(avg):0.2817, bm_loss(avg):0.0683, tirads_loss(avg):0.0017
Saved checkpoint at epoch 25

Validating epoch 25 on all test datasets...
Testing on TN3K...
  TN3K - Dice: 0.8745, HD95: 11.4770
  TN3K - BM: Acc=0.7199, Prec=0.6088, Rec=0.7585, F1=0.6755, AUROC=0.7878, AUPRC=0.7407
  TN3K - TI-RADS: Acc=0.0000, Prec=0.0000, Rec=0.0000, F1=0.0000, AUC=0.0000
Testing on DDTI...
  DDTI - Dice: 0.7814, HD95: 19.8814
  DDTI - BM: Acc=0.0000, Prec=0.0000, Rec=0.0000, F1=0.0000, AUROC=0.0000, AUPRC=0.0000
  DDTI - TI-RADS: Acc=0.0000, Prec=0.0000, Rec=0.0000, F1=0.0000, AUC=0.0000
Testing on ThyroidXL...
  ThyroidXL - Dice: 0.8837, HD95: 6.1998
  ThyroidXL - BM: Acc=0.8373, Prec=0.8689, Rec=0.7649, F1=0.8136, AUROC=0.9277, AUPRC=0.9125
  ThyroidXL - TI-RADS: Acc=0.0000, Prec=0.0000, Rec=0.0000, F1=0.0000, AUC=0.0000
Testing on PKTN...
  PKTN - Dice: 0.8134, HD95: 13.3532
  PKTN - BM: Acc=0.0000, Prec=0.0000, Rec=0.0000, F1=0.0000, AUROC=0.0000, AUPRC=0.0000
  PKTN - TI-RADS: Acc=0.0000, Prec=0.0000, Rec=0.0000, F1=0.0000, AUC=0.0000
Testing on TN5K...
  TN5K - Dice: 0.8410, HD95: 10.1169
  TN5K - BM: Acc=0.8780, Prec=0.9235, Rec=0.9083, F1=0.9159, AUROC=0.9389, AUPRC=0.9748
  TN5K - TI-RADS: Acc=0.0000, Prec=0.0000, Rec=0.0000, F1=0.0000, AUC=0.0000
Epoch:26: seg_loss(avg):0.2802, bm_loss(avg):0.0651, tirads_loss(avg):0.0042
Epoch:27: seg_loss(avg):0.2790, bm_loss(avg):0.0658, tirads_loss(avg):0.0006
Epoch:28: seg_loss(avg):0.2754, bm_loss(avg):0.0621, tirads_loss(avg):0.0051
Epoch:29: seg_loss(avg):0.2746, bm_loss(avg):0.0592, tirads_loss(avg):0.0014
Epoch:30: seg_loss(avg):0.2745, bm_loss(avg):0.0547, tirads_loss(avg):0.0010
Saved checkpoint at epoch 30

Validating epoch 30 on all test datasets...
Testing on TN3K...
  TN3K - Dice: 0.8754, HD95: 11.7129
  TN3K - BM: Acc=0.7117, Prec=0.5974, Rec=0.7669, F1=0.6716, AUROC=0.7855, AUPRC=0.7403
  TN3K - TI-RADS: Acc=0.0000, Prec=0.0000, Rec=0.0000, F1=0.0000, AUC=0.0000
Testing on DDTI...
  DDTI - Dice: 0.7720, HD95: 19.7828
  DDTI - BM: Acc=0.0000, Prec=0.0000, Rec=0.0000, F1=0.0000, AUROC=0.0000, AUPRC=0.0000
  DDTI - TI-RADS: Acc=0.0000, Prec=0.0000, Rec=0.0000, F1=0.0000, AUC=0.0000
Testing on ThyroidXL...
  ThyroidXL - Dice: 0.8840, HD95: 6.0554
  ThyroidXL - BM: Acc=0.8502, Prec=0.8720, Rec=0.7938, F1=0.8311, AUROC=0.9303, AUPRC=0.9139
  ThyroidXL - TI-RADS: Acc=0.0000, Prec=0.0000, Rec=0.0000, F1=0.0000, AUC=0.0000
Testing on PKTN...
  PKTN - Dice: 0.8161, HD95: 13.1373
  PKTN - BM: Acc=0.0000, Prec=0.0000, Rec=0.0000, F1=0.0000, AUROC=0.0000, AUPRC=0.0000
  PKTN - TI-RADS: Acc=0.0000, Prec=0.0000, Rec=0.0000, F1=0.0000, AUC=0.0000
Testing on TN5K...
  TN5K - Dice: 0.8401, HD95: 9.9976
  TN5K - BM: Acc=0.8900, Prec=0.9157, Rec=0.9357, F1=0.9256, AUROC=0.9418, AUPRC=0.9759
  TN5K - TI-RADS: Acc=0.0000, Prec=0.0000, Rec=0.0000, F1=0.0000, AUC=0.0000

========== Evaluation Summary (All Test Records) ==========

Dataset: TN3K
Eval epochs: [5, 10, 15, 20, 25, 30]
Dice per eval: [0.8387, 0.8586, 0.8691, 0.8723, 0.8745, 0.8754]
HD95 per eval: [15.6514, 13.6401, 12.5304, 12.0693, 11.477, 11.7129]
Best Dice: 0.8754 at epoch 30
Best HD95: 11.4770 at epoch 25

BM metrics per eval:
  Acc:  [0.6889, 0.7296, 0.6482, 0.6629, 0.7199, 0.7117]
  Prec: [0.562, 0.6316, 0.5255, 0.5408, 0.6088, 0.5974]
  Rec:  [0.8644, 0.7119, 0.8729, 0.8136, 0.7585, 0.7669]
  F1:   [0.6811, 0.6693, 0.6561, 0.6497, 0.6755, 0.6716]
  AUROC:[0.8045, 0.7774, 0.8094, 0.7868, 0.7878, 0.7855]
  AUPRC:[0.7037, 0.7266, 0.755, 0.7468, 0.7407, 0.7403]
Best BM F1: 0.6811 at epoch 5

TI-RADS metrics per eval:
  Acc:  [0.0, 0.0, 0.0, 0.0, 0.0, 0.0]
  Prec: [0.0, 0.0, 0.0, 0.0, 0.0, 0.0]
  Rec:  [0.0, 0.0, 0.0, 0.0, 0.0, 0.0]
  F1:   [0.0, 0.0, 0.0, 0.0, 0.0, 0.0]
  AUC:  [0.0, 0.0, 0.0, 0.0, 0.0, 0.0]
Best TI-RADS F1: 0.0000 at epoch 5

Dataset: DDTI
Eval epochs: [5, 10, 15, 20, 25, 30]
Dice per eval: [0.7568, 0.8015, 0.7816, 0.779, 0.7814, 0.772]
HD95 per eval: [22.9679, 18.4302, 20.2158, 19.9103, 19.8814, 19.7828]
Best Dice: 0.8015 at epoch 10
Best HD95: 18.4302 at epoch 10

BM metrics per eval:
  Acc:  [0.0, 0.0, 0.0, 0.0, 0.0, 0.0]
  Prec: [0.0, 0.0, 0.0, 0.0, 0.0, 0.0]
  Rec:  [0.0, 0.0, 0.0, 0.0, 0.0, 0.0]
  F1:   [0.0, 0.0, 0.0, 0.0, 0.0, 0.0]
  AUROC:[0.0, 0.0, 0.0, 0.0, 0.0, 0.0]
  AUPRC:[0.0, 0.0, 0.0, 0.0, 0.0, 0.0]
Best BM F1: 0.0000 at epoch 5

TI-RADS metrics per eval:
  Acc:  [0.0, 0.0, 0.0, 0.0, 0.0, 0.0]
  Prec: [0.0, 0.0, 0.0, 0.0, 0.0, 0.0]
  Rec:  [0.0, 0.0, 0.0, 0.0, 0.0, 0.0]
  F1:   [0.0, 0.0, 0.0, 0.0, 0.0, 0.0]
  AUC:  [0.0, 0.0, 0.0, 0.0, 0.0, 0.0]
Best TI-RADS F1: 0.0000 at epoch 5

Dataset: ThyroidXL
Eval epochs: [5, 10, 15, 20, 25, 30]
Dice per eval: [0.8625, 0.8687, 0.8754, 0.8825, 0.8837, 0.884]
HD95 per eval: [7.6755, 7.5118, 6.7111, 6.1617, 6.1998, 6.0554]
Best Dice: 0.8840 at epoch 30
Best HD95: 6.0554 at epoch 30

BM metrics per eval:
  Acc:  [0.8368, 0.7627, 0.855, 0.8354, 0.8373, 0.8502]
  Prec: [0.8129, 0.9263, 0.8421, 0.8836, 0.8689, 0.872]
  Rec:  [0.8423, 0.5309, 0.8464, 0.7433, 0.7649, 0.7938]
  F1:   [0.8273, 0.675, 0.8442, 0.8074, 0.8136, 0.8311]
  AUROC:[0.914, 0.9238, 0.9269, 0.9304, 0.9277, 0.9303]
  AUPRC:[0.8827, 0.9079, 0.9059, 0.9139, 0.9125, 0.9139]
Best BM F1: 0.8442 at epoch 15

TI-RADS metrics per eval:
  Acc:  [0.0, 0.0, 0.0, 0.0, 0.0, 0.0]
  Prec: [0.0, 0.0, 0.0, 0.0, 0.0, 0.0]
  Rec:  [0.0, 0.0, 0.0, 0.0, 0.0, 0.0]
  F1:   [0.0, 0.0, 0.0, 0.0, 0.0, 0.0]
  AUC:  [0.0, 0.0, 0.0, 0.0, 0.0, 0.0]
Best TI-RADS F1: 0.0000 at epoch 5

Dataset: PKTN
Eval epochs: [5, 10, 15, 20, 25, 30]
Dice per eval: [0.7662, 0.7927, 0.8032, 0.8145, 0.8134, 0.8161]
HD95 per eval: [17.3466, 15.178, 14.4982, 13.2365, 13.3532, 13.1373]
Best Dice: 0.8161 at epoch 30
Best HD95: 13.1373 at epoch 30

BM metrics per eval:
  Acc:  [0.0, 0.0, 0.0, 0.0, 0.0, 0.0]
  Prec: [0.0, 0.0, 0.0, 0.0, 0.0, 0.0]
  Rec:  [0.0, 0.0, 0.0, 0.0, 0.0, 0.0]
  F1:   [0.0, 0.0, 0.0, 0.0, 0.0, 0.0]
  AUROC:[0.0, 0.0, 0.0, 0.0, 0.0, 0.0]
  AUPRC:[0.0, 0.0, 0.0, 0.0, 0.0, 0.0]
Best BM F1: 0.0000 at epoch 5

TI-RADS metrics per eval:
  Acc:  [0.0, 0.0, 0.0, 0.0, 0.0, 0.0]
  Prec: [0.0, 0.0, 0.0, 0.0, 0.0, 0.0]
  Rec:  [0.0, 0.0, 0.0, 0.0, 0.0, 0.0]
  F1:   [0.0, 0.0, 0.0, 0.0, 0.0, 0.0]
  AUC:  [0.0, 0.0, 0.0, 0.0, 0.0, 0.0]
Best TI-RADS F1: 0.0000 at epoch 5

Dataset: TN5K
Eval epochs: [5, 10, 15, 20, 25, 30]
Dice per eval: [0.7867, 0.8146, 0.8316, 0.8391, 0.841, 0.8401]
HD95 per eval: [13.3025, 12.1387, 10.214, 9.9063, 10.1169, 9.9976]
Best Dice: 0.8410 at epoch 25
Best HD95: 9.9063 at epoch 20

BM metrics per eval:
  Acc:  [0.853, 0.874, 0.868, 0.886, 0.878, 0.89]
  Prec: [0.8468, 0.939, 0.8578, 0.9186, 0.9235, 0.9157]
  Rec:  [0.9754, 0.8851, 0.9822, 0.9261, 0.9083, 0.9357]
  F1:   [0.9065, 0.9113, 0.9158, 0.9223, 0.9159, 0.9256]
  AUROC:[0.9083, 0.9354, 0.9392, 0.9376, 0.9389, 0.9418]
  AUPRC:[0.9567, 0.9742, 0.9762, 0.9741, 0.9748, 0.9759]
Best BM F1: 0.9256 at epoch 30

TI-RADS metrics per eval:
  Acc:  [0.0, 0.0, 0.0, 0.0, 0.0, 0.0]
  Prec: [0.0, 0.0, 0.0, 0.0, 0.0, 0.0]
  Rec:  [0.0, 0.0, 0.0, 0.0, 0.0, 0.0]
  F1:   [0.0, 0.0, 0.0, 0.0, 0.0, 0.0]
  AUC:  [0.0, 0.0, 0.0, 0.0, 0.0, 0.0]
Best TI-RADS F1: 0.0000 at epoch 5

==========================================================

========== Training Completed ==========
Training completed at Fri Dec 19 17:06:33 2025
