Training started at Fri Dec 19 22:15:54 2025
Method: dino_unet
Dataset: train_multitask_dataset4
Epochs: 50
LR: 0.0001
Batch Size: 12
Training set - Benign/Malignant: Benign=25859 (73.49%), Malignant=9327 (26.51%)
Auto-adjusted tau=1.00 (imbalance_ratio=2.77)
GLA parameters: p_benign=0.7349, p_malignant=0.2651, tau=1.00
Logit adjustment magnitude: 1.0197
Training set - TI-RADS distribution: [0, 52, 892, 4931, 7230]
TI-RADS probabilities: [7.630675063173553e-13, 0.00396795105189085, 0.06806562095880508, 0.376268595457077, 0.551697850227356]
Loss weights: seg=1.0, bm=1.0, tirads=1.0
GA-MTL schedule per optimizer step: ['seg', 'bm', 'tirads']
steps_per_epoch (optimizer steps): 977
Epoch:1: seg_loss(avg):0.6539, bm_loss(avg):0.6147, tirads_loss(avg):1.1128
Epoch:2: seg_loss(avg):0.5123, bm_loss(avg):0.4080, tirads_loss(avg):0.5956
Epoch:3: seg_loss(avg):0.4846, bm_loss(avg):0.3417, tirads_loss(avg):0.2967
Epoch:4: seg_loss(avg):0.4613, bm_loss(avg):0.2892, tirads_loss(avg):0.1867
Epoch:5: seg_loss(avg):0.4442, bm_loss(avg):0.2630, tirads_loss(avg):0.1139
Saved checkpoint at epoch 5

Validating epoch 5 on all test datasets...
Testing on TN3K...
  TN3K - Dice: 0.8540, HD95: 14.6056
  TN3K - BM: Acc=0.6645, Prec=0.5426, Rec=0.8093, F1=0.6497, AUROC=0.7977, AUPRC=0.7173
  TN3K - TI-RADS: Acc=0.0000, Prec=0.0000, Rec=0.0000, F1=0.0000, AUC=0.0000
Testing on DDTI...
  DDTI - Dice: 0.7695, HD95: 21.0680
  DDTI - BM: Acc=0.0000, Prec=0.0000, Rec=0.0000, F1=0.0000, AUROC=0.0000, AUPRC=0.0000
  DDTI - TI-RADS: Acc=0.0000, Prec=0.0000, Rec=0.0000, F1=0.0000, AUC=0.0000
Testing on ThyroidXL...
  ThyroidXL - Dice: 0.8621, HD95: 7.8010
  ThyroidXL - BM: Acc=0.8330, Prec=0.7954, Rec=0.8619, F1=0.8273, AUROC=0.9111, AUPRC=0.8774
  ThyroidXL - TI-RADS: Acc=0.0000, Prec=0.0000, Rec=0.0000, F1=0.0000, AUC=0.0000
Testing on PKTN...
  PKTN - Dice: 0.7777, HD95: 16.9591
  PKTN - BM: Acc=0.0000, Prec=0.0000, Rec=0.0000, F1=0.0000, AUROC=0.0000, AUPRC=0.0000
  PKTN - TI-RADS: Acc=0.0000, Prec=0.0000, Rec=0.0000, F1=0.0000, AUC=0.0000
Testing on TN5K...
  TN5K - Dice: 0.7915, HD95: 12.7539
  TN5K - BM: Acc=0.8380, Prec=0.8383, Rec=0.9644, F1=0.8969, AUROC=0.8953, AUPRC=0.9514
  TN5K - TI-RADS: Acc=0.0000, Prec=0.0000, Rec=0.0000, F1=0.0000, AUC=0.0000
Epoch:6: seg_loss(avg):0.4332, bm_loss(avg):0.2497, tirads_loss(avg):0.0985
Epoch:7: seg_loss(avg):0.4247, bm_loss(avg):0.2489, tirads_loss(avg):0.1125
Epoch:8: seg_loss(avg):0.4110, bm_loss(avg):0.2274, tirads_loss(avg):0.0866
Epoch:9: seg_loss(avg):0.4055, bm_loss(avg):0.2142, tirads_loss(avg):0.0533
Epoch:10: seg_loss(avg):0.4008, bm_loss(avg):0.2218, tirads_loss(avg):0.0611
Saved checkpoint at epoch 10

Validating epoch 10 on all test datasets...
Testing on TN3K...
  TN3K - Dice: 0.8578, HD95: 14.7190
  TN3K - BM: Acc=0.7068, Prec=0.5946, Rec=0.7458, F1=0.6617, AUROC=0.7707, AUPRC=0.7079
  TN3K - TI-RADS: Acc=0.0000, Prec=0.0000, Rec=0.0000, F1=0.0000, AUC=0.0000
Testing on DDTI...
  DDTI - Dice: 0.7720, HD95: 23.1894
  DDTI - BM: Acc=0.0000, Prec=0.0000, Rec=0.0000, F1=0.0000, AUROC=0.0000, AUPRC=0.0000
  DDTI - TI-RADS: Acc=0.0000, Prec=0.0000, Rec=0.0000, F1=0.0000, AUC=0.0000
Testing on ThyroidXL...
  ThyroidXL - Dice: 0.8651, HD95: 7.7515
  ThyroidXL - BM: Acc=0.8000, Prec=0.9071, Rec=0.6340, F1=0.7464, AUROC=0.9214, AUPRC=0.8996
  ThyroidXL - TI-RADS: Acc=0.0000, Prec=0.0000, Rec=0.0000, F1=0.0000, AUC=0.0000
Testing on PKTN...
  PKTN - Dice: 0.7675, HD95: 17.2893
  PKTN - BM: Acc=0.0000, Prec=0.0000, Rec=0.0000, F1=0.0000, AUROC=0.0000, AUPRC=0.0000
  PKTN - TI-RADS: Acc=0.0000, Prec=0.0000, Rec=0.0000, F1=0.0000, AUC=0.0000
Testing on TN5K...
  TN5K - Dice: 0.8023, HD95: 12.4879
  TN5K - BM: Acc=0.8930, Prec=0.9216, Rec=0.9330, F1=0.9273, AUROC=0.9370, AUPRC=0.9744
  TN5K - TI-RADS: Acc=0.0000, Prec=0.0000, Rec=0.0000, F1=0.0000, AUC=0.0000
Epoch:11: seg_loss(avg):0.3910, bm_loss(avg):0.2151, tirads_loss(avg):0.0479
Epoch:12: seg_loss(avg):0.3849, bm_loss(avg):0.1997, tirads_loss(avg):0.0261
Epoch:13: seg_loss(avg):0.3732, bm_loss(avg):0.1989, tirads_loss(avg):0.0417
Epoch:14: seg_loss(avg):0.3621, bm_loss(avg):0.1827, tirads_loss(avg):0.0181
Epoch:15: seg_loss(avg):0.3527, bm_loss(avg):0.1795, tirads_loss(avg):0.0085
Saved checkpoint at epoch 15

Validating epoch 15 on all test datasets...
Testing on TN3K...
  TN3K - Dice: 0.8656, HD95: 13.2253
  TN3K - BM: Acc=0.6938, Prec=0.5678, Rec=0.8517, F1=0.6814, AUROC=0.8063, AUPRC=0.7400
  TN3K - TI-RADS: Acc=0.0000, Prec=0.0000, Rec=0.0000, F1=0.0000, AUC=0.0000
Testing on DDTI...
  DDTI - Dice: 0.7543, HD95: 26.3561
  DDTI - BM: Acc=0.0000, Prec=0.0000, Rec=0.0000, F1=0.0000, AUROC=0.0000, AUPRC=0.0000
  DDTI - TI-RADS: Acc=0.0000, Prec=0.0000, Rec=0.0000, F1=0.0000, AUC=0.0000
Testing on ThyroidXL...
  ThyroidXL - Dice: 0.8727, HD95: 7.2815
  ThyroidXL - BM: Acc=0.8416, Prec=0.8205, Rec=0.8433, F1=0.8317, AUROC=0.9165, AUPRC=0.8937
  ThyroidXL - TI-RADS: Acc=0.0000, Prec=0.0000, Rec=0.0000, F1=0.0000, AUC=0.0000
Testing on PKTN...
  PKTN - Dice: 0.7784, HD95: 17.5769
  PKTN - BM: Acc=0.0000, Prec=0.0000, Rec=0.0000, F1=0.0000, AUROC=0.0000, AUPRC=0.0000
  PKTN - TI-RADS: Acc=0.0000, Prec=0.0000, Rec=0.0000, F1=0.0000, AUC=0.0000
Testing on TN5K...
  TN5K - Dice: 0.8216, HD95: 11.6841
  TN5K - BM: Acc=0.8730, Prec=0.8747, Rec=0.9644, F1=0.9174, AUROC=0.9351, AUPRC=0.9727
  TN5K - TI-RADS: Acc=0.0000, Prec=0.0000, Rec=0.0000, F1=0.0000, AUC=0.0000
Epoch:16: seg_loss(avg):0.3615, bm_loss(avg):0.1760, tirads_loss(avg):0.0351
Epoch:17: seg_loss(avg):0.3503, bm_loss(avg):0.1657, tirads_loss(avg):0.0240
Epoch:18: seg_loss(avg):0.3399, bm_loss(avg):0.1642, tirads_loss(avg):0.0173
Epoch:19: seg_loss(avg):0.3387, bm_loss(avg):0.1538, tirads_loss(avg):0.0156
Epoch:20: seg_loss(avg):0.3342, bm_loss(avg):0.1417, tirads_loss(avg):0.0116
Saved checkpoint at epoch 20

Validating epoch 20 on all test datasets...
Testing on TN3K...
  TN3K - Dice: 0.8690, HD95: 13.5033
  TN3K - BM: Acc=0.6873, Prec=0.5655, Rec=0.8051, F1=0.6643, AUROC=0.7864, AUPRC=0.7250
  TN3K - TI-RADS: Acc=0.0000, Prec=0.0000, Rec=0.0000, F1=0.0000, AUC=0.0000
Testing on DDTI...
  DDTI - Dice: 0.7555, HD95: 25.3177
  DDTI - BM: Acc=0.0000, Prec=0.0000, Rec=0.0000, F1=0.0000, AUROC=0.0000, AUPRC=0.0000
  DDTI - TI-RADS: Acc=0.0000, Prec=0.0000, Rec=0.0000, F1=0.0000, AUC=0.0000
Testing on ThyroidXL...
  ThyroidXL - Dice: 0.8772, HD95: 6.5468
  ThyroidXL - BM: Acc=0.8435, Prec=0.8814, Rec=0.7660, F1=0.8196, AUROC=0.9299, AUPRC=0.9147
  ThyroidXL - TI-RADS: Acc=0.0000, Prec=0.0000, Rec=0.0000, F1=0.0000, AUC=0.0000
Testing on PKTN...
  PKTN - Dice: 0.8080, HD95: 14.9275
  PKTN - BM: Acc=0.0000, Prec=0.0000, Rec=0.0000, F1=0.0000, AUROC=0.0000, AUPRC=0.0000
  PKTN - TI-RADS: Acc=0.0000, Prec=0.0000, Rec=0.0000, F1=0.0000, AUC=0.0000
Testing on TN5K...
  TN5K - Dice: 0.8315, HD95: 10.4767
  TN5K - BM: Acc=0.8790, Prec=0.8982, Rec=0.9412, F1=0.9192, AUROC=0.9335, AUPRC=0.9715
  TN5K - TI-RADS: Acc=0.0000, Prec=0.0000, Rec=0.0000, F1=0.0000, AUC=0.0000
Epoch:21: seg_loss(avg):0.3254, bm_loss(avg):0.1311, tirads_loss(avg):0.0043
Epoch:22: seg_loss(avg):0.3173, bm_loss(avg):0.1357, tirads_loss(avg):0.0036
Epoch:23: seg_loss(avg):0.3190, bm_loss(avg):0.1227, tirads_loss(avg):0.0120
Epoch:24: seg_loss(avg):0.3081, bm_loss(avg):0.1087, tirads_loss(avg):0.0029
Epoch:25: seg_loss(avg):0.3110, bm_loss(avg):0.1070, tirads_loss(avg):0.0120
Saved checkpoint at epoch 25

Validating epoch 25 on all test datasets...
Testing on TN3K...
  TN3K - Dice: 0.8700, HD95: 12.5758
  TN3K - BM: Acc=0.7134, Prec=0.6027, Rec=0.7458, F1=0.6667, AUROC=0.7891, AUPRC=0.7400
  TN3K - TI-RADS: Acc=0.0000, Prec=0.0000, Rec=0.0000, F1=0.0000, AUC=0.0000
Testing on DDTI...
  DDTI - Dice: 0.7537, HD95: 25.3794
  DDTI - BM: Acc=0.0000, Prec=0.0000, Rec=0.0000, F1=0.0000, AUROC=0.0000, AUPRC=0.0000
  DDTI - TI-RADS: Acc=0.0000, Prec=0.0000, Rec=0.0000, F1=0.0000, AUC=0.0000
Testing on ThyroidXL...
  ThyroidXL - Dice: 0.8804, HD95: 6.6490
  ThyroidXL - BM: Acc=0.8478, Prec=0.8273, Rec=0.8495, F1=0.8383, AUROC=0.9230, AUPRC=0.9049
  ThyroidXL - TI-RADS: Acc=0.0000, Prec=0.0000, Rec=0.0000, F1=0.0000, AUC=0.0000
Testing on PKTN...
  PKTN - Dice: 0.8019, HD95: 15.1024
  PKTN - BM: Acc=0.0000, Prec=0.0000, Rec=0.0000, F1=0.0000, AUROC=0.0000, AUPRC=0.0000
  PKTN - TI-RADS: Acc=0.0000, Prec=0.0000, Rec=0.0000, F1=0.0000, AUC=0.0000
Testing on TN5K...
  TN5K - Dice: 0.8320, HD95: 10.5107
  TN5K - BM: Acc=0.8800, Prec=0.9156, Rec=0.9207, F1=0.9181, AUROC=0.9257, AUPRC=0.9678
  TN5K - TI-RADS: Acc=0.0000, Prec=0.0000, Rec=0.0000, F1=0.0000, AUC=0.0000
Epoch:26: seg_loss(avg):0.3015, bm_loss(avg):0.1001, tirads_loss(avg):0.0050
Epoch:27: seg_loss(avg):0.2951, bm_loss(avg):0.1011, tirads_loss(avg):0.0005
Epoch:28: seg_loss(avg):0.2928, bm_loss(avg):0.0940, tirads_loss(avg):0.0049
Epoch:29: seg_loss(avg):0.2850, bm_loss(avg):0.0847, tirads_loss(avg):0.0014
Epoch:30: seg_loss(avg):0.2832, bm_loss(avg):0.0713, tirads_loss(avg):0.0016
Saved checkpoint at epoch 30

Validating epoch 30 on all test datasets...
Testing on TN3K...
  TN3K - Dice: 0.8751, HD95: 12.2953
  TN3K - BM: Acc=0.7410, Prec=0.6400, Rec=0.7458, F1=0.6888, AUROC=0.7910, AUPRC=0.7304
  TN3K - TI-RADS: Acc=0.0000, Prec=0.0000, Rec=0.0000, F1=0.0000, AUC=0.0000
Testing on DDTI...
  DDTI - Dice: 0.7629, HD95: 22.8032
  DDTI - BM: Acc=0.0000, Prec=0.0000, Rec=0.0000, F1=0.0000, AUROC=0.0000, AUPRC=0.0000
  DDTI - TI-RADS: Acc=0.0000, Prec=0.0000, Rec=0.0000, F1=0.0000, AUC=0.0000
Testing on ThyroidXL...
  ThyroidXL - Dice: 0.8837, HD95: 6.3081
  ThyroidXL - BM: Acc=0.8392, Prec=0.8810, Rec=0.7557, F1=0.8135, AUROC=0.9253, AUPRC=0.9082
  ThyroidXL - TI-RADS: Acc=0.0000, Prec=0.0000, Rec=0.0000, F1=0.0000, AUC=0.0000
Testing on PKTN...
  PKTN - Dice: 0.8094, HD95: 13.6427
  PKTN - BM: Acc=0.0000, Prec=0.0000, Rec=0.0000, F1=0.0000, AUROC=0.0000, AUPRC=0.0000
  PKTN - TI-RADS: Acc=0.0000, Prec=0.0000, Rec=0.0000, F1=0.0000, AUC=0.0000
Testing on TN5K...
  TN5K - Dice: 0.8369, HD95: 9.7532
  TN5K - BM: Acc=0.8870, Prec=0.9187, Rec=0.9275, F1=0.9231, AUROC=0.9378, AUPRC=0.9704
  TN5K - TI-RADS: Acc=0.0000, Prec=0.0000, Rec=0.0000, F1=0.0000, AUC=0.0000
Epoch:31: seg_loss(avg):0.2753, bm_loss(avg):0.0662, tirads_loss(avg):0.0009
Epoch:32: seg_loss(avg):0.2719, bm_loss(avg):0.0717, tirads_loss(avg):0.0013
Epoch:33: seg_loss(avg):0.2674, bm_loss(avg):0.0632, tirads_loss(avg):0.0022
Epoch:34: seg_loss(avg):0.2664, bm_loss(avg):0.0582, tirads_loss(avg):0.0017
Epoch:35: seg_loss(avg):0.2627, bm_loss(avg):0.0464, tirads_loss(avg):0.0008
Saved checkpoint at epoch 35

Validating epoch 35 on all test datasets...
Testing on TN3K...
  TN3K - Dice: 0.8707, HD95: 12.5896
  TN3K - BM: Acc=0.7134, Prec=0.5987, Rec=0.7712, F1=0.6741, AUROC=0.7950, AUPRC=0.7297
  TN3K - TI-RADS: Acc=0.0000, Prec=0.0000, Rec=0.0000, F1=0.0000, AUC=0.0000
Testing on DDTI...
  DDTI - Dice: 0.7612, HD95: 23.5748
  DDTI - BM: Acc=0.0000, Prec=0.0000, Rec=0.0000, F1=0.0000, AUROC=0.0000, AUPRC=0.0000
  DDTI - TI-RADS: Acc=0.0000, Prec=0.0000, Rec=0.0000, F1=0.0000, AUC=0.0000
Testing on ThyroidXL...
  ThyroidXL - Dice: 0.8841, HD95: 6.1520
  ThyroidXL - BM: Acc=0.8488, Prec=0.8838, Rec=0.7763, F1=0.8266, AUROC=0.9304, AUPRC=0.9105
  ThyroidXL - TI-RADS: Acc=0.0000, Prec=0.0000, Rec=0.0000, F1=0.0000, AUC=0.0000
Testing on PKTN...
  PKTN - Dice: 0.8079, HD95: 14.2782
  PKTN - BM: Acc=0.0000, Prec=0.0000, Rec=0.0000, F1=0.0000, AUROC=0.0000, AUPRC=0.0000
  PKTN - TI-RADS: Acc=0.0000, Prec=0.0000, Rec=0.0000, F1=0.0000, AUC=0.0000
Testing on TN5K...
  TN5K - Dice: 0.8364, HD95: 10.2355
  TN5K - BM: Acc=0.9070, Prec=0.9265, Rec=0.9480, F1=0.9371, AUROC=0.9426, AUPRC=0.9713
  TN5K - TI-RADS: Acc=0.0000, Prec=0.0000, Rec=0.0000, F1=0.0000, AUC=0.0000
Epoch:36: seg_loss(avg):0.2583, bm_loss(avg):0.0438, tirads_loss(avg):0.0019
Epoch:37: seg_loss(avg):0.2563, bm_loss(avg):0.0393, tirads_loss(avg):0.0015
Epoch:38: seg_loss(avg):0.2519, bm_loss(avg):0.0382, tirads_loss(avg):0.0017
Epoch:39: seg_loss(avg):0.2493, bm_loss(avg):0.0347, tirads_loss(avg):0.0009
Epoch:40: seg_loss(avg):0.2468, bm_loss(avg):0.0337, tirads_loss(avg):0.0014
Saved checkpoint at epoch 40

Validating epoch 40 on all test datasets...
Testing on TN3K...
  TN3K - Dice: 0.8735, HD95: 12.5735
  TN3K - BM: Acc=0.7166, Prec=0.6020, Rec=0.7754, F1=0.6778, AUROC=0.7910, AUPRC=0.7263
  TN3K - TI-RADS: Acc=0.0000, Prec=0.0000, Rec=0.0000, F1=0.0000, AUC=0.0000
Testing on DDTI...
  DDTI - Dice: 0.7768, HD95: 21.4427
  DDTI - BM: Acc=0.0000, Prec=0.0000, Rec=0.0000, F1=0.0000, AUROC=0.0000, AUPRC=0.0000
  DDTI - TI-RADS: Acc=0.0000, Prec=0.0000, Rec=0.0000, F1=0.0000, AUC=0.0000
Testing on ThyroidXL...
  ThyroidXL - Dice: 0.8869, HD95: 5.9763
  ThyroidXL - BM: Acc=0.8536, Prec=0.8790, Rec=0.7938, F1=0.8342, AUROC=0.9324, AUPRC=0.9150
  ThyroidXL - TI-RADS: Acc=0.0000, Prec=0.0000, Rec=0.0000, F1=0.0000, AUC=0.0000
Testing on PKTN...
  PKTN - Dice: 0.8132, HD95: 13.5654
  PKTN - BM: Acc=0.0000, Prec=0.0000, Rec=0.0000, F1=0.0000, AUROC=0.0000, AUPRC=0.0000
  PKTN - TI-RADS: Acc=0.0000, Prec=0.0000, Rec=0.0000, F1=0.0000, AUC=0.0000
Testing on TN5K...
  TN5K - Dice: 0.8399, HD95: 9.6859
  TN5K - BM: Acc=0.9030, Prec=0.9182, Rec=0.9521, F1=0.9349, AUROC=0.9399, AUPRC=0.9699
  TN5K - TI-RADS: Acc=0.0000, Prec=0.0000, Rec=0.0000, F1=0.0000, AUC=0.0000
Epoch:41: seg_loss(avg):0.2413, bm_loss(avg):0.0320, tirads_loss(avg):0.0010
Epoch:42: seg_loss(avg):0.2411, bm_loss(avg):0.0313, tirads_loss(avg):0.0009
Epoch:43: seg_loss(avg):0.2394, bm_loss(avg):0.0304, tirads_loss(avg):0.0002
Epoch:44: seg_loss(avg):0.2386, bm_loss(avg):0.0247, tirads_loss(avg):0.0013
Epoch:45: seg_loss(avg):0.2350, bm_loss(avg):0.0205, tirads_loss(avg):0.0002
Saved checkpoint at epoch 45

Validating epoch 45 on all test datasets...
Testing on TN3K...
  TN3K - Dice: 0.8758, HD95: 12.4177
  TN3K - BM: Acc=0.7166, Prec=0.6062, Rec=0.7500, F1=0.6705, AUROC=0.7928, AUPRC=0.7246
  TN3K - TI-RADS: Acc=0.0000, Prec=0.0000, Rec=0.0000, F1=0.0000, AUC=0.0000
Testing on DDTI...
  DDTI - Dice: 0.7706, HD95: 22.0722
  DDTI - BM: Acc=0.0000, Prec=0.0000, Rec=0.0000, F1=0.0000, AUROC=0.0000, AUPRC=0.0000
  DDTI - TI-RADS: Acc=0.0000, Prec=0.0000, Rec=0.0000, F1=0.0000, AUC=0.0000
Testing on ThyroidXL...
  ThyroidXL - Dice: 0.8884, HD95: 5.8666
  ThyroidXL - BM: Acc=0.8421, Prec=0.8791, Rec=0.7649, F1=0.8181, AUROC=0.9302, AUPRC=0.9065
  ThyroidXL - TI-RADS: Acc=0.0000, Prec=0.0000, Rec=0.0000, F1=0.0000, AUC=0.0000
Testing on PKTN...
  PKTN - Dice: 0.8112, HD95: 13.7347
  PKTN - BM: Acc=0.0000, Prec=0.0000, Rec=0.0000, F1=0.0000, AUROC=0.0000, AUPRC=0.0000
  PKTN - TI-RADS: Acc=0.0000, Prec=0.0000, Rec=0.0000, F1=0.0000, AUC=0.0000
Testing on TN5K...
  TN5K - Dice: 0.8390, HD95: 9.4675
  TN5K - BM: Acc=0.9010, Prec=0.9247, Rec=0.9412, F1=0.9329, AUROC=0.9404, AUPRC=0.9709
  TN5K - TI-RADS: Acc=0.0000, Prec=0.0000, Rec=0.0000, F1=0.0000, AUC=0.0000
Epoch:46: seg_loss(avg):0.2360, bm_loss(avg):0.0201, tirads_loss(avg):0.0001
Epoch:47: seg_loss(avg):0.2389, bm_loss(avg):0.0192, tirads_loss(avg):0.0009
Epoch:48: seg_loss(avg):0.2345, bm_loss(avg):0.0213, tirads_loss(avg):0.0009
Epoch:49: seg_loss(avg):0.2342, bm_loss(avg):0.0199, tirads_loss(avg):0.0007
Epoch:50: seg_loss(avg):0.2369, bm_loss(avg):0.0183, tirads_loss(avg):0.0013
Saved checkpoint at epoch 50

Validating epoch 50 on all test datasets...
Testing on TN3K...
  TN3K - Dice: 0.8752, HD95: 12.5994
  TN3K - BM: Acc=0.7264, Prec=0.6197, Rec=0.7458, F1=0.6769, AUROC=0.7911, AUPRC=0.7257
  TN3K - TI-RADS: Acc=0.0000, Prec=0.0000, Rec=0.0000, F1=0.0000, AUC=0.0000
Testing on DDTI...
  DDTI - Dice: 0.7708, HD95: 21.9846
  DDTI - BM: Acc=0.0000, Prec=0.0000, Rec=0.0000, F1=0.0000, AUROC=0.0000, AUPRC=0.0000
  DDTI - TI-RADS: Acc=0.0000, Prec=0.0000, Rec=0.0000, F1=0.0000, AUC=0.0000
Testing on ThyroidXL...
  ThyroidXL - Dice: 0.8889, HD95: 5.8330
  ThyroidXL - BM: Acc=0.8411, Prec=0.8816, Rec=0.7598, F1=0.8162, AUROC=0.9314, AUPRC=0.9081
  ThyroidXL - TI-RADS: Acc=0.0000, Prec=0.0000, Rec=0.0000, F1=0.0000, AUC=0.0000
Testing on PKTN...
  PKTN - Dice: 0.8105, HD95: 13.6837
  PKTN - BM: Acc=0.0000, Prec=0.0000, Rec=0.0000, F1=0.0000, AUROC=0.0000, AUPRC=0.0000
  PKTN - TI-RADS: Acc=0.0000, Prec=0.0000, Rec=0.0000, F1=0.0000, AUC=0.0000
Testing on TN5K...
  TN5K - Dice: 0.8402, HD95: 9.3948
  TN5K - BM: Acc=0.8970, Prec=0.9278, Rec=0.9316, F1=0.9297, AUROC=0.9400, AUPRC=0.9704
  TN5K - TI-RADS: Acc=0.0000, Prec=0.0000, Rec=0.0000, F1=0.0000, AUC=0.0000

========== Evaluation Summary (All Test Records) ==========

Dataset: TN3K
Eval epochs: [5, 10, 15, 20, 25, 30, 35, 40, 45, 50]
Dice per eval: [0.854, 0.8578, 0.8656, 0.869, 0.87, 0.8751, 0.8707, 0.8735, 0.8758, 0.8752]
HD95 per eval: [14.6056, 14.719, 13.2253, 13.5033, 12.5758, 12.2953, 12.5896, 12.5735, 12.4177, 12.5994]
Best Dice: 0.8758 at epoch 45
Best HD95: 12.2953 at epoch 30

BM metrics per eval:
  Acc:  [0.6645, 0.7068, 0.6938, 0.6873, 0.7134, 0.741, 0.7134, 0.7166, 0.7166, 0.7264]
  Prec: [0.5426, 0.5946, 0.5678, 0.5655, 0.6027, 0.64, 0.5987, 0.602, 0.6062, 0.6197]
  Rec:  [0.8093, 0.7458, 0.8517, 0.8051, 0.7458, 0.7458, 0.7712, 0.7754, 0.75, 0.7458]
  F1:   [0.6497, 0.6617, 0.6814, 0.6643, 0.6667, 0.6888, 0.6741, 0.6778, 0.6705, 0.6769]
  AUROC:[0.7977, 0.7707, 0.8063, 0.7864, 0.7891, 0.791, 0.795, 0.791, 0.7928, 0.7911]
  AUPRC:[0.7173, 0.7079, 0.74, 0.725, 0.74, 0.7304, 0.7297, 0.7263, 0.7246, 0.7257]
Best BM F1: 0.6888 at epoch 30

TI-RADS metrics per eval:
  Acc:  [0.0, 0.0, 0.0, 0.0, 0.0, 0.0, 0.0, 0.0, 0.0, 0.0]
  Prec: [0.0, 0.0, 0.0, 0.0, 0.0, 0.0, 0.0, 0.0, 0.0, 0.0]
  Rec:  [0.0, 0.0, 0.0, 0.0, 0.0, 0.0, 0.0, 0.0, 0.0, 0.0]
  F1:   [0.0, 0.0, 0.0, 0.0, 0.0, 0.0, 0.0, 0.0, 0.0, 0.0]
  AUC:  [0.0, 0.0, 0.0, 0.0, 0.0, 0.0, 0.0, 0.0, 0.0, 0.0]
Best TI-RADS F1: 0.0000 at epoch 5

Dataset: DDTI
Eval epochs: [5, 10, 15, 20, 25, 30, 35, 40, 45, 50]
Dice per eval: [0.7695, 0.772, 0.7543, 0.7555, 0.7537, 0.7629, 0.7612, 0.7768, 0.7706, 0.7708]
HD95 per eval: [21.068, 23.1894, 26.3561, 25.3177, 25.3794, 22.8032, 23.5748, 21.4427, 22.0722, 21.9846]
Best Dice: 0.7768 at epoch 40
Best HD95: 21.0680 at epoch 5

BM metrics per eval:
  Acc:  [0.0, 0.0, 0.0, 0.0, 0.0, 0.0, 0.0, 0.0, 0.0, 0.0]
  Prec: [0.0, 0.0, 0.0, 0.0, 0.0, 0.0, 0.0, 0.0, 0.0, 0.0]
  Rec:  [0.0, 0.0, 0.0, 0.0, 0.0, 0.0, 0.0, 0.0, 0.0, 0.0]
  F1:   [0.0, 0.0, 0.0, 0.0, 0.0, 0.0, 0.0, 0.0, 0.0, 0.0]
  AUROC:[0.0, 0.0, 0.0, 0.0, 0.0, 0.0, 0.0, 0.0, 0.0, 0.0]
  AUPRC:[0.0, 0.0, 0.0, 0.0, 0.0, 0.0, 0.0, 0.0, 0.0, 0.0]
Best BM F1: 0.0000 at epoch 5

TI-RADS metrics per eval:
  Acc:  [0.0, 0.0, 0.0, 0.0, 0.0, 0.0, 0.0, 0.0, 0.0, 0.0]
  Prec: [0.0, 0.0, 0.0, 0.0, 0.0, 0.0, 0.0, 0.0, 0.0, 0.0]
  Rec:  [0.0, 0.0, 0.0, 0.0, 0.0, 0.0, 0.0, 0.0, 0.0, 0.0]
  F1:   [0.0, 0.0, 0.0, 0.0, 0.0, 0.0, 0.0, 0.0, 0.0, 0.0]
  AUC:  [0.0, 0.0, 0.0, 0.0, 0.0, 0.0, 0.0, 0.0, 0.0, 0.0]
Best TI-RADS F1: 0.0000 at epoch 5

Dataset: ThyroidXL
Eval epochs: [5, 10, 15, 20, 25, 30, 35, 40, 45, 50]
Dice per eval: [0.8621, 0.8651, 0.8727, 0.8772, 0.8804, 0.8837, 0.8841, 0.8869, 0.8884, 0.8889]
HD95 per eval: [7.801, 7.7515, 7.2815, 6.5468, 6.649, 6.3081, 6.152, 5.9763, 5.8666, 5.833]
Best Dice: 0.8889 at epoch 50
Best HD95: 5.8330 at epoch 50

BM metrics per eval:
  Acc:  [0.833, 0.8, 0.8416, 0.8435, 0.8478, 0.8392, 0.8488, 0.8536, 0.8421, 0.8411]
  Prec: [0.7954, 0.9071, 0.8205, 0.8814, 0.8273, 0.881, 0.8838, 0.879, 0.8791, 0.8816]
  Rec:  [0.8619, 0.634, 0.8433, 0.766, 0.8495, 0.7557, 0.7763, 0.7938, 0.7649, 0.7598]
  F1:   [0.8273, 0.7464, 0.8317, 0.8196, 0.8383, 0.8135, 0.8266, 0.8342, 0.8181, 0.8162]
  AUROC:[0.9111, 0.9214, 0.9165, 0.9299, 0.923, 0.9253, 0.9304, 0.9324, 0.9302, 0.9314]
  AUPRC:[0.8774, 0.8996, 0.8937, 0.9147, 0.9049, 0.9082, 0.9105, 0.915, 0.9065, 0.9081]
Best BM F1: 0.8383 at epoch 25

TI-RADS metrics per eval:
  Acc:  [0.0, 0.0, 0.0, 0.0, 0.0, 0.0, 0.0, 0.0, 0.0, 0.0]
  Prec: [0.0, 0.0, 0.0, 0.0, 0.0, 0.0, 0.0, 0.0, 0.0, 0.0]
  Rec:  [0.0, 0.0, 0.0, 0.0, 0.0, 0.0, 0.0, 0.0, 0.0, 0.0]
  F1:   [0.0, 0.0, 0.0, 0.0, 0.0, 0.0, 0.0, 0.0, 0.0, 0.0]
  AUC:  [0.0, 0.0, 0.0, 0.0, 0.0, 0.0, 0.0, 0.0, 0.0, 0.0]
Best TI-RADS F1: 0.0000 at epoch 5

Dataset: PKTN
Eval epochs: [5, 10, 15, 20, 25, 30, 35, 40, 45, 50]
Dice per eval: [0.7777, 0.7675, 0.7784, 0.808, 0.8019, 0.8094, 0.8079, 0.8132, 0.8112, 0.8105]
HD95 per eval: [16.9591, 17.2893, 17.5769, 14.9275, 15.1024, 13.6427, 14.2782, 13.5654, 13.7347, 13.6837]
Best Dice: 0.8132 at epoch 40
Best HD95: 13.5654 at epoch 40

BM metrics per eval:
  Acc:  [0.0, 0.0, 0.0, 0.0, 0.0, 0.0, 0.0, 0.0, 0.0, 0.0]
  Prec: [0.0, 0.0, 0.0, 0.0, 0.0, 0.0, 0.0, 0.0, 0.0, 0.0]
  Rec:  [0.0, 0.0, 0.0, 0.0, 0.0, 0.0, 0.0, 0.0, 0.0, 0.0]
  F1:   [0.0, 0.0, 0.0, 0.0, 0.0, 0.0, 0.0, 0.0, 0.0, 0.0]
  AUROC:[0.0, 0.0, 0.0, 0.0, 0.0, 0.0, 0.0, 0.0, 0.0, 0.0]
  AUPRC:[0.0, 0.0, 0.0, 0.0, 0.0, 0.0, 0.0, 0.0, 0.0, 0.0]
Best BM F1: 0.0000 at epoch 5

TI-RADS metrics per eval:
  Acc:  [0.0, 0.0, 0.0, 0.0, 0.0, 0.0, 0.0, 0.0, 0.0, 0.0]
  Prec: [0.0, 0.0, 0.0, 0.0, 0.0, 0.0, 0.0, 0.0, 0.0, 0.0]
  Rec:  [0.0, 0.0, 0.0, 0.0, 0.0, 0.0, 0.0, 0.0, 0.0, 0.0]
  F1:   [0.0, 0.0, 0.0, 0.0, 0.0, 0.0, 0.0, 0.0, 0.0, 0.0]
  AUC:  [0.0, 0.0, 0.0, 0.0, 0.0, 0.0, 0.0, 0.0, 0.0, 0.0]
Best TI-RADS F1: 0.0000 at epoch 5

Dataset: TN5K
Eval epochs: [5, 10, 15, 20, 25, 30, 35, 40, 45, 50]
Dice per eval: [0.7915, 0.8023, 0.8216, 0.8315, 0.832, 0.8369, 0.8364, 0.8399, 0.839, 0.8402]
HD95 per eval: [12.7539, 12.4879, 11.6841, 10.4767, 10.5107, 9.7532, 10.2355, 9.6859, 9.4675, 9.3948]
Best Dice: 0.8402 at epoch 50
Best HD95: 9.3948 at epoch 50

BM metrics per eval:
  Acc:  [0.838, 0.893, 0.873, 0.879, 0.88, 0.887, 0.907, 0.903, 0.901, 0.897]
  Prec: [0.8383, 0.9216, 0.8747, 0.8982, 0.9156, 0.9187, 0.9265, 0.9182, 0.9247, 0.9278]
  Rec:  [0.9644, 0.933, 0.9644, 0.9412, 0.9207, 0.9275, 0.948, 0.9521, 0.9412, 0.9316]
  F1:   [0.8969, 0.9273, 0.9174, 0.9192, 0.9181, 0.9231, 0.9371, 0.9349, 0.9329, 0.9297]
  AUROC:[0.8953, 0.937, 0.9351, 0.9335, 0.9257, 0.9378, 0.9426, 0.9399, 0.9404, 0.94]
  AUPRC:[0.9514, 0.9744, 0.9727, 0.9715, 0.9678, 0.9704, 0.9713, 0.9699, 0.9709, 0.9704]
Best BM F1: 0.9371 at epoch 35

TI-RADS metrics per eval:
  Acc:  [0.0, 0.0, 0.0, 0.0, 0.0, 0.0, 0.0, 0.0, 0.0, 0.0]
  Prec: [0.0, 0.0, 0.0, 0.0, 0.0, 0.0, 0.0, 0.0, 0.0, 0.0]
  Rec:  [0.0, 0.0, 0.0, 0.0, 0.0, 0.0, 0.0, 0.0, 0.0, 0.0]
  F1:   [0.0, 0.0, 0.0, 0.0, 0.0, 0.0, 0.0, 0.0, 0.0, 0.0]
  AUC:  [0.0, 0.0, 0.0, 0.0, 0.0, 0.0, 0.0, 0.0, 0.0, 0.0]
Best TI-RADS F1: 0.0000 at epoch 5

==========================================================

========== Training Completed ==========
Training completed at Sat Dec 20 00:47:32 2025
