Training started at Sun Dec  7 17:29:28 2025
Method: dino_unet
Dataset: train_multitask_dataset1
Epochs: 50
Learning Rate: 0.0001
Batch Size: 12
Train Image Path: /mnt/wangbd8/workspace/DataSets/ThyroidAgent/Superimposed_multitask/dataset_1/images/
Train Mask Path: /mnt/wangbd8/workspace/DataSets/ThyroidAgent/Superimposed_multitask/dataset_1/masks/
Number of test datasets: 1
Test Dataset 1: TN3K
  Image path: /mnt/wangbd8/workspace/DataSets/ThyroidAgent/TN3K/test-image/
  Mask path: /mnt/wangbd8/workspace/DataSets/ThyroidAgent/TN3K/test-mask/
Using device: cuda
Epoch:1: loss:1.669241
Saved checkpoint at epoch 1

Validating epoch 1 on all test datasets...
Testing on TN3K...
  TN3K - Dice: 0.8245, HD95: 80.4892
  TN3K - Benign/Malignant Accuracy: 0.6221, TI-RADS Accuracy: 0.0000
Epoch:2: loss:1.302575
Saved checkpoint at epoch 2

Validating epoch 2 on all test datasets...
Testing on TN3K...
  TN3K - Dice: 0.8338, HD95: 83.3630
  TN3K - Benign/Malignant Accuracy: 0.7003, TI-RADS Accuracy: 0.0000
Epoch:3: loss:1.134185
Saved checkpoint at epoch 3

Validating epoch 3 on all test datasets...
Testing on TN3K...
  TN3K - Dice: 0.8410, HD95: 68.0353
  TN3K - Benign/Malignant Accuracy: 0.7329, TI-RADS Accuracy: 0.0000
Epoch:4: loss:0.997093
Saved checkpoint at epoch 4

Validating epoch 4 on all test datasets...
Testing on TN3K...
  TN3K - Dice: 0.8480, HD95: 72.9543
  TN3K - Benign/Malignant Accuracy: 0.7003, TI-RADS Accuracy: 0.0000
Epoch:5: loss:0.924584
Saved checkpoint at epoch 5

Validating epoch 5 on all test datasets...
Testing on TN3K...
  TN3K - Dice: 0.8679, HD95: 66.8382
  TN3K - Benign/Malignant Accuracy: 0.6694, TI-RADS Accuracy: 0.0000
Epoch:6: loss:0.853156
Saved checkpoint at epoch 6

Validating epoch 6 on all test datasets...
Testing on TN3K...
  TN3K - Dice: 0.8708, HD95: 66.2568
  TN3K - Benign/Malignant Accuracy: 0.7541, TI-RADS Accuracy: 0.0000
Epoch:7: loss:0.802426
Saved checkpoint at epoch 7

Validating epoch 7 on all test datasets...
Testing on TN3K...
  TN3K - Dice: 0.8637, HD95: 63.0744
  TN3K - Benign/Malignant Accuracy: 0.7003, TI-RADS Accuracy: 0.0000
Epoch:8: loss:0.772463
Saved checkpoint at epoch 8

Validating epoch 8 on all test datasets...
Testing on TN3K...
  TN3K - Dice: 0.8577, HD95: 62.8222
  TN3K - Benign/Malignant Accuracy: 0.7492, TI-RADS Accuracy: 0.0000
Epoch:9: loss:0.706160
Saved checkpoint at epoch 9

Validating epoch 9 on all test datasets...
Testing on TN3K...
  TN3K - Dice: 0.8639, HD95: 67.5577
  TN3K - Benign/Malignant Accuracy: 0.7329, TI-RADS Accuracy: 0.0000
Epoch:10: loss:0.698182
Saved checkpoint at epoch 10

Validating epoch 10 on all test datasets...
Testing on TN3K...
  TN3K - Dice: 0.8720, HD95: 54.1039
  TN3K - Benign/Malignant Accuracy: 0.7394, TI-RADS Accuracy: 0.0000
Epoch:11: loss:0.646796
Saved checkpoint at epoch 11

Validating epoch 11 on all test datasets...
Testing on TN3K...
  TN3K - Dice: 0.8596, HD95: 55.2737
  TN3K - Benign/Malignant Accuracy: 0.5489, TI-RADS Accuracy: 0.0000
Epoch:12: loss:0.673548
Saved checkpoint at epoch 12

Validating epoch 12 on all test datasets...
Testing on TN3K...
  TN3K - Dice: 0.8623, HD95: 60.8584
  TN3K - Benign/Malignant Accuracy: 0.6906, TI-RADS Accuracy: 0.0000
Epoch:13: loss:0.590834
Saved checkpoint at epoch 13

Validating epoch 13 on all test datasets...
Testing on TN3K...
  TN3K - Dice: 0.8671, HD95: 58.0011
  TN3K - Benign/Malignant Accuracy: 0.7443, TI-RADS Accuracy: 0.0000
Epoch:14: loss:0.587152
Saved checkpoint at epoch 14

Validating epoch 14 on all test datasets...
Testing on TN3K...
  TN3K - Dice: 0.8566, HD95: 71.8468
  TN3K - Benign/Malignant Accuracy: 0.6922, TI-RADS Accuracy: 0.0000
Epoch:15: loss:0.549225
Saved checkpoint at epoch 15

Validating epoch 15 on all test datasets...
Testing on TN3K...
  TN3K - Dice: 0.8702, HD95: 55.0562
  TN3K - Benign/Malignant Accuracy: 0.7134, TI-RADS Accuracy: 0.0000
Epoch:16: loss:0.509105
Saved checkpoint at epoch 16

Validating epoch 16 on all test datasets...
Testing on TN3K...
  TN3K - Dice: 0.8742, HD95: 53.2429
  TN3K - Benign/Malignant Accuracy: 0.7378, TI-RADS Accuracy: 0.0000
Epoch:17: loss:0.502293
Saved checkpoint at epoch 17

Validating epoch 17 on all test datasets...
Testing on TN3K...
  TN3K - Dice: 0.8613, HD95: 64.7140
  TN3K - Benign/Malignant Accuracy: 0.7085, TI-RADS Accuracy: 0.0000
Epoch:18: loss:0.483557
Saved checkpoint at epoch 18

Validating epoch 18 on all test datasets...
Testing on TN3K...
  TN3K - Dice: 0.8551, HD95: 63.5369
  TN3K - Benign/Malignant Accuracy: 0.6336, TI-RADS Accuracy: 0.0000
Epoch:19: loss:0.466999
Saved checkpoint at epoch 19

Validating epoch 19 on all test datasets...
Testing on TN3K...
  TN3K - Dice: 0.8657, HD95: 58.6148
  TN3K - Benign/Malignant Accuracy: 0.7329, TI-RADS Accuracy: 0.0000
Epoch:20: loss:0.449575
Saved checkpoint at epoch 20

Validating epoch 20 on all test datasets...
Testing on TN3K...
  TN3K - Dice: 0.8639, HD95: 66.5598
  TN3K - Benign/Malignant Accuracy: 0.7231, TI-RADS Accuracy: 0.0000
Epoch:21: loss:0.427709
Saved checkpoint at epoch 21

Validating epoch 21 on all test datasets...
Testing on TN3K...
  TN3K - Dice: 0.8672, HD95: 62.8318
  TN3K - Benign/Malignant Accuracy: 0.7410, TI-RADS Accuracy: 0.0000
Epoch:22: loss:0.416724
Saved checkpoint at epoch 22

Validating epoch 22 on all test datasets...
Testing on TN3K...
  TN3K - Dice: 0.8670, HD95: 55.9375
  TN3K - Benign/Malignant Accuracy: 0.7362, TI-RADS Accuracy: 0.0000
Epoch:23: loss:0.398437
Saved checkpoint at epoch 23

Validating epoch 23 on all test datasets...
Testing on TN3K...
  TN3K - Dice: 0.8679, HD95: 59.9630
  TN3K - Benign/Malignant Accuracy: 0.7313, TI-RADS Accuracy: 0.0000
Epoch:24: loss:0.406859
Saved checkpoint at epoch 24

Validating epoch 24 on all test datasets...
Testing on TN3K...
  TN3K - Dice: 0.8665, HD95: 64.4863
  TN3K - Benign/Malignant Accuracy: 0.7394, TI-RADS Accuracy: 0.0000
Epoch:25: loss:0.371848
Saved checkpoint at epoch 25

Validating epoch 25 on all test datasets...
Testing on TN3K...
  TN3K - Dice: 0.8698, HD95: 55.3196
  TN3K - Benign/Malignant Accuracy: 0.7085, TI-RADS Accuracy: 0.0000
Epoch:26: loss:0.362395
Saved checkpoint at epoch 26

Validating epoch 26 on all test datasets...
Testing on TN3K...
  TN3K - Dice: 0.8707, HD95: 60.8418
  TN3K - Benign/Malignant Accuracy: 0.6792, TI-RADS Accuracy: 0.0000
Epoch:27: loss:0.349579
Saved checkpoint at epoch 27

Validating epoch 27 on all test datasets...
Testing on TN3K...
  TN3K - Dice: 0.8726, HD95: 55.0856
  TN3K - Benign/Malignant Accuracy: 0.7134, TI-RADS Accuracy: 0.0000
Epoch:28: loss:0.331103
Saved checkpoint at epoch 28

Validating epoch 28 on all test datasets...
Testing on TN3K...
  TN3K - Dice: 0.8768, HD95: 50.5571
  TN3K - Benign/Malignant Accuracy: 0.7329, TI-RADS Accuracy: 0.0000
Epoch:29: loss:0.324150
Saved checkpoint at epoch 29

Validating epoch 29 on all test datasets...
Testing on TN3K...
  TN3K - Dice: 0.8705, HD95: 67.5789
  TN3K - Benign/Malignant Accuracy: 0.7036, TI-RADS Accuracy: 0.0000
Epoch:30: loss:0.334902
Saved checkpoint at epoch 30

Validating epoch 30 on all test datasets...
Testing on TN3K...
  TN3K - Dice: 0.8743, HD95: 52.1738
  TN3K - Benign/Malignant Accuracy: 0.7345, TI-RADS Accuracy: 0.0000
Epoch:31: loss:0.307968
Saved checkpoint at epoch 31

Validating epoch 31 on all test datasets...
Testing on TN3K...
  TN3K - Dice: 0.8673, HD95: 53.1632
  TN3K - Benign/Malignant Accuracy: 0.7313, TI-RADS Accuracy: 0.0000
Epoch:32: loss:0.293924
Saved checkpoint at epoch 32

Validating epoch 32 on all test datasets...
Testing on TN3K...
  TN3K - Dice: 0.8737, HD95: 55.1616
  TN3K - Benign/Malignant Accuracy: 0.7085, TI-RADS Accuracy: 0.0000
Epoch:33: loss:0.306832
Saved checkpoint at epoch 33

Validating epoch 33 on all test datasets...
Testing on TN3K...
  TN3K - Dice: 0.8724, HD95: 52.3008
  TN3K - Benign/Malignant Accuracy: 0.7264, TI-RADS Accuracy: 0.0000
Epoch:34: loss:0.281955
Saved checkpoint at epoch 34

Validating epoch 34 on all test datasets...
Testing on TN3K...
  TN3K - Dice: 0.8728, HD95: 53.3233
  TN3K - Benign/Malignant Accuracy: 0.7264, TI-RADS Accuracy: 0.0000
Epoch:35: loss:0.276182
Saved checkpoint at epoch 35

Validating epoch 35 on all test datasets...
Testing on TN3K...
  TN3K - Dice: 0.8727, HD95: 48.3159
  TN3K - Benign/Malignant Accuracy: 0.7443, TI-RADS Accuracy: 0.0000
Epoch:36: loss:0.269758
Saved checkpoint at epoch 36

Validating epoch 36 on all test datasets...
Testing on TN3K...
  TN3K - Dice: 0.8736, HD95: 51.0777
  TN3K - Benign/Malignant Accuracy: 0.7199, TI-RADS Accuracy: 0.0000
Epoch:37: loss:0.257190
Saved checkpoint at epoch 37

Validating epoch 37 on all test datasets...
Testing on TN3K...
  TN3K - Dice: 0.8729, HD95: 53.5196
  TN3K - Benign/Malignant Accuracy: 0.7134, TI-RADS Accuracy: 0.0000
Epoch:38: loss:0.253139
Saved checkpoint at epoch 38

Validating epoch 38 on all test datasets...
Testing on TN3K...
  TN3K - Dice: 0.8758, HD95: 53.4449
  TN3K - Benign/Malignant Accuracy: 0.7117, TI-RADS Accuracy: 0.0000
Epoch:39: loss:0.246559
Saved checkpoint at epoch 39

Validating epoch 39 on all test datasets...
Testing on TN3K...
  TN3K - Dice: 0.8737, HD95: 52.5559
  TN3K - Benign/Malignant Accuracy: 0.7199, TI-RADS Accuracy: 0.0000
Epoch:40: loss:0.249363
Saved checkpoint at epoch 40

Validating epoch 40 on all test datasets...
Testing on TN3K...
  TN3K - Dice: 0.8760, HD95: 55.7374
  TN3K - Benign/Malignant Accuracy: 0.7345, TI-RADS Accuracy: 0.0000
Epoch:41: loss:0.238642
Saved checkpoint at epoch 41

Validating epoch 41 on all test datasets...
Testing on TN3K...
  TN3K - Dice: 0.8740, HD95: 53.2919
  TN3K - Benign/Malignant Accuracy: 0.7280, TI-RADS Accuracy: 0.0000
Epoch:42: loss:0.234704
Saved checkpoint at epoch 42

Validating epoch 42 on all test datasets...
Testing on TN3K...
  TN3K - Dice: 0.8763, HD95: 53.5278
  TN3K - Benign/Malignant Accuracy: 0.7134, TI-RADS Accuracy: 0.0000
Epoch:43: loss:0.236568
Saved checkpoint at epoch 43

Validating epoch 43 on all test datasets...
Testing on TN3K...
  TN3K - Dice: 0.8746, HD95: 53.2159
  TN3K - Benign/Malignant Accuracy: 0.7166, TI-RADS Accuracy: 0.0000
Epoch:44: loss:0.228384
Saved checkpoint at epoch 44

Validating epoch 44 on all test datasets...
Testing on TN3K...
  TN3K - Dice: 0.8754, HD95: 53.1854
  TN3K - Benign/Malignant Accuracy: 0.7068, TI-RADS Accuracy: 0.0000
Epoch:45: loss:0.224380
Saved checkpoint at epoch 45

Validating epoch 45 on all test datasets...
Testing on TN3K...
  TN3K - Dice: 0.8751, HD95: 53.2471
  TN3K - Benign/Malignant Accuracy: 0.7134, TI-RADS Accuracy: 0.0000
Epoch:46: loss:0.223089
Saved checkpoint at epoch 46

Validating epoch 46 on all test datasets...
Testing on TN3K...
  TN3K - Dice: 0.8746, HD95: 51.9498
  TN3K - Benign/Malignant Accuracy: 0.7215, TI-RADS Accuracy: 0.0000
Epoch:47: loss:0.220904
Saved checkpoint at epoch 47

Validating epoch 47 on all test datasets...
Testing on TN3K...
  TN3K - Dice: 0.8752, HD95: 53.2223
  TN3K - Benign/Malignant Accuracy: 0.7117, TI-RADS Accuracy: 0.0000
Epoch:48: loss:0.220617
Saved checkpoint at epoch 48

Validating epoch 48 on all test datasets...
Testing on TN3K...
  TN3K - Dice: 0.8754, HD95: 55.4129
  TN3K - Benign/Malignant Accuracy: 0.7134, TI-RADS Accuracy: 0.0000
Epoch:49: loss:0.224975
Saved checkpoint at epoch 49

Validating epoch 49 on all test datasets...
Testing on TN3K...
  TN3K - Dice: 0.8752, HD95: 53.2382
  TN3K - Benign/Malignant Accuracy: 0.7199, TI-RADS Accuracy: 0.0000
Epoch:50: loss:0.225679
Saved checkpoint at epoch 50

Validating epoch 50 on all test datasets...
Testing on TN3K...
  TN3K - Dice: 0.8750, HD95: 53.2969
  TN3K - Benign/Malignant Accuracy: 0.7150, TI-RADS Accuracy: 0.0000

========== Training Completed ==========
Training completed at Sun Dec  7 18:36:43 2025

===== Dice Scores Summary =====
Dataset: TN3K
Dice scores per epoch: [0.8245, 0.8338, 0.841, 0.848, 0.8679, 0.8708, 0.8637, 0.8577, 0.8639, 0.872, 0.8596, 0.8623, 0.8671, 0.8566, 0.8702, 0.8742, 0.8613, 0.8551, 0.8657, 0.8639, 0.8672, 0.867, 0.8679, 0.8665, 0.8698, 0.8707, 0.8726, 0.8768, 0.8705, 0.8743, 0.8673, 0.8737, 0.8724, 0.8728, 0.8727, 0.8736, 0.8729, 0.8758, 0.8737, 0.876, 0.874, 0.8763, 0.8746, 0.8754, 0.8751, 0.8746, 0.8752, 0.8754, 0.8752, 0.875]
Best Dice: 0.8768 at epoch 28

===== HD95 Scores Summary =====
Dataset: TN3K
HD95 scores per epoch: [80.4892, 83.363, 68.0353, 72.9543, 66.8382, 66.2568, 63.0744, 62.8222, 67.5577, 54.1039, 55.2737, 60.8584, 58.0011, 71.8468, 55.0562, 53.2429, 64.714, 63.5369, 58.6148, 66.5598, 62.8318, 55.9375, 59.963, 64.4863, 55.3196, 60.8418, 55.0856, 50.5571, 67.5789, 52.1738, 53.1632, 55.1616, 52.3008, 53.3233, 48.3159, 51.0777, 53.5196, 53.4449, 52.5559, 55.7374, 53.2919, 53.5278, 53.2159, 53.1854, 53.2471, 51.9498, 53.2223, 55.4129, 53.2382, 53.2969]

===== Benign/Malignant Accuracy Summary =====
Dataset: TN3K
Accuracy scores per epoch: [0.6221, 0.7003, 0.7329, 0.7003, 0.6694, 0.7541, 0.7003, 0.7492, 0.7329, 0.7394, 0.5489, 0.6906, 0.7443, 0.6922, 0.7134, 0.7378, 0.7085, 0.6336, 0.7329, 0.7231, 0.741, 0.7362, 0.7313, 0.7394, 0.7085, 0.6792, 0.7134, 0.7329, 0.7036, 0.7345, 0.7313, 0.7085, 0.7264, 0.7264, 0.7443, 0.7199, 0.7134, 0.7117, 0.7199, 0.7345, 0.728, 0.7134, 0.7166, 0.7068, 0.7134, 0.7215, 0.7117, 0.7134, 0.7199, 0.715]
Best Accuracy: 0.7541 at epoch 6

===== TI-RADS Accuracy Summary =====
Dataset: TN3K
Accuracy scores per epoch: [0.0, 0.0, 0.0, 0.0, 0.0, 0.0, 0.0, 0.0, 0.0, 0.0, 0.0, 0.0, 0.0, 0.0, 0.0, 0.0, 0.0, 0.0, 0.0, 0.0, 0.0, 0.0, 0.0, 0.0, 0.0, 0.0, 0.0, 0.0, 0.0, 0.0, 0.0, 0.0, 0.0, 0.0, 0.0, 0.0, 0.0, 0.0, 0.0, 0.0, 0.0, 0.0, 0.0, 0.0, 0.0, 0.0, 0.0, 0.0, 0.0, 0.0]
Best Accuracy: 0.0000 at epoch 1
Best HD95: 48.3159 at epoch 35

