Training started at Fri Jan 30 22:25:08 2026
Method: dino_unet
Dataset: gamtl_train_multitask_dataset_3
Epochs: 50
LR: 0.0001
Batch Size: 12
Image Size: 224 x 224
DINO pretrained: True
Use Dilation: True
Training set - Benign/Malignant: Benign=8848 (58.56%), Malignant=6261 (41.44%)
Auto-adjusted tau=0.50 (imbalance_ratio=1.41)
GLA parameters: p_benign=0.5856, p_malignant=0.4144, tau=0.50
Logit adjustment magnitude: 0.1729
Training set - TI-RADS distribution (1-5): [0, 0, 0, 0, 0]
TI-RADS probabilities: [0.20000000298023224, 0.20000000298023224, 0.20000000298023224, 0.20000000298023224, 0.20000000298023224]
Loss weights: seg=1.0, bm=1.0, tirads=1.0
GA-MTL schedule per optimizer step: ['seg', 'bm']
steps_per_epoch (optimizer steps): 629
Epoch:1: seg_loss(avg):0.6210, bm_loss(avg):0.5257, tirads_loss(avg):0.0000
Epoch:2: seg_loss(avg):0.4844, bm_loss(avg):0.4098, tirads_loss(avg):0.0000
Epoch:3: seg_loss(avg):0.4492, bm_loss(avg):0.3844, tirads_loss(avg):0.0000
Epoch:4: seg_loss(avg):0.4422, bm_loss(avg):0.3585, tirads_loss(avg):0.0000
Epoch:5: seg_loss(avg):0.4243, bm_loss(avg):0.3323, tirads_loss(avg):0.0000
Saved checkpoint at epoch 5
Epoch:6: seg_loss(avg):0.4129, bm_loss(avg):0.3178, tirads_loss(avg):0.0000
Epoch:7: seg_loss(avg):0.4092, bm_loss(avg):0.2962, tirads_loss(avg):0.0000
Epoch:8: seg_loss(avg):0.4050, bm_loss(avg):0.2728, tirads_loss(avg):0.0000
Epoch:9: seg_loss(avg):0.4024, bm_loss(avg):0.2629, tirads_loss(avg):0.0000
Epoch:10: seg_loss(avg):0.3993, bm_loss(avg):0.2559, tirads_loss(avg):0.0000
Saved checkpoint at epoch 10
Epoch:11: seg_loss(avg):0.3915, bm_loss(avg):0.2445, tirads_loss(avg):0.0000
Epoch:12: seg_loss(avg):0.3908, bm_loss(avg):0.2311, tirads_loss(avg):0.0000
Epoch:13: seg_loss(avg):0.3941, bm_loss(avg):0.2164, tirads_loss(avg):0.0000
Epoch:14: seg_loss(avg):0.3798, bm_loss(avg):0.2024, tirads_loss(avg):0.0000
Epoch:15: seg_loss(avg):0.3769, bm_loss(avg):0.1873, tirads_loss(avg):0.0000
Saved checkpoint at epoch 15
Epoch:16: seg_loss(avg):0.3696, bm_loss(avg):0.1775, tirads_loss(avg):0.0000
Epoch:17: seg_loss(avg):0.3663, bm_loss(avg):0.1527, tirads_loss(avg):0.0000
Epoch:18: seg_loss(avg):0.3647, bm_loss(avg):0.1507, tirads_loss(avg):0.0000
Epoch:19: seg_loss(avg):0.3593, bm_loss(avg):0.1381, tirads_loss(avg):0.0000
Epoch:20: seg_loss(avg):0.3561, bm_loss(avg):0.1250, tirads_loss(avg):0.0000
Saved checkpoint at epoch 20
Epoch:21: seg_loss(avg):0.3505, bm_loss(avg):0.1060, tirads_loss(avg):0.0000
Epoch:22: seg_loss(avg):0.3507, bm_loss(avg):0.1036, tirads_loss(avg):0.0000
Epoch:23: seg_loss(avg):0.3458, bm_loss(avg):0.0998, tirads_loss(avg):0.0000
Epoch:24: seg_loss(avg):0.3422, bm_loss(avg):0.0880, tirads_loss(avg):0.0000
Epoch:25: seg_loss(avg):0.3445, bm_loss(avg):0.0936, tirads_loss(avg):0.0000
Saved checkpoint at epoch 25
Epoch:26: seg_loss(avg):0.3365, bm_loss(avg):0.0732, tirads_loss(avg):0.0000
Epoch:27: seg_loss(avg):0.3310, bm_loss(avg):0.0735, tirads_loss(avg):0.0000
Epoch:28: seg_loss(avg):0.3331, bm_loss(avg):0.0614, tirads_loss(avg):0.0000
Epoch:29: seg_loss(avg):0.3309, bm_loss(avg):0.0541, tirads_loss(avg):0.0000
Epoch:30: seg_loss(avg):0.3259, bm_loss(avg):0.0468, tirads_loss(avg):0.0000
Saved checkpoint at epoch 30
Epoch:31: seg_loss(avg):0.3251, bm_loss(avg):0.0429, tirads_loss(avg):0.0000
Epoch:32: seg_loss(avg):0.3222, bm_loss(avg):0.0327, tirads_loss(avg):0.0000
Epoch:33: seg_loss(avg):0.3125, bm_loss(avg):0.0384, tirads_loss(avg):0.0000
Epoch:34: seg_loss(avg):0.3125, bm_loss(avg):0.0269, tirads_loss(avg):0.0000
Epoch:35: seg_loss(avg):0.3108, bm_loss(avg):0.0299, tirads_loss(avg):0.0000
Saved checkpoint at epoch 35
Epoch:36: seg_loss(avg):0.3040, bm_loss(avg):0.0211, tirads_loss(avg):0.0000
Epoch:37: seg_loss(avg):0.3038, bm_loss(avg):0.0254, tirads_loss(avg):0.0000
Epoch:38: seg_loss(avg):0.3002, bm_loss(avg):0.0192, tirads_loss(avg):0.0000
Epoch:39: seg_loss(avg):0.2989, bm_loss(avg):0.0190, tirads_loss(avg):0.0000
Epoch:40: seg_loss(avg):0.2951, bm_loss(avg):0.0103, tirads_loss(avg):0.0000
Saved checkpoint at epoch 40
Epoch:41: seg_loss(avg):0.2952, bm_loss(avg):0.0141, tirads_loss(avg):0.0000
Epoch:42: seg_loss(avg):0.2897, bm_loss(avg):0.0127, tirads_loss(avg):0.0000
Epoch:43: seg_loss(avg):0.2867, bm_loss(avg):0.0107, tirads_loss(avg):0.0000
Epoch:44: seg_loss(avg):0.2880, bm_loss(avg):0.0105, tirads_loss(avg):0.0000
Epoch:45: seg_loss(avg):0.2860, bm_loss(avg):0.0100, tirads_loss(avg):0.0000
Saved checkpoint at epoch 45
Epoch:46: seg_loss(avg):0.2863, bm_loss(avg):0.0080, tirads_loss(avg):0.0000
Epoch:47: seg_loss(avg):0.2853, bm_loss(avg):0.0094, tirads_loss(avg):0.0000
Epoch:48: seg_loss(avg):0.2846, bm_loss(avg):0.0075, tirads_loss(avg):0.0000
Epoch:49: seg_loss(avg):0.2835, bm_loss(avg):0.0066, tirads_loss(avg):0.0000
Epoch:50: seg_loss(avg):0.2833, bm_loss(avg):0.0056, tirads_loss(avg):0.0000
Saved checkpoint at epoch 50

Validating epoch 50 on all test datasets...
Testing on TN3K...
  TN3K - Dice: 0.8228, HD95: 13.8638
  TN3K - BM: Acc=0.8460, Prec=0.8453, Rec=0.8339, F1=0.8394, AUROC=0.9103, AUPRC=0.9136
  TN3K - TI-RADS: Acc=0.0000, Prec=0.0000, Rec=0.0000, F1=0.0000, AUC=0.0000
Testing on DDTI...
  DDTI - Dice: 0.7902, HD95: 15.7302
  DDTI - BM: Acc=0.0000, Prec=0.0000, Rec=0.0000, F1=0.0000, AUROC=0.0000, AUPRC=0.0000
  DDTI - TI-RADS: Acc=0.0000, Prec=0.0000, Rec=0.0000, F1=0.0000, AUC=0.0000
Testing on ThyroidXL...
  ThyroidXL - Dice: 0.8812, HD95: 4.8820
  ThyroidXL - BM: Acc=0.8931, Prec=0.7993, Rec=0.8050, F1=0.8019, AUROC=0.9511, AUPRC=0.8671
  ThyroidXL - TI-RADS: Acc=0.0000, Prec=0.0000, Rec=0.0000, F1=0.0000, AUC=0.0000
Testing on PKTN...
  PKTN - Dice: 0.8138, HD95: 9.7021
  PKTN - BM: Acc=0.0000, Prec=0.0000, Rec=0.0000, F1=0.0000, AUROC=0.0000, AUPRC=0.0000
  PKTN - TI-RADS: Acc=0.0000, Prec=0.0000, Rec=0.0000, F1=0.0000, AUC=0.0000
Testing on TN5K...
  TN5K - Dice: 0.8307, HD95: 7.2463
  TN5K - BM: Acc=0.9066, Prec=0.9281, Rec=0.9404, F1=0.9341, AUROC=0.9543, AUPRC=0.9706
  TN5K - TI-RADS: Acc=0.0000, Prec=0.0000, Rec=0.0000, F1=0.0000, AUC=0.0000
Testing on Cine-Clip...
  Cine-Clip - Dice: 0.7036, HD95: 19.9340
  Cine-Clip - BM: Acc=0.8140, Prec=0.3495, Rec=0.6467, F1=0.4536, AUROC=0.7882, AUPRC=0.5099
  Cine-Clip - TI-RADS: Acc=0.1340, Prec=0.1587, Rec=0.1210, F1=0.0773, AUC=0.4553

========== Evaluation Summary (All Test Records) ==========

Dataset: TN3K
Eval epochs: [50]
Dice per eval: [0.8227999806404114]
HD95 per eval: [13.863800048828125]
Best Dice: 0.8228 at epoch 50
Best HD95: 13.8638 at epoch 50

BM metrics per eval:
  Acc:  [0.846]
  Prec: [0.8453]
  Rec:  [0.8339]
  F1:   [0.8394]
  AUROC:[0.9103]
  AUPRC:[0.9136]
Best BM F1: 0.8394 at epoch 50

TI-RADS metrics per eval:
  Acc:  [0.0]
  Prec: [0.0]
  Rec:  [0.0]
  F1:   [0.0]
  AUC:  [0.0]
Best TI-RADS F1: 0.0000 at epoch 50

Dataset: DDTI
Eval epochs: [50]
Dice per eval: [0.7901999950408936]
HD95 per eval: [15.730199813842773]
Best Dice: 0.7902 at epoch 50
Best HD95: 15.7302 at epoch 50

BM metrics per eval:
  Acc:  [0.0]
  Prec: [0.0]
  Rec:  [0.0]
  F1:   [0.0]
  AUROC:[0.0]
  AUPRC:[0.0]
Best BM F1: 0.0000 at epoch 50

TI-RADS metrics per eval:
  Acc:  [0.0]
  Prec: [0.0]
  Rec:  [0.0]
  F1:   [0.0]
  AUC:  [0.0]
Best TI-RADS F1: 0.0000 at epoch 50

Dataset: ThyroidXL
Eval epochs: [50]
Dice per eval: [0.8812000155448914]
HD95 per eval: [4.881999969482422]
Best Dice: 0.8812 at epoch 50
Best HD95: 4.8820 at epoch 50

BM metrics per eval:
  Acc:  [0.8931]
  Prec: [0.7993]
  Rec:  [0.805]
  F1:   [0.8019]
  AUROC:[0.9511]
  AUPRC:[0.8671]
Best BM F1: 0.8019 at epoch 50

TI-RADS metrics per eval:
  Acc:  [0.0]
  Prec: [0.0]
  Rec:  [0.0]
  F1:   [0.0]
  AUC:  [0.0]
Best TI-RADS F1: 0.0000 at epoch 50

Dataset: PKTN
Eval epochs: [50]
Dice per eval: [0.8137999773025513]
HD95 per eval: [9.702099800109863]
Best Dice: 0.8138 at epoch 50
Best HD95: 9.7021 at epoch 50

BM metrics per eval:
  Acc:  [0.0]
  Prec: [0.0]
  Rec:  [0.0]
  F1:   [0.0]
  AUROC:[0.0]
  AUPRC:[0.0]
Best BM F1: 0.0000 at epoch 50

TI-RADS metrics per eval:
  Acc:  [0.0]
  Prec: [0.0]
  Rec:  [0.0]
  F1:   [0.0]
  AUC:  [0.0]
Best TI-RADS F1: 0.0000 at epoch 50

Dataset: TN5K
Eval epochs: [50]
Dice per eval: [0.8306999802589417]
HD95 per eval: [7.246300220489502]
Best Dice: 0.8307 at epoch 50
Best HD95: 7.2463 at epoch 50

BM metrics per eval:
  Acc:  [0.9066]
  Prec: [0.9281]
  Rec:  [0.9404]
  F1:   [0.9341]
  AUROC:[0.9543]
  AUPRC:[0.9706]
Best BM F1: 0.9341 at epoch 50

TI-RADS metrics per eval:
  Acc:  [0.0]
  Prec: [0.0]
  Rec:  [0.0]
  F1:   [0.0]
  AUC:  [0.0]
Best TI-RADS F1: 0.0000 at epoch 50

Dataset: Cine-Clip
Eval epochs: [50]
Dice per eval: [0.7035999894142151]
HD95 per eval: [19.93400001525879]
Best Dice: 0.7036 at epoch 50
Best HD95: 19.9340 at epoch 50

BM metrics per eval:
  Acc:  [0.814]
  Prec: [0.3495]
  Rec:  [0.6467]
  F1:   [0.4536]
  AUROC:[0.7882]
  AUPRC:[0.5099]
Best BM F1: 0.4536 at epoch 50

TI-RADS metrics per eval:
  Acc:  [0.134]
  Prec: [0.1587]
  Rec:  [0.121]
  F1:   [0.0773]
  AUC:  [0.4553]
Best TI-RADS F1: 0.0773 at epoch 50

==========================================================

========== Training Completed ==========
Training completed at Fri Jan 30 23:52:05 2026
