Training started at Mon May 11 15:42:33 2026
Method: dino_unet
Dataset: train_multitask_LNMCN01_LymphUs
Epochs: 20
Target Key: LNM_CN01
LR: 5e-05
Batch Size: 12
Image Size: 224 x 224
DINO pretrained: True
Use Dilation: False
First sample: filename=10_Benign_center1.png, image=/mnt/wangbd8/workspace/DataSets/ThyroidAgent/Classifaction_Data/Lymph_Node_Metastasis_fake/images/10_Benign_center1.png, mask=/mnt/wangbd8/workspace/DataSets/ThyroidAgent/Classifaction_Data/Lymph_Node_Metastasis_fake/masks/10_Benign_center1.png, target=0
Training set - LNM_CN01: Negative=114 (54.29%), Positive=96 (45.71%), Missing=0
Auto-adjusted tau=0.30 (imbalance_ratio=1.19)
GLA parameters for LNM_CN01: p_neg=0.5429, p_pos=0.4571, tau=0.30
Logit adjustment magnitude: 0.0516
Loss weights: seg=1.0, cls=1.0
GA-MTL schedule per optimizer step: ['seg', 'cls']
steps_per_epoch (optimizer steps): 8
Epoch:1: seg_loss(avg):1.3689, cls_loss(avg):0.7180
Epoch:2: seg_loss(avg):1.3002, cls_loss(avg):0.6795
Saved checkpoint at epoch 2

Validating epoch 2 on all test datasets...
Testing on LNM_CN01_LymphUs...
  LNM_CN01_LymphUs - Dice: 0.0047, HD95: 190.0320
  LNM_CN01_LymphUs - LNM_CN01: Acc=0.5253, Prec=0.5224, Rec=1.0000, F1=0.6855, AUROC=0.7253, AUPRC=0.7721, ECE=0.1799
Epoch:3: seg_loss(avg):1.1591, cls_loss(avg):0.5993
Epoch:4: seg_loss(avg):0.9644, cls_loss(avg):0.4582
Saved checkpoint at epoch 4

Validating epoch 4 on all test datasets...
Testing on LNM_CN01_LymphUs...
  LNM_CN01_LymphUs - Dice: 0.7459, HD95: 34.7252
  LNM_CN01_LymphUs - LNM_CN01: Acc=0.6649, Prec=0.6360, Rec=0.8293, F1=0.7189, AUROC=0.7583, AUPRC=0.7934, ECE=0.1601
Epoch:5: seg_loss(avg):0.8286, cls_loss(avg):0.3870
Epoch:6: seg_loss(avg):0.7726, cls_loss(avg):0.3179
Saved checkpoint at epoch 6

Validating epoch 6 on all test datasets...
Testing on LNM_CN01_LymphUs...
  LNM_CN01_LymphUs - Dice: 0.8243, HD95: 23.4377
  LNM_CN01_LymphUs - LNM_CN01: Acc=0.6534, Prec=0.6324, Rec=0.7941, F1=0.7030, AUROC=0.7705, AUPRC=0.8027, ECE=0.1787
Epoch:7: seg_loss(avg):0.6930, cls_loss(avg):0.2668
Epoch:8: seg_loss(avg):0.6829, cls_loss(avg):0.2219
Saved checkpoint at epoch 8

Validating epoch 8 on all test datasets...
Testing on LNM_CN01_LymphUs...
  LNM_CN01_LymphUs - Dice: 0.8336, HD95: 16.8922
  LNM_CN01_LymphUs - LNM_CN01: Acc=0.7224, Prec=0.7392, Rec=0.7194, F1=0.7279, AUROC=0.7836, AUPRC=0.8064, ECE=0.1459
Epoch:9: seg_loss(avg):0.6054, cls_loss(avg):0.2683
Epoch:10: seg_loss(avg):0.6268, cls_loss(avg):0.2740
Saved checkpoint at epoch 10

Validating epoch 10 on all test datasets...
Testing on LNM_CN01_LymphUs...
  LNM_CN01_LymphUs - Dice: 0.8417, HD95: 17.1781
  LNM_CN01_LymphUs - LNM_CN01: Acc=0.7221, Prec=0.7122, Rec=0.7802, F1=0.7435, AUROC=0.7961, AUPRC=0.8093, ECE=0.1489
Epoch:11: seg_loss(avg):0.5870, cls_loss(avg):0.1378
Epoch:12: seg_loss(avg):0.5652, cls_loss(avg):0.2107
Saved checkpoint at epoch 12

Validating epoch 12 on all test datasets...
Testing on LNM_CN01_LymphUs...
  LNM_CN01_LymphUs - Dice: 0.8443, HD95: 14.2099
  LNM_CN01_LymphUs - LNM_CN01: Acc=0.7151, Prec=0.8038, Rec=0.5974, F1=0.6838, AUROC=0.7876, AUPRC=0.8130, ECE=0.1944
Epoch:13: seg_loss(avg):0.5513, cls_loss(avg):0.1453
Epoch:14: seg_loss(avg):0.5377, cls_loss(avg):0.1318
Saved checkpoint at epoch 14

Validating epoch 14 on all test datasets...
Testing on LNM_CN01_LymphUs...
  LNM_CN01_LymphUs - Dice: 0.8600, HD95: 12.4155
  LNM_CN01_LymphUs - LNM_CN01: Acc=0.7542, Prec=0.7673, Rec=0.7562, F1=0.7605, AUROC=0.7977, AUPRC=0.8135, ECE=0.1625
Epoch:15: seg_loss(avg):0.5347, cls_loss(avg):0.1011
Epoch:16: seg_loss(avg):0.5528, cls_loss(avg):0.1355
Saved checkpoint at epoch 16

Validating epoch 16 on all test datasets...
Testing on LNM_CN01_LymphUs...
  LNM_CN01_LymphUs - Dice: 0.8620, HD95: 12.4701
  LNM_CN01_LymphUs - LNM_CN01: Acc=0.7348, Prec=0.7337, Rec=0.7682, F1=0.7494, AUROC=0.8013, AUPRC=0.8135, ECE=0.1801
Epoch:17: seg_loss(avg):0.5421, cls_loss(avg):0.1385
Epoch:18: seg_loss(avg):0.5360, cls_loss(avg):0.0927
Saved checkpoint at epoch 18

Validating epoch 18 on all test datasets...
Testing on LNM_CN01_LymphUs...
  LNM_CN01_LymphUs - Dice: 0.8630, HD95: 12.0577
  LNM_CN01_LymphUs - LNM_CN01: Acc=0.7477, Prec=0.7345, Rec=0.8053, F1=0.7672, AUROC=0.8024, AUPRC=0.8154, ECE=0.1832
Epoch:19: seg_loss(avg):0.5249, cls_loss(avg):0.1806
Epoch:20: seg_loss(avg):0.5299, cls_loss(avg):0.1140
Saved checkpoint at epoch 20

Validating epoch 20 on all test datasets...
Testing on LNM_CN01_LymphUs...
  LNM_CN01_LymphUs - Dice: 0.8623, HD95: 12.0538
  LNM_CN01_LymphUs - LNM_CN01: Acc=0.7410, Prec=0.7260, Rec=0.8053, F1=0.7625, AUROC=0.8020, AUPRC=0.8151, ECE=0.1764

========== Evaluation Summary (All Test Records) ==========


Dataset: LNM_CN01_LymphUs
Eval epochs: [2, 4, 6, 8, 10, 12, 14, 16, 18, 20]
Dice per eval: [0.004699999932199717, 0.7458999752998352, 0.8242999911308289, 0.8335999846458435, 0.84170001745224, 0.8442999720573425, 0.8600000143051147, 0.8619999885559082, 0.8629999756813049, 0.8622999787330627]
HD95 per eval: [190.03199768066406, 34.72520065307617, 23.437700271606445, 16.892200469970703, 17.1781005859375, 14.20989990234375, 12.415499687194824, 12.470100402832031, 12.057700157165527, 12.053799629211426]
Best Dice: 0.8630 at epoch 18
Best HD95: 12.0538 at epoch 20

LNM_CN01 metrics per eval:
  Acc:  [0.5253, 0.6649, 0.6534, 0.7224, 0.7221, 0.7151, 0.7542, 0.7348, 0.7477, 0.741]
  Prec: [0.5224, 0.636, 0.6324, 0.7392, 0.7122, 0.8038, 0.7673, 0.7337, 0.7345, 0.726]
  Rec:  [1.0, 0.8293, 0.7941, 0.7194, 0.7802, 0.5974, 0.7562, 0.7682, 0.8053, 0.8053]
  F1:   [0.6855, 0.7189, 0.703, 0.7279, 0.7435, 0.6838, 0.7605, 0.7494, 0.7672, 0.7625]
  AUROC:[0.7253, 0.7583, 0.7705, 0.7836, 0.7961, 0.7876, 0.7977, 0.8013, 0.8024, 0.802]
  AUPRC:[0.7721, 0.7934, 0.8027, 0.8064, 0.8093, 0.813, 0.8135, 0.8135, 0.8154, 0.8151]
  ECE:  [0.1799, 0.1601, 0.1787, 0.1459, 0.1489, 0.1944, 0.1625, 0.1801, 0.1832, 0.1764]
Best LNM_CN01 F1: 0.7672 at epoch 18

==========================================================

========== Training Completed ==========
Training completed at Mon May 11 15:45:36 2026
