Training started at Wed May  6 00:30:26 2026
Method: dino_unet
Dataset: train_multitask_FTCPTC_sampler
Epochs: 50
Target Key: FTCPTC
LR: 0.0001
Batch Size: 12
Image Size: 224 x 224
DINO pretrained: True
Use Dilation: False
Sampler stats for FTCPTC: Negative=10559, Positive=787, Missing=134
Sampler weights for FTCPTC: neg_weight=0.00009471, pos_weight=0.00127065, missing_weight=0.00009471
Using WeightedRandomSampler: replacement=True, num_samples=11480
First sample: filename=2016/刘惠银/刘惠银_01_0001_0001.jpg, image=/mnt/wangbd8/workspace/DataSets/ThyroidAgent/Classifaction_Data/Malignant_ultrasound_images_cropped/2016/刘惠银/刘惠银_01_0001_0001.jpg, mask=/mnt/wangbd8/workspace/DataSets/ThyroidAgent/Classifaction_Data/Malignant_ultrasound_images_cropped_predictions/2016/刘惠银/刘惠银_01_0001_0001.png, target=-1
Loss weights: seg=1.0, cls=1.0
GA-MTL schedule per optimizer step: ['seg', 'cls']
steps_per_epoch (optimizer steps): 478
Epoch:1: seg_loss(avg):0.6945, cls_loss(avg):0.7032
Epoch:2: seg_loss(avg):0.4988, cls_loss(avg):0.6534
Epoch:3: seg_loss(avg):0.4501, cls_loss(avg):0.5443
Epoch:4: seg_loss(avg):0.4302, cls_loss(avg):0.3983
Epoch:5: seg_loss(avg):0.4168, cls_loss(avg):0.2673
Saved checkpoint at epoch 5
Epoch:6: seg_loss(avg):0.4005, cls_loss(avg):0.2108
Epoch:7: seg_loss(avg):0.3862, cls_loss(avg):0.1547
Epoch:8: seg_loss(avg):0.3817, cls_loss(avg):0.1170
Epoch:9: seg_loss(avg):0.3580, cls_loss(avg):0.1056
Epoch:10: seg_loss(avg):0.3562, cls_loss(avg):0.0835
Saved checkpoint at epoch 10
Epoch:11: seg_loss(avg):0.3410, cls_loss(avg):0.0645
Epoch:12: seg_loss(avg):0.3438, cls_loss(avg):0.0676
Epoch:13: seg_loss(avg):0.3386, cls_loss(avg):0.0491
Epoch:14: seg_loss(avg):0.3280, cls_loss(avg):0.0460
Epoch:15: seg_loss(avg):0.3289, cls_loss(avg):0.0437
Saved checkpoint at epoch 15
Epoch:16: seg_loss(avg):0.3170, cls_loss(avg):0.0341
Epoch:17: seg_loss(avg):0.3178, cls_loss(avg):0.0393
Epoch:18: seg_loss(avg):0.3060, cls_loss(avg):0.0265
Epoch:19: seg_loss(avg):0.2970, cls_loss(avg):0.0240
Epoch:20: seg_loss(avg):0.2946, cls_loss(avg):0.0309
Saved checkpoint at epoch 20
Epoch:21: seg_loss(avg):0.2901, cls_loss(avg):0.0148
Epoch:22: seg_loss(avg):0.2864, cls_loss(avg):0.0237
Epoch:23: seg_loss(avg):0.2747, cls_loss(avg):0.0262
Epoch:24: seg_loss(avg):0.2659, cls_loss(avg):0.0218
Epoch:25: seg_loss(avg):0.2573, cls_loss(avg):0.0058
Saved checkpoint at epoch 25
Epoch:26: seg_loss(avg):0.2640, cls_loss(avg):0.0170
Epoch:27: seg_loss(avg):0.2597, cls_loss(avg):0.0085
Epoch:28: seg_loss(avg):0.2465, cls_loss(avg):0.0032
Epoch:29: seg_loss(avg):0.2423, cls_loss(avg):0.0065
Epoch:30: seg_loss(avg):0.2372, cls_loss(avg):0.0058
Saved checkpoint at epoch 30
Epoch:31: seg_loss(avg):0.2317, cls_loss(avg):0.0021
Epoch:32: seg_loss(avg):0.2247, cls_loss(avg):0.0051
Epoch:33: seg_loss(avg):0.2212, cls_loss(avg):0.0019
Epoch:34: seg_loss(avg):0.2103, cls_loss(avg):0.0004
Epoch:35: seg_loss(avg):0.2097, cls_loss(avg):0.0003
Saved checkpoint at epoch 35
Epoch:36: seg_loss(avg):0.2123, cls_loss(avg):0.0037
Epoch:37: seg_loss(avg):0.2049, cls_loss(avg):0.0012
Epoch:38: seg_loss(avg):0.2025, cls_loss(avg):0.0008
Epoch:39: seg_loss(avg):0.1996, cls_loss(avg):0.0002
Epoch:40: seg_loss(avg):0.1936, cls_loss(avg):0.0004
Saved checkpoint at epoch 40
Epoch:41: seg_loss(avg):0.1893, cls_loss(avg):0.0002
Epoch:42: seg_loss(avg):0.1842, cls_loss(avg):0.0001
Epoch:43: seg_loss(avg):0.1948, cls_loss(avg):0.0002
Epoch:44: seg_loss(avg):0.1844, cls_loss(avg):0.0001
Epoch:45: seg_loss(avg):0.1834, cls_loss(avg):0.0001
Saved checkpoint at epoch 45
Epoch:46: seg_loss(avg):0.1804, cls_loss(avg):0.0001
Epoch:47: seg_loss(avg):0.1825, cls_loss(avg):0.0001
Epoch:48: seg_loss(avg):0.1811, cls_loss(avg):0.0001
Epoch:49: seg_loss(avg):0.1820, cls_loss(avg):0.0001
Epoch:50: seg_loss(avg):0.1782, cls_loss(avg):0.0001
Saved checkpoint at epoch 50

Validating epoch 50 on all test datasets...
Testing on FTCPTC...
  FTCPTC - Dice: 0.8783, HD95: 7.3342
  FTCPTC - FTCPTC: Acc=0.6760, Prec=0.5969, Rec=0.0184, F1=0.0355, AUROC=0.5448, AUPRC=0.3775, ECE=0.3243

========== Evaluation Summary (All Test Records) ==========


Dataset: FTCPTC
Eval epochs: [50]
Dice per eval: [0.8783000111579895]
HD95 per eval: [7.334199905395508]
Best Dice: 0.8783 at epoch 50
Best HD95: 7.3342 at epoch 50

FTCPTC metrics per eval:
  Acc:  [0.676]
  Prec: [0.5969]
  Rec:  [0.0184]
  F1:   [0.0355]
  AUROC:[0.5448]
  AUPRC:[0.3775]
  ECE:  [0.3243]
Best FTCPTC F1: 0.0355 at epoch 50

==========================================================

========== Training Completed ==========
Training completed at Wed May  6 01:15:01 2026
