Training started at Fri May  8 21:50:49 2026
Method: dino_unet
Dataset: train_multitask_FTCPTC_patient
Epochs: 30
Target Key: FTCPTC
LR: 0.0001
Batch Size (patients): 4
Image Size: 224 x 224
DINO pretrained: True
Use Dilation: False
Patient ID depth: 2
Max images per patient (train only): 8
Classification pooling: max
Classification loss mode: gla
Validation threshold mode: fixed
Training patient label stats for FTCPTC: Negative=530, Positive=79, Missing=0, Valid=609
Training patient bag size stats: min=1, max=25, mean=2.58
Using patient-level DataLoader shuffle=True, patient_count=609, batch_size=4, drop_last=True
First patient sample: patient_id=2016/刘桂英, num_images=1, target=0
Training set - FTCPTC (patient-level, patient_id_depth=2): Negative=530 (87.03%), Positive=79 (12.97%), Missing=0
Auto-adjusted tau=1.00 (imbalance_ratio=6.71)
Patient-level GLA parameters for FTCPTC: p_neg=0.8703, p_pos=0.1297, tau=1.00
Logit adjustment magnitude: 1.9034
Loss weights: seg=1.0, cls=1.0
GA-MTL schedule per optimizer step: ['seg', 'cls']
steps_per_epoch (optimizer steps): 76
Eval dataset FTCPTC patient stats: Negative=42, Positive=21, Missing=0, Valid=63
Eval dataset FTCPTC bag size stats: min=2, max=23, mean=7.94
Epoch:1: seg_loss(avg):1.0175, cls_loss(avg):0.5255
Epoch:2: seg_loss(avg):0.8112, cls_loss(avg):0.5220
Epoch:3: seg_loss(avg):0.7116, cls_loss(avg):0.6193
Epoch:4: seg_loss(avg):0.6513, cls_loss(avg):0.5701
Epoch:5: seg_loss(avg):0.6277, cls_loss(avg):0.6124
Saved checkpoint at epoch 5

Validating epoch 5 on all test datasets...
Using fixed patient-level classification threshold: 0.5000
Testing on FTCPTC...
  FTCPTC - Dice: 0.7683, HD95: 13.4780
  FTCPTC - FTCPTC threshold: 0.5000
  FTCPTC - patient-level FTCPTC: Acc=0.6663, Prec=0.0000, Rec=0.0000, F1=0.0000, AUROC=0.3905, AUPRC=0.3201, ECE=0.2807, Youden=0.0000
Epoch:6: seg_loss(avg):0.5647, cls_loss(avg):0.5643
Epoch:7: seg_loss(avg):0.5324, cls_loss(avg):0.5569
Epoch:8: seg_loss(avg):0.5252, cls_loss(avg):0.4562
Epoch:9: seg_loss(avg):0.4996, cls_loss(avg):0.6070
Epoch:10: seg_loss(avg):0.4739, cls_loss(avg):0.6253
Saved checkpoint at epoch 10

Validating epoch 10 on all test datasets...
Using fixed patient-level classification threshold: 0.5000
Testing on FTCPTC...
  FTCPTC - Dice: 0.7997, HD95: 11.0863
  FTCPTC - FTCPTC threshold: 0.5000
  FTCPTC - patient-level FTCPTC: Acc=0.6663, Prec=0.0000, Rec=0.0000, F1=0.0000, AUROC=0.4148, AUPRC=0.3354, ECE=0.2633, Youden=0.0000
Epoch:11: seg_loss(avg):0.4438, cls_loss(avg):0.5827
Epoch:12: seg_loss(avg):0.4650, cls_loss(avg):0.6227
Epoch:13: seg_loss(avg):0.4325, cls_loss(avg):0.6175
Epoch:14: seg_loss(avg):0.4093, cls_loss(avg):0.4866
Epoch:15: seg_loss(avg):0.4115, cls_loss(avg):0.5858
Saved checkpoint at epoch 15

Validating epoch 15 on all test datasets...
Using fixed patient-level classification threshold: 0.5000
Testing on FTCPTC...
  FTCPTC - Dice: 0.8325, HD95: 10.0501
  FTCPTC - FTCPTC threshold: 0.5000
  FTCPTC - patient-level FTCPTC: Acc=0.6663, Prec=0.0000, Rec=0.0000, F1=0.0000, AUROC=0.3989, AUPRC=0.3459, ECE=0.2841, Youden=0.0000
Epoch:16: seg_loss(avg):0.4058, cls_loss(avg):0.5349
Epoch:17: seg_loss(avg):0.3784, cls_loss(avg):0.5631
Epoch:18: seg_loss(avg):0.3786, cls_loss(avg):0.5121
Epoch:19: seg_loss(avg):0.3703, cls_loss(avg):0.6015
Epoch:20: seg_loss(avg):0.3588, cls_loss(avg):0.4956
Saved checkpoint at epoch 20

Validating epoch 20 on all test datasets...
Using fixed patient-level classification threshold: 0.5000
Testing on FTCPTC...
  FTCPTC - Dice: 0.8373, HD95: 9.2088
  FTCPTC - FTCPTC threshold: 0.5000
  FTCPTC - patient-level FTCPTC: Acc=0.6663, Prec=0.0000, Rec=0.0000, F1=0.0000, AUROC=0.4195, AUPRC=0.3109, ECE=0.3088, Youden=0.0000
Epoch:21: seg_loss(avg):0.3558, cls_loss(avg):0.4758
Epoch:22: seg_loss(avg):0.3479, cls_loss(avg):0.5250
Epoch:23: seg_loss(avg):0.3439, cls_loss(avg):0.4165
Epoch:24: seg_loss(avg):0.3119, cls_loss(avg):0.5440
Epoch:25: seg_loss(avg):0.3311, cls_loss(avg):0.4721
Saved checkpoint at epoch 25

Validating epoch 25 on all test datasets...
Using fixed patient-level classification threshold: 0.5000
Testing on FTCPTC...
  FTCPTC - Dice: 0.8478, HD95: 8.3993
  FTCPTC - FTCPTC threshold: 0.5000
  FTCPTC - patient-level FTCPTC: Acc=0.6663, Prec=0.0000, Rec=0.0000, F1=0.0000, AUROC=0.4833, AUPRC=0.3501, ECE=0.3083, Youden=0.0000
Epoch:26: seg_loss(avg):0.3193, cls_loss(avg):0.4427
Epoch:27: seg_loss(avg):0.3134, cls_loss(avg):0.3910
Epoch:28: seg_loss(avg):0.3161, cls_loss(avg):0.3572
Epoch:29: seg_loss(avg):0.3040, cls_loss(avg):0.3780
Epoch:30: seg_loss(avg):0.3188, cls_loss(avg):0.4354
Saved checkpoint at epoch 30

Validating epoch 30 on all test datasets...
Using fixed patient-level classification threshold: 0.5000
Testing on FTCPTC...
  FTCPTC - Dice: 0.8472, HD95: 8.5639
  FTCPTC - FTCPTC threshold: 0.5000
  FTCPTC - patient-level FTCPTC: Acc=0.6663, Prec=0.0000, Rec=0.0000, F1=0.0000, AUROC=0.4768, AUPRC=0.3459, ECE=0.3126, Youden=0.0000

========== Evaluation Summary (Patient-Level Classification) ==========


Dataset: FTCPTC
Eval epochs: [5, 10, 15, 20, 25, 30]
Dice per eval: [0.7682999968528748, 0.7997000217437744, 0.8324999809265137, 0.8373000025749207, 0.8478000164031982, 0.8471999764442444]
HD95 per eval: [13.477999687194824, 11.086299896240234, 10.050100326538086, 9.208800315856934, 8.399299621582031, 8.563899993896484]
Best Dice: 0.8478 at epoch 25
Best HD95: 8.3993 at epoch 25

FTCPTC patient-level metrics per eval:
  Acc:  [0.6663, 0.6663, 0.6663, 0.6663, 0.6663, 0.6663]
  Prec: [0.0, 0.0, 0.0, 0.0, 0.0, 0.0]
  Rec:  [0.0, 0.0, 0.0, 0.0, 0.0, 0.0]
  F1:   [0.0, 0.0, 0.0, 0.0, 0.0, 0.0]
  AUROC:[0.3905, 0.4148, 0.3989, 0.4195, 0.4833, 0.4768]
  AUPRC:[0.3201, 0.3354, 0.3459, 0.3109, 0.3501, 0.3459]
  ECE:  [0.2807, 0.2633, 0.2841, 0.3088, 0.3083, 0.3126]
  Youden:[0.0, 0.0, 0.0, 0.0, 0.0, 0.0]
Best FTCPTC patient-level F1: 0.0000 at epoch 5

==========================================================

========== Training Completed ==========
Training completed at Fri May  8 21:56:48 2026
