Training started at Sun Apr 26 23:39:13 2026
Method: dino_unet
Dataset: train_multitask_FTCPTC
Epochs: 50
Target Key: FTCPTC
LR: 0.0001
Batch Size: 12
Image Size: 224 x 224
DINO pretrained: True
Use Dilation: False
First sample: filename=2016/刘惠银/刘惠银_01_0001_0001.jpg, image=/mnt/wangbd8/workspace/DataSets/ThyroidAgent/Classifaction_Data/Malignant_ultrasound_images_cropped/2016/刘惠银/刘惠银_01_0001_0001.jpg, mask=/mnt/wangbd8/workspace/DataSets/ThyroidAgent/Classifaction_Data/Malignant_ultrasound_images_cropped_predictions/2016/刘惠银/刘惠银_01_0001_0001.png, target=-1
Training set - FTCPTC: Negative=10788 (92.58%), Positive=865 (7.42%), Missing=134
Auto-adjusted tau=1.00 (imbalance_ratio=12.47)
GLA parameters for FTCPTC: p_neg=0.9258, p_pos=0.0742, tau=1.00
Logit adjustment magnitude: 2.5235
Loss weights: seg=1.0, cls=1.0
GA-MTL schedule per optimizer step: ['seg', 'cls']
steps_per_epoch (optimizer steps): 491
Epoch:1: seg_loss(avg):0.7253, cls_loss(avg):0.4546
Epoch:2: seg_loss(avg):0.5367, cls_loss(avg):0.4450
Epoch:3: seg_loss(avg):0.4881, cls_loss(avg):0.4615
Epoch:4: seg_loss(avg):0.4573, cls_loss(avg):0.4643
Epoch:5: seg_loss(avg):0.4436, cls_loss(avg):0.4299
Saved checkpoint at epoch 5
Epoch:6: seg_loss(avg):0.4271, cls_loss(avg):0.4370
Epoch:7: seg_loss(avg):0.4173, cls_loss(avg):0.4165
Epoch:8: seg_loss(avg):0.4070, cls_loss(avg):0.4186
Epoch:9: seg_loss(avg):0.3982, cls_loss(avg):0.3842
Epoch:10: seg_loss(avg):0.3946, cls_loss(avg):0.3595
Saved checkpoint at epoch 10
Epoch:11: seg_loss(avg):0.3942, cls_loss(avg):0.3578
Epoch:12: seg_loss(avg):0.3907, cls_loss(avg):0.3238
Epoch:13: seg_loss(avg):0.3868, cls_loss(avg):0.2896
Epoch:14: seg_loss(avg):0.3780, cls_loss(avg):0.2892
Epoch:15: seg_loss(avg):0.3763, cls_loss(avg):0.2463
Saved checkpoint at epoch 15
Epoch:16: seg_loss(avg):0.3660, cls_loss(avg):0.2301
Epoch:17: seg_loss(avg):0.3643, cls_loss(avg):0.2317
Epoch:18: seg_loss(avg):0.3617, cls_loss(avg):0.1863
Epoch:19: seg_loss(avg):0.3580, cls_loss(avg):0.1827
Epoch:20: seg_loss(avg):0.3548, cls_loss(avg):0.1772
Saved checkpoint at epoch 20
Epoch:21: seg_loss(avg):0.3465, cls_loss(avg):0.1488
Epoch:22: seg_loss(avg):0.3400, cls_loss(avg):0.1484
Epoch:23: seg_loss(avg):0.3301, cls_loss(avg):0.1267
Epoch:24: seg_loss(avg):0.3376, cls_loss(avg):0.1282
Epoch:25: seg_loss(avg):0.3261, cls_loss(avg):0.1128
Saved checkpoint at epoch 25
Epoch:26: seg_loss(avg):0.3174, cls_loss(avg):0.1026
Epoch:27: seg_loss(avg):0.3159, cls_loss(avg):0.0732
Epoch:28: seg_loss(avg):0.3158, cls_loss(avg):0.0817
Epoch:29: seg_loss(avg):0.3113, cls_loss(avg):0.0840
Epoch:30: seg_loss(avg):0.3010, cls_loss(avg):0.0665
Saved checkpoint at epoch 30
Epoch:31: seg_loss(avg):0.2985, cls_loss(avg):0.0598
Epoch:32: seg_loss(avg):0.2949, cls_loss(avg):0.0540
Epoch:33: seg_loss(avg):0.2877, cls_loss(avg):0.0613
Epoch:34: seg_loss(avg):0.2855, cls_loss(avg):0.0456
Epoch:35: seg_loss(avg):0.2819, cls_loss(avg):0.0412
Saved checkpoint at epoch 35
Epoch:36: seg_loss(avg):0.2775, cls_loss(avg):0.0437
Epoch:37: seg_loss(avg):0.2736, cls_loss(avg):0.0514
Epoch:38: seg_loss(avg):0.2716, cls_loss(avg):0.0290
Epoch:39: seg_loss(avg):0.2704, cls_loss(avg):0.0357
Epoch:40: seg_loss(avg):0.2660, cls_loss(avg):0.0241
Saved checkpoint at epoch 40
Epoch:41: seg_loss(avg):0.2605, cls_loss(avg):0.0294
Epoch:42: seg_loss(avg):0.2628, cls_loss(avg):0.0235
Epoch:43: seg_loss(avg):0.2606, cls_loss(avg):0.0193
Epoch:44: seg_loss(avg):0.2569, cls_loss(avg):0.0325
Epoch:45: seg_loss(avg):0.2545, cls_loss(avg):0.0196
Saved checkpoint at epoch 45
Epoch:46: seg_loss(avg):0.2554, cls_loss(avg):0.0215
Epoch:47: seg_loss(avg):0.2536, cls_loss(avg):0.0241
Epoch:48: seg_loss(avg):0.2524, cls_loss(avg):0.0202
Epoch:49: seg_loss(avg):0.2509, cls_loss(avg):0.0200
Epoch:50: seg_loss(avg):0.2486, cls_loss(avg):0.0241
Saved checkpoint at epoch 50

Validating epoch 50 on all test datasets...
Testing on FTCPTC...
  FTCPTC - Dice: 0.8873, HD95: 5.6195
  FTCPTC - FTCPTC: Acc=0.5788, Prec=0.9865, Rec=0.0468, F1=0.0885, AUROC=0.4859, AUPRC=0.4958, ECE=0.4200

========== Evaluation Summary (All Test Records) ==========


Dataset: FTCPTC
Eval epochs: [50]
Dice per eval: [0.8873000144958496]
HD95 per eval: [5.619500160217285]
Best Dice: 0.8873 at epoch 50
Best HD95: 5.6195 at epoch 50

FTCPTC metrics per eval:
  Acc:  [0.5788]
  Prec: [0.9865]
  Rec:  [0.0468]
  F1:   [0.0885]
  AUROC:[0.4859]
  AUPRC:[0.4958]
  ECE:  [0.42]
Best FTCPTC F1: 0.0885 at epoch 50

==========================================================

========== Training Completed ==========
Training completed at Mon Apr 27 00:43:31 2026
