Training started at Mon Jan 12 20:21:22 2026
Method: dino_unet
Dataset: 128size_train_multitask_dataset4
Epochs: 50
LR: 0.0001
Batch Size: 12
Image Size: 128 x 128
DINO pretrained: True
Use Dilation: False
Training set - Benign/Malignant: Benign=25859 (73.49%), Malignant=9327 (26.51%)
Auto-adjusted tau=1.00 (imbalance_ratio=2.77)
GLA parameters: p_benign=0.7349, p_malignant=0.2651, tau=1.00
Logit adjustment magnitude: 1.0197
Training set - TI-RADS distribution (1-5): [52, 892, 4931, 7230, 4307]
TI-RADS probabilities: [0.0029864460229873657, 0.05122903734445572, 0.28319549560546875, 0.4152308702468872, 0.24735814332962036]
Loss weights: seg=1.0, bm=1.0, tirads=1.0
GA-MTL schedule per optimizer step: ['seg', 'bm', 'tirads']
steps_per_epoch (optimizer steps): 977
Epoch:1: seg_loss(avg):0.7924, bm_loss(avg):0.6886, tirads_loss(avg):1.1351
Epoch:2: seg_loss(avg):0.5751, bm_loss(avg):0.4694, tirads_loss(avg):0.6010
Epoch:3: seg_loss(avg):0.5290, bm_loss(avg):0.3728, tirads_loss(avg):0.2849
Epoch:4: seg_loss(avg):0.5057, bm_loss(avg):0.3152, tirads_loss(avg):0.1653
Epoch:5: seg_loss(avg):0.4865, bm_loss(avg):0.2963, tirads_loss(avg):0.1025
Saved checkpoint at epoch 5

Validating epoch 5 on all test datasets...
Testing on TN3K...
  TN3K - Dice: 0.7478, HD95: 10.5855
  TN3K - BM: Acc=0.6562, Prec=0.5320, Rec=0.8808, F1=0.6630, AUROC=0.8192, AUPRC=0.7391
  TN3K - TI-RADS: Acc=0.0000, Prec=0.0000, Rec=0.0000, F1=0.0000, AUC=0.0000
Testing on DDTI...
  DDTI - Dice: 0.7413, HD95: 11.4903
  DDTI - BM: Acc=0.0000, Prec=0.0000, Rec=0.0000, F1=0.0000, AUROC=0.0000, AUPRC=0.0000
  DDTI - TI-RADS: Acc=0.0000, Prec=0.0000, Rec=0.0000, F1=0.0000, AUC=0.0000
Testing on ThyroidXL...
  ThyroidXL - Dice: 0.8004, HD95: 5.6614
  ThyroidXL - BM: Acc=0.8087, Prec=0.7455, Rec=0.8927, F1=0.8125, AUROC=0.8963, AUPRC=0.8710
  ThyroidXL - TI-RADS: Acc=0.0000, Prec=0.0000, Rec=0.0000, F1=0.0000, AUC=0.0000
Testing on PKTN...
  PKTN - Dice: 0.6661, HD95: 12.2065
  PKTN - BM: Acc=0.0000, Prec=0.0000, Rec=0.0000, F1=0.0000, AUROC=0.0000, AUPRC=0.0000
  PKTN - TI-RADS: Acc=0.0000, Prec=0.0000, Rec=0.0000, F1=0.0000, AUC=0.0000
Testing on TN5K...
  TN5K - Dice: 0.6380, HD95: 10.4488
  TN5K - BM: Acc=0.7983, Prec=0.7938, Rec=0.9781, F1=0.8763, AUROC=0.8787, AUPRC=0.9411
  TN5K - TI-RADS: Acc=0.0000, Prec=0.0000, Rec=0.0000, F1=0.0000, AUC=0.0000
Epoch:6: seg_loss(avg):0.4626, bm_loss(avg):0.2711, tirads_loss(avg):0.0661
Epoch:7: seg_loss(avg):0.4445, bm_loss(avg):0.2660, tirads_loss(avg):0.0527
Epoch:8: seg_loss(avg):0.4423, bm_loss(avg):0.2555, tirads_loss(avg):0.0638
Epoch:9: seg_loss(avg):0.4310, bm_loss(avg):0.2453, tirads_loss(avg):0.0592
Epoch:10: seg_loss(avg):0.4099, bm_loss(avg):0.2352, tirads_loss(avg):0.0308
Saved checkpoint at epoch 10

Validating epoch 10 on all test datasets...
Testing on TN3K...
  TN3K - Dice: 0.7591, HD95: 9.9487
  TN3K - BM: Acc=0.7295, Prec=0.6390, Rec=0.6820, F1=0.6593, AUROC=0.8030, AUPRC=0.7312
  TN3K - TI-RADS: Acc=0.0000, Prec=0.0000, Rec=0.0000, F1=0.0000, AUC=0.0000
Testing on DDTI...
  DDTI - Dice: 0.7401, HD95: 11.8988
  DDTI - BM: Acc=0.0000, Prec=0.0000, Rec=0.0000, F1=0.0000, AUROC=0.0000, AUPRC=0.0000
  DDTI - TI-RADS: Acc=0.0000, Prec=0.0000, Rec=0.0000, F1=0.0000, AUC=0.0000
Testing on ThyroidXL...
  ThyroidXL - Dice: 0.8089, HD95: 5.4943
  ThyroidXL - BM: Acc=0.7438, Prec=0.8836, Rec=0.5163, F1=0.6517, AUROC=0.8978, AUPRC=0.8636
  ThyroidXL - TI-RADS: Acc=0.0000, Prec=0.0000, Rec=0.0000, F1=0.0000, AUC=0.0000
Testing on PKTN...
  PKTN - Dice: 0.7004, HD95: 10.8902
  PKTN - BM: Acc=0.0000, Prec=0.0000, Rec=0.0000, F1=0.0000, AUROC=0.0000, AUPRC=0.0000
  PKTN - TI-RADS: Acc=0.0000, Prec=0.0000, Rec=0.0000, F1=0.0000, AUC=0.0000
Testing on TN5K...
  TN5K - Dice: 0.6759, HD95: 9.0570
  TN5K - BM: Acc=0.8599, Prec=0.8967, Rec=0.9136, F1=0.9050, AUROC=0.8874, AUPRC=0.9441
  TN5K - TI-RADS: Acc=0.0000, Prec=0.0000, Rec=0.0000, F1=0.0000, AUC=0.0000
Epoch:11: seg_loss(avg):0.4015, bm_loss(avg):0.2318, tirads_loss(avg):0.0288
Epoch:12: seg_loss(avg):0.3952, bm_loss(avg):0.2170, tirads_loss(avg):0.0219
Epoch:13: seg_loss(avg):0.3870, bm_loss(avg):0.2234, tirads_loss(avg):0.0258
Epoch:14: seg_loss(avg):0.3764, bm_loss(avg):0.2070, tirads_loss(avg):0.0208
Epoch:15: seg_loss(avg):0.3659, bm_loss(avg):0.1976, tirads_loss(avg):0.0202
Saved checkpoint at epoch 15

Validating epoch 15 on all test datasets...
Testing on TN3K...
  TN3K - Dice: 0.7726, HD95: 9.2229
  TN3K - BM: Acc=0.6513, Prec=0.5295, Rec=0.8387, F1=0.6487, AUROC=0.7994, AUPRC=0.7339
  TN3K - TI-RADS: Acc=0.0000, Prec=0.0000, Rec=0.0000, F1=0.0000, AUC=0.0000
Testing on DDTI...
  DDTI - Dice: 0.7373, HD95: 11.6076
  DDTI - BM: Acc=0.0000, Prec=0.0000, Rec=0.0000, F1=0.0000, AUROC=0.0000, AUPRC=0.0000
  DDTI - TI-RADS: Acc=0.0000, Prec=0.0000, Rec=0.0000, F1=0.0000, AUC=0.0000
Testing on ThyroidXL...
  ThyroidXL - Dice: 0.8217, HD95: 4.9647
  ThyroidXL - BM: Acc=0.8119, Prec=0.8254, Rec=0.7545, F1=0.7883, AUROC=0.8938, AUPRC=0.8708
  ThyroidXL - TI-RADS: Acc=0.0000, Prec=0.0000, Rec=0.0000, F1=0.0000, AUC=0.0000
Testing on PKTN...
  PKTN - Dice: 0.7159, HD95: 10.6153
  PKTN - BM: Acc=0.0000, Prec=0.0000, Rec=0.0000, F1=0.0000, AUROC=0.0000, AUPRC=0.0000
  PKTN - TI-RADS: Acc=0.0000, Prec=0.0000, Rec=0.0000, F1=0.0000, AUC=0.0000
Testing on TN5K...
  TN5K - Dice: 0.6957, HD95: 8.4932
  TN5K - BM: Acc=0.8461, Prec=0.8498, Rec=0.9590, F1=0.9011, AUROC=0.9109, AUPRC=0.9598
  TN5K - TI-RADS: Acc=0.0000, Prec=0.0000, Rec=0.0000, F1=0.0000, AUC=0.0000
Epoch:16: seg_loss(avg):0.3600, bm_loss(avg):0.1834, tirads_loss(avg):0.0143
Epoch:17: seg_loss(avg):0.3551, bm_loss(avg):0.1764, tirads_loss(avg):0.0088
Epoch:18: seg_loss(avg):0.3504, bm_loss(avg):0.1759, tirads_loss(avg):0.0164
Epoch:19: seg_loss(avg):0.3448, bm_loss(avg):0.1697, tirads_loss(avg):0.0106
Epoch:20: seg_loss(avg):0.3392, bm_loss(avg):0.1556, tirads_loss(avg):0.0100
Saved checkpoint at epoch 20

Validating epoch 20 on all test datasets...
Testing on TN3K...
  TN3K - Dice: 0.7743, HD95: 9.4756
  TN3K - BM: Acc=0.6565, Prec=0.5336, Rec=0.8476, F1=0.6545, AUROC=0.7887, AUPRC=0.7123
  TN3K - TI-RADS: Acc=0.0000, Prec=0.0000, Rec=0.0000, F1=0.0000, AUC=0.0000
Testing on DDTI...
  DDTI - Dice: 0.7323, HD95: 12.4654
  DDTI - BM: Acc=0.0000, Prec=0.0000, Rec=0.0000, F1=0.0000, AUROC=0.0000, AUPRC=0.0000
  DDTI - TI-RADS: Acc=0.0000, Prec=0.0000, Rec=0.0000, F1=0.0000, AUC=0.0000
Testing on ThyroidXL...
  ThyroidXL - Dice: 0.8289, HD95: 4.6903
  ThyroidXL - BM: Acc=0.8256, Prec=0.8266, Rec=0.7904, F1=0.8080, AUROC=0.9066, AUPRC=0.8883
  ThyroidXL - TI-RADS: Acc=0.0000, Prec=0.0000, Rec=0.0000, F1=0.0000, AUC=0.0000
Testing on PKTN...
  PKTN - Dice: 0.7304, HD95: 9.7241
  PKTN - BM: Acc=0.0000, Prec=0.0000, Rec=0.0000, F1=0.0000, AUROC=0.0000, AUPRC=0.0000
  PKTN - TI-RADS: Acc=0.0000, Prec=0.0000, Rec=0.0000, F1=0.0000, AUC=0.0000
Testing on TN5K...
  TN5K - Dice: 0.7070, HD95: 8.2795
  TN5K - BM: Acc=0.8593, Prec=0.8574, Rec=0.9688, F1=0.9096, AUROC=0.9115, AUPRC=0.9620
  TN5K - TI-RADS: Acc=0.0000, Prec=0.0000, Rec=0.0000, F1=0.0000, AUC=0.0000
Epoch:21: seg_loss(avg):0.3273, bm_loss(avg):0.1435, tirads_loss(avg):0.0047
Epoch:22: seg_loss(avg):0.3194, bm_loss(avg):0.1399, tirads_loss(avg):0.0038
Epoch:23: seg_loss(avg):0.3146, bm_loss(avg):0.1294, tirads_loss(avg):0.0016
Epoch:24: seg_loss(avg):0.3129, bm_loss(avg):0.1231, tirads_loss(avg):0.0015
Epoch:25: seg_loss(avg):0.3036, bm_loss(avg):0.1153, tirads_loss(avg):0.0015
Saved checkpoint at epoch 25

Validating epoch 25 on all test datasets...
Testing on TN3K...
  TN3K - Dice: 0.7774, HD95: 8.6403
  TN3K - BM: Acc=0.6497, Prec=0.5276, Rec=0.8511, F1=0.6510, AUROC=0.7792, AUPRC=0.6886
  TN3K - TI-RADS: Acc=0.0000, Prec=0.0000, Rec=0.0000, F1=0.0000, AUC=0.0000
Testing on DDTI...
  DDTI - Dice: 0.7318, HD95: 12.0574
  DDTI - BM: Acc=0.0000, Prec=0.0000, Rec=0.0000, F1=0.0000, AUROC=0.0000, AUPRC=0.0000
  DDTI - TI-RADS: Acc=0.0000, Prec=0.0000, Rec=0.0000, F1=0.0000, AUC=0.0000
Testing on ThyroidXL...
  ThyroidXL - Dice: 0.8297, HD95: 4.6729
  ThyroidXL - BM: Acc=0.8212, Prec=0.8024, Rec=0.8159, F1=0.8090, AUROC=0.9020, AUPRC=0.8805
  ThyroidXL - TI-RADS: Acc=0.0000, Prec=0.0000, Rec=0.0000, F1=0.0000, AUC=0.0000
Testing on PKTN...
  PKTN - Dice: 0.7268, HD95: 9.8118
  PKTN - BM: Acc=0.0000, Prec=0.0000, Rec=0.0000, F1=0.0000, AUROC=0.0000, AUPRC=0.0000
  PKTN - TI-RADS: Acc=0.0000, Prec=0.0000, Rec=0.0000, F1=0.0000, AUC=0.0000
Testing on TN5K...
  TN5K - Dice: 0.7149, HD95: 7.8400
  TN5K - BM: Acc=0.8612, Prec=0.8758, Rec=0.9440, F1=0.9085, AUROC=0.9027, AUPRC=0.9566
  TN5K - TI-RADS: Acc=0.0000, Prec=0.0000, Rec=0.0000, F1=0.0000, AUC=0.0000
Epoch:26: seg_loss(avg):0.3038, bm_loss(avg):0.1092, tirads_loss(avg):0.0073
Epoch:27: seg_loss(avg):0.2933, bm_loss(avg):0.1022, tirads_loss(avg):0.0005
Epoch:28: seg_loss(avg):0.2938, bm_loss(avg):0.0949, tirads_loss(avg):0.0075
Epoch:29: seg_loss(avg):0.2849, bm_loss(avg):0.0878, tirads_loss(avg):0.0008
Epoch:30: seg_loss(avg):0.2806, bm_loss(avg):0.0820, tirads_loss(avg):0.0016
Saved checkpoint at epoch 30

Validating epoch 30 on all test datasets...
Testing on TN3K...
  TN3K - Dice: 0.7912, HD95: 8.0921
  TN3K - BM: Acc=0.7184, Prec=0.6043, Rec=0.7752, F1=0.6787, AUROC=0.8035, AUPRC=0.7389
  TN3K - TI-RADS: Acc=0.0000, Prec=0.0000, Rec=0.0000, F1=0.0000, AUC=0.0000
Testing on DDTI...
  DDTI - Dice: 0.7433, HD95: 11.6418
  DDTI - BM: Acc=0.0000, Prec=0.0000, Rec=0.0000, F1=0.0000, AUROC=0.0000, AUPRC=0.0000
  DDTI - TI-RADS: Acc=0.0000, Prec=0.0000, Rec=0.0000, F1=0.0000, AUC=0.0000
Testing on ThyroidXL...
  ThyroidXL - Dice: 0.8345, HD95: 4.6087
  ThyroidXL - BM: Acc=0.8130, Prec=0.8754, Rec=0.6965, F1=0.7757, AUROC=0.9090, AUPRC=0.8913
  ThyroidXL - TI-RADS: Acc=0.0000, Prec=0.0000, Rec=0.0000, F1=0.0000, AUC=0.0000
Testing on PKTN...
  PKTN - Dice: 0.7283, HD95: 10.1195
  PKTN - BM: Acc=0.0000, Prec=0.0000, Rec=0.0000, F1=0.0000, AUROC=0.0000, AUPRC=0.0000
  PKTN - TI-RADS: Acc=0.0000, Prec=0.0000, Rec=0.0000, F1=0.0000, AUC=0.0000
Testing on TN5K...
  TN5K - Dice: 0.7269, HD95: 7.5469
  TN5K - BM: Acc=0.8751, Prec=0.9008, Rec=0.9317, F1=0.9160, AUROC=0.9192, AUPRC=0.9666
  TN5K - TI-RADS: Acc=0.0000, Prec=0.0000, Rec=0.0000, F1=0.0000, AUC=0.0000
Epoch:31: seg_loss(avg):0.2768, bm_loss(avg):0.0709, tirads_loss(avg):0.0082
Epoch:32: seg_loss(avg):0.2701, bm_loss(avg):0.0712, tirads_loss(avg):0.0013
Epoch:33: seg_loss(avg):0.2642, bm_loss(avg):0.0556, tirads_loss(avg):0.0020
Epoch:34: seg_loss(avg):0.2634, bm_loss(avg):0.0580, tirads_loss(avg):0.0024
Epoch:35: seg_loss(avg):0.2604, bm_loss(avg):0.0502, tirads_loss(avg):0.0011
Saved checkpoint at epoch 35

Validating epoch 35 on all test datasets...
Testing on TN3K...
  TN3K - Dice: 0.7843, HD95: 8.4895
  TN3K - BM: Acc=0.6874, Prec=0.5681, Rec=0.7798, F1=0.6569, AUROC=0.7937, AUPRC=0.7290
  TN3K - TI-RADS: Acc=0.0000, Prec=0.0000, Rec=0.0000, F1=0.0000, AUC=0.0000
Testing on DDTI...
  DDTI - Dice: 0.7428, HD95: 11.7729
  DDTI - BM: Acc=0.0000, Prec=0.0000, Rec=0.0000, F1=0.0000, AUROC=0.0000, AUPRC=0.0000
  DDTI - TI-RADS: Acc=0.0000, Prec=0.0000, Rec=0.0000, F1=0.0000, AUC=0.0000
Testing on ThyroidXL...
  ThyroidXL - Dice: 0.8360, HD95: 4.4481
  ThyroidXL - BM: Acc=0.8213, Prec=0.8541, Rec=0.7420, F1=0.7940, AUROC=0.9080, AUPRC=0.8938
  ThyroidXL - TI-RADS: Acc=0.0000, Prec=0.0000, Rec=0.0000, F1=0.0000, AUC=0.0000
Testing on PKTN...
  PKTN - Dice: 0.7392, HD95: 9.3769
  PKTN - BM: Acc=0.0000, Prec=0.0000, Rec=0.0000, F1=0.0000, AUROC=0.0000, AUPRC=0.0000
  PKTN - TI-RADS: Acc=0.0000, Prec=0.0000, Rec=0.0000, F1=0.0000, AUC=0.0000
Testing on TN5K...
  TN5K - Dice: 0.7265, HD95: 7.6367
  TN5K - BM: Acc=0.8571, Prec=0.8839, Rec=0.9262, F1=0.9045, AUROC=0.9081, AUPRC=0.9598
  TN5K - TI-RADS: Acc=0.0000, Prec=0.0000, Rec=0.0000, F1=0.0000, AUC=0.0000
Epoch:36: seg_loss(avg):0.2544, bm_loss(avg):0.0445, tirads_loss(avg):0.0024
Epoch:37: seg_loss(avg):0.2536, bm_loss(avg):0.0368, tirads_loss(avg):0.0023
Epoch:38: seg_loss(avg):0.2478, bm_loss(avg):0.0336, tirads_loss(avg):0.0015
Epoch:39: seg_loss(avg):0.2452, bm_loss(avg):0.0317, tirads_loss(avg):0.0018
Epoch:40: seg_loss(avg):0.2423, bm_loss(avg):0.0353, tirads_loss(avg):0.0025
Saved checkpoint at epoch 40

Validating epoch 40 on all test datasets...
Testing on TN3K...
  TN3K - Dice: 0.7886, HD95: 8.6379
  TN3K - BM: Acc=0.7151, Prec=0.6037, Rec=0.7540, F1=0.6701, AUROC=0.7988, AUPRC=0.7364
  TN3K - TI-RADS: Acc=0.0000, Prec=0.0000, Rec=0.0000, F1=0.0000, AUC=0.0000
Testing on DDTI...
  DDTI - Dice: 0.7414, HD95: 11.6792
  DDTI - BM: Acc=0.0000, Prec=0.0000, Rec=0.0000, F1=0.0000, AUROC=0.0000, AUPRC=0.0000
  DDTI - TI-RADS: Acc=0.0000, Prec=0.0000, Rec=0.0000, F1=0.0000, AUC=0.0000
Testing on ThyroidXL...
  ThyroidXL - Dice: 0.8379, HD95: 4.4359
  ThyroidXL - BM: Acc=0.8261, Prec=0.8679, Rec=0.7378, F1=0.7975, AUROC=0.9126, AUPRC=0.8968
  ThyroidXL - TI-RADS: Acc=0.0000, Prec=0.0000, Rec=0.0000, F1=0.0000, AUC=0.0000
Testing on PKTN...
  PKTN - Dice: 0.7414, HD95: 9.5925
  PKTN - BM: Acc=0.0000, Prec=0.0000, Rec=0.0000, F1=0.0000, AUROC=0.0000, AUPRC=0.0000
  PKTN - TI-RADS: Acc=0.0000, Prec=0.0000, Rec=0.0000, F1=0.0000, AUC=0.0000
Testing on TN5K...
  TN5K - Dice: 0.7322, HD95: 7.5357
  TN5K - BM: Acc=0.8738, Prec=0.9059, Rec=0.9232, F1=0.9144, AUROC=0.9183, AUPRC=0.9645
  TN5K - TI-RADS: Acc=0.0000, Prec=0.0000, Rec=0.0000, F1=0.0000, AUC=0.0000
Epoch:41: seg_loss(avg):0.2380, bm_loss(avg):0.0346, tirads_loss(avg):0.0019
Epoch:42: seg_loss(avg):0.2371, bm_loss(avg):0.0309, tirads_loss(avg):0.0016
Epoch:43: seg_loss(avg):0.2345, bm_loss(avg):0.0301, tirads_loss(avg):0.0007
Epoch:44: seg_loss(avg):0.2345, bm_loss(avg):0.0221, tirads_loss(avg):0.0013
Epoch:45: seg_loss(avg):0.2311, bm_loss(avg):0.0195, tirads_loss(avg):0.0002
Saved checkpoint at epoch 45

Validating epoch 45 on all test datasets...
Testing on TN3K...
  TN3K - Dice: 0.7910, HD95: 8.3681
  TN3K - BM: Acc=0.7232, Prec=0.6126, Rec=0.7625, F1=0.6790, AUROC=0.8012, AUPRC=0.7301
  TN3K - TI-RADS: Acc=0.0000, Prec=0.0000, Rec=0.0000, F1=0.0000, AUC=0.0000
Testing on DDTI...
  DDTI - Dice: 0.7403, HD95: 11.8680
  DDTI - BM: Acc=0.0000, Prec=0.0000, Rec=0.0000, F1=0.0000, AUROC=0.0000, AUPRC=0.0000
  DDTI - TI-RADS: Acc=0.0000, Prec=0.0000, Rec=0.0000, F1=0.0000, AUC=0.0000
Testing on ThyroidXL...
  ThyroidXL - Dice: 0.8398, HD95: 4.3808
  ThyroidXL - BM: Acc=0.8180, Prec=0.8852, Rec=0.6986, F1=0.7808, AUROC=0.9075, AUPRC=0.8904
  ThyroidXL - TI-RADS: Acc=0.0000, Prec=0.0000, Rec=0.0000, F1=0.0000, AUC=0.0000
Testing on PKTN...
  PKTN - Dice: 0.7442, HD95: 9.4928
  PKTN - BM: Acc=0.0000, Prec=0.0000, Rec=0.0000, F1=0.0000, AUROC=0.0000, AUPRC=0.0000
  PKTN - TI-RADS: Acc=0.0000, Prec=0.0000, Rec=0.0000, F1=0.0000, AUC=0.0000
Testing on TN5K...
  TN5K - Dice: 0.7363, HD95: 7.2410
  TN5K - BM: Acc=0.8809, Prec=0.9091, Rec=0.9300, F1=0.9194, AUROC=0.9159, AUPRC=0.9630
  TN5K - TI-RADS: Acc=0.0000, Prec=0.0000, Rec=0.0000, F1=0.0000, AUC=0.0000
Epoch:46: seg_loss(avg):0.2314, bm_loss(avg):0.0215, tirads_loss(avg):0.0002
Epoch:47: seg_loss(avg):0.2333, bm_loss(avg):0.0199, tirads_loss(avg):0.0007
Epoch:48: seg_loss(avg):0.2286, bm_loss(avg):0.0161, tirads_loss(avg):0.0011
Epoch:49: seg_loss(avg):0.2289, bm_loss(avg):0.0201, tirads_loss(avg):0.0008
Epoch:50: seg_loss(avg):0.2313, bm_loss(avg):0.0201, tirads_loss(avg):0.0013
Saved checkpoint at epoch 50

Validating epoch 50 on all test datasets...
Testing on TN3K...
  TN3K - Dice: 0.7919, HD95: 8.3368
  TN3K - BM: Acc=0.7217, Prec=0.6122, Rec=0.7539, F1=0.6753, AUROC=0.8011, AUPRC=0.7324
  TN3K - TI-RADS: Acc=0.0000, Prec=0.0000, Rec=0.0000, F1=0.0000, AUC=0.0000
Testing on DDTI...
  DDTI - Dice: 0.7397, HD95: 11.8719
  DDTI - BM: Acc=0.0000, Prec=0.0000, Rec=0.0000, F1=0.0000, AUROC=0.0000, AUPRC=0.0000
  DDTI - TI-RADS: Acc=0.0000, Prec=0.0000, Rec=0.0000, F1=0.0000, AUC=0.0000
Testing on ThyroidXL...
  ThyroidXL - Dice: 0.8414, HD95: 4.3485
  ThyroidXL - BM: Acc=0.8262, Prec=0.8726, Rec=0.7326, F1=0.7964, AUROC=0.9092, AUPRC=0.8931
  ThyroidXL - TI-RADS: Acc=0.0000, Prec=0.0000, Rec=0.0000, F1=0.0000, AUC=0.0000
Testing on PKTN...
  PKTN - Dice: 0.7476, HD95: 9.2384
  PKTN - BM: Acc=0.0000, Prec=0.0000, Rec=0.0000, F1=0.0000, AUROC=0.0000, AUPRC=0.0000
  PKTN - TI-RADS: Acc=0.0000, Prec=0.0000, Rec=0.0000, F1=0.0000, AUC=0.0000
Testing on TN5K...
  TN5K - Dice: 0.7380, HD95: 7.1508
  TN5K - BM: Acc=0.8819, Prec=0.9125, Rec=0.9273, F1=0.9198, AUROC=0.9185, AUPRC=0.9644
  TN5K - TI-RADS: Acc=0.0000, Prec=0.0000, Rec=0.0000, F1=0.0000, AUC=0.0000

========== Evaluation Summary (All Test Records) ==========

Dataset: TN3K
Eval epochs: [5, 10, 15, 20, 25, 30, 35, 40, 45, 50]
Dice per eval: [0.7477999925613403, 0.7591000199317932, 0.772599995136261, 0.7742999792098999, 0.777400016784668, 0.7911999821662903, 0.7843000292778015, 0.7886000275611877, 0.7910000085830688, 0.7918999791145325]
HD95 per eval: [10.58549976348877, 9.948699951171875, 9.222900390625, 9.475600242614746, 8.640299797058105, 8.092100143432617, 8.489500045776367, 8.637900352478027, 8.3681001663208, 8.336799621582031]
Best Dice: 0.7919 at epoch 50
Best HD95: 8.0921 at epoch 30

BM metrics per eval:
  Acc:  [0.6562, 0.7295, 0.6513, 0.6565, 0.6497, 0.7184, 0.6874, 0.7151, 0.7232, 0.7217]
  Prec: [0.532, 0.639, 0.5295, 0.5336, 0.5276, 0.6043, 0.5681, 0.6037, 0.6126, 0.6122]
  Rec:  [0.8808, 0.682, 0.8387, 0.8476, 0.8511, 0.7752, 0.7798, 0.754, 0.7625, 0.7539]
  F1:   [0.663, 0.6593, 0.6487, 0.6545, 0.651, 0.6787, 0.6569, 0.6701, 0.679, 0.6753]
  AUROC:[0.8192, 0.803, 0.7994, 0.7887, 0.7792, 0.8035, 0.7937, 0.7988, 0.8012, 0.8011]
  AUPRC:[0.7391, 0.7312, 0.7339, 0.7123, 0.6886, 0.7389, 0.729, 0.7364, 0.7301, 0.7324]
Best BM F1: 0.6790 at epoch 45

TI-RADS metrics per eval:
  Acc:  [0.0, 0.0, 0.0, 0.0, 0.0, 0.0, 0.0, 0.0, 0.0, 0.0]
  Prec: [0.0, 0.0, 0.0, 0.0, 0.0, 0.0, 0.0, 0.0, 0.0, 0.0]
  Rec:  [0.0, 0.0, 0.0, 0.0, 0.0, 0.0, 0.0, 0.0, 0.0, 0.0]
  F1:   [0.0, 0.0, 0.0, 0.0, 0.0, 0.0, 0.0, 0.0, 0.0, 0.0]
  AUC:  [0.0, 0.0, 0.0, 0.0, 0.0, 0.0, 0.0, 0.0, 0.0, 0.0]
Best TI-RADS F1: 0.0000 at epoch 5

Dataset: DDTI
Eval epochs: [5, 10, 15, 20, 25, 30, 35, 40, 45, 50]
Dice per eval: [0.7412999868392944, 0.7401000261306763, 0.7372999787330627, 0.7322999835014343, 0.7318000197410583, 0.7433000206947327, 0.7427999973297119, 0.7414000034332275, 0.7402999997138977, 0.7397000193595886]
HD95 per eval: [11.490300178527832, 11.898799896240234, 11.607600212097168, 12.465399742126465, 12.05739974975586, 11.641799926757812, 11.772899627685547, 11.679200172424316, 11.868000030517578, 11.871899604797363]
Best Dice: 0.7433 at epoch 30
Best HD95: 11.4903 at epoch 5

BM metrics per eval:
  Acc:  [0.0, 0.0, 0.0, 0.0, 0.0, 0.0, 0.0, 0.0, 0.0, 0.0]
  Prec: [0.0, 0.0, 0.0, 0.0, 0.0, 0.0, 0.0, 0.0, 0.0, 0.0]
  Rec:  [0.0, 0.0, 0.0, 0.0, 0.0, 0.0, 0.0, 0.0, 0.0, 0.0]
  F1:   [0.0, 0.0, 0.0, 0.0, 0.0, 0.0, 0.0, 0.0, 0.0, 0.0]
  AUROC:[0.0, 0.0, 0.0, 0.0, 0.0, 0.0, 0.0, 0.0, 0.0, 0.0]
  AUPRC:[0.0, 0.0, 0.0, 0.0, 0.0, 0.0, 0.0, 0.0, 0.0, 0.0]
Best BM F1: 0.0000 at epoch 5

TI-RADS metrics per eval:
  Acc:  [0.0, 0.0, 0.0, 0.0, 0.0, 0.0, 0.0, 0.0, 0.0, 0.0]
  Prec: [0.0, 0.0, 0.0, 0.0, 0.0, 0.0, 0.0, 0.0, 0.0, 0.0]
  Rec:  [0.0, 0.0, 0.0, 0.0, 0.0, 0.0, 0.0, 0.0, 0.0, 0.0]
  F1:   [0.0, 0.0, 0.0, 0.0, 0.0, 0.0, 0.0, 0.0, 0.0, 0.0]
  AUC:  [0.0, 0.0, 0.0, 0.0, 0.0, 0.0, 0.0, 0.0, 0.0, 0.0]
Best TI-RADS F1: 0.0000 at epoch 5

Dataset: ThyroidXL
Eval epochs: [5, 10, 15, 20, 25, 30, 35, 40, 45, 50]
Dice per eval: [0.8004000186920166, 0.808899998664856, 0.8216999769210815, 0.8288999795913696, 0.8296999931335449, 0.8345000147819519, 0.8360000252723694, 0.8378999829292297, 0.8398000001907349, 0.8414000272750854]
HD95 per eval: [5.661399841308594, 5.49429988861084, 4.964700222015381, 4.690299987792969, 4.672900199890137, 4.608699798583984, 4.4481000900268555, 4.4359002113342285, 4.380799770355225, 4.348499774932861]
Best Dice: 0.8414 at epoch 50
Best HD95: 4.3485 at epoch 50

BM metrics per eval:
  Acc:  [0.8087, 0.7438, 0.8119, 0.8256, 0.8212, 0.813, 0.8213, 0.8261, 0.818, 0.8262]
  Prec: [0.7455, 0.8836, 0.8254, 0.8266, 0.8024, 0.8754, 0.8541, 0.8679, 0.8852, 0.8726]
  Rec:  [0.8927, 0.5163, 0.7545, 0.7904, 0.8159, 0.6965, 0.742, 0.7378, 0.6986, 0.7326]
  F1:   [0.8125, 0.6517, 0.7883, 0.808, 0.809, 0.7757, 0.794, 0.7975, 0.7808, 0.7964]
  AUROC:[0.8963, 0.8978, 0.8938, 0.9066, 0.902, 0.909, 0.908, 0.9126, 0.9075, 0.9092]
  AUPRC:[0.871, 0.8636, 0.8708, 0.8883, 0.8805, 0.8913, 0.8938, 0.8968, 0.8904, 0.8931]
Best BM F1: 0.8125 at epoch 5

TI-RADS metrics per eval:
  Acc:  [0.0, 0.0, 0.0, 0.0, 0.0, 0.0, 0.0, 0.0, 0.0, 0.0]
  Prec: [0.0, 0.0, 0.0, 0.0, 0.0, 0.0, 0.0, 0.0, 0.0, 0.0]
  Rec:  [0.0, 0.0, 0.0, 0.0, 0.0, 0.0, 0.0, 0.0, 0.0, 0.0]
  F1:   [0.0, 0.0, 0.0, 0.0, 0.0, 0.0, 0.0, 0.0, 0.0, 0.0]
  AUC:  [0.0, 0.0, 0.0, 0.0, 0.0, 0.0, 0.0, 0.0, 0.0, 0.0]
Best TI-RADS F1: 0.0000 at epoch 5

Dataset: PKTN
Eval epochs: [5, 10, 15, 20, 25, 30, 35, 40, 45, 50]
Dice per eval: [0.666100025177002, 0.7003999948501587, 0.7159000039100647, 0.730400025844574, 0.7268000245094299, 0.7282999753952026, 0.7391999959945679, 0.7414000034332275, 0.7441999912261963, 0.7476000189781189]
HD95 per eval: [12.206500053405762, 10.890199661254883, 10.615300178527832, 9.724100112915039, 9.811800003051758, 10.119500160217285, 9.376899719238281, 9.592499732971191, 9.492799758911133, 9.23840045928955]
Best Dice: 0.7476 at epoch 50
Best HD95: 9.2384 at epoch 50

BM metrics per eval:
  Acc:  [0.0, 0.0, 0.0, 0.0, 0.0, 0.0, 0.0, 0.0, 0.0, 0.0]
  Prec: [0.0, 0.0, 0.0, 0.0, 0.0, 0.0, 0.0, 0.0, 0.0, 0.0]
  Rec:  [0.0, 0.0, 0.0, 0.0, 0.0, 0.0, 0.0, 0.0, 0.0, 0.0]
  F1:   [0.0, 0.0, 0.0, 0.0, 0.0, 0.0, 0.0, 0.0, 0.0, 0.0]
  AUROC:[0.0, 0.0, 0.0, 0.0, 0.0, 0.0, 0.0, 0.0, 0.0, 0.0]
  AUPRC:[0.0, 0.0, 0.0, 0.0, 0.0, 0.0, 0.0, 0.0, 0.0, 0.0]
Best BM F1: 0.0000 at epoch 5

TI-RADS metrics per eval:
  Acc:  [0.0, 0.0, 0.0, 0.0, 0.0, 0.0, 0.0, 0.0, 0.0, 0.0]
  Prec: [0.0, 0.0, 0.0, 0.0, 0.0, 0.0, 0.0, 0.0, 0.0, 0.0]
  Rec:  [0.0, 0.0, 0.0, 0.0, 0.0, 0.0, 0.0, 0.0, 0.0, 0.0]
  F1:   [0.0, 0.0, 0.0, 0.0, 0.0, 0.0, 0.0, 0.0, 0.0, 0.0]
  AUC:  [0.0, 0.0, 0.0, 0.0, 0.0, 0.0, 0.0, 0.0, 0.0, 0.0]
Best TI-RADS F1: 0.0000 at epoch 5

Dataset: TN5K
Eval epochs: [5, 10, 15, 20, 25, 30, 35, 40, 45, 50]
Dice per eval: [0.6380000114440918, 0.6758999824523926, 0.6956999897956848, 0.7070000171661377, 0.714900016784668, 0.7268999814987183, 0.7264999747276306, 0.732200026512146, 0.736299991607666, 0.7379999756813049]
HD95 per eval: [10.448800086975098, 9.057000160217285, 8.493200302124023, 8.279500007629395, 7.840000152587891, 7.546899795532227, 7.63670015335083, 7.535699844360352, 7.241000175476074, 7.1508002281188965]
Best Dice: 0.7380 at epoch 50
Best HD95: 7.1508 at epoch 50

BM metrics per eval:
  Acc:  [0.7983, 0.8599, 0.8461, 0.8593, 0.8612, 0.8751, 0.8571, 0.8738, 0.8809, 0.8819]
  Prec: [0.7938, 0.8967, 0.8498, 0.8574, 0.8758, 0.9008, 0.8839, 0.9059, 0.9091, 0.9125]
  Rec:  [0.9781, 0.9136, 0.959, 0.9688, 0.944, 0.9317, 0.9262, 0.9232, 0.93, 0.9273]
  F1:   [0.8763, 0.905, 0.9011, 0.9096, 0.9085, 0.916, 0.9045, 0.9144, 0.9194, 0.9198]
  AUROC:[0.8787, 0.8874, 0.9109, 0.9115, 0.9027, 0.9192, 0.9081, 0.9183, 0.9159, 0.9185]
  AUPRC:[0.9411, 0.9441, 0.9598, 0.962, 0.9566, 0.9666, 0.9598, 0.9645, 0.963, 0.9644]
Best BM F1: 0.9198 at epoch 50

TI-RADS metrics per eval:
  Acc:  [0.0, 0.0, 0.0, 0.0, 0.0, 0.0, 0.0, 0.0, 0.0, 0.0]
  Prec: [0.0, 0.0, 0.0, 0.0, 0.0, 0.0, 0.0, 0.0, 0.0, 0.0]
  Rec:  [0.0, 0.0, 0.0, 0.0, 0.0, 0.0, 0.0, 0.0, 0.0, 0.0]
  F1:   [0.0, 0.0, 0.0, 0.0, 0.0, 0.0, 0.0, 0.0, 0.0, 0.0]
  AUC:  [0.0, 0.0, 0.0, 0.0, 0.0, 0.0, 0.0, 0.0, 0.0, 0.0]
Best TI-RADS F1: 0.0000 at epoch 5

==========================================================

========== Training Completed ==========
Training completed at Mon Jan 12 22:15:39 2026
