Training started at Fri Dec 19 12:16:38 2025
Method: dino_unet
Dataset: train_multitask_dataset2
Epochs: 30
LR: 0.0001
Batch Size: 12
Training set - Benign/Malignant: Benign=9383 (65.73%), Malignant=4891 (34.27%)
Auto-adjusted tau=0.70 (imbalance_ratio=1.92)
GLA parameters: p_benign=0.6573, p_malignant=0.3427, tau=0.70
Logit adjustment magnitude: 0.4561
Training set - TI-RADS distribution: [0, 0, 0, 0, 0]
TI-RADS probabilities: [0.20000000298023224, 0.20000000298023224, 0.20000000298023224, 0.20000000298023224, 0.20000000298023224]
Loss weights: seg=1.0, bm=1.0, tirads=1.0
GA-MTL schedule per optimizer step: ['seg', 'bm']
steps_per_epoch (optimizer steps): 594
Epoch:1: seg_loss(avg):0.6858, bm_loss(avg):0.6529, tirads_loss(avg):0.0000
Epoch:2: seg_loss(avg):0.4870, bm_loss(avg):0.4781, tirads_loss(avg):0.0000
Epoch:3: seg_loss(avg):0.4607, bm_loss(avg):0.4162, tirads_loss(avg):0.0000
Epoch:4: seg_loss(avg):0.4461, bm_loss(avg):0.3774, tirads_loss(avg):0.0000
Epoch:5: seg_loss(avg):0.4371, bm_loss(avg):0.3647, tirads_loss(avg):0.0000
Saved checkpoint at epoch 5

Validating epoch 5 on all test datasets...
Testing on TN3K...
  TN3K - Dice: 0.8678, HD95: 14.9615
  TN3K - BM: Acc=0.7524, Prec=0.7308, Rec=0.5636, F1=0.6364, AUROC=0.7916, AUPRC=0.7218
  TN3K - TI-RADS: Acc=0.0000, Prec=0.0000, Rec=0.0000, F1=0.0000, AUC=0.0000
Testing on DDTI...
  DDTI - Dice: 0.7885, HD95: 21.4225
  DDTI - BM: Acc=0.0000, Prec=0.0000, Rec=0.0000, F1=0.0000, AUROC=0.0000, AUPRC=0.0000
  DDTI - TI-RADS: Acc=0.0000, Prec=0.0000, Rec=0.0000, F1=0.0000, AUC=0.0000
Testing on ThyroidXL...
  ThyroidXL - Dice: 0.8741, HD95: 6.8989
  ThyroidXL - BM: Acc=0.7957, Prec=0.9083, Rec=0.6227, F1=0.7388, AUROC=0.9289, AUPRC=0.9076
  ThyroidXL - TI-RADS: Acc=0.0000, Prec=0.0000, Rec=0.0000, F1=0.0000, AUC=0.0000
Testing on PKTN...
  PKTN - Dice: 0.7766, HD95: 18.2260
  PKTN - BM: Acc=0.0000, Prec=0.0000, Rec=0.0000, F1=0.0000, AUROC=0.0000, AUPRC=0.0000
  PKTN - TI-RADS: Acc=0.0000, Prec=0.0000, Rec=0.0000, F1=0.0000, AUC=0.0000
Testing on TN5K...
  TN5K - Dice: 0.7314, HD95: 19.8593
  TN5K - BM: Acc=0.7840, Prec=0.9372, Rec=0.7551, F1=0.8364, AUROC=0.8889, AUPRC=0.9557
  TN5K - TI-RADS: Acc=0.0000, Prec=0.0000, Rec=0.0000, F1=0.0000, AUC=0.0000
Epoch:6: seg_loss(avg):0.4255, bm_loss(avg):0.3329, tirads_loss(avg):0.0000
Epoch:7: seg_loss(avg):0.4157, bm_loss(avg):0.3126, tirads_loss(avg):0.0000
Epoch:8: seg_loss(avg):0.4129, bm_loss(avg):0.2911, tirads_loss(avg):0.0000
Epoch:9: seg_loss(avg):0.4066, bm_loss(avg):0.2656, tirads_loss(avg):0.0000
Epoch:10: seg_loss(avg):0.3993, bm_loss(avg):0.2526, tirads_loss(avg):0.0000
Saved checkpoint at epoch 10

Validating epoch 10 on all test datasets...
Testing on TN3K...
  TN3K - Dice: 0.8616, HD95: 13.6295
  TN3K - BM: Acc=0.7199, Prec=0.6151, Rec=0.7246, F1=0.6654, AUROC=0.8007, AUPRC=0.7444
  TN3K - TI-RADS: Acc=0.0000, Prec=0.0000, Rec=0.0000, F1=0.0000, AUC=0.0000
Testing on DDTI...
  DDTI - Dice: 0.8135, HD95: 17.3186
  DDTI - BM: Acc=0.0000, Prec=0.0000, Rec=0.0000, F1=0.0000, AUROC=0.0000, AUPRC=0.0000
  DDTI - TI-RADS: Acc=0.0000, Prec=0.0000, Rec=0.0000, F1=0.0000, AUC=0.0000
Testing on ThyroidXL...
  ThyroidXL - Dice: 0.8785, HD95: 6.3809
  ThyroidXL - BM: Acc=0.8359, Prec=0.8183, Rec=0.8309, F1=0.8246, AUROC=0.9173, AUPRC=0.8928
  ThyroidXL - TI-RADS: Acc=0.0000, Prec=0.0000, Rec=0.0000, F1=0.0000, AUC=0.0000
Testing on PKTN...
  PKTN - Dice: 0.7992, HD95: 14.7266
  PKTN - BM: Acc=0.0000, Prec=0.0000, Rec=0.0000, F1=0.0000, AUROC=0.0000, AUPRC=0.0000
  PKTN - TI-RADS: Acc=0.0000, Prec=0.0000, Rec=0.0000, F1=0.0000, AUC=0.0000
Testing on TN5K...
  TN5K - Dice: 0.7661, HD95: 15.4327
  TN5K - BM: Acc=0.8370, Prec=0.8966, Rec=0.8782, F1=0.8874, AUROC=0.8749, AUPRC=0.9451
  TN5K - TI-RADS: Acc=0.0000, Prec=0.0000, Rec=0.0000, F1=0.0000, AUC=0.0000
Epoch:11: seg_loss(avg):0.3954, bm_loss(avg):0.2437, tirads_loss(avg):0.0000
Epoch:12: seg_loss(avg):0.3853, bm_loss(avg):0.2125, tirads_loss(avg):0.0000
Epoch:13: seg_loss(avg):0.3872, bm_loss(avg):0.2007, tirads_loss(avg):0.0000
Epoch:14: seg_loss(avg):0.3828, bm_loss(avg):0.1815, tirads_loss(avg):0.0000
Epoch:15: seg_loss(avg):0.3789, bm_loss(avg):0.1706, tirads_loss(avg):0.0000
Saved checkpoint at epoch 15

Validating epoch 15 on all test datasets...
Testing on TN3K...
  TN3K - Dice: 0.8758, HD95: 11.8295
  TN3K - BM: Acc=0.7296, Prec=0.6215, Rec=0.7585, F1=0.6832, AUROC=0.7820, AUPRC=0.6970
  TN3K - TI-RADS: Acc=0.0000, Prec=0.0000, Rec=0.0000, F1=0.0000, AUC=0.0000
Testing on DDTI...
  DDTI - Dice: 0.7907, HD95: 22.1969
  DDTI - BM: Acc=0.0000, Prec=0.0000, Rec=0.0000, F1=0.0000, AUROC=0.0000, AUPRC=0.0000
  DDTI - TI-RADS: Acc=0.0000, Prec=0.0000, Rec=0.0000, F1=0.0000, AUC=0.0000
Testing on ThyroidXL...
  ThyroidXL - Dice: 0.8831, HD95: 6.0521
  ThyroidXL - BM: Acc=0.8330, Prec=0.8736, Rec=0.7485, F1=0.8062, AUROC=0.9327, AUPRC=0.9143
  ThyroidXL - TI-RADS: Acc=0.0000, Prec=0.0000, Rec=0.0000, F1=0.0000, AUC=0.0000
Testing on PKTN...
  PKTN - Dice: 0.7987, HD95: 15.6656
  PKTN - BM: Acc=0.0000, Prec=0.0000, Rec=0.0000, F1=0.0000, AUROC=0.0000, AUPRC=0.0000
  PKTN - TI-RADS: Acc=0.0000, Prec=0.0000, Rec=0.0000, F1=0.0000, AUC=0.0000
Testing on TN5K...
  TN5K - Dice: 0.7696, HD95: 15.4306
  TN5K - BM: Acc=0.8140, Prec=0.8728, Rec=0.8728, F1=0.8728, AUROC=0.8552, AUPRC=0.9399
  TN5K - TI-RADS: Acc=0.0000, Prec=0.0000, Rec=0.0000, F1=0.0000, AUC=0.0000
Epoch:16: seg_loss(avg):0.3736, bm_loss(avg):0.1547, tirads_loss(avg):0.0000
Epoch:17: seg_loss(avg):0.3637, bm_loss(avg):0.1355, tirads_loss(avg):0.0000
Epoch:18: seg_loss(avg):0.3597, bm_loss(avg):0.1165, tirads_loss(avg):0.0000
Epoch:19: seg_loss(avg):0.3592, bm_loss(avg):0.1083, tirads_loss(avg):0.0000
Epoch:20: seg_loss(avg):0.3526, bm_loss(avg):0.0961, tirads_loss(avg):0.0000
Saved checkpoint at epoch 20

Validating epoch 20 on all test datasets...
Testing on TN3K...
  TN3K - Dice: 0.8718, HD95: 12.7575
  TN3K - BM: Acc=0.7296, Prec=0.6199, Rec=0.7669, F1=0.6856, AUROC=0.7867, AUPRC=0.7081
  TN3K - TI-RADS: Acc=0.0000, Prec=0.0000, Rec=0.0000, F1=0.0000, AUC=0.0000
Testing on DDTI...
  DDTI - Dice: 0.7799, HD95: 22.4814
  DDTI - BM: Acc=0.0000, Prec=0.0000, Rec=0.0000, F1=0.0000, AUROC=0.0000, AUPRC=0.0000
  DDTI - TI-RADS: Acc=0.0000, Prec=0.0000, Rec=0.0000, F1=0.0000, AUC=0.0000
Testing on ThyroidXL...
  ThyroidXL - Dice: 0.8863, HD95: 6.0313
  ThyroidXL - BM: Acc=0.8440, Prec=0.8448, Rec=0.8134, F1=0.8288, AUROC=0.9253, AUPRC=0.9128
  ThyroidXL - TI-RADS: Acc=0.0000, Prec=0.0000, Rec=0.0000, F1=0.0000, AUC=0.0000
Testing on PKTN...
  PKTN - Dice: 0.8115, HD95: 14.0127
  PKTN - BM: Acc=0.0000, Prec=0.0000, Rec=0.0000, F1=0.0000, AUROC=0.0000, AUPRC=0.0000
  PKTN - TI-RADS: Acc=0.0000, Prec=0.0000, Rec=0.0000, F1=0.0000, AUC=0.0000
Testing on TN5K...
  TN5K - Dice: 0.7729, HD95: 14.3231
  TN5K - BM: Acc=0.8080, Prec=0.8834, Rec=0.8495, F1=0.8661, AUROC=0.8422, AUPRC=0.9264
  TN5K - TI-RADS: Acc=0.0000, Prec=0.0000, Rec=0.0000, F1=0.0000, AUC=0.0000
Epoch:21: seg_loss(avg):0.3480, bm_loss(avg):0.0824, tirads_loss(avg):0.0000
Epoch:22: seg_loss(avg):0.3463, bm_loss(avg):0.0747, tirads_loss(avg):0.0000
Epoch:23: seg_loss(avg):0.3425, bm_loss(avg):0.0669, tirads_loss(avg):0.0000
Epoch:24: seg_loss(avg):0.3398, bm_loss(avg):0.0575, tirads_loss(avg):0.0000
Epoch:25: seg_loss(avg):0.3388, bm_loss(avg):0.0534, tirads_loss(avg):0.0000
Saved checkpoint at epoch 25

Validating epoch 25 on all test datasets...
Testing on TN3K...
  TN3K - Dice: 0.8778, HD95: 12.1634
  TN3K - BM: Acc=0.6971, Prec=0.5817, Rec=0.7542, F1=0.6568, AUROC=0.7672, AUPRC=0.6974
  TN3K - TI-RADS: Acc=0.0000, Prec=0.0000, Rec=0.0000, F1=0.0000, AUC=0.0000
Testing on DDTI...
  DDTI - Dice: 0.7895, HD95: 20.5414
  DDTI - BM: Acc=0.0000, Prec=0.0000, Rec=0.0000, F1=0.0000, AUROC=0.0000, AUPRC=0.0000
  DDTI - TI-RADS: Acc=0.0000, Prec=0.0000, Rec=0.0000, F1=0.0000, AUC=0.0000
Testing on ThyroidXL...
  ThyroidXL - Dice: 0.8888, HD95: 5.8052
  ThyroidXL - BM: Acc=0.8469, Prec=0.8851, Rec=0.7701, F1=0.8236, AUROC=0.9270, AUPRC=0.9140
  ThyroidXL - TI-RADS: Acc=0.0000, Prec=0.0000, Rec=0.0000, F1=0.0000, AUC=0.0000
Testing on PKTN...
  PKTN - Dice: 0.8150, HD95: 13.4405
  PKTN - BM: Acc=0.0000, Prec=0.0000, Rec=0.0000, F1=0.0000, AUROC=0.0000, AUPRC=0.0000
  PKTN - TI-RADS: Acc=0.0000, Prec=0.0000, Rec=0.0000, F1=0.0000, AUC=0.0000
Testing on TN5K...
  TN5K - Dice: 0.7818, HD95: 14.1614
  TN5K - BM: Acc=0.7910, Prec=0.9028, Rec=0.8003, F1=0.8484, AUROC=0.8498, AUPRC=0.9365
  TN5K - TI-RADS: Acc=0.0000, Prec=0.0000, Rec=0.0000, F1=0.0000, AUC=0.0000
Epoch:26: seg_loss(avg):0.3334, bm_loss(avg):0.0515, tirads_loss(avg):0.0000
Epoch:27: seg_loss(avg):0.3331, bm_loss(avg):0.0462, tirads_loss(avg):0.0000
Epoch:28: seg_loss(avg):0.3302, bm_loss(avg):0.0439, tirads_loss(avg):0.0000
Epoch:29: seg_loss(avg):0.3298, bm_loss(avg):0.0360, tirads_loss(avg):0.0000
Epoch:30: seg_loss(avg):0.3312, bm_loss(avg):0.0366, tirads_loss(avg):0.0000
Saved checkpoint at epoch 30

Validating epoch 30 on all test datasets...
Testing on TN3K...
  TN3K - Dice: 0.8778, HD95: 12.0046
  TN3K - BM: Acc=0.7052, Prec=0.5914, Rec=0.7542, F1=0.6629, AUROC=0.7704, AUPRC=0.7043
  TN3K - TI-RADS: Acc=0.0000, Prec=0.0000, Rec=0.0000, F1=0.0000, AUC=0.0000
Testing on DDTI...
  DDTI - Dice: 0.7795, HD95: 21.9507
  DDTI - BM: Acc=0.0000, Prec=0.0000, Rec=0.0000, F1=0.0000, AUROC=0.0000, AUPRC=0.0000
  DDTI - TI-RADS: Acc=0.0000, Prec=0.0000, Rec=0.0000, F1=0.0000, AUC=0.0000
Testing on ThyroidXL...
  ThyroidXL - Dice: 0.8896, HD95: 5.8553
  ThyroidXL - BM: Acc=0.8464, Prec=0.8924, Rec=0.7608, F1=0.8214, AUROC=0.9279, AUPRC=0.9149
  ThyroidXL - TI-RADS: Acc=0.0000, Prec=0.0000, Rec=0.0000, F1=0.0000, AUC=0.0000
Testing on PKTN...
  PKTN - Dice: 0.8158, HD95: 13.1242
  PKTN - BM: Acc=0.0000, Prec=0.0000, Rec=0.0000, F1=0.0000, AUROC=0.0000, AUPRC=0.0000
  PKTN - TI-RADS: Acc=0.0000, Prec=0.0000, Rec=0.0000, F1=0.0000, AUC=0.0000
Testing on TN5K...
  TN5K - Dice: 0.7818, HD95: 14.0244
  TN5K - BM: Acc=0.7970, Prec=0.8988, Rec=0.8140, F1=0.8543, AUROC=0.8440, AUPRC=0.9307
  TN5K - TI-RADS: Acc=0.0000, Prec=0.0000, Rec=0.0000, F1=0.0000, AUC=0.0000

========== Training Completed ==========
Training completed at Fri Dec 19 13:47:32 2025
