Training started at Fri Jan 30 22:25:05 2026
Method: dino_unet
Dataset: gamtl_train_multitask_dataset_4
Epochs: 50
LR: 0.0001
Batch Size: 12
Image Size: 224 x 224
DINO pretrained: True
Use Dilation: True
Training set - Benign/Malignant: Benign=18138 (70.97%), Malignant=7419 (29.03%)
Auto-adjusted tau=0.70 (imbalance_ratio=2.44)
GLA parameters: p_benign=0.7097, p_malignant=0.2903, tau=0.70
Logit adjustment magnitude: 0.6258
Training set - TI-RADS distribution (1-5): [30, 544, 3013, 4304, 2557]
TI-RADS probabilities: [0.0028713629581034184, 0.05206738039851189, 0.28838056325912476, 0.4119448661804199, 0.24473583698272705]
Loss weights: seg=1.0, bm=1.0, tirads=1.0
GA-MTL schedule per optimizer step: ['seg', 'bm', 'tirads']
steps_per_epoch (optimizer steps): 709
Epoch:1: seg_loss(avg):0.7161, bm_loss(avg):0.6726, tirads_loss(avg):1.1904
Epoch:2: seg_loss(avg):0.5571, bm_loss(avg):0.5036, tirads_loss(avg):0.9080
Epoch:3: seg_loss(avg):0.5720, bm_loss(avg):0.4639, tirads_loss(avg):0.7817
Epoch:4: seg_loss(avg):0.5106, bm_loss(avg):0.3912, tirads_loss(avg):0.4945
Epoch:5: seg_loss(avg):0.4919, bm_loss(avg):0.3482, tirads_loss(avg):0.3033
Saved checkpoint at epoch 5
Epoch:6: seg_loss(avg):0.4785, bm_loss(avg):0.3137, tirads_loss(avg):0.1827
Epoch:7: seg_loss(avg):0.4594, bm_loss(avg):0.2796, tirads_loss(avg):0.1346
Epoch:8: seg_loss(avg):0.4657, bm_loss(avg):0.2770, tirads_loss(avg):0.1464
Epoch:9: seg_loss(avg):0.4392, bm_loss(avg):0.2649, tirads_loss(avg):0.0741
Epoch:10: seg_loss(avg):0.4351, bm_loss(avg):0.2402, tirads_loss(avg):0.0744
Saved checkpoint at epoch 10
Epoch:11: seg_loss(avg):0.4364, bm_loss(avg):0.2495, tirads_loss(avg):0.1036
Epoch:12: seg_loss(avg):0.4224, bm_loss(avg):0.2301, tirads_loss(avg):0.0644
Epoch:13: seg_loss(avg):0.4182, bm_loss(avg):0.2147, tirads_loss(avg):0.0708
Epoch:14: seg_loss(avg):0.4059, bm_loss(avg):0.2120, tirads_loss(avg):0.0193
Epoch:15: seg_loss(avg):0.4067, bm_loss(avg):0.2133, tirads_loss(avg):0.0375
Saved checkpoint at epoch 15
Epoch:16: seg_loss(avg):0.3935, bm_loss(avg):0.1938, tirads_loss(avg):0.0270
Epoch:17: seg_loss(avg):0.3926, bm_loss(avg):0.1887, tirads_loss(avg):0.0279
Epoch:18: seg_loss(avg):0.3900, bm_loss(avg):0.1848, tirads_loss(avg):0.0312
Epoch:19: seg_loss(avg):0.3830, bm_loss(avg):0.1745, tirads_loss(avg):0.0247
Epoch:20: seg_loss(avg):0.3662, bm_loss(avg):0.1655, tirads_loss(avg):0.0028
Saved checkpoint at epoch 20
Epoch:21: seg_loss(avg):0.3735, bm_loss(avg):0.1622, tirads_loss(avg):0.0460
Epoch:22: seg_loss(avg):0.3643, bm_loss(avg):0.1577, tirads_loss(avg):0.0273
Epoch:23: seg_loss(avg):0.3568, bm_loss(avg):0.1489, tirads_loss(avg):0.0142
Epoch:24: seg_loss(avg):0.3518, bm_loss(avg):0.1364, tirads_loss(avg):0.0069
Epoch:25: seg_loss(avg):0.3427, bm_loss(avg):0.1332, tirads_loss(avg):0.0048
Saved checkpoint at epoch 25
Epoch:26: seg_loss(avg):0.3380, bm_loss(avg):0.1259, tirads_loss(avg):0.0075
Epoch:27: seg_loss(avg):0.3312, bm_loss(avg):0.1198, tirads_loss(avg):0.0050
Epoch:28: seg_loss(avg):0.3326, bm_loss(avg):0.1163, tirads_loss(avg):0.0046
Epoch:29: seg_loss(avg):0.3250, bm_loss(avg):0.1057, tirads_loss(avg):0.0011
Epoch:30: seg_loss(avg):0.3210, bm_loss(avg):0.0997, tirads_loss(avg):0.0036
Saved checkpoint at epoch 30
Epoch:31: seg_loss(avg):0.3170, bm_loss(avg):0.0983, tirads_loss(avg):0.0034
Epoch:32: seg_loss(avg):0.3114, bm_loss(avg):0.0838, tirads_loss(avg):0.0022
Epoch:33: seg_loss(avg):0.3071, bm_loss(avg):0.0779, tirads_loss(avg):0.0030
Epoch:34: seg_loss(avg):0.3066, bm_loss(avg):0.0784, tirads_loss(avg):0.0041
Epoch:35: seg_loss(avg):0.2967, bm_loss(avg):0.0673, tirads_loss(avg):0.0020
Saved checkpoint at epoch 35
Epoch:36: seg_loss(avg):0.2963, bm_loss(avg):0.0616, tirads_loss(avg):0.0017
Epoch:37: seg_loss(avg):0.2914, bm_loss(avg):0.0621, tirads_loss(avg):0.0020
Epoch:38: seg_loss(avg):0.2892, bm_loss(avg):0.0513, tirads_loss(avg):0.0014
Epoch:39: seg_loss(avg):0.2867, bm_loss(avg):0.0427, tirads_loss(avg):0.0015
Epoch:40: seg_loss(avg):0.2827, bm_loss(avg):0.0452, tirads_loss(avg):0.0023
Saved checkpoint at epoch 40
Epoch:41: seg_loss(avg):0.2826, bm_loss(avg):0.0388, tirads_loss(avg):0.0024
Epoch:42: seg_loss(avg):0.2803, bm_loss(avg):0.0355, tirads_loss(avg):0.0012
Epoch:43: seg_loss(avg):0.2795, bm_loss(avg):0.0397, tirads_loss(avg):0.0012
Epoch:44: seg_loss(avg):0.2738, bm_loss(avg):0.0358, tirads_loss(avg):0.0003
Epoch:45: seg_loss(avg):0.2718, bm_loss(avg):0.0300, tirads_loss(avg):0.0014
Saved checkpoint at epoch 45
Epoch:46: seg_loss(avg):0.2738, bm_loss(avg):0.0311, tirads_loss(avg):0.0003
Epoch:47: seg_loss(avg):0.2729, bm_loss(avg):0.0276, tirads_loss(avg):0.0003
Epoch:48: seg_loss(avg):0.2722, bm_loss(avg):0.0238, tirads_loss(avg):0.0017
Epoch:49: seg_loss(avg):0.2736, bm_loss(avg):0.0261, tirads_loss(avg):0.0008
Epoch:50: seg_loss(avg):0.2727, bm_loss(avg):0.0331, tirads_loss(avg):0.0024
Saved checkpoint at epoch 50

Validating epoch 50 on all test datasets...
Testing on TN3K...
  TN3K - Dice: 0.8107, HD95: 15.2196
  TN3K - BM: Acc=0.8166, Prec=0.7995, Rec=0.8283, F1=0.8135, AUROC=0.8962, AUPRC=0.9015
  TN3K - TI-RADS: Acc=0.0000, Prec=0.0000, Rec=0.0000, F1=0.0000, AUC=0.0000
Testing on DDTI...
  DDTI - Dice: 0.7890, HD95: 16.2275
  DDTI - BM: Acc=0.0000, Prec=0.0000, Rec=0.0000, F1=0.0000, AUROC=0.0000, AUPRC=0.0000
  DDTI - TI-RADS: Acc=0.0000, Prec=0.0000, Rec=0.0000, F1=0.0000, AUC=0.0000
Testing on ThyroidXL...
  ThyroidXL - Dice: 0.8795, HD95: 5.0831
  ThyroidXL - BM: Acc=0.8847, Prec=0.7942, Rec=0.7714, F1=0.7824, AUROC=0.9369, AUPRC=0.8613
  ThyroidXL - TI-RADS: Acc=0.0000, Prec=0.0000, Rec=0.0000, F1=0.0000, AUC=0.0000
Testing on PKTN...
  PKTN - Dice: 0.7852, HD95: 12.4618
  PKTN - BM: Acc=0.0000, Prec=0.0000, Rec=0.0000, F1=0.0000, AUROC=0.0000, AUPRC=0.0000
  PKTN - TI-RADS: Acc=0.0000, Prec=0.0000, Rec=0.0000, F1=0.0000, AUC=0.0000
Testing on TN5K...
  TN5K - Dice: 0.8031, HD95: 9.2216
  TN5K - BM: Acc=0.8806, Prec=0.8970, Rec=0.9383, F1=0.9171, AUROC=0.9371, AUPRC=0.9727
  TN5K - TI-RADS: Acc=0.0000, Prec=0.0000, Rec=0.0000, F1=0.0000, AUC=0.0000
Testing on Cine-Clip...
  Cine-Clip - Dice: 0.9216, HD95: 2.1625
  Cine-Clip - BM: Acc=0.9994, Prec=0.9951, Rec=1.0000, F1=0.9976, AUROC=1.0000, AUPRC=1.0000
  Cine-Clip - TI-RADS: Acc=0.9994, Prec=0.9995, Rec=0.9996, F1=0.9996, AUC=1.0000

========== Evaluation Summary (All Test Records) ==========

Dataset: TN3K
Eval epochs: [50]
Dice per eval: [0.810699999332428]
HD95 per eval: [15.219599723815918]
Best Dice: 0.8107 at epoch 50
Best HD95: 15.2196 at epoch 50

BM metrics per eval:
  Acc:  [0.8166]
  Prec: [0.7995]
  Rec:  [0.8283]
  F1:   [0.8135]
  AUROC:[0.8962]
  AUPRC:[0.9015]
Best BM F1: 0.8135 at epoch 50

TI-RADS metrics per eval:
  Acc:  [0.0]
  Prec: [0.0]
  Rec:  [0.0]
  F1:   [0.0]
  AUC:  [0.0]
Best TI-RADS F1: 0.0000 at epoch 50

Dataset: DDTI
Eval epochs: [50]
Dice per eval: [0.7889999747276306]
HD95 per eval: [16.227500915527344]
Best Dice: 0.7890 at epoch 50
Best HD95: 16.2275 at epoch 50

BM metrics per eval:
  Acc:  [0.0]
  Prec: [0.0]
  Rec:  [0.0]
  F1:   [0.0]
  AUROC:[0.0]
  AUPRC:[0.0]
Best BM F1: 0.0000 at epoch 50

TI-RADS metrics per eval:
  Acc:  [0.0]
  Prec: [0.0]
  Rec:  [0.0]
  F1:   [0.0]
  AUC:  [0.0]
Best TI-RADS F1: 0.0000 at epoch 50

Dataset: ThyroidXL
Eval epochs: [50]
Dice per eval: [0.8794999718666077]
HD95 per eval: [5.083099842071533]
Best Dice: 0.8795 at epoch 50
Best HD95: 5.0831 at epoch 50

BM metrics per eval:
  Acc:  [0.8847]
  Prec: [0.7942]
  Rec:  [0.7714]
  F1:   [0.7824]
  AUROC:[0.9369]
  AUPRC:[0.8613]
Best BM F1: 0.7824 at epoch 50

TI-RADS metrics per eval:
  Acc:  [0.0]
  Prec: [0.0]
  Rec:  [0.0]
  F1:   [0.0]
  AUC:  [0.0]
Best TI-RADS F1: 0.0000 at epoch 50

Dataset: PKTN
Eval epochs: [50]
Dice per eval: [0.7851999998092651]
HD95 per eval: [12.461799621582031]
Best Dice: 0.7852 at epoch 50
Best HD95: 12.4618 at epoch 50

BM metrics per eval:
  Acc:  [0.0]
  Prec: [0.0]
  Rec:  [0.0]
  F1:   [0.0]
  AUROC:[0.0]
  AUPRC:[0.0]
Best BM F1: 0.0000 at epoch 50

TI-RADS metrics per eval:
  Acc:  [0.0]
  Prec: [0.0]
  Rec:  [0.0]
  F1:   [0.0]
  AUC:  [0.0]
Best TI-RADS F1: 0.0000 at epoch 50

Dataset: TN5K
Eval epochs: [50]
Dice per eval: [0.8030999898910522]
HD95 per eval: [9.221599578857422]
Best Dice: 0.8031 at epoch 50
Best HD95: 9.2216 at epoch 50

BM metrics per eval:
  Acc:  [0.8806]
  Prec: [0.897]
  Rec:  [0.9383]
  F1:   [0.9171]
  AUROC:[0.9371]
  AUPRC:[0.9727]
Best BM F1: 0.9171 at epoch 50

TI-RADS metrics per eval:
  Acc:  [0.0]
  Prec: [0.0]
  Rec:  [0.0]
  F1:   [0.0]
  AUC:  [0.0]
Best TI-RADS F1: 0.0000 at epoch 50

Dataset: Cine-Clip
Eval epochs: [50]
Dice per eval: [0.9215999841690063]
HD95 per eval: [2.1624999046325684]
Best Dice: 0.9216 at epoch 50
Best HD95: 2.1625 at epoch 50

BM metrics per eval:
  Acc:  [0.9994]
  Prec: [0.9951]
  Rec:  [1.0]
  F1:   [0.9976]
  AUROC:[1.0]
  AUPRC:[1.0]
Best BM F1: 0.9976 at epoch 50

TI-RADS metrics per eval:
  Acc:  [0.9994]
  Prec: [0.9995]
  Rec:  [0.9996]
  F1:   [0.9996]
  AUC:  [1.0]
Best TI-RADS F1: 0.9996 at epoch 50

==========================================================

========== Training Completed ==========
Training completed at Sat Jan 31 00:36:11 2026
