Training started at Thu Apr 30 00:39:10 2026
Method: dino_unet
Dataset: train_multitask_FTCPTC
Epochs: 50
Target Key: FTCPTC
LR: 0.0001
Batch Size: 12
Image Size: 224 x 224
DINO pretrained: True
Use Dilation: False
First sample: filename=2016/刘惠银/刘惠银_01_0001_0001.jpg, image=/mnt/wangbd8/workspace/DataSets/ThyroidAgent/Classifaction_Data/Malignant_ultrasound_images_cropped/2016/刘惠银/刘惠银_01_0001_0001.jpg, mask=/mnt/wangbd8/workspace/DataSets/ThyroidAgent/Classifaction_Data/Malignant_ultrasound_images_cropped_predictions/2016/刘惠银/刘惠银_01_0001_0001.png, target=-1
Training set - FTCPTC: Negative=10559 (93.06%), Positive=787 (6.94%), Missing=134
Auto-adjusted tau=1.00 (imbalance_ratio=13.42)
GLA parameters for FTCPTC: p_neg=0.9306, p_pos=0.0694, tau=1.00
Logit adjustment magnitude: 2.5965
Loss weights: seg=1.0, cls=1.0
GA-MTL schedule per optimizer step: ['seg', 'cls']
steps_per_epoch (optimizer steps): 478
Epoch:1: seg_loss(avg):0.7033, cls_loss(avg):0.4242
Epoch:2: seg_loss(avg):0.5390, cls_loss(avg):0.4370
Epoch:3: seg_loss(avg):0.4895, cls_loss(avg):0.4281
Epoch:4: seg_loss(avg):0.4605, cls_loss(avg):0.4351
Epoch:5: seg_loss(avg):0.4418, cls_loss(avg):0.4211
Saved checkpoint at epoch 5
Epoch:6: seg_loss(avg):0.4252, cls_loss(avg):0.4279
Epoch:7: seg_loss(avg):0.4185, cls_loss(avg):0.4146
Epoch:8: seg_loss(avg):0.4061, cls_loss(avg):0.4050
Epoch:9: seg_loss(avg):0.4106, cls_loss(avg):0.3921
Epoch:10: seg_loss(avg):0.3983, cls_loss(avg):0.3523
Saved checkpoint at epoch 10
Epoch:11: seg_loss(avg):0.3942, cls_loss(avg):0.3451
Epoch:12: seg_loss(avg):0.3918, cls_loss(avg):0.3199
Epoch:13: seg_loss(avg):0.3922, cls_loss(avg):0.3220
Epoch:14: seg_loss(avg):0.3785, cls_loss(avg):0.2930
Epoch:15: seg_loss(avg):0.3831, cls_loss(avg):0.2603
Saved checkpoint at epoch 15
Epoch:16: seg_loss(avg):0.3701, cls_loss(avg):0.2197
Epoch:17: seg_loss(avg):0.3706, cls_loss(avg):0.2255
Epoch:18: seg_loss(avg):0.3574, cls_loss(avg):0.1688
Epoch:19: seg_loss(avg):0.3579, cls_loss(avg):0.1736
Epoch:20: seg_loss(avg):0.3489, cls_loss(avg):0.1760
Saved checkpoint at epoch 20
Epoch:21: seg_loss(avg):0.3490, cls_loss(avg):0.1494
Epoch:22: seg_loss(avg):0.3483, cls_loss(avg):0.1431
Epoch:23: seg_loss(avg):0.3402, cls_loss(avg):0.1255
Epoch:24: seg_loss(avg):0.3261, cls_loss(avg):0.1174
Epoch:25: seg_loss(avg):0.3271, cls_loss(avg):0.1011
Saved checkpoint at epoch 25
Epoch:26: seg_loss(avg):0.3254, cls_loss(avg):0.1023
Epoch:27: seg_loss(avg):0.3198, cls_loss(avg):0.0853
Epoch:28: seg_loss(avg):0.3175, cls_loss(avg):0.0720
Epoch:29: seg_loss(avg):0.3134, cls_loss(avg):0.0807
Epoch:30: seg_loss(avg):0.3061, cls_loss(avg):0.0525
Saved checkpoint at epoch 30
Epoch:31: seg_loss(avg):0.3020, cls_loss(avg):0.0569
Epoch:32: seg_loss(avg):0.2963, cls_loss(avg):0.0596
Epoch:33: seg_loss(avg):0.2970, cls_loss(avg):0.0515
Epoch:34: seg_loss(avg):0.2865, cls_loss(avg):0.0364
Epoch:35: seg_loss(avg):0.2855, cls_loss(avg):0.0501
Saved checkpoint at epoch 35
Epoch:36: seg_loss(avg):0.2798, cls_loss(avg):0.0373
Epoch:37: seg_loss(avg):0.2758, cls_loss(avg):0.0358
Epoch:38: seg_loss(avg):0.2748, cls_loss(avg):0.0383
Epoch:39: seg_loss(avg):0.2697, cls_loss(avg):0.0299
Epoch:40: seg_loss(avg):0.2694, cls_loss(avg):0.0209
Saved checkpoint at epoch 40
Epoch:41: seg_loss(avg):0.2656, cls_loss(avg):0.0242
Epoch:42: seg_loss(avg):0.2652, cls_loss(avg):0.0252
Epoch:43: seg_loss(avg):0.2617, cls_loss(avg):0.0186
Epoch:44: seg_loss(avg):0.2600, cls_loss(avg):0.0137
Epoch:45: seg_loss(avg):0.2554, cls_loss(avg):0.0198
Saved checkpoint at epoch 45
Epoch:46: seg_loss(avg):0.2550, cls_loss(avg):0.0136
Epoch:47: seg_loss(avg):0.2558, cls_loss(avg):0.0135
Epoch:48: seg_loss(avg):0.2541, cls_loss(avg):0.0123
Epoch:49: seg_loss(avg):0.2537, cls_loss(avg):0.0103
Epoch:50: seg_loss(avg):0.2530, cls_loss(avg):0.0166
Saved checkpoint at epoch 50

Validating epoch 50 on all test datasets...
Testing on FTCPTC...
  FTCPTC - Dice: 0.8838, HD95: 6.9764
  FTCPTC - FTCPTC: Acc=0.6938, Prec=0.7748, Rec=0.0854, F1=0.1532, AUROC=0.5862, AUPRC=0.4512, ECE=0.3044

========== Evaluation Summary (All Test Records) ==========


Dataset: FTCPTC
Eval epochs: [50]
Dice per eval: [0.8838000297546387]
HD95 per eval: [6.976399898529053]
Best Dice: 0.8838 at epoch 50
Best HD95: 6.9764 at epoch 50

FTCPTC metrics per eval:
  Acc:  [0.6938]
  Prec: [0.7748]
  Rec:  [0.0854]
  F1:   [0.1532]
  AUROC:[0.5862]
  AUPRC:[0.4512]
  ECE:  [0.3044]
Best FTCPTC F1: 0.1532 at epoch 50

==========================================================

========== Training Completed ==========
Training completed at Thu Apr 30 01:47:38 2026
