Training started at Mon Dec  8 12:08:39 2025
Method: dino_unet
Dataset: train_multitask_dataset1
Epochs: 50
Learning Rate: 0.0001
Batch Size: 12
Train Image Path: /mnt/wangbd8/workspace/DataSets/ThyroidAgent/Superimposed_multitask/dataset_1/images/
Train Mask Path: /mnt/wangbd8/workspace/DataSets/ThyroidAgent/Superimposed_multitask/dataset_1/masks/
Number of test datasets: 5
Test Dataset 1: TN3K
  Image path: /mnt/wangbd8/workspace/DataSets/ThyroidAgent/TN3K/test-image/
  Mask path: /mnt/wangbd8/workspace/DataSets/ThyroidAgent/TN3K/test-mask/
Test Dataset 2: DDTI
  Image path: /mnt/wangbd8/workspace/DataSets/ThyroidAgent/DDTI/2_preprocessed_data/stage1/p_image/
  Mask path: /mnt/wangbd8/workspace/DataSets/ThyroidAgent/DDTI/2_preprocessed_data/stage1/p_mask/
Test Dataset 3: ThyroidXL
  Image path: /mnt/wangbd8/workspace/DataSets/ThyroidAgent/ThyroidXL/test/images/
  Mask path: /mnt/wangbd8/workspace/DataSets/ThyroidAgent/ThyroidXL/test/masks/
Test Dataset 4: PKTN
  Image path: /mnt/wangbd8/workspace/DataSets/ThyroidAgent/PKTN_processed/images/
  Mask path: /mnt/wangbd8/workspace/DataSets/ThyroidAgent/PKTN_processed/masks/
Test Dataset 5: TN5K
  Image path: /mnt/wangbd8/workspace/DataSets/ThyroidAgent/TN5K_processed/test/images/
  Mask path: /mnt/wangbd8/workspace/DataSets/ThyroidAgent/TN5K_processed/test/masks/
Using device: cuda
Seg Weight: 1.0
Benign Malignant Weight: 2.0
TIRADS Weight: 1.0
Epoch:1: loss:2.395265, seg_loss:0.8097, bm_loss:0.5310, ti_loss:0.0000
Epoch:2: loss:1.761766, seg_loss:0.7247, bm_loss:0.2856, ti_loss:0.0000
Epoch:3: loss:1.495849, seg_loss:0.5796, bm_loss:0.7995, ti_loss:0.0000
Epoch:4: loss:1.342055, seg_loss:0.7933, bm_loss:0.6066, ti_loss:0.0000
Epoch:5: loss:1.268049, seg_loss:0.8894, bm_loss:0.3913, ti_loss:0.0000
Saved checkpoint at epoch 5

Validating epoch 5 on all test datasets...
Testing on TN3K...
  TN3K - Dice: 0.8454, HD95: 77.8420
  TN3K - Benign/Malignant Accuracy: 0.7068, TI-RADS Accuracy: 0.0000
Testing on DDTI...
  DDTI - Dice: 0.7629, HD95: 71.6579
  DDTI - Benign/Malignant Accuracy: 0.0000, TI-RADS Accuracy: 0.0000
Testing on ThyroidXL...
  ThyroidXL - Dice: 0.8225, HD95: 52.8759
  ThyroidXL - Benign/Malignant Accuracy: 0.7388, TI-RADS Accuracy: 0.0000
Testing on PKTN...
  PKTN - Dice: 0.7613, HD95: 77.2811
  PKTN - Benign/Malignant Accuracy: 0.0000, TI-RADS Accuracy: 0.0000
Testing on TN5K...
  TN5K - Dice: 0.7369, HD95: 81.5671
  TN5K - Benign/Malignant Accuracy: 0.7080, TI-RADS Accuracy: 0.0000
Epoch:6: loss:1.212847, seg_loss:0.6264, bm_loss:0.3530, ti_loss:0.0000
Epoch:7: loss:1.117508, seg_loss:0.5896, bm_loss:0.1770, ti_loss:0.0000
Epoch:8: loss:1.033443, seg_loss:0.6199, bm_loss:0.1456, ti_loss:0.0000
Epoch:9: loss:0.972222, seg_loss:0.4856, bm_loss:0.1308, ti_loss:0.0000
Epoch:10: loss:0.933935, seg_loss:0.4963, bm_loss:0.1646, ti_loss:0.0000
Saved checkpoint at epoch 10

Validating epoch 10 on all test datasets...
Testing on TN3K...
  TN3K - Dice: 0.8598, HD95: 65.2687
  TN3K - Benign/Malignant Accuracy: 0.7166, TI-RADS Accuracy: 0.0000
Testing on DDTI...
  DDTI - Dice: 0.7582, HD95: 71.5776
  DDTI - Benign/Malignant Accuracy: 0.0000, TI-RADS Accuracy: 0.0000
Testing on ThyroidXL...
  ThyroidXL - Dice: 0.8238, HD95: 47.4133
  ThyroidXL - Benign/Malignant Accuracy: 0.7742, TI-RADS Accuracy: 0.0000
Testing on PKTN...
  PKTN - Dice: 0.7732, HD95: 80.6284
  PKTN - Benign/Malignant Accuracy: 0.0000, TI-RADS Accuracy: 0.0000
Testing on TN5K...
  TN5K - Dice: 0.7601, HD95: 77.8877
  TN5K - Benign/Malignant Accuracy: 0.7370, TI-RADS Accuracy: 0.0000
Epoch:11: loss:0.909390, seg_loss:0.5802, bm_loss:0.4826, ti_loss:0.0000
Epoch:12: loss:0.885587, seg_loss:0.5543, bm_loss:0.0768, ti_loss:0.0000
Epoch:13: loss:0.782879, seg_loss:0.6033, bm_loss:0.0776, ti_loss:0.0000
Epoch:14: loss:0.704365, seg_loss:0.4363, bm_loss:0.1806, ti_loss:0.0000
Epoch:15: loss:0.767328, seg_loss:0.5983, bm_loss:0.2894, ti_loss:0.0000
Saved checkpoint at epoch 15

Validating epoch 15 on all test datasets...
Testing on TN3K...
  TN3K - Dice: 0.8464, HD95: 69.2335
  TN3K - Benign/Malignant Accuracy: 0.7296, TI-RADS Accuracy: 0.0000
Testing on DDTI...
  DDTI - Dice: 0.7776, HD95: 74.0499
  DDTI - Benign/Malignant Accuracy: 0.0000, TI-RADS Accuracy: 0.0000
Testing on ThyroidXL...
  ThyroidXL - Dice: 0.8104, HD95: 58.2936
  ThyroidXL - Benign/Malignant Accuracy: 0.7651, TI-RADS Accuracy: 0.0000
Testing on PKTN...
  PKTN - Dice: 0.7099, HD95: 88.9910
  PKTN - Benign/Malignant Accuracy: 0.0000, TI-RADS Accuracy: 0.0000
Testing on TN5K...
  TN5K - Dice: 0.7077, HD95: 83.5644
  TN5K - Benign/Malignant Accuracy: 0.6930, TI-RADS Accuracy: 0.0000
Epoch:16: loss:0.700285, seg_loss:0.4985, bm_loss:0.0309, ti_loss:0.0000
Epoch:17: loss:0.696960, seg_loss:0.5319, bm_loss:0.0802, ti_loss:0.0000
Epoch:18: loss:0.647011, seg_loss:0.3491, bm_loss:0.0331, ti_loss:0.0000
Epoch:19: loss:0.564530, seg_loss:0.3837, bm_loss:0.0682, ti_loss:0.0000
Epoch:20: loss:0.585252, seg_loss:0.3276, bm_loss:0.0050, ti_loss:0.0000
Saved checkpoint at epoch 20

Validating epoch 20 on all test datasets...
Testing on TN3K...
  TN3K - Dice: 0.8718, HD95: 58.5752
  TN3K - Benign/Malignant Accuracy: 0.6482, TI-RADS Accuracy: 0.0000
Testing on DDTI...
  DDTI - Dice: 0.7619, HD95: 72.3879
  DDTI - Benign/Malignant Accuracy: 0.0000, TI-RADS Accuracy: 0.0000
Testing on ThyroidXL...
  ThyroidXL - Dice: 0.8407, HD95: 40.5758
  ThyroidXL - Benign/Malignant Accuracy: 0.7593, TI-RADS Accuracy: 0.0000
Testing on PKTN...
  PKTN - Dice: 0.7877, HD95: 67.3000
  PKTN - Benign/Malignant Accuracy: 0.0000, TI-RADS Accuracy: 0.0000
Testing on TN5K...
  TN5K - Dice: 0.7739, HD95: 76.0995
  TN5K - Benign/Malignant Accuracy: 0.8030, TI-RADS Accuracy: 0.0000
Epoch:21: loss:0.543088, seg_loss:0.3986, bm_loss:0.1426, ti_loss:0.0000
Epoch:22: loss:0.515510, seg_loss:0.4185, bm_loss:0.0367, ti_loss:0.0000
Epoch:23: loss:0.509672, seg_loss:0.4309, bm_loss:0.0323, ti_loss:0.0000
Epoch:24: loss:0.499493, seg_loss:0.3729, bm_loss:0.0264, ti_loss:0.0000
Epoch:25: loss:0.474745, seg_loss:0.4967, bm_loss:0.0015, ti_loss:0.0000
Saved checkpoint at epoch 25

Validating epoch 25 on all test datasets...
Testing on TN3K...
  TN3K - Dice: 0.8690, HD95: 66.1217
  TN3K - Benign/Malignant Accuracy: 0.7182, TI-RADS Accuracy: 0.0000
Testing on DDTI...
  DDTI - Dice: 0.7624, HD95: 71.3363
  DDTI - Benign/Malignant Accuracy: 0.0000, TI-RADS Accuracy: 0.0000
Testing on ThyroidXL...
  ThyroidXL - Dice: 0.8425, HD95: 51.0982
  ThyroidXL - Benign/Malignant Accuracy: 0.7656, TI-RADS Accuracy: 0.0000
Testing on PKTN...
  PKTN - Dice: 0.8039, HD95: 62.8100
  PKTN - Benign/Malignant Accuracy: 0.0000, TI-RADS Accuracy: 0.0000
Testing on TN5K...
  TN5K - Dice: 0.7730, HD95: 81.1168
  TN5K - Benign/Malignant Accuracy: 0.7850, TI-RADS Accuracy: 0.0000
Epoch:26: loss:0.476974, seg_loss:0.3653, bm_loss:0.0375, ti_loss:0.0000
Epoch:27: loss:0.447872, seg_loss:0.3196, bm_loss:0.0078, ti_loss:0.0000
Epoch:28: loss:0.422895, seg_loss:0.3846, bm_loss:0.0028, ti_loss:0.0000
Epoch:29: loss:0.413030, seg_loss:0.2990, bm_loss:0.0068, ti_loss:0.0000
Epoch:30: loss:0.399518, seg_loss:0.3080, bm_loss:0.0038, ti_loss:0.0000
Saved checkpoint at epoch 30

Validating epoch 30 on all test datasets...
Testing on TN3K...
  TN3K - Dice: 0.8728, HD95: 57.5408
  TN3K - Benign/Malignant Accuracy: 0.6873, TI-RADS Accuracy: 0.0000
Testing on DDTI...
  DDTI - Dice: 0.7629, HD95: 74.3604
  DDTI - Benign/Malignant Accuracy: 0.0000, TI-RADS Accuracy: 0.0000
Testing on ThyroidXL...
  ThyroidXL - Dice: 0.8473, HD95: 43.5359
  ThyroidXL - Benign/Malignant Accuracy: 0.7656, TI-RADS Accuracy: 0.0000
Testing on PKTN...
  PKTN - Dice: 0.8008, HD95: 63.5054
  PKTN - Benign/Malignant Accuracy: 0.0000, TI-RADS Accuracy: 0.0000
Testing on TN5K...
  TN5K - Dice: 0.7806, HD95: 74.7031
  TN5K - Benign/Malignant Accuracy: 0.7820, TI-RADS Accuracy: 0.0000
Epoch:31: loss:0.406234, seg_loss:0.3132, bm_loss:0.0040, ti_loss:0.0000
Epoch:32: loss:0.388049, seg_loss:0.4246, bm_loss:0.0007, ti_loss:0.0000
Epoch:33: loss:0.379199, seg_loss:0.4155, bm_loss:0.0073, ti_loss:0.0000
Epoch:34: loss:0.373479, seg_loss:0.4315, bm_loss:0.0012, ti_loss:0.0000
Epoch:35: loss:0.352233, seg_loss:0.3336, bm_loss:0.0004, ti_loss:0.0000
Saved checkpoint at epoch 35

Validating epoch 35 on all test datasets...
Testing on TN3K...
  TN3K - Dice: 0.8693, HD95: 62.2504
  TN3K - Benign/Malignant Accuracy: 0.7036, TI-RADS Accuracy: 0.0000
Testing on DDTI...
  DDTI - Dice: 0.7525, HD95: 79.0114
  DDTI - Benign/Malignant Accuracy: 0.0000, TI-RADS Accuracy: 0.0000
Testing on ThyroidXL...
  ThyroidXL - Dice: 0.8467, HD95: 40.3823
  ThyroidXL - Benign/Malignant Accuracy: 0.7828, TI-RADS Accuracy: 0.0000
Testing on PKTN...
  PKTN - Dice: 0.8085, HD95: 62.4959
  PKTN - Benign/Malignant Accuracy: 0.0000, TI-RADS Accuracy: 0.0000
Testing on TN5K...
  TN5K - Dice: 0.7799, HD95: 72.2777
  TN5K - Benign/Malignant Accuracy: 0.8200, TI-RADS Accuracy: 0.0000
Epoch:36: loss:0.347370, seg_loss:0.3539, bm_loss:0.0019, ti_loss:0.0000
Epoch:37: loss:0.344461, seg_loss:0.2694, bm_loss:0.0030, ti_loss:0.0000
Epoch:38: loss:0.329227, seg_loss:0.3074, bm_loss:0.0008, ti_loss:0.0000
Epoch:39: loss:0.321406, seg_loss:0.2928, bm_loss:0.0003, ti_loss:0.0000
Epoch:40: loss:0.316508, seg_loss:0.2696, bm_loss:0.0034, ti_loss:0.0000
Saved checkpoint at epoch 40

Validating epoch 40 on all test datasets...
Testing on TN3K...
  TN3K - Dice: 0.8726, HD95: 58.9152
  TN3K - Benign/Malignant Accuracy: 0.7182, TI-RADS Accuracy: 0.0000
Testing on DDTI...
  DDTI - Dice: 0.7546, HD95: 77.3054
  DDTI - Benign/Malignant Accuracy: 0.0000, TI-RADS Accuracy: 0.0000
Testing on ThyroidXL...
  ThyroidXL - Dice: 0.8460, HD95: 39.3895
  ThyroidXL - Benign/Malignant Accuracy: 0.7928, TI-RADS Accuracy: 0.0000
Testing on PKTN...
  PKTN - Dice: 0.8062, HD95: 62.4313
  PKTN - Benign/Malignant Accuracy: 0.0000, TI-RADS Accuracy: 0.0000
Testing on TN5K...
  TN5K - Dice: 0.7865, HD95: 72.5649
  TN5K - Benign/Malignant Accuracy: 0.7560, TI-RADS Accuracy: 0.0000
Epoch:41: loss:0.321146, seg_loss:0.3653, bm_loss:0.0001, ti_loss:0.0000
Epoch:42: loss:0.309819, seg_loss:0.3316, bm_loss:0.0001, ti_loss:0.0000
Epoch:43: loss:0.300478, seg_loss:0.3009, bm_loss:0.0024, ti_loss:0.0000
Epoch:44: loss:0.297390, seg_loss:0.2295, bm_loss:0.0033, ti_loss:0.0000
Epoch:45: loss:0.298641, seg_loss:0.2513, bm_loss:0.0005, ti_loss:0.0000
Saved checkpoint at epoch 45

Validating epoch 45 on all test datasets...
Testing on TN3K...
  TN3K - Dice: 0.8741, HD95: 63.2641
  TN3K - Benign/Malignant Accuracy: 0.7215, TI-RADS Accuracy: 0.0000
Testing on DDTI...
  DDTI - Dice: 0.7559, HD95: 78.9157
  DDTI - Benign/Malignant Accuracy: 0.0000, TI-RADS Accuracy: 0.0000
Testing on ThyroidXL...
  ThyroidXL - Dice: 0.8452, HD95: 38.2716
  ThyroidXL - Benign/Malignant Accuracy: 0.7947, TI-RADS Accuracy: 0.0000
Testing on PKTN...
  PKTN - Dice: 0.8104, HD95: 60.8333
  PKTN - Benign/Malignant Accuracy: 0.0000, TI-RADS Accuracy: 0.0000
Testing on TN5K...
  TN5K - Dice: 0.7913, HD95: 73.1428
  TN5K - Benign/Malignant Accuracy: 0.7590, TI-RADS Accuracy: 0.0000
Epoch:46: loss:0.293437, seg_loss:0.2621, bm_loss:0.0003, ti_loss:0.0000
Epoch:47: loss:0.293022, seg_loss:0.2794, bm_loss:0.0001, ti_loss:0.0000
Epoch:48: loss:0.291098, seg_loss:0.3366, bm_loss:0.0004, ti_loss:0.0000
Epoch:49: loss:0.289675, seg_loss:0.3261, bm_loss:0.0014, ti_loss:0.0000
Epoch:50: loss:0.289407, seg_loss:0.2579, bm_loss:0.0002, ti_loss:0.0000
Saved checkpoint at epoch 50

Validating epoch 50 on all test datasets...
Testing on TN3K...
  TN3K - Dice: 0.8750, HD95: 63.8796
  TN3K - Benign/Malignant Accuracy: 0.7166, TI-RADS Accuracy: 0.0000
Testing on DDTI...
  DDTI - Dice: 0.7552, HD95: 82.3238
  DDTI - Benign/Malignant Accuracy: 0.0000, TI-RADS Accuracy: 0.0000
Testing on ThyroidXL...
  ThyroidXL - Dice: 0.8457, HD95: 37.3438
  ThyroidXL - Benign/Malignant Accuracy: 0.7914, TI-RADS Accuracy: 0.0000
Testing on PKTN...
  PKTN - Dice: 0.8105, HD95: 61.4244
  PKTN - Benign/Malignant Accuracy: 0.0000, TI-RADS Accuracy: 0.0000
Testing on TN5K...
  TN5K - Dice: 0.7920, HD95: 72.5313
  TN5K - Benign/Malignant Accuracy: 0.7640, TI-RADS Accuracy: 0.0000

========== Training Completed ==========
Training completed at Mon Dec  8 13:53:50 2025

===== Dice Scores Summary =====
Dataset: TN3K
Dice scores per epoch: [0.8454, 0.8598, 0.8464, 0.8718, 0.869, 0.8728, 0.8693, 0.8726, 0.8741, 0.875]
Best Dice: 0.8750 at epoch 10

Dataset: DDTI
Dice scores per epoch: [0.7629, 0.7582, 0.7776, 0.7619, 0.7624, 0.7629, 0.7525, 0.7546, 0.7559, 0.7552]
Best Dice: 0.7776 at epoch 3

Dataset: ThyroidXL
Dice scores per epoch: [0.8225, 0.8238, 0.8104, 0.8407, 0.8425, 0.8473, 0.8467, 0.846, 0.8452, 0.8457]
Best Dice: 0.8473 at epoch 6

Dataset: PKTN
Dice scores per epoch: [0.7613, 0.7732, 0.7099, 0.7877, 0.8039, 0.8008, 0.8085, 0.8062, 0.8104, 0.8105]
Best Dice: 0.8105 at epoch 10

Dataset: TN5K
Dice scores per epoch: [0.7369, 0.7601, 0.7077, 0.7739, 0.773, 0.7806, 0.7799, 0.7865, 0.7913, 0.792]
Best Dice: 0.7920 at epoch 10

===== HD95 Scores Summary =====
Dataset: TN3K
HD95 scores per epoch: [77.842, 65.2687, 69.2335, 58.5752, 66.1217, 57.5408, 62.2504, 58.9152, 63.2641, 63.8796]
Best HD95: 57.5408 at epoch 6

Dataset: DDTI
HD95 scores per epoch: [71.6579, 71.5776, 74.0499, 72.3879, 71.3363, 74.3604, 79.0114, 77.3054, 78.9157, 82.3238]
Best HD95: 71.3363 at epoch 5

Dataset: ThyroidXL
HD95 scores per epoch: [52.8759, 47.4133, 58.2936, 40.5758, 51.0982, 43.5359, 40.3823, 39.3895, 38.2716, 37.3438]
Best HD95: 37.3438 at epoch 10

Dataset: PKTN
HD95 scores per epoch: [77.2811, 80.6284, 88.991, 67.3, 62.81, 63.5054, 62.4959, 62.4313, 60.8333, 61.4244]
Best HD95: 60.8333 at epoch 9

Dataset: TN5K
HD95 scores per epoch: [81.5671, 77.8877, 83.5644, 76.0995, 81.1168, 74.7031, 72.2777, 72.5649, 73.1428, 72.5313]
Best HD95: 72.2777 at epoch 7


===== Benign/Malignant Accuracy Summary =====
Dataset: TN3K
Accuracy scores per epoch: [0.7068, 0.7166, 0.7296, 0.6482, 0.7182, 0.6873, 0.7036, 0.7182, 0.7215, 0.7166]
Best Accuracy: 0.7296 at epoch 3
Dataset: DDTI
Accuracy scores per epoch: [0.0, 0.0, 0.0, 0.0, 0.0, 0.0, 0.0, 0.0, 0.0, 0.0]
Best Accuracy: 0.0000 at epoch 1
Dataset: ThyroidXL
Accuracy scores per epoch: [0.7388, 0.7742, 0.7651, 0.7593, 0.7656, 0.7656, 0.7828, 0.7928, 0.7947, 0.7914]
Best Accuracy: 0.7947 at epoch 9
Dataset: PKTN
Accuracy scores per epoch: [0.0, 0.0, 0.0, 0.0, 0.0, 0.0, 0.0, 0.0, 0.0, 0.0]
Best Accuracy: 0.0000 at epoch 1
Dataset: TN5K
Accuracy scores per epoch: [0.708, 0.737, 0.693, 0.803, 0.785, 0.782, 0.82, 0.756, 0.759, 0.764]
Best Accuracy: 0.8200 at epoch 7

===== TI-RADS Accuracy Summary =====
Dataset: TN3K
Accuracy scores per epoch: [0.0, 0.0, 0.0, 0.0, 0.0, 0.0, 0.0, 0.0, 0.0, 0.0]
Best Accuracy: 0.0000 at epoch 1
Dataset: DDTI
Accuracy scores per epoch: [0.0, 0.0, 0.0, 0.0, 0.0, 0.0, 0.0, 0.0, 0.0, 0.0]
Best Accuracy: 0.0000 at epoch 1
Dataset: ThyroidXL
Accuracy scores per epoch: [0.0, 0.0, 0.0, 0.0, 0.0, 0.0, 0.0, 0.0, 0.0, 0.0]
Best Accuracy: 0.0000 at epoch 1
Dataset: PKTN
Accuracy scores per epoch: [0.0, 0.0, 0.0, 0.0, 0.0, 0.0, 0.0, 0.0, 0.0, 0.0]
Best Accuracy: 0.0000 at epoch 1
Dataset: TN5K
Accuracy scores per epoch: [0.0, 0.0, 0.0, 0.0, 0.0, 0.0, 0.0, 0.0, 0.0, 0.0]
Best Accuracy: 0.0000 at epoch 1
