Training started at Wed Jan 14 12:29:20 2026
Method: dino_unet
Dataset: gamtl_train_multitask_dataset3
Epochs: 50
LR: 0.0001
Batch Size: 12
Image Size: 224 x 224
DINO pretrained: True
Use Dilation: False
Training set - Benign/Malignant: Benign=10415 (58.60%), Malignant=7359 (41.40%)
Auto-adjusted tau=0.50 (imbalance_ratio=1.42)
GLA parameters: p_benign=0.5860, p_malignant=0.4140, tau=0.50
Logit adjustment magnitude: 0.1737
Training set - TI-RADS distribution (1-5): [0, 0, 0, 0, 0]
TI-RADS probabilities: [0.20000000298023224, 0.20000000298023224, 0.20000000298023224, 0.20000000298023224, 0.20000000298023224]
Loss weights: seg=1.0, bm=1.0, tirads=1.0
GA-MTL schedule per optimizer step: ['seg', 'bm']
steps_per_epoch (optimizer steps): 740
Epoch:1: seg_loss(avg):0.5851, bm_loss(avg):0.5456, tirads_loss(avg):0.0000
Epoch:2: seg_loss(avg):0.4646, bm_loss(avg):0.4121, tirads_loss(avg):0.0000
Epoch:3: seg_loss(avg):0.4385, bm_loss(avg):0.3741, tirads_loss(avg):0.0000
Epoch:4: seg_loss(avg):0.4249, bm_loss(avg):0.3583, tirads_loss(avg):0.0000
Epoch:5: seg_loss(avg):0.4186, bm_loss(avg):0.3288, tirads_loss(avg):0.0000
Saved checkpoint at epoch 5

Validating epoch 5 on all test datasets...
Testing on TN3K...
  TN3K - Dice: 0.8168, HD95: 13.4488
  TN3K - BM: Acc=0.7486, Prec=0.6688, Rec=0.6864, F1=0.6770, AUROC=0.8087, AUPRC=0.7441
  TN3K - TI-RADS: Acc=0.0000, Prec=0.0000, Rec=0.0000, F1=0.0000, AUC=0.0000
Testing on DDTI...
  DDTI - Dice: 0.7659, HD95: 19.5001
  DDTI - BM: Acc=0.0000, Prec=0.0000, Rec=0.0000, F1=0.0000, AUROC=0.0000, AUPRC=0.0000
  DDTI - TI-RADS: Acc=0.0000, Prec=0.0000, Rec=0.0000, F1=0.0000, AUC=0.0000
Testing on ThyroidXL...
  ThyroidXL - Dice: 0.8578, HD95: 6.7794
  ThyroidXL - BM: Acc=0.8295, Prec=0.9029, Rec=0.7091, F1=0.7943, AUROC=0.9312, AUPRC=0.9132
  ThyroidXL - TI-RADS: Acc=0.0000, Prec=0.0000, Rec=0.0000, F1=0.0000, AUC=0.0000
Testing on PKTN...
  PKTN - Dice: 0.7689, HD95: 15.9927
  PKTN - BM: Acc=0.0000, Prec=0.0000, Rec=0.0000, F1=0.0000, AUROC=0.0000, AUPRC=0.0000
  PKTN - TI-RADS: Acc=0.0000, Prec=0.0000, Rec=0.0000, F1=0.0000, AUC=0.0000
Testing on TN5K...
  TN5K - Dice: 0.7812, HD95: 10.2723
  TN5K - BM: Acc=0.8938, Prec=0.9041, Rec=0.9561, F1=0.9293, AUROC=0.9371, AUPRC=0.9735
  TN5K - TI-RADS: Acc=0.0000, Prec=0.0000, Rec=0.0000, F1=0.0000, AUC=0.0000
Epoch:6: seg_loss(avg):0.4052, bm_loss(avg):0.3103, tirads_loss(avg):0.0000
Epoch:7: seg_loss(avg):0.3995, bm_loss(avg):0.2910, tirads_loss(avg):0.0000
Epoch:8: seg_loss(avg):0.3968, bm_loss(avg):0.2789, tirads_loss(avg):0.0000
Epoch:9: seg_loss(avg):0.4136, bm_loss(avg):0.2712, tirads_loss(avg):0.0000
Epoch:10: seg_loss(avg):0.3843, bm_loss(avg):0.2433, tirads_loss(avg):0.0000
Saved checkpoint at epoch 10

Validating epoch 10 on all test datasets...
Testing on TN3K...
  TN3K - Dice: 0.8409, HD95: 11.4341
  TN3K - BM: Acc=0.7326, Prec=0.6231, Rec=0.7713, F1=0.6889, AUROC=0.8138, AUPRC=0.7698
  TN3K - TI-RADS: Acc=0.0000, Prec=0.0000, Rec=0.0000, F1=0.0000, AUC=0.0000
Testing on DDTI...
  DDTI - Dice: 0.7491, HD95: 20.4675
  DDTI - BM: Acc=0.0000, Prec=0.0000, Rec=0.0000, F1=0.0000, AUROC=0.0000, AUPRC=0.0000
  DDTI - TI-RADS: Acc=0.0000, Prec=0.0000, Rec=0.0000, F1=0.0000, AUC=0.0000
Testing on ThyroidXL...
  ThyroidXL - Dice: 0.8618, HD95: 6.6265
  ThyroidXL - BM: Acc=0.8519, Prec=0.8752, Rec=0.7945, F1=0.8328, AUROC=0.9337, AUPRC=0.9156
  ThyroidXL - TI-RADS: Acc=0.0000, Prec=0.0000, Rec=0.0000, F1=0.0000, AUC=0.0000
Testing on PKTN...
  PKTN - Dice: 0.7883, HD95: 13.4625
  PKTN - BM: Acc=0.0000, Prec=0.0000, Rec=0.0000, F1=0.0000, AUROC=0.0000, AUPRC=0.0000
  PKTN - TI-RADS: Acc=0.0000, Prec=0.0000, Rec=0.0000, F1=0.0000, AUC=0.0000
Testing on TN5K...
  TN5K - Dice: 0.8030, HD95: 10.1543
  TN5K - BM: Acc=0.8909, Prec=0.9078, Rec=0.9468, F1=0.9269, AUROC=0.9436, AUPRC=0.9767
  TN5K - TI-RADS: Acc=0.0000, Prec=0.0000, Rec=0.0000, F1=0.0000, AUC=0.0000
Epoch:11: seg_loss(avg):0.3834, bm_loss(avg):0.2400, tirads_loss(avg):0.0000
Epoch:12: seg_loss(avg):0.3765, bm_loss(avg):0.2286, tirads_loss(avg):0.0000
Epoch:13: seg_loss(avg):0.3738, bm_loss(avg):0.2045, tirads_loss(avg):0.0000
Epoch:14: seg_loss(avg):0.3702, bm_loss(avg):0.1927, tirads_loss(avg):0.0000
Epoch:15: seg_loss(avg):0.3625, bm_loss(avg):0.1805, tirads_loss(avg):0.0000
Saved checkpoint at epoch 15

Validating epoch 15 on all test datasets...
Testing on TN3K...
  TN3K - Dice: 0.8347, HD95: 11.4348
  TN3K - BM: Acc=0.7283, Prec=0.6241, Rec=0.7378, F1=0.6758, AUROC=0.7979, AUPRC=0.7367
  TN3K - TI-RADS: Acc=0.0000, Prec=0.0000, Rec=0.0000, F1=0.0000, AUC=0.0000
Testing on DDTI...
  DDTI - Dice: 0.7557, HD95: 18.8874
  DDTI - BM: Acc=0.0000, Prec=0.0000, Rec=0.0000, F1=0.0000, AUROC=0.0000, AUPRC=0.0000
  DDTI - TI-RADS: Acc=0.0000, Prec=0.0000, Rec=0.0000, F1=0.0000, AUC=0.0000
Testing on ThyroidXL...
  ThyroidXL - Dice: 0.8649, HD95: 6.4091
  ThyroidXL - BM: Acc=0.8290, Prec=0.9090, Rec=0.7019, F1=0.7921, AUROC=0.9302, AUPRC=0.9191
  ThyroidXL - TI-RADS: Acc=0.0000, Prec=0.0000, Rec=0.0000, F1=0.0000, AUC=0.0000
Testing on PKTN...
  PKTN - Dice: 0.7990, HD95: 12.1942
  PKTN - BM: Acc=0.0000, Prec=0.0000, Rec=0.0000, F1=0.0000, AUROC=0.0000, AUPRC=0.0000
  PKTN - TI-RADS: Acc=0.0000, Prec=0.0000, Rec=0.0000, F1=0.0000, AUC=0.0000
Testing on TN5K...
  TN5K - Dice: 0.8152, HD95: 9.1822
  TN5K - BM: Acc=0.8881, Prec=0.9132, Rec=0.9360, F1=0.9244, AUROC=0.9432, AUPRC=0.9774
  TN5K - TI-RADS: Acc=0.0000, Prec=0.0000, Rec=0.0000, F1=0.0000, AUC=0.0000
Epoch:16: seg_loss(avg):0.3644, bm_loss(avg):0.1644, tirads_loss(avg):0.0000
Epoch:17: seg_loss(avg):0.3594, bm_loss(avg):0.1569, tirads_loss(avg):0.0000
Epoch:18: seg_loss(avg):0.3550, bm_loss(avg):0.1470, tirads_loss(avg):0.0000
Epoch:19: seg_loss(avg):0.3513, bm_loss(avg):0.1326, tirads_loss(avg):0.0000
Epoch:20: seg_loss(avg):0.3473, bm_loss(avg):0.1302, tirads_loss(avg):0.0000
Saved checkpoint at epoch 20

Validating epoch 20 on all test datasets...
Testing on TN3K...
  TN3K - Dice: 0.8298, HD95: 11.7789
  TN3K - BM: Acc=0.6985, Prec=0.5864, Rec=0.7326, F1=0.6510, AUROC=0.7831, AUPRC=0.7239
  TN3K - TI-RADS: Acc=0.0000, Prec=0.0000, Rec=0.0000, F1=0.0000, AUC=0.0000
Testing on DDTI...
  DDTI - Dice: 0.7697, HD95: 16.9392
  DDTI - BM: Acc=0.0000, Prec=0.0000, Rec=0.0000, F1=0.0000, AUROC=0.0000, AUPRC=0.0000
  DDTI - TI-RADS: Acc=0.0000, Prec=0.0000, Rec=0.0000, F1=0.0000, AUC=0.0000
Testing on ThyroidXL...
  ThyroidXL - Dice: 0.8677, HD95: 5.8581
  ThyroidXL - BM: Acc=0.8525, Prec=0.8660, Rec=0.8074, F1=0.8356, AUROC=0.9297, AUPRC=0.9158
  ThyroidXL - TI-RADS: Acc=0.0000, Prec=0.0000, Rec=0.0000, F1=0.0000, AUC=0.0000
Testing on PKTN...
  PKTN - Dice: 0.8024, HD95: 11.8254
  PKTN - BM: Acc=0.0000, Prec=0.0000, Rec=0.0000, F1=0.0000, AUROC=0.0000, AUPRC=0.0000
  PKTN - TI-RADS: Acc=0.0000, Prec=0.0000, Rec=0.0000, F1=0.0000, AUC=0.0000
Testing on TN5K...
  TN5K - Dice: 0.8119, HD95: 8.7832
  TN5K - BM: Acc=0.8889, Prec=0.9098, Rec=0.9413, F1=0.9252, AUROC=0.9390, AUPRC=0.9757
  TN5K - TI-RADS: Acc=0.0000, Prec=0.0000, Rec=0.0000, F1=0.0000, AUC=0.0000
Epoch:21: seg_loss(avg):0.3451, bm_loss(avg):0.1077, tirads_loss(avg):0.0000
Epoch:22: seg_loss(avg):0.3429, bm_loss(avg):0.1035, tirads_loss(avg):0.0000
Epoch:23: seg_loss(avg):0.3385, bm_loss(avg):0.1024, tirads_loss(avg):0.0000
Epoch:24: seg_loss(avg):0.3353, bm_loss(avg):0.0922, tirads_loss(avg):0.0000
Epoch:25: seg_loss(avg):0.3276, bm_loss(avg):0.0778, tirads_loss(avg):0.0000
Saved checkpoint at epoch 25

Validating epoch 25 on all test datasets...
Testing on TN3K...
  TN3K - Dice: 0.8345, HD95: 12.2720
  TN3K - BM: Acc=0.7133, Prec=0.5989, Rec=0.7708, F1=0.6736, AUROC=0.7852, AUPRC=0.7199
  TN3K - TI-RADS: Acc=0.0000, Prec=0.0000, Rec=0.0000, F1=0.0000, AUC=0.0000
Testing on DDTI...
  DDTI - Dice: 0.7672, HD95: 17.6370
  DDTI - BM: Acc=0.0000, Prec=0.0000, Rec=0.0000, F1=0.0000, AUROC=0.0000, AUPRC=0.0000
  DDTI - TI-RADS: Acc=0.0000, Prec=0.0000, Rec=0.0000, F1=0.0000, AUC=0.0000
Testing on ThyroidXL...
  ThyroidXL - Dice: 0.8695, HD95: 6.0529
  ThyroidXL - BM: Acc=0.8372, Prec=0.8928, Rec=0.7380, F1=0.8079, AUROC=0.9324, AUPRC=0.9190
  ThyroidXL - TI-RADS: Acc=0.0000, Prec=0.0000, Rec=0.0000, F1=0.0000, AUC=0.0000
Testing on PKTN...
  PKTN - Dice: 0.8021, HD95: 12.0797
  PKTN - BM: Acc=0.0000, Prec=0.0000, Rec=0.0000, F1=0.0000, AUROC=0.0000, AUPRC=0.0000
  PKTN - TI-RADS: Acc=0.0000, Prec=0.0000, Rec=0.0000, F1=0.0000, AUC=0.0000
Testing on TN5K...
  TN5K - Dice: 0.8119, HD95: 9.4515
  TN5K - BM: Acc=0.9128, Prec=0.9362, Rec=0.9452, F1=0.9406, AUROC=0.9435, AUPRC=0.9767
  TN5K - TI-RADS: Acc=0.0000, Prec=0.0000, Rec=0.0000, F1=0.0000, AUC=0.0000
Epoch:26: seg_loss(avg):0.3275, bm_loss(avg):0.0772, tirads_loss(avg):0.0000
Epoch:27: seg_loss(avg):0.3243, bm_loss(avg):0.0648, tirads_loss(avg):0.0000
Epoch:28: seg_loss(avg):0.3218, bm_loss(avg):0.0700, tirads_loss(avg):0.0000
Epoch:29: seg_loss(avg):0.3170, bm_loss(avg):0.0520, tirads_loss(avg):0.0000
Epoch:30: seg_loss(avg):0.3125, bm_loss(avg):0.0539, tirads_loss(avg):0.0000
Saved checkpoint at epoch 30

Validating epoch 30 on all test datasets...
Testing on TN3K...
  TN3K - Dice: 0.8361, HD95: 11.0466
  TN3K - BM: Acc=0.7376, Prec=0.6374, Rec=0.7369, F1=0.6831, AUROC=0.7906, AUPRC=0.7201
  TN3K - TI-RADS: Acc=0.0000, Prec=0.0000, Rec=0.0000, F1=0.0000, AUC=0.0000
Testing on DDTI...
  DDTI - Dice: 0.7561, HD95: 18.4647
  DDTI - BM: Acc=0.0000, Prec=0.0000, Rec=0.0000, F1=0.0000, AUROC=0.0000, AUPRC=0.0000
  DDTI - TI-RADS: Acc=0.0000, Prec=0.0000, Rec=0.0000, F1=0.0000, AUC=0.0000
Testing on ThyroidXL...
  ThyroidXL - Dice: 0.8698, HD95: 5.7914
  ThyroidXL - BM: Acc=0.8440, Prec=0.8642, Rec=0.7879, F1=0.8242, AUROC=0.9300, AUPRC=0.9155
  ThyroidXL - TI-RADS: Acc=0.0000, Prec=0.0000, Rec=0.0000, F1=0.0000, AUC=0.0000
Testing on PKTN...
  PKTN - Dice: 0.8018, HD95: 12.9220
  PKTN - BM: Acc=0.0000, Prec=0.0000, Rec=0.0000, F1=0.0000, AUROC=0.0000, AUPRC=0.0000
  PKTN - TI-RADS: Acc=0.0000, Prec=0.0000, Rec=0.0000, F1=0.0000, AUC=0.0000
Testing on TN5K...
  TN5K - Dice: 0.8127, HD95: 9.4659
  TN5K - BM: Acc=0.8960, Prec=0.9152, Rec=0.9453, F1=0.9300, AUROC=0.9436, AUPRC=0.9773
  TN5K - TI-RADS: Acc=0.0000, Prec=0.0000, Rec=0.0000, F1=0.0000, AUC=0.0000
Epoch:31: seg_loss(avg):0.3076, bm_loss(avg):0.0516, tirads_loss(avg):0.0000
Epoch:32: seg_loss(avg):0.3054, bm_loss(avg):0.0371, tirads_loss(avg):0.0000
Epoch:33: seg_loss(avg):0.3059, bm_loss(avg):0.0403, tirads_loss(avg):0.0000
Epoch:34: seg_loss(avg):0.2997, bm_loss(avg):0.0349, tirads_loss(avg):0.0000
Epoch:35: seg_loss(avg):0.2969, bm_loss(avg):0.0275, tirads_loss(avg):0.0000
Saved checkpoint at epoch 35

Validating epoch 35 on all test datasets...
Testing on TN3K...
  TN3K - Dice: 0.8397, HD95: 11.1441
  TN3K - BM: Acc=0.7133, Prec=0.6022, Rec=0.7494, F1=0.6674, AUROC=0.7978, AUPRC=0.7379
  TN3K - TI-RADS: Acc=0.0000, Prec=0.0000, Rec=0.0000, F1=0.0000, AUC=0.0000
Testing on DDTI...
  DDTI - Dice: 0.7465, HD95: 19.6430
  DDTI - BM: Acc=0.0000, Prec=0.0000, Rec=0.0000, F1=0.0000, AUROC=0.0000, AUPRC=0.0000
  DDTI - TI-RADS: Acc=0.0000, Prec=0.0000, Rec=0.0000, F1=0.0000, AUC=0.0000
Testing on ThyroidXL...
  ThyroidXL - Dice: 0.8729, HD95: 5.7090
  ThyroidXL - BM: Acc=0.8530, Prec=0.8940, Rec=0.7754, F1=0.8304, AUROC=0.9311, AUPRC=0.9177
  ThyroidXL - TI-RADS: Acc=0.0000, Prec=0.0000, Rec=0.0000, F1=0.0000, AUC=0.0000
Testing on PKTN...
  PKTN - Dice: 0.8093, HD95: 11.4602
  PKTN - BM: Acc=0.0000, Prec=0.0000, Rec=0.0000, F1=0.0000, AUROC=0.0000, AUPRC=0.0000
  PKTN - TI-RADS: Acc=0.0000, Prec=0.0000, Rec=0.0000, F1=0.0000, AUC=0.0000
Testing on TN5K...
  TN5K - Dice: 0.8231, HD95: 8.9536
  TN5K - BM: Acc=0.9089, Prec=0.9335, Rec=0.9426, F1=0.9380, AUROC=0.9514, AUPRC=0.9799
  TN5K - TI-RADS: Acc=0.0000, Prec=0.0000, Rec=0.0000, F1=0.0000, AUC=0.0000
Epoch:36: seg_loss(avg):0.2927, bm_loss(avg):0.0207, tirads_loss(avg):0.0000
Epoch:37: seg_loss(avg):0.2929, bm_loss(avg):0.0213, tirads_loss(avg):0.0000
Epoch:38: seg_loss(avg):0.2885, bm_loss(avg):0.0233, tirads_loss(avg):0.0000
Epoch:39: seg_loss(avg):0.2828, bm_loss(avg):0.0183, tirads_loss(avg):0.0000
Epoch:40: seg_loss(avg):0.2834, bm_loss(avg):0.0145, tirads_loss(avg):0.0000
Saved checkpoint at epoch 40

Validating epoch 40 on all test datasets...
Testing on TN3K...
  TN3K - Dice: 0.8402, HD95: 11.1699
  TN3K - BM: Acc=0.7226, Prec=0.6210, Rec=0.7153, F1=0.6644, AUROC=0.7931, AUPRC=0.7279
  TN3K - TI-RADS: Acc=0.0000, Prec=0.0000, Rec=0.0000, F1=0.0000, AUC=0.0000
Testing on DDTI...
  DDTI - Dice: 0.7397, HD95: 19.3781
  DDTI - BM: Acc=0.0000, Prec=0.0000, Rec=0.0000, F1=0.0000, AUROC=0.0000, AUPRC=0.0000
  DDTI - TI-RADS: Acc=0.0000, Prec=0.0000, Rec=0.0000, F1=0.0000, AUC=0.0000
Testing on ThyroidXL...
  ThyroidXL - Dice: 0.8715, HD95: 5.5900
  ThyroidXL - BM: Acc=0.8305, Prec=0.8958, Rec=0.7186, F1=0.7974, AUROC=0.9280, AUPRC=0.9144
  ThyroidXL - TI-RADS: Acc=0.0000, Prec=0.0000, Rec=0.0000, F1=0.0000, AUC=0.0000
Testing on PKTN...
  PKTN - Dice: 0.8113, HD95: 11.1680
  PKTN - BM: Acc=0.0000, Prec=0.0000, Rec=0.0000, F1=0.0000, AUROC=0.0000, AUPRC=0.0000
  PKTN - TI-RADS: Acc=0.0000, Prec=0.0000, Rec=0.0000, F1=0.0000, AUC=0.0000
Testing on TN5K...
  TN5K - Dice: 0.8223, HD95: 8.7772
  TN5K - BM: Acc=0.9029, Prec=0.9305, Rec=0.9372, F1=0.9338, AUROC=0.9492, AUPRC=0.9792
  TN5K - TI-RADS: Acc=0.0000, Prec=0.0000, Rec=0.0000, F1=0.0000, AUC=0.0000
Epoch:41: seg_loss(avg):0.2805, bm_loss(avg):0.0123, tirads_loss(avg):0.0000
Epoch:42: seg_loss(avg):0.2779, bm_loss(avg):0.0104, tirads_loss(avg):0.0000
Epoch:43: seg_loss(avg):0.2749, bm_loss(avg):0.0102, tirads_loss(avg):0.0000
Epoch:44: seg_loss(avg):0.2728, bm_loss(avg):0.0121, tirads_loss(avg):0.0000
Epoch:45: seg_loss(avg):0.2746, bm_loss(avg):0.0114, tirads_loss(avg):0.0000
Saved checkpoint at epoch 45

Validating epoch 45 on all test datasets...
Testing on TN3K...
  TN3K - Dice: 0.8415, HD95: 10.5912
  TN3K - BM: Acc=0.7110, Prec=0.6045, Rec=0.7191, F1=0.6564, AUROC=0.7936, AUPRC=0.7304
  TN3K - TI-RADS: Acc=0.0000, Prec=0.0000, Rec=0.0000, F1=0.0000, AUC=0.0000
Testing on DDTI...
  DDTI - Dice: 0.7347, HD95: 19.6112
  DDTI - BM: Acc=0.0000, Prec=0.0000, Rec=0.0000, F1=0.0000, AUROC=0.0000, AUPRC=0.0000
  DDTI - TI-RADS: Acc=0.0000, Prec=0.0000, Rec=0.0000, F1=0.0000, AUC=0.0000
Testing on ThyroidXL...
  ThyroidXL - Dice: 0.8729, HD95: 5.5967
  ThyroidXL - BM: Acc=0.8333, Prec=0.8936, Rec=0.7278, F1=0.8021, AUROC=0.9279, AUPRC=0.9148
  ThyroidXL - TI-RADS: Acc=0.0000, Prec=0.0000, Rec=0.0000, F1=0.0000, AUC=0.0000
Testing on PKTN...
  PKTN - Dice: 0.8129, HD95: 10.9704
  PKTN - BM: Acc=0.0000, Prec=0.0000, Rec=0.0000, F1=0.0000, AUROC=0.0000, AUPRC=0.0000
  PKTN - TI-RADS: Acc=0.0000, Prec=0.0000, Rec=0.0000, F1=0.0000, AUC=0.0000
Testing on TN5K...
  TN5K - Dice: 0.8244, HD95: 8.7115
  TN5K - BM: Acc=0.9067, Prec=0.9343, Rec=0.9384, F1=0.9363, AUROC=0.9507, AUPRC=0.9800
  TN5K - TI-RADS: Acc=0.0000, Prec=0.0000, Rec=0.0000, F1=0.0000, AUC=0.0000
Epoch:46: seg_loss(avg):0.2716, bm_loss(avg):0.0075, tirads_loss(avg):0.0000
Epoch:47: seg_loss(avg):0.2700, bm_loss(avg):0.0125, tirads_loss(avg):0.0000
Epoch:48: seg_loss(avg):0.2707, bm_loss(avg):0.0069, tirads_loss(avg):0.0000
Epoch:49: seg_loss(avg):0.2703, bm_loss(avg):0.0067, tirads_loss(avg):0.0000
Epoch:50: seg_loss(avg):0.2720, bm_loss(avg):0.0088, tirads_loss(avg):0.0000
Saved checkpoint at epoch 50

Validating epoch 50 on all test datasets...
Testing on TN3K...
  TN3K - Dice: 0.8419, HD95: 10.4154
  TN3K - BM: Acc=0.7128, Prec=0.6068, Rec=0.7192, F1=0.6578, AUROC=0.7974, AUPRC=0.7332
  TN3K - TI-RADS: Acc=0.0000, Prec=0.0000, Rec=0.0000, F1=0.0000, AUC=0.0000
Testing on DDTI...
  DDTI - Dice: 0.7346, HD95: 19.7058
  DDTI - BM: Acc=0.0000, Prec=0.0000, Rec=0.0000, F1=0.0000, AUROC=0.0000, AUPRC=0.0000
  DDTI - TI-RADS: Acc=0.0000, Prec=0.0000, Rec=0.0000, F1=0.0000, AUC=0.0000
Testing on ThyroidXL...
  ThyroidXL - Dice: 0.8728, HD95: 5.6131
  ThyroidXL - BM: Acc=0.8401, Prec=0.8785, Rec=0.7608, F1=0.8153, AUROC=0.9293, AUPRC=0.9148
  ThyroidXL - TI-RADS: Acc=0.0000, Prec=0.0000, Rec=0.0000, F1=0.0000, AUC=0.0000
Testing on PKTN...
  PKTN - Dice: 0.8123, HD95: 11.1238
  PKTN - BM: Acc=0.0000, Prec=0.0000, Rec=0.0000, F1=0.0000, AUROC=0.0000, AUPRC=0.0000
  PKTN - TI-RADS: Acc=0.0000, Prec=0.0000, Rec=0.0000, F1=0.0000, AUC=0.0000
Testing on TN5K...
  TN5K - Dice: 0.8242, HD95: 8.7217
  TN5K - BM: Acc=0.9069, Prec=0.9380, Rec=0.9345, F1=0.9362, AUROC=0.9507, AUPRC=0.9798
  TN5K - TI-RADS: Acc=0.0000, Prec=0.0000, Rec=0.0000, F1=0.0000, AUC=0.0000

========== Evaluation Summary (All Test Records) ==========

Dataset: TN3K
Eval epochs: [5, 10, 15, 20, 25, 30, 35, 40, 45, 50]
Dice per eval: [0.8167999982833862, 0.8409000039100647, 0.8346999883651733, 0.829800009727478, 0.8345000147819519, 0.8360999822616577, 0.8396999835968018, 0.8402000069618225, 0.8414999842643738, 0.8418999910354614]
HD95 per eval: [13.448800086975098, 11.434100151062012, 11.434800148010254, 11.778900146484375, 12.272000312805176, 11.046600341796875, 11.144100189208984, 11.169899940490723, 10.59119987487793, 10.415399551391602]
Best Dice: 0.8419 at epoch 50
Best HD95: 10.4154 at epoch 50

BM metrics per eval:
  Acc:  [0.7486, 0.7326, 0.7283, 0.6985, 0.7133, 0.7376, 0.7133, 0.7226, 0.711, 0.7128]
  Prec: [0.6688, 0.6231, 0.6241, 0.5864, 0.5989, 0.6374, 0.6022, 0.621, 0.6045, 0.6068]
  Rec:  [0.6864, 0.7713, 0.7378, 0.7326, 0.7708, 0.7369, 0.7494, 0.7153, 0.7191, 0.7192]
  F1:   [0.677, 0.6889, 0.6758, 0.651, 0.6736, 0.6831, 0.6674, 0.6644, 0.6564, 0.6578]
  AUROC:[0.8087, 0.8138, 0.7979, 0.7831, 0.7852, 0.7906, 0.7978, 0.7931, 0.7936, 0.7974]
  AUPRC:[0.7441, 0.7698, 0.7367, 0.7239, 0.7199, 0.7201, 0.7379, 0.7279, 0.7304, 0.7332]
Best BM F1: 0.6889 at epoch 10

TI-RADS metrics per eval:
  Acc:  [0.0, 0.0, 0.0, 0.0, 0.0, 0.0, 0.0, 0.0, 0.0, 0.0]
  Prec: [0.0, 0.0, 0.0, 0.0, 0.0, 0.0, 0.0, 0.0, 0.0, 0.0]
  Rec:  [0.0, 0.0, 0.0, 0.0, 0.0, 0.0, 0.0, 0.0, 0.0, 0.0]
  F1:   [0.0, 0.0, 0.0, 0.0, 0.0, 0.0, 0.0, 0.0, 0.0, 0.0]
  AUC:  [0.0, 0.0, 0.0, 0.0, 0.0, 0.0, 0.0, 0.0, 0.0, 0.0]
Best TI-RADS F1: 0.0000 at epoch 5

Dataset: DDTI
Eval epochs: [5, 10, 15, 20, 25, 30, 35, 40, 45, 50]
Dice per eval: [0.7659000158309937, 0.7491000294685364, 0.7556999921798706, 0.7696999907493591, 0.7671999931335449, 0.7560999989509583, 0.7465000152587891, 0.7397000193595886, 0.7347000241279602, 0.7346000075340271]
HD95 per eval: [19.500099182128906, 20.467500686645508, 18.887399673461914, 16.939199447631836, 17.636999130249023, 18.46470069885254, 19.64299964904785, 19.37809944152832, 19.6112003326416, 19.705799102783203]
Best Dice: 0.7697 at epoch 20
Best HD95: 16.9392 at epoch 20

BM metrics per eval:
  Acc:  [0.0, 0.0, 0.0, 0.0, 0.0, 0.0, 0.0, 0.0, 0.0, 0.0]
  Prec: [0.0, 0.0, 0.0, 0.0, 0.0, 0.0, 0.0, 0.0, 0.0, 0.0]
  Rec:  [0.0, 0.0, 0.0, 0.0, 0.0, 0.0, 0.0, 0.0, 0.0, 0.0]
  F1:   [0.0, 0.0, 0.0, 0.0, 0.0, 0.0, 0.0, 0.0, 0.0, 0.0]
  AUROC:[0.0, 0.0, 0.0, 0.0, 0.0, 0.0, 0.0, 0.0, 0.0, 0.0]
  AUPRC:[0.0, 0.0, 0.0, 0.0, 0.0, 0.0, 0.0, 0.0, 0.0, 0.0]
Best BM F1: 0.0000 at epoch 5

TI-RADS metrics per eval:
  Acc:  [0.0, 0.0, 0.0, 0.0, 0.0, 0.0, 0.0, 0.0, 0.0, 0.0]
  Prec: [0.0, 0.0, 0.0, 0.0, 0.0, 0.0, 0.0, 0.0, 0.0, 0.0]
  Rec:  [0.0, 0.0, 0.0, 0.0, 0.0, 0.0, 0.0, 0.0, 0.0, 0.0]
  F1:   [0.0, 0.0, 0.0, 0.0, 0.0, 0.0, 0.0, 0.0, 0.0, 0.0]
  AUC:  [0.0, 0.0, 0.0, 0.0, 0.0, 0.0, 0.0, 0.0, 0.0, 0.0]
Best TI-RADS F1: 0.0000 at epoch 5

Dataset: ThyroidXL
Eval epochs: [5, 10, 15, 20, 25, 30, 35, 40, 45, 50]
Dice per eval: [0.8578000068664551, 0.8618000149726868, 0.8648999929428101, 0.8676999807357788, 0.8694999814033508, 0.8697999715805054, 0.8729000091552734, 0.8715000152587891, 0.8729000091552734, 0.8727999925613403]
HD95 per eval: [6.779399871826172, 6.626500129699707, 6.40910005569458, 5.858099937438965, 6.0528998374938965, 5.791399955749512, 5.709000110626221, 5.590000152587891, 5.596700191497803, 5.613100051879883]
Best Dice: 0.8729 at epoch 35
Best HD95: 5.5900 at epoch 40

BM metrics per eval:
  Acc:  [0.8295, 0.8519, 0.829, 0.8525, 0.8372, 0.844, 0.853, 0.8305, 0.8333, 0.8401]
  Prec: [0.9029, 0.8752, 0.909, 0.866, 0.8928, 0.8642, 0.894, 0.8958, 0.8936, 0.8785]
  Rec:  [0.7091, 0.7945, 0.7019, 0.8074, 0.738, 0.7879, 0.7754, 0.7186, 0.7278, 0.7608]
  F1:   [0.7943, 0.8328, 0.7921, 0.8356, 0.8079, 0.8242, 0.8304, 0.7974, 0.8021, 0.8153]
  AUROC:[0.9312, 0.9337, 0.9302, 0.9297, 0.9324, 0.93, 0.9311, 0.928, 0.9279, 0.9293]
  AUPRC:[0.9132, 0.9156, 0.9191, 0.9158, 0.919, 0.9155, 0.9177, 0.9144, 0.9148, 0.9148]
Best BM F1: 0.8356 at epoch 20

TI-RADS metrics per eval:
  Acc:  [0.0, 0.0, 0.0, 0.0, 0.0, 0.0, 0.0, 0.0, 0.0, 0.0]
  Prec: [0.0, 0.0, 0.0, 0.0, 0.0, 0.0, 0.0, 0.0, 0.0, 0.0]
  Rec:  [0.0, 0.0, 0.0, 0.0, 0.0, 0.0, 0.0, 0.0, 0.0, 0.0]
  F1:   [0.0, 0.0, 0.0, 0.0, 0.0, 0.0, 0.0, 0.0, 0.0, 0.0]
  AUC:  [0.0, 0.0, 0.0, 0.0, 0.0, 0.0, 0.0, 0.0, 0.0, 0.0]
Best TI-RADS F1: 0.0000 at epoch 5

Dataset: PKTN
Eval epochs: [5, 10, 15, 20, 25, 30, 35, 40, 45, 50]
Dice per eval: [0.7688999772071838, 0.7882999777793884, 0.7990000247955322, 0.8023999929428101, 0.8021000027656555, 0.801800012588501, 0.8093000054359436, 0.8112999796867371, 0.8129000067710876, 0.8123000264167786]
HD95 per eval: [15.99269962310791, 13.462499618530273, 12.194199562072754, 11.825400352478027, 12.079700469970703, 12.92199993133545, 11.460200309753418, 11.168000221252441, 10.970399856567383, 11.123800277709961]
Best Dice: 0.8129 at epoch 45
Best HD95: 10.9704 at epoch 45

BM metrics per eval:
  Acc:  [0.0, 0.0, 0.0, 0.0, 0.0, 0.0, 0.0, 0.0, 0.0, 0.0]
  Prec: [0.0, 0.0, 0.0, 0.0, 0.0, 0.0, 0.0, 0.0, 0.0, 0.0]
  Rec:  [0.0, 0.0, 0.0, 0.0, 0.0, 0.0, 0.0, 0.0, 0.0, 0.0]
  F1:   [0.0, 0.0, 0.0, 0.0, 0.0, 0.0, 0.0, 0.0, 0.0, 0.0]
  AUROC:[0.0, 0.0, 0.0, 0.0, 0.0, 0.0, 0.0, 0.0, 0.0, 0.0]
  AUPRC:[0.0, 0.0, 0.0, 0.0, 0.0, 0.0, 0.0, 0.0, 0.0, 0.0]
Best BM F1: 0.0000 at epoch 5

TI-RADS metrics per eval:
  Acc:  [0.0, 0.0, 0.0, 0.0, 0.0, 0.0, 0.0, 0.0, 0.0, 0.0]
  Prec: [0.0, 0.0, 0.0, 0.0, 0.0, 0.0, 0.0, 0.0, 0.0, 0.0]
  Rec:  [0.0, 0.0, 0.0, 0.0, 0.0, 0.0, 0.0, 0.0, 0.0, 0.0]
  F1:   [0.0, 0.0, 0.0, 0.0, 0.0, 0.0, 0.0, 0.0, 0.0, 0.0]
  AUC:  [0.0, 0.0, 0.0, 0.0, 0.0, 0.0, 0.0, 0.0, 0.0, 0.0]
Best TI-RADS F1: 0.0000 at epoch 5

Dataset: TN5K
Eval epochs: [5, 10, 15, 20, 25, 30, 35, 40, 45, 50]
Dice per eval: [0.7811999917030334, 0.8029999732971191, 0.8151999711990356, 0.8119000196456909, 0.8119000196456909, 0.8126999735832214, 0.8230999708175659, 0.8223000168800354, 0.824400007724762, 0.8241999745368958]
HD95 per eval: [10.272299766540527, 10.15429973602295, 9.18220043182373, 8.78320026397705, 9.451499938964844, 9.465900421142578, 8.95359992980957, 8.777199745178223, 8.71150016784668, 8.721699714660645]
Best Dice: 0.8244 at epoch 45
Best HD95: 8.7115 at epoch 45

BM metrics per eval:
  Acc:  [0.8938, 0.8909, 0.8881, 0.8889, 0.9128, 0.896, 0.9089, 0.9029, 0.9067, 0.9069]
  Prec: [0.9041, 0.9078, 0.9132, 0.9098, 0.9362, 0.9152, 0.9335, 0.9305, 0.9343, 0.938]
  Rec:  [0.9561, 0.9468, 0.936, 0.9413, 0.9452, 0.9453, 0.9426, 0.9372, 0.9384, 0.9345]
  F1:   [0.9293, 0.9269, 0.9244, 0.9252, 0.9406, 0.93, 0.938, 0.9338, 0.9363, 0.9362]
  AUROC:[0.9371, 0.9436, 0.9432, 0.939, 0.9435, 0.9436, 0.9514, 0.9492, 0.9507, 0.9507]
  AUPRC:[0.9735, 0.9767, 0.9774, 0.9757, 0.9767, 0.9773, 0.9799, 0.9792, 0.98, 0.9798]
Best BM F1: 0.9406 at epoch 25

TI-RADS metrics per eval:
  Acc:  [0.0, 0.0, 0.0, 0.0, 0.0, 0.0, 0.0, 0.0, 0.0, 0.0]
  Prec: [0.0, 0.0, 0.0, 0.0, 0.0, 0.0, 0.0, 0.0, 0.0, 0.0]
  Rec:  [0.0, 0.0, 0.0, 0.0, 0.0, 0.0, 0.0, 0.0, 0.0, 0.0]
  F1:   [0.0, 0.0, 0.0, 0.0, 0.0, 0.0, 0.0, 0.0, 0.0, 0.0]
  AUC:  [0.0, 0.0, 0.0, 0.0, 0.0, 0.0, 0.0, 0.0, 0.0, 0.0]
Best TI-RADS F1: 0.0000 at epoch 5

==========================================================

========== Training Completed ==========
Training completed at Wed Jan 14 15:20:01 2026
