Training started at Sun May 10 21:01:29 2026
Method: dino_unet
Dataset: train_multitask_FTCPTC_with_single_label
Epochs: 20
Target Key: FTCPTC
LR: 0.0001
Batch Size: 12
Image Size: 224 x 224
DINO pretrained: True
Use Dilation: False
First sample: filename=2016/刘桂英/刘桂英_01_0002_0002.jpg, image=/mnt/wangbd8/workspace/DataSets/ThyroidAgent/Classifaction_Data/Malignant_ultrasound_images_cropped/2016/刘桂英/刘桂英_01_0002_0002.jpg, mask=/mnt/wangbd8/workspace/DataSets/ThyroidAgent/Classifaction_Data/Malignant_ultrasound_images_cropped_predictions/2016/刘桂英/刘桂英_01_0002_0002.png, target=0
Training set - FTCPTC: Negative=860 (91.59%), Positive=79 (8.41%), Missing=0
Auto-adjusted tau=1.00 (imbalance_ratio=10.89)
GLA parameters for FTCPTC: p_neg=0.9159, p_pos=0.0841, tau=1.00
Logit adjustment magnitude: 2.3875
Loss weights: seg=1.0, cls=1.0
GA-MTL schedule per optimizer step: ['seg', 'cls']
steps_per_epoch (optimizer steps): 39
Epoch:1: seg_loss(avg):1.0148, cls_loss(avg):0.5002
Epoch:2: seg_loss(avg):0.7887, cls_loss(avg):0.4866

Validating epoch 2 on all test datasets...
Testing on FTCPTC...
  FTCPTC - Dice: 0.6436, HD95: 28.2018
  FTCPTC - FTCPTC: Acc=0.6687, Prec=0.0000, Rec=0.0000, F1=0.0000, AUROC=0.5528, AUPRC=0.4476, ECE=0.2834
Epoch:3: seg_loss(avg):0.6952, cls_loss(avg):0.5151
Epoch:4: seg_loss(avg):0.7000, cls_loss(avg):0.4901

Validating epoch 4 on all test datasets...
Testing on FTCPTC...
  FTCPTC - Dice: 0.7743, HD95: 13.3160
  FTCPTC - FTCPTC: Acc=0.6687, Prec=0.0000, Rec=0.0000, F1=0.0000, AUROC=0.5333, AUPRC=0.4581, ECE=0.2577
Epoch:5: seg_loss(avg):0.6319, cls_loss(avg):0.4429
Saved checkpoint at epoch 5
Epoch:6: seg_loss(avg):0.5858, cls_loss(avg):0.5062

Validating epoch 6 on all test datasets...
Testing on FTCPTC...
  FTCPTC - Dice: 0.8293, HD95: 9.4252
  FTCPTC - FTCPTC: Acc=0.6687, Prec=0.0000, Rec=0.0000, F1=0.0000, AUROC=0.3591, AUPRC=0.2875, ECE=0.2570
Epoch:7: seg_loss(avg):0.5532, cls_loss(avg):0.4849
Epoch:8: seg_loss(avg):0.5175, cls_loss(avg):0.5071

Validating epoch 8 on all test datasets...
Testing on FTCPTC...
  FTCPTC - Dice: 0.8426, HD95: 7.0639
  FTCPTC - FTCPTC: Acc=0.6687, Prec=0.0000, Rec=0.0000, F1=0.0000, AUROC=0.4766, AUPRC=0.3323, ECE=0.2454
Epoch:9: seg_loss(avg):0.4946, cls_loss(avg):0.4700
Epoch:10: seg_loss(avg):0.4755, cls_loss(avg):0.4670
Saved checkpoint at epoch 10

Validating epoch 10 on all test datasets...
Testing on FTCPTC...
  FTCPTC - Dice: 0.8339, HD95: 8.8695
  FTCPTC - FTCPTC: Acc=0.6687, Prec=0.0000, Rec=0.0000, F1=0.0000, AUROC=0.4513, AUPRC=0.3172, ECE=0.2603
Epoch:11: seg_loss(avg):0.4561, cls_loss(avg):0.4973
Epoch:12: seg_loss(avg):0.4442, cls_loss(avg):0.5037

Validating epoch 12 on all test datasets...
Testing on FTCPTC...
  FTCPTC - Dice: 0.8558, HD95: 7.4816
  FTCPTC - FTCPTC: Acc=0.6687, Prec=0.0000, Rec=0.0000, F1=0.0000, AUROC=0.4385, AUPRC=0.3141, ECE=0.2480
Epoch:13: seg_loss(avg):0.4178, cls_loss(avg):0.4989
Epoch:14: seg_loss(avg):0.4143, cls_loss(avg):0.4388

Validating epoch 14 on all test datasets...
Testing on FTCPTC...
  FTCPTC - Dice: 0.8575, HD95: 6.7313
  FTCPTC - FTCPTC: Acc=0.6687, Prec=0.0000, Rec=0.0000, F1=0.0000, AUROC=0.4471, AUPRC=0.3209, ECE=0.2568
Epoch:15: seg_loss(avg):0.4001, cls_loss(avg):0.5096
Saved checkpoint at epoch 15
Epoch:16: seg_loss(avg):0.3928, cls_loss(avg):0.4500

Validating epoch 16 on all test datasets...
Testing on FTCPTC...
  FTCPTC - Dice: 0.8576, HD95: 6.6995
  FTCPTC - FTCPTC: Acc=0.6687, Prec=0.0000, Rec=0.0000, F1=0.0000, AUROC=0.4513, AUPRC=0.3220, ECE=0.2453
Epoch:17: seg_loss(avg):0.3807, cls_loss(avg):0.4203
Epoch:18: seg_loss(avg):0.3812, cls_loss(avg):0.4908

Validating epoch 18 on all test datasets...
Testing on FTCPTC...
  FTCPTC - Dice: 0.8644, HD95: 6.6779
  FTCPTC - FTCPTC: Acc=0.6687, Prec=0.0000, Rec=0.0000, F1=0.0000, AUROC=0.4493, AUPRC=0.3207, ECE=0.2521
Epoch:19: seg_loss(avg):0.3765, cls_loss(avg):0.5193
Epoch:20: seg_loss(avg):0.3692, cls_loss(avg):0.4988
Saved checkpoint at epoch 20

Validating epoch 20 on all test datasets...
Testing on FTCPTC...
  FTCPTC - Dice: 0.8652, HD95: 6.5592
  FTCPTC - FTCPTC: Acc=0.6687, Prec=0.0000, Rec=0.0000, F1=0.0000, AUROC=0.4483, AUPRC=0.3203, ECE=0.2502

========== Evaluation Summary (All Test Records) ==========


Dataset: FTCPTC
Eval epochs: [2, 4, 6, 8, 10, 12, 14, 16, 18, 20]
Dice per eval: [0.6435999870300293, 0.7742999792098999, 0.8292999863624573, 0.8425999879837036, 0.833899974822998, 0.8557999730110168, 0.8575000166893005, 0.8575999736785889, 0.8644000291824341, 0.8651999831199646]
HD95 per eval: [28.201799392700195, 13.315999984741211, 9.425200462341309, 7.063899993896484, 8.869500160217285, 7.481599807739258, 6.731299877166748, 6.69950008392334, 6.6778998374938965, 6.559199810028076]
Best Dice: 0.8652 at epoch 20
Best HD95: 6.5592 at epoch 20

FTCPTC metrics per eval:
  Acc:  [0.6687, 0.6687, 0.6687, 0.6687, 0.6687, 0.6687, 0.6687, 0.6687, 0.6687, 0.6687]
  Prec: [0.0, 0.0, 0.0, 0.0, 0.0, 0.0, 0.0, 0.0, 0.0, 0.0]
  Rec:  [0.0, 0.0, 0.0, 0.0, 0.0, 0.0, 0.0, 0.0, 0.0, 0.0]
  F1:   [0.0, 0.0, 0.0, 0.0, 0.0, 0.0, 0.0, 0.0, 0.0, 0.0]
  AUROC:[0.5528, 0.5333, 0.3591, 0.4766, 0.4513, 0.4385, 0.4471, 0.4513, 0.4493, 0.4483]
  AUPRC:[0.4476, 0.4581, 0.2875, 0.3323, 0.3172, 0.3141, 0.3209, 0.322, 0.3207, 0.3203]
  ECE:  [0.2834, 0.2577, 0.257, 0.2454, 0.2603, 0.248, 0.2568, 0.2453, 0.2521, 0.2502]
Best FTCPTC F1: 0.0000 at epoch 2

==========================================================

========== Training Completed ==========
Training completed at Sun May 10 21:05:06 2026
