Training started at Sat Jan 10 23:43:56 2026
Method: dino_unet
Dataset: diff_size_train_multitask_dataset4
Epochs: 50
LR: 0.0001
Batch Size: 12
Image Size: 448 x 448
DINO pretrained: True
Use Dilation: False
Training set - Benign/Malignant: Benign=25859 (73.49%), Malignant=9327 (26.51%)
Auto-adjusted tau=1.00 (imbalance_ratio=2.77)
GLA parameters: p_benign=0.7349, p_malignant=0.2651, tau=1.00
Logit adjustment magnitude: 1.0197
Training set - TI-RADS distribution (1-5): [52, 892, 4931, 7230, 4307]
TI-RADS probabilities: [0.0029864460229873657, 0.05122903734445572, 0.28319549560546875, 0.4152308702468872, 0.24735814332962036]
Loss weights: seg=1.0, bm=1.0, tirads=1.0
GA-MTL schedule per optimizer step: ['seg', 'bm', 'tirads']
steps_per_epoch (optimizer steps): 977
Epoch:1: seg_loss(avg):0.6014, bm_loss(avg):0.5928, tirads_loss(avg):1.0646
Epoch:2: seg_loss(avg):0.5016, bm_loss(avg):0.3726, tirads_loss(avg):0.5569
Epoch:3: seg_loss(avg):0.4752, bm_loss(avg):0.3123, tirads_loss(avg):0.2602
Epoch:4: seg_loss(avg):0.4533, bm_loss(avg):0.2677, tirads_loss(avg):0.1399
Epoch:5: seg_loss(avg):0.4388, bm_loss(avg):0.2558, tirads_loss(avg):0.0962
Saved checkpoint at epoch 5

Validating epoch 5 on all test datasets...
Testing on TN3K...
  TN3K - Dice: 0.8064, HD95: 29.4192
  TN3K - BM: Acc=0.5861, Prec=0.4796, Rec=0.8980, F1=0.6249, AUROC=0.7891, AUPRC=0.7247
  TN3K - TI-RADS: Acc=0.0000, Prec=0.0000, Rec=0.0000, F1=0.0000, AUC=0.0000
Testing on DDTI...
  DDTI - Dice: 0.7781, HD95: 32.8487
  DDTI - BM: Acc=0.0000, Prec=0.0000, Rec=0.0000, F1=0.0000, AUROC=0.0000, AUPRC=0.0000
  DDTI - TI-RADS: Acc=0.0000, Prec=0.0000, Rec=0.0000, F1=0.0000, AUC=0.0000
Testing on ThyroidXL...
  ThyroidXL - Dice: 0.7858, HD95: 29.9497
  ThyroidXL - BM: Acc=0.7927, Prec=0.7904, Rec=0.7534, F1=0.7714, AUROC=0.8727, AUPRC=0.8480
  ThyroidXL - TI-RADS: Acc=0.0000, Prec=0.0000, Rec=0.0000, F1=0.0000, AUC=0.0000
Testing on PKTN...
  PKTN - Dice: 0.7810, HD95: 27.0356
  PKTN - BM: Acc=0.0000, Prec=0.0000, Rec=0.0000, F1=0.0000, AUROC=0.0000, AUPRC=0.0000
  PKTN - TI-RADS: Acc=0.0000, Prec=0.0000, Rec=0.0000, F1=0.0000, AUC=0.0000
Testing on TN5K...
  TN5K - Dice: 0.8092, HD95: 20.3552
  TN5K - BM: Acc=0.8374, Prec=0.8275, Rec=0.9822, F1=0.8982, AUROC=0.9214, AUPRC=0.9689
  TN5K - TI-RADS: Acc=0.0000, Prec=0.0000, Rec=0.0000, F1=0.0000, AUC=0.0000
Epoch:6: seg_loss(avg):0.4334, bm_loss(avg):0.2390, tirads_loss(avg):0.1110
Epoch:7: seg_loss(avg):0.4208, bm_loss(avg):0.2328, tirads_loss(avg):0.0644
Epoch:8: seg_loss(avg):0.4069, bm_loss(avg):0.2187, tirads_loss(avg):0.0476
Epoch:9: seg_loss(avg):0.4058, bm_loss(avg):0.2169, tirads_loss(avg):0.0485
Epoch:10: seg_loss(avg):0.4034, bm_loss(avg):0.2126, tirads_loss(avg):0.0554
Saved checkpoint at epoch 10

Validating epoch 10 on all test datasets...
Testing on TN3K...
  TN3K - Dice: 0.8302, HD95: 24.3359
  TN3K - BM: Acc=0.7058, Prec=0.6010, Rec=0.6992, F1=0.6459, AUROC=0.7819, AUPRC=0.7140
  TN3K - TI-RADS: Acc=0.0000, Prec=0.0000, Rec=0.0000, F1=0.0000, AUC=0.0000
Testing on DDTI...
  DDTI - Dice: 0.7783, HD95: 35.2247
  DDTI - BM: Acc=0.0000, Prec=0.0000, Rec=0.0000, F1=0.0000, AUROC=0.0000, AUPRC=0.0000
  DDTI - TI-RADS: Acc=0.0000, Prec=0.0000, Rec=0.0000, F1=0.0000, AUC=0.0000
Testing on ThyroidXL...
  ThyroidXL - Dice: 0.8644, HD95: 13.2504
  ThyroidXL - BM: Acc=0.7887, Prec=0.9341, Rec=0.5863, F1=0.7203, AUROC=0.9379, AUPRC=0.9229
  ThyroidXL - TI-RADS: Acc=0.0000, Prec=0.0000, Rec=0.0000, F1=0.0000, AUC=0.0000
Testing on PKTN...
  PKTN - Dice: 0.7942, HD95: 26.6897
  PKTN - BM: Acc=0.0000, Prec=0.0000, Rec=0.0000, F1=0.0000, AUROC=0.0000, AUPRC=0.0000
  PKTN - TI-RADS: Acc=0.0000, Prec=0.0000, Rec=0.0000, F1=0.0000, AUC=0.0000
Testing on TN5K...
  TN5K - Dice: 0.8187, HD95: 20.9781
  TN5K - BM: Acc=0.8740, Prec=0.9352, Rec=0.8892, F1=0.9116, AUROC=0.9417, AUPRC=0.9768
  TN5K - TI-RADS: Acc=0.0000, Prec=0.0000, Rec=0.0000, F1=0.0000, AUC=0.0000
Epoch:11: seg_loss(avg):0.3795, bm_loss(avg):0.2015, tirads_loss(avg):0.0136
Epoch:12: seg_loss(avg):0.3985, bm_loss(avg):0.2025, tirads_loss(avg):0.0657
Epoch:13: seg_loss(avg):0.3713, bm_loss(avg):0.1963, tirads_loss(avg):0.0115
Epoch:14: seg_loss(avg):0.3656, bm_loss(avg):0.1820, tirads_loss(avg):0.0038
Epoch:15: seg_loss(avg):0.3624, bm_loss(avg):0.1858, tirads_loss(avg):0.0050
Saved checkpoint at epoch 15

Validating epoch 15 on all test datasets...
Testing on TN3K...
  TN3K - Dice: 0.8347, HD95: 23.6503
  TN3K - BM: Acc=0.6741, Prec=0.5497, Rec=0.8431, F1=0.6651, AUROC=0.8120, AUPRC=0.7533
  TN3K - TI-RADS: Acc=0.0000, Prec=0.0000, Rec=0.0000, F1=0.0000, AUC=0.0000
Testing on DDTI...
  DDTI - Dice: 0.7854, HD95: 32.0112
  DDTI - BM: Acc=0.0000, Prec=0.0000, Rec=0.0000, F1=0.0000, AUROC=0.0000, AUPRC=0.0000
  DDTI - TI-RADS: Acc=0.0000, Prec=0.0000, Rec=0.0000, F1=0.0000, AUC=0.0000
Testing on ThyroidXL...
  ThyroidXL - Dice: 0.8738, HD95: 11.8559
  ThyroidXL - BM: Acc=0.8358, Prec=0.7733, Rec=0.9145, F1=0.8379, AUROC=0.9236, AUPRC=0.9081
  ThyroidXL - TI-RADS: Acc=0.0000, Prec=0.0000, Rec=0.0000, F1=0.0000, AUC=0.0000
Testing on PKTN...
  PKTN - Dice: 0.8089, HD95: 23.0499
  PKTN - BM: Acc=0.0000, Prec=0.0000, Rec=0.0000, F1=0.0000, AUROC=0.0000, AUPRC=0.0000
  PKTN - TI-RADS: Acc=0.0000, Prec=0.0000, Rec=0.0000, F1=0.0000, AUC=0.0000
Testing on TN5K...
  TN5K - Dice: 0.8331, HD95: 17.3538
  TN5K - BM: Acc=0.8859, Prec=0.8822, Rec=0.9740, F1=0.9258, AUROC=0.9413, AUPRC=0.9763
  TN5K - TI-RADS: Acc=0.0000, Prec=0.0000, Rec=0.0000, F1=0.0000, AUC=0.0000
Epoch:16: seg_loss(avg):0.3703, bm_loss(avg):0.1752, tirads_loss(avg):0.0392
Epoch:17: seg_loss(avg):0.3554, bm_loss(avg):0.1637, tirads_loss(avg):0.0253
Epoch:18: seg_loss(avg):0.3464, bm_loss(avg):0.1669, tirads_loss(avg):0.0036
Epoch:19: seg_loss(avg):0.3440, bm_loss(avg):0.1575, tirads_loss(avg):0.0009
Epoch:20: seg_loss(avg):0.3552, bm_loss(avg):0.1469, tirads_loss(avg):0.0397
Saved checkpoint at epoch 20

Validating epoch 20 on all test datasets...
Testing on TN3K...
  TN3K - Dice: 0.8348, HD95: 23.4817
  TN3K - BM: Acc=0.6073, Prec=0.4942, Rec=0.8897, F1=0.6350, AUROC=0.7881, AUPRC=0.7252
  TN3K - TI-RADS: Acc=0.0000, Prec=0.0000, Rec=0.0000, F1=0.0000, AUC=0.0000
Testing on DDTI...
  DDTI - Dice: 0.7582, HD95: 36.5441
  DDTI - BM: Acc=0.0000, Prec=0.0000, Rec=0.0000, F1=0.0000, AUROC=0.0000, AUPRC=0.0000
  DDTI - TI-RADS: Acc=0.0000, Prec=0.0000, Rec=0.0000, F1=0.0000, AUC=0.0000
Testing on ThyroidXL...
  ThyroidXL - Dice: 0.8719, HD95: 11.6264
  ThyroidXL - BM: Acc=0.8586, Prec=0.8891, Rec=0.7947, F1=0.8392, AUROC=0.9336, AUPRC=0.9209
  ThyroidXL - TI-RADS: Acc=0.0000, Prec=0.0000, Rec=0.0000, F1=0.0000, AUC=0.0000
Testing on PKTN...
  PKTN - Dice: 0.8110, HD95: 22.4615
  PKTN - BM: Acc=0.0000, Prec=0.0000, Rec=0.0000, F1=0.0000, AUROC=0.0000, AUPRC=0.0000
  PKTN - TI-RADS: Acc=0.0000, Prec=0.0000, Rec=0.0000, F1=0.0000, AUC=0.0000
Testing on TN5K...
  TN5K - Dice: 0.8358, HD95: 17.1427
  TN5K - BM: Acc=0.8891, Prec=0.8974, Rec=0.9578, F1=0.9266, AUROC=0.9419, AUPRC=0.9754
  TN5K - TI-RADS: Acc=0.0000, Prec=0.0000, Rec=0.0000, F1=0.0000, AUC=0.0000
Epoch:21: seg_loss(avg):0.3381, bm_loss(avg):0.1296, tirads_loss(avg):0.0056
Epoch:22: seg_loss(avg):0.3285, bm_loss(avg):0.1347, tirads_loss(avg):0.0051
