Training started at Thu May  7 19:10:49 2026
Method: dino_unet
Dataset: train_multitask_FTCPTC_segcls
Epochs: 20
Target Key: FTCPTC
LR: 1e-05
Batch Size: 12
Image Size: 224 x 224
DINO pretrained: True
Use Dilation: False
Using DataLoader shuffle=True, dataset_size=2000, batch_size=12, drop_last=True
First sample: filename=2023/杨胜坤/杨胜坤_01_0016_0016.jpg, image=/mnt/wangbd8/workspace/DataSets/ThyroidAgent/Classifaction_Data/Malignant_ultrasound_images_cropped/2023/杨胜坤/杨胜坤_01_0016_0016.jpg, mask=/mnt/wangbd8/workspace/DataSets/ThyroidAgent/Classifaction_Data/Malignant_ultrasound_images_cropped_predictions/2023/杨胜坤/杨胜坤_01_0016_0016.png, target=0
Loss weights: seg=1.0, cls=1.0
Classification pos_weight: 2.0
GA-MTL schedule per optimizer step: ['seg', 'cls']
steps_per_epoch (optimizer steps): 83
Epoch:1: seg_loss(avg):1.2066, cls_loss(avg):0.9587
Epoch:2: seg_loss(avg):0.9759, cls_loss(avg):0.9600
Epoch:3: seg_loss(avg):0.8627, cls_loss(avg):0.9496
Epoch:4: seg_loss(avg):0.7997, cls_loss(avg):0.9361
Epoch:5: seg_loss(avg):0.7700, cls_loss(avg):0.9356
Saved checkpoint at epoch 5

Validating epoch 5 on all test datasets...
Testing on FTCPTC...
  FTCPTC - Dice: 0.6790, HD95: 24.1266
  FTCPTC - FTCPTC: Acc=0.3240, Prec=0.3157, Rec=0.9199, F1=0.4697, AUROC=0.4033, AUPRC=0.2756, ECE=0.3522
Epoch:6: seg_loss(avg):0.7455, cls_loss(avg):0.9352
Epoch:7: seg_loss(avg):0.7177, cls_loss(avg):0.9097
Epoch:8: seg_loss(avg):0.6933, cls_loss(avg):0.8576
Epoch:9: seg_loss(avg):0.6791, cls_loss(avg):0.8487
Epoch:10: seg_loss(avg):0.6598, cls_loss(avg):0.8192
Saved checkpoint at epoch 10

Validating epoch 10 on all test datasets...
Testing on FTCPTC...
  FTCPTC - Dice: 0.7313, HD95: 17.9721
  FTCPTC - FTCPTC: Acc=0.3858, Prec=0.3054, Rec=0.6939, F1=0.4236, AUROC=0.4661, AUPRC=0.3254, ECE=0.3487
Epoch:11: seg_loss(avg):0.6545, cls_loss(avg):0.7662
Epoch:12: seg_loss(avg):0.6632, cls_loss(avg):0.7471
Epoch:13: seg_loss(avg):0.6548, cls_loss(avg):0.7079
Epoch:14: seg_loss(avg):0.6394, cls_loss(avg):0.6758
Epoch:15: seg_loss(avg):0.6437, cls_loss(avg):0.6638
Saved checkpoint at epoch 15

Validating epoch 15 on all test datasets...
Testing on FTCPTC...
  FTCPTC - Dice: 0.7414, HD95: 17.1043
  FTCPTC - FTCPTC: Acc=0.4939, Prec=0.3200, Rec=0.4913, F1=0.3870, AUROC=0.4737, AUPRC=0.3317, ECE=0.2993
Epoch:16: seg_loss(avg):0.6365, cls_loss(avg):0.6228
Epoch:17: seg_loss(avg):0.6340, cls_loss(avg):0.6191
Epoch:18: seg_loss(avg):0.6382, cls_loss(avg):0.6011
Epoch:19: seg_loss(avg):0.6262, cls_loss(avg):0.5807
Epoch:20: seg_loss(avg):0.6250, cls_loss(avg):0.5662
Saved checkpoint at epoch 20

Validating epoch 20 on all test datasets...
Testing on FTCPTC...
  FTCPTC - Dice: 0.7423, HD95: 17.2248
  FTCPTC - FTCPTC: Acc=0.4980, Prec=0.3295, Rec=0.5220, F1=0.4034, AUROC=0.4881, AUPRC=0.3402, ECE=0.3083

========== Evaluation Summary (All Test Records) ==========


Dataset: FTCPTC
Eval epochs: [5, 10, 15, 20]
Dice per eval: [0.6790000200271606, 0.7312999963760376, 0.7414000034332275, 0.7422999739646912]
HD95 per eval: [24.12660026550293, 17.97209930419922, 17.104299545288086, 17.22480010986328]
Best Dice: 0.7423 at epoch 20
Best HD95: 17.1043 at epoch 15

FTCPTC metrics per eval:
  Acc:  [0.324, 0.3858, 0.4939, 0.498]
  Prec: [0.3157, 0.3054, 0.32, 0.3295]
  Rec:  [0.9199, 0.6939, 0.4913, 0.522]
  F1:   [0.4697, 0.4236, 0.387, 0.4034]
  AUROC:[0.4033, 0.4661, 0.4737, 0.4881]
  AUPRC:[0.2756, 0.3254, 0.3317, 0.3402]
  ECE:  [0.3522, 0.3487, 0.2993, 0.3083]
Best FTCPTC F1: 0.4697 at epoch 5

==========================================================

========== Training Completed ==========
Training completed at Thu May  7 19:15:17 2026
