Training started at Sun Feb  1 11:40:01 2026
Method: dino_unet
Dataset: gamtl_train_multitask_dataset_2
Epochs: 50
LR: 0.0001
Batch Size: 12
Image Size: 224 x 224
DINO pretrained: True
Use Dilation: True
Training set - Benign/Malignant: Benign=7971 (65.69%), Malignant=4163 (34.31%)
Auto-adjusted tau=0.70 (imbalance_ratio=1.91)
GLA parameters: p_benign=0.6569, p_malignant=0.3431, tau=0.70
Logit adjustment magnitude: 0.4547
Training set - TI-RADS distribution (1-5): [0, 0, 0, 0, 0]
TI-RADS probabilities: [0.20000000298023224, 0.20000000298023224, 0.20000000298023224, 0.20000000298023224, 0.20000000298023224]
Loss weights: seg=1.0, bm=1.0, tirads=1.0
GA-MTL schedule per optimizer step: ['seg', 'bm']
steps_per_epoch (optimizer steps): 505
Epoch:1: seg_loss(avg):0.6222, bm_loss(avg):0.5871, tirads_loss(avg):0.0000
Epoch:2: seg_loss(avg):0.4893, bm_loss(avg):0.4703, tirads_loss(avg):0.0000
Epoch:3: seg_loss(avg):0.4633, bm_loss(avg):0.4024, tirads_loss(avg):0.0000
Epoch:4: seg_loss(avg):0.4443, bm_loss(avg):0.3852, tirads_loss(avg):0.0000
Epoch:5: seg_loss(avg):0.4302, bm_loss(avg):0.3529, tirads_loss(avg):0.0000
Saved checkpoint at epoch 5
Epoch:6: seg_loss(avg):0.4353, bm_loss(avg):0.3265, tirads_loss(avg):0.0000
Epoch:7: seg_loss(avg):0.4252, bm_loss(avg):0.3121, tirads_loss(avg):0.0000
Epoch:8: seg_loss(avg):0.4176, bm_loss(avg):0.2966, tirads_loss(avg):0.0000
Epoch:9: seg_loss(avg):0.4112, bm_loss(avg):0.2878, tirads_loss(avg):0.0000
Epoch:10: seg_loss(avg):0.4029, bm_loss(avg):0.2721, tirads_loss(avg):0.0000
Saved checkpoint at epoch 10
Epoch:11: seg_loss(avg):0.4086, bm_loss(avg):0.2655, tirads_loss(avg):0.0000
Epoch:12: seg_loss(avg):0.3949, bm_loss(avg):0.2347, tirads_loss(avg):0.0000
Epoch:13: seg_loss(avg):0.3927, bm_loss(avg):0.2089, tirads_loss(avg):0.0000
Epoch:14: seg_loss(avg):0.3911, bm_loss(avg):0.2136, tirads_loss(avg):0.0000
Epoch:15: seg_loss(avg):0.3866, bm_loss(avg):0.1893, tirads_loss(avg):0.0000
Saved checkpoint at epoch 15
Epoch:16: seg_loss(avg):0.3798, bm_loss(avg):0.1819, tirads_loss(avg):0.0000
Epoch:17: seg_loss(avg):0.3776, bm_loss(avg):0.1700, tirads_loss(avg):0.0000
Epoch:18: seg_loss(avg):0.3758, bm_loss(avg):0.1464, tirads_loss(avg):0.0000
Epoch:19: seg_loss(avg):0.3702, bm_loss(avg):0.1496, tirads_loss(avg):0.0000
Epoch:20: seg_loss(avg):0.3683, bm_loss(avg):0.1310, tirads_loss(avg):0.0000
Saved checkpoint at epoch 20
Epoch:21: seg_loss(avg):0.3654, bm_loss(avg):0.1192, tirads_loss(avg):0.0000
Epoch:22: seg_loss(avg):0.3610, bm_loss(avg):0.1167, tirads_loss(avg):0.0000
Epoch:23: seg_loss(avg):0.3521, bm_loss(avg):0.0990, tirads_loss(avg):0.0000
Epoch:24: seg_loss(avg):0.3489, bm_loss(avg):0.0909, tirads_loss(avg):0.0000
Epoch:25: seg_loss(avg):0.3452, bm_loss(avg):0.0899, tirads_loss(avg):0.0000
Saved checkpoint at epoch 25
Epoch:26: seg_loss(avg):0.3446, bm_loss(avg):0.0784, tirads_loss(avg):0.0000
Epoch:27: seg_loss(avg):0.3441, bm_loss(avg):0.0626, tirads_loss(avg):0.0000
Epoch:28: seg_loss(avg):0.3376, bm_loss(avg):0.0667, tirads_loss(avg):0.0000
Epoch:29: seg_loss(avg):0.3374, bm_loss(avg):0.0595, tirads_loss(avg):0.0000
Epoch:30: seg_loss(avg):0.3308, bm_loss(avg):0.0619, tirads_loss(avg):0.0000
Saved checkpoint at epoch 30
Epoch:31: seg_loss(avg):0.3313, bm_loss(avg):0.0435, tirads_loss(avg):0.0000
Epoch:32: seg_loss(avg):0.3245, bm_loss(avg):0.0407, tirads_loss(avg):0.0000
Epoch:33: seg_loss(avg):0.3198, bm_loss(avg):0.0295, tirads_loss(avg):0.0000
Epoch:34: seg_loss(avg):0.3204, bm_loss(avg):0.0338, tirads_loss(avg):0.0000
Epoch:35: seg_loss(avg):0.3136, bm_loss(avg):0.0265, tirads_loss(avg):0.0000
Saved checkpoint at epoch 35
Epoch:36: seg_loss(avg):0.3108, bm_loss(avg):0.0207, tirads_loss(avg):0.0000
Epoch:37: seg_loss(avg):0.3100, bm_loss(avg):0.0272, tirads_loss(avg):0.0000
Epoch:38: seg_loss(avg):0.3044, bm_loss(avg):0.0179, tirads_loss(avg):0.0000
Epoch:39: seg_loss(avg):0.3012, bm_loss(avg):0.0190, tirads_loss(avg):0.0000
Epoch:40: seg_loss(avg):0.3013, bm_loss(avg):0.0210, tirads_loss(avg):0.0000
Saved checkpoint at epoch 40
Epoch:41: seg_loss(avg):0.2976, bm_loss(avg):0.0083, tirads_loss(avg):0.0000
Epoch:42: seg_loss(avg):0.2943, bm_loss(avg):0.0105, tirads_loss(avg):0.0000
Epoch:43: seg_loss(avg):0.2911, bm_loss(avg):0.0145, tirads_loss(avg):0.0000
Epoch:44: seg_loss(avg):0.2889, bm_loss(avg):0.0076, tirads_loss(avg):0.0000
Epoch:45: seg_loss(avg):0.2907, bm_loss(avg):0.0109, tirads_loss(avg):0.0000
Saved checkpoint at epoch 45
Epoch:46: seg_loss(avg):0.2896, bm_loss(avg):0.0101, tirads_loss(avg):0.0000
Epoch:47: seg_loss(avg):0.2864, bm_loss(avg):0.0069, tirads_loss(avg):0.0000
Epoch:48: seg_loss(avg):0.2879, bm_loss(avg):0.0092, tirads_loss(avg):0.0000
Epoch:49: seg_loss(avg):0.2855, bm_loss(avg):0.0071, tirads_loss(avg):0.0000
Epoch:50: seg_loss(avg):0.2881, bm_loss(avg):0.0084, tirads_loss(avg):0.0000
Saved checkpoint at epoch 50

Validating epoch 50 on all test datasets...
Testing on TN3K...
  TN3K - Dice: 0.8164, HD95: 13.8445
  TN3K - BM: Acc=0.8702, Prec=0.8614, Rec=0.8717, F1=0.8663, AUROC=0.9349, AUPRC=0.9362
  TN3K - TI-RADS: Acc=0.0000, Prec=0.0000, Rec=0.0000, F1=0.0000, AUC=0.0000
Testing on DDTI...
  DDTI - Dice: 0.7520, HD95: 20.3838
  DDTI - BM: Acc=0.0000, Prec=0.0000, Rec=0.0000, F1=0.0000, AUROC=0.0000, AUPRC=0.0000
  DDTI - TI-RADS: Acc=0.0000, Prec=0.0000, Rec=0.0000, F1=0.0000, AUC=0.0000
Testing on ThyroidXL...
  ThyroidXL - Dice: 0.8812, HD95: 4.9807
  ThyroidXL - BM: Acc=0.8965, Prec=0.8094, Rec=0.8051, F1=0.8071, AUROC=0.9488, AUPRC=0.8703
  ThyroidXL - TI-RADS: Acc=0.0000, Prec=0.0000, Rec=0.0000, F1=0.0000, AUC=0.0000
Testing on PKTN...
  PKTN - Dice: 0.7966, HD95: 11.2227
  PKTN - BM: Acc=0.0000, Prec=0.0000, Rec=0.0000, F1=0.0000, AUROC=0.0000, AUPRC=0.0000
  PKTN - TI-RADS: Acc=0.0000, Prec=0.0000, Rec=0.0000, F1=0.0000, AUC=0.0000
Testing on TN5K...
  TN5K - Dice: 0.7399, HD95: 14.1633
  TN5K - BM: Acc=0.7505, Prec=0.8448, Rec=0.7913, F1=0.8170, AUROC=0.8016, AUPRC=0.8774
  TN5K - TI-RADS: Acc=0.0000, Prec=0.0000, Rec=0.0000, F1=0.0000, AUC=0.0000
Testing on Cine-Clip...
  Cine-Clip - Dice: 0.6860, HD95: 21.8570
  Cine-Clip - BM: Acc=0.7360, Prec=0.2574, Rec=0.6416, F1=0.3672, AUROC=0.7735, AUPRC=0.4707
  Cine-Clip - TI-RADS: Acc=0.0767, Prec=0.0397, Rec=0.2266, F1=0.0531, AUC=0.4915

========== Evaluation Summary (All Test Records) ==========

Dataset: TN3K
Eval epochs: [50]
Dice per eval: [0.8163999915122986]
HD95 per eval: [13.844499588012695]
Best Dice: 0.8164 at epoch 50
Best HD95: 13.8445 at epoch 50

BM metrics per eval:
  Acc:  [0.8702]
  Prec: [0.8614]
  Rec:  [0.8717]
  F1:   [0.8663]
  AUROC:[0.9349]
  AUPRC:[0.9362]
Best BM F1: 0.8663 at epoch 50

TI-RADS metrics per eval:
  Acc:  [0.0]
  Prec: [0.0]
  Rec:  [0.0]
  F1:   [0.0]
  AUC:  [0.0]
Best TI-RADS F1: 0.0000 at epoch 50

Dataset: DDTI
Eval epochs: [50]
Dice per eval: [0.7519999742507935]
HD95 per eval: [20.383800506591797]
Best Dice: 0.7520 at epoch 50
Best HD95: 20.3838 at epoch 50

BM metrics per eval:
  Acc:  [0.0]
  Prec: [0.0]
  Rec:  [0.0]
  F1:   [0.0]
  AUROC:[0.0]
  AUPRC:[0.0]
Best BM F1: 0.0000 at epoch 50

TI-RADS metrics per eval:
  Acc:  [0.0]
  Prec: [0.0]
  Rec:  [0.0]
  F1:   [0.0]
  AUC:  [0.0]
Best TI-RADS F1: 0.0000 at epoch 50

Dataset: ThyroidXL
Eval epochs: [50]
Dice per eval: [0.8812000155448914]
HD95 per eval: [4.9807000160217285]
Best Dice: 0.8812 at epoch 50
Best HD95: 4.9807 at epoch 50

BM metrics per eval:
  Acc:  [0.8965]
  Prec: [0.8094]
  Rec:  [0.8051]
  F1:   [0.8071]
  AUROC:[0.9488]
  AUPRC:[0.8703]
Best BM F1: 0.8071 at epoch 50

TI-RADS metrics per eval:
  Acc:  [0.0]
  Prec: [0.0]
  Rec:  [0.0]
  F1:   [0.0]
  AUC:  [0.0]
Best TI-RADS F1: 0.0000 at epoch 50

Dataset: PKTN
Eval epochs: [50]
Dice per eval: [0.7965999841690063]
HD95 per eval: [11.222700119018555]
Best Dice: 0.7966 at epoch 50
Best HD95: 11.2227 at epoch 50

BM metrics per eval:
  Acc:  [0.0]
  Prec: [0.0]
  Rec:  [0.0]
  F1:   [0.0]
  AUROC:[0.0]
  AUPRC:[0.0]
Best BM F1: 0.0000 at epoch 50

TI-RADS metrics per eval:
  Acc:  [0.0]
  Prec: [0.0]
  Rec:  [0.0]
  F1:   [0.0]
  AUC:  [0.0]
Best TI-RADS F1: 0.0000 at epoch 50

Dataset: TN5K
Eval epochs: [50]
Dice per eval: [0.7398999929428101]
HD95 per eval: [14.163299560546875]
Best Dice: 0.7399 at epoch 50
Best HD95: 14.1633 at epoch 50

BM metrics per eval:
  Acc:  [0.7505]
  Prec: [0.8448]
  Rec:  [0.7913]
  F1:   [0.817]
  AUROC:[0.8016]
  AUPRC:[0.8774]
Best BM F1: 0.8170 at epoch 50

TI-RADS metrics per eval:
  Acc:  [0.0]
  Prec: [0.0]
  Rec:  [0.0]
  F1:   [0.0]
  AUC:  [0.0]
Best TI-RADS F1: 0.0000 at epoch 50

Dataset: Cine-Clip
Eval epochs: [50]
Dice per eval: [0.6859999895095825]
HD95 per eval: [21.85700035095215]
Best Dice: 0.6860 at epoch 50
Best HD95: 21.8570 at epoch 50

BM metrics per eval:
  Acc:  [0.736]
  Prec: [0.2574]
  Rec:  [0.6416]
  F1:   [0.3672]
  AUROC:[0.7735]
  AUPRC:[0.4707]
Best BM F1: 0.3672 at epoch 50

TI-RADS metrics per eval:
  Acc:  [0.0767]
  Prec: [0.0397]
  Rec:  [0.2266]
  F1:   [0.0531]
  AUC:  [0.4915]
Best TI-RADS F1: 0.0531 at epoch 50

==========================================================

========== Training Completed ==========
Training completed at Sun Feb  1 13:03:30 2026
