Training started at Mon Jan 12 18:59:47 2026
Method: dino_unet
Dataset: Dilation_train_multitask_dataset4
Epochs: 50
LR: 0.0001
Batch Size: 12
Image Size: 224 x 224
DINO pretrained: True
Use Dilation: True
Training set - Benign/Malignant: Benign=25859 (73.49%), Malignant=9327 (26.51%)
Auto-adjusted tau=1.00 (imbalance_ratio=2.77)
GLA parameters: p_benign=0.7349, p_malignant=0.2651, tau=1.00
Logit adjustment magnitude: 1.0197
Training set - TI-RADS distribution (1-5): [52, 892, 4931, 7230, 4307]
TI-RADS probabilities: [0.0029864460229873657, 0.05122903734445572, 0.28319549560546875, 0.4152308702468872, 0.24735814332962036]
Loss weights: seg=1.0, bm=1.0, tirads=1.0
GA-MTL schedule per optimizer step: ['seg', 'bm', 'tirads']
steps_per_epoch (optimizer steps): 977
Epoch:1: seg_loss(avg):0.6801, bm_loss(avg):0.5734, tirads_loss(avg):1.0404
Epoch:2: seg_loss(avg):0.5486, bm_loss(avg):0.4250, tirads_loss(avg):0.5795
Epoch:3: seg_loss(avg):0.5125, bm_loss(avg):0.3342, tirads_loss(avg):0.2759
Epoch:4: seg_loss(avg):0.5024, bm_loss(avg):0.2985, tirads_loss(avg):0.1942
Epoch:5: seg_loss(avg):0.4799, bm_loss(avg):0.2716, tirads_loss(avg):0.1037
Saved checkpoint at epoch 5

Validating epoch 5 on all test datasets...
Testing on TN3K...
  TN3K - Dice: 0.7789, HD95: 15.9385
  TN3K - BM: Acc=0.7261, Prec=0.6132, Rec=0.7795, F1=0.6860, AUROC=0.8122, AUPRC=0.7365
  TN3K - TI-RADS: Acc=0.0000, Prec=0.0000, Rec=0.0000, F1=0.0000, AUC=0.0000
Testing on DDTI...
  DDTI - Dice: 0.6736, HD95: 24.3472
  DDTI - BM: Acc=0.0000, Prec=0.0000, Rec=0.0000, F1=0.0000, AUROC=0.0000, AUPRC=0.0000
  DDTI - TI-RADS: Acc=0.0000, Prec=0.0000, Rec=0.0000, F1=0.0000, AUC=0.0000
Testing on ThyroidXL...
  ThyroidXL - Dice: 0.8369, HD95: 8.1114
  ThyroidXL - BM: Acc=0.8419, Prec=0.8636, Rec=0.7833, F1=0.8214, AUROC=0.9203, AUPRC=0.8839
  ThyroidXL - TI-RADS: Acc=0.0000, Prec=0.0000, Rec=0.0000, F1=0.0000, AUC=0.0000
Testing on PKTN...
  PKTN - Dice: 0.7437, HD95: 16.0099
  PKTN - BM: Acc=0.0000, Prec=0.0000, Rec=0.0000, F1=0.0000, AUROC=0.0000, AUPRC=0.0000
  PKTN - TI-RADS: Acc=0.0000, Prec=0.0000, Rec=0.0000, F1=0.0000, AUC=0.0000
Testing on TN5K...
  TN5K - Dice: 0.7454, HD95: 13.6504
  TN5K - BM: Acc=0.8737, Prec=0.8746, Rec=0.9656, F1=0.9178, AUROC=0.9135, AUPRC=0.9603
  TN5K - TI-RADS: Acc=0.0000, Prec=0.0000, Rec=0.0000, F1=0.0000, AUC=0.0000
Epoch:6: seg_loss(avg):0.4801, bm_loss(avg):0.2705, tirads_loss(avg):0.1101
Epoch:7: seg_loss(avg):0.4565, bm_loss(avg):0.2498, tirads_loss(avg):0.0694
Epoch:8: seg_loss(avg):0.4442, bm_loss(avg):0.2351, tirads_loss(avg):0.0478
Epoch:9: seg_loss(avg):0.4344, bm_loss(avg):0.2222, tirads_loss(avg):0.0557
Epoch:10: seg_loss(avg):0.4227, bm_loss(avg):0.2155, tirads_loss(avg):0.0369
Saved checkpoint at epoch 10

Validating epoch 10 on all test datasets...
Testing on TN3K...
  TN3K - Dice: 0.8021, HD95: 14.2864
  TN3K - BM: Acc=0.6492, Prec=0.5279, Rec=0.8298, F1=0.6449, AUROC=0.7764, AUPRC=0.7035
  TN3K - TI-RADS: Acc=0.0000, Prec=0.0000, Rec=0.0000, F1=0.0000, AUC=0.0000
Testing on DDTI...
  DDTI - Dice: 0.6403, HD95: 29.3124
  DDTI - BM: Acc=0.0000, Prec=0.0000, Rec=0.0000, F1=0.0000, AUROC=0.0000, AUPRC=0.0000
  DDTI - TI-RADS: Acc=0.0000, Prec=0.0000, Rec=0.0000, F1=0.0000, AUC=0.0000
Testing on ThyroidXL...
  ThyroidXL - Dice: 0.8396, HD95: 8.0006
  ThyroidXL - BM: Acc=0.8301, Prec=0.8460, Rec=0.7751, F1=0.8089, AUROC=0.9166, AUPRC=0.8953
  ThyroidXL - TI-RADS: Acc=0.0000, Prec=0.0000, Rec=0.0000, F1=0.0000, AUC=0.0000
Testing on PKTN...
  PKTN - Dice: 0.7506, HD95: 16.3262
  PKTN - BM: Acc=0.0000, Prec=0.0000, Rec=0.0000, F1=0.0000, AUROC=0.0000, AUPRC=0.0000
  PKTN - TI-RADS: Acc=0.0000, Prec=0.0000, Rec=0.0000, F1=0.0000, AUC=0.0000
Testing on TN5K...
  TN5K - Dice: 0.7619, HD95: 12.0787
  TN5K - BM: Acc=0.8687, Prec=0.8720, Rec=0.9615, F1=0.9145, AUROC=0.9151, AUPRC=0.9622
  TN5K - TI-RADS: Acc=0.0000, Prec=0.0000, Rec=0.0000, F1=0.0000, AUC=0.0000
Epoch:11: seg_loss(avg):0.4195, bm_loss(avg):0.2105, tirads_loss(avg):0.0383
Epoch:12: seg_loss(avg):0.4084, bm_loss(avg):0.2077, tirads_loss(avg):0.0383
Epoch:13: seg_loss(avg):0.4061, bm_loss(avg):0.1960, tirads_loss(avg):0.0384
Epoch:14: seg_loss(avg):0.4005, bm_loss(avg):0.1880, tirads_loss(avg):0.0283
Epoch:15: seg_loss(avg):0.3844, bm_loss(avg):0.1796, tirads_loss(avg):0.0118
Saved checkpoint at epoch 15

Validating epoch 15 on all test datasets...
Testing on TN3K...
  TN3K - Dice: 0.8133, HD95: 14.0920
  TN3K - BM: Acc=0.7274, Prec=0.6179, Rec=0.7624, F1=0.6822, AUROC=0.7946, AUPRC=0.7175
  TN3K - TI-RADS: Acc=0.0000, Prec=0.0000, Rec=0.0000, F1=0.0000, AUC=0.0000
Testing on DDTI...
  DDTI - Dice: 0.7228, HD95: 21.0771
  DDTI - BM: Acc=0.0000, Prec=0.0000, Rec=0.0000, F1=0.0000, AUROC=0.0000, AUPRC=0.0000
  DDTI - TI-RADS: Acc=0.0000, Prec=0.0000, Rec=0.0000, F1=0.0000, AUC=0.0000
Testing on ThyroidXL...
  ThyroidXL - Dice: 0.8503, HD95: 7.2627
  ThyroidXL - BM: Acc=0.8531, Prec=0.8562, Rec=0.8216, F1=0.8385, AUROC=0.9314, AUPRC=0.9095
  ThyroidXL - TI-RADS: Acc=0.0000, Prec=0.0000, Rec=0.0000, F1=0.0000, AUC=0.0000
Testing on PKTN...
  PKTN - Dice: 0.7755, HD95: 14.4256
  PKTN - BM: Acc=0.0000, Prec=0.0000, Rec=0.0000, F1=0.0000, AUROC=0.0000, AUPRC=0.0000
  PKTN - TI-RADS: Acc=0.0000, Prec=0.0000, Rec=0.0000, F1=0.0000, AUC=0.0000
Testing on TN5K...
  TN5K - Dice: 0.7779, HD95: 11.2678
  TN5K - BM: Acc=0.8739, Prec=0.8922, Rec=0.9412, F1=0.9160, AUROC=0.9302, AUPRC=0.9715
  TN5K - TI-RADS: Acc=0.0000, Prec=0.0000, Rec=0.0000, F1=0.0000, AUC=0.0000
Epoch:16: seg_loss(avg):0.3861, bm_loss(avg):0.1827, tirads_loss(avg):0.0227
Epoch:17: seg_loss(avg):0.3798, bm_loss(avg):0.1609, tirads_loss(avg):0.0322
Epoch:18: seg_loss(avg):0.3655, bm_loss(avg):0.1606, tirads_loss(avg):0.0104
Epoch:19: seg_loss(avg):0.3646, bm_loss(avg):0.1537, tirads_loss(avg):0.0081
Epoch:20: seg_loss(avg):0.3532, bm_loss(avg):0.1406, tirads_loss(avg):0.0065
Saved checkpoint at epoch 20

Validating epoch 20 on all test datasets...
Testing on TN3K...
  TN3K - Dice: 0.8273, HD95: 12.1617
  TN3K - BM: Acc=0.7587, Prec=0.6786, Rec=0.7075, F1=0.6923, AUROC=0.8001, AUPRC=0.7444
  TN3K - TI-RADS: Acc=0.0000, Prec=0.0000, Rec=0.0000, F1=0.0000, AUC=0.0000
Testing on DDTI...
  DDTI - Dice: 0.7166, HD95: 20.3961
  DDTI - BM: Acc=0.0000, Prec=0.0000, Rec=0.0000, F1=0.0000, AUROC=0.0000, AUPRC=0.0000
  DDTI - TI-RADS: Acc=0.0000, Prec=0.0000, Rec=0.0000, F1=0.0000, AUC=0.0000
Testing on ThyroidXL...
  ThyroidXL - Dice: 0.8581, HD95: 6.8144
  ThyroidXL - BM: Acc=0.8242, Prec=0.8850, Rec=0.7141, F1=0.7903, AUROC=0.9272, AUPRC=0.9084
  ThyroidXL - TI-RADS: Acc=0.0000, Prec=0.0000, Rec=0.0000, F1=0.0000, AUC=0.0000
Testing on PKTN...
  PKTN - Dice: 0.7819, HD95: 13.8176
  PKTN - BM: Acc=0.0000, Prec=0.0000, Rec=0.0000, F1=0.0000, AUROC=0.0000, AUPRC=0.0000
  PKTN - TI-RADS: Acc=0.0000, Prec=0.0000, Rec=0.0000, F1=0.0000, AUC=0.0000
Testing on TN5K...
  TN5K - Dice: 0.7872, HD95: 11.3917
  TN5K - BM: Acc=0.8712, Prec=0.9338, Rec=0.8867, F1=0.9095, AUROC=0.9356, AUPRC=0.9732
  TN5K - TI-RADS: Acc=0.0000, Prec=0.0000, Rec=0.0000, F1=0.0000, AUC=0.0000
Epoch:21: seg_loss(avg):0.3579, bm_loss(avg):0.1515, tirads_loss(avg):0.0275
Epoch:22: seg_loss(avg):0.3435, bm_loss(avg):0.1360, tirads_loss(avg):0.0049
Epoch:23: seg_loss(avg):0.3365, bm_loss(avg):0.1215, tirads_loss(avg):0.0010
Epoch:24: seg_loss(avg):0.3375, bm_loss(avg):0.1215, tirads_loss(avg):0.0031
Epoch:25: seg_loss(avg):0.3310, bm_loss(avg):0.1104, tirads_loss(avg):0.0030
Saved checkpoint at epoch 25

Validating epoch 25 on all test datasets...
Testing on TN3K...
  TN3K - Dice: 0.8316, HD95: 12.1664
  TN3K - BM: Acc=0.6890, Prec=0.5651, Rec=0.8306, F1=0.6722, AUROC=0.8111, AUPRC=0.7545
  TN3K - TI-RADS: Acc=0.0000, Prec=0.0000, Rec=0.0000, F1=0.0000, AUC=0.0000
Testing on DDTI...
  DDTI - Dice: 0.7282, HD95: 21.1970
  DDTI - BM: Acc=0.0000, Prec=0.0000, Rec=0.0000, F1=0.0000, AUROC=0.0000, AUPRC=0.0000
  DDTI - TI-RADS: Acc=0.0000, Prec=0.0000, Rec=0.0000, F1=0.0000, AUC=0.0000
Testing on ThyroidXL...
  ThyroidXL - Dice: 0.8601, HD95: 6.5700
  ThyroidXL - BM: Acc=0.8654, Prec=0.8477, Rec=0.8658, F1=0.8566, AUROC=0.9373, AUPRC=0.9249
  ThyroidXL - TI-RADS: Acc=0.0000, Prec=0.0000, Rec=0.0000, F1=0.0000, AUC=0.0000
Testing on PKTN...
  PKTN - Dice: 0.7857, HD95: 13.2507
  PKTN - BM: Acc=0.0000, Prec=0.0000, Rec=0.0000, F1=0.0000, AUROC=0.0000, AUPRC=0.0000
  PKTN - TI-RADS: Acc=0.0000, Prec=0.0000, Rec=0.0000, F1=0.0000, AUC=0.0000
Testing on TN5K...
  TN5K - Dice: 0.7909, HD95: 10.7586
  TN5K - BM: Acc=0.8857, Prec=0.8860, Rec=0.9683, F1=0.9253, AUROC=0.9423, AUPRC=0.9771
  TN5K - TI-RADS: Acc=0.0000, Prec=0.0000, Rec=0.0000, F1=0.0000, AUC=0.0000
Epoch:26: seg_loss(avg):0.3245, bm_loss(avg):0.1065, tirads_loss(avg):0.0005
Epoch:27: seg_loss(avg):0.3185, bm_loss(avg):0.0940, tirads_loss(avg):0.0003
Epoch:28: seg_loss(avg):0.3132, bm_loss(avg):0.0915, tirads_loss(avg):0.0019
Epoch:29: seg_loss(avg):0.3122, bm_loss(avg):0.0873, tirads_loss(avg):0.0029
Epoch:30: seg_loss(avg):0.3039, bm_loss(avg):0.0815, tirads_loss(avg):0.0009
Saved checkpoint at epoch 30

Validating epoch 30 on all test datasets...
Testing on TN3K...
  TN3K - Dice: 0.8272, HD95: 12.8731
  TN3K - BM: Acc=0.6788, Prec=0.5554, Rec=0.8258, F1=0.6637, AUROC=0.7888, AUPRC=0.7199
  TN3K - TI-RADS: Acc=0.0000, Prec=0.0000, Rec=0.0000, F1=0.0000, AUC=0.0000
Testing on DDTI...
  DDTI - Dice: 0.7600, HD95: 19.3343
  DDTI - BM: Acc=0.0000, Prec=0.0000, Rec=0.0000, F1=0.0000, AUROC=0.0000, AUPRC=0.0000
  DDTI - TI-RADS: Acc=0.0000, Prec=0.0000, Rec=0.0000, F1=0.0000, AUC=0.0000
Testing on ThyroidXL...
  ThyroidXL - Dice: 0.8621, HD95: 6.4854
  ThyroidXL - BM: Acc=0.8525, Prec=0.8761, Rec=0.7948, F1=0.8334, AUROC=0.9310, AUPRC=0.9130
  ThyroidXL - TI-RADS: Acc=0.0000, Prec=0.0000, Rec=0.0000, F1=0.0000, AUC=0.0000
Testing on PKTN...
  PKTN - Dice: 0.7825, HD95: 14.0263
  PKTN - BM: Acc=0.0000, Prec=0.0000, Rec=0.0000, F1=0.0000, AUROC=0.0000, AUPRC=0.0000
  PKTN - TI-RADS: Acc=0.0000, Prec=0.0000, Rec=0.0000, F1=0.0000, AUC=0.0000
Testing on TN5K...
  TN5K - Dice: 0.7935, HD95: 10.3565
  TN5K - BM: Acc=0.8845, Prec=0.8798, Rec=0.9752, F1=0.9250, AUROC=0.9447, AUPRC=0.9784
  TN5K - TI-RADS: Acc=0.0000, Prec=0.0000, Rec=0.0000, F1=0.0000, AUC=0.0000
Epoch:31: seg_loss(avg):0.2984, bm_loss(avg):0.0730, tirads_loss(avg):0.0012
Epoch:32: seg_loss(avg):0.2950, bm_loss(avg):0.0668, tirads_loss(avg):0.0016
Epoch:33: seg_loss(avg):0.2881, bm_loss(avg):0.0612, tirads_loss(avg):0.0020
Epoch:34: seg_loss(avg):0.2871, bm_loss(avg):0.0609, tirads_loss(avg):0.0007
Epoch:35: seg_loss(avg):0.2818, bm_loss(avg):0.0441, tirads_loss(avg):0.0024
Saved checkpoint at epoch 35

Validating epoch 35 on all test datasets...
Testing on TN3K...
  TN3K - Dice: 0.8289, HD95: 13.1537
  TN3K - BM: Acc=0.7392, Prec=0.6376, Rec=0.7452, F1=0.6868, AUROC=0.8037, AUPRC=0.7440
  TN3K - TI-RADS: Acc=0.0000, Prec=0.0000, Rec=0.0000, F1=0.0000, AUC=0.0000
Testing on DDTI...
  DDTI - Dice: 0.7422, HD95: 20.6762
  DDTI - BM: Acc=0.0000, Prec=0.0000, Rec=0.0000, F1=0.0000, AUROC=0.0000, AUPRC=0.0000
  DDTI - TI-RADS: Acc=0.0000, Prec=0.0000, Rec=0.0000, F1=0.0000, AUC=0.0000
Testing on ThyroidXL...
  ThyroidXL - Dice: 0.8647, HD95: 6.1793
  ThyroidXL - BM: Acc=0.8569, Prec=0.8878, Rec=0.7918, F1=0.8370, AUROC=0.9335, AUPRC=0.9201
  ThyroidXL - TI-RADS: Acc=0.0000, Prec=0.0000, Rec=0.0000, F1=0.0000, AUC=0.0000
Testing on PKTN...
  PKTN - Dice: 0.7866, HD95: 13.5808
  PKTN - BM: Acc=0.0000, Prec=0.0000, Rec=0.0000, F1=0.0000, AUROC=0.0000, AUPRC=0.0000
  PKTN - TI-RADS: Acc=0.0000, Prec=0.0000, Rec=0.0000, F1=0.0000, AUC=0.0000
Testing on TN5K...
  TN5K - Dice: 0.7977, HD95: 10.3698
  TN5K - BM: Acc=0.8848, Prec=0.9126, Rec=0.9317, F1=0.9220, AUROC=0.9470, AUPRC=0.9799
  TN5K - TI-RADS: Acc=0.0000, Prec=0.0000, Rec=0.0000, F1=0.0000, AUC=0.0000
Epoch:36: seg_loss(avg):0.2799, bm_loss(avg):0.0470, tirads_loss(avg):0.0004
Epoch:37: seg_loss(avg):0.2741, bm_loss(avg):0.0402, tirads_loss(avg):0.0009
Epoch:38: seg_loss(avg):0.2720, bm_loss(avg):0.0367, tirads_loss(avg):0.0022
Epoch:39: seg_loss(avg):0.2685, bm_loss(avg):0.0374, tirads_loss(avg):0.0010
Epoch:40: seg_loss(avg):0.2685, bm_loss(avg):0.0320, tirads_loss(avg):0.0007
Saved checkpoint at epoch 40

Validating epoch 40 on all test datasets...
Testing on TN3K...
  TN3K - Dice: 0.8328, HD95: 11.7722
  TN3K - BM: Acc=0.7243, Prec=0.6110, Rec=0.7790, F1=0.6844, AUROC=0.7981, AUPRC=0.7556
  TN3K - TI-RADS: Acc=0.0000, Prec=0.0000, Rec=0.0000, F1=0.0000, AUC=0.0000
Testing on DDTI...
  DDTI - Dice: 0.7509, HD95: 19.7651
  DDTI - BM: Acc=0.0000, Prec=0.0000, Rec=0.0000, F1=0.0000, AUROC=0.0000, AUPRC=0.0000
  DDTI - TI-RADS: Acc=0.0000, Prec=0.0000, Rec=0.0000, F1=0.0000, AUC=0.0000
Testing on ThyroidXL...
  ThyroidXL - Dice: 0.8652, HD95: 6.1077
  ThyroidXL - BM: Acc=0.8435, Prec=0.8954, Rec=0.7506, F1=0.8165, AUROC=0.9332, AUPRC=0.9203
  ThyroidXL - TI-RADS: Acc=0.0000, Prec=0.0000, Rec=0.0000, F1=0.0000, AUC=0.0000
Testing on PKTN...
  PKTN - Dice: 0.7927, HD95: 12.3409
  PKTN - BM: Acc=0.0000, Prec=0.0000, Rec=0.0000, F1=0.0000, AUROC=0.0000, AUPRC=0.0000
  PKTN - TI-RADS: Acc=0.0000, Prec=0.0000, Rec=0.0000, F1=0.0000, AUC=0.0000
Testing on TN5K...
  TN5K - Dice: 0.8001, HD95: 9.9135
  TN5K - BM: Acc=0.8848, Prec=0.9137, Rec=0.9303, F1=0.9219, AUROC=0.9476, AUPRC=0.9799
  TN5K - TI-RADS: Acc=0.0000, Prec=0.0000, Rec=0.0000, F1=0.0000, AUC=0.0000
Epoch:41: seg_loss(avg):0.2648, bm_loss(avg):0.0307, tirads_loss(avg):0.0010
Epoch:42: seg_loss(avg):0.2608, bm_loss(avg):0.0286, tirads_loss(avg):0.0003
Epoch:43: seg_loss(avg):0.2611, bm_loss(avg):0.0299, tirads_loss(avg):0.0017
Epoch:44: seg_loss(avg):0.2590, bm_loss(avg):0.0235, tirads_loss(avg):0.0009
Epoch:45: seg_loss(avg):0.2584, bm_loss(avg):0.0183, tirads_loss(avg):0.0010
Saved checkpoint at epoch 45

Validating epoch 45 on all test datasets...
Testing on TN3K...
  TN3K - Dice: 0.8343, HD95: 12.0200
  TN3K - BM: Acc=0.7359, Prec=0.6266, Rec=0.7750, F1=0.6925, AUROC=0.8000, AUPRC=0.7480
  TN3K - TI-RADS: Acc=0.0000, Prec=0.0000, Rec=0.0000, F1=0.0000, AUC=0.0000
Testing on DDTI...
  DDTI - Dice: 0.7467, HD95: 19.8305
  DDTI - BM: Acc=0.0000, Prec=0.0000, Rec=0.0000, F1=0.0000, AUROC=0.0000, AUPRC=0.0000
  DDTI - TI-RADS: Acc=0.0000, Prec=0.0000, Rec=0.0000, F1=0.0000, AUC=0.0000
Testing on ThyroidXL...
  ThyroidXL - Dice: 0.8660, HD95: 6.1439
  ThyroidXL - BM: Acc=0.8391, Prec=0.9012, Rec=0.7339, F1=0.8089, AUROC=0.9327, AUPRC=0.9208
  ThyroidXL - TI-RADS: Acc=0.0000, Prec=0.0000, Rec=0.0000, F1=0.0000, AUC=0.0000
Testing on PKTN...
  PKTN - Dice: 0.7944, HD95: 12.7166
  PKTN - BM: Acc=0.0000, Prec=0.0000, Rec=0.0000, F1=0.0000, AUROC=0.0000, AUPRC=0.0000
  PKTN - TI-RADS: Acc=0.0000, Prec=0.0000, Rec=0.0000, F1=0.0000, AUC=0.0000
Testing on TN5K...
  TN5K - Dice: 0.8022, HD95: 9.8664
  TN5K - BM: Acc=0.8928, Prec=0.9225, Rec=0.9317, F1=0.9270, AUROC=0.9512, AUPRC=0.9816
  TN5K - TI-RADS: Acc=0.0000, Prec=0.0000, Rec=0.0000, F1=0.0000, AUC=0.0000
Epoch:46: seg_loss(avg):0.2550, bm_loss(avg):0.0205, tirads_loss(avg):0.0002
Epoch:47: seg_loss(avg):0.2538, bm_loss(avg):0.0216, tirads_loss(avg):0.0006
Epoch:48: seg_loss(avg):0.2534, bm_loss(avg):0.0153, tirads_loss(avg):0.0015
Epoch:49: seg_loss(avg):0.2537, bm_loss(avg):0.0195, tirads_loss(avg):0.0016
Epoch:50: seg_loss(avg):0.2540, bm_loss(avg):0.0193, tirads_loss(avg):0.0002
Saved checkpoint at epoch 50

Validating epoch 50 on all test datasets...
Testing on TN3K...
  TN3K - Dice: 0.8355, HD95: 12.1435
  TN3K - BM: Acc=0.7293, Prec=0.6189, Rec=0.7706, F1=0.6860, AUROC=0.8004, AUPRC=0.7453
  TN3K - TI-RADS: Acc=0.0000, Prec=0.0000, Rec=0.0000, F1=0.0000, AUC=0.0000
Testing on DDTI...
  DDTI - Dice: 0.7462, HD95: 19.9752
  DDTI - BM: Acc=0.0000, Prec=0.0000, Rec=0.0000, F1=0.0000, AUROC=0.0000, AUPRC=0.0000
  DDTI - TI-RADS: Acc=0.0000, Prec=0.0000, Rec=0.0000, F1=0.0000, AUC=0.0000
Testing on ThyroidXL...
  ThyroidXL - Dice: 0.8661, HD95: 6.1337
  ThyroidXL - BM: Acc=0.8468, Prec=0.8915, Rec=0.7629, F1=0.8221, AUROC=0.9340, AUPRC=0.9216
  ThyroidXL - TI-RADS: Acc=0.0000, Prec=0.0000, Rec=0.0000, F1=0.0000, AUC=0.0000
Testing on PKTN...
  PKTN - Dice: 0.7940, HD95: 12.8935
  PKTN - BM: Acc=0.0000, Prec=0.0000, Rec=0.0000, F1=0.0000, AUROC=0.0000, AUPRC=0.0000
  PKTN - TI-RADS: Acc=0.0000, Prec=0.0000, Rec=0.0000, F1=0.0000, AUC=0.0000
Testing on TN5K...
  TN5K - Dice: 0.8044, HD95: 9.7542
  TN5K - BM: Acc=0.8918, Prec=0.9247, Rec=0.9276, F1=0.9261, AUROC=0.9508, AUPRC=0.9814
  TN5K - TI-RADS: Acc=0.0000, Prec=0.0000, Rec=0.0000, F1=0.0000, AUC=0.0000

========== Evaluation Summary (All Test Records) ==========

Dataset: TN3K
Eval epochs: [5, 10, 15, 20, 25, 30, 35, 40, 45, 50]
Dice per eval: [0.7789000272750854, 0.8021000027656555, 0.8133000135421753, 0.8273000121116638, 0.83160001039505, 0.8271999955177307, 0.8288999795913696, 0.8327999711036682, 0.8342999815940857, 0.8355000019073486]
HD95 per eval: [15.93850040435791, 14.286399841308594, 14.092000007629395, 12.161700248718262, 12.166399955749512, 12.873100280761719, 13.15369987487793, 11.772199630737305, 12.020000457763672, 12.143500328063965]
Best Dice: 0.8355 at epoch 50
Best HD95: 11.7722 at epoch 40

BM metrics per eval:
  Acc:  [0.7261, 0.6492, 0.7274, 0.7587, 0.689, 0.6788, 0.7392, 0.7243, 0.7359, 0.7293]
  Prec: [0.6132, 0.5279, 0.6179, 0.6786, 0.5651, 0.5554, 0.6376, 0.611, 0.6266, 0.6189]
  Rec:  [0.7795, 0.8298, 0.7624, 0.7075, 0.8306, 0.8258, 0.7452, 0.779, 0.775, 0.7706]
  F1:   [0.686, 0.6449, 0.6822, 0.6923, 0.6722, 0.6637, 0.6868, 0.6844, 0.6925, 0.686]
  AUROC:[0.8122, 0.7764, 0.7946, 0.8001, 0.8111, 0.7888, 0.8037, 0.7981, 0.8, 0.8004]
  AUPRC:[0.7365, 0.7035, 0.7175, 0.7444, 0.7545, 0.7199, 0.744, 0.7556, 0.748, 0.7453]
Best BM F1: 0.6925 at epoch 45

TI-RADS metrics per eval:
  Acc:  [0.0, 0.0, 0.0, 0.0, 0.0, 0.0, 0.0, 0.0, 0.0, 0.0]
  Prec: [0.0, 0.0, 0.0, 0.0, 0.0, 0.0, 0.0, 0.0, 0.0, 0.0]
  Rec:  [0.0, 0.0, 0.0, 0.0, 0.0, 0.0, 0.0, 0.0, 0.0, 0.0]
  F1:   [0.0, 0.0, 0.0, 0.0, 0.0, 0.0, 0.0, 0.0, 0.0, 0.0]
  AUC:  [0.0, 0.0, 0.0, 0.0, 0.0, 0.0, 0.0, 0.0, 0.0, 0.0]
Best TI-RADS F1: 0.0000 at epoch 5

Dataset: DDTI
Eval epochs: [5, 10, 15, 20, 25, 30, 35, 40, 45, 50]
Dice per eval: [0.6736000180244446, 0.6402999758720398, 0.7228000164031982, 0.7166000008583069, 0.7282000184059143, 0.7599999904632568, 0.7422000169754028, 0.7508999705314636, 0.7466999888420105, 0.7462000250816345]
HD95 per eval: [24.347200393676758, 29.312400817871094, 21.07710075378418, 20.396099090576172, 21.19700050354004, 19.334299087524414, 20.67620086669922, 19.765100479125977, 19.83049964904785, 19.975200653076172]
Best Dice: 0.7600 at epoch 30
Best HD95: 19.3343 at epoch 30

BM metrics per eval:
  Acc:  [0.0, 0.0, 0.0, 0.0, 0.0, 0.0, 0.0, 0.0, 0.0, 0.0]
  Prec: [0.0, 0.0, 0.0, 0.0, 0.0, 0.0, 0.0, 0.0, 0.0, 0.0]
  Rec:  [0.0, 0.0, 0.0, 0.0, 0.0, 0.0, 0.0, 0.0, 0.0, 0.0]
  F1:   [0.0, 0.0, 0.0, 0.0, 0.0, 0.0, 0.0, 0.0, 0.0, 0.0]
  AUROC:[0.0, 0.0, 0.0, 0.0, 0.0, 0.0, 0.0, 0.0, 0.0, 0.0]
  AUPRC:[0.0, 0.0, 0.0, 0.0, 0.0, 0.0, 0.0, 0.0, 0.0, 0.0]
Best BM F1: 0.0000 at epoch 5

TI-RADS metrics per eval:
  Acc:  [0.0, 0.0, 0.0, 0.0, 0.0, 0.0, 0.0, 0.0, 0.0, 0.0]
  Prec: [0.0, 0.0, 0.0, 0.0, 0.0, 0.0, 0.0, 0.0, 0.0, 0.0]
  Rec:  [0.0, 0.0, 0.0, 0.0, 0.0, 0.0, 0.0, 0.0, 0.0, 0.0]
  F1:   [0.0, 0.0, 0.0, 0.0, 0.0, 0.0, 0.0, 0.0, 0.0, 0.0]
  AUC:  [0.0, 0.0, 0.0, 0.0, 0.0, 0.0, 0.0, 0.0, 0.0, 0.0]
Best TI-RADS F1: 0.0000 at epoch 5

Dataset: ThyroidXL
Eval epochs: [5, 10, 15, 20, 25, 30, 35, 40, 45, 50]
Dice per eval: [0.836899995803833, 0.8396000266075134, 0.8503000140190125, 0.8580999970436096, 0.8600999712944031, 0.8621000051498413, 0.8647000193595886, 0.8651999831199646, 0.8659999966621399, 0.866100013256073]
HD95 per eval: [8.11139965057373, 8.00059986114502, 7.262700080871582, 6.8144001960754395, 6.570000171661377, 6.485400199890137, 6.179299831390381, 6.107699871063232, 6.143899917602539, 6.133699893951416]
Best Dice: 0.8661 at epoch 50
Best HD95: 6.1077 at epoch 40

BM metrics per eval:
  Acc:  [0.8419, 0.8301, 0.8531, 0.8242, 0.8654, 0.8525, 0.8569, 0.8435, 0.8391, 0.8468]
  Prec: [0.8636, 0.846, 0.8562, 0.885, 0.8477, 0.8761, 0.8878, 0.8954, 0.9012, 0.8915]
  Rec:  [0.7833, 0.7751, 0.8216, 0.7141, 0.8658, 0.7948, 0.7918, 0.7506, 0.7339, 0.7629]
  F1:   [0.8214, 0.8089, 0.8385, 0.7903, 0.8566, 0.8334, 0.837, 0.8165, 0.8089, 0.8221]
  AUROC:[0.9203, 0.9166, 0.9314, 0.9272, 0.9373, 0.931, 0.9335, 0.9332, 0.9327, 0.934]
  AUPRC:[0.8839, 0.8953, 0.9095, 0.9084, 0.9249, 0.913, 0.9201, 0.9203, 0.9208, 0.9216]
Best BM F1: 0.8566 at epoch 25

TI-RADS metrics per eval:
  Acc:  [0.0, 0.0, 0.0, 0.0, 0.0, 0.0, 0.0, 0.0, 0.0, 0.0]
  Prec: [0.0, 0.0, 0.0, 0.0, 0.0, 0.0, 0.0, 0.0, 0.0, 0.0]
  Rec:  [0.0, 0.0, 0.0, 0.0, 0.0, 0.0, 0.0, 0.0, 0.0, 0.0]
  F1:   [0.0, 0.0, 0.0, 0.0, 0.0, 0.0, 0.0, 0.0, 0.0, 0.0]
  AUC:  [0.0, 0.0, 0.0, 0.0, 0.0, 0.0, 0.0, 0.0, 0.0, 0.0]
Best TI-RADS F1: 0.0000 at epoch 5

Dataset: PKTN
Eval epochs: [5, 10, 15, 20, 25, 30, 35, 40, 45, 50]
Dice per eval: [0.7437000274658203, 0.7505999803543091, 0.7754999995231628, 0.7818999886512756, 0.7857000231742859, 0.7825000286102295, 0.7865999937057495, 0.7926999926567078, 0.7943999767303467, 0.7940000295639038]
HD95 per eval: [16.009899139404297, 16.326200485229492, 14.425600051879883, 13.81760025024414, 13.250699996948242, 14.026300430297852, 13.58080005645752, 12.340900421142578, 12.71660041809082, 12.893500328063965]
Best Dice: 0.7944 at epoch 45
Best HD95: 12.3409 at epoch 40

BM metrics per eval:
  Acc:  [0.0, 0.0, 0.0, 0.0, 0.0, 0.0, 0.0, 0.0, 0.0, 0.0]
  Prec: [0.0, 0.0, 0.0, 0.0, 0.0, 0.0, 0.0, 0.0, 0.0, 0.0]
  Rec:  [0.0, 0.0, 0.0, 0.0, 0.0, 0.0, 0.0, 0.0, 0.0, 0.0]
  F1:   [0.0, 0.0, 0.0, 0.0, 0.0, 0.0, 0.0, 0.0, 0.0, 0.0]
  AUROC:[0.0, 0.0, 0.0, 0.0, 0.0, 0.0, 0.0, 0.0, 0.0, 0.0]
  AUPRC:[0.0, 0.0, 0.0, 0.0, 0.0, 0.0, 0.0, 0.0, 0.0, 0.0]
Best BM F1: 0.0000 at epoch 5

TI-RADS metrics per eval:
  Acc:  [0.0, 0.0, 0.0, 0.0, 0.0, 0.0, 0.0, 0.0, 0.0, 0.0]
  Prec: [0.0, 0.0, 0.0, 0.0, 0.0, 0.0, 0.0, 0.0, 0.0, 0.0]
  Rec:  [0.0, 0.0, 0.0, 0.0, 0.0, 0.0, 0.0, 0.0, 0.0, 0.0]
  F1:   [0.0, 0.0, 0.0, 0.0, 0.0, 0.0, 0.0, 0.0, 0.0, 0.0]
  AUC:  [0.0, 0.0, 0.0, 0.0, 0.0, 0.0, 0.0, 0.0, 0.0, 0.0]
Best TI-RADS F1: 0.0000 at epoch 5

Dataset: TN5K
Eval epochs: [5, 10, 15, 20, 25, 30, 35, 40, 45, 50]
Dice per eval: [0.7454000115394592, 0.761900007724762, 0.777899980545044, 0.7871999740600586, 0.7908999919891357, 0.7935000061988831, 0.7976999878883362, 0.8001000285148621, 0.8022000193595886, 0.8044000267982483]
HD95 per eval: [13.650400161743164, 12.078700065612793, 11.267800331115723, 11.39169979095459, 10.758600234985352, 10.356499671936035, 10.369799613952637, 9.91349983215332, 9.866399765014648, 9.754199981689453]
Best Dice: 0.8044 at epoch 50
Best HD95: 9.7542 at epoch 50

BM metrics per eval:
  Acc:  [0.8737, 0.8687, 0.8739, 0.8712, 0.8857, 0.8845, 0.8848, 0.8848, 0.8928, 0.8918]
  Prec: [0.8746, 0.872, 0.8922, 0.9338, 0.886, 0.8798, 0.9126, 0.9137, 0.9225, 0.9247]
  Rec:  [0.9656, 0.9615, 0.9412, 0.8867, 0.9683, 0.9752, 0.9317, 0.9303, 0.9317, 0.9276]
  F1:   [0.9178, 0.9145, 0.916, 0.9095, 0.9253, 0.925, 0.922, 0.9219, 0.927, 0.9261]
  AUROC:[0.9135, 0.9151, 0.9302, 0.9356, 0.9423, 0.9447, 0.947, 0.9476, 0.9512, 0.9508]
  AUPRC:[0.9603, 0.9622, 0.9715, 0.9732, 0.9771, 0.9784, 0.9799, 0.9799, 0.9816, 0.9814]
Best BM F1: 0.9270 at epoch 45

TI-RADS metrics per eval:
  Acc:  [0.0, 0.0, 0.0, 0.0, 0.0, 0.0, 0.0, 0.0, 0.0, 0.0]
  Prec: [0.0, 0.0, 0.0, 0.0, 0.0, 0.0, 0.0, 0.0, 0.0, 0.0]
  Rec:  [0.0, 0.0, 0.0, 0.0, 0.0, 0.0, 0.0, 0.0, 0.0, 0.0]
  F1:   [0.0, 0.0, 0.0, 0.0, 0.0, 0.0, 0.0, 0.0, 0.0, 0.0]
  AUC:  [0.0, 0.0, 0.0, 0.0, 0.0, 0.0, 0.0, 0.0, 0.0, 0.0]
Best TI-RADS F1: 0.0000 at epoch 5

==========================================================

========== Training Completed ==========
Training completed at Tue Jan 13 00:03:38 2026
