Training started at Sat Feb 21 11:10:33 2026
Method: dino_unet
Dataset: gamtl_train_multitask_dataset_5
Epochs: 50
LR: 0.0001
Batch Size: 12
Image Size: 224 x 224
DINO pretrained: True
Use Dilation: False
Training set - Benign/Malignant: Benign=9058 (59.00%), Malignant=6295 (41.00%)
Auto-adjusted tau=0.50 (imbalance_ratio=1.44)
GLA parameters: p_benign=0.5900, p_malignant=0.4100, tau=0.50
Logit adjustment magnitude: 0.1819
Training set - TI-RADS distribution (1-5): [0, 29, 15, 166, 34]
TI-RADS probabilities: [4.09836053982815e-11, 0.11885245889425278, 0.06147541105747223, 0.6803278923034668, 0.13934426009655]
Loss weights: seg=1.0, bm=1.0, tirads=1.0
GA-MTL schedule per optimizer step: ['seg', 'bm']
steps_per_epoch (optimizer steps): 639
Epoch:1: seg_loss(avg):0.6267, bm_loss(avg):0.5771, tirads_loss(avg):0.0000
Epoch:2: seg_loss(avg):0.4894, bm_loss(avg):0.4325, tirads_loss(avg):0.0000
Epoch:3: seg_loss(avg):0.4597, bm_loss(avg):0.3856, tirads_loss(avg):0.0000
Epoch:4: seg_loss(avg):0.4414, bm_loss(avg):0.3533, tirads_loss(avg):0.0000
Epoch:5: seg_loss(avg):0.4289, bm_loss(avg):0.3277, tirads_loss(avg):0.0000
Saved checkpoint at epoch 5
Epoch:6: seg_loss(avg):0.4225, bm_loss(avg):0.3127, tirads_loss(avg):0.0000
Epoch:7: seg_loss(avg):0.4194, bm_loss(avg):0.3039, tirads_loss(avg):0.0000
Epoch:8: seg_loss(avg):0.4132, bm_loss(avg):0.2772, tirads_loss(avg):0.0000
Epoch:9: seg_loss(avg):0.4084, bm_loss(avg):0.2663, tirads_loss(avg):0.0000
Epoch:10: seg_loss(avg):0.4041, bm_loss(avg):0.2515, tirads_loss(avg):0.0000
Saved checkpoint at epoch 10
Epoch:11: seg_loss(avg):0.3921, bm_loss(avg):0.2395, tirads_loss(avg):0.0000
Epoch:12: seg_loss(avg):0.3952, bm_loss(avg):0.2258, tirads_loss(avg):0.0000
Epoch:13: seg_loss(avg):0.3876, bm_loss(avg):0.2140, tirads_loss(avg):0.0000
Epoch:14: seg_loss(avg):0.3849, bm_loss(avg):0.1998, tirads_loss(avg):0.0000
Epoch:15: seg_loss(avg):0.3838, bm_loss(avg):0.1887, tirads_loss(avg):0.0000
Saved checkpoint at epoch 15
Epoch:16: seg_loss(avg):0.3777, bm_loss(avg):0.1677, tirads_loss(avg):0.0000
Epoch:17: seg_loss(avg):0.3760, bm_loss(avg):0.1635, tirads_loss(avg):0.0000
Epoch:18: seg_loss(avg):0.3684, bm_loss(avg):0.1427, tirads_loss(avg):0.0000
Epoch:19: seg_loss(avg):0.3694, bm_loss(avg):0.1338, tirads_loss(avg):0.0000
Epoch:20: seg_loss(avg):0.3615, bm_loss(avg):0.1351, tirads_loss(avg):0.0000
Saved checkpoint at epoch 20
Epoch:21: seg_loss(avg):0.3573, bm_loss(avg):0.1151, tirads_loss(avg):0.0000
Epoch:22: seg_loss(avg):0.3565, bm_loss(avg):0.1127, tirads_loss(avg):0.0000
Epoch:23: seg_loss(avg):0.3521, bm_loss(avg):0.0976, tirads_loss(avg):0.0000
Epoch:24: seg_loss(avg):0.3492, bm_loss(avg):0.0878, tirads_loss(avg):0.0000
Epoch:25: seg_loss(avg):0.3428, bm_loss(avg):0.0808, tirads_loss(avg):0.0000
Saved checkpoint at epoch 25
Epoch:26: seg_loss(avg):0.3448, bm_loss(avg):0.0726, tirads_loss(avg):0.0000
Epoch:27: seg_loss(avg):0.3404, bm_loss(avg):0.0671, tirads_loss(avg):0.0000
Epoch:28: seg_loss(avg):0.3323, bm_loss(avg):0.0617, tirads_loss(avg):0.0000
Epoch:29: seg_loss(avg):0.3323, bm_loss(avg):0.0584, tirads_loss(avg):0.0000
Epoch:30: seg_loss(avg):0.3256, bm_loss(avg):0.0477, tirads_loss(avg):0.0000
Saved checkpoint at epoch 30
Epoch:31: seg_loss(avg):0.3239, bm_loss(avg):0.0443, tirads_loss(avg):0.0000
Epoch:32: seg_loss(avg):0.3210, bm_loss(avg):0.0424, tirads_loss(avg):0.0000
Epoch:33: seg_loss(avg):0.3182, bm_loss(avg):0.0326, tirads_loss(avg):0.0000
Epoch:34: seg_loss(avg):0.3124, bm_loss(avg):0.0377, tirads_loss(avg):0.0000
Epoch:35: seg_loss(avg):0.3106, bm_loss(avg):0.0246, tirads_loss(avg):0.0000
Saved checkpoint at epoch 35
Epoch:36: seg_loss(avg):0.3084, bm_loss(avg):0.0274, tirads_loss(avg):0.0000
Epoch:37: seg_loss(avg):0.3070, bm_loss(avg):0.0221, tirads_loss(avg):0.0000
Epoch:38: seg_loss(avg):0.3019, bm_loss(avg):0.0189, tirads_loss(avg):0.0000
Epoch:39: seg_loss(avg):0.2988, bm_loss(avg):0.0171, tirads_loss(avg):0.0000
Epoch:40: seg_loss(avg):0.2952, bm_loss(avg):0.0167, tirads_loss(avg):0.0000
Saved checkpoint at epoch 40
Epoch:41: seg_loss(avg):0.2930, bm_loss(avg):0.0186, tirads_loss(avg):0.0000
Epoch:42: seg_loss(avg):0.2914, bm_loss(avg):0.0176, tirads_loss(avg):0.0000
Epoch:43: seg_loss(avg):0.2870, bm_loss(avg):0.0108, tirads_loss(avg):0.0000
Epoch:44: seg_loss(avg):0.2852, bm_loss(avg):0.0080, tirads_loss(avg):0.0000
Epoch:45: seg_loss(avg):0.2857, bm_loss(avg):0.0083, tirads_loss(avg):0.0000
Saved checkpoint at epoch 45
Epoch:46: seg_loss(avg):0.2876, bm_loss(avg):0.0064, tirads_loss(avg):0.0000
Epoch:47: seg_loss(avg):0.2835, bm_loss(avg):0.0061, tirads_loss(avg):0.0000
Epoch:48: seg_loss(avg):0.2832, bm_loss(avg):0.0067, tirads_loss(avg):0.0000
Epoch:49: seg_loss(avg):0.2825, bm_loss(avg):0.0112, tirads_loss(avg):0.0000
Epoch:50: seg_loss(avg):0.2845, bm_loss(avg):0.0066, tirads_loss(avg):0.0000
Saved checkpoint at epoch 50

Validating epoch 50 on all test datasets...
Testing on TN3K...
  TN3K - Dice: 0.8233, HD95: 13.6523
  TN3K - BM: Acc=0.8420, Prec=0.8268, Rec=0.8515, F1=0.8388, AUROC=0.9115, AUPRC=0.9127
  TN3K - TI-RADS: Acc=0.0000, Prec=0.0000, Rec=0.0000, F1=0.0000, AUC=0.0000
Testing on DDTI_Classification...
  DDTI_Classification - Dice: 0.3661, HD95: 16.3942
  DDTI_Classification - BM: Acc=0.8632, Prec=0.3903, Rec=0.3306, F1=0.3375, AUROC=0.8325, AUPRC=0.5366
  DDTI_Classification - TI-RADS: Acc=0.3456, Prec=0.3607, Rec=0.2862, F1=0.2434, AUC=0.0000
Testing on ThyroidXL...
  ThyroidXL - Dice: 0.8794, HD95: 5.0480
  ThyroidXL - BM: Acc=0.8890, Prec=0.8007, Rec=0.7821, F1=0.7911, AUROC=0.9478, AUPRC=0.8672
  ThyroidXL - TI-RADS: Acc=0.0000, Prec=0.0000, Rec=0.0000, F1=0.0000, AUC=0.0000
Testing on TN5K...
  TN5K - Dice: 0.8217, HD95: 8.1257
  TN5K - BM: Acc=0.8876, Prec=0.9061, Rec=0.9376, F1=0.9215, AUROC=0.9475, AUPRC=0.9763
  TN5K - TI-RADS: Acc=0.0000, Prec=0.0000, Rec=0.0000, F1=0.0000, AUC=0.0000
Testing on Cine-Clip...
  Cine-Clip - Dice: 0.6753, HD95: 23.6459
  Cine-Clip - BM: Acc=0.8501, Prec=0.3881, Rec=0.4419, F1=0.4130, AUROC=0.7484, AUPRC=0.4095
  Cine-Clip - TI-RADS: Acc=0.2939, Prec=0.2787, Rec=0.2536, F1=0.1793, AUC=0.5358

========== Evaluation Summary (All Test Records) ==========

Dataset: TN3K
Eval epochs: [50]
Dice per eval: [0.8233000040054321]
HD95 per eval: [13.652299880981445]
Best Dice: 0.8233 at epoch 50
Best HD95: 13.6523 at epoch 50

BM metrics per eval:
  Acc:  [0.842]
  Prec: [0.8268]
  Rec:  [0.8515]
  F1:   [0.8388]
  AUROC:[0.9115]
  AUPRC:[0.9127]
Best BM F1: 0.8388 at epoch 50

TI-RADS metrics per eval:
  Acc:  [0.0]
  Prec: [0.0]
  Rec:  [0.0]
  F1:   [0.0]
  AUC:  [0.0]
Best TI-RADS F1: 0.0000 at epoch 50

Dataset: DDTI_Classification
Eval epochs: [50]
Dice per eval: [0.366100013256073]
HD95 per eval: [16.39419937133789]
Best Dice: 0.3661 at epoch 50
Best HD95: 16.3942 at epoch 50

BM metrics per eval:
  Acc:  [0.8632]
  Prec: [0.3903]
  Rec:  [0.3306]
  F1:   [0.3375]
  AUROC:[0.8325]
  AUPRC:[0.5366]
Best BM F1: 0.3375 at epoch 50

TI-RADS metrics per eval:
  Acc:  [0.3456]
  Prec: [0.3607]
  Rec:  [0.2862]
  F1:   [0.2434]
  AUC:  [0.0]
Best TI-RADS F1: 0.2434 at epoch 50

Dataset: ThyroidXL
Eval epochs: [50]
Dice per eval: [0.8794000148773193]
HD95 per eval: [5.047999858856201]
Best Dice: 0.8794 at epoch 50
Best HD95: 5.0480 at epoch 50

BM metrics per eval:
  Acc:  [0.889]
  Prec: [0.8007]
  Rec:  [0.7821]
  F1:   [0.7911]
  AUROC:[0.9478]
  AUPRC:[0.8672]
Best BM F1: 0.7911 at epoch 50

TI-RADS metrics per eval:
  Acc:  [0.0]
  Prec: [0.0]
  Rec:  [0.0]
  F1:   [0.0]
  AUC:  [0.0]
Best TI-RADS F1: 0.0000 at epoch 50

Dataset: TN5K
Eval epochs: [50]
Dice per eval: [0.8216999769210815]
HD95 per eval: [8.125699996948242]
Best Dice: 0.8217 at epoch 50
Best HD95: 8.1257 at epoch 50

BM metrics per eval:
  Acc:  [0.8876]
  Prec: [0.9061]
  Rec:  [0.9376]
  F1:   [0.9215]
  AUROC:[0.9475]
  AUPRC:[0.9763]
Best BM F1: 0.9215 at epoch 50

TI-RADS metrics per eval:
  Acc:  [0.0]
  Prec: [0.0]
  Rec:  [0.0]
  F1:   [0.0]
  AUC:  [0.0]
Best TI-RADS F1: 0.0000 at epoch 50

Dataset: Cine-Clip
Eval epochs: [50]
Dice per eval: [0.6753000020980835]
HD95 per eval: [23.64590072631836]
Best Dice: 0.6753 at epoch 50
Best HD95: 23.6459 at epoch 50

BM metrics per eval:
  Acc:  [0.8501]
  Prec: [0.3881]
  Rec:  [0.4419]
  F1:   [0.413]
  AUROC:[0.7484]
  AUPRC:[0.4095]
Best BM F1: 0.4130 at epoch 50

TI-RADS metrics per eval:
  Acc:  [0.2939]
  Prec: [0.2787]
  Rec:  [0.2536]
  F1:   [0.1793]
  AUC:  [0.5358]
Best TI-RADS F1: 0.1793 at epoch 50

==========================================================

========== Training Completed ==========
Training completed at Sat Feb 21 12:55:59 2026
