======================================================================
分类推理指标报告
======================================================================
生成时间:     2026-07-04 23:11:40
任务字段:     tirads
分类数:       5
平均方式:     macro-average（宏平均）
样本总数:     3482
有效标签数:   3482
  类别 0: 11 个样本
  类别 1: 182 个样本
  类别 2: 941 个样本
  类别 3: 1488 个样本
  类别 4: 860 个样本
Bootstrap:    n_boot=2000, ci=0.95, seed=0

指标结果 (mean + CI95):
  ACCURACY   mean=0.9994  CI95=(0.9986, 1.0000)
  PRECISION  mean=0.9997  CI95=(0.9991, 1.0000)
  RECALL     mean=0.9996  CI95=(0.9990, 1.0000)
  F1         mean=0.9996  CI95=(0.9991, 1.0000)
  AUROC      mean=1.0000  CI95=(1.0000, 1.0000)
  AUPRC      mean=1.0000  CI95=(1.0000, 1.0000)

======================================================================