Training started at Sun Feb  1 11:39:16 2026
Method: dino_unet
Dataset: gamtl_train_multitask_dataset_1
Epochs: 50
LR: 0.0001
Batch Size: 12
Image Size: 224 x 224
DINO pretrained: True
Use Dilation: True
Training set - Benign/Malignant: Benign=1965 (48.83%), Malignant=2059 (51.17%)
Auto-adjusted tau=0.30 (imbalance_ratio=1.05)
GLA parameters: p_benign=0.4883, p_malignant=0.5117, tau=0.30
Logit adjustment magnitude: 0.0140
Training set - TI-RADS distribution (1-5): [0, 0, 0, 0, 0]
TI-RADS probabilities: [0.20000000298023224, 0.20000000298023224, 0.20000000298023224, 0.20000000298023224, 0.20000000298023224]
Loss weights: seg=1.0, bm=1.0, tirads=1.0
GA-MTL schedule per optimizer step: ['seg', 'bm']
steps_per_epoch (optimizer steps): 167
Epoch:1: seg_loss(avg):1.2724, bm_loss(avg):0.7032, tirads_loss(avg):0.0000
Epoch:2: seg_loss(avg):1.0934, bm_loss(avg):0.6765, tirads_loss(avg):0.0000
Epoch:3: seg_loss(avg):0.8820, bm_loss(avg):0.6257, tirads_loss(avg):0.0000
Epoch:4: seg_loss(avg):0.6766, bm_loss(avg):0.5114, tirads_loss(avg):0.0000
Epoch:5: seg_loss(avg):0.6057, bm_loss(avg):0.4621, tirads_loss(avg):0.0000
Saved checkpoint at epoch 5
Epoch:6: seg_loss(avg):0.5692, bm_loss(avg):0.4015, tirads_loss(avg):0.0000
Epoch:7: seg_loss(avg):0.5567, bm_loss(avg):0.3682, tirads_loss(avg):0.0000
Epoch:8: seg_loss(avg):0.5530, bm_loss(avg):0.3584, tirads_loss(avg):0.0000
Epoch:9: seg_loss(avg):0.5428, bm_loss(avg):0.3040, tirads_loss(avg):0.0000
Epoch:10: seg_loss(avg):0.5224, bm_loss(avg):0.3020, tirads_loss(avg):0.0000
Saved checkpoint at epoch 10
Epoch:11: seg_loss(avg):0.5014, bm_loss(avg):0.2773, tirads_loss(avg):0.0000
Epoch:12: seg_loss(avg):0.5050, bm_loss(avg):0.2681, tirads_loss(avg):0.0000
Epoch:13: seg_loss(avg):0.4914, bm_loss(avg):0.2453, tirads_loss(avg):0.0000
Epoch:14: seg_loss(avg):0.4791, bm_loss(avg):0.2250, tirads_loss(avg):0.0000
Epoch:15: seg_loss(avg):0.4739, bm_loss(avg):0.2056, tirads_loss(avg):0.0000
Saved checkpoint at epoch 15
Epoch:16: seg_loss(avg):0.4709, bm_loss(avg):0.1990, tirads_loss(avg):0.0000
Epoch:17: seg_loss(avg):0.4611, bm_loss(avg):0.1747, tirads_loss(avg):0.0000
Epoch:18: seg_loss(avg):0.4555, bm_loss(avg):0.1661, tirads_loss(avg):0.0000
Epoch:19: seg_loss(avg):0.4548, bm_loss(avg):0.1478, tirads_loss(avg):0.0000
Epoch:20: seg_loss(avg):0.4429, bm_loss(avg):0.1298, tirads_loss(avg):0.0000
Saved checkpoint at epoch 20
Epoch:21: seg_loss(avg):0.4432, bm_loss(avg):0.1394, tirads_loss(avg):0.0000
Epoch:22: seg_loss(avg):0.4344, bm_loss(avg):0.1188, tirads_loss(avg):0.0000
Epoch:23: seg_loss(avg):0.4265, bm_loss(avg):0.0895, tirads_loss(avg):0.0000
Epoch:24: seg_loss(avg):0.4149, bm_loss(avg):0.0845, tirads_loss(avg):0.0000
Epoch:25: seg_loss(avg):0.4138, bm_loss(avg):0.0893, tirads_loss(avg):0.0000
Saved checkpoint at epoch 25
Epoch:26: seg_loss(avg):0.4019, bm_loss(avg):0.0788, tirads_loss(avg):0.0000
Epoch:27: seg_loss(avg):0.4067, bm_loss(avg):0.0767, tirads_loss(avg):0.0000
Epoch:28: seg_loss(avg):0.3969, bm_loss(avg):0.0697, tirads_loss(avg):0.0000
Epoch:29: seg_loss(avg):0.3856, bm_loss(avg):0.0445, tirads_loss(avg):0.0000
Epoch:30: seg_loss(avg):0.3861, bm_loss(avg):0.0501, tirads_loss(avg):0.0000
Saved checkpoint at epoch 30
Epoch:31: seg_loss(avg):0.3660, bm_loss(avg):0.0342, tirads_loss(avg):0.0000
Epoch:32: seg_loss(avg):0.3665, bm_loss(avg):0.0391, tirads_loss(avg):0.0000
Epoch:33: seg_loss(avg):0.3681, bm_loss(avg):0.0313, tirads_loss(avg):0.0000
Epoch:34: seg_loss(avg):0.3657, bm_loss(avg):0.0406, tirads_loss(avg):0.0000
Epoch:35: seg_loss(avg):0.3574, bm_loss(avg):0.0312, tirads_loss(avg):0.0000
Saved checkpoint at epoch 35
Epoch:36: seg_loss(avg):0.3519, bm_loss(avg):0.0327, tirads_loss(avg):0.0000
Epoch:37: seg_loss(avg):0.3482, bm_loss(avg):0.0220, tirads_loss(avg):0.0000
Epoch:38: seg_loss(avg):0.3405, bm_loss(avg):0.0210, tirads_loss(avg):0.0000
Epoch:39: seg_loss(avg):0.3399, bm_loss(avg):0.0145, tirads_loss(avg):0.0000
Epoch:40: seg_loss(avg):0.3393, bm_loss(avg):0.0185, tirads_loss(avg):0.0000
Saved checkpoint at epoch 40
Epoch:41: seg_loss(avg):0.3294, bm_loss(avg):0.0171, tirads_loss(avg):0.0000
Epoch:42: seg_loss(avg):0.3295, bm_loss(avg):0.0143, tirads_loss(avg):0.0000
Epoch:43: seg_loss(avg):0.3269, bm_loss(avg):0.0198, tirads_loss(avg):0.0000
Epoch:44: seg_loss(avg):0.3233, bm_loss(avg):0.0172, tirads_loss(avg):0.0000
Epoch:45: seg_loss(avg):0.3174, bm_loss(avg):0.0144, tirads_loss(avg):0.0000
Saved checkpoint at epoch 45
Epoch:46: seg_loss(avg):0.3231, bm_loss(avg):0.0121, tirads_loss(avg):0.0000
Epoch:47: seg_loss(avg):0.3180, bm_loss(avg):0.0139, tirads_loss(avg):0.0000
Epoch:48: seg_loss(avg):0.3223, bm_loss(avg):0.0116, tirads_loss(avg):0.0000
Epoch:49: seg_loss(avg):0.3198, bm_loss(avg):0.0176, tirads_loss(avg):0.0000
Epoch:50: seg_loss(avg):0.3163, bm_loss(avg):0.0158, tirads_loss(avg):0.0000
Saved checkpoint at epoch 50

Validating epoch 50 on all test datasets...
Testing on TN3K...
  TN3K - Dice: 0.8109, HD95: 14.6988
  TN3K - BM: Acc=0.8532, Prec=0.8480, Rec=0.8486, F1=0.8481, AUROC=0.9123, AUPRC=0.9042
  TN3K - TI-RADS: Acc=0.0000, Prec=0.0000, Rec=0.0000, F1=0.0000, AUC=0.0000
Testing on DDTI...
  DDTI - Dice: 0.7812, HD95: 16.2959
  DDTI - BM: Acc=0.0000, Prec=0.0000, Rec=0.0000, F1=0.0000, AUROC=0.0000, AUPRC=0.0000
  DDTI - TI-RADS: Acc=0.0000, Prec=0.0000, Rec=0.0000, F1=0.0000, AUC=0.0000
Testing on ThyroidXL...
  ThyroidXL - Dice: 0.8261, HD95: 8.7994
  ThyroidXL - BM: Acc=0.7209, Prec=0.4900, Rec=0.9038, F1=0.6353, AUROC=0.8752, AUPRC=0.6971
  ThyroidXL - TI-RADS: Acc=0.0000, Prec=0.0000, Rec=0.0000, F1=0.0000, AUC=0.0000
Testing on PKTN...
  PKTN - Dice: 0.7790, HD95: 12.0570
  PKTN - BM: Acc=0.0000, Prec=0.0000, Rec=0.0000, F1=0.0000, AUROC=0.0000, AUPRC=0.0000
  PKTN - TI-RADS: Acc=0.0000, Prec=0.0000, Rec=0.0000, F1=0.0000, AUC=0.0000
Testing on TN5K...
  TN5K - Dice: 0.7405, HD95: 13.1335
  TN5K - BM: Acc=0.7297, Prec=0.8502, Rec=0.7483, F1=0.7958, AUROC=0.7898, AUPRC=0.8831
  TN5K - TI-RADS: Acc=0.0000, Prec=0.0000, Rec=0.0000, F1=0.0000, AUC=0.0000
Testing on Cine-Clip...
  Cine-Clip - Dice: 0.6767, HD95: 22.5752
  Cine-Clip - BM: Acc=0.8603, Prec=0.3871, Rec=0.2902, F1=0.3314, AUROC=0.6860, AUPRC=0.3183
  Cine-Clip - TI-RADS: Acc=0.1059, Prec=0.1024, Rec=0.1233, F1=0.0510, AUC=0.5202

========== Evaluation Summary (All Test Records) ==========

Dataset: TN3K
Eval epochs: [50]
Dice per eval: [0.8108999729156494]
HD95 per eval: [14.698800086975098]
Best Dice: 0.8109 at epoch 50
Best HD95: 14.6988 at epoch 50

BM metrics per eval:
  Acc:  [0.8532]
  Prec: [0.848]
  Rec:  [0.8486]
  F1:   [0.8481]
  AUROC:[0.9123]
  AUPRC:[0.9042]
Best BM F1: 0.8481 at epoch 50

TI-RADS metrics per eval:
  Acc:  [0.0]
  Prec: [0.0]
  Rec:  [0.0]
  F1:   [0.0]
  AUC:  [0.0]
Best TI-RADS F1: 0.0000 at epoch 50

Dataset: DDTI
Eval epochs: [50]
Dice per eval: [0.7811999917030334]
HD95 per eval: [16.295900344848633]
Best Dice: 0.7812 at epoch 50
Best HD95: 16.2959 at epoch 50

BM metrics per eval:
  Acc:  [0.0]
  Prec: [0.0]
  Rec:  [0.0]
  F1:   [0.0]
  AUROC:[0.0]
  AUPRC:[0.0]
Best BM F1: 0.0000 at epoch 50

TI-RADS metrics per eval:
  Acc:  [0.0]
  Prec: [0.0]
  Rec:  [0.0]
  F1:   [0.0]
  AUC:  [0.0]
Best TI-RADS F1: 0.0000 at epoch 50

Dataset: ThyroidXL
Eval epochs: [50]
Dice per eval: [0.8260999917984009]
HD95 per eval: [8.799400329589844]
Best Dice: 0.8261 at epoch 50
Best HD95: 8.7994 at epoch 50

BM metrics per eval:
  Acc:  [0.7209]
  Prec: [0.49]
  Rec:  [0.9038]
  F1:   [0.6353]
  AUROC:[0.8752]
  AUPRC:[0.6971]
Best BM F1: 0.6353 at epoch 50

TI-RADS metrics per eval:
  Acc:  [0.0]
  Prec: [0.0]
  Rec:  [0.0]
  F1:   [0.0]
  AUC:  [0.0]
Best TI-RADS F1: 0.0000 at epoch 50

Dataset: PKTN
Eval epochs: [50]
Dice per eval: [0.7789999842643738]
HD95 per eval: [12.057000160217285]
Best Dice: 0.7790 at epoch 50
Best HD95: 12.0570 at epoch 50

BM metrics per eval:
  Acc:  [0.0]
  Prec: [0.0]
  Rec:  [0.0]
  F1:   [0.0]
  AUROC:[0.0]
  AUPRC:[0.0]
Best BM F1: 0.0000 at epoch 50

TI-RADS metrics per eval:
  Acc:  [0.0]
  Prec: [0.0]
  Rec:  [0.0]
  F1:   [0.0]
  AUC:  [0.0]
Best TI-RADS F1: 0.0000 at epoch 50

Dataset: TN5K
Eval epochs: [50]
Dice per eval: [0.7404999732971191]
HD95 per eval: [13.133500099182129]
Best Dice: 0.7405 at epoch 50
Best HD95: 13.1335 at epoch 50

BM metrics per eval:
  Acc:  [0.7297]
  Prec: [0.8502]
  Rec:  [0.7483]
  F1:   [0.7958]
  AUROC:[0.7898]
  AUPRC:[0.8831]
Best BM F1: 0.7958 at epoch 50

TI-RADS metrics per eval:
  Acc:  [0.0]
  Prec: [0.0]
  Rec:  [0.0]
  F1:   [0.0]
  AUC:  [0.0]
Best TI-RADS F1: 0.0000 at epoch 50

Dataset: Cine-Clip
Eval epochs: [50]
Dice per eval: [0.6766999959945679]
HD95 per eval: [22.575199127197266]
Best Dice: 0.6767 at epoch 50
Best HD95: 22.5752 at epoch 50

BM metrics per eval:
  Acc:  [0.8603]
  Prec: [0.3871]
  Rec:  [0.2902]
  F1:   [0.3314]
  AUROC:[0.686]
  AUPRC:[0.3183]
Best BM F1: 0.3314 at epoch 50

TI-RADS metrics per eval:
  Acc:  [0.1059]
  Prec: [0.1024]
  Rec:  [0.1233]
  F1:   [0.051]
  AUC:  [0.5202]
Best TI-RADS F1: 0.0510 at epoch 50

==========================================================

========== Training Completed ==========
Training completed at Sun Feb  1 12:20:43 2026
