Training started at Sat Jan 10 23:43:01 2026
Method: dino_unet
Dataset: diff_size_train_multitask_dataset4
Epochs: 50
LR: 0.0001
Batch Size: 12
Image Size: 128 x 128
DINO pretrained: True
Use Dilation: False
Training set - Benign/Malignant: Benign=25859 (73.49%), Malignant=9327 (26.51%)
Auto-adjusted tau=1.00 (imbalance_ratio=2.77)
GLA parameters: p_benign=0.7349, p_malignant=0.2651, tau=1.00
Logit adjustment magnitude: 1.0197
Training set - TI-RADS distribution (1-5): [52, 892, 4931, 7230, 4307]
TI-RADS probabilities: [0.0029864460229873657, 0.05122903734445572, 0.28319549560546875, 0.4152308702468872, 0.24735814332962036]
Loss weights: seg=1.0, bm=1.0, tirads=1.0
GA-MTL schedule per optimizer step: ['seg', 'bm', 'tirads']
steps_per_epoch (optimizer steps): 977
Epoch:1: seg_loss(avg):0.6807, bm_loss(avg):0.5964, tirads_loss(avg):1.0023
Epoch:2: seg_loss(avg):0.5612, bm_loss(avg):0.4058, tirads_loss(avg):0.4403
Epoch:3: seg_loss(avg):0.5278, bm_loss(avg):0.3546, tirads_loss(avg):0.2261
Epoch:4: seg_loss(avg):0.4945, bm_loss(avg):0.3060, tirads_loss(avg):0.1243
Epoch:5: seg_loss(avg):0.4854, bm_loss(avg):0.2930, tirads_loss(avg):0.1088
Saved checkpoint at epoch 5

Validating epoch 5 on all test datasets...
Testing on TN3K...
  TN3K - Dice: 0.7405, HD95: 10.9062
  TN3K - BM: Acc=0.6966, Prec=0.5759, Rec=0.8002, F1=0.6694, AUROC=0.8059, AUPRC=0.7228
  TN3K - TI-RADS: Acc=0.0000, Prec=0.0000, Rec=0.0000, F1=0.0000, AUC=0.0000
Testing on DDTI...
  DDTI - Dice: 0.7340, HD95: 11.8204
  DDTI - BM: Acc=0.0000, Prec=0.0000, Rec=0.0000, F1=0.0000, AUROC=0.0000, AUPRC=0.0000
  DDTI - TI-RADS: Acc=0.0000, Prec=0.0000, Rec=0.0000, F1=0.0000, AUC=0.0000
Testing on ThyroidXL...
  ThyroidXL - Dice: 0.7950, HD95: 5.9475
  ThyroidXL - BM: Acc=0.7894, Prec=0.8373, Rec=0.6782, F1=0.7493, AUROC=0.8884, AUPRC=0.8565
  ThyroidXL - TI-RADS: Acc=0.0000, Prec=0.0000, Rec=0.0000, F1=0.0000, AUC=0.0000
Testing on PKTN...
  PKTN - Dice: 0.6786, HD95: 11.3932
  PKTN - BM: Acc=0.0000, Prec=0.0000, Rec=0.0000, F1=0.0000, AUROC=0.0000, AUPRC=0.0000
  PKTN - TI-RADS: Acc=0.0000, Prec=0.0000, Rec=0.0000, F1=0.0000, AUC=0.0000
Testing on TN5K...
  TN5K - Dice: 0.6448, HD95: 10.5006
  TN5K - BM: Acc=0.8319, Prec=0.8488, Rec=0.9369, F1=0.8906, AUROC=0.8718, AUPRC=0.9406
  TN5K - TI-RADS: Acc=0.0000, Prec=0.0000, Rec=0.0000, F1=0.0000, AUC=0.0000
Epoch:6: seg_loss(avg):0.4731, bm_loss(avg):0.2764, tirads_loss(avg):0.0952
Epoch:7: seg_loss(avg):0.4465, bm_loss(avg):0.2628, tirads_loss(avg):0.0538
Epoch:8: seg_loss(avg):0.4388, bm_loss(avg):0.2555, tirads_loss(avg):0.0494
Epoch:9: seg_loss(avg):0.4208, bm_loss(avg):0.2396, tirads_loss(avg):0.0338
Epoch:10: seg_loss(avg):0.4273, bm_loss(avg):0.2523, tirads_loss(avg):0.0503
Saved checkpoint at epoch 10

Validating epoch 10 on all test datasets...
Testing on TN3K...
  TN3K - Dice: 0.7618, HD95: 10.0036
  TN3K - BM: Acc=0.7312, Prec=0.6165, Rec=0.7959, F1=0.6944, AUROC=0.8136, AUPRC=0.7479
  TN3K - TI-RADS: Acc=0.0000, Prec=0.0000, Rec=0.0000, F1=0.0000, AUC=0.0000
Testing on DDTI...
  DDTI - Dice: 0.7326, HD95: 11.6824
  DDTI - BM: Acc=0.0000, Prec=0.0000, Rec=0.0000, F1=0.0000, AUROC=0.0000, AUPRC=0.0000
  DDTI - TI-RADS: Acc=0.0000, Prec=0.0000, Rec=0.0000, F1=0.0000, AUC=0.0000
Testing on ThyroidXL...
  ThyroidXL - Dice: 0.8088, HD95: 5.3623
  ThyroidXL - BM: Acc=0.7907, Prec=0.8858, Rec=0.6306, F1=0.7366, AUROC=0.9049, AUPRC=0.8776
  ThyroidXL - TI-RADS: Acc=0.0000, Prec=0.0000, Rec=0.0000, F1=0.0000, AUC=0.0000
Testing on PKTN...
  PKTN - Dice: 0.7110, HD95: 9.8996
  PKTN - BM: Acc=0.0000, Prec=0.0000, Rec=0.0000, F1=0.0000, AUROC=0.0000, AUPRC=0.0000
  PKTN - TI-RADS: Acc=0.0000, Prec=0.0000, Rec=0.0000, F1=0.0000, AUC=0.0000
Testing on TN5K...
  TN5K - Dice: 0.6885, HD95: 8.5874
  TN5K - BM: Acc=0.8455, Prec=0.8782, Rec=0.9156, F1=0.8965, AUROC=0.8923, AUPRC=0.9525
  TN5K - TI-RADS: Acc=0.0000, Prec=0.0000, Rec=0.0000, F1=0.0000, AUC=0.0000
Epoch:11: seg_loss(avg):0.4022, bm_loss(avg):0.2305, tirads_loss(avg):0.0251
Epoch:12: seg_loss(avg):0.3872, bm_loss(avg):0.2104, tirads_loss(avg):0.0058
Epoch:13: seg_loss(avg):0.3942, bm_loss(avg):0.2258, tirads_loss(avg):0.0445
Epoch:14: seg_loss(avg):0.3759, bm_loss(avg):0.2017, tirads_loss(avg):0.0159
Epoch:15: seg_loss(avg):0.3614, bm_loss(avg):0.1999, tirads_loss(avg):0.0070
Saved checkpoint at epoch 15

Validating epoch 15 on all test datasets...
Testing on TN3K...
  TN3K - Dice: 0.7698, HD95: 9.6278
  TN3K - BM: Acc=0.7343, Prec=0.6271, Rec=0.7623, F1=0.6877, AUROC=0.8069, AUPRC=0.7438
  TN3K - TI-RADS: Acc=0.0000, Prec=0.0000, Rec=0.0000, F1=0.0000, AUC=0.0000
Testing on DDTI...
  DDTI - Dice: 0.7550, HD95: 11.1767
  DDTI - BM: Acc=0.0000, Prec=0.0000, Rec=0.0000, F1=0.0000, AUROC=0.0000, AUPRC=0.0000
  DDTI - TI-RADS: Acc=0.0000, Prec=0.0000, Rec=0.0000, F1=0.0000, AUC=0.0000
Testing on ThyroidXL...
  ThyroidXL - Dice: 0.8169, HD95: 5.2484
  ThyroidXL - BM: Acc=0.8239, Prec=0.8252, Rec=0.7876, F1=0.8059, AUROC=0.9042, AUPRC=0.8752
  ThyroidXL - TI-RADS: Acc=0.0000, Prec=0.0000, Rec=0.0000, F1=0.0000, AUC=0.0000
Testing on PKTN...
  PKTN - Dice: 0.7026, HD95: 11.1722
  PKTN - BM: Acc=0.0000, Prec=0.0000, Rec=0.0000, F1=0.0000, AUROC=0.0000, AUPRC=0.0000
  PKTN - TI-RADS: Acc=0.0000, Prec=0.0000, Rec=0.0000, F1=0.0000, AUC=0.0000
Testing on TN5K...
  TN5K - Dice: 0.6972, HD95: 8.4003
  TN5K - BM: Acc=0.8581, Prec=0.8725, Rec=0.9439, F1=0.9067, AUROC=0.9026, AUPRC=0.9581
  TN5K - TI-RADS: Acc=0.0000, Prec=0.0000, Rec=0.0000, F1=0.0000, AUC=0.0000
Epoch:16: seg_loss(avg):0.3777, bm_loss(avg):0.1935, tirads_loss(avg):0.0349
Epoch:17: seg_loss(avg):0.3506, bm_loss(avg):0.1743, tirads_loss(avg):0.0063
Epoch:18: seg_loss(avg):0.3447, bm_loss(avg):0.1753, tirads_loss(avg):0.0103
Epoch:19: seg_loss(avg):0.3526, bm_loss(avg):0.1686, tirads_loss(avg):0.0193
Epoch:20: seg_loss(avg):0.3358, bm_loss(avg):0.1477, tirads_loss(avg):0.0034
Saved checkpoint at epoch 20

Validating epoch 20 on all test datasets...
Testing on TN3K...
  TN3K - Dice: 0.7745, HD95: 9.7708
  TN3K - BM: Acc=0.6419, Prec=0.5215, Rec=0.8343, F1=0.6414, AUROC=0.7971, AUPRC=0.7168
  TN3K - TI-RADS: Acc=0.0000, Prec=0.0000, Rec=0.0000, F1=0.0000, AUC=0.0000
Testing on DDTI...
  DDTI - Dice: 0.7436, HD95: 11.7192
  DDTI - BM: Acc=0.0000, Prec=0.0000, Rec=0.0000, F1=0.0000, AUROC=0.0000, AUPRC=0.0000
  DDTI - TI-RADS: Acc=0.0000, Prec=0.0000, Rec=0.0000, F1=0.0000, AUC=0.0000
Testing on ThyroidXL...
  ThyroidXL - Dice: 0.8262, HD95: 4.7277
  ThyroidXL - BM: Acc=0.8410, Prec=0.8514, Rec=0.7966, F1=0.8230, AUROC=0.9093, AUPRC=0.8831
  ThyroidXL - TI-RADS: Acc=0.0000, Prec=0.0000, Rec=0.0000, F1=0.0000, AUC=0.0000
Testing on PKTN...
  PKTN - Dice: 0.7118, HD95: 10.8041
  PKTN - BM: Acc=0.0000, Prec=0.0000, Rec=0.0000, F1=0.0000, AUROC=0.0000, AUPRC=0.0000
  PKTN - TI-RADS: Acc=0.0000, Prec=0.0000, Rec=0.0000, F1=0.0000, AUC=0.0000
Testing on TN5K...
  TN5K - Dice: 0.7036, HD95: 8.3147
  TN5K - BM: Acc=0.8412, Prec=0.8523, Rec=0.9468, F1=0.8970, AUROC=0.9008, AUPRC=0.9588
  TN5K - TI-RADS: Acc=0.0000, Prec=0.0000, Rec=0.0000, F1=0.0000, AUC=0.0000
Epoch:21: seg_loss(avg):0.3251, bm_loss(avg):0.1463, tirads_loss(avg):0.0019
Epoch:22: seg_loss(avg):0.3189, bm_loss(avg):0.1421, tirads_loss(avg):0.0033
Epoch:23: seg_loss(avg):0.3221, bm_loss(avg):0.1290, tirads_loss(avg):0.0141
Epoch:24: seg_loss(avg):0.3158, bm_loss(avg):0.1152, tirads_loss(avg):0.0104
Epoch:25: seg_loss(avg):0.3081, bm_loss(avg):0.1134, tirads_loss(avg):0.0072
Saved checkpoint at epoch 25

Validating epoch 25 on all test datasets...
Testing on TN3K...
  TN3K - Dice: 0.7770, HD95: 8.9213
  TN3K - BM: Acc=0.6941, Prec=0.5728, Rec=0.8049, F1=0.6689, AUROC=0.8010, AUPRC=0.7416
  TN3K - TI-RADS: Acc=0.0000, Prec=0.0000, Rec=0.0000, F1=0.0000, AUC=0.0000
Testing on DDTI...
  DDTI - Dice: 0.7317, HD95: 11.9802
  DDTI - BM: Acc=0.0000, Prec=0.0000, Rec=0.0000, F1=0.0000, AUROC=0.0000, AUPRC=0.0000
  DDTI - TI-RADS: Acc=0.0000, Prec=0.0000, Rec=0.0000, F1=0.0000, AUC=0.0000
Testing on ThyroidXL...
  ThyroidXL - Dice: 0.8274, HD95: 4.8833
  ThyroidXL - BM: Acc=0.8294, Prec=0.8126, Rec=0.8224, F1=0.8174, AUROC=0.9011, AUPRC=0.8809
  ThyroidXL - TI-RADS: Acc=0.0000, Prec=0.0000, Rec=0.0000, F1=0.0000, AUC=0.0000
Testing on PKTN...
  PKTN - Dice: 0.7273, HD95: 9.8283
  PKTN - BM: Acc=0.0000, Prec=0.0000, Rec=0.0000, F1=0.0000, AUROC=0.0000, AUPRC=0.0000
  PKTN - TI-RADS: Acc=0.0000, Prec=0.0000, Rec=0.0000, F1=0.0000, AUC=0.0000
Testing on TN5K...
  TN5K - Dice: 0.7157, HD95: 8.0080
  TN5K - BM: Acc=0.8650, Prec=0.8952, Rec=0.9235, F1=0.9091, AUROC=0.9205, AUPRC=0.9672
  TN5K - TI-RADS: Acc=0.0000, Prec=0.0000, Rec=0.0000, F1=0.0000, AUC=0.0000
Epoch:26: seg_loss(avg):0.3023, bm_loss(avg):0.1085, tirads_loss(avg):0.0058
Epoch:27: seg_loss(avg):0.2944, bm_loss(avg):0.1021, tirads_loss(avg):0.0004
Epoch:28: seg_loss(avg):0.2910, bm_loss(avg):0.0930, tirads_loss(avg):0.0035
Epoch:29: seg_loss(avg):0.2835, bm_loss(avg):0.0929, tirads_loss(avg):0.0028
Epoch:30: seg_loss(avg):0.2806, bm_loss(avg):0.0803, tirads_loss(avg):0.0011
Saved checkpoint at epoch 30

Validating epoch 30 on all test datasets...
Testing on TN3K...
  TN3K - Dice: 0.7884, HD95: 8.7204
  TN3K - BM: Acc=0.7300, Prec=0.6230, Rec=0.7542, F1=0.6820, AUROC=0.7844, AUPRC=0.7344
  TN3K - TI-RADS: Acc=0.0000, Prec=0.0000, Rec=0.0000, F1=0.0000, AUC=0.0000
Testing on DDTI...
  DDTI - Dice: 0.7420, HD95: 11.1479
  DDTI - BM: Acc=0.0000, Prec=0.0000, Rec=0.0000, F1=0.0000, AUROC=0.0000, AUPRC=0.0000
  DDTI - TI-RADS: Acc=0.0000, Prec=0.0000, Rec=0.0000, F1=0.0000, AUC=0.0000
Testing on ThyroidXL...
  ThyroidXL - Dice: 0.8391, HD95: 4.2756
  ThyroidXL - BM: Acc=0.8117, Prec=0.8575, Rec=0.7131, F1=0.7785, AUROC=0.9105, AUPRC=0.8856
  ThyroidXL - TI-RADS: Acc=0.0000, Prec=0.0000, Rec=0.0000, F1=0.0000, AUC=0.0000
Testing on PKTN...
  PKTN - Dice: 0.7425, HD95: 9.1478
  PKTN - BM: Acc=0.0000, Prec=0.0000, Rec=0.0000, F1=0.0000, AUROC=0.0000, AUPRC=0.0000
  PKTN - TI-RADS: Acc=0.0000, Prec=0.0000, Rec=0.0000, F1=0.0000, AUC=0.0000
Testing on TN5K...
  TN5K - Dice: 0.7296, HD95: 7.1989
  TN5K - BM: Acc=0.8529, Prec=0.8924, Rec=0.9084, F1=0.9002, AUROC=0.9197, AUPRC=0.9682
  TN5K - TI-RADS: Acc=0.0000, Prec=0.0000, Rec=0.0000, F1=0.0000, AUC=0.0000
Epoch:31: seg_loss(avg):0.2731, bm_loss(avg):0.0658, tirads_loss(avg):0.0006
Epoch:32: seg_loss(avg):0.2679, bm_loss(avg):0.0762, tirads_loss(avg):0.0014
Epoch:33: seg_loss(avg):0.2650, bm_loss(avg):0.0581, tirads_loss(avg):0.0016
Epoch:34: seg_loss(avg):0.2629, bm_loss(avg):0.0618, tirads_loss(avg):0.0016
Epoch:35: seg_loss(avg):0.2596, bm_loss(avg):0.0532, tirads_loss(avg):0.0006
Saved checkpoint at epoch 35

Validating epoch 35 on all test datasets...
Testing on TN3K...
  TN3K - Dice: 0.7867, HD95: 8.8954
  TN3K - BM: Acc=0.7058, Prec=0.5838, Rec=0.8179, F1=0.6809, AUROC=0.8060, AUPRC=0.7455
  TN3K - TI-RADS: Acc=0.0000, Prec=0.0000, Rec=0.0000, F1=0.0000, AUC=0.0000
Testing on DDTI...
  DDTI - Dice: 0.7570, HD95: 10.7585
  DDTI - BM: Acc=0.0000, Prec=0.0000, Rec=0.0000, F1=0.0000, AUROC=0.0000, AUPRC=0.0000
  DDTI - TI-RADS: Acc=0.0000, Prec=0.0000, Rec=0.0000, F1=0.0000, AUC=0.0000
Testing on ThyroidXL...
  ThyroidXL - Dice: 0.8389, HD95: 4.2573
  ThyroidXL - BM: Acc=0.8443, Prec=0.8413, Rec=0.8193, F1=0.8301, AUROC=0.9153, AUPRC=0.8923
  ThyroidXL - TI-RADS: Acc=0.0000, Prec=0.0000, Rec=0.0000, F1=0.0000, AUC=0.0000
Testing on PKTN...
  PKTN - Dice: 0.7365, HD95: 9.8630
  PKTN - BM: Acc=0.0000, Prec=0.0000, Rec=0.0000, F1=0.0000, AUROC=0.0000, AUPRC=0.0000
  PKTN - TI-RADS: Acc=0.0000, Prec=0.0000, Rec=0.0000, F1=0.0000, AUC=0.0000
Testing on TN5K...
  TN5K - Dice: 0.7324, HD95: 7.3662
  TN5K - BM: Acc=0.8560, Prec=0.8749, Rec=0.9370, F1=0.9049, AUROC=0.9206, AUPRC=0.9682
  TN5K - TI-RADS: Acc=0.0000, Prec=0.0000, Rec=0.0000, F1=0.0000, AUC=0.0000
Epoch:36: seg_loss(avg):0.2538, bm_loss(avg):0.0458, tirads_loss(avg):0.0022
Epoch:37: seg_loss(avg):0.2514, bm_loss(avg):0.0358, tirads_loss(avg):0.0018
Epoch:38: seg_loss(avg):0.2480, bm_loss(avg):0.0379, tirads_loss(avg):0.0015
Epoch:39: seg_loss(avg):0.2451, bm_loss(avg):0.0364, tirads_loss(avg):0.0009
Epoch:40: seg_loss(avg):0.2431, bm_loss(avg):0.0347, tirads_loss(avg):0.0011
Saved checkpoint at epoch 40

Validating epoch 40 on all test datasets...
Testing on TN3K...
  TN3K - Dice: 0.7881, HD95: 8.5408
  TN3K - BM: Acc=0.7382, Prec=0.6314, Rec=0.7668, F1=0.6921, AUROC=0.8002, AUPRC=0.7554
  TN3K - TI-RADS: Acc=0.0000, Prec=0.0000, Rec=0.0000, F1=0.0000, AUC=0.0000
Testing on DDTI...
  DDTI - Dice: 0.7426, HD95: 10.9532
  DDTI - BM: Acc=0.0000, Prec=0.0000, Rec=0.0000, F1=0.0000, AUROC=0.0000, AUPRC=0.0000
  DDTI - TI-RADS: Acc=0.0000, Prec=0.0000, Rec=0.0000, F1=0.0000, AUC=0.0000
Testing on ThyroidXL...
  ThyroidXL - Dice: 0.8391, HD95: 4.2401
  ThyroidXL - BM: Acc=0.8376, Prec=0.8622, Rec=0.7740, F1=0.8156, AUROC=0.9185, AUPRC=0.8987
  ThyroidXL - TI-RADS: Acc=0.0000, Prec=0.0000, Rec=0.0000, F1=0.0000, AUC=0.0000
Testing on PKTN...
  PKTN - Dice: 0.7488, HD95: 8.7394
  PKTN - BM: Acc=0.0000, Prec=0.0000, Rec=0.0000, F1=0.0000, AUROC=0.0000, AUPRC=0.0000
  PKTN - TI-RADS: Acc=0.0000, Prec=0.0000, Rec=0.0000, F1=0.0000, AUC=0.0000
Testing on TN5K...
  TN5K - Dice: 0.7406, HD95: 6.9949
  TN5K - BM: Acc=0.8700, Prec=0.9044, Rec=0.9193, F1=0.9117, AUROC=0.9260, AUPRC=0.9687
  TN5K - TI-RADS: Acc=0.0000, Prec=0.0000, Rec=0.0000, F1=0.0000, AUC=0.0000
Epoch:41: seg_loss(avg):0.2364, bm_loss(avg):0.0321, tirads_loss(avg):0.0006
Epoch:42: seg_loss(avg):0.2373, bm_loss(avg):0.0288, tirads_loss(avg):0.0007
Epoch:43: seg_loss(avg):0.2350, bm_loss(avg):0.0303, tirads_loss(avg):0.0003
Epoch:44: seg_loss(avg):0.2326, bm_loss(avg):0.0250, tirads_loss(avg):0.0013
Epoch:45: seg_loss(avg):0.2307, bm_loss(avg):0.0237, tirads_loss(avg):0.0001
Saved checkpoint at epoch 45

Validating epoch 45 on all test datasets...
Testing on TN3K...
  TN3K - Dice: 0.7916, HD95: 8.4640
  TN3K - BM: Acc=0.7188, Prec=0.6048, Rec=0.7753, F1=0.6791, AUROC=0.7946, AUPRC=0.7419
  TN3K - TI-RADS: Acc=0.0000, Prec=0.0000, Rec=0.0000, F1=0.0000, AUC=0.0000
Testing on DDTI...
  DDTI - Dice: 0.7369, HD95: 11.1965
  DDTI - BM: Acc=0.0000, Prec=0.0000, Rec=0.0000, F1=0.0000, AUROC=0.0000, AUPRC=0.0000
  DDTI - TI-RADS: Acc=0.0000, Prec=0.0000, Rec=0.0000, F1=0.0000, AUC=0.0000
Testing on ThyroidXL...
  ThyroidXL - Dice: 0.8425, HD95: 4.2014
  ThyroidXL - BM: Acc=0.8296, Prec=0.8719, Rec=0.7421, F1=0.8017, AUROC=0.9184, AUPRC=0.8992
  ThyroidXL - TI-RADS: Acc=0.0000, Prec=0.0000, Rec=0.0000, F1=0.0000, AUC=0.0000
Testing on PKTN...
  PKTN - Dice: 0.7493, HD95: 8.4795
  PKTN - BM: Acc=0.0000, Prec=0.0000, Rec=0.0000, F1=0.0000, AUROC=0.0000, AUPRC=0.0000
  PKTN - TI-RADS: Acc=0.0000, Prec=0.0000, Rec=0.0000, F1=0.0000, AUC=0.0000
Testing on TN5K...
  TN5K - Dice: 0.7448, HD95: 6.7391
  TN5K - BM: Acc=0.8581, Prec=0.8942, Rec=0.9140, F1=0.9039, AUROC=0.9271, AUPRC=0.9691
  TN5K - TI-RADS: Acc=0.0000, Prec=0.0000, Rec=0.0000, F1=0.0000, AUC=0.0000
Epoch:46: seg_loss(avg):0.2309, bm_loss(avg):0.0191, tirads_loss(avg):0.0001
Epoch:47: seg_loss(avg):0.2336, bm_loss(avg):0.0216, tirads_loss(avg):0.0005
Epoch:48: seg_loss(avg):0.2286, bm_loss(avg):0.0163, tirads_loss(avg):0.0010
Epoch:49: seg_loss(avg):0.2285, bm_loss(avg):0.0196, tirads_loss(avg):0.0004
Epoch:50: seg_loss(avg):0.2318, bm_loss(avg):0.0160, tirads_loss(avg):0.0007
Saved checkpoint at epoch 50

Validating epoch 50 on all test datasets...
Testing on TN3K...
  TN3K - Dice: 0.7933, HD95: 8.3723
  TN3K - BM: Acc=0.7269, Prec=0.6157, Rec=0.7713, F1=0.6843, AUROC=0.7927, AUPRC=0.7419
  TN3K - TI-RADS: Acc=0.0000, Prec=0.0000, Rec=0.0000, F1=0.0000, AUC=0.0000
Testing on DDTI...
  DDTI - Dice: 0.7414, HD95: 11.0481
  DDTI - BM: Acc=0.0000, Prec=0.0000, Rec=0.0000, F1=0.0000, AUROC=0.0000, AUPRC=0.0000
  DDTI - TI-RADS: Acc=0.0000, Prec=0.0000, Rec=0.0000, F1=0.0000, AUC=0.0000
Testing on ThyroidXL...
  ThyroidXL - Dice: 0.8434, HD95: 4.1697
  ThyroidXL - BM: Acc=0.8267, Prec=0.8736, Rec=0.7329, F1=0.7970, AUROC=0.9192, AUPRC=0.8993
  ThyroidXL - TI-RADS: Acc=0.0000, Prec=0.0000, Rec=0.0000, F1=0.0000, AUC=0.0000
Testing on PKTN...
  PKTN - Dice: 0.7511, HD95: 8.4654
  PKTN - BM: Acc=0.0000, Prec=0.0000, Rec=0.0000, F1=0.0000, AUROC=0.0000, AUPRC=0.0000
  PKTN - TI-RADS: Acc=0.0000, Prec=0.0000, Rec=0.0000, F1=0.0000, AUC=0.0000
Testing on TN5K...
  TN5K - Dice: 0.7461, HD95: 6.6622
  TN5K - BM: Acc=0.8600, Prec=0.9010, Rec=0.9083, F1=0.9046, AUROC=0.9267, AUPRC=0.9690
  TN5K - TI-RADS: Acc=0.0000, Prec=0.0000, Rec=0.0000, F1=0.0000, AUC=0.0000

========== Evaluation Summary (All Test Records) ==========

Dataset: TN3K
Eval epochs: [5, 10, 15, 20, 25, 30, 35, 40, 45, 50]
Dice per eval: [0.7404999732971191, 0.7617999911308289, 0.7698000073432922, 0.7745000123977661, 0.7770000100135803, 0.7883999943733215, 0.7867000102996826, 0.788100004196167, 0.7915999889373779, 0.7932999730110168]
HD95 per eval: [10.906200408935547, 10.003600120544434, 9.627799987792969, 9.77079963684082, 8.921299934387207, 8.720399856567383, 8.895400047302246, 8.540800094604492, 8.46399974822998, 8.372300148010254]
Best Dice: 0.7933 at epoch 50
Best HD95: 8.3723 at epoch 50

BM metrics per eval:
  Acc:  [0.6966, 0.7312, 0.7343, 0.6419, 0.6941, 0.73, 0.7058, 0.7382, 0.7188, 0.7269]
  Prec: [0.5759, 0.6165, 0.6271, 0.5215, 0.5728, 0.623, 0.5838, 0.6314, 0.6048, 0.6157]
  Rec:  [0.8002, 0.7959, 0.7623, 0.8343, 0.8049, 0.7542, 0.8179, 0.7668, 0.7753, 0.7713]
  F1:   [0.6694, 0.6944, 0.6877, 0.6414, 0.6689, 0.682, 0.6809, 0.6921, 0.6791, 0.6843]
  AUROC:[0.8059, 0.8136, 0.8069, 0.7971, 0.801, 0.7844, 0.806, 0.8002, 0.7946, 0.7927]
  AUPRC:[0.7228, 0.7479, 0.7438, 0.7168, 0.7416, 0.7344, 0.7455, 0.7554, 0.7419, 0.7419]
Best BM F1: 0.6944 at epoch 10

TI-RADS metrics per eval:
  Acc:  [0.0, 0.0, 0.0, 0.0, 0.0, 0.0, 0.0, 0.0, 0.0, 0.0]
  Prec: [0.0, 0.0, 0.0, 0.0, 0.0, 0.0, 0.0, 0.0, 0.0, 0.0]
  Rec:  [0.0, 0.0, 0.0, 0.0, 0.0, 0.0, 0.0, 0.0, 0.0, 0.0]
  F1:   [0.0, 0.0, 0.0, 0.0, 0.0, 0.0, 0.0, 0.0, 0.0, 0.0]
  AUC:  [0.0, 0.0, 0.0, 0.0, 0.0, 0.0, 0.0, 0.0, 0.0, 0.0]
Best TI-RADS F1: 0.0000 at epoch 5

Dataset: DDTI
Eval epochs: [5, 10, 15, 20, 25, 30, 35, 40, 45, 50]
Dice per eval: [0.734000027179718, 0.7325999736785889, 0.7549999952316284, 0.7436000108718872, 0.7317000031471252, 0.7419999837875366, 0.7570000290870667, 0.7426000237464905, 0.7368999719619751, 0.7414000034332275]
HD95 per eval: [11.82040023803711, 11.68239974975586, 11.1766996383667, 11.719200134277344, 11.980199813842773, 11.147899627685547, 10.758500099182129, 10.953200340270996, 11.196499824523926, 11.048100471496582]
Best Dice: 0.7570 at epoch 35
Best HD95: 10.7585 at epoch 35

BM metrics per eval:
  Acc:  [0.0, 0.0, 0.0, 0.0, 0.0, 0.0, 0.0, 0.0, 0.0, 0.0]
  Prec: [0.0, 0.0, 0.0, 0.0, 0.0, 0.0, 0.0, 0.0, 0.0, 0.0]
  Rec:  [0.0, 0.0, 0.0, 0.0, 0.0, 0.0, 0.0, 0.0, 0.0, 0.0]
  F1:   [0.0, 0.0, 0.0, 0.0, 0.0, 0.0, 0.0, 0.0, 0.0, 0.0]
  AUROC:[0.0, 0.0, 0.0, 0.0, 0.0, 0.0, 0.0, 0.0, 0.0, 0.0]
  AUPRC:[0.0, 0.0, 0.0, 0.0, 0.0, 0.0, 0.0, 0.0, 0.0, 0.0]
Best BM F1: 0.0000 at epoch 5

TI-RADS metrics per eval:
  Acc:  [0.0, 0.0, 0.0, 0.0, 0.0, 0.0, 0.0, 0.0, 0.0, 0.0]
  Prec: [0.0, 0.0, 0.0, 0.0, 0.0, 0.0, 0.0, 0.0, 0.0, 0.0]
  Rec:  [0.0, 0.0, 0.0, 0.0, 0.0, 0.0, 0.0, 0.0, 0.0, 0.0]
  F1:   [0.0, 0.0, 0.0, 0.0, 0.0, 0.0, 0.0, 0.0, 0.0, 0.0]
  AUC:  [0.0, 0.0, 0.0, 0.0, 0.0, 0.0, 0.0, 0.0, 0.0, 0.0]
Best TI-RADS F1: 0.0000 at epoch 5

Dataset: ThyroidXL
Eval epochs: [5, 10, 15, 20, 25, 30, 35, 40, 45, 50]
Dice per eval: [0.7950000166893005, 0.8087999820709229, 0.8169000148773193, 0.826200008392334, 0.8274000287055969, 0.8391000032424927, 0.8389000296592712, 0.8391000032424927, 0.8424999713897705, 0.8434000015258789]
HD95 per eval: [5.947500228881836, 5.362299919128418, 5.2484002113342285, 4.727700233459473, 4.883299827575684, 4.275599956512451, 4.257299900054932, 4.240099906921387, 4.201399803161621, 4.1697001457214355]
Best Dice: 0.8434 at epoch 50
Best HD95: 4.1697 at epoch 50

BM metrics per eval:
  Acc:  [0.7894, 0.7907, 0.8239, 0.841, 0.8294, 0.8117, 0.8443, 0.8376, 0.8296, 0.8267]
  Prec: [0.8373, 0.8858, 0.8252, 0.8514, 0.8126, 0.8575, 0.8413, 0.8622, 0.8719, 0.8736]
  Rec:  [0.6782, 0.6306, 0.7876, 0.7966, 0.8224, 0.7131, 0.8193, 0.774, 0.7421, 0.7329]
  F1:   [0.7493, 0.7366, 0.8059, 0.823, 0.8174, 0.7785, 0.8301, 0.8156, 0.8017, 0.797]
  AUROC:[0.8884, 0.9049, 0.9042, 0.9093, 0.9011, 0.9105, 0.9153, 0.9185, 0.9184, 0.9192]
  AUPRC:[0.8565, 0.8776, 0.8752, 0.8831, 0.8809, 0.8856, 0.8923, 0.8987, 0.8992, 0.8993]
Best BM F1: 0.8301 at epoch 35

TI-RADS metrics per eval:
  Acc:  [0.0, 0.0, 0.0, 0.0, 0.0, 0.0, 0.0, 0.0, 0.0, 0.0]
  Prec: [0.0, 0.0, 0.0, 0.0, 0.0, 0.0, 0.0, 0.0, 0.0, 0.0]
  Rec:  [0.0, 0.0, 0.0, 0.0, 0.0, 0.0, 0.0, 0.0, 0.0, 0.0]
  F1:   [0.0, 0.0, 0.0, 0.0, 0.0, 0.0, 0.0, 0.0, 0.0, 0.0]
  AUC:  [0.0, 0.0, 0.0, 0.0, 0.0, 0.0, 0.0, 0.0, 0.0, 0.0]
Best TI-RADS F1: 0.0000 at epoch 5

Dataset: PKTN
Eval epochs: [5, 10, 15, 20, 25, 30, 35, 40, 45, 50]
Dice per eval: [0.678600013256073, 0.7110000252723694, 0.7026000022888184, 0.7117999792098999, 0.7272999882698059, 0.7425000071525574, 0.7365000247955322, 0.7487999796867371, 0.7493000030517578, 0.7511000037193298]
HD95 per eval: [11.393199920654297, 9.8996000289917, 11.172200202941895, 10.804100036621094, 9.828300476074219, 9.14780044555664, 9.86299991607666, 8.739399909973145, 8.479499816894531, 8.465399742126465]
Best Dice: 0.7511 at epoch 50
Best HD95: 8.4654 at epoch 50

BM metrics per eval:
  Acc:  [0.0, 0.0, 0.0, 0.0, 0.0, 0.0, 0.0, 0.0, 0.0, 0.0]
  Prec: [0.0, 0.0, 0.0, 0.0, 0.0, 0.0, 0.0, 0.0, 0.0, 0.0]
  Rec:  [0.0, 0.0, 0.0, 0.0, 0.0, 0.0, 0.0, 0.0, 0.0, 0.0]
  F1:   [0.0, 0.0, 0.0, 0.0, 0.0, 0.0, 0.0, 0.0, 0.0, 0.0]
  AUROC:[0.0, 0.0, 0.0, 0.0, 0.0, 0.0, 0.0, 0.0, 0.0, 0.0]
  AUPRC:[0.0, 0.0, 0.0, 0.0, 0.0, 0.0, 0.0, 0.0, 0.0, 0.0]
Best BM F1: 0.0000 at epoch 5

TI-RADS metrics per eval:
  Acc:  [0.0, 0.0, 0.0, 0.0, 0.0, 0.0, 0.0, 0.0, 0.0, 0.0]
  Prec: [0.0, 0.0, 0.0, 0.0, 0.0, 0.0, 0.0, 0.0, 0.0, 0.0]
  Rec:  [0.0, 0.0, 0.0, 0.0, 0.0, 0.0, 0.0, 0.0, 0.0, 0.0]
  F1:   [0.0, 0.0, 0.0, 0.0, 0.0, 0.0, 0.0, 0.0, 0.0, 0.0]
  AUC:  [0.0, 0.0, 0.0, 0.0, 0.0, 0.0, 0.0, 0.0, 0.0, 0.0]
Best TI-RADS F1: 0.0000 at epoch 5

Dataset: TN5K
Eval epochs: [5, 10, 15, 20, 25, 30, 35, 40, 45, 50]
Dice per eval: [0.6448000073432922, 0.6884999871253967, 0.6972000002861023, 0.7035999894142151, 0.7156999707221985, 0.7296000123023987, 0.7324000000953674, 0.7405999898910522, 0.7447999715805054, 0.7461000084877014]
HD95 per eval: [10.50059986114502, 8.587400436401367, 8.400300025939941, 8.31470012664795, 8.008000373840332, 7.19890022277832, 7.366199970245361, 6.994900226593018, 6.739099979400635, 6.662199974060059]
Best Dice: 0.7461 at epoch 50
Best HD95: 6.6622 at epoch 50

BM metrics per eval:
  Acc:  [0.8319, 0.8455, 0.8581, 0.8412, 0.865, 0.8529, 0.856, 0.87, 0.8581, 0.86]
  Prec: [0.8488, 0.8782, 0.8725, 0.8523, 0.8952, 0.8924, 0.8749, 0.9044, 0.8942, 0.901]
  Rec:  [0.9369, 0.9156, 0.9439, 0.9468, 0.9235, 0.9084, 0.937, 0.9193, 0.914, 0.9083]
  F1:   [0.8906, 0.8965, 0.9067, 0.897, 0.9091, 0.9002, 0.9049, 0.9117, 0.9039, 0.9046]
  AUROC:[0.8718, 0.8923, 0.9026, 0.9008, 0.9205, 0.9197, 0.9206, 0.926, 0.9271, 0.9267]
  AUPRC:[0.9406, 0.9525, 0.9581, 0.9588, 0.9672, 0.9682, 0.9682, 0.9687, 0.9691, 0.969]
Best BM F1: 0.9117 at epoch 40

TI-RADS metrics per eval:
  Acc:  [0.0, 0.0, 0.0, 0.0, 0.0, 0.0, 0.0, 0.0, 0.0, 0.0]
  Prec: [0.0, 0.0, 0.0, 0.0, 0.0, 0.0, 0.0, 0.0, 0.0, 0.0]
  Rec:  [0.0, 0.0, 0.0, 0.0, 0.0, 0.0, 0.0, 0.0, 0.0, 0.0]
  F1:   [0.0, 0.0, 0.0, 0.0, 0.0, 0.0, 0.0, 0.0, 0.0, 0.0]
  AUC:  [0.0, 0.0, 0.0, 0.0, 0.0, 0.0, 0.0, 0.0, 0.0, 0.0]
Best TI-RADS F1: 0.0000 at epoch 5

==========================================================

========== Training Completed ==========
Training completed at Sun Jan 11 03:10:18 2026
